Running 1m test @ http://10.107.61.219/?loopCount=25&base=6&exp=6
  5 threads and 5 connections

  Thread calibration: mean lat.: 125.439ms, rate sampling interval: 460ms
  Thread calibration: mean lat.: 377.626ms, rate sampling interval: 1125ms
  Thread calibration: mean lat.: 133.030ms, rate sampling interval: 570ms
  Thread calibration: mean lat.: 151.922ms, rate sampling interval: 540ms
  Thread calibration: mean lat.: 546.858ms, rate sampling interval: 1917ms

-----------------------------------------------------------------------
Test Results @ http://10.107.61.219/?loopCount=25&base=6&exp=6 
  Thread Stats   Avg      Stdev     99%   +/- Stdev
    Latency   615.83ms  417.45ms   1.59s    61.34%
    Req/Sec    14.35      3.04    23.00     80.11%
  Latency Distribution (HdrHistogram - Recorded Latency)
 50.000%  556.03ms
 75.000%  932.35ms
 90.000%    1.22s 
 99.000%    1.59s 
 99.900%    1.76s 
 99.990%    1.80s 
 99.999%    1.80s 
100.000%    1.80s 

  Detailed Percentile spectrum:
       Value   Percentile   TotalCount 1/(1-Percentile)

      29.215     0.000000            1         1.00
     121.919     0.100000          372         1.11
     203.263     0.200000          743         1.25
     292.351     0.300000         1115         1.43
     389.631     0.400000         1486         1.67
     556.031     0.500000         1857         2.00
     636.927     0.550000         2043         2.22
     722.431     0.600000         2229         2.50
     790.015     0.650000         2416         2.86
     858.111     0.700000         2600         3.33
     932.351     0.750000         2786         4.00
     983.039     0.775000         2881         4.44
    1025.023     0.800000         2973         5.00
    1073.151     0.825000         3065         5.71
    1114.111     0.850000         3157         6.67
    1162.239     0.875000         3251         8.00
    1186.815     0.887500         3297         8.89
    1217.535     0.900000         3343        10.00
    1243.135     0.912500         3390        11.43
    1267.711     0.925000         3436        13.33
    1304.575     0.937500         3484        16.00
    1324.031     0.943750         3506        17.78
    1353.727     0.950000         3529        20.00
    1372.159     0.956250         3552        22.86
    1394.687     0.962500         3575        26.67
    1425.407     0.968750         3600        32.00
    1452.031     0.971875         3612        35.56
    1475.583     0.975000         3622        40.00
    1492.991     0.978125         3633        45.71
    1514.495     0.981250         3645        53.33
    1542.143     0.984375         3656        64.00
    1559.551     0.985938         3663        71.11
    1567.743     0.987500         3668        80.00
    1584.127     0.989062         3674        91.43
    1592.319     0.990625         3680       106.67
    1607.679     0.992188         3685       128.00
    1620.991     0.992969         3688       142.22
    1658.879     0.993750         3692       160.00
    1659.903     0.994531         3694       182.86
    1685.503     0.995313         3698       213.33
    1695.743     0.996094         3700       256.00
    1701.887     0.996484         3701       284.44
    1704.959     0.996875         3703       320.00
    1708.031     0.997266         3704       365.71
    1719.295     0.997656         3706       426.67
    1727.487     0.998047         3707       512.00
    1729.535     0.998242         3708       568.89
    1744.895     0.998437         3709       640.00
    1744.895     0.998633         3709       731.43
    1755.135     0.998828         3710       853.33
    1763.327     0.999023         3711      1024.00
    1763.327     0.999121         3711      1137.78
    1771.519     0.999219         3712      1280.00
    1771.519     0.999316         3712      1462.86
    1771.519     0.999414         3712      1706.67
    1785.855     0.999512         3713      2048.00
    1785.855     0.999561         3713      2275.56
    1785.855     0.999609         3713      2560.00
    1785.855     0.999658         3713      2925.71
    1785.855     0.999707         3713      3413.33
    1797.119     0.999756         3714      4096.00
    1797.119     1.000000         3714          inf
#[Mean    =      615.830, StdDeviation   =      417.454]
#[Max     =     1796.096, Total count    =         3714]
#[Buckets =           27, SubBuckets     =         2048]
-----------------------------------------------------------------------
  4438 requests in 1.00m, 1.32MB read
Requests/sec:     73.96  
Transfer/sec:     22.55KB
