Running 1m test @ http://10.107.61.219/?loopCount=25&base=6&exp=6
  5 threads and 5 connections

  Thread calibration: mean lat.: 124.613ms, rate sampling interval: 592ms
  Thread calibration: mean lat.: 77.915ms, rate sampling interval: 260ms
  Thread calibration: mean lat.: 65.530ms, rate sampling interval: 241ms
  Thread calibration: mean lat.: 71.809ms, rate sampling interval: 249ms
  Thread calibration: mean lat.: 92.053ms, rate sampling interval: 367ms

-----------------------------------------------------------------------
Test Results @ http://10.107.61.219/?loopCount=25&base=6&exp=6 
  Thread Stats   Avg      Stdev     99%   +/- Stdev
    Latency    77.80ms   47.12ms 230.40ms   82.13%
    Req/Sec     9.62      2.44    16.00     92.06%
  Latency Distribution (HdrHistogram - Recorded Latency)
 50.000%   54.33ms
 75.000%  117.89ms
 90.000%  133.63ms
 99.000%  230.40ms
 99.900%  333.57ms
 99.990%  350.98ms
 99.999%  350.98ms
100.000%  350.98ms

  Detailed Percentile spectrum:
       Value   Percentile   TotalCount 1/(1-Percentile)

      22.287     0.000000            1         1.00
      40.639     0.100000          254         1.11
      41.279     0.200000          502         1.25
      42.207     0.300000          750         1.43
      49.151     0.400000         1002         1.67
      54.335     0.500000         1248         2.00
      62.815     0.550000         1373         2.22
      73.919     0.600000         1498         2.50
      81.343     0.650000         1623         2.86
      98.367     0.700000         1749         3.33
     117.887     0.750000         1877         4.00
     118.783     0.775000         1936         4.44
     120.639     0.800000         1997         5.00
     123.327     0.825000         2061         5.71
     126.015     0.850000         2122         6.67
     127.743     0.875000         2184         8.00
     129.663     0.887500         2216         8.89
     133.759     0.900000         2248        10.00
     135.295     0.912500         2281        11.43
     136.959     0.925000         2309        13.33
     141.823     0.937500         2340        16.00
     143.999     0.943750         2356        17.78
     148.095     0.950000         2372        20.00
     152.959     0.956250         2387        22.86
     164.223     0.962500         2403        26.67
     189.439     0.968750         2418        32.00
     216.063     0.971875         2426        35.56
     218.495     0.975000         2435        40.00
     220.031     0.978125         2442        45.71
     223.231     0.981250         2450        53.33
     224.767     0.984375         2458        64.00
     226.175     0.985938         2461        71.11
     227.071     0.987500         2465        80.00
     229.247     0.989062         2469        91.43
     232.703     0.990625         2473       106.67
     238.079     0.992188         2477       128.00
     241.919     0.992969         2479       142.22
     250.367     0.993750         2481       160.00
     276.991     0.994531         2483       182.86
     287.743     0.995313         2485       213.33
     303.103     0.996094         2487       256.00
     313.343     0.996484         2488       284.44
     316.159     0.996875         2489       320.00
     318.719     0.997266         2490       365.71
     319.743     0.997656         2491       426.67
     327.679     0.998047         2492       512.00
     327.679     0.998242         2492       568.89
     331.775     0.998437         2493       640.00
     331.775     0.998633         2493       731.43
     333.567     0.998828         2494       853.33
     333.567     0.999023         2494      1024.00
     333.567     0.999121         2494      1137.78
     346.111     0.999219         2495      1280.00
     346.111     0.999316         2495      1462.86
     346.111     0.999414         2495      1706.67
     346.111     0.999512         2495      2048.00
     346.111     0.999561         2495      2275.56
     350.975     0.999609         2496      2560.00
     350.975     1.000000         2496          inf
#[Mean    =       77.799, StdDeviation   =       47.119]
#[Max     =      350.720, Total count    =         2496]
#[Buckets =           27, SubBuckets     =         2048]
-----------------------------------------------------------------------
  2991 requests in 1.00m, 0.89MB read
Requests/sec:     49.84  
Transfer/sec:     15.20KB
