Running 1m test @ http://10.107.61.219/?loopCount=25&base=6&exp=6
  5 threads and 5 connections

  Thread calibration: mean lat.: 620.723ms, rate sampling interval: 2244ms
  Thread calibration: mean lat.: 199.239ms, rate sampling interval: 701ms
  Thread calibration: mean lat.: 234.712ms, rate sampling interval: 779ms
  Thread calibration: mean lat.: 921.195ms, rate sampling interval: 2906ms
  Thread calibration: mean lat.: 404.558ms, rate sampling interval: 1102ms

-----------------------------------------------------------------------
Test Results @ http://10.107.61.219/?loopCount=25&base=6&exp=6 
  Thread Stats   Avg      Stdev     99%   +/- Stdev
    Latency     2.30s     1.30s    5.18s    68.06%
    Req/Sec    13.53      2.71    21.00     88.58%
  Latency Distribution (HdrHistogram - Recorded Latency)
 50.000%    1.97s 
 75.000%    3.15s 
 90.000%    4.33s 
 99.000%    5.18s 
 99.900%    5.56s 
 99.990%    5.59s 
 99.999%    5.59s 
100.000%    5.59s 

  Detailed Percentile spectrum:
       Value   Percentile   TotalCount 1/(1-Percentile)

     145.151     0.000000            1         1.00
     862.207     0.100000          350         1.11
    1160.191     0.200000          700         1.25
    1421.311     0.300000         1051         1.43
    1618.943     0.400000         1399         1.67
    1969.151     0.500000         1749         2.00
    2213.887     0.550000         1925         2.22
    2508.799     0.600000         2100         2.50
    2828.287     0.650000         2274         2.86
    2977.791     0.700000         2450         3.33
    3145.727     0.750000         2626         4.00
    3246.079     0.775000         2712         4.44
    3368.959     0.800000         2798         5.00
    3618.815     0.825000         2886         5.71
    3811.327     0.850000         2973         6.67
    4026.367     0.875000         3060         8.00
    4194.303     0.887500         3104         8.89
    4325.375     0.900000         3148        10.00
    4411.391     0.912500         3192        11.43
    4562.943     0.925000         3235        13.33
    4784.127     0.937500         3280        16.00
    4907.007     0.943750         3302        17.78
    4956.159     0.950000         3324        20.00
    5001.215     0.956250         3347        22.86
    5033.983     0.962500         3368        26.67
    5062.655     0.968750         3390        32.00
    5083.135     0.971875         3401        35.56
    5103.615     0.975000         3412        40.00
    5111.807     0.978125         3421        45.71
    5128.191     0.981250         3432        53.33
    5144.575     0.984375         3445        64.00
    5152.767     0.985938         3449        71.11
    5165.055     0.987500         3454        80.00
    5177.343     0.989062         3459        91.43
    5185.535     0.990625         3465       106.67
    5214.207     0.992188         3470       128.00
    5230.591     0.992969         3473       142.22
    5353.471     0.993750         3478       160.00
    5353.471     0.994531         3478       182.86
    5378.047     0.995313         3482       213.33
    5427.199     0.996094         3484       256.00
    5443.583     0.996484         3485       284.44
    5455.871     0.996875         3488       320.00
    5455.871     0.997266         3488       365.71
    5472.255     0.997656         3489       426.67
    5525.503     0.998047         3491       512.00
    5525.503     0.998242         3491       568.89
    5529.599     0.998437         3492       640.00
    5550.079     0.998633         3493       731.43
    5550.079     0.998828         3493       853.33
    5562.367     0.999023         3495      1024.00
    5562.367     0.999121         3495      1137.78
    5562.367     0.999219         3495      1280.00
    5562.367     0.999316         3495      1462.86
    5562.367     0.999414         3495      1706.67
    5578.751     0.999512         3496      2048.00
    5578.751     0.999561         3496      2275.56
    5578.751     0.999609         3496      2560.00
    5578.751     0.999658         3496      2925.71
    5578.751     0.999707         3496      3413.33
    5586.943     0.999756         3497      4096.00
    5586.943     1.000000         3497          inf
#[Mean    =     2301.487, StdDeviation   =     1296.147]
#[Max     =     5582.848, Total count    =         3497]
#[Buckets =           27, SubBuckets     =         2048]
-----------------------------------------------------------------------
  4183 requests in 1.00m, 1.25MB read
Requests/sec:     69.71  
Transfer/sec:     21.26KB
