Running 1m test @ http://10.107.61.219/?loopCount=25&base=6&exp=6
  5 threads and 5 connections

  Thread calibration: mean lat.: 66.358ms, rate sampling interval: 237ms
  Thread calibration: mean lat.: 94.750ms, rate sampling interval: 304ms
  Thread calibration: mean lat.: 99.553ms, rate sampling interval: 419ms
  Thread calibration: mean lat.: 118.337ms, rate sampling interval: 456ms
  Thread calibration: mean lat.: 127.978ms, rate sampling interval: 461ms

-----------------------------------------------------------------------
Test Results @ http://10.107.61.219/?loopCount=25&base=6&exp=6 
  Thread Stats   Avg      Stdev     99%   +/- Stdev
    Latency    94.86ms   64.85ms 318.21ms   87.10%
    Req/Sec     9.37      2.25    16.00     82.25%
  Latency Distribution (HdrHistogram - Recorded Latency)
 50.000%   75.07ms
 75.000%  118.33ms
 90.000%  173.44ms
 99.000%  318.21ms
 99.900%  508.67ms
 99.990%  534.02ms
 99.999%  534.02ms
100.000%  534.02ms

  Detailed Percentile spectrum:
       Value   Percentile   TotalCount 1/(1-Percentile)

      22.111     0.000000            1         1.00
      40.831     0.100000          255         1.11
      41.791     0.200000          510         1.25
      43.327     0.300000          751         1.43
      65.247     0.400000         1003         1.67
      75.071     0.500000         1253         2.00
      89.599     0.550000         1377         2.22
     109.183     0.600000         1504         2.50
     111.807     0.650000         1627         2.86
     114.559     0.700000         1754         3.33
     118.335     0.750000         1879         4.00
     119.999     0.775000         1941         4.44
     123.711     0.800000         2004         5.00
     127.359     0.825000         2066         5.71
     132.607     0.850000         2128         6.67
     145.663     0.875000         2191         8.00
     159.871     0.887500         2222         8.89
     173.439     0.900000         2253        10.00
     202.879     0.912500         2284        11.43
     209.663     0.925000         2316        13.33
     214.911     0.937500         2347        16.00
     216.703     0.943750         2363        17.78
     220.031     0.950000         2380        20.00
     222.975     0.956250         2394        22.86
     225.919     0.962500         2410        26.67
     233.087     0.968750         2425        32.00
     236.799     0.971875         2433        35.56
     243.071     0.975000         2443        40.00
     257.791     0.978125         2449        45.71
     277.247     0.981250         2457        53.33
     309.503     0.984375         2464        64.00
     312.319     0.985938         2468        71.11
     314.623     0.987500         2472        80.00
     317.183     0.989062         2476        91.43
     325.631     0.990625         2480       106.67
     363.007     0.992188         2484       128.00
     372.223     0.992969         2486       142.22
     391.423     0.993750         2488       160.00
     412.159     0.994531         2490       182.86
     418.559     0.995313         2492       213.33
     446.719     0.996094         2494       256.00
     473.855     0.996484         2495       284.44
     474.111     0.996875         2496       320.00
     484.095     0.997266         2497       365.71
     490.495     0.997656         2498       426.67
     508.415     0.998047         2499       512.00
     508.415     0.998242         2499       568.89
     508.671     0.998437         2500       640.00
     508.671     0.998633         2500       731.43
     517.631     0.998828         2501       853.33
     517.631     0.999023         2501      1024.00
     517.631     0.999121         2501      1137.78
     521.215     0.999219         2502      1280.00
     521.215     0.999316         2502      1462.86
     521.215     0.999414         2502      1706.67
     521.215     0.999512         2502      2048.00
     521.215     0.999561         2502      2275.56
     534.015     0.999609         2503      2560.00
     534.015     1.000000         2503          inf
#[Mean    =       94.864, StdDeviation   =       64.846]
#[Max     =      533.504, Total count    =         2503]
#[Buckets =           27, SubBuckets     =         2048]
-----------------------------------------------------------------------
  2994 requests in 1.00m, 0.89MB read
Requests/sec:     49.90  
Transfer/sec:     15.22KB
