Running 1m test @ http://10.107.61.219/?loopCount=25&base=6&exp=6
  1 threads and 1 connections

  Thread calibration: mean lat.: 616.398ms, rate sampling interval: 2332ms

-----------------------------------------------------------------------
Test Results @ http://10.107.61.219/?loopCount=25&base=6&exp=6 
  Thread Stats   Avg      Stdev     99%   +/- Stdev
    Latency     4.43s     1.77s    7.43s    61.37%
    Req/Sec    21.43      1.00    23.00     95.24%
  Latency Distribution (HdrHistogram - Recorded Latency)
 50.000%    4.51s 
 75.000%    5.86s 
 90.000%    6.93s 
 99.000%    7.43s 
 99.900%    7.45s 
 99.990%    7.45s 
 99.999%    7.45s 
100.000%    7.45s 

  Detailed Percentile spectrum:
       Value   Percentile   TotalCount 1/(1-Percentile)

    1256.447     0.000000            2         1.00
    1780.735     0.100000          111         1.11
    2775.039     0.200000          220         1.25
    3284.991     0.300000          331         1.43
    3741.695     0.400000          439         1.67
    4509.695     0.500000          552         2.00
    4710.399     0.550000          603         2.22
    4984.831     0.600000          658         2.50
    5300.223     0.650000          713         2.86
    5476.351     0.700000          771         3.33
    5861.375     0.750000          822         4.00
    6021.119     0.775000          850         4.44
    6250.495     0.800000          879         5.00
    6422.527     0.825000          906         5.71
    6623.231     0.850000          931         6.67
    6762.495     0.875000          959         8.00
    6828.031     0.887500          972         8.89
    6934.527     0.900000          986        10.00
    7057.407     0.912500         1000        11.43
    7151.615     0.925000         1015        13.33
    7233.535     0.937500         1027        16.00
    7249.919     0.943750         1034        17.78
    7258.111     0.950000         1043        20.00
    7270.399     0.956250         1049        22.86
    7319.551     0.962500         1054        26.67
    7356.415     0.968750         1062        32.00
    7372.799     0.971875         1065        35.56
    7380.991     0.975000         1074        40.00
    7380.991     0.978125         1074        45.71
    7385.087     0.981250         1076        53.33
    7393.279     0.984375         1078        64.00
    7409.663     0.985938         1080        71.11
    7413.759     0.987500         1083        80.00
    7426.047     0.989062         1086        91.43
    7426.047     0.990625         1086       106.67
    7430.143     0.992188         1087       128.00
    7446.527     0.992969         1090       142.22
    7446.527     0.993750         1090       160.00
    7446.527     0.994531         1090       182.86
    7446.527     0.995313         1090       213.33
    7450.623     0.996094         1093       256.00
    7450.623     0.996484         1093       284.44
    7450.623     0.996875         1093       320.00
    7450.623     0.997266         1093       365.71
    7450.623     0.997656         1093       426.67
    7450.623     0.998047         1093       512.00
    7454.719     0.998242         1095       568.89
    7454.719     1.000000         1095          inf
#[Mean    =     4426.059, StdDeviation   =     1770.904]
#[Max     =     7450.624, Total count    =         1095]
#[Buckets =           27, SubBuckets     =         2048]
-----------------------------------------------------------------------
  1313 requests in 1.00m, 400.06KB read
Requests/sec:     21.88  
Transfer/sec:      6.67KB
