Running 1m test @ http://10.107.61.219/?loopCount=25&base=6&exp=6
  1 threads and 1 connections

  Thread calibration: mean lat.: 683.290ms, rate sampling interval: 2046ms

-----------------------------------------------------------------------
Test Results @ http://10.107.61.219/?loopCount=25&base=6&exp=6 
  Thread Stats   Avg      Stdev     99%   +/- Stdev
    Latency     3.62s     1.65s    6.51s    56.53%
    Req/Sec    21.62      1.18    23.00     95.83%
  Latency Distribution (HdrHistogram - Recorded Latency)
 50.000%    3.38s 
 75.000%    5.07s 
 90.000%    5.85s 
 99.000%    6.51s 
 99.900%    6.65s 
 99.990%    6.66s 
 99.999%    6.66s 
100.000%    6.66s 

  Detailed Percentile spectrum:
       Value   Percentile   TotalCount 1/(1-Percentile)

    1101.823     0.000000            1         1.00
    1569.791     0.100000          113         1.11
    1876.991     0.200000          226         1.25
    2299.903     0.300000          335         1.43
    2744.319     0.400000          445         1.67
    3383.295     0.500000          556         2.00
    4055.039     0.550000          614         2.22
    4313.087     0.600000          667         2.50
    4509.695     0.650000          723         2.86
    4702.207     0.700000          779         3.33
    5070.847     0.750000          835         4.00
    5185.535     0.775000          862         4.44
    5439.487     0.800000          890         5.00
    5603.327     0.825000          918         5.71
    5767.167     0.850000          945         6.67
    5799.935     0.875000          973         8.00
    5836.799     0.887500          988         8.89
    5849.087     0.900000         1002        10.00
    5869.567     0.912500         1014        11.43
    6107.135     0.925000         1031        13.33
    6189.055     0.937500         1042        16.00
    6205.439     0.943750         1049        17.78
    6270.975     0.950000         1056        20.00
    6299.647     0.956250         1065        22.86
    6311.935     0.962500         1072        26.67
    6316.031     0.968750         1079        32.00
    6324.223     0.971875         1080        35.56
    6352.895     0.975000         1085        40.00
    6430.719     0.978125         1088        45.71
    6496.255     0.981250         1093        53.33
    6504.447     0.984375         1094        64.00
    6508.543     0.985938         1096        71.11
    6512.639     0.987500         1101        80.00
    6512.639     0.989062         1101        91.43
    6512.639     0.990625         1101       106.67
    6578.175     0.992188         1103       128.00
    6582.271     0.992969         1104       142.22
    6615.039     0.993750         1106       160.00
    6615.039     0.994531         1106       182.86
    6615.039     0.995313         1106       213.33
    6619.135     0.996094         1108       256.00
    6619.135     0.996484         1108       284.44
    6619.135     0.996875         1108       320.00
    6619.135     0.997266         1108       365.71
    6643.711     0.997656         1109       426.67
    6643.711     0.998047         1109       512.00
    6647.807     0.998242         1110       568.89
    6647.807     0.998437         1110       640.00
    6647.807     0.998633         1110       731.43
    6647.807     0.998828         1110       853.33
    6647.807     0.999023         1110      1024.00
    6660.095     0.999121         1111      1137.78
    6660.095     1.000000         1111          inf
#[Mean    =     3623.131, StdDeviation   =     1647.061]
#[Max     =     6656.000, Total count    =         1111]
#[Buckets =           27, SubBuckets     =         2048]
-----------------------------------------------------------------------
  1333 requests in 1.00m, 406.15KB read
Requests/sec:     22.21  
Transfer/sec:      6.77KB
