Running 1m test @ http://10.104.168.195/?loopCount=25&base=6&exp=6
  5 threads and 5 connections

  Thread calibration: mean lat.: 86.292ms, rate sampling interval: 322ms
  Thread calibration: mean lat.: 91.659ms, rate sampling interval: 316ms
  Thread calibration: mean lat.: 100.417ms, rate sampling interval: 375ms
  Thread calibration: mean lat.: 90.252ms, rate sampling interval: 302ms
  Thread calibration: mean lat.: 91.673ms, rate sampling interval: 307ms

-----------------------------------------------------------------------
Test Results @ http://10.104.168.195/?loopCount=25&base=6&exp=6 
  Thread Stats   Avg      Stdev     99%   +/- Stdev
    Latency   108.93ms   70.76ms 371.45ms   87.85%
    Req/Sec     9.47      2.48    16.00     83.70%
  Latency Distribution (HdrHistogram - Recorded Latency)
 50.000%   81.28ms
 75.000%  146.30ms
 90.000%  185.85ms
 99.000%  371.45ms
 99.900%  454.14ms
 99.990%  469.76ms
 99.999%  469.76ms
100.000%  469.76ms

  Detailed Percentile spectrum:
       Value   Percentile   TotalCount 1/(1-Percentile)

      21.615     0.000000            1         1.00
      41.919     0.100000          253         1.11
      55.455     0.200000          499         1.25
      62.751     0.300000          748         1.43
      69.631     0.400000         1014         1.67
      81.279     0.500000         1247         2.00
      87.039     0.550000         1372         2.22
      97.599     0.600000         1496         2.50
     137.599     0.650000         1622         2.86
     141.567     0.700000         1752         3.33
     146.303     0.750000         1880         4.00
     147.583     0.775000         1933         4.44
     151.551     0.800000         1995         5.00
     155.263     0.825000         2057         5.71
     160.383     0.850000         2120         6.67
     168.831     0.875000         2183         8.00
     177.151     0.887500         2213         8.89
     185.855     0.900000         2244        10.00
     195.839     0.912500         2275        11.43
     236.927     0.925000         2307        13.33
     243.071     0.937500         2339        16.00
     245.375     0.943750         2353        17.78
     248.575     0.950000         2369        20.00
     252.543     0.956250         2384        22.86
     255.359     0.962500         2400        26.67
     270.847     0.968750         2416        32.00
     280.575     0.971875         2423        35.56
     286.975     0.975000         2431        40.00
     328.447     0.978125         2439        45.71
     336.639     0.981250         2448        53.33
     342.527     0.984375         2455        64.00
     344.319     0.985938         2458        71.11
     348.927     0.987500         2462        80.00
     360.191     0.989062         2466        91.43
     386.559     0.990625         2470       106.67
     395.519     0.992188         2474       128.00
     436.479     0.992969         2477       142.22
     437.759     0.993750         2479       160.00
     438.783     0.994531         2480       182.86
     444.671     0.995313         2482       213.33
     445.695     0.996094         2484       256.00
     446.207     0.996484         2485       284.44
     446.463     0.996875         2486       320.00
     447.487     0.997266         2487       365.71
     451.583     0.997656         2488       426.67
     452.351     0.998047         2489       512.00
     452.351     0.998242         2489       568.89
     453.119     0.998437         2490       640.00
     453.119     0.998633         2490       731.43
     454.143     0.998828         2491       853.33
     454.143     0.999023         2491      1024.00
     454.143     0.999121         2491      1137.78
     454.911     0.999219         2492      1280.00
     454.911     0.999316         2492      1462.86
     454.911     0.999414         2492      1706.67
     454.911     0.999512         2492      2048.00
     454.911     0.999561         2492      2275.56
     469.759     0.999609         2493      2560.00
     469.759     1.000000         2493          inf
#[Mean    =      108.932, StdDeviation   =       70.761]
#[Max     =      469.504, Total count    =         2493]
#[Buckets =           27, SubBuckets     =         2048]
-----------------------------------------------------------------------
  2987 requests in 1.00m, 0.89MB read
Requests/sec:     49.78  
Transfer/sec:     15.18KB
