Running 1m test @ http://10.104.168.195/?loopCount=25&base=6&exp=6
  1 threads and 1 connections

  Thread calibration: mean lat.: 606.594ms, rate sampling interval: 2211ms

-----------------------------------------------------------------------
Test Results @ http://10.104.168.195/?loopCount=25&base=6&exp=6 
  Thread Stats   Avg      Stdev     99%   +/- Stdev
    Latency     4.82s     2.40s    9.29s    58.82%
    Req/Sec    20.59      1.37    23.00     81.82%
  Latency Distribution (HdrHistogram - Recorded Latency)
 50.000%    4.33s 
 75.000%    6.89s 
 90.000%    8.37s 
 99.000%    9.29s 
 99.900%    9.34s 
 99.990%    9.36s 
 99.999%    9.36s 
100.000%    9.36s 

  Detailed Percentile spectrum:
       Value   Percentile   TotalCount 1/(1-Percentile)

    1303.551     0.000000            2         1.00
    1833.983     0.100000          106         1.11
    2443.263     0.200000          210         1.25
    2928.639     0.300000          315         1.43
    3506.175     0.400000          421         1.67
    4329.471     0.500000          525         2.00
    5054.463     0.550000          578         2.22
    5459.967     0.600000          630         2.50
    5943.295     0.650000          683         2.86
    6500.351     0.700000          735         3.33
    6889.471     0.750000          787         4.00
    7225.343     0.775000          813         4.44
    7438.335     0.800000          842         5.00
    7794.687     0.825000          866         5.71
    7974.911     0.850000          892         6.67
    8146.943     0.875000          919         8.00
    8290.303     0.887500          935         8.89
    8368.127     0.900000          945        10.00
    8495.103     0.912500          962        11.43
    8536.063     0.925000          971        13.33
    8658.943     0.937500          985        16.00
    8667.135     0.943750          990        17.78
    8740.863     0.950000         1000        20.00
    8798.207     0.956250         1005        22.86
    8855.551     0.962500         1010        26.67
    8962.047     0.968750         1019        32.00
    8970.239     0.971875         1022        35.56
    9003.007     0.975000         1023        40.00
    9093.119     0.978125         1027        45.71
    9150.463     0.981250         1030        53.33
    9183.231     0.984375         1034        64.00
    9232.383     0.985938         1035        71.11
    9281.535     0.987500         1038        80.00
    9281.535     0.989062         1038        91.43
    9289.727     0.990625         1041       106.67
    9289.727     0.992188         1041       128.00
    9330.687     0.992969         1042       142.22
    9338.879     0.993750         1048       160.00
    9338.879     0.994531         1048       182.86
    9338.879     0.995313         1048       213.33
    9338.879     0.996094         1048       256.00
    9338.879     0.996484         1048       284.44
    9338.879     0.996875         1048       320.00
    9338.879     0.997266         1048       365.71
    9338.879     0.997656         1048       426.67
    9338.879     0.998047         1048       512.00
    9338.879     0.998242         1048       568.89
    9338.879     0.998437         1048       640.00
    9338.879     0.998633         1048       731.43
    9338.879     0.998828         1048       853.33
    9338.879     0.999023         1048      1024.00
    9363.455     0.999121         1049      1137.78
    9363.455     1.000000         1049          inf
#[Mean    =     4815.349, StdDeviation   =     2403.176]
#[Max     =     9355.264, Total count    =         1049]
#[Buckets =           27, SubBuckets     =         2048]
-----------------------------------------------------------------------
  1266 requests in 1.00m, 385.73KB read
Requests/sec:     21.10  
Transfer/sec:      6.43KB
