Running 1m test @ http://10.104.168.195/?loopCount=25&base=6&exp=6
  5 threads and 5 connections

  Thread calibration: mean lat.: 94.549ms, rate sampling interval: 351ms
  Thread calibration: mean lat.: 83.550ms, rate sampling interval: 349ms
  Thread calibration: mean lat.: 94.404ms, rate sampling interval: 354ms
  Thread calibration: mean lat.: 90.156ms, rate sampling interval: 348ms
  Thread calibration: mean lat.: 82.323ms, rate sampling interval: 346ms

-----------------------------------------------------------------------
Test Results @ http://10.104.168.195/?loopCount=25&base=6&exp=6 
  Thread Stats   Avg      Stdev     99%   +/- Stdev
    Latency   110.87ms   67.57ms 300.80ms   54.13%
    Req/Sec     9.46      2.55    14.00     78.82%
  Latency Distribution (HdrHistogram - Recorded Latency)
 50.000%   98.69ms
 75.000%  149.12ms
 90.000%  196.61ms
 99.000%  300.80ms
 99.900%  386.82ms
 99.990%  391.42ms
 99.999%  391.42ms
100.000%  391.42ms

  Detailed Percentile spectrum:
       Value   Percentile   TotalCount 1/(1-Percentile)

      21.823     0.000000            1         1.00
      41.151     0.100000          250         1.11
      42.079     0.200000          504         1.25
      50.207     0.300000          749         1.43
      90.751     0.400000          999         1.67
      98.687     0.500000         1249         2.00
     102.527     0.550000         1373         2.22
     108.543     0.600000         1500         2.50
     117.887     0.650000         1623         2.86
     126.719     0.700000         1748         3.33
     149.119     0.750000         1872         4.00
     174.335     0.775000         1937         4.44
     177.407     0.800000         1997         5.00
     182.015     0.825000         2064         5.71
     185.727     0.850000         2123         6.67
     191.487     0.875000         2184         8.00
     193.535     0.887500         2217         8.89
     196.991     0.900000         2247        10.00
     200.703     0.912500         2279        11.43
     206.719     0.925000         2310        13.33
     221.055     0.937500         2340        16.00
     225.791     0.943750         2356        17.78
     234.495     0.950000         2372        20.00
     263.423     0.956250         2387        22.86
     278.527     0.962500         2403        26.67
     281.855     0.968750         2418        32.00
     283.647     0.971875         2426        35.56
     286.975     0.975000         2436        40.00
     287.999     0.978125         2442        45.71
     290.303     0.981250         2450        53.33
     292.095     0.984375         2457        64.00
     293.631     0.985938         2461        71.11
     295.423     0.987500         2465        80.00
     299.775     0.989062         2469        91.43
     301.055     0.990625         2473       106.67
     304.895     0.992188         2477       128.00
     305.919     0.992969         2479       142.22
     308.991     0.993750         2481       160.00
     313.599     0.994531         2483       182.86
     322.815     0.995313         2485       213.33
     325.631     0.996094         2487       256.00
     333.055     0.996484         2488       284.44
     376.063     0.996875         2489       320.00
     376.575     0.997266         2490       365.71
     379.647     0.997656         2491       426.67
     382.463     0.998047         2492       512.00
     382.463     0.998242         2492       568.89
     382.975     0.998437         2493       640.00
     382.975     0.998633         2493       731.43
     386.815     0.998828         2494       853.33
     386.815     0.999023         2494      1024.00
     386.815     0.999121         2494      1137.78
     390.143     0.999219         2495      1280.00
     390.143     0.999316         2495      1462.86
     390.143     0.999414         2495      1706.67
     390.143     0.999512         2495      2048.00
     390.143     0.999561         2495      2275.56
     391.423     0.999609         2496      2560.00
     391.423     1.000000         2496          inf
#[Mean    =      110.868, StdDeviation   =       67.569]
#[Max     =      391.168, Total count    =         2496]
#[Buckets =           27, SubBuckets     =         2048]
-----------------------------------------------------------------------
  2990 requests in 1.00m, 0.89MB read
Requests/sec:     49.83  
Transfer/sec:     15.19KB
