Running 1m test @ http://10.104.168.195/?loopCount=25&base=6&exp=6
  1 threads and 1 connections

  Thread calibration: mean lat.: 675.508ms, rate sampling interval: 2699ms

-----------------------------------------------------------------------
Test Results @ http://10.104.168.195/?loopCount=25&base=6&exp=6 
  Thread Stats   Avg      Stdev     99%   +/- Stdev
    Latency     4.68s     1.85s    7.85s    59.15%
    Req/Sec    21.22      0.97    23.00     94.44%
  Latency Distribution (HdrHistogram - Recorded Latency)
 50.000%    4.60s 
 75.000%    6.22s 
 90.000%    7.27s 
 99.000%    7.85s 
 99.900%    7.91s 
 99.990%    7.91s 
 99.999%    7.91s 
100.000%    7.91s 

  Detailed Percentile spectrum:
       Value   Percentile   TotalCount 1/(1-Percentile)

    1370.111     0.000000            1         1.00
    2107.391     0.100000          109         1.11
    2719.743     0.200000          220         1.25
    3610.623     0.300000          327         1.43
    4055.039     0.400000          436         1.67
    4595.711     0.500000          545         2.00
    4919.295     0.550000          601         2.22
    5337.087     0.600000          655         2.50
    5799.935     0.650000          707         2.86
    5947.391     0.700000          762         3.33
    6230.015     0.750000          816         4.00
    6352.895     0.775000          843         4.44
    6504.447     0.800000          875         5.00
    6647.807     0.825000          897         5.71
    6868.991     0.850000          924         6.67
    7114.751     0.875000          952         8.00
    7188.479     0.887500          968         8.89
    7270.399     0.900000          979        10.00
    7393.279     0.912500          993        11.43
    7540.735     0.925000         1009        13.33
    7569.407     0.937500         1021        16.00
    7585.791     0.943750         1026        17.78
    7602.175     0.950000         1036        20.00
    7622.655     0.956250         1040        22.86
    7639.039     0.962500         1047        26.67
    7716.863     0.968750         1055        32.00
    7741.439     0.971875         1057        35.56
    7761.919     0.975000         1061        40.00
    7778.303     0.978125         1067        45.71
    7778.303     0.981250         1067        53.33
    7786.495     0.984375         1071        64.00
    7798.783     0.985938         1073        71.11
    7819.263     0.987500         1074        80.00
    7852.031     0.989062         1076        91.43
    7856.127     0.990625         1077       106.67
    7868.415     0.992188         1079       128.00
    7872.511     0.992969         1081       142.22
    7872.511     0.993750         1081       160.00
    7880.703     0.994531         1082       182.86
    7880.703     0.995313         1082       213.33
    7884.799     0.996094         1083       256.00
    7909.375     0.996484         1085       284.44
    7909.375     0.996875         1085       320.00
    7909.375     0.997266         1085       365.71
    7909.375     0.997656         1085       426.67
    7909.375     0.998047         1085       512.00
    7913.471     0.998242         1087       568.89
    7913.471     1.000000         1087          inf
#[Mean    =     4684.085, StdDeviation   =     1846.124]
#[Max     =     7909.376, Total count    =         1087]
#[Buckets =           27, SubBuckets     =         2048]
-----------------------------------------------------------------------
  1302 requests in 1.00m, 396.70KB read
Requests/sec:     21.70  
Transfer/sec:      6.61KB
