Running 1m test @ http://10.104.168.195/?loopCount=25&base=6&exp=6
  5 threads and 5 connections

  Thread calibration: mean lat.: 404.136ms, rate sampling interval: 1657ms
  Thread calibration: mean lat.: 738.968ms, rate sampling interval: 2664ms
  Thread calibration: mean lat.: 479.671ms, rate sampling interval: 1692ms
  Thread calibration: mean lat.: 308.537ms, rate sampling interval: 1139ms
  Thread calibration: mean lat.: 440.773ms, rate sampling interval: 1503ms

-----------------------------------------------------------------------
Test Results @ http://10.104.168.195/?loopCount=25&base=6&exp=6 
  Thread Stats   Avg      Stdev     99%   +/- Stdev
    Latency     3.17s     1.61s    7.74s    66.69%
    Req/Sec    13.12      2.03    17.00     86.27%
  Latency Distribution (HdrHistogram - Recorded Latency)
 50.000%    2.84s 
 75.000%    4.25s 
 90.000%    5.39s 
 99.000%    7.74s 
 99.900%    8.51s 
 99.990%    8.59s 
 99.999%    8.59s 
100.000%    8.59s 

  Detailed Percentile spectrum:
       Value   Percentile   TotalCount 1/(1-Percentile)

     283.135     0.000000            1         1.00
    1305.599     0.100000          339         1.11
    1763.327     0.200000          679         1.25
    2287.615     0.300000         1017         1.43
    2564.095     0.400000         1357         1.67
    2842.623     0.500000         1694         2.00
    3098.623     0.550000         1863         2.22
    3366.911     0.600000         2033         2.50
    3608.575     0.650000         2202         2.86
    3821.567     0.700000         2371         3.33
    4251.647     0.750000         2541         4.00
    4472.831     0.775000         2629         4.44
    4558.847     0.800000         2710         5.00
    4718.591     0.825000         2794         5.71
    4923.391     0.850000         2879         6.67
    5132.287     0.875000         2963         8.00
    5279.743     0.887500         3007         8.89
    5394.431     0.900000         3050        10.00
    5541.887     0.912500         3090        11.43
    5697.535     0.925000         3133        13.33
    5812.223     0.937500         3176        16.00
    5951.487     0.943750         3196        17.78
    6119.423     0.950000         3217        20.00
    6221.823     0.956250         3239        22.86
    6369.279     0.962500         3260        26.67
    6520.831     0.968750         3281        32.00
    6766.591     0.971875         3291        35.56
    6885.375     0.975000         3302        40.00
    7073.791     0.978125         3313        45.71
    7241.727     0.981250         3323        53.33
    7348.223     0.984375         3334        64.00
    7438.335     0.985938         3339        71.11
    7487.487     0.987500         3344        80.00
    7651.327     0.989062         3349        91.43
    7766.015     0.990625         3355       106.67
    7835.647     0.992188         3360       128.00
    7860.223     0.992969         3363       142.22
    7901.183     0.993750         3365       160.00
    7995.391     0.994531         3368       182.86
    8028.159     0.995313         3371       213.33
    8052.735     0.996094         3373       256.00
    8081.407     0.996484         3375       284.44
    8151.039     0.996875         3376       320.00
    8290.303     0.997266         3377       365.71
    8429.567     0.997656         3379       426.67
    8454.143     0.998047         3380       512.00
    8462.335     0.998242         3381       568.89
    8462.335     0.998437         3381       640.00
    8478.719     0.998633         3382       731.43
    8511.487     0.998828         3384       853.33
    8511.487     0.999023         3384      1024.00
    8511.487     0.999121         3384      1137.78
    8511.487     0.999219         3384      1280.00
    8511.487     0.999316         3384      1462.86
    8552.447     0.999414         3385      1706.67
    8552.447     0.999512         3385      2048.00
    8552.447     0.999561         3385      2275.56
    8552.447     0.999609         3385      2560.00
    8552.447     0.999658         3385      2925.71
    8593.407     0.999707         3386      3413.33
    8593.407     1.000000         3386          inf
#[Mean    =     3174.364, StdDeviation   =     1605.921]
#[Max     =     8585.216, Total count    =         3386]
#[Buckets =           27, SubBuckets     =         2048]
-----------------------------------------------------------------------
  4070 requests in 1.00m, 1.21MB read
Requests/sec:     67.83  
Transfer/sec:     20.68KB
