Running 1m test @ http://10.104.168.195/?loopCount=25&base=6&exp=6
  5 threads and 5 connections

  Thread calibration: mean lat.: 272.704ms, rate sampling interval: 1275ms
  Thread calibration: mean lat.: 154.942ms, rate sampling interval: 577ms
  Thread calibration: mean lat.: 348.907ms, rate sampling interval: 1271ms
  Thread calibration: mean lat.: 126.867ms, rate sampling interval: 521ms
  Thread calibration: mean lat.: 222.285ms, rate sampling interval: 812ms

-----------------------------------------------------------------------
Test Results @ http://10.104.168.195/?loopCount=25&base=6&exp=6 
  Thread Stats   Avg      Stdev     99%   +/- Stdev
    Latency   950.41ms  886.56ms   3.49s    78.61%
    Req/Sec    13.94      2.76    20.00     81.25%
  Latency Distribution (HdrHistogram - Recorded Latency)
 50.000%  653.82ms
 75.000%    1.52s 
 90.000%    2.27s 
 99.000%    3.49s 
 99.900%    3.74s 
 99.990%    3.79s 
 99.999%    3.79s 
100.000%    3.79s 

  Detailed Percentile spectrum:
       Value   Percentile   TotalCount 1/(1-Percentile)

      21.711     0.000000            1         1.00
      75.263     0.100000          361         1.11
     153.983     0.200000          722         1.25
     257.919     0.300000         1082         1.43
     421.375     0.400000         1442         1.67
     653.823     0.500000         1803         2.00
     832.511     0.550000         1983         2.22
    1020.415     0.600000         2164         2.50
    1185.791     0.650000         2344         2.86
    1387.519     0.700000         2524         3.33
    1519.615     0.750000         2704         4.00
    1574.911     0.775000         2799         4.44
    1634.303     0.800000         2885         5.00
    1684.479     0.825000         2975         5.71
    1760.255     0.850000         3065         6.67
    1988.607     0.875000         3155         8.00
    2148.351     0.887500         3200         8.89
    2271.231     0.900000         3246        10.00
    2351.103     0.912500         3291        11.43
    2471.935     0.925000         3335        13.33
    2643.967     0.937500         3380        16.00
    2783.231     0.943750         3404        17.78
    2873.343     0.950000         3426        20.00
    2975.743     0.956250         3449        22.86
    3065.855     0.962500         3470        26.67
    3194.879     0.968750         3493        32.00
    3248.127     0.971875         3504        35.56
    3303.423     0.975000         3515        40.00
    3336.191     0.978125         3527        45.71
    3381.247     0.981250         3538        53.33
    3409.919     0.984375         3551        64.00
    3420.159     0.985938         3555        71.11
    3440.639     0.987500         3560        80.00
    3471.359     0.989062         3566        91.43
    3491.839     0.990625         3572       106.67
    3512.319     0.992188         3578       128.00
    3518.463     0.992969         3581       142.22
    3532.799     0.993750         3583       160.00
    3545.087     0.994531         3586       182.86
    3561.471     0.995313         3590       213.33
    3571.711     0.996094         3591       256.00
    3586.047     0.996484         3593       284.44
    3612.671     0.996875         3595       320.00
    3688.447     0.997266         3596       365.71
    3690.495     0.997656         3597       426.67
    3706.879     0.998047         3598       512.00
    3717.119     0.998242         3599       568.89
    3725.311     0.998437         3600       640.00
    3735.551     0.998633         3601       731.43
    3735.551     0.998828         3601       853.33
    3743.743     0.999023         3603      1024.00
    3743.743     0.999121         3603      1137.78
    3743.743     0.999219         3603      1280.00
    3743.743     0.999316         3603      1462.86
    3743.743     0.999414         3603      1706.67
    3762.175     0.999512         3604      2048.00
    3762.175     0.999561         3604      2275.56
    3762.175     0.999609         3604      2560.00
    3762.175     0.999658         3604      2925.71
    3762.175     0.999707         3604      3413.33
    3786.751     0.999756         3605      4096.00
    3786.751     1.000000         3605          inf
#[Mean    =      950.413, StdDeviation   =      886.559]
#[Max     =     3784.704, Total count    =         3605]
#[Buckets =           27, SubBuckets     =         2048]
-----------------------------------------------------------------------
  4326 requests in 1.00m, 1.29MB read
Requests/sec:     72.09  
Transfer/sec:     21.98KB
