Running 1m test @ http://10.109.17.169/?loopCount=25&base=6&exp=6
  5 threads and 5 connections

  Thread calibration: mean lat.: 88.108ms, rate sampling interval: 342ms
  Thread calibration: mean lat.: 95.432ms, rate sampling interval: 354ms
  Thread calibration: mean lat.: 99.775ms, rate sampling interval: 355ms
  Thread calibration: mean lat.: 99.028ms, rate sampling interval: 364ms
  Thread calibration: mean lat.: 84.361ms, rate sampling interval: 341ms

-----------------------------------------------------------------------
Test Results @ http://10.109.17.169/?loopCount=25&base=6&exp=6 
  Thread Stats   Avg      Stdev     99%   +/- Stdev
    Latency   103.67ms   59.80ms 280.58ms   65.79%
    Req/Sec     9.46      2.43    14.00     80.14%
  Latency Distribution (HdrHistogram - Recorded Latency)
 50.000%   97.79ms
 75.000%  139.90ms
 90.000%  179.84ms
 99.000%  280.58ms
 99.900%  337.66ms
 99.990%  374.27ms
 99.999%  374.27ms
100.000%  374.27ms

  Detailed Percentile spectrum:
       Value   Percentile   TotalCount 1/(1-Percentile)

      22.175     0.000000            1         1.00
      42.399     0.100000          250         1.11
      45.599     0.200000          511         1.25
      48.383     0.300000          751         1.43
      78.911     0.400000         1000         1.67
      97.791     0.500000         1256         2.00
     103.167     0.550000         1377         2.22
     105.791     0.600000         1501         2.50
     113.023     0.650000         1626         2.86
     122.559     0.700000         1750         3.33
     140.159     0.750000         1875         4.00
     168.703     0.775000         1938         4.44
     170.111     0.800000         2000         5.00
     171.519     0.825000         2064         5.71
     173.823     0.850000         2125         6.67
     177.535     0.875000         2193         8.00
     178.431     0.887500         2218         8.89
     179.967     0.900000         2251        10.00
     182.399     0.912500         2281        11.43
     186.751     0.925000         2312        13.33
     192.255     0.937500         2343        16.00
     196.735     0.943750         2359        17.78
     203.391     0.950000         2375        20.00
     207.743     0.956250         2390        22.86
     221.695     0.962500         2408        26.67
     235.519     0.968750         2421        32.00
     244.735     0.971875         2429        35.56
     268.543     0.975000         2437        40.00
     271.615     0.978125         2446        45.71
     273.919     0.981250         2456        53.33
     274.943     0.984375         2460        64.00
     276.223     0.985938         2464        71.11
     278.271     0.987500         2469        80.00
     280.063     0.989062         2473        91.43
     281.343     0.990625         2476       106.67
     282.623     0.992188         2480       128.00
     283.135     0.992969         2482       142.22
     286.719     0.993750         2484       160.00
     287.487     0.994531         2486       182.86
     288.767     0.995313         2488       213.33
     297.983     0.996094         2490       256.00
     298.239     0.996484         2491       284.44
     308.223     0.996875         2492       320.00
     311.551     0.997266         2493       365.71
     312.319     0.997656         2494       426.67
     312.831     0.998047         2495       512.00
     312.831     0.998242         2495       568.89
     314.623     0.998437         2496       640.00
     314.623     0.998633         2496       731.43
     337.663     0.998828         2497       853.33
     337.663     0.999023         2497      1024.00
     337.663     0.999121         2497      1137.78
     372.991     0.999219         2498      1280.00
     372.991     0.999316         2498      1462.86
     372.991     0.999414         2498      1706.67
     372.991     0.999512         2498      2048.00
     372.991     0.999561         2498      2275.56
     374.271     0.999609         2499      2560.00
     374.271     1.000000         2499          inf
#[Mean    =      103.667, StdDeviation   =       59.804]
#[Max     =      374.016, Total count    =         2499]
#[Buckets =           27, SubBuckets     =         2048]
-----------------------------------------------------------------------
  2992 requests in 1.00m, 0.89MB read
Requests/sec:     49.86  
Transfer/sec:     15.20KB
