Running 1m test @ http://10.109.17.169/?loopCount=25&base=6&exp=6
  5 threads and 5 connections

  Thread calibration: mean lat.: 240.997ms, rate sampling interval: 1137ms
  Thread calibration: mean lat.: 162.307ms, rate sampling interval: 684ms
  Thread calibration: mean lat.: 534.122ms, rate sampling interval: 1566ms
  Thread calibration: mean lat.: 108.061ms, rate sampling interval: 420ms
  Thread calibration: mean lat.: 364.116ms, rate sampling interval: 1050ms

-----------------------------------------------------------------------
Test Results @ http://10.109.17.169/?loopCount=25&base=6&exp=6 
  Thread Stats   Avg      Stdev     99%   +/- Stdev
    Latency     2.87s     1.89s    7.79s    67.79%
    Req/Sec    13.27      3.40    21.00     84.66%
  Latency Distribution (HdrHistogram - Recorded Latency)
 50.000%    2.55s 
 75.000%    4.09s 
 90.000%    5.49s 
 99.000%    7.79s 
 99.900%    7.98s 
 99.990%    8.01s 
 99.999%    8.01s 
100.000%    8.01s 

  Detailed Percentile spectrum:
       Value   Percentile   TotalCount 1/(1-Percentile)

      33.023     0.000000            1         1.00
     754.175     0.100000          340         1.11
    1100.799     0.200000          679         1.25
    1610.751     0.300000         1019         1.43
    2113.535     0.400000         1358         1.67
    2547.711     0.500000         1698         2.00
    2686.975     0.550000         1867         2.22
    2922.495     0.600000         2036         2.50
    3219.455     0.650000         2206         2.86
    3827.711     0.700000         2376         3.33
    4089.855     0.750000         2546         4.00
    4411.391     0.775000         2631         4.44
    4554.751     0.800000         2719         5.00
    4681.727     0.825000         2801         5.71
    4882.431     0.850000         2885         6.67
    5124.095     0.875000         2971         8.00
    5390.335     0.887500         3012         8.89
    5492.735     0.900000         3056        10.00
    5591.039     0.912500         3097        11.43
    6123.519     0.925000         3140        13.33
    6225.919     0.937500         3182        16.00
    6336.511     0.943750         3203        17.78
    6647.807     0.950000         3224        20.00
    6909.951     0.956250         3245        22.86
    7331.839     0.962500         3266        26.67
    7532.543     0.968750         3287        32.00
    7585.791     0.971875         3300        35.56
    7614.463     0.975000         3311        40.00
    7639.039     0.978125         3319        45.71
    7704.575     0.981250         3334        53.33
    7720.959     0.984375         3340        64.00
    7745.535     0.985938         3347        71.11
    7761.919     0.987500         3351        80.00
    7782.399     0.989062         3358        91.43
    7806.975     0.990625         3363       106.67
    7835.647     0.992188         3367       128.00
    7856.127     0.992969         3370       142.22
    7872.511     0.993750         3372       160.00
    7884.799     0.994531         3376       182.86
    7892.991     0.995313         3378       213.33
    7909.375     0.996094         3381       256.00
    7921.663     0.996484         3384       284.44
    7921.663     0.996875         3384       320.00
    7921.663     0.997266         3384       365.71
    7946.239     0.997656         3387       426.67
    7946.239     0.998047         3387       512.00
    7958.527     0.998242         3388       568.89
    7958.527     0.998437         3388       640.00
    7974.911     0.998633         3389       731.43
    7983.103     0.998828         3390       853.33
    7983.103     0.999023         3390      1024.00
    7987.199     0.999121         3391      1137.78
    7987.199     0.999219         3391      1280.00
    7987.199     0.999316         3391      1462.86
    8007.679     0.999414         3392      1706.67
    8007.679     0.999512         3392      2048.00
    8007.679     0.999561         3392      2275.56
    8007.679     0.999609         3392      2560.00
    8007.679     0.999658         3392      2925.71
    8011.775     0.999707         3393      3413.33
    8011.775     1.000000         3393          inf
#[Mean    =     2865.729, StdDeviation   =     1890.840]
#[Max     =     8007.680, Total count    =         3393]
#[Buckets =           27, SubBuckets     =         2048]
-----------------------------------------------------------------------
  4114 requests in 1.00m, 1.23MB read
Requests/sec:     68.56  
Transfer/sec:     20.90KB
