Running 1m test @ http://10.109.17.169/?loopCount=25&base=6&exp=6
  1 threads and 1 connections

  Thread calibration: mean lat.: 649.355ms, rate sampling interval: 2065ms

-----------------------------------------------------------------------
Test Results @ http://10.109.17.169/?loopCount=25&base=6&exp=6 
  Thread Stats   Avg      Stdev     99%   +/- Stdev
    Latency     3.86s     1.67s    7.06s    65.00%
    Req/Sec    21.42      0.95    23.00     95.83%
  Latency Distribution (HdrHistogram - Recorded Latency)
 50.000%    3.81s 
 75.000%    5.12s 
 90.000%    6.41s 
 99.000%    7.06s 
 99.900%    7.15s 
 99.990%    7.15s 
 99.999%    7.15s 
100.000%    7.15s 

  Detailed Percentile spectrum:
       Value   Percentile   TotalCount 1/(1-Percentile)

    1037.823     0.000000            1         1.00
    1479.679     0.100000          111         1.11
    2258.943     0.200000          221         1.25
    2791.423     0.300000          330         1.43
    3260.415     0.400000          445         1.67
    3809.279     0.500000          550         2.00
    4028.415     0.550000          605         2.22
    4325.375     0.600000          659         2.50
    4595.711     0.650000          715         2.86
    4935.679     0.700000          770         3.33
    5115.903     0.750000          823         4.00
    5259.263     0.775000          852         4.44
    5447.679     0.800000          885         5.00
    5537.791     0.825000          906         5.71
    5734.399     0.850000          936         6.67
    6143.999     0.875000          962         8.00
    6250.495     0.887500          974         8.89
    6406.143     0.900000          988        10.00
    6447.103     0.912500         1004        11.43
    6520.831     0.925000         1015        13.33
    6619.135     0.937500         1029        16.00
    6664.191     0.943750         1039        17.78
    6692.863     0.950000         1043        20.00
    6778.879     0.956250         1050        22.86
    6881.279     0.962500         1056        26.67
    6942.719     0.968750         1068        32.00
    6942.719     0.971875         1068        35.56
    6946.815     0.975000         1071        40.00
    7032.831     0.978125         1074        45.71
    7036.927     0.981250         1077        53.33
    7045.119     0.984375         1081        64.00
    7049.215     0.985938         1084        71.11
    7049.215     0.987500         1084        80.00
    7061.503     0.989062         1086        91.43
    7081.983     0.990625         1088       106.67
    7127.039     0.992188         1090       128.00
    7127.039     0.992969         1090       142.22
    7139.327     0.993750         1092       160.00
    7139.327     0.994531         1092       182.86
    7139.327     0.995313         1092       213.33
    7143.423     0.996094         1095       256.00
    7143.423     0.996484         1095       284.44
    7143.423     0.996875         1095       320.00
    7143.423     0.997266         1095       365.71
    7143.423     0.997656         1095       426.67
    7143.423     0.998047         1095       512.00
    7147.519     0.998242         1097       568.89
    7147.519     1.000000         1097          inf
#[Mean    =     3864.839, StdDeviation   =     1674.521]
#[Max     =     7143.424, Total count    =         1097]
#[Buckets =           27, SubBuckets     =         2048]
-----------------------------------------------------------------------
  1321 requests in 1.00m, 402.49KB read
Requests/sec:     22.02  
Transfer/sec:      6.71KB
