Running 1m test @ http://10.109.17.169/?loopCount=25&base=6&exp=6
  1 threads and 1 connections

  Thread calibration: mean lat.: 749.829ms, rate sampling interval: 2781ms

-----------------------------------------------------------------------
Test Results @ http://10.109.17.169/?loopCount=25&base=6&exp=6 
  Thread Stats   Avg      Stdev     99%   +/- Stdev
    Latency     4.72s     1.81s    7.75s    53.61%
    Req/Sec    21.35      1.08    23.00     94.12%
  Latency Distribution (HdrHistogram - Recorded Latency)
 50.000%    4.76s 
 75.000%    6.28s 
 90.000%    7.20s 
 99.000%    7.75s 
 99.900%    7.76s 
 99.990%    7.76s 
 99.999%    7.76s 
100.000%    7.76s 

  Detailed Percentile spectrum:
       Value   Percentile   TotalCount 1/(1-Percentile)

    1469.439     0.000000            1         1.00
    2164.735     0.100000          111         1.11
    2801.663     0.200000          220         1.25
    3670.015     0.300000          328         1.43
    4333.567     0.400000          442         1.67
    4755.455     0.500000          549         2.00
    4984.831     0.550000          605         2.22
    5165.055     0.600000          656         2.50
    5619.711     0.650000          711         2.86
    5980.159     0.700000          768         3.33
    6279.167     0.750000          820         4.00
    6545.407     0.775000          851         4.44
    6578.175     0.800000          879         5.00
    6787.071     0.825000          904         5.71
    6942.719     0.850000          931         6.67
    7114.751     0.875000          959         8.00
    7159.807     0.887500          971         8.89
    7196.671     0.900000          984        10.00
    7282.687     0.912500          998        11.43
    7323.647     0.925000         1015        13.33
    7413.759     0.937500         1025        16.00
    7438.335     0.943750         1034        17.78
    7516.159     0.950000         1042        20.00
    7553.023     0.956250         1046        22.86
    7630.847     0.962500         1054        26.67
    7647.231     0.968750         1060        32.00
    7651.327     0.971875         1065        35.56
    7655.423     0.975000         1066        40.00
    7696.383     0.978125         1070        45.71
    7725.055     0.981250         1074        53.33
    7737.343     0.984375         1077        64.00
    7749.631     0.985938         1086        71.11
    7749.631     0.987500         1086        80.00
    7749.631     0.989062         1086        91.43
    7749.631     0.990625         1086       106.67
    7749.631     0.992188         1086       128.00
    7749.631     0.992969         1086       142.22
    7757.823     0.993750         1093       160.00
    7757.823     1.000000         1093          inf
#[Mean    =     4724.871, StdDeviation   =     1813.347]
#[Max     =     7753.728, Total count    =         1093]
#[Buckets =           27, SubBuckets     =         2048]
-----------------------------------------------------------------------
  1306 requests in 1.00m, 397.92KB read
Requests/sec:     21.77  
Transfer/sec:      6.63KB
