Running 1m test @ http://10.109.17.169/?loopCount=25&base=6&exp=6
  5 threads and 5 connections

  Thread calibration: mean lat.: 148.390ms, rate sampling interval: 677ms
  Thread calibration: mean lat.: 304.146ms, rate sampling interval: 1251ms
  Thread calibration: mean lat.: 285.097ms, rate sampling interval: 1116ms
  Thread calibration: mean lat.: 106.760ms, rate sampling interval: 378ms
  Thread calibration: mean lat.: 265.784ms, rate sampling interval: 881ms

-----------------------------------------------------------------------
Test Results @ http://10.109.17.169/?loopCount=25&base=6&exp=6 
  Thread Stats   Avg      Stdev     99%   +/- Stdev
    Latency   755.25ms  348.16ms   1.66s    66.51%
    Req/Sec    14.21      3.15    23.00     76.45%
  Latency Distribution (HdrHistogram - Recorded Latency)
 50.000%  785.41ms
 75.000%    1.00s 
 90.000%    1.17s 
 99.000%    1.66s 
 99.900%    1.81s 
 99.990%    1.85s 
 99.999%    1.85s 
100.000%    1.85s 

  Detailed Percentile spectrum:
       Value   Percentile   TotalCount 1/(1-Percentile)

      30.159     0.000000            1         1.00
     273.919     0.100000          370         1.11
     431.359     0.200000          739         1.25
     550.399     0.300000         1110         1.43
     680.959     0.400000         1478         1.67
     785.407     0.500000         1846         2.00
     829.951     0.550000         2031         2.22
     871.935     0.600000         2216         2.50
     912.383     0.650000         2404         2.86
     956.415     0.700000         2586         3.33
    1002.495     0.750000         2772         4.00
    1022.975     0.775000         2862         4.44
    1045.503     0.800000         2953         5.00
    1072.127     0.825000         3051         5.71
    1102.847     0.850000         3140         6.67
    1132.543     0.875000         3230         8.00
    1151.999     0.887500         3276         8.89
    1173.503     0.900000         3323        10.00
    1205.247     0.912500         3370        11.43
    1229.823     0.925000         3416        13.33
    1251.327     0.937500         3461        16.00
    1269.759     0.943750         3484        17.78
    1291.263     0.950000         3507        20.00
    1306.623     0.956250         3530        22.86
    1330.175     0.962500         3553        26.67
    1357.823     0.968750         3576        32.00
    1380.351     0.971875         3588        35.56
    1405.951     0.975000         3599        40.00
    1431.551     0.978125         3611        45.71
    1452.031     0.981250         3622        53.33
    1516.543     0.984375         3634        64.00
    1558.527     0.985938         3640        71.11
    1609.727     0.987500         3645        80.00
    1647.615     0.989062         3651        91.43
    1666.047     0.990625         3657       106.67
    1692.671     0.992188         3663       128.00
    1718.271     0.992969         3666       142.22
    1728.511     0.993750         3668       160.00
    1741.823     0.994531         3671       182.86
    1757.183     0.995313         3674       213.33
    1771.519     0.996094         3678       256.00
    1775.615     0.996484         3680       284.44
    1775.615     0.996875         3680       320.00
    1787.903     0.997266         3681       365.71
    1798.143     0.997656         3683       426.67
    1802.239     0.998047         3684       512.00
    1804.287     0.998242         3685       568.89
    1805.311     0.998437         3686       640.00
    1805.311     0.998633         3686       731.43
    1808.383     0.998828         3687       853.33
    1822.719     0.999023         3689      1024.00
    1822.719     0.999121         3689      1137.78
    1822.719     0.999219         3689      1280.00
    1822.719     0.999316         3689      1462.86
    1822.719     0.999414         3689      1706.67
    1827.839     0.999512         3690      2048.00
    1827.839     0.999561         3690      2275.56
    1827.839     0.999609         3690      2560.00
    1827.839     0.999658         3690      2925.71
    1827.839     0.999707         3690      3413.33
    1848.319     0.999756         3691      4096.00
    1848.319     1.000000         3691          inf
#[Mean    =      755.246, StdDeviation   =      348.160]
#[Max     =     1847.296, Total count    =         3691]
#[Buckets =           27, SubBuckets     =         2048]
-----------------------------------------------------------------------
  4418 requests in 1.00m, 1.32MB read
Requests/sec:     73.63  
Transfer/sec:     22.45KB
