Running 1m test @ http://10.109.17.169/?loopCount=25&base=6&exp=6
  5 threads and 5 connections

  Thread calibration: mean lat.: 88.130ms, rate sampling interval: 293ms
  Thread calibration: mean lat.: 87.986ms, rate sampling interval: 338ms
  Thread calibration: mean lat.: 106.951ms, rate sampling interval: 473ms
  Thread calibration: mean lat.: 72.606ms, rate sampling interval: 240ms
  Thread calibration: mean lat.: 92.844ms, rate sampling interval: 328ms

-----------------------------------------------------------------------
Test Results @ http://10.109.17.169/?loopCount=25&base=6&exp=6 
  Thread Stats   Avg      Stdev     99%   +/- Stdev
    Latency   116.41ms   96.17ms 532.48ms   86.48%
    Req/Sec     9.52      2.62    16.00     88.87%
  Latency Distribution (HdrHistogram - Recorded Latency)
 50.000%   86.08ms
 75.000%  132.10ms
 90.000%  221.70ms
 99.000%  532.48ms
 99.900%  734.21ms
 99.990%  743.42ms
 99.999%  743.42ms
100.000%  743.42ms

  Detailed Percentile spectrum:
       Value   Percentile   TotalCount 1/(1-Percentile)

      21.439     0.000000            1         1.00
      40.959     0.100000          251         1.11
      45.759     0.200000          499         1.25
      58.175     0.300000          748         1.43
      68.863     0.400000         1002         1.67
      86.079     0.500000         1246         2.00
     109.631     0.550000         1372         2.22
     114.559     0.600000         1496         2.50
     118.335     0.650000         1620         2.86
     123.327     0.700000         1745         3.33
     132.095     0.750000         1870         4.00
     139.263     0.775000         1932         4.44
     154.111     0.800000         1996         5.00
     171.647     0.825000         2056         5.71
     210.175     0.850000         2120         6.67
     215.167     0.875000         2182         8.00
     218.239     0.887500         2212         8.89
     221.695     0.900000         2243        10.00
     228.479     0.912500         2274        11.43
     235.263     0.925000         2306        13.33
     256.383     0.937500         2337        16.00
     276.991     0.943750         2352        17.78
     309.759     0.950000         2369        20.00
     313.599     0.956250         2384        22.86
     319.999     0.962500         2399        26.67
     349.439     0.968750         2415        32.00
     364.287     0.971875         2422        35.56
     410.879     0.975000         2430        40.00
     419.583     0.978125         2439        45.71
     434.943     0.981250         2446        53.33
     453.119     0.984375         2454        64.00
     485.375     0.985938         2457        71.11
     512.511     0.987500         2461        80.00
     525.823     0.989062         2465        91.43
     549.887     0.990625         2469       106.67
     572.415     0.992188         2473       128.00
     586.751     0.992969         2475       142.22
     609.791     0.993750         2477       160.00
     620.543     0.994531         2479       182.86
     630.271     0.995313         2481       213.33
     632.831     0.996094         2483       256.00
     640.511     0.996484         2484       284.44
     652.799     0.996875         2485       320.00
     685.055     0.997266         2486       365.71
     687.103     0.997656         2487       426.67
     715.775     0.998047         2488       512.00
     715.775     0.998242         2488       568.89
     722.943     0.998437         2489       640.00
     722.943     0.998633         2489       731.43
     734.207     0.998828         2490       853.33
     734.207     0.999023         2490      1024.00
     734.207     0.999121         2490      1137.78
     738.815     0.999219         2491      1280.00
     738.815     0.999316         2491      1462.86
     738.815     0.999414         2491      1706.67
     738.815     0.999512         2491      2048.00
     738.815     0.999561         2491      2275.56
     743.423     0.999609         2492      2560.00
     743.423     1.000000         2492          inf
#[Mean    =      116.412, StdDeviation   =       96.171]
#[Max     =      742.912, Total count    =         2492]
#[Buckets =           27, SubBuckets     =         2048]
-----------------------------------------------------------------------
  2984 requests in 1.00m, 0.89MB read
Requests/sec:     49.73  
Transfer/sec:     15.17KB
