Running 1m test @ http://10.107.61.219/?loopCount=25&base=6&exp=6
  5 threads and 5 connections

  Thread calibration: mean lat.: 112.162ms, rate sampling interval: 487ms
  Thread calibration: mean lat.: 117.987ms, rate sampling interval: 589ms
  Thread calibration: mean lat.: 73.084ms, rate sampling interval: 275ms
  Thread calibration: mean lat.: 86.873ms, rate sampling interval: 337ms
  Thread calibration: mean lat.: 66.606ms, rate sampling interval: 273ms

-----------------------------------------------------------------------
Test Results @ http://10.107.61.219/?loopCount=25&base=6&exp=6 
  Thread Stats   Avg      Stdev     99%   +/- Stdev
    Latency    91.52ms   79.35ms 429.05ms   90.84%
    Req/Sec     9.42      2.31    14.00     86.25%
  Latency Distribution (HdrHistogram - Recorded Latency)
 50.000%   61.41ms
 75.000%  129.09ms
 90.000%  160.90ms
 99.000%  429.05ms
 99.900%  732.16ms
 99.990%  741.89ms
 99.999%  741.89ms
100.000%  741.89ms

  Detailed Percentile spectrum:
       Value   Percentile   TotalCount 1/(1-Percentile)

      21.631     0.000000            1         1.00
      40.671     0.100000          254         1.11
      41.311     0.200000          513         1.25
      41.919     0.300000          753         1.43
      45.919     0.400000         1000         1.67
      61.407     0.500000         1251         2.00
      65.855     0.550000         1376         2.22
      78.591     0.600000         1500         2.50
      87.871     0.650000         1626         2.86
     100.863     0.700000         1750         3.33
     129.087     0.750000         1875         4.00
     131.327     0.775000         1939         4.44
     134.143     0.800000         2003         5.00
     137.471     0.825000         2064         5.71
     140.799     0.850000         2126         6.67
     146.815     0.875000         2188         8.00
     151.167     0.887500         2219         8.89
     160.895     0.900000         2251        10.00
     180.223     0.912500         2282        11.43
     207.103     0.925000         2313        13.33
     232.959     0.937500         2344        16.00
     235.647     0.943750         2360        17.78
     238.719     0.950000         2375        20.00
     242.559     0.956250         2391        22.86
     256.383     0.962500         2407        26.67
     275.199     0.968750         2422        32.00
     311.807     0.971875         2430        35.56
     328.959     0.975000         2438        40.00
     335.615     0.978125         2446        45.71
     349.183     0.981250         2454        53.33
     368.383     0.984375         2461        64.00
     376.063     0.985938         2465        71.11
     386.815     0.987500         2469        80.00
     428.287     0.989062         2474        91.43
     433.663     0.990625         2477       106.67
     435.711     0.992188         2481       128.00
     437.759     0.992969         2483       142.22
     438.527     0.993750         2485       160.00
     455.167     0.994531         2487       182.86
     510.207     0.995313         2489       213.33
     556.543     0.996094         2491       256.00
     570.367     0.996484         2492       284.44
     625.663     0.996875         2493       320.00
     628.735     0.997266         2494       365.71
     647.679     0.997656         2495       426.67
     681.471     0.998047         2496       512.00
     681.471     0.998242         2496       568.89
     685.567     0.998437         2497       640.00
     685.567     0.998633         2497       731.43
     732.159     0.998828         2498       853.33
     732.159     0.999023         2498      1024.00
     732.159     0.999121         2498      1137.78
     740.863     0.999219         2499      1280.00
     740.863     0.999316         2499      1462.86
     740.863     0.999414         2499      1706.67
     740.863     0.999512         2499      2048.00
     740.863     0.999561         2499      2275.56
     741.887     0.999609         2500      2560.00
     741.887     1.000000         2500          inf
#[Mean    =       91.515, StdDeviation   =       79.350]
#[Max     =      741.376, Total count    =         2500]
#[Buckets =           27, SubBuckets     =         2048]
-----------------------------------------------------------------------
  2995 requests in 1.00m, 0.89MB read
Requests/sec:     49.91  
Transfer/sec:     15.22KB
