Running 1m test @ http://10.104.168.195/?loopCount=25&base=6&exp=6
  1 threads and 1 connections

  Thread calibration: mean lat.: 1183.160ms, rate sampling interval: 3813ms

-----------------------------------------------------------------------
Test Results @ http://10.104.168.195/?loopCount=25&base=6&exp=6 
  Thread Stats   Avg      Stdev     99%   +/- Stdev
    Latency     6.92s     2.71s   11.39s    59.43%
    Req/Sec    19.62      0.92    21.00    100.00%
  Latency Distribution (HdrHistogram - Recorded Latency)
 50.000%    7.08s 
 75.000%    9.42s 
 90.000%   10.56s 
 99.000%   11.39s 
 99.900%   11.47s 
 99.990%   11.47s 
 99.999%   11.47s 
100.000%   11.47s 

  Detailed Percentile spectrum:
       Value   Percentile   TotalCount 1/(1-Percentile)

    2017.279     0.000000            1         1.00
    2953.215     0.100000          102         1.11
    4222.975     0.200000          204         1.25
    5201.919     0.300000          306         1.43
    6000.639     0.400000          407         1.67
    7081.983     0.500000          512         2.00
    7491.583     0.550000          565         2.22
    7860.223     0.600000          610         2.50
    8175.615     0.650000          659         2.86
    8740.863     0.700000          721         3.33
    9420.799     0.750000          760         4.00
    9486.335     0.775000          794         4.44
    9732.095     0.800000          816         5.00
   10190.847     0.825000          838         5.71
   10248.191     0.850000          863         6.67
   10461.183     0.875000          892         8.00
   10502.143     0.887500          903         8.89
   10559.487     0.900000          913        10.00
   10780.671     0.912500          930        11.43
   10846.207     0.925000          938        13.33
   10960.895     0.937500          950        16.00
   11001.855     0.943750          963        17.78
   11001.855     0.950000          963        20.00
   11059.199     0.956250          973        22.86
   11108.351     0.962500          979        26.67
   11206.655     0.968750          982        32.00
   11247.615     0.971875          991        35.56
   11247.615     0.975000          991        40.00
   11247.615     0.978125          991        45.71
   11288.575     0.981250          995        53.33
   11362.303     0.984375          998        64.00
   11378.687     0.985938          999        71.11
   11386.879     0.987500         1004        80.00
   11386.879     0.989062         1004        91.43
   11386.879     0.990625         1004       106.67
   11427.839     0.992188         1006       128.00
   11427.839     0.992969         1006       142.22
   11436.031     0.993750         1008       160.00
   11436.031     0.994531         1008       182.86
   11444.223     0.995313         1009       213.33
   11460.607     0.996094         1011       256.00
   11460.607     0.996484         1011       284.44
   11460.607     0.996875         1011       320.00
   11460.607     0.997266         1011       365.71
   11460.607     0.997656         1011       426.67
   11468.799     0.998047         1013       512.00
   11468.799     1.000000         1013          inf
#[Mean    =     6922.243, StdDeviation   =     2708.608]
#[Max     =    11460.608, Total count    =         1013]
#[Buckets =           27, SubBuckets     =         2048]
-----------------------------------------------------------------------
  1212 requests in 1.00m, 369.28KB read
Requests/sec:     20.20  
Transfer/sec:      6.15KB
