Running 1m test @ http://10.109.17.169/?loopCount=25&base=6&exp=6
  5 threads and 5 connections

  Thread calibration: mean lat.: 204.770ms, rate sampling interval: 864ms
  Thread calibration: mean lat.: 291.453ms, rate sampling interval: 1214ms
  Thread calibration: mean lat.: 678.976ms, rate sampling interval: 1748ms
  Thread calibration: mean lat.: 353.164ms, rate sampling interval: 925ms
  Thread calibration: mean lat.: 473.386ms, rate sampling interval: 1641ms

-----------------------------------------------------------------------
Test Results @ http://10.109.17.169/?loopCount=25&base=6&exp=6 
  Thread Stats   Avg      Stdev     99%   +/- Stdev
    Latency     2.61s     1.10s    5.10s    69.38%
    Req/Sec    13.48      2.23    19.00     81.90%
  Latency Distribution (HdrHistogram - Recorded Latency)
 50.000%    2.60s 
 75.000%    3.25s 
 90.000%    4.19s 
 99.000%    5.10s 
 99.900%    5.24s 
 99.990%    5.27s 
 99.999%    5.27s 
100.000%    5.27s 

  Detailed Percentile spectrum:
       Value   Percentile   TotalCount 1/(1-Percentile)

     132.479     0.000000            1         1.00
    1096.703     0.100000          351         1.11
    1686.527     0.200000          700         1.25
    1926.143     0.300000         1048         1.43
    2402.303     0.400000         1398         1.67
    2603.007     0.500000         1748         2.00
    2721.791     0.550000         1922         2.22
    2877.439     0.600000         2095         2.50
    3022.847     0.650000         2271         2.86
    3098.623     0.700000         2444         3.33
    3254.271     0.750000         2620         4.00
    3336.191     0.775000         2707         4.44
    3409.919     0.800000         2794         5.00
    3516.415     0.825000         2883         5.71
    3723.263     0.850000         2970         6.67
    3934.207     0.875000         3056         8.00
    4014.079     0.887500         3099         8.89
    4194.303     0.900000         3142        10.00
    4452.351     0.912500         3186        11.43
    4558.847     0.925000         3230        13.33
    4632.575     0.937500         3275        16.00
    4665.343     0.943750         3295        17.78
    4698.111     0.950000         3319        20.00
    4726.783     0.956250         3339        22.86
    4747.263     0.962500         3363        26.67
    4775.935     0.968750         3383        32.00
    4792.319     0.971875         3394        35.56
    4820.991     0.975000         3404        40.00
    4849.663     0.978125         3415        45.71
    4911.103     0.981250         3426        53.33
    4964.351     0.984375         3437        64.00
    4976.639     0.985938         3443        71.11
    5013.503     0.987500         3448        80.00
    5074.943     0.989062         3453        91.43
    5111.807     0.990625         3459       106.67
    5128.191     0.992188         3464       128.00
    5140.479     0.992969         3467       142.22
    5160.959     0.993750         3470       160.00
    5169.151     0.994531         3474       182.86
    5177.343     0.995313         3476       213.33
    5189.631     0.996094         3478       256.00
    5197.823     0.996484         3480       284.44
    5201.919     0.996875         3482       320.00
    5201.919     0.997266         3482       365.71
    5206.015     0.997656         3483       426.67
    5218.303     0.998047         3485       512.00
    5218.303     0.998242         3485       568.89
    5222.399     0.998437         3486       640.00
    5238.783     0.998633         3487       731.43
    5238.783     0.998828         3487       853.33
    5242.879     0.999023         3489      1024.00
    5242.879     0.999121         3489      1137.78
    5242.879     0.999219         3489      1280.00
    5242.879     0.999316         3489      1462.86
    5242.879     0.999414         3489      1706.67
    5263.359     0.999512         3490      2048.00
    5263.359     0.999561         3490      2275.56
    5263.359     0.999609         3490      2560.00
    5263.359     0.999658         3490      2925.71
    5263.359     0.999707         3490      3413.33
    5271.551     0.999756         3491      4096.00
    5271.551     1.000000         3491          inf
#[Mean    =     2613.853, StdDeviation   =     1098.223]
#[Max     =     5267.456, Total count    =         3491]
#[Buckets =           27, SubBuckets     =         2048]
-----------------------------------------------------------------------
  4185 requests in 1.00m, 1.25MB read
Requests/sec:     69.74  
Transfer/sec:     21.26KB
