Running 1m test @ http://10.109.17.169/?loopCount=25&base=6&exp=6
  5 threads and 5 connections

  Thread calibration: mean lat.: 68.057ms, rate sampling interval: 294ms
  Thread calibration: mean lat.: 68.112ms, rate sampling interval: 257ms
  Thread calibration: mean lat.: 67.334ms, rate sampling interval: 231ms
  Thread calibration: mean lat.: 74.433ms, rate sampling interval: 311ms
  Thread calibration: mean lat.: 62.378ms, rate sampling interval: 217ms

-----------------------------------------------------------------------
Test Results @ http://10.109.17.169/?loopCount=25&base=6&exp=6 
  Thread Stats   Avg      Stdev     99%   +/- Stdev
    Latency    84.01ms   55.89ms 264.96ms   79.59%
    Req/Sec     9.44      2.81    17.00     89.68%
  Latency Distribution (HdrHistogram - Recorded Latency)
 50.000%   66.50ms
 75.000%  103.29ms
 90.000%  156.41ms
 99.000%  264.96ms
 99.900%  360.19ms
 99.990%  459.52ms
 99.999%  459.52ms
100.000%  459.52ms

  Detailed Percentile spectrum:
       Value   Percentile   TotalCount 1/(1-Percentile)

      21.871     0.000000            1         1.00
      40.511     0.100000          250         1.11
      40.959     0.200000          516         1.25
      41.503     0.300000          757         1.43
      44.415     0.400000         1000         1.67
      66.495     0.500000         1250         2.00
      76.927     0.550000         1375         2.22
      82.303     0.600000         1500         2.50
      88.895     0.650000         1625         2.86
      93.759     0.700000         1750         3.33
     103.423     0.750000         1878         4.00
     112.639     0.775000         1939         4.44
     122.687     0.800000         2001         5.00
     145.663     0.825000         2063         5.71
     149.375     0.850000         2125         6.67
     153.215     0.875000         2189         8.00
     153.983     0.887500         2218         8.89
     156.415     0.900000         2250        10.00
     161.279     0.912500         2281        11.43
     164.351     0.925000         2312        13.33
     173.311     0.937500         2343        16.00
     184.703     0.943750         2359        17.78
     191.359     0.950000         2375        20.00
     196.095     0.956250         2390        22.86
     214.143     0.962500         2406        26.67
     245.247     0.968750         2421        32.00
     247.551     0.971875         2429        35.56
     251.135     0.975000         2437        40.00
     252.415     0.978125         2445        45.71
     254.079     0.981250         2453        53.33
     255.743     0.984375         2460        64.00
     256.639     0.985938         2464        71.11
     259.199     0.987500         2468        80.00
     261.119     0.989062         2472        91.43
     266.495     0.990625         2476       106.67
     271.615     0.992188         2480       128.00
     272.383     0.992969         2482       142.22
     276.735     0.993750         2484       160.00
     279.295     0.994531         2486       182.86
     284.927     0.995313         2488       213.33
     290.303     0.996094         2490       256.00
     294.399     0.996484         2491       284.44
     310.015     0.996875         2492       320.00
     340.735     0.997266         2493       365.71
     345.599     0.997656         2494       426.67
     348.159     0.998047         2495       512.00
     348.159     0.998242         2495       568.89
     354.815     0.998437         2496       640.00
     354.815     0.998633         2496       731.43
     360.191     0.998828         2497       853.33
     360.191     0.999023         2497      1024.00
     360.191     0.999121         2497      1137.78
     399.615     0.999219         2498      1280.00
     399.615     0.999316         2498      1462.86
     399.615     0.999414         2498      1706.67
     399.615     0.999512         2498      2048.00
     399.615     0.999561         2498      2275.56
     459.519     0.999609         2499      2560.00
     459.519     1.000000         2499          inf
#[Mean    =       84.007, StdDeviation   =       55.893]
#[Max     =      459.264, Total count    =         2499]
#[Buckets =           27, SubBuckets     =         2048]
-----------------------------------------------------------------------
  2994 requests in 1.00m, 0.89MB read
Requests/sec:     49.89  
Transfer/sec:     15.21KB
