Running 1m test @ http://10.109.17.169/?loopCount=25&base=6&exp=6
  5 threads and 5 connections

  Thread calibration: mean lat.: 83.084ms, rate sampling interval: 286ms
  Thread calibration: mean lat.: 106.786ms, rate sampling interval: 454ms
  Thread calibration: mean lat.: 83.238ms, rate sampling interval: 344ms
  Thread calibration: mean lat.: 83.927ms, rate sampling interval: 284ms
  Thread calibration: mean lat.: 66.518ms, rate sampling interval: 219ms

-----------------------------------------------------------------------
Test Results @ http://10.109.17.169/?loopCount=25&base=6&exp=6 
  Thread Stats   Avg      Stdev     99%   +/- Stdev
    Latency   160.35ms  174.51ms 776.70ms   86.50%
    Req/Sec     9.56      3.05    18.00     82.69%
  Latency Distribution (HdrHistogram - Recorded Latency)
 50.000%   97.73ms
 75.000%  204.80ms
 90.000%  422.40ms
 99.000%  776.70ms
 99.900%  872.45ms
 99.990%  927.74ms
 99.999%  927.74ms
100.000%  927.74ms

  Detailed Percentile spectrum:
       Value   Percentile   TotalCount 1/(1-Percentile)

      21.615     0.000000            1         1.00
      40.799     0.100000          258         1.11
      41.695     0.200000          507         1.25
      49.503     0.300000          752         1.43
      63.935     0.400000         1002         1.67
      97.727     0.500000         1252         2.00
     103.679     0.550000         1377         2.22
     110.015     0.600000         1503         2.50
     123.135     0.650000         1627         2.86
     151.807     0.700000         1753         3.33
     205.055     0.750000         1879         4.00
     214.911     0.775000         1940         4.44
     233.215     0.800000         2004         5.00
     276.479     0.825000         2065         5.71
     313.599     0.850000         2128         6.67
     365.567     0.875000         2191         8.00
     404.991     0.887500         2222         8.89
     422.399     0.900000         2253        10.00
     458.495     0.912500         2284        11.43
     506.879     0.925000         2316        13.33
     540.159     0.937500         2347        16.00
     559.615     0.943750         2363        17.78
     598.015     0.950000         2379        20.00
     607.231     0.956250         2394        22.86
     621.055     0.962500         2410        26.67
     647.679     0.968750         2426        32.00
     665.599     0.971875         2433        35.56
     699.903     0.975000         2441        40.00
     706.559     0.978125         2450        45.71
     713.727     0.981250         2457        53.33
     732.159     0.984375         2464        64.00
     747.007     0.985938         2468        71.11
     754.175     0.987500         2472        80.00
     767.999     0.989062         2476        91.43
     800.255     0.990625         2480       106.67
     802.815     0.992188         2484       128.00
     804.351     0.992969         2486       142.22
     808.447     0.993750         2488       160.00
     810.495     0.994531         2490       182.86
     812.543     0.995313         2492       213.33
     816.639     0.996094         2494       256.00
     818.175     0.996484         2496       284.44
     818.175     0.996875         2496       320.00
     819.199     0.997266         2497       365.71
     821.759     0.997656         2498       426.67
     869.375     0.998047         2499       512.00
     869.375     0.998242         2499       568.89
     872.447     0.998437         2500       640.00
     872.447     0.998633         2500       731.43
     906.751     0.998828         2501       853.33
     906.751     0.999023         2501      1024.00
     906.751     0.999121         2501      1137.78
     912.383     0.999219         2502      1280.00
     912.383     0.999316         2502      1462.86
     912.383     0.999414         2502      1706.67
     912.383     0.999512         2502      2048.00
     912.383     0.999561         2502      2275.56
     927.743     0.999609         2503      2560.00
     927.743     1.000000         2503          inf
#[Mean    =      160.348, StdDeviation   =      174.510]
#[Max     =      927.232, Total count    =         2503]
#[Buckets =           27, SubBuckets     =         2048]
-----------------------------------------------------------------------
  2995 requests in 1.00m, 0.89MB read
Requests/sec:     49.91  
Transfer/sec:     15.22KB
