Running 1m test @ http://10.104.168.195/?loopCount=25&base=6&exp=6
  1 threads and 1 connections

  Thread calibration: mean lat.: 718.706ms, rate sampling interval: 2815ms

-----------------------------------------------------------------------
Test Results @ http://10.104.168.195/?loopCount=25&base=6&exp=6 
  Thread Stats   Avg      Stdev     99%   +/- Stdev
    Latency     6.47s     2.74s   10.94s    54.92%
    Req/Sec    19.71      1.27    22.00     88.24%
  Latency Distribution (HdrHistogram - Recorded Latency)
 50.000%    6.27s 
 75.000%    8.79s 
 90.000%   10.26s 
 99.000%   10.94s 
 99.900%   11.06s 
 99.990%   11.07s 
 99.999%   11.07s 
100.000%   11.07s 

  Detailed Percentile spectrum:
       Value   Percentile   TotalCount 1/(1-Percentile)

    1740.799     0.000000            1         1.00
    2723.839     0.100000          102         1.11
    3649.535     0.200000          204         1.25
    4767.743     0.300000          306         1.43
    5521.407     0.400000          408         1.67
    6266.879     0.500000          508         2.00
    6537.215     0.550000          562         2.22
    7172.095     0.600000          612         2.50
    7774.207     0.650000          663         2.86
    8351.743     0.700000          716         3.33
    8790.015     0.750000          763         4.00
    9273.343     0.775000          798         4.44
    9412.607     0.800000          813         5.00
    9551.871     0.825000          839         5.71
   10051.583     0.850000          864         6.67
   10125.311     0.875000          891         8.00
   10223.615     0.887500          903         8.89
   10256.383     0.900000          916        10.00
   10649.599     0.912500          930        11.43
   10665.983     0.925000          941        13.33
   10682.367     0.937500          957        16.00
   10690.559     0.943750          965        17.78
   10731.519     0.950000          967        20.00
   10846.207     0.956250          978        22.86
   10846.207     0.962500          978        26.67
   10854.399     0.968750          987        32.00
   10862.591     0.971875          988        35.56
   10887.167     0.975000          992        40.00
   10944.511     0.978125         1008        45.71
   10944.511     0.981250         1008        53.33
   10944.511     0.984375         1008        64.00
   10944.511     0.985938         1008        71.11
   10944.511     0.987500         1008        80.00
   10944.511     0.989062         1008        91.43
   10944.511     0.990625         1008       106.67
   10952.703     0.992188         1009       128.00
   10952.703     0.992969         1009       142.22
   11001.855     0.993750         1011       160.00
   11001.855     0.994531         1011       182.86
   11018.239     0.995313         1012       213.33
   11051.007     0.996094         1014       256.00
   11051.007     0.996484         1014       284.44
   11051.007     0.996875         1014       320.00
   11051.007     0.997266         1014       365.71
   11051.007     0.997656         1014       426.67
   11059.199     0.998047         1015       512.00
   11059.199     0.998242         1015       568.89
   11059.199     0.998437         1015       640.00
   11059.199     0.998633         1015       731.43
   11059.199     0.998828         1015       853.33
   11067.391     0.999023         1016      1024.00
   11067.391     1.000000         1016          inf
#[Mean    =     6470.130, StdDeviation   =     2736.556]
#[Max     =    11059.200, Total count    =         1016]
#[Buckets =           27, SubBuckets     =         2048]
-----------------------------------------------------------------------
  1222 requests in 1.00m, 372.35KB read
Requests/sec:     20.37  
Transfer/sec:      6.21KB
