Running 1m test @ http://10.104.168.195/?loopCount=25&base=6&exp=6
  5 threads and 5 connections

  Thread calibration: mean lat.: 119.400ms, rate sampling interval: 485ms
  Thread calibration: mean lat.: 128.903ms, rate sampling interval: 625ms
  Thread calibration: mean lat.: 196.085ms, rate sampling interval: 842ms
  Thread calibration: mean lat.: 157.354ms, rate sampling interval: 555ms
  Thread calibration: mean lat.: 103.101ms, rate sampling interval: 408ms

-----------------------------------------------------------------------
Test Results @ http://10.104.168.195/?loopCount=25&base=6&exp=6 
  Thread Stats   Avg      Stdev     99%   +/- Stdev
    Latency   931.24ms  810.68ms   3.37s    71.66%
    Req/Sec    13.91      3.11    22.00     82.56%
  Latency Distribution (HdrHistogram - Recorded Latency)
 50.000%  692.73ms
 75.000%    1.40s 
 90.000%    2.13s 
 99.000%    3.37s 
 99.900%    3.56s 
 99.990%    3.60s 
 99.999%    3.60s 
100.000%    3.60s 

  Detailed Percentile spectrum:
       Value   Percentile   TotalCount 1/(1-Percentile)

      23.343     0.000000            1         1.00
     110.911     0.100000          359         1.11
     226.943     0.200000          717         1.25
     363.007     0.300000         1077         1.43
     520.959     0.400000         1434         1.67
     692.735     0.500000         1793         2.00
     798.207     0.550000         1972         2.22
     910.335     0.600000         2151         2.50
     980.479     0.650000         2333         2.86
    1055.743     0.700000         2510         3.33
    1401.855     0.750000         2690         4.00
    1556.479     0.775000         2779         4.44
    1650.687     0.800000         2868         5.00
    1744.895     0.825000         2960         5.71
    1850.367     0.850000         3048         6.67
    1944.575     0.875000         3138         8.00
    1997.823     0.887500         3183         8.89
    2125.823     0.900000         3227        10.00
    2224.127     0.912500         3272        11.43
    2355.199     0.925000         3317        13.33
    2496.511     0.937500         3361        16.00
    2547.711     0.943750         3384        17.78
    2584.575     0.950000         3406        20.00
    2725.887     0.956250         3429        22.86
    2811.903     0.962500         3451        26.67
    3045.375     0.968750         3474        32.00
    3067.903     0.971875         3485        35.56
    3084.287     0.975000         3496        40.00
    3115.007     0.978125         3507        45.71
    3141.631     0.981250         3518        53.33
    3174.399     0.984375         3530        64.00
    3198.975     0.985938         3535        71.11
    3276.799     0.987500         3541        80.00
    3344.383     0.989062         3546        91.43
    3397.631     0.990625         3552       106.67
    3440.639     0.992188         3557       128.00
    3467.263     0.992969         3560       142.22
    3485.695     0.993750         3563       160.00
    3500.031     0.994531         3566       182.86
    3510.271     0.995313         3569       213.33
    3514.367     0.996094         3571       256.00
    3524.607     0.996484         3573       284.44
    3526.655     0.996875         3575       320.00
    3528.703     0.997266         3576       365.71
    3530.751     0.997656         3577       426.67
    3536.895     0.998047         3578       512.00
    3545.087     0.998242         3579       568.89
    3553.279     0.998437         3580       640.00
    3563.519     0.998633         3581       731.43
    3563.519     0.998828         3581       853.33
    3573.759     0.999023         3582      1024.00
    3573.759     0.999121         3582      1137.78
    3575.807     0.999219         3583      1280.00
    3575.807     0.999316         3583      1462.86
    3575.807     0.999414         3583      1706.67
    3602.431     0.999512         3584      2048.00
    3602.431     0.999561         3584      2275.56
    3602.431     0.999609         3584      2560.00
    3602.431     0.999658         3584      2925.71
    3602.431     0.999707         3584      3413.33
    3604.479     0.999756         3585      4096.00
    3604.479     1.000000         3585          inf
#[Mean    =      931.243, StdDeviation   =      810.684]
#[Max     =     3602.432, Total count    =         3585]
#[Buckets =           27, SubBuckets     =         2048]
-----------------------------------------------------------------------
  4307 requests in 1.00m, 1.28MB read
Requests/sec:     71.78  
Transfer/sec:     21.88KB
