Running 1m test @ http://10.107.61.219/?loopCount=25&base=6&exp=6
  1 threads and 1 connections

  Thread calibration: mean lat.: 547.386ms, rate sampling interval: 2068ms

-----------------------------------------------------------------------
Test Results @ http://10.107.61.219/?loopCount=25&base=6&exp=6 
  Thread Stats   Avg      Stdev     99%   +/- Stdev
    Latency     4.31s     1.75s    7.34s    60.73%
    Req/Sec    21.38      1.18    23.00     95.83%
  Latency Distribution (HdrHistogram - Recorded Latency)
 50.000%    4.35s 
 75.000%    5.90s 
 90.000%    6.53s 
 99.000%    7.34s 
 99.900%    7.41s 
 99.990%    7.47s 
 99.999%    7.47s 
100.000%    7.47s 

  Detailed Percentile spectrum:
       Value   Percentile   TotalCount 1/(1-Percentile)

    1252.351     0.000000            1         1.00
    1748.991     0.100000          110         1.11
    2355.199     0.200000          219         1.25
    3307.519     0.300000          330         1.43
    3858.431     0.400000          439         1.67
    4345.855     0.500000          548         2.00
    4612.095     0.550000          606         2.22
    4997.119     0.600000          660         2.50
    5140.479     0.650000          712         2.86
    5550.079     0.700000          767         3.33
    5902.335     0.750000          823         4.00
    5963.775     0.775000          855         4.44
    5992.447     0.800000          881         5.00
    6008.831     0.825000          906         5.71
    6377.471     0.850000          931         6.67
    6508.543     0.875000          964         8.00
    6524.927     0.887500          975         8.89
    6533.119     0.900000          986        10.00
    6586.367     0.912500         1001        11.43
    6860.799     0.925000         1015        13.33
    6934.527     0.937500         1030        16.00
    6946.815     0.943750         1035        17.78
    7061.503     0.950000         1041        20.00
    7081.983     0.956250         1051        22.86
    7131.135     0.962500         1054        26.67
    7180.287     0.968750         1061        32.00
    7221.247     0.971875         1065        35.56
    7233.535     0.975000         1068        40.00
    7237.631     0.978125         1072        45.71
    7282.687     0.981250         1076        53.33
    7323.647     0.984375         1078        64.00
    7340.031     0.985938         1084        71.11
    7340.031     0.987500         1084        80.00
    7340.031     0.989062         1084        91.43
    7344.127     0.990625         1085       106.67
    7352.319     0.992188         1087       128.00
    7364.607     0.992969         1089       142.22
    7364.607     0.993750         1089       160.00
    7368.703     0.994531         1092       182.86
    7368.703     0.995313         1092       213.33
    7368.703     0.996094         1092       256.00
    7368.703     0.996484         1092       284.44
    7368.703     0.996875         1092       320.00
    7376.895     0.997266         1093       365.71
    7376.895     0.997656         1093       426.67
    7376.895     0.998047         1093       512.00
    7413.759     0.998242         1094       568.89
    7413.759     0.998437         1094       640.00
    7413.759     0.998633         1094       731.43
    7413.759     0.998828         1094       853.33
    7413.759     0.999023         1094      1024.00
    7467.007     0.999121         1095      1137.78
    7467.007     1.000000         1095          inf
#[Mean    =     4305.163, StdDeviation   =     1748.352]
#[Max     =     7462.912, Total count    =         1095]
#[Buckets =           27, SubBuckets     =         2048]
-----------------------------------------------------------------------
  1313 requests in 1.00m, 400.06KB read
Requests/sec:     21.88  
Transfer/sec:      6.67KB
