Running 1m test @ http://10.107.61.219/?loopCount=25&base=6&exp=6
  5 threads and 5 connections

  Thread calibration: mean lat.: 102.102ms, rate sampling interval: 444ms
  Thread calibration: mean lat.: 71.853ms, rate sampling interval: 262ms
  Thread calibration: mean lat.: 120.279ms, rate sampling interval: 727ms
  Thread calibration: mean lat.: 74.403ms, rate sampling interval: 255ms
  Thread calibration: mean lat.: 66.081ms, rate sampling interval: 222ms

-----------------------------------------------------------------------
Test Results @ http://10.107.61.219/?loopCount=25&base=6&exp=6 
  Thread Stats   Avg      Stdev     99%   +/- Stdev
    Latency     1.46s     1.00s    3.59s    61.42%
    Req/Sec    13.86      4.36    23.00     84.18%
  Latency Distribution (HdrHistogram - Recorded Latency)
 50.000%    1.64s 
 75.000%    2.15s 
 90.000%    2.84s 
 99.000%    3.59s 
 99.900%    3.82s 
 99.990%    3.87s 
 99.999%    3.87s 
100.000%    3.87s 

  Detailed Percentile spectrum:
       Value   Percentile   TotalCount 1/(1-Percentile)

      21.199     0.000000            1         1.00
     150.783     0.100000          357         1.11
     360.447     0.200000          714         1.25
     633.855     0.300000         1071         1.43
    1071.103     0.400000         1429         1.67
    1637.375     0.500000         1785         2.00
    1727.487     0.550000         1964         2.22
    1844.223     0.600000         2142         2.50
    1937.407     0.650000         2320         2.86
    2036.735     0.700000         2499         3.33
    2148.351     0.750000         2679         4.00
    2222.079     0.775000         2766         4.44
    2283.519     0.800000         2857         5.00
    2347.007     0.825000         2945         5.71
    2418.687     0.850000         3034         6.67
    2613.247     0.875000         3123         8.00
    2721.791     0.887500         3168         8.89
    2844.671     0.900000         3213        10.00
    2934.783     0.912500         3259        11.43
    3016.703     0.925000         3303        13.33
    3268.607     0.937500         3348        16.00
    3323.903     0.943750         3372        17.78
    3344.383     0.950000         3391        20.00
    3364.863     0.956250         3414        22.86
    3416.063     0.962500         3436        26.67
    3463.167     0.968750         3459        32.00
    3491.839     0.971875         3469        35.56
    3512.319     0.975000         3480        40.00
    3522.559     0.978125         3491        45.71
    3538.943     0.981250         3503        53.33
    3555.327     0.984375         3514        64.00
    3559.423     0.985938         3519        71.11
    3567.615     0.987500         3525        80.00
    3579.903     0.989062         3530        91.43
    3594.239     0.990625         3536       106.67
    3627.007     0.992188         3543       128.00
    3645.439     0.992969         3544       142.22
    3651.583     0.993750         3547       160.00
    3690.495     0.994531         3551       182.86
    3704.831     0.995313         3553       213.33
    3717.119     0.996094         3556       256.00
    3719.167     0.996484         3558       284.44
    3719.167     0.996875         3558       320.00
    3753.983     0.997266         3560       365.71
    3758.079     0.997656         3561       426.67
    3784.703     0.998047         3563       512.00
    3784.703     0.998242         3563       568.89
    3796.991     0.998437         3564       640.00
    3819.519     0.998633         3565       731.43
    3819.519     0.998828         3565       853.33
    3827.711     0.999023         3566      1024.00
    3827.711     0.999121         3566      1137.78
    3842.047     0.999219         3567      1280.00
    3842.047     0.999316         3567      1462.86
    3842.047     0.999414         3567      1706.67
    3854.335     0.999512         3568      2048.00
    3854.335     0.999561         3568      2275.56
    3854.335     0.999609         3568      2560.00
    3854.335     0.999658         3568      2925.71
    3854.335     0.999707         3568      3413.33
    3868.671     0.999756         3569      4096.00
    3868.671     1.000000         3569          inf
#[Mean    =     1464.288, StdDeviation   =     1000.427]
#[Max     =     3866.624, Total count    =         3569]
#[Buckets =           27, SubBuckets     =         2048]
-----------------------------------------------------------------------
  4301 requests in 1.00m, 1.28MB read
Requests/sec:     71.68  
Transfer/sec:     21.85KB
