Running 1m test @ http://10.104.168.195/?loopCount=25&base=6&exp=6
  5 threads and 5 connections

  Thread calibration: mean lat.: 149.784ms, rate sampling interval: 528ms
  Thread calibration: mean lat.: 172.114ms, rate sampling interval: 570ms
  Thread calibration: mean lat.: 296.768ms, rate sampling interval: 1101ms
  Thread calibration: mean lat.: 296.688ms, rate sampling interval: 1249ms
  Thread calibration: mean lat.: 125.326ms, rate sampling interval: 479ms

-----------------------------------------------------------------------
Test Results @ http://10.104.168.195/?loopCount=25&base=6&exp=6 
  Thread Stats   Avg      Stdev     99%   +/- Stdev
    Latency   649.50ms  481.41ms   2.39s    70.51%
    Req/Sec    14.20      2.74    20.00     81.08%
  Latency Distribution (HdrHistogram - Recorded Latency)
 50.000%  567.29ms
 75.000%  908.80ms
 90.000%    1.20s 
 99.000%    2.39s 
 99.900%    2.54s 
 99.990%    2.59s 
 99.999%    2.59s 
100.000%    2.59s 

  Detailed Percentile spectrum:
       Value   Percentile   TotalCount 1/(1-Percentile)

      21.887     0.000000            1         1.00
     100.351     0.100000          367         1.11
     225.407     0.200000          734         1.25
     348.927     0.300000         1100         1.43
     435.967     0.400000         1467         1.67
     567.295     0.500000         1834         2.00
     646.143     0.550000         2017         2.22
     711.167     0.600000         2200         2.50
     782.847     0.650000         2383         2.86
     855.551     0.700000         2569         3.33
     908.799     0.750000         2750         4.00
     935.935     0.775000         2842         4.44
     987.135     0.800000         2933         5.00
    1038.847     0.825000         3025         5.71
    1105.919     0.850000         3117         6.67
    1153.023     0.875000         3209         8.00
    1176.575     0.887500         3254         8.89
    1201.151     0.900000         3301        10.00
    1240.063     0.912500         3348        11.43
    1276.927     0.925000         3392        13.33
    1336.319     0.937500         3437        16.00
    1400.831     0.943750         3460        17.78
    1567.743     0.950000         3484        20.00
    1617.919     0.956250         3507        22.86
    1758.207     0.962500         3529        26.67
    1858.559     0.968750         3552        32.00
    1892.351     0.971875         3563        35.56
    1942.527     0.975000         3575        40.00
    2029.567     0.978125         3586        45.71
    2201.599     0.981250         3598        53.33
    2260.991     0.984375         3609        64.00
    2289.663     0.985938         3615        71.11
    2322.431     0.987500         3621        80.00
    2365.439     0.989062         3626        91.43
    2394.111     0.990625         3633       106.67
    2420.735     0.992188         3638       128.00
    2426.879     0.992969         3641       142.22
    2447.359     0.993750         3644       160.00
    2451.455     0.994531         3646       182.86
    2461.695     0.995313         3649       213.33
    2471.935     0.996094         3652       256.00
    2478.079     0.996484         3654       284.44
    2488.319     0.996875         3655       320.00
    2492.415     0.997266         3656       365.71
    2504.703     0.997656         3658       426.67
    2514.943     0.998047         3659       512.00
    2525.183     0.998242         3660       568.89
    2529.279     0.998437         3661       640.00
    2529.279     0.998633         3661       731.43
    2537.471     0.998828         3662       853.33
    2539.519     0.999023         3663      1024.00
    2539.519     0.999121         3663      1137.78
    2564.095     0.999219         3664      1280.00
    2564.095     0.999316         3664      1462.86
    2564.095     0.999414         3664      1706.67
    2568.191     0.999512         3665      2048.00
    2568.191     0.999561         3665      2275.56
    2568.191     0.999609         3665      2560.00
    2568.191     0.999658         3665      2925.71
    2568.191     0.999707         3665      3413.33
    2594.815     0.999756         3666      4096.00
    2594.815     1.000000         3666          inf
#[Mean    =      649.502, StdDeviation   =      481.412]
#[Max     =     2592.768, Total count    =         3666]
#[Buckets =           27, SubBuckets     =         2048]
-----------------------------------------------------------------------
  4396 requests in 1.00m, 1.31MB read
Requests/sec:     73.26  
Transfer/sec:     22.33KB
