Running 1m test @ http://10.107.61.219/?loopCount=25&base=6&exp=6
  5 threads and 5 connections

  Thread calibration: mean lat.: 556.978ms, rate sampling interval: 2287ms
  Thread calibration: mean lat.: 306.328ms, rate sampling interval: 1412ms
  Thread calibration: mean lat.: 420.693ms, rate sampling interval: 1224ms
  Thread calibration: mean lat.: 367.559ms, rate sampling interval: 1126ms
  Thread calibration: mean lat.: 172.200ms, rate sampling interval: 593ms

-----------------------------------------------------------------------
Test Results @ http://10.107.61.219/?loopCount=25&base=6&exp=6 
  Thread Stats   Avg      Stdev     99%   +/- Stdev
    Latency     1.85s   887.44ms   3.36s    59.13%
    Req/Sec    13.81      2.32    18.00     86.61%
  Latency Distribution (HdrHistogram - Recorded Latency)
 50.000%    1.77s 
 75.000%    2.63s 
 90.000%    3.13s 
 99.000%    3.36s 
 99.900%    3.53s 
 99.990%    3.59s 
 99.999%    3.59s 
100.000%    3.59s 

  Detailed Percentile spectrum:
       Value   Percentile   TotalCount 1/(1-Percentile)

      40.319     0.000000            1         1.00
     658.943     0.100000          358         1.11
    1049.599     0.200000          716         1.25
    1407.999     0.300000         1074         1.43
    1580.031     0.400000         1434         1.67
    1769.471     0.500000         1790         2.00
    1849.343     0.550000         1974         2.22
    2088.959     0.600000         2148         2.50
    2195.455     0.650000         2327         2.86
    2347.007     0.700000         2506         3.33
    2631.679     0.750000         2686         4.00
    2758.655     0.775000         2775         4.44
    2844.671     0.800000         2868         5.00
    2914.303     0.825000         2954         5.71
    2973.695     0.850000         3043         6.67
    3047.423     0.875000         3133         8.00
    3096.575     0.887500         3179         8.89
    3129.343     0.900000         3225        10.00
    3164.159     0.912500         3267        11.43
    3186.687     0.925000         3315        13.33
    3207.167     0.937500         3363        16.00
    3221.503     0.943750         3381        17.78
    3237.887     0.950000         3404        20.00
    3254.271     0.956250         3424        22.86
    3270.655     0.962500         3452        26.67
    3280.895     0.968750         3473        32.00
    3287.039     0.971875         3480        35.56
    3295.231     0.975000         3492        40.00
    3303.423     0.978125         3502        45.71
    3313.663     0.981250         3513        53.33
    3323.903     0.984375         3525        64.00
    3340.287     0.985938         3530        71.11
    3348.479     0.987500         3540        80.00
    3350.527     0.989062         3541        91.43
    3368.959     0.990625         3547       106.67
    3375.103     0.992188         3553       128.00
    3377.151     0.992969         3555       142.22
    3385.343     0.993750         3558       160.00
    3391.487     0.994531         3561       182.86
    3401.727     0.995313         3564       213.33
    3414.015     0.996094         3567       256.00
    3416.063     0.996484         3568       284.44
    3422.207     0.996875         3569       320.00
    3457.023     0.997266         3571       365.71
    3475.455     0.997656         3572       426.67
    3510.271     0.998047         3574       512.00
    3510.271     0.998242         3574       568.89
    3520.511     0.998437         3575       640.00
    3532.799     0.998633         3576       731.43
    3532.799     0.998828         3576       853.33
    3551.231     0.999023         3577      1024.00
    3551.231     0.999121         3577      1137.78
    3557.375     0.999219         3578      1280.00
    3557.375     0.999316         3578      1462.86
    3557.375     0.999414         3578      1706.67
    3571.711     0.999512         3579      2048.00
    3571.711     0.999561         3579      2275.56
    3571.711     0.999609         3579      2560.00
    3571.711     0.999658         3579      2925.71
    3571.711     0.999707         3579      3413.33
    3590.143     0.999756         3580      4096.00
    3590.143     1.000000         3580          inf
#[Mean    =     1854.946, StdDeviation   =      887.439]
#[Max     =     3588.096, Total count    =         3580]
#[Buckets =           27, SubBuckets     =         2048]
-----------------------------------------------------------------------
  4286 requests in 1.00m, 1.28MB read
Requests/sec:     71.43  
Transfer/sec:     21.77KB
