Running 1m test @ http://10.107.61.219/?loopCount=25&base=6&exp=6
  5 threads and 5 connections

  Thread calibration: mean lat.: 56.001ms, rate sampling interval: 182ms
  Thread calibration: mean lat.: 60.307ms, rate sampling interval: 203ms
  Thread calibration: mean lat.: 54.192ms, rate sampling interval: 156ms
  Thread calibration: mean lat.: 53.232ms, rate sampling interval: 165ms
  Thread calibration: mean lat.: 53.309ms, rate sampling interval: 150ms

-----------------------------------------------------------------------
Test Results @ http://10.107.61.219/?loopCount=25&base=6&exp=6 
  Thread Stats   Avg      Stdev     99%   +/- Stdev
    Latency    87.73ms   70.92ms 374.53ms   88.76%
    Req/Sec     9.51      3.88    20.00     89.63%
  Latency Distribution (HdrHistogram - Recorded Latency)
 50.000%   60.10ms
 75.000%  115.84ms
 90.000%  172.67ms
 99.000%  374.53ms
 99.900%  527.36ms
 99.990%  621.57ms
 99.999%  621.57ms
100.000%  621.57ms

  Detailed Percentile spectrum:
       Value   Percentile   TotalCount 1/(1-Percentile)

      21.663     0.000000            1         1.00
      40.671     0.100000          260         1.11
      41.375     0.200000          513         1.25
      42.111     0.300000          752         1.43
      48.895     0.400000         1001         1.67
      60.095     0.500000         1250         2.00
      72.959     0.550000         1375         2.22
      75.007     0.600000         1501         2.50
      81.727     0.650000         1625         2.86
      91.071     0.700000         1750         3.33
     115.903     0.750000         1875         4.00
     119.743     0.775000         1938         4.44
     122.623     0.800000         2000         5.00
     126.207     0.825000         2065         5.71
     132.095     0.850000         2127         6.67
     143.231     0.875000         2187         8.00
     158.719     0.887500         2218         8.89
     172.799     0.900000         2250        10.00
     189.951     0.912500         2282        11.43
     215.679     0.925000         2313        13.33
     223.743     0.937500         2343        16.00
     226.687     0.943750         2359        17.78
     230.143     0.950000         2375        20.00
     233.343     0.956250         2390        22.86
     242.815     0.962500         2406        26.67
     274.943     0.968750         2422        32.00
     285.695     0.971875         2429        35.56
     311.807     0.975000         2437        40.00
     321.279     0.978125         2445        45.71
     325.631     0.981250         2453        53.33
     331.519     0.984375         2460        64.00
     334.847     0.985938         2464        71.11
     342.015     0.987500         2468        80.00
     372.991     0.989062         2473        91.43
     375.551     0.990625         2476       106.67
     388.095     0.992188         2480       128.00
     415.487     0.992969         2482       142.22
     420.095     0.993750         2484       160.00
     422.655     0.994531         2486       182.86
     427.263     0.995313         2489       213.33
     435.455     0.996094         2490       256.00
     436.479     0.996484         2491       284.44
     444.671     0.996875         2492       320.00
     470.783     0.997266         2493       365.71
     472.575     0.997656         2494       426.67
     483.583     0.998047         2495       512.00
     483.583     0.998242         2495       568.89
     504.063     0.998437         2496       640.00
     504.063     0.998633         2496       731.43
     527.359     0.998828         2497       853.33
     527.359     0.999023         2497      1024.00
     527.359     0.999121         2497      1137.78
     562.175     0.999219         2498      1280.00
     562.175     0.999316         2498      1462.86
     562.175     0.999414         2498      1706.67
     562.175     0.999512         2498      2048.00
     562.175     0.999561         2498      2275.56
     621.567     0.999609         2499      2560.00
     621.567     1.000000         2499          inf
#[Mean    =       87.726, StdDeviation   =       70.920]
#[Max     =      621.056, Total count    =         2499]
#[Buckets =           27, SubBuckets     =         2048]
-----------------------------------------------------------------------
  2994 requests in 1.00m, 0.89MB read
Requests/sec:     49.90  
Transfer/sec:     15.21KB
