Running 1m test @ http://10.104.168.195/?loopCount=25&base=6&exp=6
  5 threads and 5 connections

  Thread calibration: mean lat.: 88.911ms, rate sampling interval: 349ms
  Thread calibration: mean lat.: 88.318ms, rate sampling interval: 345ms
  Thread calibration: mean lat.: 94.772ms, rate sampling interval: 381ms
  Thread calibration: mean lat.: 75.726ms, rate sampling interval: 237ms
  Thread calibration: mean lat.: 95.500ms, rate sampling interval: 362ms

-----------------------------------------------------------------------
Test Results @ http://10.104.168.195/?loopCount=25&base=6&exp=6 
  Thread Stats   Avg      Stdev     99%   +/- Stdev
    Latency   114.46ms   85.62ms 390.91ms   84.19%
    Req/Sec     9.50      2.65    16.00     85.90%
  Latency Distribution (HdrHistogram - Recorded Latency)
 50.000%   91.97ms
 75.000%  172.16ms
 90.000%  225.02ms
 99.000%  390.91ms
 99.900%  492.29ms
 99.990%  574.46ms
 99.999%  574.46ms
100.000%  574.46ms

  Detailed Percentile spectrum:
       Value   Percentile   TotalCount 1/(1-Percentile)

      22.287     0.000000            1         1.00
      40.703     0.100000          255         1.11
      41.407     0.200000          501         1.25
      42.879     0.300000          754         1.43
      80.063     0.400000         1002         1.67
      91.967     0.500000         1252         2.00
      96.895     0.550000         1381         2.22
     102.719     0.600000         1503         2.50
     111.039     0.650000         1631         2.86
     122.943     0.700000         1753         3.33
     172.159     0.750000         1878         4.00
     177.919     0.775000         1945         4.44
     183.551     0.800000         2005         5.00
     190.463     0.825000         2066         5.71
     197.887     0.850000         2129         6.67
     211.583     0.875000         2191         8.00
     219.391     0.887500         2224         8.89
     225.023     0.900000         2254        10.00
     253.823     0.912500         2285        11.43
     276.991     0.925000         2318        13.33
     280.831     0.937500         2348        16.00
     285.183     0.943750         2364        17.78
     290.303     0.950000         2379        20.00
     294.143     0.956250         2396        22.86
     306.175     0.962500         2411        26.67
     317.183     0.968750         2426        32.00
     323.839     0.971875         2434        35.56
     332.287     0.975000         2442        40.00
     371.711     0.978125         2450        45.71
     376.319     0.981250         2458        53.33
     379.903     0.984375         2465        64.00
     383.231     0.985938         2470        71.11
     386.815     0.987500         2474        80.00
     389.119     0.989062         2477        91.43
     392.447     0.990625         2481       106.67
     397.823     0.992188         2485       128.00
     402.175     0.992969         2487       142.22
     419.327     0.993750         2489       160.00
     421.887     0.994531         2491       182.86
     429.567     0.995313         2493       213.33
     472.575     0.996094         2495       256.00
     475.135     0.996484         2496       284.44
     478.463     0.996875         2497       320.00
     479.999     0.997266         2498       365.71
     483.071     0.997656         2499       426.67
     488.959     0.998047         2500       512.00
     488.959     0.998242         2500       568.89
     492.287     0.998437         2501       640.00
     492.287     0.998633         2501       731.43
     507.903     0.998828         2502       853.33
     507.903     0.999023         2502      1024.00
     507.903     0.999121         2502      1137.78
     522.751     0.999219         2503      1280.00
     522.751     0.999316         2503      1462.86
     522.751     0.999414         2503      1706.67
     522.751     0.999512         2503      2048.00
     522.751     0.999561         2503      2275.56
     574.463     0.999609         2504      2560.00
     574.463     1.000000         2504          inf
#[Mean    =      114.459, StdDeviation   =       85.624]
#[Max     =      573.952, Total count    =         2504]
#[Buckets =           27, SubBuckets     =         2048]
-----------------------------------------------------------------------
  2995 requests in 1.00m, 0.89MB read
Requests/sec:     49.91  
Transfer/sec:     15.22KB
