Running 1m test @ http://10.107.61.219/?loopCount=25&base=6&exp=6
  1 threads and 1 connections

  Thread calibration: mean lat.: 731.598ms, rate sampling interval: 2580ms

-----------------------------------------------------------------------
Test Results @ http://10.107.61.219/?loopCount=25&base=6&exp=6 
  Thread Stats   Avg      Stdev     99%   +/- Stdev
    Latency     4.99s     2.19s    8.76s    59.96%
    Req/Sec    20.79      0.95    22.00    100.00%
  Latency Distribution (HdrHistogram - Recorded Latency)
 50.000%    4.91s 
 75.000%    6.92s 
 90.000%    7.93s 
 99.000%    8.76s 
 99.900%    8.79s 
 99.990%    8.80s 
 99.999%    8.80s 
100.000%    8.80s 

  Detailed Percentile spectrum:
       Value   Percentile   TotalCount 1/(1-Percentile)

    1343.487     0.000000            3         1.00
    2096.127     0.100000          107         1.11
    2729.983     0.200000          214         1.25
    3436.543     0.300000          321         1.43
    4284.415     0.400000          426         1.67
    4911.103     0.500000          534         2.00
    5365.759     0.550000          590         2.22
    5582.847     0.600000          639         2.50
    6139.903     0.650000          692         2.86
    6619.135     0.700000          748         3.33
    6918.143     0.750000          799         4.00
    7114.751     0.775000          825         4.44
    7180.287     0.800000          853         5.00
    7454.719     0.825000          880         5.71
    7745.535     0.850000          906         6.67
    7761.919     0.875000          934         8.00
    7913.471     0.887500          949         8.89
    7933.951     0.900000          961        10.00
    8163.327     0.912500          971        11.43
    8327.167     0.925000          986        13.33
    8413.183     0.937500          999        16.00
    8421.375     0.943750         1005        17.78
    8454.143     0.950000         1011        20.00
    8634.367     0.956250         1023        22.86
    8642.559     0.962500         1032        26.67
    8642.559     0.968750         1032        32.00
    8650.751     0.971875         1039        35.56
    8650.751     0.975000         1039        40.00
    8658.943     0.978125         1043        45.71
    8708.095     0.981250         1050        53.33
    8708.095     0.984375         1050        64.00
    8708.095     0.985938         1050        71.11
    8732.671     0.987500         1051        80.00
    8757.247     0.989062         1054        91.43
    8765.439     0.990625         1056       106.67
    8765.439     0.992188         1056       128.00
    8781.823     0.992969         1059       142.22
    8781.823     0.993750         1059       160.00
    8781.823     0.994531         1059       182.86
    8790.015     0.995313         1063       213.33
    8790.015     0.996094         1063       256.00
    8790.015     0.996484         1063       284.44
    8790.015     0.996875         1063       320.00
    8790.015     0.997266         1063       365.71
    8790.015     0.997656         1063       426.67
    8790.015     0.998047         1063       512.00
    8790.015     0.998242         1063       568.89
    8790.015     0.998437         1063       640.00
    8790.015     0.998633         1063       731.43
    8790.015     0.998828         1063       853.33
    8790.015     0.999023         1063      1024.00
    8798.207     0.999121         1064      1137.78
    8798.207     1.000000         1064          inf
#[Mean    =     4988.118, StdDeviation   =     2193.619]
#[Max     =     8790.016, Total count    =         1064]
#[Buckets =           27, SubBuckets     =         2048]
-----------------------------------------------------------------------
  1280 requests in 1.00m, 390.00KB read
Requests/sec:     21.33  
Transfer/sec:      6.50KB
