Running 1m test @ http://10.109.17.169/?loopCount=25&base=6&exp=6
  1 threads and 1 connections

  Thread calibration: mean lat.: 694.895ms, rate sampling interval: 2537ms

-----------------------------------------------------------------------
Test Results @ http://10.109.17.169/?loopCount=25&base=6&exp=6 
  Thread Stats   Avg      Stdev     99%   +/- Stdev
    Latency     6.04s     2.44s   10.22s    57.36%
    Req/Sec    20.16      1.66    23.00     89.47%
  Latency Distribution (HdrHistogram - Recorded Latency)
 50.000%    5.86s 
 75.000%    8.13s 
 90.000%    9.63s 
 99.000%   10.22s 
 99.900%   10.27s 
 99.990%   10.32s 
 99.999%   10.32s 
100.000%   10.32s 

  Detailed Percentile spectrum:
       Value   Percentile   TotalCount 1/(1-Percentile)

    1569.791     0.000000            1         1.00
    2578.431     0.100000          104         1.11
    3522.559     0.200000          208         1.25
    4571.135     0.300000          312         1.43
    5488.639     0.400000          414         1.67
    5857.279     0.500000          517         2.00
    6324.223     0.550000          575         2.22
    6905.855     0.600000          621         2.50
    7167.999     0.650000          671         2.86
    7651.327     0.700000          727         3.33
    8134.655     0.750000          777         4.00
    8462.335     0.775000          805         4.44
    8601.599     0.800000          836         5.00
    8658.943     0.825000          852         5.71
    8724.479     0.850000          878         6.67
    8945.663     0.875000          904         8.00
    9379.839     0.887500          916         8.89
    9633.791     0.900000          933        10.00
    9666.559     0.912500          949        11.43
    9740.287     0.925000          955        13.33
    9822.207     0.937500          969        16.00
    9846.783     0.943750          977        17.78
    9928.703     0.950000          985        20.00
    9961.471     0.956250          992        22.86
    9994.239     0.962500          994        26.67
   10035.199     0.968750         1008        32.00
   10035.199     0.971875         1008        35.56
   10035.199     0.975000         1008        40.00
   10092.543     0.978125         1011        45.71
   10190.847     0.981250         1014        53.33
   10223.615     0.984375         1023        64.00
   10223.615     0.985938         1023        71.11
   10223.615     0.987500         1023        80.00
   10223.615     0.989062         1023        91.43
   10223.615     0.990625         1023       106.67
   10248.191     0.992188         1025       128.00
   10248.191     0.992969         1025       142.22
   10256.383     0.993750         1030       160.00
   10256.383     0.994531         1030       182.86
   10256.383     0.995313         1030       213.33
   10256.383     0.996094         1030       256.00
   10256.383     0.996484         1030       284.44
   10256.383     0.996875         1030       320.00
   10256.383     0.997266         1030       365.71
   10256.383     0.997656         1030       426.67
   10256.383     0.998047         1030       512.00
   10272.767     0.998242         1031       568.89
   10272.767     0.998437         1031       640.00
   10272.767     0.998633         1031       731.43
   10272.767     0.998828         1031       853.33
   10272.767     0.999023         1031      1024.00
   10321.919     0.999121         1032      1137.78
   10321.919     1.000000         1032          inf
#[Mean    =     6038.227, StdDeviation   =     2442.442]
#[Max     =    10313.728, Total count    =         1032]
#[Buckets =           27, SubBuckets     =         2048]
-----------------------------------------------------------------------
  1242 requests in 1.00m, 378.43KB read
Requests/sec:     20.70  
Transfer/sec:      6.31KB
