Running 1m test @ http://10.109.17.169/?loopCount=25&base=6&exp=6
  5 threads and 5 connections

  Thread calibration: mean lat.: 542.473ms, rate sampling interval: 1752ms
  Thread calibration: mean lat.: 396.517ms, rate sampling interval: 1051ms
  Thread calibration: mean lat.: 399.880ms, rate sampling interval: 1070ms
  Thread calibration: mean lat.: 460.288ms, rate sampling interval: 1329ms
  Thread calibration: mean lat.: 299.655ms, rate sampling interval: 912ms

-----------------------------------------------------------------------
Test Results @ http://10.109.17.169/?loopCount=25&base=6&exp=6 
  Thread Stats   Avg      Stdev     99%   +/- Stdev
    Latency   910.75ms  638.44ms   2.46s    66.20%
    Req/Sec    14.43      1.99    18.00     92.45%
  Latency Distribution (HdrHistogram - Recorded Latency)
 50.000%  901.12ms
 75.000%    1.18s 
 90.000%    1.93s 
 99.000%    2.46s 
 99.900%    2.51s 
 99.990%    2.54s 
 99.999%    2.54s 
100.000%    2.54s 

  Detailed Percentile spectrum:
       Value   Percentile   TotalCount 1/(1-Percentile)

      22.463     0.000000            1         1.00
     148.607     0.100000          373         1.11
     278.783     0.200000          743         1.25
     465.663     0.300000         1114         1.43
     696.831     0.400000         1486         1.67
     901.119     0.500000         1860         2.00
     964.095     0.550000         2044         2.22
    1013.247     0.600000         2228         2.50
    1067.007     0.650000         2418         2.86
    1130.495     0.700000         2603         3.33
    1184.767     0.750000         2785         4.00
    1218.559     0.775000         2879         4.44
    1271.807     0.800000         2971         5.00
    1348.607     0.825000         3065         5.71
    1461.247     0.850000         3157         6.67
    1774.591     0.875000         3249         8.00
    1847.295     0.887500         3296         8.89
    1932.287     0.900000         3342        10.00
    2095.103     0.912500         3389        11.43
    2234.367     0.925000         3437        13.33
    2279.423     0.937500         3487        16.00
    2295.807     0.943750         3506        17.78
    2316.287     0.950000         3532        20.00
    2336.767     0.956250         3552        22.86
    2353.151     0.962500         3574        26.67
    2377.727     0.968750         3598        32.00
    2385.919     0.971875         3609        35.56
    2394.111     0.975000         3621        40.00
    2406.399     0.978125         3633        45.71
    2414.591     0.981250         3644        53.33
    2430.975     0.984375         3655        64.00
    2437.119     0.985938         3661        71.11
    2447.359     0.987500         3670        80.00
    2451.455     0.989062         3674        91.43
    2467.839     0.990625         3679       106.67
    2471.935     0.992188         3684       128.00
    2473.983     0.992969         3688       142.22
    2478.079     0.993750         3692       160.00
    2480.127     0.994531         3693       182.86
    2484.223     0.995313         3696       213.33
    2492.415     0.996094         3699       256.00
    2494.463     0.996484         3701       284.44
    2500.607     0.996875         3702       320.00
    2502.655     0.997266         3705       365.71
    2502.655     0.997656         3705       426.67
    2504.703     0.998047         3706       512.00
    2506.751     0.998242         3707       568.89
    2508.799     0.998437         3708       640.00
    2508.799     0.998633         3708       731.43
    2514.943     0.998828         3710       853.33
    2514.943     0.999023         3710      1024.00
    2514.943     0.999121         3710      1137.78
    2516.991     0.999219         3711      1280.00
    2516.991     0.999316         3711      1462.86
    2516.991     0.999414         3711      1706.67
    2535.423     0.999512         3712      2048.00
    2535.423     0.999561         3712      2275.56
    2535.423     0.999609         3712      2560.00
    2535.423     0.999658         3712      2925.71
    2535.423     0.999707         3712      3413.33
    2541.567     0.999756         3713      4096.00
    2541.567     1.000000         3713          inf
#[Mean    =      910.747, StdDeviation   =      638.435]
#[Max     =     2539.520, Total count    =         3713]
#[Buckets =           27, SubBuckets     =         2048]
-----------------------------------------------------------------------
  4427 requests in 1.00m, 1.32MB read
Requests/sec:     73.78  
Transfer/sec:     22.49KB
