Running 1m test @ http://10.104.168.195/?loopCount=25&base=6&exp=6
  5 threads and 5 connections

  Thread calibration: mean lat.: 113.020ms, rate sampling interval: 491ms
  Thread calibration: mean lat.: 85.271ms, rate sampling interval: 378ms
  Thread calibration: mean lat.: 85.611ms, rate sampling interval: 314ms
  Thread calibration: mean lat.: 87.794ms, rate sampling interval: 284ms
  Thread calibration: mean lat.: 104.976ms, rate sampling interval: 478ms

-----------------------------------------------------------------------
Test Results @ http://10.104.168.195/?loopCount=25&base=6&exp=6 
  Thread Stats   Avg      Stdev     99%   +/- Stdev
    Latency    99.62ms   75.57ms 338.17ms   83.18%
    Req/Sec     9.58      2.40    15.00     81.25%
  Latency Distribution (HdrHistogram - Recorded Latency)
 50.000%   89.09ms
 75.000%  122.88ms
 90.000%  207.10ms
 99.000%  338.17ms
 99.900%  423.17ms
 99.990%  507.90ms
 99.999%  507.90ms
100.000%  507.90ms

  Detailed Percentile spectrum:
       Value   Percentile   TotalCount 1/(1-Percentile)

      21.199     0.000000            1         1.00
      40.511     0.100000          255         1.11
      41.151     0.200000          501         1.25
      41.855     0.300000          754         1.43
      44.031     0.400000         1003         1.67
      89.087     0.500000         1253         2.00
      98.175     0.550000         1379         2.22
     104.703     0.600000         1505         2.50
     107.903     0.650000         1628         2.86
     114.303     0.700000         1753         3.33
     122.943     0.750000         1878         4.00
     130.751     0.775000         1940         4.44
     139.647     0.800000         2003         5.00
     149.759     0.825000         2065         5.71
     190.207     0.850000         2128         6.67
     199.167     0.875000         2192         8.00
     201.215     0.887500         2222         8.89
     207.103     0.900000         2254        10.00
     212.479     0.912500         2284        11.43
     222.591     0.925000         2316        13.33
     232.319     0.937500         2348        16.00
     238.079     0.943750         2363        17.78
     242.943     0.950000         2378        20.00
     289.023     0.956250         2395        22.86
     292.607     0.962500         2410        26.67
     297.727     0.968750         2426        32.00
     300.543     0.971875         2433        35.56
     305.663     0.975000         2441        40.00
     310.527     0.978125         2450        45.71
     314.367     0.981250         2457        53.33
     323.327     0.984375         2464        64.00
     328.959     0.985938         2469        71.11
     333.311     0.987500         2472        80.00
     336.383     0.989062         2476        91.43
     342.015     0.990625         2480       106.67
     388.863     0.992188         2485       128.00
     389.631     0.992969         2486       142.22
     391.423     0.993750         2488       160.00
     393.471     0.994531         2490       182.86
     395.775     0.995313         2492       213.33
     404.991     0.996094         2494       256.00
     406.783     0.996484         2495       284.44
     408.831     0.996875         2496       320.00
     415.743     0.997266         2497       365.71
     417.791     0.997656         2498       426.67
     421.631     0.998047         2499       512.00
     421.631     0.998242         2499       568.89
     423.167     0.998437         2500       640.00
     423.167     0.998633         2500       731.43
     447.487     0.998828         2501       853.33
     447.487     0.999023         2501      1024.00
     447.487     0.999121         2501      1137.78
     494.335     0.999219         2502      1280.00
     494.335     0.999316         2502      1462.86
     494.335     0.999414         2502      1706.67
     494.335     0.999512         2502      2048.00
     494.335     0.999561         2502      2275.56
     507.903     0.999609         2503      2560.00
     507.903     1.000000         2503          inf
#[Mean    =       99.622, StdDeviation   =       75.569]
#[Max     =      507.648, Total count    =         2503]
#[Buckets =           27, SubBuckets     =         2048]
-----------------------------------------------------------------------
  2995 requests in 1.00m, 0.89MB read
Requests/sec:     49.91  
Transfer/sec:     15.22KB
