Running 1m test @ http://10.109.17.169/?loopCount=25&base=6&exp=6
  1 threads and 1 connections

  Thread calibration: mean lat.: 486.432ms, rate sampling interval: 1560ms

-----------------------------------------------------------------------
Test Results @ http://10.109.17.169/?loopCount=25&base=6&exp=6 
  Thread Stats   Avg      Stdev     99%   +/- Stdev
    Latency     3.49s     1.68s    6.19s    51.52%
    Req/Sec    21.91      1.40    24.00     90.62%
  Latency Distribution (HdrHistogram - Recorded Latency)
 50.000%    3.59s 
 75.000%    4.86s 
 90.000%    5.89s 
 99.000%    6.19s 
 99.900%    6.21s 
 99.990%    6.22s 
 99.999%    6.22s 
100.000%    6.22s 

  Detailed Percentile spectrum:
       Value   Percentile   TotalCount 1/(1-Percentile)

     933.375     0.000000            1         1.00
    1159.167     0.100000          113         1.11
    1565.695     0.200000          224         1.25
    2295.807     0.300000          337         1.43
    2942.975     0.400000          448         1.67
    3594.239     0.500000          561         2.00
    3719.167     0.550000          616         2.22
    4087.807     0.600000          673         2.50
    4276.223     0.650000          730         2.86
    4702.207     0.700000          792         3.33
    4857.855     0.750000          839         4.00
    5222.399     0.775000          868         4.44
    5296.127     0.800000          896         5.00
    5451.775     0.825000          923         5.71
    5562.367     0.850000          952         6.67
    5730.303     0.875000          984         8.00
    5763.071     0.887500          997         8.89
    5890.047     0.900000         1013        10.00
    5902.335     0.912500         1022        11.43
    5996.543     0.925000         1035        13.33
    6029.311     0.937500         1050        16.00
    6078.463     0.943750         1056        17.78
    6094.847     0.950000         1063        20.00
    6131.711     0.956250         1071        22.86
    6139.903     0.962500         1077        26.67
    6143.999     0.968750         1088        32.00
    6143.999     0.971875         1088        35.56
    6152.191     0.975000         1093        40.00
    6160.383     0.978125         1103        45.71
    6160.383     0.981250         1103        53.33
    6160.383     0.984375         1103        64.00
    6160.383     0.985938         1103        71.11
    6164.479     0.987500         1105        80.00
    6189.055     0.989062         1112        91.43
    6189.055     0.990625         1112       106.67
    6189.055     0.992188         1112       128.00
    6189.055     0.992969         1112       142.22
    6189.055     0.993750         1112       160.00
    6189.055     0.994531         1112       182.86
    6193.151     0.995313         1114       213.33
    6193.151     0.996094         1114       256.00
    6209.535     0.996484         1116       284.44
    6209.535     0.996875         1116       320.00
    6209.535     0.997266         1116       365.71
    6209.535     0.997656         1116       426.67
    6209.535     0.998047         1116       512.00
    6213.631     0.998242         1117       568.89
    6213.631     0.998437         1117       640.00
    6213.631     0.998633         1117       731.43
    6213.631     0.998828         1117       853.33
    6213.631     0.999023         1117      1024.00
    6217.727     0.999121         1118      1137.78
    6217.727     1.000000         1118          inf
#[Mean    =     3489.781, StdDeviation   =     1680.026]
#[Max     =     6213.632, Total count    =         1118]
#[Buckets =           27, SubBuckets     =         2048]
-----------------------------------------------------------------------
  1344 requests in 1.00m, 409.51KB read
Requests/sec:     22.40  
Transfer/sec:      6.82KB
