Running 1m test @ http://10.100.185.202/?loopCount=25&base=6&exp=6
  1 threads and 1 connections

  Thread calibration: mean lat.: 502.659ms, rate sampling interval: 1808ms

-----------------------------------------------------------------------
Test Results @ http://10.100.185.202/?loopCount=25&base=6&exp=6 
  Thread Stats   Avg      Stdev     99%   +/- Stdev
    Latency     4.42s     1.92s    7.29s    58.02%
    Req/Sec    21.33      1.59    24.00     88.89%
  Latency Distribution (HdrHistogram - Recorded Latency)
 50.000%    4.77s 
 75.000%    6.08s 
 90.000%    6.97s 
 99.000%    7.29s 
 99.900%    7.34s 
 99.990%    7.35s 
 99.999%    7.35s 
100.000%    7.35s 

  Detailed Percentile spectrum:
       Value   Percentile   TotalCount 1/(1-Percentile)

     999.935     0.000000            1         1.00
    1618.943     0.100000          110         1.11
    2330.623     0.200000          219         1.25
    2961.407     0.300000          330         1.43
    4055.039     0.400000          439         1.67
    4767.743     0.500000          547         2.00
    5050.367     0.550000          601         2.22
    5316.607     0.600000          655         2.50
    5459.967     0.650000          710         2.86
    5869.567     0.700000          764         3.33
    6082.559     0.750000          823         4.00
    6152.191     0.775000          846         4.44
    6287.359     0.800000          877         5.00
    6438.911     0.825000          904         5.71
    6557.695     0.850000          931         6.67
    6701.055     0.875000          955         8.00
    6877.183     0.887500          971         8.89
    6967.295     0.900000          984        10.00
    7008.255     0.912500          996        11.43
    7090.175     0.925000         1011        13.33
    7176.191     0.937500         1028        16.00
    7180.287     0.943750         1036        17.78
    7184.383     0.950000         1039        20.00
    7196.671     0.956250         1045        22.86
    7245.823     0.962500         1054        26.67
    7249.919     0.968750         1062        32.00
    7249.919     0.971875         1062        35.56
    7254.015     0.975000         1072        40.00
    7254.015     0.978125         1072        45.71
    7254.015     0.981250         1072        53.33
    7258.111     0.984375         1077        64.00
    7258.111     0.985938         1077        71.11
    7262.207     0.987500         1079        80.00
    7286.783     0.989062         1081        91.43
    7286.783     0.990625         1081       106.67
    7294.975     0.992188         1083       128.00
    7303.167     0.992969         1084       142.22
    7307.263     0.993750         1085       160.00
    7323.647     0.994531         1087       182.86
    7323.647     0.995313         1087       213.33
    7323.647     0.996094         1087       256.00
    7340.031     0.996484         1090       284.44
    7340.031     0.996875         1090       320.00
    7340.031     0.997266         1090       365.71
    7340.031     0.997656         1090       426.67
    7340.031     0.998047         1090       512.00
    7340.031     0.998242         1090       568.89
    7340.031     0.998437         1090       640.00
    7340.031     0.998633         1090       731.43
    7340.031     0.998828         1090       853.33
    7340.031     0.999023         1090      1024.00
    7352.319     0.999121         1091      1137.78
    7352.319     1.000000         1091          inf
#[Mean    =     4420.013, StdDeviation   =     1916.640]
#[Max     =     7348.224, Total count    =         1091]
#[Buckets =           27, SubBuckets     =         2048]
-----------------------------------------------------------------------
  1316 requests in 1.00m, 400.97KB read
Requests/sec:     21.93  
Transfer/sec:      6.68KB
