Running 1m test @ http://10.104.225.39/?loopCount=25&base=6&exp=6
  1 threads and 1 connections

  Thread calibration: mean lat.: 1250.178ms, rate sampling interval: 5066ms

-----------------------------------------------------------------------
Test Results @ http://10.104.225.39/?loopCount=25&base=6&exp=6 
  Thread Stats   Avg      Stdev     99%   +/- Stdev
    Latency     9.85s     4.23s   17.33s    56.21%
    Req/Sec    17.22      0.79    19.00    100.00%
  Latency Distribution (HdrHistogram - Recorded Latency)
 50.000%    9.40s 
 75.000%   13.61s 
 90.000%   15.97s 
 99.000%   17.33s 
 99.900%   17.38s 
 99.990%   17.38s 
 99.999%   17.38s 
100.000%   17.38s 

  Detailed Percentile spectrum:
       Value   Percentile   TotalCount 1/(1-Percentile)

    2856.959     0.000000            2         1.00
    4337.663     0.100000           89         1.11
    5447.679     0.200000          180         1.25
    6787.071     0.300000          266         1.43
    8191.999     0.400000          356         1.67
    9396.223     0.500000          443         2.00
   10117.119     0.550000          488         2.22
   11026.431     0.600000          532         2.50
   12156.927     0.650000          576         2.86
   12976.127     0.700000          622         3.33
   13606.911     0.750000          665         4.00
   14008.319     0.775000          688         4.44
   14245.887     0.800000          710         5.00
   14573.567     0.825000          732         5.71
   14974.975     0.850000          754         6.67
   15441.919     0.875000          777         8.00
   15638.527     0.887500          787         8.89
   15982.591     0.900000          798        10.00
   16138.239     0.912500          809        11.43
   16326.655     0.925000          822        13.33
   16539.647     0.937500          832        16.00
   16629.759     0.943750          838        17.78
   16728.063     0.950000          842        20.00
   16859.135     0.956250          849        22.86
   16908.287     0.962500          853        26.67
   17055.743     0.968750          859        32.00
   17121.279     0.971875          862        35.56
   17219.583     0.975000          865        40.00
   17252.351     0.978125          867        45.71
   17285.119     0.981250          873        53.33
   17285.119     0.984375          873        64.00
   17317.887     0.985938          874        71.11
   17334.271     0.987500          878        80.00
   17334.271     0.989062          878        91.43
   17334.271     0.990625          878       106.67
   17350.655     0.992188          884       128.00
   17350.655     0.992969          884       142.22
   17350.655     0.993750          884       160.00
   17350.655     0.994531          884       182.86
   17350.655     0.995313          884       213.33
   17350.655     0.996094          884       256.00
   17350.655     0.996484          884       284.44
   17350.655     0.996875          884       320.00
   17350.655     0.997266          884       365.71
   17350.655     0.997656          884       426.67
   17383.423     0.998047          886       512.00
   17383.423     1.000000          886          inf
#[Mean    =     9847.409, StdDeviation   =     4233.683]
#[Max     =    17367.040, Total count    =          886]
#[Buckets =           27, SubBuckets     =         2048]
-----------------------------------------------------------------------
  1065 requests in 1.00m, 324.50KB read
Requests/sec:     17.75  
Transfer/sec:      5.41KB
