Running 1m test @ http://10.96.158.146/?loopCount=25&base=6&exp=6
  5 threads and 5 connections

  Thread calibration: mean lat.: 385.966ms, rate sampling interval: 1251ms
  Thread calibration: mean lat.: 545.347ms, rate sampling interval: 2052ms
  Thread calibration: mean lat.: 362.529ms, rate sampling interval: 1253ms
  Thread calibration: mean lat.: 250.606ms, rate sampling interval: 858ms
  Thread calibration: mean lat.: 529.102ms, rate sampling interval: 1471ms

-----------------------------------------------------------------------
Test Results @ http://10.96.158.146/?loopCount=25&base=6&exp=6 
  Thread Stats   Avg      Stdev     99%   +/- Stdev
    Latency     2.48s     1.30s    4.84s    60.91%
    Req/Sec     8.75      1.43    12.00     93.26%
  Latency Distribution (HdrHistogram - Recorded Latency)
 50.000%    2.44s 
 75.000%    3.58s 
 90.000%    4.27s 
 99.000%    4.84s 
 99.900%    5.24s 
 99.990%    5.34s 
 99.999%    5.34s 
100.000%    5.34s 

  Detailed Percentile spectrum:
       Value   Percentile   TotalCount 1/(1-Percentile)

      40.639     0.000000            1         1.00
     714.751     0.100000          232         1.11
    1246.207     0.200000          463         1.25
    1612.799     0.300000          696         1.43
    1875.967     0.400000          926         1.67
    2435.071     0.500000         1162         2.00
    2617.343     0.550000         1274         2.22
    2918.399     0.600000         1389         2.50
    3215.359     0.650000         1505         2.86
    3428.351     0.700000         1624         3.33
    3610.623     0.750000         1737         4.00
    3729.407     0.775000         1795         4.44
    3837.951     0.800000         1853         5.00
    4028.415     0.825000         1912         5.71
    4130.815     0.850000         1975         6.67
    4218.879     0.875000         2027         8.00
    4239.359     0.887500         2062         8.89
    4268.031     0.900000         2084        10.00
    4341.759     0.912500         2120        11.43
    4415.487     0.925000         2147        13.33
    4431.871     0.937500         2177        16.00
    4435.967     0.943750         2187        17.78
    4448.255     0.950000         2206        20.00
    4456.447     0.956250         2215        22.86
    4517.887     0.962500         2229        26.67
    4534.271     0.968750         2243        32.00
    4546.559     0.971875         2256        35.56
    4550.655     0.975000         2260        40.00
    4575.231     0.978125         2265        45.71
    4628.479     0.981250         2274        53.33
    4640.767     0.984375         2280        64.00
    4661.247     0.985938         2283        71.11
    4820.991     0.987500         2287        80.00
    4837.375     0.989062         2290        91.43
    4845.567     0.990625         2295       106.67
    4853.759     0.992188         2297       128.00
    4939.775     0.992969         2299       142.22
    4952.063     0.993750         2301       160.00
    5033.983     0.994531         2303       182.86
    5066.751     0.995313         2305       213.33
    5115.903     0.996094         2306       256.00
    5128.191     0.996484         2308       284.44
    5128.191     0.996875         2308       320.00
    5140.479     0.997266         2310       365.71
    5140.479     0.997656         2310       426.67
    5165.055     0.998047         2311       512.00
    5165.055     0.998242         2311       568.89
    5226.495     0.998437         2312       640.00
    5226.495     0.998633         2312       731.43
    5242.879     0.998828         2313       853.33
    5242.879     0.999023         2313      1024.00
    5242.879     0.999121         2313      1137.78
    5279.743     0.999219         2314      1280.00
    5279.743     0.999316         2314      1462.86
    5279.743     0.999414         2314      1706.67
    5279.743     0.999512         2314      2048.00
    5279.743     0.999561         2314      2275.56
    5341.183     0.999609         2315      2560.00
    5341.183     1.000000         2315          inf
#[Mean    =     2475.176, StdDeviation   =     1303.641]
#[Max     =     5337.088, Total count    =         2315]
#[Buckets =           27, SubBuckets     =         2048]
-----------------------------------------------------------------------
  2778 requests in 1.00m, 847.71KB read
Requests/sec:     46.29  
Transfer/sec:     14.13KB
