Running 1m test @ http://10.104.225.39/?loopCount=25&base=6&exp=6
  5 threads and 5 connections

  Thread calibration: mean lat.: 136.098ms, rate sampling interval: 806ms
  Thread calibration: mean lat.: 77.940ms, rate sampling interval: 305ms
  Thread calibration: mean lat.: 83.750ms, rate sampling interval: 306ms
  Thread calibration: mean lat.: 96.642ms, rate sampling interval: 328ms
  Thread calibration: mean lat.: 95.357ms, rate sampling interval: 335ms

-----------------------------------------------------------------------
Test Results @ http://10.104.225.39/?loopCount=25&base=6&exp=6 
  Thread Stats   Avg      Stdev     99%   +/- Stdev
    Latency    98.45ms   64.66ms 320.77ms   87.33%
    Req/Sec     9.42      2.73    16.00     87.95%
  Latency Distribution (HdrHistogram - Recorded Latency)
 50.000%   81.15ms
 75.000%  148.99ms
 90.000%  166.78ms
 99.000%  320.77ms
 99.900%  399.36ms
 99.990%  459.77ms
 99.999%  459.77ms
100.000%  459.77ms

  Detailed Percentile spectrum:
       Value   Percentile   TotalCount 1/(1-Percentile)

      24.063     0.000000            1         1.00
      40.735     0.100000          260         1.11
      41.343     0.200000          504         1.25
      42.239     0.300000          754         1.43
      72.959     0.400000         1004         1.67
      81.151     0.500000         1258         2.00
      82.495     0.550000         1379         2.22
      89.919     0.600000         1504         2.50
      96.639     0.650000         1627         2.86
     131.071     0.700000         1752         3.33
     148.991     0.750000         1882         4.00
     150.655     0.775000         1940         4.44
     153.343     0.800000         2002         5.00
     154.879     0.825000         2065         5.71
     157.311     0.850000         2128         6.67
     161.151     0.875000         2190         8.00
     164.223     0.887500         2223         8.89
     166.783     0.900000         2255        10.00
     172.543     0.912500         2284        11.43
     184.703     0.925000         2316        13.33
     195.071     0.937500         2346        16.00
     214.271     0.943750         2362        17.78
     246.527     0.950000         2378        20.00
     250.623     0.956250         2393        22.86
     254.335     0.962500         2410        26.67
     257.535     0.968750         2424        32.00
     259.455     0.971875         2433        35.56
     263.679     0.975000         2440        40.00
     267.263     0.978125         2448        45.71
     276.479     0.981250         2456        53.33
     284.671     0.984375         2464        64.00
     292.095     0.985938         2467        71.11
     296.191     0.987500         2471        80.00
     316.415     0.989062         2475        91.43
     346.623     0.990625         2479       106.67
     348.927     0.992188         2483       128.00
     351.487     0.992969         2485       142.22
     354.303     0.993750         2487       160.00
     355.583     0.994531         2489       182.86
     358.143     0.995313         2491       213.33
     364.031     0.996094         2493       256.00
     365.055     0.996484         2494       284.44
     366.335     0.996875         2495       320.00
     378.623     0.997266         2496       365.71
     380.415     0.997656         2497       426.67
     399.103     0.998047         2498       512.00
     399.103     0.998242         2498       568.89
     399.359     0.998437         2499       640.00
     399.359     0.998633         2499       731.43
     458.495     0.998828         2500       853.33
     458.495     0.999023         2500      1024.00
     458.495     0.999121         2500      1137.78
     459.519     0.999219         2501      1280.00
     459.519     0.999316         2501      1462.86
     459.519     0.999414         2501      1706.67
     459.519     0.999512         2501      2048.00
     459.519     0.999561         2501      2275.56
     459.775     0.999609         2502      2560.00
     459.775     1.000000         2502          inf
#[Mean    =       98.454, StdDeviation   =       64.656]
#[Max     =      459.520, Total count    =         2502]
#[Buckets =           27, SubBuckets     =         2048]
-----------------------------------------------------------------------
  2995 requests in 1.00m, 0.89MB read
Requests/sec:     49.91  
Transfer/sec:     15.22KB
