Running 1m test @ http://10.96.164.126/?loopCount=25&base=6&exp=6
  1 threads and 1 connections

  Thread calibration: mean lat.: 1475.720ms, rate sampling interval: 5554ms

-----------------------------------------------------------------------
Test Results @ http://10.96.164.126/?loopCount=25&base=6&exp=6 
  Thread Stats   Avg      Stdev     99%   +/- Stdev
    Latency    11.14s     4.74s   19.66s    58.09%
    Req/Sec    16.11      1.29    18.00    100.00%
  Latency Distribution (HdrHistogram - Recorded Latency)
 50.000%   11.14s 
 75.000%   15.11s 
 90.000%   17.66s 
 99.000%   19.66s 
 99.900%   19.82s 
 99.990%   19.87s 
 99.999%   19.87s 
100.000%   19.87s 

  Detailed Percentile spectrum:
       Value   Percentile   TotalCount 1/(1-Percentile)

    3010.559     0.000000            2         1.00
    4648.959     0.100000           84         1.11
    6127.615     0.200000          167         1.25
    7946.239     0.300000          249         1.43
    9396.223     0.400000          336         1.67
   11141.119     0.500000          414         2.00
   12345.343     0.550000          456         2.22
   12951.551     0.600000          497         2.50
   13459.455     0.650000          541         2.86
   14123.007     0.700000          580         3.33
   15114.239     0.750000          622         4.00
   15679.487     0.775000          643         4.44
   16039.935     0.800000          664         5.00
   16343.039     0.825000          684         5.71
   16842.751     0.850000          707         6.67
   17285.119     0.875000          725         8.00
   17465.343     0.887500          736         8.89
   17661.951     0.900000          746        10.00
   17956.863     0.912500          756        11.43
   18235.391     0.925000          766        13.33
   18579.455     0.937500          778        16.00
   18612.223     0.943750          782        17.78
   18677.759     0.950000          788        20.00
   18808.831     0.956250          792        22.86
   18972.671     0.962500          798        26.67
   19103.743     0.968750          805        32.00
   19103.743     0.971875          805        35.56
   19152.895     0.975000          809        40.00
   19185.663     0.978125          810        45.71
   19333.119     0.981250          813        53.33
   19447.807     0.984375          816        64.00
   19496.959     0.985938          817        71.11
   19546.111     0.987500          818        80.00
   19611.647     0.989062          819        91.43
   19660.799     0.990625          821       106.67
   19693.567     0.992188          823       128.00
   19693.567     0.992969          823       142.22
   19693.567     0.993750          823       160.00
   19726.335     0.994531          824       182.86
   19775.487     0.995313          825       213.33
   19775.487     0.996094          825       256.00
   19824.639     0.996484          827       284.44
   19824.639     0.996875          827       320.00
   19824.639     0.997266          827       365.71
   19824.639     0.997656          827       426.67
   19824.639     0.998047          827       512.00
   19824.639     0.998242          827       568.89
   19824.639     0.998437          827       640.00
   19824.639     0.998633          827       731.43
   19873.791     0.998828          828       853.33
   19873.791     1.000000          828          inf
#[Mean    =    11138.379, StdDeviation   =     4743.215]
#[Max     =    19857.408, Total count    =          828]
#[Buckets =           27, SubBuckets     =         2048]
-----------------------------------------------------------------------
  1002 requests in 1.00m, 305.30KB read
Requests/sec:     16.70  
Transfer/sec:      5.09KB
