Running 1m test @ http://10.96.164.126/?loopCount=25&base=6&exp=6
  5 threads and 5 connections

  Thread calibration: mean lat.: 96.110ms, rate sampling interval: 334ms
  Thread calibration: mean lat.: 130.646ms, rate sampling interval: 491ms
  Thread calibration: mean lat.: 71.555ms, rate sampling interval: 283ms
  Thread calibration: mean lat.: 108.214ms, rate sampling interval: 481ms
  Thread calibration: mean lat.: 75.062ms, rate sampling interval: 292ms

-----------------------------------------------------------------------
Test Results @ http://10.96.164.126/?loopCount=25&base=6&exp=6 
  Thread Stats   Avg      Stdev     99%   +/- Stdev
    Latency    85.46ms   52.76ms 251.77ms   78.95%
    Req/Sec     9.58      2.33    14.00     77.14%
  Latency Distribution (HdrHistogram - Recorded Latency)
 50.000%   69.38ms
 75.000%  134.40ms
 90.000%  151.93ms
 99.000%  251.77ms
 99.900%  301.05ms
 99.990%  359.42ms
 99.999%  359.42ms
100.000%  359.42ms

  Detailed Percentile spectrum:
       Value   Percentile   TotalCount 1/(1-Percentile)

      21.823     0.000000            1         1.00
      40.767     0.100000          253         1.11
      41.311     0.200000          500         1.25
      42.047     0.300000          754         1.43
      55.039     0.400000         1000         1.67
      69.375     0.500000         1252         2.00
      70.911     0.550000         1379         2.22
      75.711     0.600000         1500         2.50
      82.687     0.650000         1625         2.86
      98.943     0.700000         1750         3.33
     134.399     0.750000         1880         4.00
     135.807     0.775000         1937         4.44
     138.111     0.800000         2002         5.00
     141.567     0.825000         2062         5.71
     143.615     0.850000         2129         6.67
     146.303     0.875000         2189         8.00
     148.607     0.887500         2218         8.89
     152.063     0.900000         2250        10.00
     155.263     0.912500         2281        11.43
     159.103     0.925000         2312        13.33
     166.399     0.937500         2344        16.00
     169.215     0.943750         2360        17.78
     176.511     0.950000         2376        20.00
     183.423     0.956250         2390        22.86
     197.759     0.962500         2406        26.67
     235.391     0.968750         2421        32.00
     236.671     0.971875         2430        35.56
     238.719     0.975000         2437        40.00
     240.639     0.978125         2445        45.71
     242.303     0.981250         2454        53.33
     244.607     0.984375         2460        64.00
     245.759     0.985938         2464        71.11
     249.855     0.987500         2468        80.00
     251.135     0.989062         2472        91.43
     252.287     0.990625         2477       106.67
     256.383     0.992188         2480       128.00
     257.407     0.992969         2482       142.22
     257.663     0.993750         2484       160.00
     258.815     0.994531         2486       182.86
     258.943     0.995313         2488       213.33
     260.863     0.996094         2490       256.00
     261.503     0.996484         2491       284.44
     263.679     0.996875         2492       320.00
     267.519     0.997266         2493       365.71
     267.775     0.997656         2494       426.67
     269.055     0.998047         2495       512.00
     269.055     0.998242         2495       568.89
     289.279     0.998437         2496       640.00
     289.279     0.998633         2496       731.43
     301.055     0.998828         2497       853.33
     301.055     0.999023         2497      1024.00
     301.055     0.999121         2497      1137.78
     348.415     0.999219         2498      1280.00
     348.415     0.999316         2498      1462.86
     348.415     0.999414         2498      1706.67
     348.415     0.999512         2498      2048.00
     348.415     0.999561         2498      2275.56
     359.423     0.999609         2499      2560.00
     359.423     1.000000         2499          inf
#[Mean    =       85.456, StdDeviation   =       52.762]
#[Max     =      359.168, Total count    =         2499]
#[Buckets =           27, SubBuckets     =         2048]
-----------------------------------------------------------------------
  2992 requests in 1.00m, 0.89MB read
Requests/sec:     49.86  
Transfer/sec:     15.20KB
