Running 1m test @ http://10.107.164.151/?loopCount=25&base=6&exp=6
  5 threads and 5 connections

  Thread calibration: mean lat.: 1898.302ms, rate sampling interval: 6660ms
  Thread calibration: mean lat.: 1832.908ms, rate sampling interval: 7032ms
  Thread calibration: mean lat.: 1928.548ms, rate sampling interval: 6959ms
  Thread calibration: mean lat.: 1927.982ms, rate sampling interval: 7028ms
  Thread calibration: mean lat.: 1795.149ms, rate sampling interval: 6180ms

-----------------------------------------------------------------------
Test Results @ http://10.107.164.151/?loopCount=25&base=6&exp=6 
  Thread Stats   Avg      Stdev     99%   +/- Stdev
    Latency    13.65s     5.55s   22.95s    58.74%
    Req/Sec     8.78      0.63    10.00     97.22%
  Latency Distribution (HdrHistogram - Recorded Latency)
 50.000%   13.80s 
 75.000%   18.46s 
 90.000%   21.20s 
 99.000%   22.95s 
 99.900%   23.61s 
 99.990%   23.71s 
 99.999%   23.71s 
100.000%   23.71s 

  Detailed Percentile spectrum:
       Value   Percentile   TotalCount 1/(1-Percentile)

    3450.879     0.000000            1         1.00
    5750.783     0.100000          231         1.11
    8028.159     0.200000          460         1.25
    9986.047     0.300000          690         1.43
   11968.511     0.400000          921         1.67
   13795.327     0.500000         1150         2.00
   14589.951     0.550000         1266         2.22
   15663.103     0.600000         1381         2.50
   16539.647     0.650000         1495         2.86
   17645.567     0.700000         1610         3.33
   18464.767     0.750000         1725         4.00
   18956.287     0.775000         1783         4.44
   19382.271     0.800000         1842         5.00
   19906.559     0.825000         1899         5.71
   20267.007     0.850000         1957         6.67
   20742.143     0.875000         2014         8.00
   21004.287     0.887500         2043         8.89
   21200.895     0.900000         2072        10.00
   21348.351     0.912500         2099        11.43
   21692.415     0.925000         2129        13.33
   21839.871     0.937500         2160        16.00
   21921.791     0.943750         2174        17.78
   21987.327     0.950000         2185        20.00
   22118.399     0.956250         2200        22.86
   22364.159     0.962500         2214        26.67
   22527.999     0.968750         2229        32.00
   22609.919     0.971875         2239        35.56
   22626.303     0.975000         2244        40.00
   22642.687     0.978125         2250        45.71
   22708.223     0.981250         2257        53.33
   22839.295     0.984375         2265        64.00
   22855.679     0.985938         2268        71.11
   22904.831     0.987500         2272        80.00
   22921.215     0.989062         2275        91.43
   22986.751     0.990625         2279       106.67
   23035.903     0.992188         2283       128.00
   23068.671     0.992969         2284       142.22
   23150.591     0.993750         2287       160.00
   23216.127     0.994531         2288       182.86
   23265.279     0.995313         2290       213.33
   23314.431     0.996094         2292       256.00
   23314.431     0.996484         2292       284.44
   23330.815     0.996875         2294       320.00
   23330.815     0.997266         2294       365.71
   23363.583     0.997656         2295       426.67
   23429.119     0.998047         2296       512.00
   23429.119     0.998242         2296       568.89
   23461.887     0.998437         2297       640.00
   23461.887     0.998633         2297       731.43
   23609.343     0.998828         2298       853.33
   23609.343     0.999023         2298      1024.00
   23609.343     0.999121         2298      1137.78
   23642.111     0.999219         2299      1280.00
   23642.111     0.999316         2299      1462.86
   23642.111     0.999414         2299      1706.67
   23642.111     0.999512         2299      2048.00
   23642.111     0.999561         2299      2275.56
   23707.647     0.999609         2300      2560.00
   23707.647     1.000000         2300          inf
#[Mean    =    13648.017, StdDeviation   =     5551.293]
#[Max     =    23691.264, Total count    =         2300]
#[Buckets =           27, SubBuckets     =         2048]
-----------------------------------------------------------------------
  2762 requests in 1.00m, 842.91KB read
Requests/sec:     46.03  
Transfer/sec:     14.05KB
