Running 1m test @ http://10.104.225.39/?loopCount=25&base=6&exp=6
  5 threads and 5 connections

  Thread calibration: mean lat.: 924.798ms, rate sampling interval: 2711ms
  Thread calibration: mean lat.: 553.622ms, rate sampling interval: 2027ms
  Thread calibration: mean lat.: 513.326ms, rate sampling interval: 1813ms
  Thread calibration: mean lat.: 811.720ms, rate sampling interval: 2656ms
  Thread calibration: mean lat.: 720.868ms, rate sampling interval: 2562ms

-----------------------------------------------------------------------
Test Results @ http://10.104.225.39/?loopCount=25&base=6&exp=6 
  Thread Stats   Avg      Stdev     99%   +/- Stdev
    Latency     4.95s     2.01s    8.15s    57.98%
    Req/Sec    12.51      1.04    15.00     95.28%
  Latency Distribution (HdrHistogram - Recorded Latency)
 50.000%    4.96s 
 75.000%    6.74s 
 90.000%    7.64s 
 99.000%    8.15s 
 99.900%    8.47s 
 99.990%    8.50s 
 99.999%    8.50s 
100.000%    8.50s 

  Detailed Percentile spectrum:
       Value   Percentile   TotalCount 1/(1-Percentile)

     939.007     0.000000            1         1.00
    2138.111     0.100000          326         1.11
    2945.023     0.200000          652         1.25
    3610.623     0.300000          976         1.43
    4268.031     0.400000         1302         1.67
    4956.159     0.500000         1626         2.00
    5263.359     0.550000         1789         2.22
    5754.879     0.600000         1951         2.50
    6184.959     0.650000         2114         2.86
    6475.775     0.700000         2277         3.33
    6742.015     0.750000         2439         4.00
    6926.335     0.775000         2520         4.44
    7069.695     0.800000         2603         5.00
    7217.151     0.825000         2685         5.71
    7335.935     0.850000         2766         6.67
    7524.351     0.875000         2845         8.00
    7577.599     0.887500         2886         8.89
    7643.135     0.900000         2928        10.00
    7704.575     0.912500         2967        11.43
    7782.399     0.925000         3010        13.33
    7823.359     0.937500         3048        16.00
    7860.223     0.943750         3069        17.78
    7901.183     0.950000         3089        20.00
    7946.239     0.956250         3109        22.86
    7974.911     0.962500         3130        26.67
    7995.391     0.968750         3150        32.00
    8007.679     0.971875         3163        35.56
    8024.063     0.975000         3171        40.00
    8040.447     0.978125         3180        45.71
    8069.119     0.981250         3195        53.33
    8089.599     0.984375         3202        64.00
    8101.887     0.985938         3208        71.11
    8110.079     0.987500         3211        80.00
    8138.751     0.989062         3216        91.43
    8249.343     0.990625         3221       106.67
    8302.591     0.992188         3226       128.00
    8318.975     0.992969         3229       142.22
    8327.167     0.993750         3231       160.00
    8335.359     0.994531         3234       182.86
    8351.743     0.995313         3237       213.33
    8376.319     0.996094         3239       256.00
    8384.511     0.996484         3241       284.44
    8384.511     0.996875         3241       320.00
    8413.183     0.997266         3243       365.71
    8445.951     0.997656         3244       426.67
    8462.335     0.998047         3246       512.00
    8462.335     0.998242         3246       568.89
    8462.335     0.998437         3246       640.00
    8470.527     0.998633         3249       731.43
    8470.527     0.998828         3249       853.33
    8470.527     0.999023         3249      1024.00
    8470.527     0.999121         3249      1137.78
    8470.527     0.999219         3249      1280.00
    8470.527     0.999316         3249      1462.86
    8478.719     0.999414         3250      1706.67
    8478.719     0.999512         3250      2048.00
    8478.719     0.999561         3250      2275.56
    8478.719     0.999609         3250      2560.00
    8478.719     0.999658         3250      2925.71
    8495.103     0.999707         3251      3413.33
    8495.103     1.000000         3251          inf
#[Mean    =     4947.953, StdDeviation   =     2006.511]
#[Max     =     8486.912, Total count    =         3251]
#[Buckets =           27, SubBuckets     =         2048]
-----------------------------------------------------------------------
  3886 requests in 1.00m, 1.16MB read
Requests/sec:     64.76  
Transfer/sec:     19.74KB
