Running 1m test @ http://10.100.134.99/?loopCount=25&base=6&exp=6
  5 threads and 5 connections

  Thread calibration: mean lat.: 473.751ms, rate sampling interval: 1779ms
  Thread calibration: mean lat.: 791.801ms, rate sampling interval: 2559ms
  Thread calibration: mean lat.: 1011.283ms, rate sampling interval: 3657ms
  Thread calibration: mean lat.: 582.628ms, rate sampling interval: 1842ms
  Thread calibration: mean lat.: 846.022ms, rate sampling interval: 3090ms

-----------------------------------------------------------------------
Test Results @ http://10.100.134.99/?loopCount=25&base=6&exp=6 
  Thread Stats   Avg      Stdev     99%   +/- Stdev
    Latency     5.58s     2.81s   12.50s    60.01%
    Req/Sec    11.98      1.90    17.00     81.55%
  Latency Distribution (HdrHistogram - Recorded Latency)
 50.000%    5.58s 
 75.000%    7.65s 
 90.000%    9.27s 
 99.000%   12.50s 
 99.900%   12.97s 
 99.990%   13.19s 
 99.999%   13.19s 
100.000%   13.19s 

  Detailed Percentile spectrum:
       Value   Percentile   TotalCount 1/(1-Percentile)

     713.727     0.000000            1         1.00
    2085.887     0.100000          311         1.11
    2689.023     0.200000          622         1.25
    3551.231     0.300000          933         1.43
    4419.583     0.400000         1246         1.67
    5582.847     0.500000         1555         2.00
    6111.231     0.550000         1711         2.22
    6377.471     0.600000         1865         2.50
    6639.615     0.650000         2022         2.86
    7167.999     0.700000         2178         3.33
    7651.327     0.750000         2331         4.00
    7897.087     0.775000         2410         4.44
    8208.383     0.800000         2487         5.00
    8478.719     0.825000         2565         5.71
    8658.943     0.850000         2643         6.67
    8896.511     0.875000         2721         8.00
    9125.887     0.887500         2760         8.89
    9273.343     0.900000         2798        10.00
    9388.031     0.912500         2842        11.43
    9535.487     0.925000         2875        13.33
    9781.247     0.937500         2914        16.00
   10272.767     0.943750         2935        17.78
   10575.871     0.950000         2954        20.00
   10674.175     0.956250         2973        22.86
   10805.247     0.962500         2992        26.67
   11419.647     0.968750         3011        32.00
   11476.991     0.971875         3021        35.56
   11599.871     0.975000         3031        40.00
   11714.559     0.978125         3041        45.71
   12001.279     0.981250         3051        53.33
   12165.119     0.984375         3060        64.00
   12427.263     0.985938         3067        71.11
   12451.839     0.987500         3071        80.00
   12476.415     0.989062         3075        91.43
   12533.759     0.990625         3079       106.67
   12566.527     0.992188         3084       128.00
   12591.103     0.992969         3087       142.22
   12615.679     0.993750         3089       160.00
   12648.447     0.994531         3092       182.86
   12681.215     0.995313         3094       213.33
   12713.983     0.996094         3096       256.00
   12763.135     0.996484         3098       284.44
   12779.519     0.996875         3099       320.00
   12804.095     0.997266         3100       365.71
   12836.863     0.997656         3101       426.67
   12861.439     0.998047         3103       512.00
   12861.439     0.998242         3103       568.89
   12886.015     0.998437         3104       640.00
   12886.015     0.998633         3104       731.43
   12967.935     0.998828         3105       853.33
   12967.935     0.999023         3105      1024.00
   13139.967     0.999121         3106      1137.78
   13139.967     0.999219         3106      1280.00
   13139.967     0.999316         3106      1462.86
   13164.543     0.999414         3107      1706.67
   13164.543     0.999512         3107      2048.00
   13164.543     0.999561         3107      2275.56
   13164.543     0.999609         3107      2560.00
   13164.543     0.999658         3107      2925.71
   13189.119     0.999707         3108      3413.33
   13189.119     1.000000         3108          inf
#[Mean    =     5576.718, StdDeviation   =     2812.054]
#[Max     =    13180.928, Total count    =         3108]
#[Buckets =           27, SubBuckets     =         2048]
-----------------------------------------------------------------------
  3746 requests in 1.00m, 1.12MB read
Requests/sec:     62.43  
Transfer/sec:     19.04KB
