Running 1m test @ http://10.108.208.72/?loopCount=25&base=6&exp=6
  5 threads and 5 connections

  Thread calibration: mean lat.: 1519.841ms, rate sampling interval: 5283ms
  Thread calibration: mean lat.: 1503.949ms, rate sampling interval: 5218ms
  Thread calibration: mean lat.: 1784.704ms, rate sampling interval: 6107ms
  Thread calibration: mean lat.: 1589.578ms, rate sampling interval: 5971ms
  Thread calibration: mean lat.: 1240.500ms, rate sampling interval: 4620ms

-----------------------------------------------------------------------
Test Results @ http://10.108.208.72/?loopCount=25&base=6&exp=6 
  Thread Stats   Avg      Stdev     99%   +/- Stdev
    Latency    10.92s     4.57s   20.19s    60.91%
    Req/Sec     9.91      0.79    12.00     97.73%
  Latency Distribution (HdrHistogram - Recorded Latency)
 50.000%   10.98s 
 75.000%   14.67s 
 90.000%   16.97s 
 99.000%   20.19s 
 99.900%   20.59s 
 99.990%   20.68s 
 99.999%   20.68s 
100.000%   20.68s 

  Detailed Percentile spectrum:
       Value   Percentile   TotalCount 1/(1-Percentile)

    2652.159     0.000000            1         1.00
    4759.551     0.100000          259         1.11
    6479.871     0.200000          517         1.25
    7720.959     0.300000          777         1.43
    9183.231     0.400000         1033         1.67
   10977.279     0.500000         1292         2.00
   11681.791     0.550000         1422         2.22
   12492.799     0.600000         1553         2.50
   13180.927     0.650000         1679         2.86
   13877.247     0.700000         1807         3.33
   14671.871     0.750000         1936         4.00
   15032.319     0.775000         2001         4.44
   15433.727     0.800000         2065         5.00
   15876.095     0.825000         2131         5.71
   16220.159     0.850000         2195         6.67
   16523.263     0.875000         2260         8.00
   16752.639     0.887500         2293         8.89
   16973.823     0.900000         2324        10.00
   17186.815     0.912500         2356        11.43
   17399.807     0.925000         2392        13.33
   17743.871     0.937500         2420        16.00
   18006.015     0.943750         2436        17.78
   18186.239     0.950000         2452        20.00
   18481.151     0.956250         2469        22.86
   18874.367     0.962500         2485        26.67
   19070.975     0.968750         2502        32.00
   19152.895     0.971875         2509        35.56
   19365.887     0.975000         2517        40.00
   19496.959     0.978125         2526        45.71
   19677.183     0.981250         2533        53.33
   19808.255     0.984375         2541        64.00
   19955.711     0.985938         2545        71.11
   20004.863     0.987500         2549        80.00
   20152.319     0.989062         2553        91.43
   20201.471     0.990625         2557       106.67
   20299.775     0.992188         2561       128.00
   20348.927     0.992969         2563       142.22
   20365.311     0.993750         2565       160.00
   20398.079     0.994531         2567       182.86
   20414.463     0.995313         2570       213.33
   20430.847     0.996094         2571       256.00
   20447.231     0.996484         2573       284.44
   20447.231     0.996875         2573       320.00
   20479.999     0.997266         2574       365.71
   20496.383     0.997656         2575       426.67
   20529.151     0.998047         2576       512.00
   20561.919     0.998242         2577       568.89
   20561.919     0.998437         2577       640.00
   20594.687     0.998633         2579       731.43
   20594.687     0.998828         2579       853.33
   20594.687     0.999023         2579      1024.00
   20594.687     0.999121         2579      1137.78
   20594.687     0.999219         2579      1280.00
   20627.455     0.999316         2580      1462.86
   20627.455     0.999414         2580      1706.67
   20627.455     0.999512         2580      2048.00
   20627.455     0.999561         2580      2275.56
   20627.455     0.999609         2580      2560.00
   20676.607     0.999658         2581      2925.71
   20676.607     1.000000         2581          inf
#[Mean    =    10916.217, StdDeviation   =     4566.367]
#[Max     =    20660.224, Total count    =         2581]
#[Buckets =           27, SubBuckets     =         2048]
-----------------------------------------------------------------------
  3097 requests in 1.00m, 0.92MB read
Requests/sec:     51.61  
Transfer/sec:     15.74KB
