Running 1m test @ http://10.105.168.171/?loopCount=25&base=6&exp=6
  5 threads and 5 connections

  Thread calibration: mean lat.: 512.536ms, rate sampling interval: 1892ms
  Thread calibration: mean lat.: 375.965ms, rate sampling interval: 1849ms
  Thread calibration: mean lat.: 247.921ms, rate sampling interval: 826ms
  Thread calibration: mean lat.: 504.221ms, rate sampling interval: 2205ms
  Thread calibration: mean lat.: 444.694ms, rate sampling interval: 1997ms

-----------------------------------------------------------------------
Test Results @ http://10.105.168.171/?loopCount=25&base=6&exp=6 
  Thread Stats   Avg      Stdev     99%   +/- Stdev
    Latency     3.01s     1.53s    7.66s    72.06%
    Req/Sec    13.25      2.15    18.00     86.25%
  Latency Distribution (HdrHistogram - Recorded Latency)
 50.000%    2.91s 
 75.000%    3.86s 
 90.000%    5.03s 
 99.000%    7.66s 
 99.900%    7.95s 
 99.990%    7.97s 
 99.999%    7.97s 
100.000%    7.97s 

  Detailed Percentile spectrum:
       Value   Percentile   TotalCount 1/(1-Percentile)

     127.551     0.000000            1         1.00
    1243.135     0.100000          342         1.11
    1643.519     0.200000          685         1.25
    1955.839     0.300000         1026         1.43
    2443.263     0.400000         1371         1.67
    2912.255     0.500000         1710         2.00
    3108.863     0.550000         1882         2.22
    3280.895     0.600000         2051         2.50
    3520.511     0.650000         2222         2.86
    3706.879     0.700000         2394         3.33
    3862.527     0.750000         2564         4.00
    3934.207     0.775000         2649         4.44
    4003.839     0.800000         2736         5.00
    4177.919     0.825000         2820         5.71
    4464.639     0.850000         2910         6.67
    4710.399     0.875000         2992         8.00
    4882.431     0.887500         3034         8.89
    5029.887     0.900000         3077        10.00
    5119.999     0.912500         3119        11.43
    5230.591     0.925000         3162        13.33
    5435.391     0.937500         3206        16.00
    5533.695     0.943750         3226        17.78
    5656.575     0.950000         3248        20.00
    5869.567     0.956250         3269        22.86
    6307.839     0.962500         3290        26.67
    7061.503     0.968750         3313        32.00
    7135.231     0.971875         3324        35.56
    7192.575     0.975000         3333        40.00
    7294.975     0.978125         3344        45.71
    7471.103     0.981250         3354        53.33
    7516.159     0.984375         3366        64.00
    7528.447     0.985938         3370        71.11
    7548.927     0.987500         3376        80.00
    7585.791     0.989062         3381        91.43
    7716.863     0.990625         3386       106.67
    7831.551     0.992188         3393       128.00
    7839.743     0.992969         3394       142.22
    7864.319     0.993750         3397       160.00
    7872.511     0.994531         3400       182.86
    7884.799     0.995313         3402       213.33
    7897.087     0.996094         3405       256.00
    7905.279     0.996484         3406       284.44
    7917.567     0.996875         3408       320.00
    7921.663     0.997266         3409       365.71
    7925.759     0.997656         3410       426.67
    7933.951     0.998047         3412       512.00
    7933.951     0.998242         3412       568.89
    7938.047     0.998437         3413       640.00
    7946.239     0.998633         3414       731.43
    7946.239     0.998828         3414       853.33
    7950.335     0.999023         3415      1024.00
    7950.335     0.999121         3415      1137.78
    7962.623     0.999219         3416      1280.00
    7962.623     0.999316         3416      1462.86
    7962.623     0.999414         3416      1706.67
    7966.719     0.999512         3418      2048.00
    7966.719     1.000000         3418          inf
#[Mean    =     3012.873, StdDeviation   =     1534.903]
#[Max     =     7962.624, Total count    =         3418]
#[Buckets =           27, SubBuckets     =         2048]
-----------------------------------------------------------------------
  4090 requests in 1.00m, 1.22MB read
Requests/sec:     68.16  
Transfer/sec:     20.78KB
