Running 1m test @ http://10.100.134.99/?loopCount=25&base=6&exp=6
  1 threads and 1 connections

  Thread calibration: mean lat.: 3418.525ms, rate sampling interval: 12886ms

-----------------------------------------------------------------------
Test Results @ http://10.100.134.99/?loopCount=25&base=6&exp=6 
  Thread Stats   Avg      Stdev     99%   +/- Stdev
    Latency    24.95s    10.18s   42.30s    57.02%
    Req/Sec     6.67      0.47     7.00    100.00%
  Latency Distribution (HdrHistogram - Recorded Latency)
 50.000%   25.20s 
 75.000%   33.62s 
 90.000%   38.80s 
 99.000%   42.30s 
 99.900%   42.57s 
 99.990%   42.57s 
 99.999%   42.57s 
100.000%   42.57s 

  Detailed Percentile spectrum:
       Value   Percentile   TotalCount 1/(1-Percentile)

    7139.327     0.000000            1         1.00
   10788.863     0.100000           37         1.11
   14163.967     0.200000           73         1.25
   17809.407     0.300000          109         1.43
   22134.783     0.400000          146         1.67
   25198.591     0.500000          182         2.00
   26656.767     0.550000          200         2.22
   28147.711     0.600000          218         2.50
   30015.487     0.650000          236         2.86
   32079.871     0.700000          255         3.33
   33685.503     0.750000          273         4.00
   34603.007     0.775000          282         4.44
   35553.279     0.800000          291         5.00
   36274.175     0.825000          300         5.71
   37093.375     0.850000          309         6.67
   38141.951     0.875000          318         8.00
   38502.399     0.887500          323         8.89
   38797.311     0.900000          327        10.00
   39387.135     0.912500          332        11.43
   39714.815     0.925000          336        13.33
   40435.711     0.937500          341        16.00
   40763.391     0.943750          343        17.78
   40959.999     0.950000          345        20.00
   41254.911     0.956250          348        22.86
   41484.287     0.962500          350        26.67
   41713.663     0.968750          352        32.00
   41844.735     0.971875          353        35.56
   41910.271     0.975000          354        40.00
   42041.343     0.978125          356        45.71
   42106.879     0.981250          357        53.33
   42237.951     0.984375          358        64.00
   42237.951     0.985938          358        71.11
   42303.487     0.987500          359        80.00
   42369.023     0.989062          360        91.43
   42369.023     0.990625          360       106.67
   42434.559     0.992188          361       128.00
   42434.559     0.992969          361       142.22
   42434.559     0.993750          361       160.00
   42500.095     0.994531          362       182.86
   42500.095     0.995313          362       213.33
   42500.095     0.996094          362       256.00
   42500.095     0.996484          362       284.44
   42500.095     0.996875          362       320.00
   42565.631     0.997266          363       365.71
   42565.631     1.000000          363          inf
#[Mean    =    24952.488, StdDeviation   =    10179.522]
#[Max     =    42532.864, Total count    =          363]
#[Buckets =           27, SubBuckets     =         2048]
-----------------------------------------------------------------------
  436 requests in 1.00m, 133.21KB read
Requests/sec:      7.27  
Transfer/sec:      2.22KB
