Running 1m test @ http://10.109.115.86/?loopCount=25&base=6&exp=6
  5 threads and 5 connections

  Thread calibration: mean lat.: 1660.934ms, rate sampling interval: 6168ms
  Thread calibration: mean lat.: 1492.874ms, rate sampling interval: 6393ms
  Thread calibration: mean lat.: 1663.507ms, rate sampling interval: 6328ms
  Thread calibration: mean lat.: 1348.142ms, rate sampling interval: 5541ms
  Thread calibration: mean lat.: 1890.210ms, rate sampling interval: 7163ms

-----------------------------------------------------------------------
Test Results @ http://10.109.115.86/?loopCount=25&base=6&exp=6 
  Thread Stats   Avg      Stdev     99%   +/- Stdev
    Latency    13.37s     5.60s   23.09s    58.17%
    Req/Sec     8.78      0.58    10.00    100.00%
  Latency Distribution (HdrHistogram - Recorded Latency)
 50.000%   13.29s 
 75.000%   18.32s 
 90.000%   20.99s 
 99.000%   23.09s 
 99.900%   23.49s 
 99.990%   23.59s 
 99.999%   23.59s 
100.000%   23.59s 

  Detailed Percentile spectrum:
       Value   Percentile   TotalCount 1/(1-Percentile)

    3448.831     0.000000            1         1.00
    5578.751     0.100000          231         1.11
    7548.927     0.200000          461         1.25
    9666.559     0.300000          691         1.43
   11485.183     0.400000          921         1.67
   13287.423     0.500000         1152         2.00
   14467.071     0.550000         1267         2.22
   15384.575     0.600000         1383         2.50
   16228.351     0.650000         1498         2.86
   17268.735     0.700000         1612         3.33
   18317.311     0.750000         1727         4.00
   18743.295     0.775000         1786         4.44
   19103.743     0.800000         1843         5.00
   19660.799     0.825000         1900         5.71
   20037.631     0.850000         1957         6.67
   20479.999     0.875000         2016         8.00
   20758.527     0.887500         2045         8.89
   20987.903     0.900000         2075        10.00
   21233.663     0.912500         2101        11.43
   21495.807     0.925000         2130        13.33
   21774.335     0.937500         2160        16.00
   21921.791     0.943750         2173        17.78
   22052.863     0.950000         2188        20.00
   22200.319     0.956250         2202        22.86
   22331.391     0.962500         2216        26.67
   22511.615     0.968750         2232        32.00
   22544.383     0.971875         2239        35.56
   22577.151     0.975000         2245        40.00
   22626.303     0.978125         2252        45.71
   22757.375     0.981250         2259        53.33
   22888.447     0.984375         2267        64.00
   22953.983     0.985938         2270        71.11
   23052.287     0.987500         2277        80.00
   23052.287     0.989062         2277        91.43
   23117.823     0.990625         2283       106.67
   23150.591     0.992188         2288       128.00
   23150.591     0.992969         2288       142.22
   23150.591     0.993750         2288       160.00
   23183.359     0.994531         2290       182.86
   23248.895     0.995313         2292       213.33
   23330.815     0.996094         2294       256.00
   23330.815     0.996484         2294       284.44
   23429.119     0.996875         2295       320.00
   23445.503     0.997266         2297       365.71
   23445.503     0.997656         2297       426.67
   23461.887     0.998047         2298       512.00
   23461.887     0.998242         2298       568.89
   23478.271     0.998437         2299       640.00
   23478.271     0.998633         2299       731.43
   23494.655     0.998828         2300       853.33
   23494.655     0.999023         2300      1024.00
   23494.655     0.999121         2300      1137.78
   23592.959     0.999219         2302      1280.00
   23592.959     1.000000         2302          inf
#[Mean    =    13365.264, StdDeviation   =     5597.131]
#[Max     =    23576.576, Total count    =         2302]
#[Buckets =           27, SubBuckets     =         2048]
-----------------------------------------------------------------------
  2779 requests in 1.00m, 848.10KB read
Requests/sec:     46.31  
Transfer/sec:     14.13KB
