Running 1m test @ http://10.100.134.99/?loopCount=25&base=6&exp=6
  5 threads and 5 connections

  Thread calibration: mean lat.: 978.783ms, rate sampling interval: 3244ms
  Thread calibration: mean lat.: 864.346ms, rate sampling interval: 4247ms
  Thread calibration: mean lat.: 1508.127ms, rate sampling interval: 4939ms
  Thread calibration: mean lat.: 792.020ms, rate sampling interval: 3713ms
  Thread calibration: mean lat.: 706.051ms, rate sampling interval: 2291ms

-----------------------------------------------------------------------
Test Results @ http://10.100.134.99/?loopCount=25&base=6&exp=6 
  Thread Stats   Avg      Stdev     99%   +/- Stdev
    Latency     6.15s     2.75s   12.18s    61.76%
    Req/Sec    11.81      1.51    15.00     88.57%
  Latency Distribution (HdrHistogram - Recorded Latency)
 50.000%    6.43s 
 75.000%    8.21s 
 90.000%   10.10s 
 99.000%   12.18s 
 99.900%   13.20s 
 99.990%   13.49s 
 99.999%   13.49s 
100.000%   13.49s 

  Detailed Percentile spectrum:
       Value   Percentile   TotalCount 1/(1-Percentile)

    1329.151     0.000000            1         1.00
    2588.671     0.100000          308         1.11
    3393.535     0.200000          616         1.25
    4192.255     0.300000          922         1.43
    5259.263     0.400000         1231         1.67
    6434.815     0.500000         1541         2.00
    6578.175     0.550000         1692         2.22
    6725.631     0.600000         1848         2.50
    7254.015     0.650000         1998         2.86
    7757.823     0.700000         2152         3.33
    8208.383     0.750000         2308         4.00
    8355.839     0.775000         2385         4.44
    8585.215     0.800000         2460         5.00
    8937.471     0.825000         2538         5.71
    9297.919     0.850000         2613         6.67
    9584.639     0.875000         2689         8.00
    9920.511     0.887500         2728         8.89
   10100.735     0.900000         2767        10.00
   10321.919     0.912500         2805        11.43
   10485.759     0.925000         2845        13.33
   10567.679     0.937500         2883        16.00
   10608.639     0.943750         2902        17.78
   10649.599     0.950000         2920        20.00
   10797.055     0.956250         2939        22.86
   11149.311     0.962500         2958        26.67
   11452.415     0.968750         2977        32.00
   11542.527     0.971875         2987        35.56
   11730.943     0.975000         2997        40.00
   11804.671     0.978125         3006        45.71
   11870.207     0.981250         3016        53.33
   11935.743     0.984375         3025        64.00
   11993.087     0.985938         3031        71.11
   12042.239     0.987500         3035        80.00
   12181.503     0.989062         3042        91.43
   12214.271     0.990625         3045       106.67
   12263.423     0.992188         3051       128.00
   12271.615     0.992969         3052       142.22
   12287.999     0.993750         3054       160.00
   12533.759     0.994531         3058       182.86
   12541.951     0.995313         3060       213.33
   12558.335     0.996094         3061       256.00
   12566.527     0.996484         3063       284.44
   12582.911     0.996875         3064       320.00
   12615.679     0.997266         3065       365.71
   12632.063     0.997656         3066       426.67
   12713.983     0.998047         3067       512.00
   12820.479     0.998242         3068       568.89
   12959.743     0.998437         3069       640.00
   12959.743     0.998633         3069       731.43
   13197.311     0.998828         3070       853.33
   13197.311     0.999023         3070      1024.00
   13328.383     0.999121         3071      1137.78
   13328.383     0.999219         3071      1280.00
   13328.383     0.999316         3071      1462.86
   13451.263     0.999414         3072      1706.67
   13451.263     0.999512         3072      2048.00
   13451.263     0.999561         3072      2275.56
   13451.263     0.999609         3072      2560.00
   13451.263     0.999658         3072      2925.71
   13492.223     0.999707         3073      3413.33
   13492.223     1.000000         3073          inf
#[Mean    =     6154.525, StdDeviation   =     2748.486]
#[Max     =    13484.032, Total count    =         3073]
#[Buckets =           27, SubBuckets     =         2048]
-----------------------------------------------------------------------
  3669 requests in 1.00m, 1.09MB read
Requests/sec:     61.14  
Transfer/sec:     18.65KB
