Running 1m test @ http://10.104.199.0/?loopCount=25&base=6&exp=6
  1 threads and 1 connections

  Thread calibration: mean lat.: 2507.344ms, rate sampling interval: 11509ms

-----------------------------------------------------------------------
Test Results @ http://10.104.199.0/?loopCount=25&base=6&exp=6 
  Thread Stats   Avg      Stdev     99%   +/- Stdev
    Latency    25.74s    11.04s   44.50s    56.48%
    Req/Sec     5.50      0.50     6.00    100.00%
  Latency Distribution (HdrHistogram - Recorded Latency)
 50.000%   25.44s 
 75.000%   35.49s 
 90.000%   40.53s 
 99.000%   44.50s 
 99.900%   44.96s 
 99.990%   44.96s 
 99.999%   44.96s 
100.000%   44.96s 

  Detailed Percentile spectrum:
       Value   Percentile   TotalCount 1/(1-Percentile)

    7028.735     0.000000            1         1.00
   10461.183     0.100000           31         1.11
   13959.167     0.200000           61         1.25
   18038.783     0.300000           91         1.43
   22036.479     0.400000          121         1.67
   25444.351     0.500000          151         2.00
   27426.815     0.550000          166         2.22
   29442.047     0.600000          181         2.50
   31948.799     0.650000          196         2.86
   33652.735     0.700000          211         3.33
   35487.743     0.750000          226         4.00
   36536.319     0.775000          234         4.44
   37257.215     0.800000          241         5.00
   38338.559     0.825000          249         5.71
   39059.455     0.850000          256         6.67
   39813.119     0.875000          264         8.00
   40173.567     0.887500          268         8.89
   40534.015     0.900000          271        10.00
   41189.375     0.912500          275        11.43
   41746.431     0.925000          279        13.33
   42565.631     0.937500          283        16.00
   42795.007     0.943750          285        17.78
   42860.543     0.950000          286        20.00
   43089.919     0.956250          288        22.86
   43286.527     0.962500          290        26.67
   43614.207     0.968750          292        32.00
   43778.047     0.971875          293        35.56
   43941.887     0.975000          294        40.00
   44105.727     0.978125          295        45.71
   44236.799     0.981250          296        53.33
   44335.103     0.984375          297        64.00
   44335.103     0.985938          297        71.11
   44498.943     0.987500          298        80.00
   44498.943     0.989062          298        91.43
   44630.015     0.990625          299       106.67
   44630.015     0.992188          299       128.00
   44630.015     0.992969          299       142.22
   44793.855     0.993750          300       160.00
   44793.855     0.994531          300       182.86
   44793.855     0.995313          300       213.33
   44793.855     0.996094          300       256.00
   44793.855     0.996484          300       284.44
   44957.695     0.996875          301       320.00
   44957.695     1.000000          301          inf
#[Mean    =    25737.856, StdDeviation   =    11043.331]
#[Max     =    44924.928, Total count    =          301]
#[Buckets =           27, SubBuckets     =         2048]
-----------------------------------------------------------------------
  375 requests in 1.00m, 114.58KB read
Requests/sec:      6.25  
Transfer/sec:      1.91KB
