Running 1m test @ http://10.104.199.0/?loopCount=25&base=6&exp=6
  5 threads and 5 connections

  Thread calibration: mean lat.: 755.251ms, rate sampling interval: 2244ms
  Thread calibration: mean lat.: 1163.404ms, rate sampling interval: 4079ms
  Thread calibration: mean lat.: 981.302ms, rate sampling interval: 3762ms
  Thread calibration: mean lat.: 514.442ms, rate sampling interval: 2310ms
  Thread calibration: mean lat.: 231.828ms, rate sampling interval: 1008ms

-----------------------------------------------------------------------
Test Results @ http://10.104.199.0/?loopCount=25&base=6&exp=6 
  Thread Stats   Avg      Stdev     99%   +/- Stdev
    Latency     6.64s     3.30s   13.33s    59.34%
    Req/Sec    10.96      2.31    17.00     88.89%
  Latency Distribution (HdrHistogram - Recorded Latency)
 50.000%    6.52s 
 75.000%    9.50s 
 90.000%   10.97s 
 99.000%   13.33s 
 99.900%   13.45s 
 99.990%   13.48s 
 99.999%   13.48s 
100.000%   13.48s 

  Detailed Percentile spectrum:
       Value   Percentile   TotalCount 1/(1-Percentile)

     212.735     0.000000            1         1.00
    2465.791     0.100000          296         1.11
    3211.263     0.200000          591         1.25
    4116.479     0.300000          888         1.43
    5345.279     0.400000         1182         1.67
    6520.831     0.500000         1477         2.00
    7016.447     0.550000         1627         2.22
    7831.551     0.600000         1774         2.50
    8396.799     0.650000         1925         2.86
    8708.095     0.700000         2071         3.33
    9502.719     0.750000         2216         4.00
    9707.519     0.775000         2294         4.44
    9854.975     0.800000         2364         5.00
   10174.463     0.825000         2446         5.71
   10477.567     0.850000         2512         6.67
   10747.903     0.875000         2589         8.00
   10829.823     0.887500         2622         8.89
   10969.087     0.900000         2663        10.00
   11091.967     0.912500         2697        11.43
   11476.991     0.925000         2733        13.33
   11763.711     0.937500         2770        16.00
   11886.591     0.943750         2788        17.78
   12075.007     0.950000         2807        20.00
   12460.031     0.956250         2826        22.86
   12623.871     0.962500         2844        26.67
   12722.175     0.968750         2864        32.00
   12754.943     0.971875         2871        35.56
   12795.903     0.975000         2882        40.00
   12828.671     0.978125         2890        45.71
   12951.551     0.981250         2899        53.33
   13082.623     0.984375         2909        64.00
   13156.351     0.985938         2914        71.11
   13295.615     0.987500         2918        80.00
   13328.383     0.989062         2924        91.43
   13344.767     0.990625         2928       106.67
   13361.151     0.992188         2932       128.00
   13369.343     0.992969         2935       142.22
   13377.535     0.993750         2937       160.00
   13385.727     0.994531         2938       182.86
   13393.919     0.995313         2941       213.33
   13418.495     0.996094         2944       256.00
   13418.495     0.996484         2944       284.44
   13426.687     0.996875         2947       320.00
   13426.687     0.997266         2947       365.71
   13434.879     0.997656         2949       426.67
   13434.879     0.998047         2949       512.00
   13434.879     0.998242         2949       568.89
   13443.071     0.998437         2950       640.00
   13443.071     0.998633         2950       731.43
   13451.263     0.998828         2953       853.33
   13451.263     0.999023         2953      1024.00
   13451.263     0.999121         2953      1137.78
   13451.263     0.999219         2953      1280.00
   13451.263     0.999316         2953      1462.86
   13451.263     0.999414         2953      1706.67
   13451.263     0.999512         2953      2048.00
   13451.263     0.999561         2953      2275.56
   13451.263     0.999609         2953      2560.00
   13451.263     0.999658         2953      2925.71
   13475.839     0.999707         2954      3413.33
   13475.839     1.000000         2954          inf
#[Mean    =     6635.100, StdDeviation   =     3304.913]
#[Max     =    13467.648, Total count    =         2954]
#[Buckets =           27, SubBuckets     =         2048]
-----------------------------------------------------------------------
  3595 requests in 1.00m, 1.07MB read
Requests/sec:     59.91  
Transfer/sec:     18.27KB
