Running 1m test @ http://10.97.218.196/?loopCount=25&base=6&exp=6
  1 threads and 1 connections

  Thread calibration: mean lat.: 706.958ms, rate sampling interval: 2433ms

-----------------------------------------------------------------------
Test Results @ http://10.97.218.196/?loopCount=25&base=6&exp=6 
  Thread Stats   Avg      Stdev     99%   +/- Stdev
    Latency     5.32s     2.22s    8.79s    57.16%
    Req/Sec    20.65      1.06    23.00     95.00%
  Latency Distribution (HdrHistogram - Recorded Latency)
 50.000%    5.41s 
 75.000%    7.43s 
 90.000%    8.32s 
 99.000%    8.79s 
 99.900%    8.95s 
 99.990%    9.02s 
 99.999%    9.02s 
100.000%    9.02s 

  Detailed Percentile spectrum:
       Value   Percentile   TotalCount 1/(1-Percentile)

    1256.447     0.000000            1         1.00
    2203.647     0.100000          108         1.11
    2912.255     0.200000          211         1.25
    3774.463     0.300000          318         1.43
    4718.591     0.400000          423         1.67
    5406.719     0.500000          531         2.00
    5849.087     0.550000          582         2.22
    6250.495     0.600000          633         2.50
    6455.295     0.650000          687         2.86
    6959.103     0.700000          740         3.33
    7438.335     0.750000          797         4.00
    7499.775     0.775000          819         4.44
    7679.999     0.800000          848         5.00
    7790.591     0.825000          872         5.71
    7917.567     0.850000          899         6.67
    8167.423     0.875000          927         8.00
    8241.151     0.887500          939         8.89
    8318.975     0.900000          950        10.00
    8404.991     0.912500          968        11.43
    8486.911     0.925000          976        13.33
    8519.679     0.937500          991        16.00
    8552.447     0.943750          997        17.78
    8601.599     0.950000         1004        20.00
    8609.791     0.956250         1011        22.86
    8650.751     0.962500         1016        26.67
    8683.519     0.968750         1026        32.00
    8683.519     0.971875         1026        35.56
    8740.863     0.975000         1033        40.00
    8740.863     0.978125         1033        45.71
    8757.247     0.981250         1037        53.33
    8781.823     0.984375         1042        64.00
    8781.823     0.985938         1042        71.11
    8781.823     0.987500         1042        80.00
    8790.015     0.989062         1046        91.43
    8790.015     0.990625         1046       106.67
    8806.399     0.992188         1047       128.00
    8871.935     0.992969         1052       142.22
    8871.935     0.993750         1052       160.00
    8871.935     0.994531         1052       182.86
    8871.935     0.995313         1052       213.33
    8871.935     0.996094         1052       256.00
    8871.935     0.996484         1052       284.44
    8871.935     0.996875         1052       320.00
    8888.319     0.997266         1053       365.71
    8888.319     0.997656         1053       426.67
    8888.319     0.998047         1053       512.00
    8953.855     0.998242         1054       568.89
    8953.855     0.998437         1054       640.00
    8953.855     0.998633         1054       731.43
    8953.855     0.998828         1054       853.33
    8953.855     0.999023         1054      1024.00
    9019.391     0.999121         1055      1137.78
    9019.391     1.000000         1055          inf
#[Mean    =     5322.033, StdDeviation   =     2218.797]
#[Max     =     9011.200, Total count    =         1055]
#[Buckets =           27, SubBuckets     =         2048]
-----------------------------------------------------------------------
  1273 requests in 1.00m, 387.87KB read
Requests/sec:     21.22  
Transfer/sec:      6.46KB
