Running 1m test @ http://10.100.185.202/?loopCount=25&base=6&exp=6
  1 threads and 1 connections

  Thread calibration: mean lat.: 562.282ms, rate sampling interval: 2205ms

-----------------------------------------------------------------------
Test Results @ http://10.100.185.202/?loopCount=25&base=6&exp=6 
  Thread Stats   Avg      Stdev     99%   +/- Stdev
    Latency     4.60s     1.89s    7.77s    56.54%
    Req/Sec    21.18      1.56    24.00     90.91%
  Latency Distribution (HdrHistogram - Recorded Latency)
 50.000%    4.58s 
 75.000%    6.48s 
 90.000%    7.21s 
 99.000%    7.77s 
 99.900%    7.78s 
 99.990%    7.78s 
 99.999%    7.78s 
100.000%    7.78s 

  Detailed Percentile spectrum:
       Value   Percentile   TotalCount 1/(1-Percentile)

    1219.583     0.000000            2         1.00
    2087.935     0.100000          109         1.11
    2750.463     0.200000          218         1.25
    3299.327     0.300000          328         1.43
    3719.167     0.400000          438         1.67
    4579.327     0.500000          546         2.00
    4882.431     0.550000          600         2.22
    5304.319     0.600000          652         2.50
    5709.823     0.650000          707         2.86
    5906.431     0.700000          764         3.33
    6479.871     0.750000          818         4.00
    6631.423     0.775000          842         4.44
    6676.479     0.800000          871         5.00
    6746.111     0.825000          899         5.71
    6828.031     0.850000          924         6.67
    7045.119     0.875000          951         8.00
    7122.943     0.887500          964         8.89
    7208.959     0.900000          981        10.00
    7364.607     0.912500          991        11.43
    7380.991     0.925000         1005        13.33
    7430.143     0.937500         1019        16.00
    7454.719     0.943750         1028        17.78
    7471.103     0.950000         1033        20.00
    7507.967     0.956250         1039        22.86
    7512.063     0.962500         1046        26.67
    7544.831     0.968750         1053        32.00
    7585.791     0.971875         1058        35.56
    7606.271     0.975000         1062        40.00
    7622.655     0.978125         1063        45.71
    7630.847     0.981250         1067        53.33
    7679.999     0.984375         1070        64.00
    7725.055     0.985938         1072        71.11
    7741.439     0.987500         1073        80.00
    7766.015     0.989062         1078        91.43
    7766.015     0.990625         1078       106.67
    7766.015     0.992188         1078       128.00
    7774.207     0.992969         1084       142.22
    7774.207     0.993750         1084       160.00
    7774.207     0.994531         1084       182.86
    7774.207     0.995313         1084       213.33
    7774.207     0.996094         1084       256.00
    7774.207     0.996484         1084       284.44
    7774.207     0.996875         1084       320.00
    7774.207     0.997266         1084       365.71
    7774.207     0.997656         1084       426.67
    7774.207     0.998047         1084       512.00
    7778.303     0.998242         1086       568.89
    7778.303     1.000000         1086          inf
#[Mean    =     4604.323, StdDeviation   =     1891.666]
#[Max     =     7774.208, Total count    =         1086]
#[Buckets =           27, SubBuckets     =         2048]
-----------------------------------------------------------------------
  1305 requests in 1.00m, 397.62KB read
Requests/sec:     21.75  
Transfer/sec:      6.63KB
