Running 1m test @ http://10.96.164.126/?loopCount=25&base=6&exp=6
  1 threads and 1 connections

  Thread calibration: mean lat.: 1430.181ms, rate sampling interval: 5332ms

-----------------------------------------------------------------------
Test Results @ http://10.96.164.126/?loopCount=25&base=6&exp=6 
  Thread Stats   Avg      Stdev     99%   +/- Stdev
    Latency    11.03s     4.37s   18.07s    57.09%
    Req/Sec    17.11      0.74    18.00    100.00%
  Latency Distribution (HdrHistogram - Recorded Latency)
 50.000%   11.35s 
 75.000%   14.79s 
 90.000%   16.97s 
 99.000%   18.07s 
 99.900%   18.28s 
 99.990%   18.32s 
 99.999%   18.32s 
100.000%   18.32s 

  Detailed Percentile spectrum:
       Value   Percentile   TotalCount 1/(1-Percentile)

    3043.327     0.000000            1         1.00
    4931.583     0.100000           87         1.11
    6217.727     0.200000          174         1.25
    8155.135     0.300000          261         1.43
    9486.335     0.400000          348         1.67
   11354.111     0.500000          439         2.00
   11804.671     0.550000          477         2.22
   12779.519     0.600000          523         2.50
   13533.183     0.650000          564         2.86
   14303.231     0.700000          608         3.33
   14835.711     0.750000          651         4.00
   15114.239     0.775000          672         4.44
   15548.415     0.800000          694         5.00
   15958.015     0.825000          716         5.71
   16383.999     0.850000          738         6.67
   16809.983     0.875000          760         8.00
   16875.519     0.887500          771         8.89
   16973.823     0.900000          781        10.00
   17121.279     0.912500          793        11.43
   17235.967     0.925000          802        13.33
   17367.039     0.937500          814        16.00
   17530.879     0.943750          819        17.78
   17563.647     0.950000          826        20.00
   17645.567     0.956250          832        22.86
   17678.335     0.962500          836        26.67
   17727.487     0.968750          840        32.00
   17760.255     0.971875          846        35.56
   17760.255     0.975000          846        40.00
   17907.711     0.978125          852        45.71
   17907.711     0.981250          852        53.33
   18006.015     0.984375          855        64.00
   18006.015     0.985938          855        71.11
   18022.399     0.987500          857        80.00
   18071.551     0.989062          858        91.43
   18120.703     0.990625          859       106.67
   18153.471     0.992188          861       128.00
   18153.471     0.992969          861       142.22
   18202.623     0.993750          862       160.00
   18251.775     0.994531          864       182.86
   18251.775     0.995313          864       213.33
   18251.775     0.996094          864       256.00
   18251.775     0.996484          864       284.44
   18284.543     0.996875          866       320.00
   18284.543     0.997266          866       365.71
   18284.543     0.997656          866       426.67
   18284.543     0.998047          866       512.00
   18284.543     0.998242          866       568.89
   18284.543     0.998437          866       640.00
   18284.543     0.998633          866       731.43
   18284.543     0.998828          866       853.33
   18317.311     0.999023          867      1024.00
   18317.311     1.000000          867          inf
#[Mean    =    11027.599, StdDeviation   =     4371.072]
#[Max     =    18300.928, Total count    =          867]
#[Buckets =           27, SubBuckets     =         2048]
-----------------------------------------------------------------------
  1041 requests in 1.00m, 317.19KB read
Requests/sec:     17.35  
Transfer/sec:      5.29KB
