Running 1m test @ http://10.96.158.146/?loopCount=25&base=6&exp=6
  5 threads and 5 connections

  Thread calibration: mean lat.: 1870.984ms, rate sampling interval: 6680ms
  Thread calibration: mean lat.: 1471.166ms, rate sampling interval: 5201ms
  Thread calibration: mean lat.: 2030.930ms, rate sampling interval: 6840ms
  Thread calibration: mean lat.: 2129.751ms, rate sampling interval: 7434ms
  Thread calibration: mean lat.: 1738.558ms, rate sampling interval: 6205ms

-----------------------------------------------------------------------
Test Results @ http://10.96.158.146/?loopCount=25&base=6&exp=6 
  Thread Stats   Avg      Stdev     99%   +/- Stdev
    Latency    12.77s     5.41s   22.51s    58.64%
    Req/Sec     8.89      0.69    11.00     97.30%
  Latency Distribution (HdrHistogram - Recorded Latency)
 50.000%   12.66s 
 75.000%   17.61s 
 90.000%   20.51s 
 99.000%   22.51s 
 99.900%   22.99s 
 99.990%   23.23s 
 99.999%   23.23s 
100.000%   23.23s 

  Detailed Percentile spectrum:
       Value   Percentile   TotalCount 1/(1-Percentile)

    2996.223     0.000000            1         1.00
    5570.559     0.100000          235         1.11
    7323.647     0.200000          469         1.25
    8937.471     0.300000          703         1.43
   10592.255     0.400000          938         1.67
   12664.831     0.500000         1173         2.00
   13402.111     0.550000         1289         2.22
   14360.575     0.600000         1406         2.50
   15400.959     0.650000         1523         2.86
   16482.303     0.700000         1641         3.33
   17629.183     0.750000         1758         4.00
   18055.167     0.775000         1818         4.44
   18399.231     0.800000         1877         5.00
   18857.983     0.825000         1933         5.71
   19382.271     0.850000         1993         6.67
   19972.095     0.875000         2051         8.00
   20250.623     0.887500         2081         8.89
   20512.767     0.900000         2110        10.00
   20660.223     0.912500         2139        11.43
   20807.679     0.925000         2169        13.33
   21118.975     0.937500         2199        16.00
   21266.431     0.943750         2214        17.78
   21348.351     0.950000         2228        20.00
   21512.191     0.956250         2241        22.86
   21708.799     0.962500         2256        26.67
   21872.639     0.968750         2270        32.00
   21970.943     0.971875         2278        35.56
   22069.247     0.975000         2285        40.00
   22200.319     0.978125         2292        45.71
   22331.391     0.981250         2300        53.33
   22413.311     0.984375         2307        64.00
   22446.079     0.985938         2312        71.11
   22462.463     0.987500         2315        80.00
   22495.231     0.989062         2318        91.43
   22527.999     0.990625         2322       106.67
   22577.151     0.992188         2325       128.00
   22593.535     0.992969         2327       142.22
   22609.919     0.993750         2329       160.00
   22626.303     0.994531         2331       182.86
   22675.455     0.995313         2333       213.33
   22691.839     0.996094         2335       256.00
   22691.839     0.996484         2335       284.44
   22708.223     0.996875         2336       320.00
   22822.911     0.997266         2337       365.71
   22855.679     0.997656         2338       426.67
   22904.831     0.998047         2339       512.00
   22904.831     0.998242         2339       568.89
   22937.599     0.998437         2340       640.00
   22937.599     0.998633         2340       731.43
   22986.751     0.998828         2341       853.33
   22986.751     0.999023         2341      1024.00
   22986.751     0.999121         2341      1137.78
   23003.135     0.999219         2342      1280.00
   23003.135     0.999316         2342      1462.86
   23003.135     0.999414         2342      1706.67
   23003.135     0.999512         2342      2048.00
   23003.135     0.999561         2342      2275.56
   23232.511     0.999609         2343      2560.00
   23232.511     1.000000         2343          inf
#[Mean    =    12771.274, StdDeviation   =     5410.208]
#[Max     =    23216.128, Total count    =         2343]
#[Buckets =           27, SubBuckets     =         2048]
-----------------------------------------------------------------------
  2818 requests in 1.00m, 859.91KB read
Requests/sec:     46.96  
Transfer/sec:     14.33KB
