Running 1m test @ http://10.109.115.86/?loopCount=25&base=6&exp=6
  1 threads and 1 connections

  Thread calibration: mean lat.: 3328.160ms, rate sampling interval: 12107ms

-----------------------------------------------------------------------
Test Results @ http://10.109.115.86/?loopCount=25&base=6&exp=6 
  Thread Stats   Avg      Stdev     99%   +/- Stdev
    Latency    24.03s    10.14s   41.42s    56.49%
    Req/Sec     6.75      0.43     7.00    100.00%
  Latency Distribution (HdrHistogram - Recorded Latency)
 50.000%   23.35s 
 75.000%   32.93s 
 90.000%   38.04s 
 99.000%   41.42s 
 99.900%   41.78s 
 99.990%   41.78s 
 99.999%   41.78s 
100.000%   41.78s 

  Detailed Percentile spectrum:
       Value   Percentile   TotalCount 1/(1-Percentile)

    6791.167     0.000000            1         1.00
    9994.239     0.100000           37         1.11
   13377.535     0.200000           74         1.25
   16924.671     0.300000          111         1.43
   20430.847     0.400000          148         1.67
   23347.199     0.500000          185         2.00
   25378.815     0.550000          204         2.22
   27246.591     0.600000          222         2.50
   29507.583     0.650000          241         2.86
   31080.447     0.700000          259         3.33
   32931.839     0.750000          278         4.00
   33980.415     0.775000          287         4.44
   34701.311     0.800000          296         5.00
   35586.047     0.825000          306         5.71
   36372.479     0.850000          315         6.67
   37093.375     0.875000          324         8.00
   37617.663     0.887500          329         8.89
   38043.647     0.900000          333        10.00
   38535.167     0.912500          338        11.43
   39124.991     0.925000          343        13.33
   39485.439     0.937500          347        16.00
   39845.887     0.943750          350        17.78
   40075.263     0.950000          352        20.00
   40173.567     0.956250          354        22.86
   40665.087     0.962500          357        26.67
   40796.159     0.968750          359        32.00
   40927.231     0.971875          360        35.56
   41025.535     0.975000          361        40.00
   41091.071     0.978125          362        45.71
   41287.679     0.981250          364        53.33
   41353.215     0.984375          365        64.00
   41353.215     0.985938          365        71.11
   41418.751     0.987500          366        80.00
   41418.751     0.989062          366        91.43
   41549.823     0.990625          367       106.67
   41615.359     0.992188          368       128.00
   41615.359     0.992969          368       142.22
   41615.359     0.993750          368       160.00
   41615.359     0.994531          368       182.86
   41680.895     0.995313          369       213.33
   41680.895     0.996094          369       256.00
   41680.895     0.996484          369       284.44
   41680.895     0.996875          369       320.00
   41680.895     0.997266          369       365.71
   41779.199     0.997656          370       426.67
   41779.199     1.000000          370          inf
#[Mean    =    24033.263, StdDeviation   =    10135.090]
#[Max     =    41746.432, Total count    =          370]
#[Buckets =           27, SubBuckets     =         2048]
-----------------------------------------------------------------------
  452 requests in 1.00m, 138.04KB read
Requests/sec:      7.53  
Transfer/sec:      2.30KB
