Running 1m test @ http://10.97.218.196/?loopCount=25&base=6&exp=6
  1 threads and 1 connections

  Thread calibration: mean lat.: 819.636ms, rate sampling interval: 2990ms

-----------------------------------------------------------------------
Test Results @ http://10.97.218.196/?loopCount=25&base=6&exp=6 
  Thread Stats   Avg      Stdev     99%   +/- Stdev
    Latency     5.49s     2.02s    8.43s    59.74%
    Req/Sec    21.06      1.09    23.00    100.00%
  Latency Distribution (HdrHistogram - Recorded Latency)
 50.000%    5.72s 
 75.000%    7.28s 
 90.000%    7.87s 
 99.000%    8.43s 
 99.900%    8.47s 
 99.990%    8.47s 
 99.999%    8.47s 
100.000%    8.47s 

  Detailed Percentile spectrum:
       Value   Percentile   TotalCount 1/(1-Percentile)

    1606.655     0.000000            1         1.00
    2269.183     0.100000          111         1.11
    3446.783     0.200000          218         1.25
    4276.223     0.300000          324         1.43
    4943.871     0.400000          436         1.67
    5718.015     0.500000          545         2.00
    6021.119     0.550000          597         2.22
    6574.079     0.600000          648         2.50
    6885.375     0.650000          701         2.86
    7139.327     0.700000          757         3.33
    7278.591     0.750000          809         4.00
    7348.223     0.775000          840         4.44
    7479.295     0.800000          863         5.00
    7540.735     0.825000          891         5.71
    7667.711     0.850000          918         6.67
    7802.879     0.875000          944         8.00
    7839.743     0.887500          957         8.89
    7872.511     0.900000          973        10.00
    7983.103     0.912500          988        11.43
    8073.215     0.925000          998        13.33
    8151.039     0.937500         1016        16.00
    8159.231     0.943750         1019        17.78
    8208.383     0.950000         1025        20.00
    8224.767     0.956250         1033        22.86
    8245.247     0.962500         1039        26.67
    8298.495     0.968750         1045        32.00
    8364.031     0.971875         1048        35.56
    8388.607     0.975000         1053        40.00
    8396.799     0.978125         1055        45.71
    8421.375     0.981250         1061        53.33
    8429.567     0.984375         1073        64.00
    8429.567     0.985938         1073        71.11
    8429.567     0.987500         1073        80.00
    8429.567     0.989062         1073        91.43
    8429.567     0.990625         1073       106.67
    8429.567     0.992188         1073       128.00
    8429.567     0.992969         1073       142.22
    8429.567     0.993750         1073       160.00
    8429.567     0.994531         1073       182.86
    8429.567     0.995313         1073       213.33
    8437.759     0.996094         1074       256.00
    8454.143     0.996484         1076       284.44
    8454.143     0.996875         1076       320.00
    8454.143     0.997266         1076       365.71
    8454.143     0.997656         1076       426.67
    8454.143     0.998047         1076       512.00
    8470.527     0.998242         1078       568.89
    8470.527     1.000000         1078          inf
#[Mean    =     5491.175, StdDeviation   =     2017.489]
#[Max     =     8462.336, Total count    =         1078]
#[Buckets =           27, SubBuckets     =         2048]
-----------------------------------------------------------------------
  1288 requests in 1.00m, 392.44KB read
Requests/sec:     21.47  
Transfer/sec:      6.54KB
