Running 1m test @ http://10.100.185.202/?loopCount=25&base=6&exp=6
  1 threads and 1 connections

  Thread calibration: mean lat.: 799.635ms, rate sampling interval: 3018ms

-----------------------------------------------------------------------
Test Results @ http://10.100.185.202/?loopCount=25&base=6&exp=6 
  Thread Stats   Avg      Stdev     99%   +/- Stdev
    Latency     4.85s     1.97s    8.41s    58.76%
    Req/Sec    20.94      0.97    23.00     93.75%
  Latency Distribution (HdrHistogram - Recorded Latency)
 50.000%    4.57s 
 75.000%    6.49s 
 90.000%    7.61s 
 99.000%    8.41s 
 99.900%    8.48s 
 99.990%    8.48s 
 99.999%    8.48s 
100.000%    8.48s 

  Detailed Percentile spectrum:
       Value   Percentile   TotalCount 1/(1-Percentile)

    1634.303     0.000000            2         1.00
    2347.007     0.100000          109         1.11
    2772.991     0.200000          216         1.25
    3330.047     0.300000          327         1.43
    3975.167     0.400000          432         1.67
    4571.135     0.500000          541         2.00
    5206.015     0.550000          597         2.22
    5636.095     0.600000          648         2.50
    6074.367     0.650000          703         2.86
    6270.975     0.700000          759         3.33
    6492.159     0.750000          811         4.00
    6541.311     0.775000          838         4.44
    6668.287     0.800000          864         5.00
    7049.215     0.825000          896         5.71
    7172.095     0.850000          918         6.67
    7352.319     0.875000          946         8.00
    7557.119     0.887500          961         8.89
    7614.463     0.900000          972        10.00
    7675.903     0.912500          985        11.43
    7901.183     0.925000         1000        13.33
    7970.815     0.937500         1013        16.00
    7995.391     0.943750         1021        17.78
    8138.751     0.950000         1028        20.00
    8146.943     0.956250         1038        22.86
    8151.039     0.962500         1039        26.67
    8224.767     0.968750         1048        32.00
    8241.151     0.971875         1049        35.56
    8343.551     0.975000         1054        40.00
    8351.743     0.978125         1057        45.71
    8355.839     0.981250         1059        53.33
    8404.991     0.984375         1063        64.00
    8413.183     0.985938         1068        71.11
    8413.183     0.987500         1068        80.00
    8413.183     0.989062         1068        91.43
    8421.375     0.990625         1069       106.67
    8462.335     0.992188         1071       128.00
    8470.527     0.992969         1075       142.22
    8470.527     0.993750         1075       160.00
    8470.527     0.994531         1075       182.86
    8470.527     0.995313         1075       213.33
    8470.527     0.996094         1075       256.00
    8478.719     0.996484         1079       284.44
    8478.719     1.000000         1079          inf
#[Mean    =     4845.897, StdDeviation   =     1967.572]
#[Max     =     8470.528, Total count    =         1079]
#[Buckets =           27, SubBuckets     =         2048]
-----------------------------------------------------------------------
  1288 requests in 1.00m, 392.44KB read
Requests/sec:     21.47  
Transfer/sec:      6.54KB
