Running 1m test @ http://10.108.208.72/?loopCount=25&base=6&exp=6
  5 threads and 5 connections

  Thread calibration: mean lat.: 1339.070ms, rate sampling interval: 4784ms
  Thread calibration: mean lat.: 1632.831ms, rate sampling interval: 5443ms
  Thread calibration: mean lat.: 1471.829ms, rate sampling interval: 5881ms
  Thread calibration: mean lat.: 1567.029ms, rate sampling interval: 5726ms
  Thread calibration: mean lat.: 1746.963ms, rate sampling interval: 5464ms

-----------------------------------------------------------------------
Test Results @ http://10.108.208.72/?loopCount=25&base=6&exp=6 
  Thread Stats   Avg      Stdev     99%   +/- Stdev
    Latency    10.78s     4.39s   18.83s    58.91%
    Req/Sec     9.91      0.60    11.00     97.73%
  Latency Distribution (HdrHistogram - Recorded Latency)
 50.000%   10.70s 
 75.000%   14.48s 
 90.000%   16.92s 
 99.000%   18.83s 
 99.900%   19.30s 
 99.990%   19.40s 
 99.999%   19.40s 
100.000%   19.40s 

  Detailed Percentile spectrum:
       Value   Percentile   TotalCount 1/(1-Percentile)

    3026.943     0.000000            1         1.00
    4845.567     0.100000          261         1.11
    6291.455     0.200000          520         1.25
    7725.055     0.300000          780         1.43
    9199.615     0.400000         1041         1.67
   10698.751     0.500000         1300         2.00
   11460.607     0.550000         1430         2.22
   12099.583     0.600000         1561         2.50
   12853.247     0.650000         1690         2.86
   13647.871     0.700000         1820         3.33
   14483.455     0.750000         1950         4.00
   14893.055     0.775000         2016         4.44
   15212.543     0.800000         2081         5.00
   15802.367     0.825000         2145         5.71
   16211.967     0.850000         2210         6.67
   16588.799     0.875000         2275         8.00
   16728.063     0.887500         2307         8.89
   16941.055     0.900000         2343        10.00
   17170.431     0.912500         2374        11.43
   17416.191     0.925000         2406        13.33
   17612.799     0.937500         2439        16.00
   17678.335     0.943750         2453        17.78
   17760.255     0.950000         2470        20.00
   17907.711     0.956250         2488        22.86
   18006.015     0.962500         2503        26.67
   18104.319     0.968750         2520        32.00
   18169.855     0.971875         2526        35.56
   18284.543     0.975000         2535        40.00
   18382.847     0.978125         2545        45.71
   18448.383     0.981250         2551        53.33
   18530.303     0.984375         2559        64.00
   18612.223     0.985938         2565        71.11
   18644.991     0.987500         2568        80.00
   18694.143     0.989062         2571        91.43
   18907.135     0.990625         2575       106.67
   18972.671     0.992188         2580       128.00
   18989.055     0.992969         2583       142.22
   18989.055     0.993750         2583       160.00
   19005.439     0.994531         2585       182.86
   19021.823     0.995313         2587       213.33
   19087.359     0.996094         2589       256.00
   19169.279     0.996484         2590       284.44
   19218.431     0.996875         2591       320.00
   19234.815     0.997266         2592       365.71
   19251.199     0.997656         2593       426.67
   19267.583     0.998047         2594       512.00
   19283.967     0.998242         2595       568.89
   19283.967     0.998437         2595       640.00
   19300.351     0.998633         2596       731.43
   19300.351     0.998828         2596       853.33
   19333.119     0.999023         2597      1024.00
   19333.119     0.999121         2597      1137.78
   19333.119     0.999219         2597      1280.00
   19382.271     0.999316         2598      1462.86
   19382.271     0.999414         2598      1706.67
   19382.271     0.999512         2598      2048.00
   19382.271     0.999561         2598      2275.56
   19382.271     0.999609         2598      2560.00
   19398.655     0.999658         2599      2925.71
   19398.655     1.000000         2599          inf
#[Mean    =    10783.378, StdDeviation   =     4392.476]
#[Max     =    19382.272, Total count    =         2599]
#[Buckets =           27, SubBuckets     =         2048]
-----------------------------------------------------------------------
  3107 requests in 1.00m, 0.93MB read
Requests/sec:     51.78  
Transfer/sec:     15.80KB
