Running 1m test @ http://10.108.208.72/?loopCount=25&base=6&exp=6
  5 threads and 5 connections

  Thread calibration: mean lat.: 142.200ms, rate sampling interval: 358ms
  Thread calibration: mean lat.: 185.366ms, rate sampling interval: 603ms
  Thread calibration: mean lat.: 154.971ms, rate sampling interval: 507ms
  Thread calibration: mean lat.: 187.117ms, rate sampling interval: 551ms
  Thread calibration: mean lat.: 125.253ms, rate sampling interval: 464ms

-----------------------------------------------------------------------
Test Results @ http://10.108.208.72/?loopCount=25&base=6&exp=6 
  Thread Stats   Avg      Stdev     99%   +/- Stdev
    Latency   221.91ms  136.59ms 654.34ms   65.40%
    Req/Sec     9.44      1.92    15.00     89.53%
  Latency Distribution (HdrHistogram - Recorded Latency)
 50.000%  172.29ms
 75.000%  282.11ms
 90.000%  390.14ms
 99.000%  654.34ms
 99.900%  763.39ms
 99.990%  832.51ms
 99.999%  832.51ms
100.000%  832.51ms

  Detailed Percentile spectrum:
       Value   Percentile   TotalCount 1/(1-Percentile)

      40.543     0.000000            1         1.00
      74.623     0.100000          251         1.11
      86.463     0.200000          502         1.25
     143.487     0.300000          753         1.43
     154.751     0.400000         1004         1.67
     172.287     0.500000         1253         2.00
     191.743     0.550000         1380         2.22
     244.991     0.600000         1505         2.50
     253.823     0.650000         1629         2.86
     266.495     0.700000         1761         3.33
     282.111     0.750000         1880         4.00
     334.335     0.775000         1943         4.44
     346.879     0.800000         2008         5.00
     351.743     0.825000         2069         5.71
     359.167     0.850000         2131         6.67
     368.639     0.875000         2193         8.00
     376.319     0.887500         2225         8.89
     390.911     0.900000         2256        10.00
     438.783     0.912500         2287        11.43
     449.279     0.925000         2320        13.33
     455.679     0.937500         2350        16.00
     458.495     0.943750         2366        17.78
     464.383     0.950000         2381        20.00
     473.855     0.956250         2397        22.86
     542.207     0.962500         2413        26.67
     556.031     0.968750         2428        32.00
     561.151     0.971875         2436        35.56
     567.807     0.975000         2444        40.00
     581.119     0.978125         2452        45.71
     633.855     0.981250         2460        53.33
     643.071     0.984375         2467        64.00
     648.191     0.985938         2471        71.11
     650.239     0.987500         2475        80.00
     653.311     0.989062         2480        91.43
     656.895     0.990625         2483       106.67
     658.431     0.992188         2487       128.00
     659.455     0.992969         2490       142.22
     660.479     0.993750         2491       160.00
     663.551     0.994531         2493       182.86
     671.231     0.995313         2495       213.33
     691.711     0.996094         2497       256.00
     747.519     0.996484         2498       284.44
     748.543     0.996875         2499       320.00
     751.103     0.997266         2500       365.71
     758.783     0.997656         2501       426.67
     762.367     0.998047         2502       512.00
     762.367     0.998242         2502       568.89
     763.391     0.998437         2503       640.00
     763.391     0.998633         2503       731.43
     767.487     0.998828         2504       853.33
     767.487     0.999023         2504      1024.00
     767.487     0.999121         2504      1137.78
     782.847     0.999219         2505      1280.00
     782.847     0.999316         2505      1462.86
     782.847     0.999414         2505      1706.67
     782.847     0.999512         2505      2048.00
     782.847     0.999561         2505      2275.56
     832.511     0.999609         2506      2560.00
     832.511     1.000000         2506          inf
#[Mean    =      221.912, StdDeviation   =      136.594]
#[Max     =      832.000, Total count    =         2506]
#[Buckets =           27, SubBuckets     =         2048]
-----------------------------------------------------------------------
  2990 requests in 1.00m, 0.89MB read
Requests/sec:     49.83  
Transfer/sec:     15.20KB
