Running 1m test @ http://10.109.115.86/?loopCount=25&base=6&exp=6
  5 threads and 5 connections

  Thread calibration: mean lat.: 424.181ms, rate sampling interval: 1495ms
  Thread calibration: mean lat.: 258.572ms, rate sampling interval: 755ms
  Thread calibration: mean lat.: 321.723ms, rate sampling interval: 936ms
  Thread calibration: mean lat.: 386.413ms, rate sampling interval: 1321ms
  Thread calibration: mean lat.: 1069.408ms, rate sampling interval: 3618ms

-----------------------------------------------------------------------
Test Results @ http://10.109.115.86/?loopCount=25&base=6&exp=6 
  Thread Stats   Avg      Stdev     99%   +/- Stdev
    Latency     3.03s     1.96s    8.68s    68.47%
    Req/Sec     8.61      1.59    13.00     87.62%
  Latency Distribution (HdrHistogram - Recorded Latency)
 50.000%    2.45s 
 75.000%    4.26s 
 90.000%    5.60s 
 99.000%    8.68s 
 99.900%    8.81s 
 99.990%    8.82s 
 99.999%    8.82s 
100.000%    8.82s 

  Detailed Percentile spectrum:
       Value   Percentile   TotalCount 1/(1-Percentile)

     230.783     0.000000            1         1.00
     801.279     0.100000          229         1.11
    1354.751     0.200000          456         1.25
    1712.127     0.300000          684         1.43
    2144.255     0.400000          911         1.67
    2445.311     0.500000         1139         2.00
    2963.455     0.550000         1253         2.22
    3123.199     0.600000         1368         2.50
    3506.175     0.650000         1481         2.86
    3915.775     0.700000         1594         3.33
    4259.839     0.750000         1709         4.00
    4452.351     0.775000         1766         4.44
    4673.535     0.800000         1822         5.00
    4878.335     0.825000         1883         5.71
    5021.695     0.850000         1937         6.67
    5271.551     0.875000         1994         8.00
    5365.759     0.887500         2021         8.89
    5607.423     0.900000         2050        10.00
    5824.511     0.912500         2078        11.43
    6402.047     0.925000         2107        13.33
    6680.575     0.937500         2136        16.00
    6815.743     0.943750         2149        17.78
    7233.535     0.950000         2165        20.00
    7434.239     0.956250         2178        22.86
    7610.367     0.962500         2193        26.67
    7708.671     0.968750         2208        32.00
    7757.823     0.971875         2213        35.56
    7966.719     0.975000         2221        40.00
    8044.543     0.978125         2228        45.71
    8310.783     0.981250         2235        53.33
    8519.679     0.984375         2242        64.00
    8560.639     0.985938         2245        71.11
    8617.983     0.987500         2249        80.00
    8642.559     0.989062         2253        91.43
    8683.519     0.990625         2256       106.67
    8708.095     0.992188         2262       128.00
    8708.095     0.992969         2262       142.22
    8716.287     0.993750         2264       160.00
    8724.479     0.994531         2265       182.86
    8773.631     0.995313         2267       213.33
    8781.823     0.996094         2270       256.00
    8781.823     0.996484         2270       284.44
    8781.823     0.996875         2270       320.00
    8798.207     0.997266         2271       365.71
    8806.399     0.997656         2272       426.67
    8814.591     0.998047         2275       512.00
    8814.591     0.998242         2275       568.89
    8814.591     0.998437         2275       640.00
    8814.591     0.998633         2275       731.43
    8814.591     0.998828         2275       853.33
    8814.591     0.999023         2275      1024.00
    8814.591     0.999121         2275      1137.78
    8822.783     0.999219         2277      1280.00
    8822.783     1.000000         2277          inf
#[Mean    =     3029.194, StdDeviation   =     1957.181]
#[Max     =     8814.592, Total count    =         2277]
#[Buckets =           27, SubBuckets     =         2048]
-----------------------------------------------------------------------
  2726 requests in 1.00m, 831.92KB read
Requests/sec:     45.43  
Transfer/sec:     13.86KB
