Running 1m test @ http://10.109.115.86/?loopCount=25&base=6&exp=6
  1 threads and 1 connections

  Thread calibration: mean lat.: 3195.458ms, rate sampling interval: 11632ms

-----------------------------------------------------------------------
Test Results @ http://10.109.115.86/?loopCount=25&base=6&exp=6 
  Thread Stats   Avg      Stdev     99%   +/- Stdev
    Latency    23.08s     9.61s   40.04s    56.11%
    Req/Sec     7.50      0.50     8.00    100.00%
  Latency Distribution (HdrHistogram - Recorded Latency)
 50.000%   23.27s 
 75.000%   31.49s 
 90.000%   36.27s 
 99.000%   40.04s 
 99.900%   40.67s 
 99.990%   40.67s 
 99.999%   40.67s 
100.000%   40.67s 

  Detailed Percentile spectrum:
       Value   Percentile   TotalCount 1/(1-Percentile)

    6852.607     0.000000            1         1.00
    9977.855     0.100000           41         1.11
   13008.895     0.200000           81         1.25
   16048.127     0.300000          121         1.43
   19742.719     0.400000          161         1.67
   23265.279     0.500000          201         2.00
   24575.999     0.550000          221         2.22
   26066.943     0.600000          241         2.50
   27787.263     0.650000          261         2.86
   29851.647     0.700000          282         3.33
   31490.047     0.750000          301         4.00
   32374.783     0.775000          311         4.44
   33112.063     0.800000          321         5.00
   33914.879     0.825000          331         5.71
   34668.543     0.850000          341         6.67
   35192.831     0.875000          351         8.00
   35684.351     0.887500          356         8.89
   36274.175     0.900000          361        10.00
   36765.695     0.912500          366        11.43
   37388.287     0.925000          371        13.33
   37945.343     0.937500          376        16.00
   38141.951     0.943750          379        17.78
   38371.327     0.950000          381        20.00
   38633.471     0.956250          384        22.86
   38862.847     0.962500          386        26.67
   39157.759     0.968750          389        32.00
   39223.295     0.971875          390        35.56
   39354.367     0.975000          391        40.00
   39682.047     0.978125          393        45.71
   39780.351     0.981250          394        53.33
   39845.887     0.984375          395        64.00
   39976.959     0.985938          396        71.11
   39976.959     0.987500          396        80.00
   40042.495     0.989062          397        91.43
   40108.031     0.990625          398       106.67
   40108.031     0.992188          398       128.00
   40271.871     0.992969          399       142.22
   40271.871     0.993750          399       160.00
   40271.871     0.994531          399       182.86
   40435.711     0.995313          400       213.33
   40435.711     0.996094          400       256.00
   40435.711     0.996484          400       284.44
   40435.711     0.996875          400       320.00
   40435.711     0.997266          400       365.71
   40665.087     0.997656          401       426.67
   40665.087     1.000000          401          inf
#[Mean    =    23081.409, StdDeviation   =     9606.949]
#[Max     =    40632.320, Total count    =          401]
#[Buckets =           27, SubBuckets     =         2048]
-----------------------------------------------------------------------
  480 requests in 1.00m, 146.58KB read
Requests/sec:      8.00  
Transfer/sec:      2.44KB
