Running 1m test @ http://10.107.164.151/?loopCount=25&base=6&exp=6
  5 threads and 5 connections

  Thread calibration: mean lat.: 466.277ms, rate sampling interval: 1528ms
  Thread calibration: mean lat.: 743.876ms, rate sampling interval: 1889ms
  Thread calibration: mean lat.: 486.104ms, rate sampling interval: 1969ms
  Thread calibration: mean lat.: 765.505ms, rate sampling interval: 2103ms
  Thread calibration: mean lat.: 177.083ms, rate sampling interval: 723ms

-----------------------------------------------------------------------
Test Results @ http://10.107.164.151/?loopCount=25&base=6&exp=6 
  Thread Stats   Avg      Stdev     99%   +/- Stdev
    Latency     2.90s     1.36s    6.36s    62.64%
    Req/Sec     8.71      1.46    12.00     87.43%
  Latency Distribution (HdrHistogram - Recorded Latency)
 50.000%    2.84s 
 75.000%    3.78s 
 90.000%    4.76s 
 99.000%    6.36s 
 99.900%    6.66s 
 99.990%    6.67s 
 99.999%    6.67s 
100.000%    6.67s 

  Detailed Percentile spectrum:
       Value   Percentile   TotalCount 1/(1-Percentile)

     582.143     0.000000            1         1.00
    1278.975     0.100000          229         1.11
    1538.047     0.200000          458         1.25
    1964.031     0.300000          688         1.43
    2365.439     0.400000          915         1.67
    2842.623     0.500000         1143         2.00
    2955.263     0.550000         1258         2.22
    3055.615     0.600000         1373         2.50
    3264.511     0.650000         1485         2.86
    3555.327     0.700000         1607         3.33
    3780.607     0.750000         1713         4.00
    3958.783     0.775000         1770         4.44
    4071.423     0.800000         1827         5.00
    4247.551     0.825000         1885         5.71
    4448.255     0.850000         1942         6.67
    4571.135     0.875000         2000         8.00
    4661.247     0.887500         2028         8.89
    4763.647     0.900000         2059        10.00
    4947.967     0.912500         2088        11.43
    5152.767     0.925000         2112        13.33
    5349.375     0.937500         2141        16.00
    5373.951     0.943750         2155        17.78
    5459.967     0.950000         2169        20.00
    5656.575     0.956250         2186        22.86
    5779.455     0.962500         2200        26.67
    5865.471     0.968750         2214        32.00
    5947.391     0.971875         2220        35.56
    5980.159     0.975000         2227        40.00
    6049.791     0.978125         2234        45.71
    6086.655     0.981250         2241        53.33
    6189.055     0.984375         2249        64.00
    6246.399     0.985938         2251        71.11
    6275.071     0.987500         2255        80.00
    6356.991     0.989062         2260        91.43
    6365.183     0.990625         2262       106.67
    6385.663     0.992188         2266       128.00
    6455.295     0.992969         2270       142.22
    6455.295     0.993750         2270       160.00
    6459.391     0.994531         2271       182.86
    6467.583     0.995313         2273       213.33
    6545.407     0.996094         2275       256.00
    6545.407     0.996484         2275       284.44
    6561.791     0.996875         2276       320.00
    6565.887     0.997266         2277       365.71
    6574.079     0.997656         2278       426.67
    6643.711     0.998047         2279       512.00
    6643.711     0.998242         2279       568.89
    6647.807     0.998437         2280       640.00
    6647.807     0.998633         2280       731.43
    6660.095     0.998828         2281       853.33
    6660.095     0.999023         2281      1024.00
    6660.095     0.999121         2281      1137.78
    6668.287     0.999219         2282      1280.00
    6668.287     0.999316         2282      1462.86
    6668.287     0.999414         2282      1706.67
    6668.287     0.999512         2282      2048.00
    6668.287     0.999561         2282      2275.56
    6672.383     0.999609         2283      2560.00
    6672.383     1.000000         2283          inf
#[Mean    =     2899.177, StdDeviation   =     1359.356]
#[Max     =     6668.288, Total count    =         2283]
#[Buckets =           27, SubBuckets     =         2048]
-----------------------------------------------------------------------
  2738 requests in 1.00m, 835.59KB read
Requests/sec:     45.63  
Transfer/sec:     13.93KB
