Running 1m test @ http://10.104.199.0/?loopCount=25&base=6&exp=6
  5 threads and 5 connections

  Thread calibration: mean lat.: 1178.312ms, rate sampling interval: 3600ms
  Thread calibration: mean lat.: 736.688ms, rate sampling interval: 2758ms
  Thread calibration: mean lat.: 898.438ms, rate sampling interval: 3391ms
  Thread calibration: mean lat.: 1191.231ms, rate sampling interval: 3729ms
  Thread calibration: mean lat.: 947.942ms, rate sampling interval: 3125ms

-----------------------------------------------------------------------
Test Results @ http://10.104.199.0/?loopCount=25&base=6&exp=6 
  Thread Stats   Avg      Stdev     99%   +/- Stdev
    Latency     4.98s     2.12s    9.41s    60.92%
    Req/Sec    12.50      1.67    16.00     94.59%
  Latency Distribution (HdrHistogram - Recorded Latency)
 50.000%    5.01s 
 75.000%    6.27s 
 90.000%    8.08s 
 99.000%    9.41s 
 99.900%   10.10s 
 99.990%   10.16s 
 99.999%   10.16s 
100.000%   10.16s 

  Detailed Percentile spectrum:
       Value   Percentile   TotalCount 1/(1-Percentile)

    1286.143     0.000000            1         1.00
    2168.831     0.100000          326         1.11
    2717.695     0.200000          649         1.25
    3551.231     0.300000          974         1.43
    4292.607     0.400000         1298         1.67
    5009.407     0.500000         1625         2.00
    5283.839     0.550000         1785         2.22
    5509.119     0.600000         1949         2.50
    5849.087     0.650000         2110         2.86
    6029.311     0.700000         2272         3.33
    6266.879     0.750000         2435         4.00
    6594.559     0.775000         2515         4.44
    6819.839     0.800000         2597         5.00
    7077.887     0.825000         2678         5.71
    7376.895     0.850000         2760         6.67
    7659.519     0.875000         2841         8.00
    7745.535     0.887500         2880         8.89
    8077.311     0.900000         2921        10.00
    8237.055     0.912500         2962        11.43
    8478.719     0.925000         3003        13.33
    8601.599     0.937500         3044        16.00
    8683.519     0.943750         3064        17.78
    8790.015     0.950000         3083        20.00
    9068.543     0.956250         3104        22.86
    9207.807     0.962500         3125        26.67
    9265.151     0.968750         3146        32.00
    9289.727     0.971875         3159        35.56
    9306.111     0.975000         3166        40.00
    9322.495     0.978125         3175        45.71
    9338.879     0.981250         3186        53.33
    9363.455     0.984375         3197        64.00
    9379.839     0.985938         3202        71.11
    9396.223     0.987500         3208        80.00
    9404.415     0.989062         3211        91.43
    9420.799     0.990625         3215       106.67
    9445.375     0.992188         3220       128.00
    9478.143     0.992969         3223       142.22
    9502.719     0.993750         3225       160.00
    9666.559     0.994531         3228       182.86
    9748.479     0.995313         3230       213.33
    9928.703     0.996094         3234       256.00
    9928.703     0.996484         3234       284.44
    9961.471     0.996875         3235       320.00
   10027.007     0.997266         3237       365.71
   10035.199     0.997656         3238       426.67
   10043.391     0.998047         3239       512.00
   10076.159     0.998242         3241       568.89
   10076.159     0.998437         3241       640.00
   10076.159     0.998633         3241       731.43
   10100.735     0.998828         3242       853.33
   10100.735     0.999023         3242      1024.00
   10108.927     0.999121         3243      1137.78
   10108.927     0.999219         3243      1280.00
   10108.927     0.999316         3243      1462.86
   10133.503     0.999414         3244      1706.67
   10133.503     0.999512         3244      2048.00
   10133.503     0.999561         3244      2275.56
   10133.503     0.999609         3244      2560.00
   10133.503     0.999658         3244      2925.71
   10158.079     0.999707         3245      3413.33
   10158.079     1.000000         3245          inf
#[Mean    =     4977.718, StdDeviation   =     2124.230]
#[Max     =    10149.888, Total count    =         3245]
#[Buckets =           27, SubBuckets     =         2048]
-----------------------------------------------------------------------
  3865 requests in 1.00m, 1.15MB read
Requests/sec:     64.41  
Transfer/sec:     19.64KB
