Running 1m test @ http://10.108.208.72/?loopCount=25&base=6&exp=6
  5 threads and 5 connections

  Thread calibration: mean lat.: 103.862ms, rate sampling interval: 256ms
  Thread calibration: mean lat.: 130.422ms, rate sampling interval: 391ms
  Thread calibration: mean lat.: 121.610ms, rate sampling interval: 412ms
  Thread calibration: mean lat.: 105.228ms, rate sampling interval: 265ms
  Thread calibration: mean lat.: 163.379ms, rate sampling interval: 436ms

-----------------------------------------------------------------------
Test Results @ http://10.108.208.72/?loopCount=25&base=6&exp=6 
  Thread Stats   Avg      Stdev     99%   +/- Stdev
    Latency   190.67ms  122.57ms 582.14ms   78.61%
    Req/Sec     9.49      2.30    15.00     91.68%
  Latency Distribution (HdrHistogram - Recorded Latency)
 50.000%  130.82ms
 75.000%  229.25ms
 90.000%  395.01ms
 99.000%  582.14ms
 99.900%  607.74ms
 99.990%  614.91ms
 99.999%  614.91ms
100.000%  614.91ms

  Detailed Percentile spectrum:
       Value   Percentile   TotalCount 1/(1-Percentile)

      23.247     0.000000            1         1.00
      92.735     0.100000          250         1.11
     100.479     0.200000          501         1.25
     106.623     0.300000          750         1.43
     115.007     0.400000         1002         1.67
     130.815     0.500000         1249         2.00
     186.111     0.550000         1374         2.22
     197.503     0.600000         1500         2.50
     203.647     0.650000         1624         2.86
     214.015     0.700000         1748         3.33
     229.247     0.750000         1873         4.00
     283.647     0.775000         1939         4.44
     295.679     0.800000         1998         5.00
     304.383     0.825000         2062         5.71
     314.623     0.850000         2125         6.67
     331.263     0.875000         2186         8.00
     384.255     0.887500         2218         8.89
     395.263     0.900000         2248        10.00
     402.431     0.912500         2279        11.43
     409.599     0.925000         2310        13.33
     418.303     0.937500         2341        16.00
     427.519     0.943750         2357        17.78
     480.767     0.950000         2374        20.00
     489.471     0.956250         2388        22.86
     496.639     0.962500         2405        26.67
     499.711     0.968750         2419        32.00
     503.039     0.971875         2427        35.56
     507.135     0.975000         2437        40.00
     508.415     0.978125         2444        45.71
     511.999     0.981250         2451        53.33
     517.631     0.984375         2458        64.00
     521.471     0.985938         2462        71.11
     526.847     0.987500         2466        80.00
     542.719     0.989062         2470        91.43
     585.215     0.990625         2474       106.67
     594.943     0.992188         2478       128.00
     596.991     0.992969         2481       142.22
     599.039     0.993750         2482       160.00
     600.063     0.994531         2484       182.86
     600.575     0.995313         2486       213.33
     602.111     0.996094         2489       256.00
     602.111     0.996484         2489       284.44
     603.135     0.996875         2490       320.00
     603.647     0.997266         2493       365.71
     603.647     0.997656         2493       426.67
     603.647     0.998047         2493       512.00
     603.647     0.998242         2493       568.89
     606.719     0.998437         2494       640.00
     606.719     0.998633         2494       731.43
     607.743     0.998828         2495       853.33
     607.743     0.999023         2495      1024.00
     607.743     0.999121         2495      1137.78
     612.863     0.999219         2496      1280.00
     612.863     0.999316         2496      1462.86
     612.863     0.999414         2496      1706.67
     612.863     0.999512         2496      2048.00
     612.863     0.999561         2496      2275.56
     614.911     0.999609         2497      2560.00
     614.911     1.000000         2497          inf
#[Mean    =      190.671, StdDeviation   =      122.569]
#[Max     =      614.400, Total count    =         2497]
#[Buckets =           27, SubBuckets     =         2048]
-----------------------------------------------------------------------
  2987 requests in 1.00m, 0.89MB read
Requests/sec:     49.78  
Transfer/sec:     15.18KB
