Running 1m test @ http://10.104.199.0/?loopCount=25&base=6&exp=6
  1 threads and 1 connections

  Thread calibration: mean lat.: 3142.487ms, rate sampling interval: 12361ms

-----------------------------------------------------------------------
Test Results @ http://10.104.199.0/?loopCount=25&base=6&exp=6 
  Thread Stats   Avg      Stdev     99%   +/- Stdev
    Latency    26.21s    11.12s   44.60s    57.43%
    Req/Sec     5.75      0.43     6.00    100.00%
  Latency Distribution (HdrHistogram - Recorded Latency)
 50.000%   26.53s 
 75.000%   35.75s 
 90.000%   41.71s 
 99.000%   44.60s 
 99.900%   44.99s 
 99.990%   44.99s 
 99.999%   44.99s 
100.000%   44.99s 

  Detailed Percentile spectrum:
       Value   Percentile   TotalCount 1/(1-Percentile)

    7176.191     0.000000            1         1.00
   10887.167     0.100000           31         1.11
   14565.375     0.200000           61         1.25
   18186.239     0.300000           91         1.43
   22249.471     0.400000          122         1.67
   26525.695     0.500000          152         2.00
   28327.935     0.550000          167         2.22
   30228.479     0.600000          182         2.50
   32030.719     0.650000          197         2.86
   33914.879     0.700000          213         3.33
   35913.727     0.750000          228         4.00
   36831.231     0.775000          235         4.44
   37912.575     0.800000          243         5.00
   38699.007     0.825000          250         5.71
   39714.815     0.850000          258         6.67
   40763.391     0.875000          266         8.00
   41156.607     0.887500          269         8.89
   41713.663     0.900000          273        10.00
   42237.951     0.912500          277        11.43
   42762.239     0.925000          281        13.33
   43220.991     0.937500          285        16.00
   43286.527     0.943750          286        17.78
   43384.831     0.950000          288        20.00
   43515.903     0.956250          290        22.86
   43745.279     0.962500          292        26.67
   43941.887     0.968750          294        32.00
   44007.423     0.971875          295        35.56
   44171.263     0.975000          296        40.00
   44335.103     0.978125          297        45.71
   44400.639     0.981250          298        53.33
   44466.175     0.984375          299        64.00
   44466.175     0.985938          299        71.11
   44597.247     0.987500          300        80.00
   44597.247     0.989062          300        91.43
   44695.551     0.990625          301       106.67
   44695.551     0.992188          301       128.00
   44695.551     0.992969          301       142.22
   44859.391     0.993750          302       160.00
   44859.391     0.994531          302       182.86
   44859.391     0.995313          302       213.33
   44859.391     0.996094          302       256.00
   44859.391     0.996484          302       284.44
   44990.463     0.996875          303       320.00
   44990.463     1.000000          303          inf
#[Mean    =    26213.704, StdDeviation   =    11116.623]
#[Max     =    44957.696, Total count    =          303]
#[Buckets =           27, SubBuckets     =         2048]
-----------------------------------------------------------------------
  374 requests in 1.00m, 114.28KB read
Requests/sec:      6.23  
Transfer/sec:      1.90KB
