Running 1m test @ http://10.96.164.126/?loopCount=25&base=6&exp=6
  5 threads and 5 connections

  Thread calibration: mean lat.: 82.339ms, rate sampling interval: 269ms
  Thread calibration: mean lat.: 124.773ms, rate sampling interval: 561ms
  Thread calibration: mean lat.: 87.111ms, rate sampling interval: 292ms
  Thread calibration: mean lat.: 82.935ms, rate sampling interval: 297ms
  Thread calibration: mean lat.: 69.835ms, rate sampling interval: 280ms

-----------------------------------------------------------------------
Test Results @ http://10.96.164.126/?loopCount=25&base=6&exp=6 
  Thread Stats   Avg      Stdev     99%   +/- Stdev
    Latency    78.55ms   49.26ms 237.18ms   79.55%
    Req/Sec     9.57      2.47    14.00     82.43%
  Latency Distribution (HdrHistogram - Recorded Latency)
 50.000%   58.21ms
 75.000%  125.50ms
 90.000%  139.90ms
 99.000%  237.18ms
 99.900%  326.40ms
 99.990%  335.61ms
 99.999%  335.61ms
100.000%  335.61ms

  Detailed Percentile spectrum:
       Value   Percentile   TotalCount 1/(1-Percentile)

      23.087     0.000000            1         1.00
      40.671     0.100000          259         1.11
      41.087     0.200000          504         1.25
      41.663     0.300000          763         1.43
      44.671     0.400000         1000         1.67
      58.207     0.500000         1250         2.00
      61.663     0.550000         1375         2.22
      65.663     0.600000         1500         2.50
      70.335     0.650000         1625         2.86
      84.607     0.700000         1750         3.33
     125.567     0.750000         1876         4.00
     126.527     0.775000         1940         4.44
     127.807     0.800000         2000         5.00
     129.855     0.825000         2064         5.71
     133.759     0.850000         2127         6.67
     135.423     0.875000         2189         8.00
     136.319     0.887500         2219         8.89
     139.903     0.900000         2252        10.00
     143.359     0.912500         2282        11.43
     146.047     0.925000         2312        13.33
     153.343     0.937500         2344        16.00
     157.951     0.943750         2359        17.78
     162.431     0.950000         2375        20.00
     166.655     0.956250         2390        22.86
     175.359     0.962500         2406        26.67
     223.743     0.968750         2421        32.00
     224.767     0.971875         2430        35.56
     226.303     0.975000         2437        40.00
     228.479     0.978125         2446        45.71
     230.271     0.981250         2453        53.33
     232.831     0.984375         2460        64.00
     234.367     0.985938         2464        71.11
     235.647     0.987500         2468        80.00
     236.927     0.989062         2472        91.43
     238.463     0.990625         2476       106.67
     245.631     0.992188         2480       128.00
     246.271     0.992969         2482       142.22
     248.575     0.993750         2484       160.00
     250.367     0.994531         2486       182.86
     255.871     0.995313         2488       213.33
     263.679     0.996094         2490       256.00
     265.471     0.996484         2491       284.44
     267.263     0.996875         2492       320.00
     270.847     0.997266         2493       365.71
     276.991     0.997656         2494       426.67
     324.863     0.998047         2495       512.00
     324.863     0.998242         2495       568.89
     325.887     0.998437         2496       640.00
     325.887     0.998633         2496       731.43
     326.399     0.998828         2497       853.33
     326.399     0.999023         2497      1024.00
     326.399     0.999121         2497      1137.78
     330.751     0.999219         2498      1280.00
     330.751     0.999316         2498      1462.86
     330.751     0.999414         2498      1706.67
     330.751     0.999512         2498      2048.00
     330.751     0.999561         2498      2275.56
     335.615     0.999609         2499      2560.00
     335.615     1.000000         2499          inf
#[Mean    =       78.547, StdDeviation   =       49.261]
#[Max     =      335.360, Total count    =         2499]
#[Buckets =           27, SubBuckets     =         2048]
-----------------------------------------------------------------------
  2994 requests in 1.00m, 0.89MB read
Requests/sec:     49.89  
Transfer/sec:     15.21KB
