Running 1m test @ http://10.100.134.99/?loopCount=25&base=6&exp=6
  5 threads and 5 connections

  Thread calibration: mean lat.: 679.261ms, rate sampling interval: 2320ms
  Thread calibration: mean lat.: 1375.823ms, rate sampling interval: 4554ms
  Thread calibration: mean lat.: 973.463ms, rate sampling interval: 4681ms
  Thread calibration: mean lat.: 775.702ms, rate sampling interval: 2383ms
  Thread calibration: mean lat.: 888.180ms, rate sampling interval: 4059ms

-----------------------------------------------------------------------
Test Results @ http://10.100.134.99/?loopCount=25&base=6&exp=6 
  Thread Stats   Avg      Stdev     99%   +/- Stdev
    Latency     7.49s     3.41s   17.27s    68.06%
    Req/Sec    11.25      1.93    15.00     87.67%
  Latency Distribution (HdrHistogram - Recorded Latency)
 50.000%    7.04s 
 75.000%    9.90s 
 90.000%   11.58s 
 99.000%   17.27s 
 99.900%   18.64s 
 99.990%   18.89s 
 99.999%   18.89s 
100.000%   18.89s 

  Detailed Percentile spectrum:
       Value   Percentile   TotalCount 1/(1-Percentile)

    1572.863     0.000000            1         1.00
    3262.463     0.100000          289         1.11
    4276.223     0.200000          578         1.25
    5361.663     0.300000          867         1.43
    6156.287     0.400000         1156         1.67
    7036.927     0.500000         1445         2.00
    7790.591     0.550000         1590         2.22
    8347.647     0.600000         1735         2.50
    8912.895     0.650000         1879         2.86
    9625.599     0.700000         2024         3.33
    9895.935     0.750000         2170         4.00
   10027.007     0.775000         2241         4.44
   10199.039     0.800000         2312         5.00
   10379.263     0.825000         2386         5.71
   10731.519     0.850000         2458         6.67
   11059.199     0.875000         2531         8.00
   11370.495     0.887500         2565         8.89
   11583.487     0.900000         2603        10.00
   11960.319     0.912500         2639        11.43
   12607.487     0.925000         2675        13.33
   13066.239     0.937500         2711        16.00
   13328.383     0.943750         2728        17.78
   13697.023     0.950000         2746        20.00
   13959.167     0.956250         2764        22.86
   14163.967     0.962500         2782        26.67
   14458.879     0.968750         2800        32.00
   14753.791     0.971875         2809        35.56
   15400.959     0.975000         2818        40.00
   15958.015     0.978125         2827        45.71
   16080.895     0.981250         2836        53.33
   16203.775     0.984375         2845        64.00
   16465.919     0.985938         2850        71.11
   16596.991     0.987500         2854        80.00
   17006.591     0.989062         2859        91.43
   17432.575     0.990625         2863       106.67
   17580.031     0.992188         2868       128.00
   17629.183     0.992969         2870       142.22
   17727.487     0.993750         2872       160.00
   18038.783     0.994531         2875       182.86
   18219.007     0.995313         2877       213.33
   18431.999     0.996094         2879       256.00
   18448.383     0.996484         2880       284.44
   18464.767     0.996875         2881       320.00
   18481.151     0.997266         2883       365.71
   18513.919     0.997656         2885       426.67
   18513.919     0.998047         2885       512.00
   18513.919     0.998242         2885       568.89
   18530.303     0.998437         2886       640.00
   18644.991     0.998633         2887       731.43
   18644.991     0.998828         2887       853.33
   18759.679     0.999023         2888      1024.00
   18759.679     0.999121         2888      1137.78
   18759.679     0.999219         2888      1280.00
   18857.983     0.999316         2889      1462.86
   18857.983     0.999414         2889      1706.67
   18857.983     0.999512         2889      2048.00
   18857.983     0.999561         2889      2275.56
   18857.983     0.999609         2889      2560.00
   18890.751     0.999658         2890      2925.71
   18890.751     1.000000         2890          inf
#[Mean    =     7488.984, StdDeviation   =     3411.814]
#[Max     =    18874.368, Total count    =         2890]
#[Buckets =           27, SubBuckets     =         2048]
-----------------------------------------------------------------------
  3481 requests in 1.00m, 1.04MB read
Requests/sec:     58.01  
Transfer/sec:     17.69KB
