Running 1m test @ http://10.100.134.99/?loopCount=25&base=6&exp=6
  1 threads and 1 connections

  Thread calibration: mean lat.: 3031.485ms, rate sampling interval: 12378ms

-----------------------------------------------------------------------
Test Results @ http://10.100.134.99/?loopCount=25&base=6&exp=6 
  Thread Stats   Avg      Stdev     99%   +/- Stdev
    Latency    25.07s    10.60s   43.97s    57.64%
    Req/Sec     5.50      0.50     6.00    100.00%
  Latency Distribution (HdrHistogram - Recorded Latency)
 50.000%   24.13s 
 75.000%   34.57s 
 90.000%   39.71s 
 99.000%   43.97s 
 99.900%   44.47s 
 99.990%   44.47s 
 99.999%   44.47s 
100.000%   44.47s 

  Detailed Percentile spectrum:
       Value   Percentile   TotalCount 1/(1-Percentile)

    7073.791     0.000000            1         1.00
   11018.239     0.100000           32         1.11
   14278.655     0.200000           63         1.25
   17711.103     0.300000           95         1.43
   20873.215     0.400000          126         1.67
   24133.631     0.500000          157         2.00
   26492.927     0.550000          173         2.22
   28753.919     0.600000          189         2.50
   30130.175     0.650000          205         2.86
   32505.855     0.700000          220         3.33
   34570.239     0.750000          236         4.00
   35553.279     0.775000          244         4.44
   36438.015     0.800000          252         5.00
   37126.143     0.825000          260         5.71
   37945.343     0.850000          267         6.67
   38699.007     0.875000          275         8.00
   39059.455     0.887500          279         8.89
   39714.815     0.900000          283        10.00
   40435.711     0.912500          287        11.43
   40796.159     0.925000          291        13.33
   41517.055     0.937500          295        16.00
   41844.735     0.943750          297        17.78
   42139.647     0.950000          299        20.00
   42270.719     0.956250          301        22.86
   42598.399     0.962500          303        26.67
   43024.383     0.968750          305        32.00
   43188.223     0.971875          306        35.56
   43352.063     0.975000          307        40.00
   43483.135     0.978125          308        45.71
   43679.743     0.981250          309        53.33
   43810.815     0.984375          310        64.00
   43810.815     0.985938          310        71.11
   43974.655     0.987500          311        80.00
   43974.655     0.989062          311        91.43
   44236.799     0.990625          312       106.67
   44236.799     0.992188          312       128.00
   44236.799     0.992969          312       142.22
   44400.639     0.993750          313       160.00
   44400.639     0.994531          313       182.86
   44400.639     0.995313          313       213.33
   44400.639     0.996094          313       256.00
   44400.639     0.996484          313       284.44
   44466.175     0.996875          314       320.00
   44466.175     1.000000          314          inf
#[Mean    =    25065.544, StdDeviation   =    10598.692]
#[Max     =    44433.408, Total count    =          314]
#[Buckets =           27, SubBuckets     =         2048]
-----------------------------------------------------------------------
  388 requests in 1.00m, 118.56KB read
Requests/sec:      6.47  
Transfer/sec:      1.98KB
