Running 1m test @ http://10.97.218.196/?loopCount=25&base=6&exp=6
  1 threads and 1 connections

  Thread calibration: mean lat.: 748.612ms, rate sampling interval: 2260ms

-----------------------------------------------------------------------
Test Results @ http://10.97.218.196/?loopCount=25&base=6&exp=6 
  Thread Stats   Avg      Stdev     99%   +/- Stdev
    Latency     4.61s     2.03s    7.91s    59.50%
    Req/Sec    21.14      1.18    23.00    100.00%
  Latency Distribution (HdrHistogram - Recorded Latency)
 50.000%    4.40s 
 75.000%    6.41s 
 90.000%    7.42s 
 99.000%    7.91s 
 99.900%    8.01s 
 99.990%    8.05s 
 99.999%    8.05s 
100.000%    8.05s 

  Detailed Percentile spectrum:
       Value   Percentile   TotalCount 1/(1-Percentile)

    1217.535     0.000000            1         1.00
    1845.247     0.100000          108         1.11
    2586.623     0.200000          216         1.25
    3098.623     0.300000          325         1.43
    3665.919     0.400000          432         1.67
    4403.199     0.500000          540         2.00
    4976.639     0.550000          595         2.22
    5410.815     0.600000          648         2.50
    5890.047     0.650000          702         2.86
    6213.631     0.700000          758         3.33
    6410.239     0.750000          812         4.00
    6447.103     0.775000          838         4.44
    6721.535     0.800000          864         5.00
    6959.103     0.825000          891         5.71
    7073.791     0.850000          918         6.67
    7274.495     0.875000          945         8.00
    7372.799     0.887500          958         8.89
    7421.951     0.900000          974        10.00
    7454.719     0.912500          985        11.43
    7553.023     0.925000         1005        13.33
    7581.695     0.937500         1013        16.00
    7667.711     0.943750         1019        17.78
    7770.111     0.950000         1028        20.00
    7806.975     0.956250         1032        22.86
    7827.455     0.962500         1043        26.67
    7831.551     0.968750         1050        32.00
    7831.551     0.971875         1050        35.56
    7839.743     0.975000         1053        40.00
    7880.703     0.978125         1057        45.71
    7901.183     0.981250         1061        53.33
    7905.279     0.984375         1066        64.00
    7905.279     0.985938         1066        71.11
    7905.279     0.987500         1066        80.00
    7909.375     0.989062         1071        91.43
    7909.375     0.990625         1071       106.67
    7909.375     0.992188         1071       128.00
    7913.471     0.992969         1074       142.22
    7913.471     0.993750         1074       160.00
    7913.471     0.994531         1074       182.86
    7913.471     0.995313         1074       213.33
    7938.047     0.996094         1075       256.00
    7970.815     0.996484         1076       284.44
    7970.815     0.996875         1076       320.00
    7974.911     0.997266         1077       365.71
    7974.911     0.997656         1077       426.67
    7974.911     0.998047         1077       512.00
    8007.679     0.998242         1078       568.89
    8007.679     0.998437         1078       640.00
    8007.679     0.998633         1078       731.43
    8007.679     0.998828         1078       853.33
    8007.679     0.999023         1078      1024.00
    8052.735     0.999121         1079      1137.78
    8052.735     1.000000         1079          inf
#[Mean    =     4610.799, StdDeviation   =     2025.876]
#[Max     =     8048.640, Total count    =         1079]
#[Buckets =           27, SubBuckets     =         2048]
-----------------------------------------------------------------------
  1298 requests in 1.00m, 395.49KB read
Requests/sec:     21.63  
Transfer/sec:      6.59KB
