Running 1m test @ http://10.108.208.72/?loopCount=25&base=6&exp=6
  5 threads and 5 connections

  Thread calibration: mean lat.: 1722.302ms, rate sampling interval: 6230ms
  Thread calibration: mean lat.: 1471.165ms, rate sampling interval: 5099ms
  Thread calibration: mean lat.: 1336.976ms, rate sampling interval: 5414ms
  Thread calibration: mean lat.: 1485.400ms, rate sampling interval: 5357ms
  Thread calibration: mean lat.: 1419.251ms, rate sampling interval: 5959ms

-----------------------------------------------------------------------
Test Results @ http://10.108.208.72/?loopCount=25&base=6&exp=6 
  Thread Stats   Avg      Stdev     99%   +/- Stdev
    Latency    10.53s     4.33s   18.56s    59.09%
    Req/Sec    10.00      0.57    11.00    100.00%
  Latency Distribution (HdrHistogram - Recorded Latency)
 50.000%   10.51s 
 75.000%   14.32s 
 90.000%   16.47s 
 99.000%   18.56s 
 99.900%   18.97s 
 99.990%   19.02s 
 99.999%   19.02s 
100.000%   19.02s 

  Detailed Percentile spectrum:
       Value   Percentile   TotalCount 1/(1-Percentile)

    2717.695     0.000000            1         1.00
    4517.887     0.100000          263         1.11
    6197.247     0.200000          525         1.25
    7495.679     0.300000          790         1.43
    9093.119     0.400000         1052         1.67
   10510.335     0.500000         1315         2.00
   11329.535     0.550000         1445         2.22
   12066.815     0.600000         1575         2.50
   12697.599     0.650000         1708         2.86
   13565.951     0.700000         1839         3.33
   14319.615     0.750000         1969         4.00
   14663.679     0.775000         2035         4.44
   14974.975     0.800000         2103         5.00
   15384.575     0.825000         2169         5.71
   15687.679     0.850000         2232         6.67
   16080.895     0.875000         2299         8.00
   16261.119     0.887500         2331         8.89
   16465.919     0.900000         2363        10.00
   16613.375     0.912500         2397        11.43
   16760.831     0.925000         2429        13.33
   17006.591     0.937500         2461        16.00
   17072.127     0.943750         2479        17.78
   17121.279     0.950000         2494        20.00
   17252.351     0.956250         2513        22.86
   17399.807     0.962500         2527        26.67
   17547.263     0.968750         2543        32.00
   17612.799     0.971875         2552        35.56
   17711.103     0.975000         2560        40.00
   17842.175     0.978125         2568        45.71
   17973.247     0.981250         2576        53.33
   18153.471     0.984375         2585        64.00
   18219.007     0.985938         2589        71.11
   18317.311     0.987500         2593        80.00
   18530.303     0.989062         2597        91.43
   18579.455     0.990625         2601       106.67
   18612.223     0.992188         2605       128.00
   18677.759     0.992969         2607       142.22
   18694.143     0.993750         2609       160.00
   18710.527     0.994531         2613       182.86
   18710.527     0.995313         2613       213.33
   18759.679     0.996094         2615       256.00
   18776.063     0.996484         2616       284.44
   18792.447     0.996875         2617       320.00
   18825.215     0.997266         2618       365.71
   18890.751     0.997656         2619       426.67
   18956.287     0.998047         2620       512.00
   18972.671     0.998242         2622       568.89
   18972.671     0.998437         2622       640.00
   18972.671     0.998633         2622       731.43
   18972.671     0.998828         2622       853.33
   18989.055     0.999023         2624      1024.00
   18989.055     0.999121         2624      1137.78
   18989.055     0.999219         2624      1280.00
   18989.055     0.999316         2624      1462.86
   18989.055     0.999414         2624      1706.67
   18989.055     0.999512         2624      2048.00
   18989.055     0.999561         2624      2275.56
   18989.055     0.999609         2624      2560.00
   19021.823     0.999658         2625      2925.71
   19021.823     1.000000         2625          inf
#[Mean    =    10534.967, StdDeviation   =     4325.795]
#[Max     =    19005.440, Total count    =         2625]
#[Buckets =           27, SubBuckets     =         2048]
-----------------------------------------------------------------------
  3147 requests in 1.00m, 0.94MB read
Requests/sec:     52.45  
Transfer/sec:     16.00KB
