Running 1m test @ http://10.109.115.86/?loopCount=25&base=6&exp=6
  5 threads and 5 connections

  Thread calibration: mean lat.: 2045.661ms, rate sampling interval: 7561ms
  Thread calibration: mean lat.: 1851.868ms, rate sampling interval: 6836ms
  Thread calibration: mean lat.: 2164.101ms, rate sampling interval: 7479ms
  Thread calibration: mean lat.: 1893.660ms, rate sampling interval: 6004ms
  Thread calibration: mean lat.: 1711.660ms, rate sampling interval: 5971ms

-----------------------------------------------------------------------
Test Results @ http://10.109.115.86/?loopCount=25&base=6&exp=6 
  Thread Stats   Avg      Stdev     99%   +/- Stdev
    Latency    13.12s     5.39s   22.59s    58.13%
    Req/Sec     9.03      0.45    10.00    100.00%
  Latency Distribution (HdrHistogram - Recorded Latency)
 50.000%   13.27s 
 75.000%   17.63s 
 90.000%   20.43s 
 99.000%   22.59s 
 99.900%   23.02s 
 99.990%   23.05s 
 99.999%   23.05s 
100.000%   23.05s 

  Detailed Percentile spectrum:
       Value   Percentile   TotalCount 1/(1-Percentile)

    3280.895     0.000000            1         1.00
    5550.079     0.100000          237         1.11
    7458.815     0.200000          474         1.25
    9486.335     0.300000          712         1.43
   11329.535     0.400000          947         1.67
   13271.039     0.500000         1185         2.00
   14131.199     0.550000         1302         2.22
   14925.823     0.600000         1421         2.50
   15933.439     0.650000         1541         2.86
   16809.983     0.700000         1659         3.33
   17629.183     0.750000         1777         4.00
   18153.471     0.775000         1838         4.44
   18579.455     0.800000         1894         5.00
   19087.359     0.825000         1954         5.71
   19611.647     0.850000         2012         6.67
   20054.015     0.875000         2074         8.00
   20217.855     0.887500         2101         8.89
   20447.231     0.900000         2133        10.00
   20676.607     0.912500         2161        11.43
   20922.367     0.925000         2191        13.33
   21250.047     0.937500         2220        16.00
   21315.583     0.943750         2234        17.78
   21479.423     0.950000         2253        20.00
   21594.111     0.956250         2264        22.86
   21774.335     0.962500         2279        26.67
   21987.327     0.968750         2294        32.00
   22069.247     0.971875         2301        35.56
   22151.167     0.975000         2308        40.00
   22249.471     0.978125         2318        45.71
   22380.543     0.981250         2324        53.33
   22429.695     0.984375         2331        64.00
   22462.463     0.985938         2335        71.11
   22544.383     0.987500         2339        80.00
   22593.535     0.989062         2345        91.43
   22593.535     0.990625         2345       106.67
   22675.455     0.992188         2349       128.00
   22691.839     0.992969         2352       142.22
   22724.607     0.993750         2353       160.00
   22790.143     0.994531         2357       182.86
   22790.143     0.995313         2357       213.33
   22806.527     0.996094         2359       256.00
   22806.527     0.996484         2359       284.44
   22822.911     0.996875         2360       320.00
   22839.295     0.997266         2361       365.71
   22855.679     0.997656         2362       426.67
   22888.447     0.998047         2363       512.00
   22888.447     0.998242         2363       568.89
   22986.751     0.998437         2364       640.00
   22986.751     0.998633         2364       731.43
   23019.519     0.998828         2365       853.33
   23019.519     0.999023         2365      1024.00
   23019.519     0.999121         2365      1137.78
   23035.903     0.999219         2366      1280.00
   23035.903     0.999316         2366      1462.86
   23035.903     0.999414         2366      1706.67
   23035.903     0.999512         2366      2048.00
   23035.903     0.999561         2366      2275.56
   23052.287     0.999609         2367      2560.00
   23052.287     1.000000         2367          inf
#[Mean    =    13116.264, StdDeviation   =     5392.668]
#[Max     =    23035.904, Total count    =         2367]
#[Buckets =           27, SubBuckets     =         2048]
-----------------------------------------------------------------------
  2825 requests in 1.00m, 862.09KB read
Requests/sec:     47.08  
Transfer/sec:     14.37KB
