Running 1m test @ http://10.100.185.202/?loopCount=25&base=6&exp=6
  5 threads and 5 connections

  Thread calibration: mean lat.: 419.702ms, rate sampling interval: 1486ms
  Thread calibration: mean lat.: 911.435ms, rate sampling interval: 2701ms
  Thread calibration: mean lat.: 231.120ms, rate sampling interval: 851ms
  Thread calibration: mean lat.: 631.989ms, rate sampling interval: 2054ms
  Thread calibration: mean lat.: 577.517ms, rate sampling interval: 2295ms

-----------------------------------------------------------------------
Test Results @ http://10.100.185.202/?loopCount=25&base=6&exp=6 
  Thread Stats   Avg      Stdev     99%   +/- Stdev
    Latency     2.91s     1.47s    6.28s    63.81%
    Req/Sec    13.18      2.10    18.00     85.06%
  Latency Distribution (HdrHistogram - Recorded Latency)
 50.000%    2.71s 
 75.000%    3.95s 
 90.000%    4.80s 
 99.000%    6.28s 
 99.900%    6.42s 
 99.990%    6.45s 
 99.999%    6.45s 
100.000%    6.45s 

  Detailed Percentile spectrum:
       Value   Percentile   TotalCount 1/(1-Percentile)

      40.895     0.000000            1         1.00
    1091.583     0.100000          345         1.11
    1598.463     0.200000          687         1.25
    1963.007     0.300000         1029         1.43
    2242.559     0.400000         1373         1.67
    2713.599     0.500000         1715         2.00
    3010.559     0.550000         1886         2.22
    3237.887     0.600000         2058         2.50
    3606.527     0.650000         2229         2.86
    3751.935     0.700000         2402         3.33
    3948.543     0.750000         2572         4.00
    4153.343     0.775000         2658         4.44
    4325.375     0.800000         2748         5.00
    4411.391     0.825000         2830         5.71
    4505.599     0.850000         2915         6.67
    4599.807     0.875000         3001         8.00
    4694.015     0.887500         3045         8.89
    4796.415     0.900000         3087        10.00
    5115.903     0.912500         3130        11.43
    5345.279     0.925000         3174        13.33
    5459.967     0.937500         3218        16.00
    5537.791     0.943750         3237        17.78
    5627.903     0.950000         3258        20.00
    5672.959     0.956250         3279        22.86
    5726.207     0.962500         3301        26.67
    5861.375     0.968750         3322        32.00
    5894.143     0.971875         3333        35.56
    5918.719     0.975000         3344        40.00
    5971.967     0.978125         3354        45.71
    6021.119     0.981250         3365        53.33
    6086.655     0.984375         3376        64.00
    6115.327     0.985938         3381        71.11
    6176.767     0.987500         3387        80.00
    6230.015     0.989062         3392        91.43
    6283.263     0.990625         3397       106.67
    6328.319     0.992188         3403       128.00
    6332.415     0.992969         3405       142.22
    6348.799     0.993750         3408       160.00
    6356.991     0.994531         3411       182.86
    6365.183     0.995313         3413       213.33
    6377.471     0.996094         3416       256.00
    6385.663     0.996484         3418       284.44
    6389.759     0.996875         3421       320.00
    6389.759     0.997266         3421       365.71
    6389.759     0.997656         3421       426.67
    6406.143     0.998047         3423       512.00
    6406.143     0.998242         3423       568.89
    6414.335     0.998437         3424       640.00
    6418.431     0.998633         3426       731.43
    6418.431     0.998828         3426       853.33
    6418.431     0.999023         3426      1024.00
    6418.431     0.999121         3426      1137.78
    6426.623     0.999219         3427      1280.00
    6426.623     0.999316         3427      1462.86
    6426.623     0.999414         3427      1706.67
    6430.719     0.999512         3428      2048.00
    6430.719     0.999561         3428      2275.56
    6430.719     0.999609         3428      2560.00
    6430.719     0.999658         3428      2925.71
    6430.719     0.999707         3428      3413.33
    6447.103     0.999756         3429      4096.00
    6447.103     1.000000         3429          inf
#[Mean    =     2905.669, StdDeviation   =     1470.088]
#[Max     =     6443.008, Total count    =         3429]
#[Buckets =           27, SubBuckets     =         2048]
-----------------------------------------------------------------------
  4122 requests in 1.00m, 1.23MB read
Requests/sec:     68.69  
Transfer/sec:     20.95KB
