Running 1m test @ http://10.97.218.196/?loopCount=25&base=6&exp=6
  5 threads and 5 connections

  Thread calibration: mean lat.: 303.536ms, rate sampling interval: 959ms
  Thread calibration: mean lat.: 925.997ms, rate sampling interval: 3123ms
  Thread calibration: mean lat.: 280.745ms, rate sampling interval: 865ms
  Thread calibration: mean lat.: 559.236ms, rate sampling interval: 2211ms
  Thread calibration: mean lat.: 277.587ms, rate sampling interval: 821ms

-----------------------------------------------------------------------
Test Results @ http://10.97.218.196/?loopCount=25&base=6&exp=6 
  Thread Stats   Avg      Stdev     99%   +/- Stdev
    Latency     2.17s     2.12s    8.60s    85.68%
    Req/Sec    13.94      2.64    21.00     81.64%
  Latency Distribution (HdrHistogram - Recorded Latency)
 50.000%    1.13s 
 75.000%    3.26s 
 90.000%    5.42s 
 99.000%    8.60s 
 99.900%    9.19s 
 99.990%    9.26s 
 99.999%    9.26s 
100.000%    9.26s 

  Detailed Percentile spectrum:
       Value   Percentile   TotalCount 1/(1-Percentile)

      24.767     0.000000            1         1.00
     304.639     0.100000          353         1.11
     430.335     0.200000          706         1.25
     662.527     0.300000         1059         1.43
     886.271     0.400000         1411         1.67
    1133.567     0.500000         1763         2.00
    1892.351     0.550000         1941         2.22
    2131.967     0.600000         2116         2.50
    2437.119     0.650000         2292         2.86
    2945.023     0.700000         2469         3.33
    3260.415     0.750000         2645         4.00
    3416.063     0.775000         2733         4.44
    3532.799     0.800000         2821         5.00
    3635.199     0.825000         2910         5.71
    3899.391     0.850000         2999         6.67
    4591.615     0.875000         3087         8.00
    5177.343     0.887500         3130         8.89
    5423.103     0.900000         3176        10.00
    5754.879     0.912500         3218        11.43
    6418.431     0.925000         3262        13.33
    6815.743     0.937500         3306        16.00
    6959.103     0.943750         3328        17.78
    7229.439     0.950000         3352        20.00
    7266.303     0.956250         3373        22.86
    7364.607     0.962500         3394        26.67
    7598.079     0.968750         3416        32.00
    7761.919     0.971875         3428        35.56
    7798.783     0.975000         3438        40.00
    8060.927     0.978125         3449        45.71
    8331.263     0.981250         3460        53.33
    8454.143     0.984375         3471        64.00
    8495.103     0.985938         3477        71.11
    8536.063     0.987500         3482        80.00
    8568.831     0.989062         3488        91.43
    8658.943     0.990625         3493       106.67
    8904.703     0.992188         3499       128.00
    8929.279     0.992969         3502       142.22
    8945.663     0.993750         3504       160.00
    8953.855     0.994531         3507       182.86
    8986.623     0.995313         3511       213.33
    9003.007     0.996094         3513       256.00
    9011.199     0.996484         3514       284.44
    9027.583     0.996875         3516       320.00
    9043.967     0.997266         3517       365.71
    9060.351     0.997656         3518       426.67
    9068.543     0.998047         3520       512.00
    9068.543     0.998242         3520       568.89
    9093.119     0.998437         3521       640.00
    9191.423     0.998633         3522       731.43
    9191.423     0.998828         3522       853.33
    9224.191     0.999023         3523      1024.00
    9224.191     0.999121         3523      1137.78
    9232.383     0.999219         3524      1280.00
    9232.383     0.999316         3524      1462.86
    9232.383     0.999414         3524      1706.67
    9256.959     0.999512         3526      2048.00
    9256.959     1.000000         3526          inf
#[Mean    =     2172.827, StdDeviation   =     2124.707]
#[Max     =     9248.768, Total count    =         3526]
#[Buckets =           27, SubBuckets     =         2048]
-----------------------------------------------------------------------
  4209 requests in 1.00m, 1.25MB read
Requests/sec:     70.15  
Transfer/sec:     21.39KB
