Running 1m test @ http://10.100.134.99/?loopCount=25&base=6&exp=6
  5 threads and 5 connections

  Thread calibration: mean lat.: 304.213ms, rate sampling interval: 1309ms
  Thread calibration: mean lat.: 144.787ms, rate sampling interval: 687ms
  Thread calibration: mean lat.: 137.459ms, rate sampling interval: 581ms
  Thread calibration: mean lat.: 114.513ms, rate sampling interval: 501ms
  Thread calibration: mean lat.: 161.539ms, rate sampling interval: 751ms

-----------------------------------------------------------------------
Test Results @ http://10.100.134.99/?loopCount=25&base=6&exp=6 
  Thread Stats   Avg      Stdev     99%   +/- Stdev
    Latency   163.28ms  119.75ms 552.45ms   62.54%
    Req/Sec     9.46      2.41    16.00     78.12%
  Latency Distribution (HdrHistogram - Recorded Latency)
 50.000%  152.45ms
 75.000%  237.70ms
 90.000%  349.44ms
 99.000%  552.45ms
 99.900%  654.34ms
 99.990%  660.99ms
 99.999%  660.99ms
100.000%  660.99ms

  Detailed Percentile spectrum:
       Value   Percentile   TotalCount 1/(1-Percentile)

      22.367     0.000000            1         1.00
      40.735     0.100000          261         1.11
      41.663     0.200000          501         1.25
      79.167     0.300000          748         1.43
     104.831     0.400000          998         1.67
     152.447     0.500000         1248         2.00
     157.823     0.550000         1378         2.22
     162.303     0.600000         1498         2.50
     171.647     0.650000         1621         2.86
     197.375     0.700000         1747         3.33
     237.695     0.750000         1870         4.00
     253.055     0.775000         1933         4.44
     258.303     0.800000         1996         5.00
     263.679     0.825000         2060         5.71
     271.871     0.850000         2120         6.67
     294.911     0.875000         2182         8.00
     310.783     0.887500         2213         8.89
     349.439     0.900000         2245        10.00
     354.815     0.912500         2275        11.43
     360.191     0.925000         2308        13.33
     372.223     0.937500         2338        16.00
     384.511     0.943750         2353        17.78
     399.615     0.950000         2369        20.00
     416.767     0.956250         2384        22.86
     451.583     0.962500         2400        26.67
     458.239     0.968750         2416        32.00
     460.543     0.971875         2423        35.56
     465.407     0.975000         2431        40.00
     470.015     0.978125         2439        45.71
     491.007     0.981250         2447        53.33
     502.015     0.984375         2455        64.00
     512.511     0.985938         2459        71.11
     522.495     0.987500         2462        80.00
     550.399     0.989062         2466        91.43
     553.983     0.990625         2470       106.67
     556.543     0.992188         2474       128.00
     557.055     0.992969         2476       142.22
     558.591     0.993750         2478       160.00
     561.663     0.994531         2480       182.86
     568.319     0.995313         2482       213.33
     577.535     0.996094         2485       256.00
     577.535     0.996484         2485       284.44
     592.383     0.996875         2486       320.00
     594.431     0.997266         2487       365.71
     601.599     0.997656         2488       426.67
     618.495     0.998047         2489       512.00
     618.495     0.998242         2489       568.89
     651.263     0.998437         2490       640.00
     651.263     0.998633         2490       731.43
     654.335     0.998828         2491       853.33
     654.335     0.999023         2491      1024.00
     654.335     0.999121         2491      1137.78
     656.383     0.999219         2492      1280.00
     656.383     0.999316         2492      1462.86
     656.383     0.999414         2492      1706.67
     656.383     0.999512         2492      2048.00
     656.383     0.999561         2492      2275.56
     660.991     0.999609         2493      2560.00
     660.991     1.000000         2493          inf
#[Mean    =      163.282, StdDeviation   =      119.746]
#[Max     =      660.480, Total count    =         2493]
#[Buckets =           27, SubBuckets     =         2048]
-----------------------------------------------------------------------
  2987 requests in 1.00m, 0.89MB read
Requests/sec:     49.78  
Transfer/sec:     15.18KB
