Running 1m test @ http://10.96.164.126/?loopCount=25&base=6&exp=6
  5 threads and 5 connections

  Thread calibration: mean lat.: 860.051ms, rate sampling interval: 3532ms
  Thread calibration: mean lat.: 721.251ms, rate sampling interval: 2854ms
  Thread calibration: mean lat.: 561.123ms, rate sampling interval: 2314ms
  Thread calibration: mean lat.: 729.814ms, rate sampling interval: 2525ms
  Thread calibration: mean lat.: 654.540ms, rate sampling interval: 2492ms

-----------------------------------------------------------------------
Test Results @ http://10.96.164.126/?loopCount=25&base=6&exp=6 
  Thread Stats   Avg      Stdev     99%   +/- Stdev
    Latency     5.95s     2.55s   11.26s    61.28%
    Req/Sec    11.89      1.21    14.00     95.60%
  Latency Distribution (HdrHistogram - Recorded Latency)
 50.000%    5.73s 
 75.000%    8.13s 
 90.000%    9.47s 
 99.000%   11.26s 
 99.900%   11.50s 
 99.990%   11.54s 
 99.999%   11.54s 
100.000%   11.54s 

  Detailed Percentile spectrum:
       Value   Percentile   TotalCount 1/(1-Percentile)

    1448.959     0.000000            1         1.00
    2656.255     0.100000          311         1.11
    3428.351     0.200000          621         1.25
    4231.167     0.300000          932         1.43
    4915.199     0.400000         1242         1.67
    5734.399     0.500000         1553         2.00
    6123.519     0.550000         1709         2.22
    6569.983     0.600000         1864         2.50
    7217.151     0.650000         2018         2.86
    7720.959     0.700000         2173         3.33
    8134.655     0.750000         2328         4.00
    8294.399     0.775000         2409         4.44
    8454.143     0.800000         2488         5.00
    8593.407     0.825000         2567         5.71
    8929.279     0.850000         2640         6.67
    9207.807     0.875000         2716         8.00
    9338.879     0.887500         2755         8.89
    9469.951     0.900000         2795        10.00
    9723.903     0.912500         2835        11.43
    9863.167     0.925000         2874        13.33
   10018.815     0.937500         2910        16.00
   10141.695     0.943750         2931        17.78
   10199.039     0.950000         2949        20.00
   10280.959     0.956250         2969        22.86
   10502.143     0.962500         2988        26.67
   10567.679     0.968750         3010        32.00
   10633.215     0.971875         3017        35.56
   10682.367     0.975000         3027        40.00
   10747.903     0.978125         3037        45.71
   10862.591     0.981250         3047        53.33
   10903.551     0.984375         3056        64.00
   10928.127     0.985938         3061        71.11
   11018.239     0.987500         3066        80.00
   11190.271     0.989062         3071        91.43
   11321.343     0.990625         3075       106.67
   11370.495     0.992188         3080       128.00
   11395.071     0.992969         3083       142.22
   11411.455     0.993750         3089       160.00
   11411.455     0.994531         3089       182.86
   11427.839     0.995313         3091       213.33
   11444.223     0.996094         3093       256.00
   11460.607     0.996484         3096       284.44
   11460.607     0.996875         3096       320.00
   11460.607     0.997266         3096       365.71
   11468.799     0.997656         3098       426.67
   11468.799     0.998047         3098       512.00
   11476.991     0.998242         3099       568.89
   11493.375     0.998437         3100       640.00
   11493.375     0.998633         3100       731.43
   11501.567     0.998828         3102       853.33
   11501.567     0.999023         3102      1024.00
   11501.567     0.999121         3102      1137.78
   11501.567     0.999219         3102      1280.00
   11501.567     0.999316         3102      1462.86
   11526.143     0.999414         3103      1706.67
   11526.143     0.999512         3103      2048.00
   11526.143     0.999561         3103      2275.56
   11526.143     0.999609         3103      2560.00
   11526.143     0.999658         3103      2925.71
   11542.527     0.999707         3104      3413.33
   11542.527     1.000000         3104          inf
#[Mean    =     5951.804, StdDeviation   =     2550.468]
#[Max     =    11534.336, Total count    =         3104]
#[Buckets =           27, SubBuckets     =         2048]
-----------------------------------------------------------------------
  3732 requests in 1.00m, 1.11MB read
Requests/sec:     62.19  
Transfer/sec:     18.96KB
