Running 1m test @ http://10.105.168.171/?loopCount=25&base=6&exp=6
  5 threads and 5 connections

  Thread calibration: mean lat.: 109.770ms, rate sampling interval: 347ms
  Thread calibration: mean lat.: 132.123ms, rate sampling interval: 512ms
  Thread calibration: mean lat.: 93.256ms, rate sampling interval: 325ms
  Thread calibration: mean lat.: 84.153ms, rate sampling interval: 316ms
  Thread calibration: mean lat.: 109.832ms, rate sampling interval: 407ms

-----------------------------------------------------------------------
Test Results @ http://10.105.168.171/?loopCount=25&base=6&exp=6 
  Thread Stats   Avg      Stdev     99%   +/- Stdev
    Latency   146.13ms  110.67ms 557.05ms   86.03%
    Req/Sec     9.48      2.64    15.00     88.58%
  Latency Distribution (HdrHistogram - Recorded Latency)
 50.000%  120.06ms
 75.000%  171.90ms
 90.000%  277.76ms
 99.000%  557.05ms
 99.900%  681.98ms
 99.990%  754.17ms
 99.999%  754.17ms
100.000%  754.17ms

  Detailed Percentile spectrum:
       Value   Percentile   TotalCount 1/(1-Percentile)

      25.263     0.000000            1         1.00
      44.703     0.100000          251         1.11
      49.311     0.200000          502         1.25
      77.119     0.300000          750         1.43
      93.439     0.400000         1000         1.67
     120.063     0.500000         1250         2.00
     146.687     0.550000         1375         2.22
     155.391     0.600000         1501         2.50
     159.487     0.650000         1625         2.86
     163.711     0.700000         1750         3.33
     172.159     0.750000         1876         4.00
     178.303     0.775000         1939         4.44
     188.543     0.800000         2001         5.00
     216.959     0.825000         2062         5.71
     251.775     0.850000         2125         6.67
     262.399     0.875000         2188         8.00
     267.519     0.887500         2218         8.89
     278.271     0.900000         2250        10.00
     313.087     0.912500         2281        11.43
     339.711     0.925000         2312        13.33
     359.423     0.937500         2343        16.00
     368.383     0.943750         2360        17.78
     374.015     0.950000         2375        20.00
     388.863     0.956250         2390        22.86
     418.047     0.962500         2406        26.67
     454.911     0.968750         2421        32.00
     457.471     0.971875         2430        35.56
     460.287     0.975000         2437        40.00
     463.359     0.978125         2445        45.71
     468.223     0.981250         2453        53.33
     481.023     0.984375         2460        64.00
     497.919     0.985938         2464        71.11
     525.311     0.987500         2468        80.00
     553.983     0.989062         2472        91.43
     560.127     0.990625         2476       106.67
     567.295     0.992188         2480       128.00
     574.463     0.992969         2482       142.22
     577.535     0.993750         2484       160.00
     617.471     0.994531         2486       182.86
     629.247     0.995313         2488       213.33
     635.391     0.996094         2490       256.00
     659.455     0.996484         2491       284.44
     662.527     0.996875         2492       320.00
     669.183     0.997266         2493       365.71
     672.255     0.997656         2494       426.67
     680.447     0.998047         2496       512.00
     680.447     0.998242         2496       568.89
     680.447     0.998437         2496       640.00
     680.447     0.998633         2496       731.43
     681.983     0.998828         2497       853.33
     681.983     0.999023         2497      1024.00
     681.983     0.999121         2497      1137.78
     694.783     0.999219         2498      1280.00
     694.783     0.999316         2498      1462.86
     694.783     0.999414         2498      1706.67
     694.783     0.999512         2498      2048.00
     694.783     0.999561         2498      2275.56
     754.175     0.999609         2499      2560.00
     754.175     1.000000         2499          inf
#[Mean    =      146.130, StdDeviation   =      110.665]
#[Max     =      753.664, Total count    =         2499]
#[Buckets =           27, SubBuckets     =         2048]
-----------------------------------------------------------------------
  2989 requests in 1.00m, 0.89MB read
Requests/sec:     49.81  
Transfer/sec:     15.19KB
