Running 1m test @ http://10.100.185.202/?loopCount=25&base=6&exp=6
  5 threads and 5 connections

  Thread calibration: mean lat.: 92.877ms, rate sampling interval: 310ms
  Thread calibration: mean lat.: 91.740ms, rate sampling interval: 308ms
  Thread calibration: mean lat.: 160.906ms, rate sampling interval: 650ms
  Thread calibration: mean lat.: 112.498ms, rate sampling interval: 413ms
  Thread calibration: mean lat.: 106.096ms, rate sampling interval: 347ms

-----------------------------------------------------------------------
Test Results @ http://10.100.185.202/?loopCount=25&base=6&exp=6 
  Thread Stats   Avg      Stdev     99%   +/- Stdev
    Latency   139.81ms   94.46ms 450.82ms   61.39%
    Req/Sec     9.43      2.78    16.00     87.65%
  Latency Distribution (HdrHistogram - Recorded Latency)
 50.000%  121.92ms
 75.000%  176.38ms
 90.000%  263.17ms
 99.000%  450.82ms
 99.900%  541.18ms
 99.990%  569.34ms
 99.999%  569.34ms
100.000%  569.34ms

  Detailed Percentile spectrum:
       Value   Percentile   TotalCount 1/(1-Percentile)

      21.855     0.000000            1         1.00
      40.959     0.100000          251         1.11
      42.783     0.200000          500         1.25
      77.247     0.300000          753         1.43
      94.015     0.400000          999         1.67
     121.919     0.500000         1249         2.00
     143.871     0.550000         1374         2.22
     149.119     0.600000         1499         2.50
     152.959     0.650000         1624         2.86
     160.767     0.700000         1749         3.33
     176.383     0.750000         1874         4.00
     190.719     0.775000         1939         4.44
     205.951     0.800000         1998         5.00
     238.719     0.825000         2061         5.71
     246.655     0.850000         2123         6.67
     253.055     0.875000         2185         8.00
     257.535     0.887500         2217         8.89
     263.167     0.900000         2248        10.00
     271.103     0.912500         2279        11.43
     291.583     0.925000         2310        13.33
     319.487     0.937500         2342        16.00
     333.055     0.943750         2357        17.78
     343.295     0.950000         2375        20.00
     347.647     0.956250         2389        22.86
     351.487     0.962500         2404        26.67
     357.119     0.968750         2419        32.00
     360.959     0.971875         2427        35.56
     370.943     0.975000         2435        40.00
     394.751     0.978125         2444        45.71
     403.711     0.981250         2451        53.33
     415.487     0.984375         2458        64.00
     425.983     0.985938         2462        71.11
     444.415     0.987500         2466        80.00
     449.535     0.989062         2470        91.43
     451.839     0.990625         2474       106.67
     457.215     0.992188         2479       128.00
     457.471     0.992969         2480       142.22
     459.007     0.993750         2482       160.00
     463.871     0.994531         2484       182.86
     465.663     0.995313         2486       213.33
     470.783     0.996094         2488       256.00
     471.807     0.996484         2489       284.44
     482.559     0.996875         2490       320.00
     484.607     0.997266         2491       365.71
     491.775     0.997656         2492       426.67
     522.751     0.998047         2493       512.00
     522.751     0.998242         2493       568.89
     541.183     0.998437         2495       640.00
     541.183     0.998633         2495       731.43
     541.183     0.998828         2495       853.33
     541.183     0.999023         2495      1024.00
     541.183     0.999121         2495      1137.78
     555.519     0.999219         2496      1280.00
     555.519     0.999316         2496      1462.86
     555.519     0.999414         2496      1706.67
     555.519     0.999512         2496      2048.00
     555.519     0.999561         2496      2275.56
     569.343     0.999609         2497      2560.00
     569.343     1.000000         2497          inf
#[Mean    =      139.810, StdDeviation   =       94.462]
#[Max     =      568.832, Total count    =         2497]
#[Buckets =           27, SubBuckets     =         2048]
-----------------------------------------------------------------------
  2990 requests in 1.00m, 0.89MB read
Requests/sec:     49.83  
Transfer/sec:     15.20KB
