Running 1m test @ http://10.100.134.99/?loopCount=25&base=6&exp=6
  1 threads and 1 connections

  Thread calibration: mean lat.: 2946.003ms, rate sampling interval: 12050ms

-----------------------------------------------------------------------
Test Results @ http://10.100.134.99/?loopCount=25&base=6&exp=6 
  Thread Stats   Avg      Stdev     99%   +/- Stdev
    Latency    24.05s    10.20s   41.75s    58.08%
    Req/Sec     6.75      0.43     7.00    100.00%
  Latency Distribution (HdrHistogram - Recorded Latency)
 50.000%   23.76s 
 75.000%   33.23s 
 90.000%   38.04s 
 99.000%   41.75s 
 99.900%   42.11s 
 99.990%   42.11s 
 99.999%   42.11s 
100.000%   42.11s 

  Detailed Percentile spectrum:
       Value   Percentile   TotalCount 1/(1-Percentile)

    6737.919     0.000000            1         1.00
   10207.231     0.100000           37         1.11
   13557.759     0.200000           73         1.25
   16695.295     0.300000          110         1.43
   19955.711     0.400000          146         1.67
   23756.799     0.500000          183         2.00
   25837.567     0.550000          201         2.22
   27721.727     0.600000          219         2.50
   29474.815     0.650000          238         2.86
   31358.975     0.700000          256         3.33
   33226.751     0.750000          274         4.00
   33980.415     0.775000          283         4.44
   34635.775     0.800000          292         5.00
   35618.815     0.825000          302         5.71
   36339.711     0.850000          311         6.67
   37093.375     0.875000          320         8.00
   37453.823     0.887500          324         8.89
   38043.647     0.900000          329        10.00
   38764.543     0.912500          334        11.43
   39256.063     0.925000          338        13.33
   39682.047     0.937500          343        16.00
   39911.423     0.943750          345        17.78
   40108.031     0.950000          347        20.00
   40304.639     0.956250          350        22.86
   40435.711     0.962500          352        26.67
   40730.623     0.968750          354        32.00
   40894.463     0.971875          355        35.56
   41058.303     0.975000          356        40.00
   41385.983     0.978125          358        45.71
   41549.823     0.981250          359        53.33
   41615.359     0.984375          360        64.00
   41615.359     0.985938          360        71.11
   41746.431     0.987500          361        80.00
   41811.967     0.989062          362        91.43
   41811.967     0.990625          362       106.67
   41877.503     0.992188          363       128.00
   41877.503     0.992969          363       142.22
   41877.503     0.993750          363       160.00
   42041.343     0.994531          364       182.86
   42041.343     0.995313          364       213.33
   42041.343     0.996094          364       256.00
   42041.343     0.996484          364       284.44
   42041.343     0.996875          364       320.00
   42106.879     0.997266          365       365.71
   42106.879     1.000000          365          inf
#[Mean    =    24051.566, StdDeviation   =    10195.692]
#[Max     =    42074.112, Total count    =          365]
#[Buckets =           27, SubBuckets     =         2048]
-----------------------------------------------------------------------
  447 requests in 1.00m, 136.57KB read
Requests/sec:      7.45  
Transfer/sec:      2.28KB
