Running 1m test @ http://10.96.158.146/?loopCount=25&base=6&exp=6
  1 threads and 1 connections

  Thread calibration: mean lat.: 3472.640ms, rate sampling interval: 13123ms

-----------------------------------------------------------------------
Test Results @ http://10.96.158.146/?loopCount=25&base=6&exp=6 
  Thread Stats   Avg      Stdev     99%   +/- Stdev
    Latency    24.56s    10.16s   41.35s    56.50%
    Req/Sec     7.00      0.00     7.00    100.00%
  Latency Distribution (HdrHistogram - Recorded Latency)
 50.000%   24.49s 
 75.000%   33.52s 
 90.000%   38.21s 
 99.000%   41.35s 
 99.900%   41.68s 
 99.990%   41.68s 
 99.999%   41.68s 
100.000%   41.68s 

  Detailed Percentile spectrum:
       Value   Percentile   TotalCount 1/(1-Percentile)

    6901.759     0.000000            1         1.00
   10231.807     0.100000           38         1.11
   13598.719     0.200000           76         1.25
   17694.719     0.300000          114         1.43
   21528.575     0.400000          151         1.67
   24494.079     0.500000          189         2.00
   26722.303     0.550000          208         2.22
   28475.391     0.600000          227         2.50
   30015.487     0.650000          246         2.86
   31703.039     0.700000          264         3.33
   33521.663     0.750000          283         4.00
   34373.631     0.775000          293         4.44
   35192.831     0.800000          302         5.00
   36077.567     0.825000          312         5.71
   36634.623     0.850000          321         6.67
   37584.895     0.875000          330         8.00
   38076.415     0.887500          335         8.89
   38273.023     0.900000          340        10.00
   38666.239     0.912500          345        11.43
   39223.295     0.925000          349        13.33
   39518.207     0.937500          354        16.00
   39747.583     0.943750          356        17.78
   40108.031     0.950000          359        20.00
   40337.407     0.956250          361        22.86
   40468.479     0.962500          363        26.67
   40828.927     0.968750          366        32.00
   40894.463     0.971875          367        35.56
   40959.999     0.975000          368        40.00
   41091.071     0.978125          369        45.71
   41156.607     0.981250          370        53.33
   41287.679     0.984375          372        64.00
   41287.679     0.985938          372        71.11
   41353.215     0.987500          373        80.00
   41353.215     0.989062          373        91.43
   41418.751     0.990625          374       106.67
   41451.519     0.992188          375       128.00
   41451.519     0.992969          375       142.22
   41451.519     0.993750          375       160.00
   41451.519     0.994531          375       182.86
   41615.359     0.995313          376       213.33
   41615.359     0.996094          376       256.00
   41615.359     0.996484          376       284.44
   41615.359     0.996875          376       320.00
   41615.359     0.997266          376       365.71
   41680.895     0.997656          377       426.67
   41680.895     1.000000          377          inf
#[Mean    =    24562.957, StdDeviation   =    10157.499]
#[Max     =    41648.128, Total count    =          377]
#[Buckets =           27, SubBuckets     =         2048]
-----------------------------------------------------------------------
  455 requests in 1.00m, 138.99KB read
Requests/sec:      7.58  
Transfer/sec:      2.32KB
