Running 1m test @ http://10.97.218.196/?loopCount=25&base=6&exp=6
  5 threads and 5 connections

  Thread calibration: mean lat.: 112.444ms, rate sampling interval: 395ms
  Thread calibration: mean lat.: 102.896ms, rate sampling interval: 358ms
  Thread calibration: mean lat.: 110.639ms, rate sampling interval: 389ms
  Thread calibration: mean lat.: 111.131ms, rate sampling interval: 375ms
  Thread calibration: mean lat.: 124.446ms, rate sampling interval: 486ms

-----------------------------------------------------------------------
Test Results @ http://10.97.218.196/?loopCount=25&base=6&exp=6 
  Thread Stats   Avg      Stdev     99%   +/- Stdev
    Latency   106.32ms   61.38ms 293.89ms   70.20%
    Req/Sec     9.62      2.06    15.00     88.06%
  Latency Distribution (HdrHistogram - Recorded Latency)
 50.000%   96.83ms
 75.000%  136.32ms
 90.000%  188.29ms
 99.000%  293.89ms
 99.900%  393.47ms
 99.990%  402.43ms
 99.999%  402.43ms
100.000%  402.43ms

  Detailed Percentile spectrum:
       Value   Percentile   TotalCount 1/(1-Percentile)

      23.551     0.000000            1         1.00
      44.895     0.100000          252         1.11
      53.311     0.200000          500         1.25
      62.623     0.300000          750         1.43
      78.783     0.400000          999         1.67
      96.831     0.500000         1250         2.00
      98.687     0.550000         1374         2.22
     105.023     0.600000         1499         2.50
     108.095     0.650000         1624         2.86
     114.495     0.700000         1748         3.33
     136.319     0.750000         1873         4.00
     143.999     0.775000         1936         4.44
     160.383     0.800000         1998         5.00
     178.559     0.825000         2062         5.71
     181.375     0.850000         2125         6.67
     184.959     0.875000         2185         8.00
     186.239     0.887500         2220         8.89
     188.287     0.900000         2248        10.00
     190.463     0.912500         2279        11.43
     196.351     0.925000         2310        13.33
     201.087     0.937500         2341        16.00
     204.031     0.943750         2358        17.78
     212.223     0.950000         2373        20.00
     223.871     0.956250         2388        22.86
     236.159     0.962500         2404        26.67
     254.975     0.968750         2419        32.00
     278.783     0.971875         2427        35.56
     282.879     0.975000         2435        40.00
     284.927     0.978125         2444        45.71
     286.207     0.981250         2452        53.33
     287.999     0.984375         2458        64.00
     290.047     0.985938         2463        71.11
     292.095     0.987500         2466        80.00
     293.631     0.989062         2471        91.43
     296.191     0.990625         2475       106.67
     299.519     0.992188         2478       128.00
     303.615     0.992969         2480       142.22
     309.503     0.993750         2482       160.00
     312.831     0.994531         2484       182.86
     334.847     0.995313         2486       213.33
     347.135     0.996094         2488       256.00
     365.311     0.996484         2489       284.44
     373.247     0.996875         2490       320.00
     377.599     0.997266         2491       365.71
     379.135     0.997656         2492       426.67
     381.695     0.998047         2493       512.00
     381.695     0.998242         2493       568.89
     387.327     0.998437         2494       640.00
     387.327     0.998633         2494       731.43
     393.471     0.998828         2495       853.33
     393.471     0.999023         2495      1024.00
     393.471     0.999121         2495      1137.78
     393.983     0.999219         2496      1280.00
     393.983     0.999316         2496      1462.86
     393.983     0.999414         2496      1706.67
     393.983     0.999512         2496      2048.00
     393.983     0.999561         2496      2275.56
     402.431     0.999609         2497      2560.00
     402.431     1.000000         2497          inf
#[Mean    =      106.325, StdDeviation   =       61.376]
#[Max     =      402.176, Total count    =         2497]
#[Buckets =           27, SubBuckets     =         2048]
-----------------------------------------------------------------------
  2992 requests in 1.00m, 0.89MB read
Requests/sec:     49.86  
Transfer/sec:     15.20KB
