Running 1m test @ http://10.107.164.151/?loopCount=25&base=6&exp=6
  5 threads and 5 connections

  Thread calibration: mean lat.: 1871.063ms, rate sampling interval: 7155ms
  Thread calibration: mean lat.: 1983.325ms, rate sampling interval: 7364ms
  Thread calibration: mean lat.: 2079.135ms, rate sampling interval: 7348ms
  Thread calibration: mean lat.: 1823.244ms, rate sampling interval: 6217ms
  Thread calibration: mean lat.: 1417.737ms, rate sampling interval: 5177ms

-----------------------------------------------------------------------
Test Results @ http://10.107.164.151/?loopCount=25&base=6&exp=6 
  Thread Stats   Avg      Stdev     99%   +/- Stdev
    Latency    13.50s     5.60s   23.25s    58.16%
    Req/Sec     8.86      0.64    11.00     97.14%
  Latency Distribution (HdrHistogram - Recorded Latency)
 50.000%   13.52s 
 75.000%   18.46s 
 90.000%   21.18s 
 99.000%   23.25s 
 99.900%   23.46s 
 99.990%   23.56s 
 99.999%   23.56s 
100.000%   23.56s 

  Detailed Percentile spectrum:
       Value   Percentile   TotalCount 1/(1-Percentile)

    3215.359     0.000000            1         1.00
    5742.591     0.100000          232         1.11
    7856.127     0.200000          463         1.25
    9691.135     0.300000          694         1.43
   11550.719     0.400000          925         1.67
   13524.991     0.500000         1156         2.00
   14335.999     0.550000         1273         2.22
   15237.119     0.600000         1387         2.50
   16383.999     0.650000         1503         2.86
   17350.655     0.700000         1618         3.33
   18481.151     0.750000         1734         4.00
   18923.519     0.775000         1792         4.44
   19349.503     0.800000         1850         5.00
   19759.103     0.825000         1907         5.71
   20185.087     0.850000         1965         6.67
   20643.839     0.875000         2025         8.00
   20905.983     0.887500         2054         8.89
   21184.511     0.900000         2080        10.00
   21430.271     0.912500         2109        11.43
   21774.335     0.925000         2139        13.33
   22102.015     0.937500         2167        16.00
   22216.703     0.943750         2183        17.78
   22331.391     0.950000         2196        20.00
   22527.999     0.956250         2212        22.86
   22691.839     0.962500         2226        26.67
   22872.063     0.968750         2239        32.00
   22937.599     0.971875         2248        35.56
   23003.135     0.975000         2254        40.00
   23035.903     0.978125         2261        45.71
   23150.591     0.981250         2270        53.33
   23183.359     0.984375         2275        64.00
   23216.127     0.985938         2281        71.11
   23232.511     0.987500         2287        80.00
   23232.511     0.989062         2287        91.43
   23248.895     0.990625         2293       106.67
   23248.895     0.992188         2293       128.00
   23265.279     0.992969         2296       142.22
   23281.663     0.993750         2297       160.00
   23314.431     0.994531         2300       182.86
   23330.815     0.995313         2303       213.33
   23330.815     0.996094         2303       256.00
   23330.815     0.996484         2303       284.44
   23347.199     0.996875         2304       320.00
   23363.583     0.997266         2305       365.71
   23379.967     0.997656         2306       426.67
   23412.735     0.998047         2307       512.00
   23412.735     0.998242         2307       568.89
   23445.503     0.998437         2308       640.00
   23445.503     0.998633         2308       731.43
   23461.887     0.998828         2309       853.33
   23461.887     0.999023         2309      1024.00
   23461.887     0.999121         2309      1137.78
   23494.655     0.999219         2310      1280.00
   23494.655     0.999316         2310      1462.86
   23494.655     0.999414         2310      1706.67
   23494.655     0.999512         2310      2048.00
   23494.655     0.999561         2310      2275.56
   23560.191     0.999609         2311      2560.00
   23560.191     1.000000         2311          inf
#[Mean    =    13498.481, StdDeviation   =     5596.911]
#[Max     =    23543.808, Total count    =         2311]
#[Buckets =           27, SubBuckets     =         2048]
-----------------------------------------------------------------------
  2772 requests in 1.00m, 845.95KB read
Requests/sec:     46.20  
Transfer/sec:     14.10KB
