Running 1m test @ http://10.96.158.146/?loopCount=25&base=6&exp=6
  1 threads and 1 connections

  Thread calibration: mean lat.: 3336.799ms, rate sampling interval: 12795ms

-----------------------------------------------------------------------
Test Results @ http://10.96.158.146/?loopCount=25&base=6&exp=6 
  Thread Stats   Avg      Stdev     99%   +/- Stdev
    Latency    24.54s    10.30s   41.71s    57.88%
    Req/Sec     7.00      0.00     7.00    100.00%
  Latency Distribution (HdrHistogram - Recorded Latency)
 50.000%   24.59s 
 75.000%   33.21s 
 90.000%   38.99s 
 99.000%   41.71s 
 99.900%   42.11s 
 99.990%   42.11s 
 99.999%   42.11s 
100.000%   42.11s 

  Detailed Percentile spectrum:
       Value   Percentile   TotalCount 1/(1-Percentile)

    6983.679     0.000000            1         1.00
   10338.303     0.100000           37         1.11
   13991.935     0.200000           74         1.25
   17088.511     0.300000          111         1.43
   20611.071     0.400000          148         1.67
   24592.383     0.500000          184         2.00
   26525.695     0.550000          203         2.22
   28082.175     0.600000          221         2.50
   29802.495     0.650000          240         2.86
   31522.815     0.700000          258         3.33
   33210.367     0.750000          276         4.00
   34504.703     0.775000          286         4.44
   35520.511     0.800000          295         5.00
   36503.551     0.825000          304         5.71
   37224.447     0.850000          313         6.67
   38141.951     0.875000          323         8.00
   38567.935     0.887500          327         8.89
   39059.455     0.900000          332        10.00
   39419.903     0.912500          336        11.43
   39911.423     0.925000          341        13.33
   40140.799     0.937500          345        16.00
   40435.711     0.943750          348        17.78
   40566.783     0.950000          350        20.00
   40763.391     0.956250          352        22.86
   41025.535     0.962500          355        26.67
   41254.911     0.968750          357        32.00
   41320.447     0.971875          358        35.56
   41385.983     0.975000          359        40.00
   41451.519     0.978125          360        45.71
   41582.591     0.981250          362        53.33
   41713.663     0.984375          364        64.00
   41713.663     0.985938          364        71.11
   41713.663     0.987500          364        80.00
   41713.663     0.989062          364        91.43
   41844.735     0.990625          365       106.67
   41910.271     0.992188          366       128.00
   41910.271     0.992969          366       142.22
   41910.271     0.993750          366       160.00
   41910.271     0.994531          366       182.86
   41975.807     0.995313          367       213.33
   41975.807     0.996094          367       256.00
   41975.807     0.996484          367       284.44
   41975.807     0.996875          367       320.00
   41975.807     0.997266          367       365.71
   42106.879     0.997656          368       426.67
   42106.879     1.000000          368          inf
#[Mean    =    24537.633, StdDeviation   =    10295.748]
#[Max     =    42074.112, Total count    =          368]
#[Buckets =           27, SubBuckets     =         2048]
-----------------------------------------------------------------------
  445 requests in 1.00m, 135.94KB read
Requests/sec:      7.42  
Transfer/sec:      2.27KB
