Running 1m test @ http://10.104.225.39/?loopCount=25&base=6&exp=6
  5 threads and 5 connections

  Thread calibration: mean lat.: 76.873ms, rate sampling interval: 263ms
  Thread calibration: mean lat.: 67.116ms, rate sampling interval: 251ms
  Thread calibration: mean lat.: 72.758ms, rate sampling interval: 268ms
  Thread calibration: mean lat.: 83.106ms, rate sampling interval: 274ms
  Thread calibration: mean lat.: 62.035ms, rate sampling interval: 241ms

-----------------------------------------------------------------------
Test Results @ http://10.104.225.39/?loopCount=25&base=6&exp=6 
  Thread Stats   Avg      Stdev     99%   +/- Stdev
    Latency    83.11ms   57.86ms 259.45ms   86.62%
    Req/Sec     9.52      3.01    16.00     83.71%
  Latency Distribution (HdrHistogram - Recorded Latency)
 50.000%   50.11ms
 75.000%  121.54ms
 90.000%  154.49ms
 99.000%  259.45ms
 99.900%  327.42ms
 99.990%  336.38ms
 99.999%  336.38ms
100.000%  336.38ms

  Detailed Percentile spectrum:
       Value   Percentile   TotalCount 1/(1-Percentile)

      21.743     0.000000            1         1.00
      40.575     0.100000          258         1.11
      40.895     0.200000          516         1.25
      41.407     0.300000          751         1.43
      42.879     0.400000          999         1.67
      50.111     0.500000         1249         2.00
      56.223     0.550000         1374         2.22
      63.871     0.600000         1499         2.50
      83.327     0.650000         1626         2.86
     117.439     0.700000         1749         3.33
     121.535     0.750000         1875         4.00
     124.095     0.775000         1936         4.44
     126.527     0.800000         1999         5.00
     130.047     0.825000         2061         5.71
     135.551     0.850000         2124         6.67
     142.719     0.875000         2187         8.00
     147.583     0.887500         2218         8.89
     154.495     0.900000         2248        10.00
     161.023     0.912500         2279        11.43
     181.247     0.925000         2310        13.33
     216.447     0.937500         2341        16.00
     218.495     0.943750         2357        17.78
     220.543     0.950000         2373        20.00
     222.975     0.956250         2388        22.86
     225.407     0.962500         2405        26.67
     227.967     0.968750         2419        32.00
     229.247     0.971875         2427        35.56
     232.959     0.975000         2436        40.00
     234.495     0.978125         2443        45.71
     236.927     0.981250         2451        53.33
     241.407     0.984375         2458        64.00
     244.095     0.985938         2462        71.11
     246.527     0.987500         2466        80.00
     253.695     0.989062         2470        91.43
     260.351     0.990625         2474       106.67
     265.471     0.992188         2478       128.00
     274.943     0.992969         2480       142.22
     316.927     0.993750         2482       160.00
     317.183     0.994531         2484       182.86
     318.975     0.995313         2486       213.33
     320.255     0.996094         2488       256.00
     320.767     0.996484         2489       284.44
     322.815     0.996875         2490       320.00
     323.327     0.997266         2491       365.71
     324.607     0.997656         2492       426.67
     325.119     0.998047         2493       512.00
     325.119     0.998242         2493       568.89
     325.631     0.998437         2494       640.00
     325.631     0.998633         2494       731.43
     327.423     0.998828         2495       853.33
     327.423     0.999023         2495      1024.00
     327.423     0.999121         2495      1137.78
     333.567     0.999219         2496      1280.00
     333.567     0.999316         2496      1462.86
     333.567     0.999414         2496      1706.67
     333.567     0.999512         2496      2048.00
     333.567     0.999561         2496      2275.56
     336.383     0.999609         2497      2560.00
     336.383     1.000000         2497          inf
#[Mean    =       83.110, StdDeviation   =       57.855]
#[Max     =      336.128, Total count    =         2497]
#[Buckets =           27, SubBuckets     =         2048]
-----------------------------------------------------------------------
  2991 requests in 1.00m, 0.89MB read
Requests/sec:     49.85  
Transfer/sec:     15.20KB
