Running 1m test @ http://10.104.225.39/?loopCount=25&base=6&exp=6
  5 threads and 5 connections

  Thread calibration: mean lat.: 663.029ms, rate sampling interval: 2965ms
  Thread calibration: mean lat.: 1005.961ms, rate sampling interval: 3913ms
  Thread calibration: mean lat.: 737.724ms, rate sampling interval: 2416ms
  Thread calibration: mean lat.: 871.945ms, rate sampling interval: 3246ms
  Thread calibration: mean lat.: 826.081ms, rate sampling interval: 3354ms

-----------------------------------------------------------------------
Test Results @ http://10.104.225.39/?loopCount=25&base=6&exp=6 
  Thread Stats   Avg      Stdev     99%   +/- Stdev
    Latency     6.59s     2.73s   11.52s    60.90%
    Req/Sec    11.81      1.18    14.00     92.21%
  Latency Distribution (HdrHistogram - Recorded Latency)
 50.000%    6.46s 
 75.000%    8.77s 
 90.000%   10.35s 
 99.000%   11.52s 
 99.900%   11.98s 
 99.990%   12.01s 
 99.999%   12.01s 
100.000%   12.01s 

  Detailed Percentile spectrum:
       Value   Percentile   TotalCount 1/(1-Percentile)

    1311.743     0.000000            1         1.00
    2881.535     0.100000          307         1.11
    3842.047     0.200000          613         1.25
    4792.319     0.300000          922         1.43
    5681.151     0.400000         1226         1.67
    6455.295     0.500000         1534         2.00
    7073.791     0.550000         1686         2.22
    7618.559     0.600000         1839         2.50
    7909.375     0.650000         1992         2.86
    8413.183     0.700000         2147         3.33
    8773.631     0.750000         2303         4.00
    8871.935     0.775000         2376         4.44
    9134.079     0.800000         2453         5.00
    9601.023     0.825000         2529         5.71
    9863.167     0.850000         2605         6.67
   10141.695     0.875000         2690         8.00
   10190.847     0.887500         2720         8.89
   10354.687     0.900000         2758        10.00
   10625.023     0.912500         2796        11.43
   10731.519     0.925000         2836        13.33
   10870.783     0.937500         2873        16.00
   10969.087     0.943750         2893        17.78
   11042.815     0.950000         2911        20.00
   11116.543     0.956250         2930        22.86
   11182.079     0.962500         2956        26.67
   11223.039     0.968750         2970        32.00
   11239.423     0.971875         2979        35.56
   11263.999     0.975000         2988        40.00
   11296.767     0.978125         2998        45.71
   11386.879     0.981250         3007        53.33
   11427.839     0.984375         3017        64.00
   11444.223     0.985938         3021        71.11
   11485.183     0.987500         3027        80.00
   11509.759     0.989062         3032        91.43
   11526.143     0.990625         3037       106.67
   11550.719     0.992188         3042       128.00
   11558.911     0.992969         3043       142.22
   11616.255     0.993750         3045       160.00
   11681.791     0.994531         3049       182.86
   11706.367     0.995313         3051       213.33
   11804.671     0.996094         3053       256.00
   11870.207     0.996484         3055       284.44
   11870.207     0.996875         3055       320.00
   11878.399     0.997266         3056       365.71
   11902.975     0.997656         3057       426.67
   11943.935     0.998047         3059       512.00
   11943.935     0.998242         3059       568.89
   11960.319     0.998437         3060       640.00
   11960.319     0.998633         3060       731.43
   11976.703     0.998828         3061       853.33
   11984.895     0.999023         3063      1024.00
   11984.895     0.999121         3063      1137.78
   11984.895     0.999219         3063      1280.00
   11984.895     0.999316         3063      1462.86
   11984.895     0.999414         3063      1706.67
   11984.895     0.999512         3063      2048.00
   11984.895     0.999561         3063      2275.56
   11984.895     0.999609         3063      2560.00
   11984.895     0.999658         3063      2925.71
   12009.471     0.999707         3064      3413.33
   12009.471     1.000000         3064          inf
#[Mean    =     6585.820, StdDeviation   =     2730.483]
#[Max     =    12001.280, Total count    =         3064]
#[Buckets =           27, SubBuckets     =         2048]
-----------------------------------------------------------------------
  3679 requests in 1.00m, 1.10MB read
Requests/sec:     61.31  
Transfer/sec:     18.69KB
