Running 1m test @ http://10.96.158.146/?loopCount=25&base=6&exp=6
  1 threads and 1 connections

  Thread calibration: mean lat.: 2664.159ms, rate sampling interval: 11051ms

-----------------------------------------------------------------------
Test Results @ http://10.96.158.146/?loopCount=25&base=6&exp=6 
  Thread Stats   Avg      Stdev     99%   +/- Stdev
    Latency    23.78s    10.34s   41.71s    57.89%
    Req/Sec     6.75      0.43     7.00    100.00%
  Latency Distribution (HdrHistogram - Recorded Latency)
 50.000%   23.25s 
 75.000%   32.54s 
 90.000%   38.50s 
 99.000%   41.71s 
 99.900%   41.94s 
 99.990%   41.94s 
 99.999%   41.94s 
100.000%   41.94s 

  Detailed Percentile spectrum:
       Value   Percentile   TotalCount 1/(1-Percentile)

    6545.407     0.000000            1         1.00
    9953.279     0.100000           37         1.11
   13156.351     0.200000           73         1.25
   16711.679     0.300000          109         1.43
   19890.175     0.400000          145         1.67
   23248.895     0.500000          181         2.00
   24936.447     0.550000          199         2.22
   27099.135     0.600000          217         2.50
   29196.287     0.650000          235         2.86
   31162.367     0.700000          253         3.33
   32538.623     0.750000          271         4.00
   33374.207     0.775000          280         4.44
   34340.863     0.800000          289         5.00
   35356.671     0.825000          298         5.71
   36306.943     0.850000          307         6.67
   37158.911     0.875000          316         8.00
   37847.039     0.887500          321         8.89
   38502.399     0.900000          325        10.00
   39092.223     0.912500          330        11.43
   39747.583     0.925000          334        13.33
   40239.103     0.937500          339        16.00
   40304.639     0.943750          341        17.78
   40468.479     0.950000          343        20.00
   40828.927     0.956250          346        22.86
   40992.767     0.962500          348        26.67
   41222.143     0.968750          350        32.00
   41254.911     0.971875          351        35.56
   41320.447     0.975000          352        40.00
   41517.055     0.978125          354        45.71
   41582.591     0.981250          355        53.33
   41648.127     0.984375          356        64.00
   41648.127     0.985938          356        71.11
   41713.663     0.987500          357        80.00
   41779.199     0.989062          358        91.43
   41779.199     0.990625          358       106.67
   41844.735     0.992188          359       128.00
   41844.735     0.992969          359       142.22
   41844.735     0.993750          359       160.00
   41910.271     0.994531          360       182.86
   41910.271     0.995313          360       213.33
   41910.271     0.996094          360       256.00
   41910.271     0.996484          360       284.44
   41910.271     0.996875          360       320.00
   41943.039     0.997266          361       365.71
   41943.039     1.000000          361          inf
#[Mean    =    23779.311, StdDeviation   =    10339.824]
#[Max     =    41910.272, Total count    =          361]
#[Buckets =           27, SubBuckets     =         2048]
-----------------------------------------------------------------------
  448 requests in 1.00m, 136.84KB read
Requests/sec:      7.47  
Transfer/sec:      2.28KB
