Running 1m test @ http://10.96.164.126/?loopCount=25&base=6&exp=6
  5 threads and 5 connections

  Thread calibration: mean lat.: 820.906ms, rate sampling interval: 2856ms
  Thread calibration: mean lat.: 995.299ms, rate sampling interval: 3717ms
  Thread calibration: mean lat.: 837.197ms, rate sampling interval: 3108ms
  Thread calibration: mean lat.: 789.379ms, rate sampling interval: 3160ms
  Thread calibration: mean lat.: 642.952ms, rate sampling interval: 2709ms

-----------------------------------------------------------------------
Test Results @ http://10.96.164.126/?loopCount=25&base=6&exp=6 
  Thread Stats   Avg      Stdev     99%   +/- Stdev
    Latency     5.50s     2.46s   10.53s    58.05%
    Req/Sec    12.00      1.11    14.00    100.00%
  Latency Distribution (HdrHistogram - Recorded Latency)
 50.000%    5.30s 
 75.000%    7.49s 
 90.000%    9.02s 
 99.000%   10.53s 
 99.900%   11.13s 
 99.990%   11.17s 
 99.999%   11.17s 
100.000%   11.17s 

  Detailed Percentile spectrum:
       Value   Percentile   TotalCount 1/(1-Percentile)

    1486.847     0.000000            1         1.00
    2244.607     0.100000          315         1.11
    3026.943     0.200000          625         1.25
    3790.847     0.300000          938         1.43
    4464.639     0.400000         1250         1.67
    5300.223     0.500000         1563         2.00
    5726.207     0.550000         1720         2.22
    6123.519     0.600000         1876         2.50
    6549.503     0.650000         2035         2.86
    7024.639     0.700000         2188         3.33
    7491.583     0.750000         2344         4.00
    7852.031     0.775000         2423         4.44
    8146.943     0.800000         2501         5.00
    8294.399     0.825000         2584         5.71
    8503.295     0.850000         2657         6.67
    8708.095     0.875000         2737         8.00
    8863.743     0.887500         2775         8.89
    9019.391     0.900000         2814        10.00
    9142.271     0.912500         2853        11.43
    9314.303     0.925000         2891        13.33
    9461.759     0.937500         2938        16.00
    9502.719     0.943750         2951        17.78
    9682.943     0.950000         2970        20.00
    9723.903     0.956250         2989        22.86
    9789.439     0.962500         3009        26.67
    9936.895     0.968750         3030        32.00
    9961.471     0.971875         3038        35.56
   10002.431     0.975000         3047        40.00
   10043.391     0.978125         3057        45.71
   10174.463     0.981250         3067        53.33
   10264.575     0.984375         3079        64.00
   10289.151     0.985938         3082        71.11
   10395.647     0.987500         3086        80.00
   10518.527     0.989062         3092        91.43
   10534.911     0.990625         3096       106.67
   10592.255     0.992188         3101       128.00
   10641.407     0.992969         3104       142.22
   10715.135     0.993750         3106       160.00
   10903.551     0.994531         3108       182.86
   10952.703     0.995313         3111       213.33
   10985.471     0.996094         3113       256.00
   11026.431     0.996484         3117       284.44
   11026.431     0.996875         3117       320.00
   11026.431     0.997266         3117       365.71
   11042.815     0.997656         3118       426.67
   11051.007     0.998047         3119       512.00
   11083.775     0.998242         3120       568.89
   11100.159     0.998437         3121       640.00
   11100.159     0.998633         3121       731.43
   11132.927     0.998828         3122       853.33
   11132.927     0.999023         3122      1024.00
   11141.119     0.999121         3123      1137.78
   11141.119     0.999219         3123      1280.00
   11141.119     0.999316         3123      1462.86
   11149.311     0.999414         3124      1706.67
   11149.311     0.999512         3124      2048.00
   11149.311     0.999561         3124      2275.56
   11149.311     0.999609         3124      2560.00
   11149.311     0.999658         3124      2925.71
   11173.887     0.999707         3125      3413.33
   11173.887     1.000000         3125          inf
#[Mean    =     5497.995, StdDeviation   =     2462.854]
#[Max     =    11165.696, Total count    =         3125]
#[Buckets =           27, SubBuckets     =         2048]
-----------------------------------------------------------------------
  3744 requests in 1.00m, 1.11MB read
Requests/sec:     62.39  
Transfer/sec:     19.02KB
