Running 1m test @ http://10.97.218.196/?loopCount=25&base=6&exp=6
  1 threads and 1 connections

  Thread calibration: mean lat.: 769.094ms, rate sampling interval: 2777ms

-----------------------------------------------------------------------
Test Results @ http://10.97.218.196/?loopCount=25&base=6&exp=6 
  Thread Stats   Avg      Stdev     99%   +/- Stdev
    Latency     4.93s     1.82s    7.95s    57.55%
    Req/Sec    21.11      0.99    23.00    100.00%
  Latency Distribution (HdrHistogram - Recorded Latency)
 50.000%    4.66s 
 75.000%    6.65s 
 90.000%    7.46s 
 99.000%    7.95s 
 99.900%    8.04s 
 99.990%    8.09s 
 99.999%    8.09s 
100.000%    8.09s 

  Detailed Percentile spectrum:
       Value   Percentile   TotalCount 1/(1-Percentile)

    1599.487     0.000000            1         1.00
    2394.111     0.100000          111         1.11
    3192.831     0.200000          219         1.25
    3909.631     0.300000          326         1.43
    4325.375     0.400000          436         1.67
    4657.151     0.500000          547         2.00
    5058.559     0.550000          598         2.22
    5476.351     0.600000          653         2.50
    5935.103     0.650000          707         2.86
    6193.151     0.700000          764         3.33
    6647.807     0.750000          815         4.00
    6762.495     0.775000          843         4.44
    6963.199     0.800000          870         5.00
    7012.351     0.825000          896         5.71
    7262.207     0.850000          927         6.67
    7290.879     0.875000          951         8.00
    7434.239     0.887500          969         8.89
    7458.815     0.900000          979        10.00
    7495.679     0.912500          992        11.43
    7540.735     0.925000         1009        13.33
    7598.079     0.937500         1019        16.00
    7643.135     0.943750         1026        17.78
    7692.287     0.950000         1035        20.00
    7782.399     0.956250         1039        22.86
    7880.703     0.962500         1047        26.67
    7897.087     0.968750         1054        32.00
    7913.471     0.971875         1057        35.56
    7917.567     0.975000         1063        40.00
    7917.567     0.978125         1063        45.71
    7921.663     0.981250         1069        53.33
    7933.951     0.984375         1073        64.00
    7933.951     0.985938         1073        71.11
    7933.951     0.987500         1073        80.00
    7950.335     0.989062         1075        91.43
    7979.007     0.990625         1077       106.67
    8015.871     0.992188         1080       128.00
    8015.871     0.992969         1080       142.22
    8015.871     0.993750         1080       160.00
    8019.967     0.994531         1084       182.86
    8019.967     0.995313         1084       213.33
    8019.967     0.996094         1084       256.00
    8019.967     0.996484         1084       284.44
    8019.967     0.996875         1084       320.00
    8019.967     0.997266         1084       365.71
    8019.967     0.997656         1084       426.67
    8019.967     0.998047         1084       512.00
    8036.351     0.998242         1085       568.89
    8036.351     0.998437         1085       640.00
    8036.351     0.998633         1085       731.43
    8036.351     0.998828         1085       853.33
    8036.351     0.999023         1085      1024.00
    8085.503     0.999121         1086      1137.78
    8085.503     1.000000         1086          inf
#[Mean    =     4931.490, StdDeviation   =     1818.143]
#[Max     =     8081.408, Total count    =         1086]
#[Buckets =           27, SubBuckets     =         2048]
-----------------------------------------------------------------------
  1297 requests in 1.00m, 395.18KB read
Requests/sec:     21.61  
Transfer/sec:      6.59KB
