Running 1m test @ http://10.96.158.146/?loopCount=25&base=6&exp=6
  5 threads and 5 connections

  Thread calibration: mean lat.: 1872.009ms, rate sampling interval: 6737ms
  Thread calibration: mean lat.: 1688.712ms, rate sampling interval: 6320ms
  Thread calibration: mean lat.: 1931.342ms, rate sampling interval: 7245ms
  Thread calibration: mean lat.: 1624.605ms, rate sampling interval: 6017ms
  Thread calibration: mean lat.: 1832.531ms, rate sampling interval: 5971ms

-----------------------------------------------------------------------
Test Results @ http://10.96.158.146/?loopCount=25&base=6&exp=6 
  Thread Stats   Avg      Stdev     99%   +/- Stdev
    Latency    12.96s     5.41s   22.64s    58.27%
    Req/Sec     8.89      0.74    10.00     97.22%
  Latency Distribution (HdrHistogram - Recorded Latency)
 50.000%   12.86s 
 75.000%   17.65s 
 90.000%   20.41s 
 99.000%   22.64s 
 99.900%   23.00s 
 99.990%   23.02s 
 99.999%   23.02s 
100.000%   23.02s 

  Detailed Percentile spectrum:
       Value   Percentile   TotalCount 1/(1-Percentile)

    3450.879     0.000000            1         1.00
    5410.815     0.100000          235         1.11
    7462.911     0.200000          470         1.25
    9150.463     0.300000          704         1.43
   11075.583     0.400000          941         1.67
   12861.439     0.500000         1173         2.00
   13746.175     0.550000         1291         2.22
   14688.255     0.600000         1408         2.50
   15589.375     0.650000         1526         2.86
   16613.375     0.700000         1643         3.33
   17645.567     0.750000         1760         4.00
   18104.319     0.775000         1821         4.44
   18661.375     0.800000         1880         5.00
   19054.591     0.825000         1938         5.71
   19529.727     0.850000         1996         6.67
   20004.863     0.875000         2055         8.00
   20217.855     0.887500         2086         8.89
   20414.463     0.900000         2112        10.00
   20758.527     0.912500         2142        11.43
   20971.519     0.925000         2172        13.33
   21151.743     0.937500         2201        16.00
   21250.047     0.943750         2215        17.78
   21397.503     0.950000         2230        20.00
   21577.727     0.956250         2245        22.86
   21807.103     0.962500         2259        26.67
   21987.327     0.968750         2273        32.00
   22036.479     0.971875         2281        35.56
   22134.783     0.975000         2289        40.00
   22249.471     0.978125         2296        45.71
   22282.239     0.981250         2303        53.33
   22347.775     0.984375         2310        64.00
   22413.311     0.985938         2314        71.11
   22495.231     0.987500         2317        80.00
   22609.919     0.989062         2321        91.43
   22691.839     0.990625         2326       106.67
   22757.375     0.992188         2328       128.00
   22790.143     0.992969         2330       142.22
   22822.911     0.993750         2332       160.00
   22872.063     0.994531         2334       182.86
   22904.831     0.995313         2336       213.33
   22921.215     0.996094         2337       256.00
   22953.983     0.996484         2339       284.44
   22953.983     0.996875         2339       320.00
   22970.367     0.997266         2342       365.71
   22970.367     0.997656         2342       426.67
   22970.367     0.998047         2342       512.00
   22970.367     0.998242         2342       568.89
   22986.751     0.998437         2343       640.00
   22986.751     0.998633         2343       731.43
   23003.135     0.998828         2344       853.33
   23003.135     0.999023         2344      1024.00
   23003.135     0.999121         2344      1137.78
   23019.519     0.999219         2346      1280.00
   23019.519     1.000000         2346          inf
#[Mean    =    12958.406, StdDeviation   =     5410.594]
#[Max     =    23003.136, Total count    =         2346]
#[Buckets =           27, SubBuckets     =         2048]
-----------------------------------------------------------------------
  2823 requests in 1.00m, 861.44KB read
Requests/sec:     47.05  
Transfer/sec:     14.36KB
