Running 1m test @ http://10.97.218.196/?loopCount=25&base=6&exp=6
  5 threads and 5 connections

  Thread calibration: mean lat.: 92.897ms, rate sampling interval: 420ms
  Thread calibration: mean lat.: 177.186ms, rate sampling interval: 828ms
  Thread calibration: mean lat.: 233.221ms, rate sampling interval: 1020ms
  Thread calibration: mean lat.: 136.725ms, rate sampling interval: 568ms
  Thread calibration: mean lat.: 185.097ms, rate sampling interval: 670ms

-----------------------------------------------------------------------
Test Results @ http://10.97.218.196/?loopCount=25&base=6&exp=6 
  Thread Stats   Avg      Stdev     99%   +/- Stdev
    Latency   113.64ms   84.24ms 415.23ms   82.61%
    Req/Sec     9.41      1.54    14.00     91.28%
  Latency Distribution (HdrHistogram - Recorded Latency)
 50.000%   92.48ms
 75.000%  131.84ms
 90.000%  224.64ms
 99.000%  415.23ms
 99.900%  529.41ms
 99.990%  624.13ms
 99.999%  624.13ms
100.000%  624.13ms

  Detailed Percentile spectrum:
       Value   Percentile   TotalCount 1/(1-Percentile)

      21.567     0.000000            1         1.00
      40.767     0.100000          263         1.11
      41.439     0.200000          504         1.25
      47.199     0.300000          753         1.43
      70.911     0.400000         1004         1.67
      92.479     0.500000         1254         2.00
     111.167     0.550000         1379         2.22
     116.927     0.600000         1505         2.50
     118.847     0.650000         1631         2.86
     123.519     0.700000         1755         3.33
     131.967     0.750000         1883         4.00
     139.903     0.775000         1943         4.44
     161.535     0.800000         2006         5.00
     185.215     0.825000         2069         5.71
     211.967     0.850000         2132         6.67
     218.367     0.875000         2194         8.00
     220.927     0.887500         2227         8.89
     224.639     0.900000         2257        10.00
     229.247     0.912500         2288        11.43
     237.311     0.925000         2320        13.33
     257.535     0.937500         2351        16.00
     282.367     0.943750         2366        17.78
     309.247     0.950000         2382        20.00
     312.831     0.956250         2398        22.86
     317.695     0.962500         2414        26.67
     323.583     0.968750         2429        32.00
     328.191     0.971875         2437        35.56
     332.031     0.975000         2445        40.00
     342.271     0.978125         2453        45.71
     366.847     0.981250         2461        53.33
     377.855     0.984375         2468        64.00
     384.767     0.985938         2472        71.11
     410.367     0.987500         2476        80.00
     414.719     0.989062         2480        91.43
     415.743     0.990625         2484       106.67
     419.071     0.992188         2488       128.00
     420.095     0.992969         2490       142.22
     422.399     0.993750         2492       160.00
     427.007     0.994531         2494       182.86
     430.079     0.995313         2496       213.33
     433.919     0.996094         2498       256.00
     434.431     0.996484         2499       284.44
     478.719     0.996875         2500       320.00
     517.631     0.997266         2501       365.71
     518.655     0.997656         2502       426.67
     520.191     0.998047         2503       512.00
     520.191     0.998242         2503       568.89
     529.407     0.998437         2504       640.00
     529.407     0.998633         2504       731.43
     577.023     0.998828         2505       853.33
     577.023     0.999023         2505      1024.00
     577.023     0.999121         2505      1137.78
     610.815     0.999219         2506      1280.00
     610.815     0.999316         2506      1462.86
     610.815     0.999414         2506      1706.67
     610.815     0.999512         2506      2048.00
     610.815     0.999561         2506      2275.56
     624.127     0.999609         2507      2560.00
     624.127     1.000000         2507          inf
#[Mean    =      113.638, StdDeviation   =       84.238]
#[Max     =      623.616, Total count    =         2507]
#[Buckets =           27, SubBuckets     =         2048]
-----------------------------------------------------------------------
  2994 requests in 1.00m, 0.89MB read
Requests/sec:     49.90  
Transfer/sec:     15.22KB
