Running 1m test @ http://10.100.185.202/?loopCount=25&base=6&exp=6
  5 threads and 5 connections

  Thread calibration: mean lat.: 207.726ms, rate sampling interval: 1145ms
  Thread calibration: mean lat.: 471.830ms, rate sampling interval: 1319ms
  Thread calibration: mean lat.: 641.609ms, rate sampling interval: 2385ms
  Thread calibration: mean lat.: 856.391ms, rate sampling interval: 2596ms
  Thread calibration: mean lat.: 704.489ms, rate sampling interval: 2129ms

-----------------------------------------------------------------------
Test Results @ http://10.100.185.202/?loopCount=25&base=6&exp=6 
  Thread Stats   Avg      Stdev     99%   +/- Stdev
    Latency     2.43s     1.00s    4.26s    55.81%
    Req/Sec    13.71      2.08    19.00     83.10%
  Latency Distribution (HdrHistogram - Recorded Latency)
 50.000%    2.42s 
 75.000%    3.25s 
 90.000%    3.86s 
 99.000%    4.26s 
 99.900%    4.44s 
 99.990%    4.51s 
 99.999%    4.51s 
100.000%    4.51s 

  Detailed Percentile spectrum:
       Value   Percentile   TotalCount 1/(1-Percentile)

     610.815     0.000000            1         1.00
    1136.639     0.100000          357         1.11
    1376.255     0.200000          714         1.25
    1667.071     0.300000         1070         1.43
    2076.671     0.400000         1425         1.67
    2422.783     0.500000         1784         2.00
    2523.135     0.550000         1960         2.22
    2756.607     0.600000         2138         2.50
    2920.447     0.650000         2317         2.86
    3016.703     0.700000         2494         3.33
    3250.175     0.750000         2672         4.00
    3395.583     0.775000         2762         4.44
    3530.751     0.800000         2851         5.00
    3639.295     0.825000         2939         5.71
    3717.119     0.850000         3030         6.67
    3792.895     0.875000         3119         8.00
    3825.663     0.887500         3164         8.89
    3860.479     0.900000         3206        10.00
    3897.343     0.912500         3251        11.43
    3934.207     0.925000         3296        13.33
    3973.119     0.937500         3341        16.00
    3991.551     0.943750         3362        17.78
    4014.079     0.950000         3385        20.00
    4040.703     0.956250         3407        22.86
    4079.615     0.962500         3429        26.67
    4126.719     0.968750         3452        32.00
    4153.343     0.971875         3464        35.56
    4173.823     0.975000         3473        40.00
    4194.303     0.978125         3486        45.71
    4206.591     0.981250         3497        53.33
    4227.071     0.984375         3511        64.00
    4231.167     0.985938         3513        71.11
    4243.455     0.987500         3518        80.00
    4255.743     0.989062         3525        91.43
    4263.935     0.990625         3533       106.67
    4276.223     0.992188         3535       128.00
    4280.319     0.992969         3538       142.22
    4292.607     0.993750         3542       160.00
    4300.799     0.994531         3544       182.86
    4308.991     0.995313         3547       213.33
    4329.471     0.996094         3549       256.00
    4333.567     0.996484         3550       284.44
    4362.239     0.996875         3551       320.00
    4390.911     0.997266         3554       365.71
    4390.911     0.997656         3554       426.67
    4415.487     0.998047         3556       512.00
    4415.487     0.998242         3556       568.89
    4435.967     0.998437         3557       640.00
    4440.063     0.998633         3558       731.43
    4440.063     0.998828         3558       853.33
    4460.543     0.999023         3559      1024.00
    4460.543     0.999121         3559      1137.78
    4476.927     0.999219         3560      1280.00
    4476.927     0.999316         3560      1462.86
    4476.927     0.999414         3560      1706.67
    4485.119     0.999512         3561      2048.00
    4485.119     0.999561         3561      2275.56
    4485.119     0.999609         3561      2560.00
    4485.119     0.999658         3561      2925.71
    4485.119     0.999707         3561      3413.33
    4509.695     0.999756         3562      4096.00
    4509.695     1.000000         3562          inf
#[Mean    =     2432.408, StdDeviation   =     1004.481]
#[Max     =     4505.600, Total count    =         3562]
#[Buckets =           27, SubBuckets     =         2048]
-----------------------------------------------------------------------
  4234 requests in 1.00m, 1.26MB read
Requests/sec:     70.56  
Transfer/sec:     21.51KB
