Running 1m test @ http://10.109.115.86/?loopCount=25&base=6&exp=6
  5 threads and 5 connections

  Thread calibration: mean lat.: 740.383ms, rate sampling interval: 2443ms
  Thread calibration: mean lat.: 508.865ms, rate sampling interval: 1766ms
  Thread calibration: mean lat.: 382.930ms, rate sampling interval: 1360ms
  Thread calibration: mean lat.: 814.635ms, rate sampling interval: 3035ms
  Thread calibration: mean lat.: 280.664ms, rate sampling interval: 1414ms

-----------------------------------------------------------------------
Test Results @ http://10.109.115.86/?loopCount=25&base=6&exp=6 
  Thread Stats   Avg      Stdev     99%   +/- Stdev
    Latency     3.15s     1.71s    8.95s    77.86%
    Req/Sec     8.75      1.20    13.00     93.33%
  Latency Distribution (HdrHistogram - Recorded Latency)
 50.000%    2.61s 
 75.000%    4.07s 
 90.000%    5.22s 
 99.000%    8.95s 
 99.900%    9.18s 
 99.990%    9.22s 
 99.999%    9.22s 
100.000%    9.22s 

  Detailed Percentile spectrum:
       Value   Percentile   TotalCount 1/(1-Percentile)

     527.359     0.000000            1         1.00
    1466.367     0.100000          229         1.11
    1683.455     0.200000          457         1.25
    2096.127     0.300000          686         1.43
    2367.487     0.400000          915         1.67
    2613.247     0.500000         1146         2.00
    2809.855     0.550000         1259         2.22
    3108.863     0.600000         1373         2.50
    3379.199     0.650000         1487         2.86
    3758.079     0.700000         1600         3.33
    4073.471     0.750000         1714         4.00
    4179.967     0.775000         1774         4.44
    4263.935     0.800000         1833         5.00
    4407.295     0.825000         1886         5.71
    4710.399     0.850000         1944         6.67
    4952.063     0.875000         2001         8.00
    5054.463     0.887500         2028         8.89
    5218.303     0.900000         2057        10.00
    5361.663     0.912500         2086        11.43
    5705.727     0.925000         2114        13.33
    6422.527     0.937500         2143        16.00
    6709.247     0.943750         2157        17.78
    7061.503     0.950000         2171        20.00
    7327.743     0.956250         2186        22.86
    7618.559     0.962500         2200        26.67
    7815.167     0.968750         2214        32.00
    7852.031     0.971875         2221        35.56
    8114.175     0.975000         2228        40.00
    8519.679     0.978125         2236        45.71
    8617.983     0.981250         2243        53.33
    8732.671     0.984375         2250        64.00
    8839.167     0.985938         2253        71.11
    8912.895     0.987500         2257        80.00
    8929.279     0.989062         2261        91.43
    8953.855     0.990625         2264       106.67
    8986.623     0.992188         2268       128.00
    9011.199     0.992969         2269       142.22
    9035.775     0.993750         2271       160.00
    9076.735     0.994531         2273       182.86
    9093.119     0.995313         2275       213.33
    9109.503     0.996094         2277       256.00
    9109.503     0.996484         2277       284.44
    9117.695     0.996875         2278       320.00
    9142.271     0.997266         2279       365.71
    9150.463     0.997656         2281       426.67
    9150.463     0.998047         2281       512.00
    9150.463     0.998242         2281       568.89
    9183.231     0.998437         2283       640.00
    9183.231     0.998633         2283       731.43
    9183.231     0.998828         2283       853.33
    9183.231     0.999023         2283      1024.00
    9183.231     0.999121         2283      1137.78
    9207.807     0.999219         2284      1280.00
    9207.807     0.999316         2284      1462.86
    9207.807     0.999414         2284      1706.67
    9207.807     0.999512         2284      2048.00
    9207.807     0.999561         2284      2275.56
    9215.999     0.999609         2285      2560.00
    9215.999     1.000000         2285          inf
#[Mean    =     3146.216, StdDeviation   =     1714.156]
#[Max     =     9207.808, Total count    =         2285]
#[Buckets =           27, SubBuckets     =         2048]
-----------------------------------------------------------------------
  2731 requests in 1.00m, 833.47KB read
Requests/sec:     45.51  
Transfer/sec:     13.89KB
