Running 1m test @ http://10.104.199.0/?loopCount=25&base=6&exp=6
  5 threads and 5 connections

  Thread calibration: mean lat.: 133.467ms, rate sampling interval: 507ms
  Thread calibration: mean lat.: 112.476ms, rate sampling interval: 470ms
  Thread calibration: mean lat.: 228.183ms, rate sampling interval: 1008ms
  Thread calibration: mean lat.: 132.570ms, rate sampling interval: 547ms
  Thread calibration: mean lat.: 261.696ms, rate sampling interval: 1052ms

-----------------------------------------------------------------------
Test Results @ http://10.104.199.0/?loopCount=25&base=6&exp=6 
  Thread Stats   Avg      Stdev     99%   +/- Stdev
    Latency   244.93ms  206.28ms 885.25ms   83.40%
    Req/Sec     9.36      2.66    18.00     87.21%
  Latency Distribution (HdrHistogram - Recorded Latency)
 50.000%  181.50ms
 75.000%  348.42ms
 90.000%  538.62ms
 99.000%  885.25ms
 99.900%  966.66ms
 99.990%    1.03s 
 99.999%    1.03s 
100.000%    1.03s 

  Detailed Percentile spectrum:
       Value   Percentile   TotalCount 1/(1-Percentile)

      23.439     0.000000            1         1.00
      40.863     0.100000          265         1.11
      42.399     0.200000          502         1.25
      92.991     0.300000          752         1.43
     137.471     0.400000         1003         1.67
     181.503     0.500000         1253         2.00
     227.711     0.550000         1379         2.22
     239.871     0.600000         1505         2.50
     269.823     0.650000         1631         2.86
     327.167     0.700000         1755         3.33
     348.415     0.750000         1882         4.00
     377.599     0.775000         1943         4.44
     425.215     0.800000         2007         5.00
     435.711     0.825000         2068         5.71
     465.407     0.850000         2131         6.67
     510.975     0.875000         2193         8.00
     531.455     0.887500         2226         8.89
     539.135     0.900000         2257        10.00
     550.911     0.912500         2288        11.43
     582.655     0.925000         2319        13.33
     632.831     0.937500         2351        16.00
     636.927     0.943750         2366        17.78
     647.679     0.950000         2381        20.00
     678.911     0.956250         2398        22.86
     730.623     0.962500         2413        26.67
     748.543     0.968750         2428        32.00
     768.511     0.971875         2436        35.56
     773.631     0.975000         2444        40.00
     825.343     0.978125         2452        45.71
     831.487     0.981250         2460        53.33
     836.095     0.984375         2467        64.00
     844.799     0.985938         2471        71.11
     868.351     0.987500         2475        80.00
     884.223     0.989062         2480        91.43
     887.295     0.990625         2483       106.67
     925.695     0.992188         2489       128.00
     925.695     0.992969         2489       142.22
     928.255     0.993750         2491       160.00
     936.447     0.994531         2493       182.86
     942.591     0.995313         2495       213.33
     944.639     0.996094         2497       256.00
     946.175     0.996484         2498       284.44
     947.199     0.996875         2499       320.00
     949.247     0.997266         2500       365.71
     950.271     0.997656         2501       426.67
     952.319     0.998047         2502       512.00
     952.319     0.998242         2502       568.89
     966.655     0.998437         2503       640.00
     966.655     0.998633         2503       731.43
     972.287     0.998828         2504       853.33
     972.287     0.999023         2504      1024.00
     972.287     0.999121         2504      1137.78
    1025.535     0.999219         2505      1280.00
    1025.535     0.999316         2505      1462.86
    1025.535     0.999414         2505      1706.67
    1025.535     0.999512         2505      2048.00
    1025.535     0.999561         2505      2275.56
    1032.191     0.999609         2506      2560.00
    1032.191     1.000000         2506          inf
#[Mean    =      244.927, StdDeviation   =      206.285]
#[Max     =     1031.680, Total count    =         2506]
#[Buckets =           27, SubBuckets     =         2048]
-----------------------------------------------------------------------
  2982 requests in 1.00m, 0.89MB read
Requests/sec:     49.69  
Transfer/sec:     15.16KB
