Running 1m test @ http://10.107.164.151/?loopCount=25&base=6&exp=6
  1 threads and 1 connections

  Thread calibration: mean lat.: 2702.303ms, rate sampling interval: 11345ms

-----------------------------------------------------------------------
Test Results @ http://10.107.164.151/?loopCount=25&base=6&exp=6 
  Thread Stats   Avg      Stdev     99%   +/- Stdev
    Latency    23.49s     9.85s   40.08s    58.52%
    Req/Sec     7.25      0.43     8.00    100.00%
  Latency Distribution (HdrHistogram - Recorded Latency)
 50.000%   23.51s 
 75.000%   31.88s 
 90.000%   37.26s 
 99.000%   40.08s 
 99.900%   40.67s 
 99.990%   40.67s 
 99.999%   40.67s 
100.000%   40.67s 

  Detailed Percentile spectrum:
       Value   Percentile   TotalCount 1/(1-Percentile)

    6463.487     0.000000            1         1.00
    9789.439     0.100000           40         1.11
   13524.991     0.200000           79         1.25
   16760.831     0.300000          118         1.43
   19988.479     0.400000          158         1.67
   23511.039     0.500000          197         2.00
   25018.367     0.550000          217         2.22
   26673.151     0.600000          236         2.50
   28262.399     0.650000          256         2.86
   29884.415     0.700000          276         3.33
   31883.263     0.750000          295         4.00
   33013.759     0.775000          305         4.44
   34013.183     0.800000          315         5.00
   35028.991     0.825000          325         5.71
   35717.119     0.850000          335         6.67
   36339.711     0.875000          344         8.00
   36765.695     0.887500          349         8.89
   37257.215     0.900000          354        10.00
   37683.199     0.912500          359        11.43
   38141.951     0.925000          364        13.33
   38469.631     0.937500          369        16.00
   38666.239     0.943750          371        17.78
   38961.151     0.950000          374        20.00
   39059.455     0.956250          376        22.86
   39354.367     0.962500          379        26.67
   39485.439     0.968750          381        32.00
   39550.975     0.971875          382        35.56
   39682.047     0.975000          384        40.00
   39714.815     0.978125          385        45.71
   39780.351     0.981250          386        53.33
   39944.191     0.984375          387        64.00
   40042.495     0.985938          388        71.11
   40075.263     0.987500          389        80.00
   40075.263     0.989062          389        91.43
   40304.639     0.990625          390       106.67
   40304.639     0.992188          390       128.00
   40370.175     0.992969          391       142.22
   40370.175     0.993750          391       160.00
   40370.175     0.994531          391       182.86
   40534.015     0.995313          392       213.33
   40534.015     0.996094          392       256.00
   40534.015     0.996484          392       284.44
   40534.015     0.996875          392       320.00
   40534.015     0.997266          392       365.71
   40665.087     0.997656          393       426.67
   40665.087     1.000000          393          inf
#[Mean    =    23485.474, StdDeviation   =     9847.705]
#[Max     =    40632.320, Total count    =          393]
#[Buckets =           27, SubBuckets     =         2048]
-----------------------------------------------------------------------
  482 requests in 1.00m, 147.18KB read
Requests/sec:      8.03  
Transfer/sec:      2.45KB
