Running 1m test @ http://10.108.208.72/?loopCount=25&base=6&exp=6
  1 threads and 1 connections

  Thread calibration: mean lat.: 112.562ms, rate sampling interval: 317ms

-----------------------------------------------------------------------
Test Results @ http://10.108.208.72/?loopCount=25&base=6&exp=6 
  Thread Stats   Avg      Stdev     99%   +/- Stdev
    Latency   464.31ms  175.81ms 737.28ms   55.10%
    Req/Sec    24.52      1.20    25.00     81.53%
  Latency Distribution (HdrHistogram - Recorded Latency)
 50.000%  473.34ms
 75.000%  616.45ms
 90.000%  683.52ms
 99.000%  737.28ms
 99.900%  743.42ms
 99.990%  744.96ms
 99.999%  744.96ms
100.000%  744.96ms

  Detailed Percentile spectrum:
       Value   Percentile   TotalCount 1/(1-Percentile)

     170.239     0.000000            2         1.00
     218.239     0.100000          124         1.11
     265.983     0.200000          248         1.25
     338.175     0.300000          371         1.43
     398.335     0.400000          496         1.67
     473.343     0.500000          618         2.00
     506.879     0.550000          680         2.22
     548.351     0.600000          742         2.50
     579.071     0.650000          804         2.86
     597.503     0.700000          867         3.33
     616.447     0.750000          927         4.00
     634.879     0.775000          958         4.44
     655.871     0.800000          990         5.00
     672.255     0.825000         1022         5.71
     676.351     0.850000         1054         6.67
     678.911     0.875000         1085         8.00
     679.935     0.887500         1097         8.89
     683.519     0.900000         1113        10.00
     691.199     0.912500         1128        11.43
     709.631     0.925000         1146        13.33
     718.335     0.937500         1159        16.00
     721.919     0.943750         1167        17.78
     726.015     0.950000         1181        20.00
     726.527     0.956250         1187        22.86
     727.039     0.962500         1192        26.67
     728.063     0.968750         1199        32.00
     728.575     0.971875         1202        35.56
     729.599     0.975000         1207        40.00
     730.623     0.978125         1212        45.71
     731.647     0.981250         1213        53.33
     733.183     0.984375         1217        64.00
     734.207     0.985938         1219        71.11
     735.231     0.987500         1222        80.00
     736.255     0.989062         1223        91.43
     737.279     0.990625         1225       106.67
     739.839     0.992188         1228       128.00
     739.839     0.992969         1228       142.22
     740.863     0.993750         1230       160.00
     740.863     0.994531         1230       182.86
     741.375     0.995313         1231       213.33
     741.887     0.996094         1232       256.00
     741.887     0.996484         1232       284.44
     742.911     0.996875         1234       320.00
     742.911     0.997266         1234       365.71
     742.911     0.997656         1234       426.67
     742.911     0.998047         1234       512.00
     742.911     0.998242         1234       568.89
     743.423     0.998437         1235       640.00
     743.423     0.998633         1235       731.43
     743.423     0.998828         1235       853.33
     743.423     0.999023         1235      1024.00
     743.423     0.999121         1235      1137.78
     744.959     0.999219         1236      1280.00
     744.959     1.000000         1236          inf
#[Mean    =      464.309, StdDeviation   =      175.806]
#[Max     =      744.448, Total count    =         1236]
#[Buckets =           27, SubBuckets     =         2048]
-----------------------------------------------------------------------
  1481 requests in 1.00m, 451.24KB read
Requests/sec:     24.68  
Transfer/sec:      7.52KB
