Running 1m test @ http://10.108.208.72/?loopCount=25&base=6&exp=6
  5 threads and 5 connections

  Thread calibration: mean lat.: 347.206ms, rate sampling interval: 899ms
  Thread calibration: mean lat.: 451.143ms, rate sampling interval: 1267ms
  Thread calibration: mean lat.: 160.190ms, rate sampling interval: 621ms
  Thread calibration: mean lat.: 123.969ms, rate sampling interval: 450ms
  Thread calibration: mean lat.: 212.252ms, rate sampling interval: 677ms

-----------------------------------------------------------------------
Test Results @ http://10.108.208.72/?loopCount=25&base=6&exp=6 
  Thread Stats   Avg      Stdev     99%   +/- Stdev
    Latency   437.54ms  557.33ms   2.22s    83.03%
    Req/Sec     9.53      1.63    13.00     92.18%
  Latency Distribution (HdrHistogram - Recorded Latency)
 50.000%  210.56ms
 75.000%  424.96ms
 90.000%    1.45s 
 99.000%    2.22s 
 99.900%    2.27s 
 99.990%    2.33s 
 99.999%    2.33s 
100.000%    2.33s 

  Detailed Percentile spectrum:
       Value   Percentile   TotalCount 1/(1-Percentile)

      26.783     0.000000            1         1.00
      56.799     0.100000          250         1.11
     115.775     0.200000          499         1.25
     127.743     0.300000          749         1.43
     141.823     0.400000         1000         1.67
     210.559     0.500000         1249         2.00
     223.487     0.550000         1373         2.22
     233.727     0.600000         1497         2.50
     252.799     0.650000         1621         2.86
     325.375     0.700000         1748         3.33
     424.959     0.750000         1871         4.00
     443.903     0.775000         1934         4.44
     614.911     0.800000         1995         5.00
     932.351     0.825000         2057         5.71
    1067.007     0.850000         2120         6.67
    1366.015     0.875000         2183         8.00
    1430.527     0.887500         2214         8.89
    1454.079     0.900000         2244        10.00
    1520.639     0.912500         2275        11.43
    1548.287     0.925000         2307        13.33
    1650.687     0.937500         2338        16.00
    1751.039     0.943750         2353        17.78
    1832.959     0.950000         2370        20.00
    1854.463     0.956250         2384        22.86
    1917.951     0.962500         2400        26.67
    1933.311     0.968750         2416        32.00
    1940.479     0.971875         2425        35.56
    1944.575     0.975000         2432        40.00
    2012.159     0.978125         2439        45.71
    2037.759     0.981250         2447        53.33
    2158.591     0.984375         2455        64.00
    2211.839     0.985938         2458        71.11
    2217.983     0.987500         2462        80.00
    2222.079     0.989062         2466        91.43
    2226.175     0.990625         2472       106.67
    2228.223     0.992188         2475       128.00
    2230.271     0.992969         2476       142.22
    2234.367     0.993750         2482       160.00
    2234.367     0.994531         2482       182.86
    2234.367     0.995313         2482       213.33
    2238.463     0.996094         2484       256.00
    2240.511     0.996484         2485       284.44
    2250.751     0.996875         2487       320.00
    2250.751     0.997266         2487       365.71
    2252.799     0.997656         2489       426.67
    2252.799     0.998047         2489       512.00
    2252.799     0.998242         2489       568.89
    2256.895     0.998437         2490       640.00
    2256.895     0.998633         2490       731.43
    2265.087     0.998828         2491       853.33
    2265.087     0.999023         2491      1024.00
    2265.087     0.999121         2491      1137.78
    2326.527     0.999219         2492      1280.00
    2326.527     0.999316         2492      1462.86
    2326.527     0.999414         2492      1706.67
    2326.527     0.999512         2492      2048.00
    2326.527     0.999561         2492      2275.56
    2332.671     0.999609         2493      2560.00
    2332.671     1.000000         2493          inf
#[Mean    =      437.535, StdDeviation   =      557.332]
#[Max     =     2330.624, Total count    =         2493]
#[Buckets =           27, SubBuckets     =         2048]
-----------------------------------------------------------------------
  2976 requests in 1.00m, 0.89MB read
Requests/sec:     49.60  
Transfer/sec:     15.13KB
