Running 1m test @ http://10.108.208.72/?loopCount=25&base=6&exp=6
  5 threads and 5 connections

  Thread calibration: mean lat.: 123.261ms, rate sampling interval: 348ms
  Thread calibration: mean lat.: 333.861ms, rate sampling interval: 1150ms
  Thread calibration: mean lat.: 152.844ms, rate sampling interval: 506ms
  Thread calibration: mean lat.: 291.190ms, rate sampling interval: 891ms
  Thread calibration: mean lat.: 306.762ms, rate sampling interval: 1278ms

-----------------------------------------------------------------------
Test Results @ http://10.108.208.72/?loopCount=25&base=6&exp=6 
  Thread Stats   Avg      Stdev     99%   +/- Stdev
    Latency   402.93ms  254.71ms   1.05s    64.29%
    Req/Sec     9.34      2.11    15.00     89.45%
  Latency Distribution (HdrHistogram - Recorded Latency)
 50.000%  356.86ms
 75.000%  570.88ms
 90.000%  744.96ms
 99.000%    1.05s 
 99.900%    1.13s 
 99.990%    1.15s 
 99.999%    1.15s 
100.000%    1.15s 

  Detailed Percentile spectrum:
       Value   Percentile   TotalCount 1/(1-Percentile)

      27.119     0.000000            1         1.00
     123.583     0.100000          250         1.11
     148.479     0.200000          500         1.25
     224.383     0.300000          751         1.43
     257.535     0.400000          998         1.67
     356.863     0.500000         1249         2.00
     432.895     0.550000         1375         2.22
     454.143     0.600000         1497         2.50
     521.471     0.650000         1622         2.86
     545.791     0.700000         1748         3.33
     571.391     0.750000         1872         4.00
     631.807     0.775000         1937         4.44
     641.023     0.800000         1998         5.00
     650.751     0.825000         2061         5.71
     664.063     0.850000         2122         6.67
     724.991     0.875000         2184         8.00
     735.231     0.887500         2215         8.89
     744.959     0.900000         2246        10.00
     753.151     0.912500         2277        11.43
     785.919     0.925000         2308        13.33
     846.335     0.937500         2340        16.00
     855.551     0.943750         2357        17.78
     861.183     0.950000         2371        20.00
     880.639     0.956250         2386        22.86
     939.519     0.962500         2403        26.67
     959.999     0.968750         2418        32.00
     970.239     0.971875         2425        35.56
    1022.975     0.975000         2433        40.00
    1029.119     0.978125         2441        45.71
    1036.287     0.981250         2449        53.33
    1040.895     0.984375         2457        64.00
    1041.919     0.985938         2461        71.11
    1043.455     0.987500         2465        80.00
    1046.527     0.989062         2469        91.43
    1048.575     0.990625         2473       106.67
    1052.671     0.992188         2477       128.00
    1053.695     0.992969         2478       142.22
    1054.719     0.993750         2480       160.00
    1055.743     0.994531         2483       182.86
    1056.767     0.995313         2485       213.33
    1069.055     0.996094         2486       256.00
    1071.103     0.996484         2487       284.44
    1083.391     0.996875         2488       320.00
    1087.487     0.997266         2489       365.71
    1120.255     0.997656         2490       426.67
    1124.351     0.998047         2491       512.00
    1124.351     0.998242         2491       568.89
    1125.375     0.998437         2492       640.00
    1125.375     0.998633         2492       731.43
    1130.495     0.998828         2493       853.33
    1130.495     0.999023         2493      1024.00
    1130.495     0.999121         2493      1137.78
    1142.783     0.999219         2494      1280.00
    1142.783     0.999316         2494      1462.86
    1142.783     0.999414         2494      1706.67
    1142.783     0.999512         2494      2048.00
    1142.783     0.999561         2494      2275.56
    1146.879     0.999609         2495      2560.00
    1146.879     1.000000         2495          inf
#[Mean    =      402.927, StdDeviation   =      254.711]
#[Max     =     1145.856, Total count    =         2495]
#[Buckets =           27, SubBuckets     =         2048]
-----------------------------------------------------------------------
  2978 requests in 1.00m, 0.89MB read
Requests/sec:     49.63  
Transfer/sec:     15.14KB
