Running 1m test @ http://10.97.218.196/?loopCount=25&base=6&exp=6
  5 threads and 5 connections

  Thread calibration: mean lat.: 1147.400ms, rate sampling interval: 3706ms
  Thread calibration: mean lat.: 396.324ms, rate sampling interval: 1571ms
  Thread calibration: mean lat.: 339.384ms, rate sampling interval: 1159ms
  Thread calibration: mean lat.: 816.452ms, rate sampling interval: 2375ms
  Thread calibration: mean lat.: 292.489ms, rate sampling interval: 1160ms

-----------------------------------------------------------------------
Test Results @ http://10.97.218.196/?loopCount=25&base=6&exp=6 
  Thread Stats   Avg      Stdev     99%   +/- Stdev
    Latency     2.71s     2.08s    9.67s    81.01%
    Req/Sec    13.77      2.34    19.00     88.08%
  Latency Distribution (HdrHistogram - Recorded Latency)
 50.000%    2.06s 
 75.000%    3.01s 
 90.000%    5.94s 
 99.000%    9.67s 
 99.900%    9.76s 
 99.990%    9.78s 
 99.999%    9.78s 
100.000%    9.78s 

  Detailed Percentile spectrum:
       Value   Percentile   TotalCount 1/(1-Percentile)

      44.703     0.000000            1         1.00
     825.855     0.100000          353         1.11
    1501.183     0.200000          706         1.25
    1755.135     0.300000         1060         1.43
    1885.183     0.400000         1412         1.67
    2058.239     0.500000         1765         2.00
    2144.255     0.550000         1941         2.22
    2265.087     0.600000         2117         2.50
    2441.215     0.650000         2294         2.86
    2666.495     0.700000         2471         3.33
    3008.511     0.750000         2646         4.00
    3131.391     0.775000         2737         4.44
    3256.319     0.800000         2823         5.00
    3620.863     0.825000         2912         5.71
    3964.927     0.850000         3000         6.67
    5435.391     0.875000         3088         8.00
    5779.455     0.887500         3132         8.89
    5951.487     0.900000         3177        10.00
    6713.343     0.912500         3220        11.43
    7081.983     0.925000         3265        13.33
    7647.231     0.937500         3308        16.00
    7860.223     0.943750         3330        17.78
    7946.239     0.950000         3352        20.00
    8032.255     0.956250         3375        22.86
    8339.455     0.962500         3396        26.67
    8650.751     0.968750         3418        32.00
    8962.047     0.971875         3429        35.56
    9093.119     0.975000         3441        40.00
    9281.535     0.978125         3452        45.71
    9502.719     0.981250         3464        53.33
    9584.639     0.984375         3473        64.00
    9617.407     0.985938         3479        71.11
    9633.791     0.987500         3484        80.00
    9650.175     0.989062         3490        91.43
    9666.559     0.990625         3496       106.67
    9674.751     0.992188         3501       128.00
    9682.943     0.992969         3504       142.22
    9691.135     0.993750         3507       160.00
    9699.327     0.994531         3512       182.86
    9699.327     0.995313         3512       213.33
    9715.711     0.996094         3516       256.00
    9715.711     0.996484         3516       284.44
    9723.903     0.996875         3520       320.00
    9723.903     0.997266         3520       365.71
    9723.903     0.997656         3520       426.67
    9740.287     0.998047         3522       512.00
    9740.287     0.998242         3522       568.89
    9748.479     0.998437         3523       640.00
    9756.671     0.998633         3526       731.43
    9756.671     0.998828         3526       853.33
    9756.671     0.999023         3526      1024.00
    9756.671     0.999121         3526      1137.78
    9756.671     0.999219         3526      1280.00
    9756.671     0.999316         3526      1462.86
    9756.671     0.999414         3526      1706.67
    9764.863     0.999512         3527      2048.00
    9764.863     0.999561         3527      2275.56
    9764.863     0.999609         3527      2560.00
    9764.863     0.999658         3527      2925.71
    9764.863     0.999707         3527      3413.33
    9781.247     0.999756         3528      4096.00
    9781.247     1.000000         3528          inf
#[Mean    =     2706.002, StdDeviation   =     2080.262]
#[Max     =     9773.056, Total count    =         3528]
#[Buckets =           27, SubBuckets     =         2048]
-----------------------------------------------------------------------
  4199 requests in 1.00m, 1.25MB read
Requests/sec:     69.98  
Transfer/sec:     21.34KB
