Running 1m test @ http://10.97.218.196/?loopCount=25&base=6&exp=6
  5 threads and 5 connections

  Thread calibration: mean lat.: 269.132ms, rate sampling interval: 1031ms
  Thread calibration: mean lat.: 508.603ms, rate sampling interval: 2109ms
  Thread calibration: mean lat.: 497.797ms, rate sampling interval: 2377ms
  Thread calibration: mean lat.: 349.014ms, rate sampling interval: 1299ms
  Thread calibration: mean lat.: 206.441ms, rate sampling interval: 650ms

-----------------------------------------------------------------------
Test Results @ http://10.97.218.196/?loopCount=25&base=6&exp=6 
  Thread Stats   Avg      Stdev     99%   +/- Stdev
    Latency     2.76s     1.32s    6.43s    67.05%
    Req/Sec    13.42      2.59    21.00     86.89%
  Latency Distribution (HdrHistogram - Recorded Latency)
 50.000%    2.73s 
 75.000%    3.57s 
 90.000%    4.39s 
 99.000%    6.43s 
 99.900%    6.57s 
 99.990%    6.59s 
 99.999%    6.59s 
100.000%    6.59s 

  Detailed Percentile spectrum:
       Value   Percentile   TotalCount 1/(1-Percentile)

     499.199     0.000000            1         1.00
     932.351     0.100000          350         1.11
    1551.359     0.200000          700         1.25
    2082.815     0.300000         1049         1.43
    2420.735     0.400000         1399         1.67
    2727.935     0.500000         1749         2.00
    2879.487     0.550000         1924         2.22
    3008.511     0.600000         2098         2.50
    3123.199     0.650000         2273         2.86
    3276.799     0.700000         2449         3.33
    3569.663     0.750000         2622         4.00
    3688.447     0.775000         2713         4.44
    3768.319     0.800000         2798         5.00
    3897.343     0.825000         2886         5.71
    4108.287     0.850000         2972         6.67
    4243.455     0.875000         3060         8.00
    4317.183     0.887500         3106         8.89
    4386.815     0.900000         3149        10.00
    4456.447     0.912500         3191        11.43
    4554.751     0.925000         3234        13.33
    4702.207     0.937500         3279        16.00
    5001.215     0.943750         3300        17.78
    5267.455     0.950000         3322        20.00
    5631.999     0.956250         3344        22.86
    5808.127     0.962500         3366        26.67
    6033.407     0.968750         3387        32.00
    6115.327     0.971875         3398        35.56
    6205.439     0.975000         3409        40.00
    6250.495     0.978125         3420        45.71
    6316.031     0.981250         3431        53.33
    6361.087     0.984375         3442        64.00
    6377.471     0.985938         3447        71.11
    6397.951     0.987500         3454        80.00
    6414.335     0.989062         3458        91.43
    6438.911     0.990625         3464       106.67
    6479.871     0.992188         3470       128.00
    6488.063     0.992969         3472       142.22
    6504.447     0.993750         3475       160.00
    6512.639     0.994531         3477       182.86
    6529.023     0.995313         3480       213.33
    6537.215     0.996094         3483       256.00
    6541.311     0.996484         3484       284.44
    6545.407     0.996875         3486       320.00
    6553.599     0.997266         3489       365.71
    6553.599     0.997656         3489       426.67
    6557.695     0.998047         3490       512.00
    6557.695     0.998242         3490       568.89
    6561.791     0.998437         3492       640.00
    6561.791     0.998633         3492       731.43
    6561.791     0.998828         3492       853.33
    6565.887     0.999023         3493      1024.00
    6565.887     0.999121         3493      1137.78
    6574.079     0.999219         3494      1280.00
    6574.079     0.999316         3494      1462.86
    6574.079     0.999414         3494      1706.67
    6586.367     0.999512         3495      2048.00
    6586.367     0.999561         3495      2275.56
    6586.367     0.999609         3495      2560.00
    6586.367     0.999658         3495      2925.71
    6586.367     0.999707         3495      3413.33
    6590.463     0.999756         3496      4096.00
    6590.463     1.000000         3496          inf
#[Mean    =     2762.372, StdDeviation   =     1324.366]
#[Max     =     6586.368, Total count    =         3496]
#[Buckets =           27, SubBuckets     =         2048]
-----------------------------------------------------------------------
  4169 requests in 1.00m, 1.24MB read
Requests/sec:     69.48  
Transfer/sec:     21.19KB
