Running 1m test @ http://10.109.115.86/?loopCount=25&base=6&exp=6
  1 threads and 1 connections

  Thread calibration: mean lat.: 3076.176ms, rate sampling interval: 11141ms

-----------------------------------------------------------------------
Test Results @ http://10.109.115.86/?loopCount=25&base=6&exp=6 
  Thread Stats   Avg      Stdev     99%   +/- Stdev
    Latency    24.01s     9.82s   40.50s    57.87%
    Req/Sec     7.25      0.43     8.00    100.00%
  Latency Distribution (HdrHistogram - Recorded Latency)
 50.000%   23.99s 
 75.000%   32.15s 
 90.000%   37.78s 
 99.000%   40.50s 
 99.900%   40.80s 
 99.990%   40.80s 
 99.999%   40.80s 
100.000%   40.80s 

  Detailed Percentile spectrum:
       Value   Percentile   TotalCount 1/(1-Percentile)

    6717.439     0.000000            1         1.00
   10477.567     0.100000           40         1.11
   13877.247     0.200000           79         1.25
   17121.279     0.300000          119         1.43
   20758.527     0.400000          158         1.67
   23986.175     0.500000          198         2.00
   25788.415     0.550000          217         2.22
   27459.583     0.600000          237         2.50
   28983.295     0.650000          257         2.86
   30621.695     0.700000          276         3.33
   32145.407     0.750000          296         4.00
   33505.279     0.775000          307         4.44
   34340.863     0.800000          316         5.00
   35225.599     0.825000          326         5.71
   35979.263     0.850000          335         6.67
   36765.695     0.875000          345         8.00
   37388.287     0.887500          350         8.89
   37781.503     0.900000          355        10.00
   38371.327     0.912500          360        11.43
   38567.935     0.925000          365        13.33
   38895.615     0.937500          370        16.00
   39092.223     0.943750          372        17.78
   39354.367     0.950000          375        20.00
   39452.671     0.956250          377        22.86
   39583.743     0.962500          380        26.67
   39780.351     0.968750          382        32.00
   39845.887     0.971875          383        35.56
   39976.959     0.975000          385        40.00
   40042.495     0.978125          386        45.71
   40206.335     0.981250          387        53.33
   40271.871     0.984375          388        64.00
   40304.639     0.985938          389        71.11
   40501.247     0.987500          390        80.00
   40501.247     0.989062          390        91.43
   40566.783     0.990625          391       106.67
   40566.783     0.992188          391       128.00
   40697.855     0.992969          392       142.22
   40697.855     0.993750          392       160.00
   40697.855     0.994531          392       182.86
   40730.623     0.995313          393       213.33
   40730.623     0.996094          393       256.00
   40730.623     0.996484          393       284.44
   40730.623     0.996875          393       320.00
   40730.623     0.997266          393       365.71
   40796.159     0.997656          394       426.67
   40796.159     1.000000          394          inf
#[Mean    =    24008.855, StdDeviation   =     9815.887]
#[Max     =    40763.392, Total count    =          394]
#[Buckets =           27, SubBuckets     =         2048]
-----------------------------------------------------------------------
  478 requests in 1.00m, 145.97KB read
Requests/sec:      7.97  
Transfer/sec:      2.43KB
