Running 1m test @ http://10.96.164.126/?loopCount=25&base=6&exp=6
  5 threads and 5 connections

  Thread calibration: mean lat.: 668.506ms, rate sampling interval: 2277ms
  Thread calibration: mean lat.: 588.896ms, rate sampling interval: 2453ms
  Thread calibration: mean lat.: 690.272ms, rate sampling interval: 2603ms
  Thread calibration: mean lat.: 768.846ms, rate sampling interval: 2756ms
  Thread calibration: mean lat.: 507.534ms, rate sampling interval: 1912ms

-----------------------------------------------------------------------
Test Results @ http://10.96.164.126/?loopCount=25&base=6&exp=6 
  Thread Stats   Avg      Stdev     99%   +/- Stdev
    Latency     5.24s     2.33s    9.40s    58.96%
    Req/Sec    12.24      1.00    14.00     96.15%
  Latency Distribution (HdrHistogram - Recorded Latency)
 50.000%    5.21s 
 75.000%    7.18s 
 90.000%    8.59s 
 99.000%    9.40s 
 99.900%    9.72s 
 99.990%    9.90s 
 99.999%    9.90s 
100.000%    9.90s 

  Detailed Percentile spectrum:
       Value   Percentile   TotalCount 1/(1-Percentile)

    1123.327     0.000000            1         1.00
    2148.351     0.100000          317         1.11
    2834.431     0.200000          632         1.25
    3608.575     0.300000          951         1.43
    4263.935     0.400000         1265         1.67
    5210.111     0.500000         1580         2.00
    5627.903     0.550000         1738         2.22
    5947.391     0.600000         1896         2.50
    6381.567     0.650000         2056         2.86
    6737.919     0.700000         2211         3.33
    7180.287     0.750000         2370         4.00
    7397.375     0.775000         2450         4.44
    7577.599     0.800000         2529         5.00
    7876.607     0.825000         2607         5.71
    8093.695     0.850000         2687         6.67
    8355.839     0.875000         2767         8.00
    8462.335     0.887500         2804         8.89
    8593.407     0.900000         2844        10.00
    8699.903     0.912500         2882        11.43
    8798.207     0.925000         2926        13.33
    8888.319     0.937500         2961        16.00
    8962.047     0.943750         2981        17.78
    9019.391     0.950000         3002        20.00
    9093.119     0.956250         3023        22.86
    9150.463     0.962500         3040        26.67
    9224.191     0.968750         3060        32.00
    9265.151     0.971875         3072        35.56
    9297.919     0.975000         3081        40.00
    9322.495     0.978125         3090        45.71
    9347.071     0.981250         3101        53.33
    9371.647     0.984375         3114        64.00
    9371.647     0.985938         3114        71.11
    9388.031     0.987500         3121        80.00
    9396.223     0.989062         3126        91.43
    9412.607     0.990625         3132       106.67
    9428.991     0.992188         3134       128.00
    9445.375     0.992969         3137       142.22
    9453.567     0.993750         3139       160.00
    9461.759     0.994531         3141       182.86
    9478.143     0.995313         3144       213.33
    9502.719     0.996094         3146       256.00
    9535.487     0.996484         3147       284.44
    9609.215     0.996875         3149       320.00
    9633.791     0.997266         3150       365.71
    9658.367     0.997656         3151       426.67
    9666.559     0.998047         3152       512.00
    9691.135     0.998242         3153       568.89
    9699.327     0.998437         3154       640.00
    9699.327     0.998633         3154       731.43
    9715.711     0.998828         3155       853.33
    9715.711     0.999023         3155      1024.00
    9740.287     0.999121         3156      1137.78
    9740.287     0.999219         3156      1280.00
    9740.287     0.999316         3156      1462.86
    9863.167     0.999414         3157      1706.67
    9863.167     0.999512         3157      2048.00
    9863.167     0.999561         3157      2275.56
    9863.167     0.999609         3157      2560.00
    9863.167     0.999658         3157      2925.71
    9904.127     0.999707         3158      3413.33
    9904.127     1.000000         3158          inf
#[Mean    =     5244.438, StdDeviation   =     2327.115]
#[Max     =     9895.936, Total count    =         3158]
#[Buckets =           27, SubBuckets     =         2048]
-----------------------------------------------------------------------
  3807 requests in 1.00m, 1.13MB read
Requests/sec:     63.44  
Transfer/sec:     19.34KB
