Running 1m test @ http://10.105.168.171/?loopCount=25&base=6&exp=6
  1 threads and 1 connections

  Thread calibration: mean lat.: 1078.832ms, rate sampling interval: 3637ms

-----------------------------------------------------------------------
Test Results @ http://10.105.168.171/?loopCount=25&base=6&exp=6 
  Thread Stats   Avg      Stdev     99%   +/- Stdev
    Latency     5.34s     2.05s    8.50s    56.42%
    Req/Sec    21.23      1.31    23.00    100.00%
  Latency Distribution (HdrHistogram - Recorded Latency)
 50.000%    4.95s 
 75.000%    7.30s 
 90.000%    8.11s 
 99.000%    8.50s 
 99.900%    8.63s 
 99.990%    8.63s 
 99.999%    8.63s 
100.000%    8.63s 

  Detailed Percentile spectrum:
       Value   Percentile   TotalCount 1/(1-Percentile)

    1961.983     0.000000            2         1.00
    2603.007     0.100000          109         1.11
    3332.095     0.200000          220         1.25
    4040.703     0.300000          330         1.43
    4255.743     0.400000          435         1.67
    4952.063     0.500000          542         2.00
    5509.119     0.550000          596         2.22
    5992.447     0.600000          650         2.50
    6660.095     0.650000          704         2.86
    7090.175     0.700000          759         3.33
    7307.263     0.750000          813         4.00
    7548.927     0.775000          840         4.44
    7663.615     0.800000          870         5.00
    7835.647     0.825000          895         5.71
    7876.607     0.850000          922         6.67
    8036.351     0.875000          951         8.00
    8065.023     0.887500          963         8.89
    8105.983     0.900000          976        10.00
    8253.439     0.912500          989        11.43
    8278.015     0.925000         1002        13.33
    8310.783     0.937500         1016        16.00
    8323.071     0.943750         1023        17.78
    8396.799     0.950000         1031        20.00
    8404.991     0.956250         1043        22.86
    8404.991     0.962500         1043        26.67
    8421.375     0.968750         1052        32.00
    8429.567     0.971875         1054        35.56
    8437.759     0.975000         1058        40.00
    8445.951     0.978125         1060        45.71
    8454.143     0.981250         1063        53.33
    8495.103     0.984375         1072        64.00
    8495.103     0.985938         1072        71.11
    8495.103     0.987500         1072        80.00
    8495.103     0.989062         1072        91.43
    8503.295     0.990625         1074       106.67
    8511.487     0.992188         1076       128.00
    8511.487     0.992969         1076       142.22
    8527.871     0.993750         1077       160.00
    8577.023     0.994531         1079       182.86
    8577.023     0.995313         1079       213.33
    8577.023     0.996094         1079       256.00
    8609.791     0.996484         1081       284.44
    8609.791     0.996875         1081       320.00
    8609.791     0.997266         1081       365.71
    8609.791     0.997656         1081       426.67
    8609.791     0.998047         1081       512.00
    8626.175     0.998242         1083       568.89
    8626.175     1.000000         1083          inf
#[Mean    =     5340.491, StdDeviation   =     2049.129]
#[Max     =     8617.984, Total count    =         1083]
#[Buckets =           27, SubBuckets     =         2048]
-----------------------------------------------------------------------
  1284 requests in 1.00m, 391.23KB read
Requests/sec:     21.40  
Transfer/sec:      6.52KB
