Running 1m test @ http://10.108.208.72/?loopCount=25&base=6&exp=6
  5 threads and 5 connections

  Thread calibration: mean lat.: 557.851ms, rate sampling interval: 1575ms
  Thread calibration: mean lat.: 123.760ms, rate sampling interval: 348ms
  Thread calibration: mean lat.: 132.688ms, rate sampling interval: 499ms
  Thread calibration: mean lat.: 131.140ms, rate sampling interval: 481ms
  Thread calibration: mean lat.: 290.805ms, rate sampling interval: 884ms

-----------------------------------------------------------------------
Test Results @ http://10.108.208.72/?loopCount=25&base=6&exp=6 
  Thread Stats   Avg      Stdev     99%   +/- Stdev
    Latency   399.79ms  464.25ms   1.98s    88.96%
    Req/Sec     9.58      1.82    14.00     92.38%
  Latency Distribution (HdrHistogram - Recorded Latency)
 50.000%  229.76ms
 75.000%  452.10ms
 90.000%    1.13s 
 99.000%    1.98s 
 99.900%    2.14s 
 99.990%    2.14s 
 99.999%    2.14s 
100.000%    2.14s 

  Detailed Percentile spectrum:
       Value   Percentile   TotalCount 1/(1-Percentile)

      28.335     0.000000            1         1.00
      72.191     0.100000          250         1.11
     124.863     0.200000          497         1.25
     142.591     0.300000          745         1.43
     155.647     0.400000          994         1.67
     229.759     0.500000         1243         2.00
     246.911     0.550000         1366         2.22
     262.399     0.600000         1491         2.50
     342.015     0.650000         1615         2.86
     378.879     0.700000         1738         3.33
     452.095     0.750000         1866         4.00
     476.159     0.775000         1924         4.44
     546.815     0.800000         1987         5.00
     627.199     0.825000         2048         5.71
     732.671     0.850000         2110         6.67
     837.119     0.875000         2173         8.00
     858.623     0.887500         2203         8.89
    1133.567     0.900000         2234        10.00
    1249.279     0.912500         2265        11.43
    1360.895     0.925000         2296        13.33
    1585.151     0.937500         2327        16.00
    1652.735     0.943750         2343        17.78
    1676.287     0.950000         2358        20.00
    1739.775     0.956250         2376        22.86
    1750.015     0.962500         2390        26.67
    1760.255     0.968750         2405        32.00
    1776.639     0.971875         2414        35.56
    1827.839     0.975000         2420        40.00
    1841.151     0.978125         2429        45.71
    1845.247     0.981250         2438        53.33
    1852.415     0.984375         2444        64.00
    1858.559     0.985938         2448        71.11
    1950.719     0.987500         2451        80.00
    1961.983     0.989062         2455        91.43
    2030.591     0.990625         2459       106.67
    2042.879     0.992188         2463       128.00
    2044.927     0.992969         2466       142.22
    2046.975     0.993750         2467       160.00
    2049.023     0.994531         2470       182.86
    2051.071     0.995313         2471       213.33
    2060.287     0.996094         2476       256.00
    2060.287     0.996484         2476       284.44
    2060.287     0.996875         2476       320.00
    2060.287     0.997266         2476       365.71
    2074.623     0.997656         2477       426.67
    2084.863     0.998047         2478       512.00
    2084.863     0.998242         2478       568.89
    2134.015     0.998437         2479       640.00
    2134.015     0.998633         2479       731.43
    2144.255     0.998828         2482       853.33
    2144.255     1.000000         2482          inf
#[Mean    =      399.789, StdDeviation   =      464.254]
#[Max     =     2142.208, Total count    =         2482]
#[Buckets =           27, SubBuckets     =         2048]
-----------------------------------------------------------------------
  2966 requests in 1.00m, 0.88MB read
Requests/sec:     49.43  
Transfer/sec:     15.08KB
