Running 1m test @ http://10.96.158.146/?loopCount=25&base=6&exp=6
  5 threads and 5 connections

  Thread calibration: mean lat.: 2024.952ms, rate sampling interval: 7421ms
  Thread calibration: mean lat.: 2013.014ms, rate sampling interval: 7512ms
  Thread calibration: mean lat.: 1799.584ms, rate sampling interval: 6168ms
  Thread calibration: mean lat.: 1690.667ms, rate sampling interval: 6279ms
  Thread calibration: mean lat.: 1961.952ms, rate sampling interval: 6455ms

-----------------------------------------------------------------------
Test Results @ http://10.96.158.146/?loopCount=25&base=6&exp=6 
  Thread Stats   Avg      Stdev     99%   +/- Stdev
    Latency    13.36s     5.64s   23.71s    56.66%
    Req/Sec     8.79      0.63    10.00     97.06%
  Latency Distribution (HdrHistogram - Recorded Latency)
 50.000%   13.55s 
 75.000%   18.40s 
 90.000%   20.84s 
 99.000%   23.71s 
 99.900%   24.64s 
 99.990%   24.71s 
 99.999%   24.71s 
100.000%   24.71s 

  Detailed Percentile spectrum:
       Value   Percentile   TotalCount 1/(1-Percentile)

    3330.047     0.000000            1         1.00
    5464.063     0.100000          232         1.11
    7352.319     0.200000          464         1.25
    9404.415     0.300000          694         1.43
   11460.607     0.400000          928         1.67
   13549.567     0.500000         1156         2.00
   14540.799     0.550000         1273         2.22
   15441.919     0.600000         1388         2.50
   16343.039     0.650000         1503         2.86
   17317.887     0.700000         1619         3.33
   18399.231     0.750000         1736         4.00
   18857.983     0.775000         1793         4.44
   19234.815     0.800000         1852         5.00
   19660.799     0.825000         1908         5.71
   20103.167     0.850000         1969         6.67
   20430.847     0.875000         2023         8.00
   20709.375     0.887500         2055         8.89
   20840.447     0.900000         2083        10.00
   21118.975     0.912500         2110        11.43
   21397.503     0.925000         2140        13.33
   21676.031     0.937500         2169        16.00
   21757.951     0.943750         2183        17.78
   21856.255     0.950000         2198        20.00
   21970.943     0.956250         2211        22.86
   22052.863     0.962500         2227        26.67
   22167.551     0.968750         2240        32.00
   22265.855     0.971875         2247        35.56
   22413.311     0.975000         2256        40.00
   22527.999     0.978125         2262        45.71
   22659.071     0.981250         2269        53.33
   22888.447     0.984375         2276        64.00
   23068.671     0.985938         2280        71.11
   23199.743     0.987500         2284        80.00
   23560.191     0.989062         2287        91.43
   23805.951     0.990625         2291       106.67
   23904.255     0.992188         2294       128.00
   24068.095     0.992969         2296       142.22
   24133.631     0.993750         2298       160.00
   24199.167     0.994531         2300       182.86
   24346.623     0.995313         2302       213.33
   24395.775     0.996094         2303       256.00
   24412.159     0.996484         2304       284.44
   24461.311     0.996875         2305       320.00
   24477.695     0.997266         2306       365.71
   24526.847     0.997656         2307       426.67
   24559.615     0.998047         2308       512.00
   24559.615     0.998242         2308       568.89
   24608.767     0.998437         2309       640.00
   24608.767     0.998633         2309       731.43
   24641.535     0.998828         2310       853.33
   24641.535     0.999023         2310      1024.00
   24641.535     0.999121         2310      1137.78
   24674.303     0.999219         2311      1280.00
   24674.303     0.999316         2311      1462.86
   24674.303     0.999414         2311      1706.67
   24674.303     0.999512         2311      2048.00
   24674.303     0.999561         2311      2275.56
   24707.071     0.999609         2312      2560.00
   24707.071     1.000000         2312          inf
#[Mean    =    13363.795, StdDeviation   =     5643.485]
#[Max     =    24690.688, Total count    =         2312]
#[Buckets =           27, SubBuckets     =         2048]
-----------------------------------------------------------------------
  2779 requests in 1.00m, 848.07KB read
Requests/sec:     46.31  
Transfer/sec:     14.13KB
