Running 1m test @ http://10.108.208.72/?loopCount=25&base=6&exp=6
  5 threads and 5 connections

  Thread calibration: mean lat.: 1623.317ms, rate sampling interval: 5570ms
  Thread calibration: mean lat.: 1711.379ms, rate sampling interval: 6246ms
  Thread calibration: mean lat.: 1370.219ms, rate sampling interval: 4730ms
  Thread calibration: mean lat.: 1662.808ms, rate sampling interval: 5832ms
  Thread calibration: mean lat.: 1342.328ms, rate sampling interval: 4603ms

-----------------------------------------------------------------------
Test Results @ http://10.108.208.72/?loopCount=25&base=6&exp=6 
  Thread Stats   Avg      Stdev     99%   +/- Stdev
    Latency    10.93s     4.45s   18.37s    57.03%
    Req/Sec     9.93      0.58    11.00    100.00%
  Latency Distribution (HdrHistogram - Recorded Latency)
 50.000%   11.04s 
 75.000%   14.87s 
 90.000%   16.88s 
 99.000%   18.37s 
 99.900%   18.58s 
 99.990%   18.61s 
 99.999%   18.61s 
100.000%   18.61s 

  Detailed Percentile spectrum:
       Value   Percentile   TotalCount 1/(1-Percentile)

    2621.439     0.000000            1         1.00
    4632.575     0.100000          262         1.11
    6205.439     0.200000          521         1.25
    7921.663     0.300000          782         1.43
    9527.295     0.400000         1042         1.67
   11042.815     0.500000         1302         2.00
   11804.671     0.550000         1433         2.22
   12591.103     0.600000         1563         2.50
   13369.343     0.650000         1695         2.86
   14098.431     0.700000         1823         3.33
   14868.479     0.750000         1953         4.00
   15228.927     0.775000         2022         4.44
   15532.031     0.800000         2085         5.00
   15876.095     0.825000         2150         5.71
   16187.391     0.850000         2214         6.67
   16490.495     0.875000         2279         8.00
   16703.487     0.887500         2315         8.89
   16875.519     0.900000         2346        10.00
   17072.127     0.912500         2379        11.43
   17203.199     0.925000         2410        13.33
   17465.343     0.937500         2442        16.00
   17612.799     0.943750         2458        17.78
   17711.103     0.950000         2474        20.00
   17858.559     0.956250         2493        22.86
   17973.247     0.962500         2507        26.67
   18055.167     0.968750         2525        32.00
   18087.935     0.971875         2532        35.56
   18120.703     0.975000         2540        40.00
   18169.855     0.978125         2549        45.71
   18202.623     0.981250         2557        53.33
   18251.775     0.984375         2565        64.00
   18284.543     0.985938         2570        71.11
   18317.311     0.987500         2574        80.00
   18350.079     0.989062         2577        91.43
   18382.847     0.990625         2580       106.67
   18415.615     0.992188         2584       128.00
   18431.999     0.992969         2586       142.22
   18448.383     0.993750         2588       160.00
   18481.151     0.994531         2591       182.86
   18497.535     0.995313         2592       213.33
   18530.303     0.996094         2594       256.00
   18546.687     0.996484         2597       284.44
   18546.687     0.996875         2597       320.00
   18546.687     0.997266         2597       365.71
   18563.071     0.997656         2599       426.67
   18563.071     0.998047         2599       512.00
   18579.455     0.998242         2602       568.89
   18579.455     0.998437         2602       640.00
   18579.455     0.998633         2602       731.43
   18579.455     0.998828         2602       853.33
   18579.455     0.999023         2602      1024.00
   18579.455     0.999121         2602      1137.78
   18579.455     0.999219         2602      1280.00
   18595.839     0.999316         2603      1462.86
   18595.839     0.999414         2603      1706.67
   18595.839     0.999512         2603      2048.00
   18595.839     0.999561         2603      2275.56
   18595.839     0.999609         2603      2560.00
   18612.223     0.999658         2604      2925.71
   18612.223     1.000000         2604          inf
#[Mean    =    10925.843, StdDeviation   =     4449.017]
#[Max     =    18595.840, Total count    =         2604]
#[Buckets =           27, SubBuckets     =         2048]
-----------------------------------------------------------------------
  3124 requests in 1.00m, 0.93MB read
Requests/sec:     52.06  
Transfer/sec:     15.88KB
