Running 1m test @ http://10.105.168.171/?loopCount=25&base=6&exp=6
  5 threads and 5 connections

  Thread calibration: mean lat.: 95.850ms, rate sampling interval: 356ms
  Thread calibration: mean lat.: 111.130ms, rate sampling interval: 425ms
  Thread calibration: mean lat.: 104.026ms, rate sampling interval: 381ms
  Thread calibration: mean lat.: 104.580ms, rate sampling interval: 371ms
  Thread calibration: mean lat.: 101.425ms, rate sampling interval: 363ms

-----------------------------------------------------------------------
Test Results @ http://10.105.168.171/?loopCount=25&base=6&exp=6 
  Thread Stats   Avg      Stdev     99%   +/- Stdev
    Latency    99.24ms   51.92ms 270.59ms   69.76%
    Req/Sec     9.60      2.04    14.00     84.67%
  Latency Distribution (HdrHistogram - Recorded Latency)
 50.000%   91.78ms
 75.000%  116.93ms
 90.000%  182.78ms
 99.000%  270.59ms
 99.900%  300.29ms
 99.990%  306.94ms
 99.999%  306.94ms
100.000%  306.94ms

  Detailed Percentile spectrum:
       Value   Percentile   TotalCount 1/(1-Percentile)

      21.967     0.000000            1         1.00
      45.183     0.100000          250         1.11
      53.887     0.200000          500         1.25
      62.047     0.300000          750         1.43
      73.215     0.400000         1000         1.67
      91.775     0.500000         1251         2.00
      97.599     0.550000         1375         2.22
     101.759     0.600000         1500         2.50
     105.663     0.650000         1628         2.86
     111.039     0.700000         1751         3.33
     116.927     0.750000         1876         4.00
     122.751     0.775000         1938         4.44
     139.391     0.800000         2002         5.00
     150.143     0.825000         2063         5.71
     176.767     0.850000         2125         6.67
     178.943     0.875000         2192         8.00
     180.863     0.887500         2219         8.89
     182.783     0.900000         2250        10.00
     185.471     0.912500         2282        11.43
     187.775     0.925000         2313        13.33
     191.743     0.937500         2344        16.00
     194.303     0.943750         2360        17.78
     195.455     0.950000         2375        20.00
     198.143     0.956250         2391        22.86
     201.983     0.962500         2408        26.67
     204.287     0.968750         2422        32.00
     206.335     0.971875         2431        35.56
     209.151     0.975000         2438        40.00
     211.967     0.978125         2447        45.71
     214.143     0.981250         2454        53.33
     222.591     0.984375         2461        64.00
     236.415     0.985938         2465        71.11
     239.999     0.987500         2469        80.00
     252.799     0.989062         2473        91.43
     278.271     0.990625         2477       106.67
     280.575     0.992188         2481       128.00
     281.087     0.992969         2484       142.22
     282.111     0.993750         2485       160.00
     282.623     0.994531         2487       182.86
     284.415     0.995313         2489       213.33
     285.695     0.996094         2491       256.00
     286.719     0.996484         2492       284.44
     289.535     0.996875         2493       320.00
     290.047     0.997266         2494       365.71
     291.583     0.997656         2495       426.67
     294.911     0.998047         2496       512.00
     294.911     0.998242         2496       568.89
     299.519     0.998437         2497       640.00
     299.519     0.998633         2497       731.43
     300.287     0.998828         2498       853.33
     300.287     0.999023         2498      1024.00
     300.287     0.999121         2498      1137.78
     302.591     0.999219         2499      1280.00
     302.591     0.999316         2499      1462.86
     302.591     0.999414         2499      1706.67
     302.591     0.999512         2499      2048.00
     302.591     0.999561         2499      2275.56
     306.943     0.999609         2500      2560.00
     306.943     1.000000         2500          inf
#[Mean    =       99.245, StdDeviation   =       51.923]
#[Max     =      306.688, Total count    =         2500]
#[Buckets =           27, SubBuckets     =         2048]
-----------------------------------------------------------------------
  2994 requests in 1.00m, 0.89MB read
Requests/sec:     49.90  
Transfer/sec:     15.21KB
