Running 1m test @ http://10.108.208.72/?loopCount=25&base=6&exp=6
  1 threads and 1 connections

  Thread calibration: mean lat.: 105.426ms, rate sampling interval: 284ms

-----------------------------------------------------------------------
Test Results @ http://10.108.208.72/?loopCount=25&base=6&exp=6 
  Thread Stats   Avg      Stdev     99%   +/- Stdev
    Latency   264.92ms   92.17ms 398.85ms   51.29%
    Req/Sec    24.27      1.01    28.00     93.18%
  Latency Distribution (HdrHistogram - Recorded Latency)
 50.000%  229.63ms
 75.000%  374.78ms
 90.000%  391.17ms
 99.000%  398.85ms
 99.900%  399.87ms
 99.990%  399.87ms
 99.999%  399.87ms
100.000%  399.87ms

  Detailed Percentile spectrum:
       Value   Percentile   TotalCount 1/(1-Percentile)

     115.967     0.000000            1         1.00
     160.511     0.100000          125         1.11
     175.871     0.200000          249         1.25
     188.031     0.300000          374         1.43
     206.463     0.400000          498         1.67
     229.631     0.500000          622         2.00
     258.943     0.550000          685         2.22
     291.583     0.600000          747         2.50
     326.655     0.650000          810         2.86
     363.519     0.700000          871         3.33
     374.783     0.750000          933         4.00
     377.343     0.775000          968         4.44
     378.367     0.800000          999         5.00
     379.903     0.825000         1030         5.71
     381.695     0.850000         1058         6.67
     385.791     0.875000         1092         8.00
     389.119     0.887500         1107         8.89
     391.167     0.900000         1125        10.00
     391.935     0.912500         1139        11.43
     393.727     0.925000         1153        13.33
     394.751     0.937500         1167        16.00
     395.519     0.943750         1181        17.78
     395.775     0.950000         1188        20.00
     396.031     0.956250         1192        22.86
     396.287     0.962500         1198        26.67
     396.799     0.968750         1207        32.00
     397.055     0.971875         1214        35.56
     397.055     0.975000         1214        40.00
     397.311     0.978125         1217        45.71
     397.823     0.981250         1222        53.33
     398.335     0.984375         1227        64.00
     398.335     0.985938         1227        71.11
     398.591     0.987500         1229        80.00
     398.847     0.989062         1233        91.43
     398.847     0.990625         1233       106.67
     399.103     0.992188         1235       128.00
     399.359     0.992969         1237       142.22
     399.359     0.993750         1237       160.00
     399.615     0.994531         1242       182.86
     399.615     0.995313         1242       213.33
     399.615     0.996094         1242       256.00
     399.615     0.996484         1242       284.44
     399.615     0.996875         1242       320.00
     399.615     0.997266         1242       365.71
     399.615     0.997656         1242       426.67
     399.615     0.998047         1242       512.00
     399.615     0.998242         1242       568.89
     399.871     0.998437         1244       640.00
     399.871     1.000000         1244          inf
#[Mean    =      264.920, StdDeviation   =       92.168]
#[Max     =      399.616, Total count    =         1244]
#[Buckets =           27, SubBuckets     =         2048]
-----------------------------------------------------------------------
  1490 requests in 1.00m, 453.98KB read
Requests/sec:     24.83  
Transfer/sec:      7.57KB
