Running 1m test @ http://10.100.185.202/?loopCount=25&base=6&exp=6
  5 threads and 5 connections

  Thread calibration: mean lat.: 218.421ms, rate sampling interval: 1372ms
  Thread calibration: mean lat.: 223.108ms, rate sampling interval: 1011ms
  Thread calibration: mean lat.: 95.070ms, rate sampling interval: 353ms
  Thread calibration: mean lat.: 110.060ms, rate sampling interval: 447ms
  Thread calibration: mean lat.: 266.613ms, rate sampling interval: 1130ms

-----------------------------------------------------------------------
Test Results @ http://10.100.185.202/?loopCount=25&base=6&exp=6 
  Thread Stats   Avg      Stdev     99%   +/- Stdev
    Latency   919.27ms  662.76ms   2.74s    71.39%
    Req/Sec    14.21      3.50    22.00     77.69%
  Latency Distribution (HdrHistogram - Recorded Latency)
 50.000%  791.55ms
 75.000%    1.12s 
 90.000%    2.20s 
 99.000%    2.74s 
 99.900%    3.02s 
 99.990%    3.08s 
 99.999%    3.08s 
100.000%    3.08s 

  Detailed Percentile spectrum:
       Value   Percentile   TotalCount 1/(1-Percentile)

      26.159     0.000000            1         1.00
     190.079     0.100000          370         1.11
     397.567     0.200000          739         1.25
     542.207     0.300000         1109         1.43
     656.383     0.400000         1477         1.67
     791.551     0.500000         1848         2.00
     848.383     0.550000         2031         2.22
     912.383     0.600000         2215         2.50
     975.359     0.650000         2400         2.86
    1040.383     0.700000         2584         3.33
    1115.135     0.750000         2769         4.00
    1169.407     0.775000         2861         4.44
    1253.375     0.800000         2953         5.00
    1372.159     0.825000         3046         5.71
    1567.743     0.850000         3138         6.67
    1715.199     0.875000         3230         8.00
    1939.455     0.887500         3276         8.89
    2201.599     0.900000         3322        10.00
    2279.423     0.912500         3369        11.43
    2340.863     0.925000         3416        13.33
    2383.871     0.937500         3461        16.00
    2402.303     0.943750         3484        17.78
    2420.735     0.950000         3507        20.00
    2443.263     0.956250         3530        22.86
    2469.887     0.962500         3555        26.67
    2490.367     0.968750         3576        32.00
    2500.607     0.971875         3589        35.56
    2519.039     0.975000         3605        40.00
    2527.231     0.978125         3612        45.71
    2549.759     0.981250         3622        53.33
    2603.007     0.984375         3634        64.00
    2637.823     0.985938         3640        71.11
    2668.543     0.987500         3645        80.00
    2723.839     0.989062         3651        91.43
    2760.703     0.990625         3657       106.67
    2795.519     0.992188         3663       128.00
    2818.047     0.992969         3666       142.22
    2844.671     0.993750         3668       160.00
    2885.631     0.994531         3671       182.86
    2914.303     0.995313         3674       213.33
    2926.591     0.996094         3677       256.00
    2942.975     0.996484         3679       284.44
    2963.455     0.996875         3681       320.00
    2963.455     0.997266         3681       365.71
    2992.127     0.997656         3683       426.67
    2996.223     0.998047         3684       512.00
    3008.511     0.998242         3685       568.89
    3014.655     0.998437         3686       640.00
    3014.655     0.998633         3686       731.43
    3024.895     0.998828         3687       853.33
    3041.279     0.999023         3688      1024.00
    3041.279     0.999121         3688      1137.78
    3043.327     0.999219         3689      1280.00
    3043.327     0.999316         3689      1462.86
    3043.327     0.999414         3689      1706.67
    3051.519     0.999512         3690      2048.00
    3051.519     0.999561         3690      2275.56
    3051.519     0.999609         3690      2560.00
    3051.519     0.999658         3690      2925.71
    3051.519     0.999707         3690      3413.33
    3078.143     0.999756         3691      4096.00
    3078.143     1.000000         3691          inf
#[Mean    =      919.267, StdDeviation   =      662.758]
#[Max     =     3076.096, Total count    =         3691]
#[Buckets =           27, SubBuckets     =         2048]
-----------------------------------------------------------------------
  4412 requests in 1.00m, 1.31MB read
Requests/sec:     73.53  
Transfer/sec:     22.41KB
