Running 1m test @ http://10.104.199.0/?loopCount=25&base=6&exp=6
  5 threads and 5 connections

  Thread calibration: mean lat.: 712.371ms, rate sampling interval: 2555ms
  Thread calibration: mean lat.: 838.871ms, rate sampling interval: 2514ms
  Thread calibration: mean lat.: 697.373ms, rate sampling interval: 3436ms
  Thread calibration: mean lat.: 732.697ms, rate sampling interval: 3053ms
  Thread calibration: mean lat.: 742.526ms, rate sampling interval: 2652ms

-----------------------------------------------------------------------
Test Results @ http://10.104.199.0/?loopCount=25&base=6&exp=6 
  Thread Stats   Avg      Stdev     99%   +/- Stdev
    Latency     5.48s     2.55s   11.09s    64.15%
    Req/Sec    11.97      1.69    15.00     87.21%
  Latency Distribution (HdrHistogram - Recorded Latency)
 50.000%    5.17s 
 75.000%    7.11s 
 90.000%    9.54s 
 99.000%   11.09s 
 99.900%   11.87s 
 99.990%   11.92s 
 99.999%   11.92s 
100.000%   11.92s 

  Detailed Percentile spectrum:
       Value   Percentile   TotalCount 1/(1-Percentile)

    1089.535     0.000000            1         1.00
    2414.591     0.100000          314         1.11
    3121.151     0.200000          625         1.25
    3921.919     0.300000          938         1.43
    4489.215     0.400000         1250         1.67
    5169.151     0.500000         1563         2.00
    5365.759     0.550000         1719         2.22
    5795.839     0.600000         1875         2.50
    6262.783     0.650000         2034         2.86
    6672.383     0.700000         2189         3.33
    7106.559     0.750000         2343         4.00
    7380.991     0.775000         2423         4.44
    7913.471     0.800000         2500         5.00
    8146.943     0.825000         2578         5.71
    8462.335     0.850000         2657         6.67
    8921.087     0.875000         2737         8.00
    9256.959     0.887500         2773         8.89
    9543.679     0.900000         2813        10.00
    9969.663     0.912500         2851        11.43
   10084.351     0.925000         2893        13.33
   10149.887     0.937500         2931        16.00
   10215.423     0.943750         2951        17.78
   10272.767     0.950000         2968        20.00
   10362.879     0.956250         2988        22.86
   10493.951     0.962500         3007        26.67
   10559.487     0.968750         3027        32.00
   10592.255     0.971875         3037        35.56
   10625.023     0.975000         3047        40.00
   10665.983     0.978125         3057        45.71
   10698.751     0.981250         3066        53.33
   10813.439     0.984375         3076        64.00
   10960.895     0.985938         3081        71.11
   11018.239     0.987500         3085        80.00
   11075.583     0.989062         3090        91.43
   11100.159     0.990625         3095       106.67
   11141.119     0.992188         3100       128.00
   11165.695     0.992969         3103       142.22
   11190.271     0.993750         3105       160.00
   11214.847     0.994531         3107       182.86
   11255.807     0.995313         3110       213.33
   11296.767     0.996094         3112       256.00
   11386.879     0.996484         3114       284.44
   11427.839     0.996875         3115       320.00
   11649.023     0.997266         3116       365.71
   11771.903     0.997656         3117       426.67
   11812.863     0.998047         3118       512.00
   11845.631     0.998242         3119       568.89
   11862.015     0.998437         3120       640.00
   11862.015     0.998633         3120       731.43
   11870.207     0.998828         3121       853.33
   11870.207     0.999023         3121      1024.00
   11886.591     0.999121         3122      1137.78
   11886.591     0.999219         3122      1280.00
   11886.591     0.999316         3122      1462.86
   11894.783     0.999414         3123      1706.67
   11894.783     0.999512         3123      2048.00
   11894.783     0.999561         3123      2275.56
   11894.783     0.999609         3123      2560.00
   11894.783     0.999658         3123      2925.71
   11919.359     0.999707         3124      3413.33
   11919.359     1.000000         3124          inf
#[Mean    =     5481.235, StdDeviation   =     2549.486]
#[Max     =    11911.168, Total count    =         3124]
#[Buckets =           27, SubBuckets     =         2048]
-----------------------------------------------------------------------
  3759 requests in 1.00m, 1.12MB read
Requests/sec:     62.64  
Transfer/sec:     19.11KB
