Running 1m test @ http://10.97.218.196/?loopCount=25&base=6&exp=6
  1 threads and 1 connections

  Thread calibration: mean lat.: 809.741ms, rate sampling interval: 2748ms

-----------------------------------------------------------------------
Test Results @ http://10.97.218.196/?loopCount=25&base=6&exp=6 
  Thread Stats   Avg      Stdev     99%   +/- Stdev
    Latency     4.73s     1.76s    7.72s    58.83%
    Req/Sec    21.39      1.01    23.00     94.44%
  Latency Distribution (HdrHistogram - Recorded Latency)
 50.000%    4.51s 
 75.000%    6.37s 
 90.000%    7.18s 
 99.000%    7.72s 
 99.900%    7.84s 
 99.990%    7.84s 
 99.999%    7.84s 
100.000%    7.84s 

  Detailed Percentile spectrum:
       Value   Percentile   TotalCount 1/(1-Percentile)

    1594.367     0.000000            1         1.00
    2445.311     0.100000          113         1.11
    2990.079     0.200000          220         1.25
    3555.327     0.300000          328         1.43
    3891.199     0.400000          438         1.67
    4509.695     0.500000          548         2.00
    5128.191     0.550000          602         2.22
    5332.991     0.600000          660         2.50
    5521.407     0.650000          711         2.86
    6041.599     0.700000          766         3.33
    6365.183     0.750000          820         4.00
    6508.543     0.775000          848         4.44
    6631.423     0.800000          875         5.00
    6754.303     0.825000          902         5.71
    6897.663     0.850000          930         6.67
    7094.271     0.875000          957         8.00
    7155.711     0.887500          973         8.89
    7180.287     0.900000          984        10.00
    7188.479     0.912500          999        11.43
    7237.631     0.925000         1013        13.33
    7360.511     0.937500         1027        16.00
    7462.911     0.943750         1032        17.78
    7561.215     0.950000         1040        20.00
    7573.503     0.956250         1046        22.86
    7589.887     0.962500         1053        26.67
    7663.615     0.968750         1061        32.00
    7667.711     0.971875         1063        35.56
    7675.903     0.975000         1067        40.00
    7700.479     0.978125         1074        45.71
    7700.479     0.981250         1074        53.33
    7704.575     0.984375         1078        64.00
    7704.575     0.985938         1078        71.11
    7716.863     0.987500         1082        80.00
    7716.863     0.989062         1082        91.43
    7729.151     0.990625         1084       106.67
    7741.439     0.992188         1086       128.00
    7741.439     0.992969         1086       142.22
    7766.015     0.993750         1088       160.00
    7766.015     0.994531         1088       182.86
    7766.015     0.995313         1088       213.33
    7790.591     0.996094         1090       256.00
    7790.591     0.996484         1090       284.44
    7790.591     0.996875         1090       320.00
    7811.071     0.997266         1091       365.71
    7811.071     0.997656         1091       426.67
    7811.071     0.998047         1091       512.00
    7839.743     0.998242         1093       568.89
    7839.743     1.000000         1093          inf
#[Mean    =     4732.875, StdDeviation   =     1759.368]
#[Max     =     7835.648, Total count    =         1093]
#[Buckets =           27, SubBuckets     =         2048]
-----------------------------------------------------------------------
  1303 requests in 1.00m, 397.01KB read
Requests/sec:     21.71  
Transfer/sec:      6.62KB
