Running 1m test @ http://10.104.225.39/?loopCount=25&base=6&exp=6
  5 threads and 5 connections

  Thread calibration: mean lat.: 76.267ms, rate sampling interval: 291ms
  Thread calibration: mean lat.: 74.257ms, rate sampling interval: 292ms
  Thread calibration: mean lat.: 73.819ms, rate sampling interval: 292ms
  Thread calibration: mean lat.: 87.348ms, rate sampling interval: 309ms
  Thread calibration: mean lat.: 80.373ms, rate sampling interval: 314ms

-----------------------------------------------------------------------
Test Results @ http://10.104.225.39/?loopCount=25&base=6&exp=6 
  Thread Stats   Avg      Stdev     99%   +/- Stdev
    Latency    76.09ms   45.22ms 248.57ms   81.01%
    Req/Sec     9.46      2.39    16.00     67.11%
  Latency Distribution (HdrHistogram - Recorded Latency)
 50.000%   69.25ms
 75.000%   84.54ms
 90.000%  146.18ms
 99.000%  248.57ms
 99.900%  284.93ms
 99.990%  346.88ms
 99.999%  346.88ms
100.000%  346.88ms

  Detailed Percentile spectrum:
       Value   Percentile   TotalCount 1/(1-Percentile)

      22.319     0.000000            1         1.00
      40.863     0.100000          260         1.11
      41.567     0.200000          510         1.25
      42.207     0.300000          759         1.43
      43.199     0.400000         1005         1.67
      69.247     0.500000         1252         2.00
      73.791     0.550000         1380         2.22
      74.751     0.600000         1502         2.50
      77.375     0.650000         1631         2.86
      79.615     0.700000         1751         3.33
      84.543     0.750000         1878         4.00
      88.383     0.775000         1939         4.44
      94.847     0.800000         2001         5.00
     140.031     0.825000         2064         5.71
     142.335     0.850000         2126         6.67
     143.615     0.875000         2195         8.00
     144.511     0.887500         2222         8.89
     146.175     0.900000         2255        10.00
     147.583     0.912500         2285        11.43
     150.399     0.925000         2318        13.33
     151.423     0.937500         2345        16.00
     152.191     0.943750         2361        17.78
     153.599     0.950000         2376        20.00
     156.415     0.956250         2392        22.86
     160.383     0.962500         2408        26.67
     165.503     0.968750         2423        32.00
     167.679     0.971875         2431        35.56
     174.591     0.975000         2439        40.00
     186.751     0.978125         2447        45.71
     189.823     0.981250         2455        53.33
     202.239     0.984375         2462        64.00
     239.871     0.985938         2466        71.11
     246.143     0.987500         2470        80.00
     247.039     0.989062         2475        91.43
     248.703     0.990625         2478       106.67
     253.311     0.992188         2482       128.00
     253.567     0.992969         2484       142.22
     253.951     0.993750         2486       160.00
     255.231     0.994531         2488       182.86
     259.711     0.995313         2490       213.33
     264.959     0.996094         2492       256.00
     268.799     0.996484         2493       284.44
     270.079     0.996875         2494       320.00
     272.639     0.997266         2495       365.71
     275.711     0.997656         2496       426.67
     281.087     0.998047         2497       512.00
     281.087     0.998242         2497       568.89
     284.927     0.998437         2498       640.00
     284.927     0.998633         2498       731.43
     340.735     0.998828         2499       853.33
     340.735     0.999023         2499      1024.00
     340.735     0.999121         2499      1137.78
     343.551     0.999219         2500      1280.00
     343.551     0.999316         2500      1462.86
     343.551     0.999414         2500      1706.67
     343.551     0.999512         2500      2048.00
     343.551     0.999561         2500      2275.56
     346.879     0.999609         2501      2560.00
     346.879     1.000000         2501          inf
#[Mean    =       76.088, StdDeviation   =       45.223]
#[Max     =      346.624, Total count    =         2501]
#[Buckets =           27, SubBuckets     =         2048]
-----------------------------------------------------------------------
  2995 requests in 1.00m, 0.89MB read
Requests/sec:     49.91  
Transfer/sec:     15.21KB
