Running 1m test @ http://10.96.158.146/?loopCount=25&base=6&exp=6
  5 threads and 5 connections

  Thread calibration: mean lat.: 686.357ms, rate sampling interval: 2060ms
  Thread calibration: mean lat.: 405.859ms, rate sampling interval: 1634ms
  Thread calibration: mean lat.: 190.644ms, rate sampling interval: 771ms
  Thread calibration: mean lat.: 431.960ms, rate sampling interval: 1244ms
  Thread calibration: mean lat.: 736.442ms, rate sampling interval: 2195ms

-----------------------------------------------------------------------
Test Results @ http://10.96.158.146/?loopCount=25&base=6&exp=6 
  Thread Stats   Avg      Stdev     99%   +/- Stdev
    Latency     2.34s   962.93ms   4.71s    72.77%
    Req/Sec     9.00      1.09    11.00     98.33%
  Latency Distribution (HdrHistogram - Recorded Latency)
 50.000%    2.16s 
 75.000%    2.92s 
 90.000%    3.80s 
 99.000%    4.71s 
 99.900%    5.12s 
 99.990%    5.12s 
 99.999%    5.12s 
100.000%    5.12s 

  Detailed Percentile spectrum:
       Value   Percentile   TotalCount 1/(1-Percentile)

     315.647     0.000000            1         1.00
    1283.071     0.100000          236         1.11
    1614.847     0.200000          473         1.25
    1804.287     0.300000          709         1.43
    1984.511     0.400000          942         1.67
    2156.543     0.500000         1177         2.00
    2213.887     0.550000         1295         2.22
    2303.999     0.600000         1413         2.50
    2406.399     0.650000         1534         2.86
    2617.343     0.700000         1649         3.33
    2918.399     0.750000         1766         4.00
    3092.479     0.775000         1826         4.44
    3182.591     0.800000         1884         5.00
    3217.407     0.825000         1944         5.71
    3307.519     0.850000         2006         6.67
    3536.895     0.875000         2060         8.00
    3717.119     0.887500         2094         8.89
    3803.135     0.900000         2122        10.00
    3880.959     0.912500         2150        11.43
    3913.727     0.925000         2178        13.33
    4100.095     0.937500         2208        16.00
    4198.399     0.943750         2224        17.78
    4300.799     0.950000         2237        20.00
    4591.615     0.956250         2252        22.86
    4607.999     0.962500         2270        26.67
    4620.287     0.968750         2282        32.00
    4681.727     0.971875         2288        35.56
    4685.823     0.975000         2296        40.00
    4698.111     0.978125         2306        45.71
    4702.207     0.981250         2314        53.33
    4706.303     0.984375         2324        64.00
    4706.303     0.985938         2324        71.11
    4710.399     0.987500         2329        80.00
    4710.399     0.989062         2329        91.43
    4718.591     0.990625         2332       106.67
    4808.703     0.992188         2336       128.00
    4882.431     0.992969         2339       142.22
    4894.719     0.993750         2340       160.00
    4915.199     0.994531         2342       182.86
    4931.583     0.995313         2343       213.33
    5021.695     0.996094         2346       256.00
    5021.695     0.996484         2346       284.44
    5038.079     0.996875         2347       320.00
    5087.231     0.997266         2348       365.71
    5095.423     0.997656         2349       426.67
    5099.519     0.998047         2350       512.00
    5099.519     0.998242         2350       568.89
    5111.807     0.998437         2351       640.00
    5111.807     0.998633         2351       731.43
    5115.903     0.998828         2354       853.33
    5115.903     1.000000         2354          inf
#[Mean    =     2335.561, StdDeviation   =      962.932]
#[Max     =     5111.808, Total count    =         2354]
#[Buckets =           27, SubBuckets     =         2048]
-----------------------------------------------------------------------
  2807 requests in 1.00m, 856.58KB read
Requests/sec:     46.78  
Transfer/sec:     14.27KB
