Running 1m test @ http://10.107.164.151/?loopCount=25&base=6&exp=6
  5 threads and 5 connections

  Thread calibration: mean lat.: 791.632ms, rate sampling interval: 1993ms
  Thread calibration: mean lat.: 515.603ms, rate sampling interval: 1414ms
  Thread calibration: mean lat.: 1035.555ms, rate sampling interval: 3205ms
  Thread calibration: mean lat.: 442.024ms, rate sampling interval: 1498ms
  Thread calibration: mean lat.: 958.556ms, rate sampling interval: 2926ms

-----------------------------------------------------------------------
Test Results @ http://10.107.164.151/?loopCount=25&base=6&exp=6 
  Thread Stats   Avg      Stdev     99%   +/- Stdev
    Latency     3.61s     1.64s    6.70s    60.39%
    Req/Sec     8.62      1.02    12.00     96.80%
  Latency Distribution (HdrHistogram - Recorded Latency)
 50.000%    3.76s 
 75.000%    4.82s 
 90.000%    6.05s 
 99.000%    6.70s 
 99.900%    7.04s 
 99.990%    7.16s 
 99.999%    7.16s 
100.000%    7.16s 

  Detailed Percentile spectrum:
       Value   Percentile   TotalCount 1/(1-Percentile)

     493.567     0.000000            1         1.00
    1437.695     0.100000          226         1.11
    1895.423     0.200000          452         1.25
    2379.775     0.300000          678         1.43
    3063.807     0.400000          904         1.67
    3762.175     0.500000         1129         2.00
    3973.119     0.550000         1243         2.22
    4157.439     0.600000         1357         2.50
    4276.223     0.650000         1468         2.86
    4501.503     0.700000         1580         3.33
    4816.895     0.750000         1693         4.00
    4902.911     0.775000         1750         4.44
    5066.751     0.800000         1809         5.00
    5316.607     0.825000         1863         5.71
    5562.367     0.850000         1921         6.67
    5853.183     0.875000         1975         8.00
    5955.583     0.887500         2004         8.89
    6053.887     0.900000         2032        10.00
    6094.847     0.912500         2062        11.43
    6156.287     0.925000         2091        13.33
    6189.055     0.937500         2116        16.00
    6258.687     0.943750         2131        17.78
    6275.071     0.950000         2146        20.00
    6361.087     0.956250         2159        22.86
    6467.583     0.962500         2174        26.67
    6500.351     0.968750         2187        32.00
    6557.695     0.971875         2194        35.56
    6578.175     0.975000         2201        40.00
    6606.847     0.978125         2210        45.71
    6660.095     0.981250         2216        53.33
    6664.191     0.984375         2222        64.00
    6672.383     0.985938         2227        71.11
    6676.479     0.987500         2229        80.00
    6696.959     0.989062         2234        91.43
    6758.399     0.990625         2236       106.67
    6856.703     0.992188         2240       128.00
    6885.375     0.992969         2242       142.22
    6893.567     0.993750         2243       160.00
    6901.759     0.994531         2245       182.86
    6955.007     0.995313         2248       213.33
    6963.199     0.996094         2250       256.00
    6963.199     0.996484         2250       284.44
    6963.199     0.996875         2250       320.00
    6967.295     0.997266         2251       365.71
    6975.487     0.997656         2252       426.67
    6979.583     0.998047         2253       512.00
    6991.871     0.998242         2254       568.89
    6991.871     0.998437         2254       640.00
    6991.871     0.998633         2254       731.43
    7041.023     0.998828         2255       853.33
    7041.023     0.999023         2255      1024.00
    7102.463     0.999121         2256      1137.78
    7102.463     0.999219         2256      1280.00
    7102.463     0.999316         2256      1462.86
    7102.463     0.999414         2256      1706.67
    7102.463     0.999512         2256      2048.00
    7163.903     0.999561         2257      2275.56
    7163.903     1.000000         2257          inf
#[Mean    =     3606.636, StdDeviation   =     1642.439]
#[Max     =     7159.808, Total count    =         2257]
#[Buckets =           27, SubBuckets     =         2048]
-----------------------------------------------------------------------
  2693 requests in 1.00m, 821.88KB read
Requests/sec:     44.88  
Transfer/sec:     13.70KB
