Running 1m test @ http://10.108.208.72/?loopCount=25&base=6&exp=6
  1 threads and 1 connections

  Thread calibration: mean lat.: 101.674ms, rate sampling interval: 236ms

-----------------------------------------------------------------------
Test Results @ http://10.108.208.72/?loopCount=25&base=6&exp=6 
  Thread Stats   Avg      Stdev     99%   +/- Stdev
    Latency   398.13ms  177.46ms 710.66ms   52.83%
    Req/Sec    24.34      1.54    25.00     82.46%
  Latency Distribution (HdrHistogram - Recorded Latency)
 50.000%  386.56ms
 75.000%  568.83ms
 90.000%  629.76ms
 99.000%  710.66ms
 99.900%  714.75ms
 99.990%  716.29ms
 99.999%  716.29ms
100.000%  716.29ms

  Detailed Percentile spectrum:
       Value   Percentile   TotalCount 1/(1-Percentile)

     132.991     0.000000            2         1.00
     170.367     0.100000          124         1.11
     200.831     0.200000          248         1.25
     251.519     0.300000          371         1.43
     312.319     0.400000          495         1.67
     386.559     0.500000          618         2.00
     436.991     0.550000          680         2.22
     471.807     0.600000          742         2.50
     508.159     0.650000          804         2.86
     541.183     0.700000          866         3.33
     568.831     0.750000          928         4.00
     577.535     0.775000          958         4.44
     584.191     0.800000          993         5.00
     591.359     0.825000         1020         5.71
     600.575     0.850000         1052         6.67
     612.863     0.875000         1082         8.00
     620.543     0.887500         1097         8.89
     632.831     0.900000         1113        10.00
     644.095     0.912500         1128        11.43
     660.479     0.925000         1145        13.33
     667.135     0.937500         1159        16.00
     670.719     0.943750         1167        17.78
     675.327     0.950000         1176        20.00
     679.423     0.956250         1183        22.86
     685.567     0.962500         1192        26.67
     688.639     0.968750         1198        32.00
     691.199     0.971875         1203        35.56
     693.759     0.975000         1206        40.00
     697.855     0.978125         1209        45.71
     701.439     0.981250         1215        53.33
     702.975     0.984375         1217        64.00
     707.071     0.985938         1219        71.11
     708.095     0.987500         1221        80.00
     709.631     0.989062         1223        91.43
     710.655     0.990625         1225       106.67
     711.679     0.992188         1227       128.00
     712.703     0.992969         1229       142.22
     712.703     0.993750         1229       160.00
     713.727     0.994531         1232       182.86
     713.727     0.995313         1232       213.33
     713.727     0.996094         1232       256.00
     713.727     0.996484         1232       284.44
     714.751     0.996875         1235       320.00
     714.751     0.997266         1235       365.71
     714.751     0.997656         1235       426.67
     714.751     0.998047         1235       512.00
     714.751     0.998242         1235       568.89
     714.751     0.998437         1235       640.00
     714.751     0.998633         1235       731.43
     714.751     0.998828         1235       853.33
     714.751     0.999023         1235      1024.00
     714.751     0.999121         1235      1137.78
     716.287     0.999219         1236      1280.00
     716.287     1.000000         1236          inf
#[Mean    =      398.128, StdDeviation   =      177.464]
#[Max     =      715.776, Total count    =         1236]
#[Buckets =           27, SubBuckets     =         2048]
-----------------------------------------------------------------------
  1482 requests in 1.00m, 451.55KB read
Requests/sec:     24.70  
Transfer/sec:      7.53KB
