Running 1m test @ http://10.105.168.171/?loopCount=25&base=6&exp=6
  5 threads and 5 connections

  Thread calibration: mean lat.: 88.883ms, rate sampling interval: 316ms
  Thread calibration: mean lat.: 115.757ms, rate sampling interval: 489ms
  Thread calibration: mean lat.: 93.095ms, rate sampling interval: 317ms
  Thread calibration: mean lat.: 101.550ms, rate sampling interval: 321ms
  Thread calibration: mean lat.: 111.070ms, rate sampling interval: 331ms

-----------------------------------------------------------------------
Test Results @ http://10.105.168.171/?loopCount=25&base=6&exp=6 
  Thread Stats   Avg      Stdev     99%   +/- Stdev
    Latency   108.07ms   63.00ms 294.65ms   73.26%
    Req/Sec     9.65      2.45    15.00     76.90%
  Latency Distribution (HdrHistogram - Recorded Latency)
 50.000%   88.45ms
 75.000%  153.98ms
 90.000%  173.82ms
 99.000%  294.65ms
 99.900%  376.06ms
 99.990%  453.63ms
 99.999%  453.63ms
100.000%  453.63ms

  Detailed Percentile spectrum:
       Value   Percentile   TotalCount 1/(1-Percentile)

      23.711     0.000000            1         1.00
      42.335     0.100000          250         1.11
      45.567     0.200000          503         1.25
      58.591     0.300000          750         1.43
      81.599     0.400000         1000         1.67
      88.447     0.500000         1249         2.00
     107.711     0.550000         1374         2.22
     118.335     0.600000         1500         2.50
     130.943     0.650000         1625         2.86
     150.015     0.700000         1749         3.33
     153.983     0.750000         1874         4.00
     156.927     0.775000         1942         4.44
     157.951     0.800000         2002         5.00
     160.767     0.825000         2063         5.71
     163.071     0.850000         2124         6.67
     168.319     0.875000         2187         8.00
     170.111     0.887500         2218         8.89
     174.079     0.900000         2249        10.00
     179.327     0.912500         2280        11.43
     188.927     0.925000         2311        13.33
     211.455     0.937500         2342        16.00
     219.391     0.943750         2358        17.78
     243.967     0.950000         2374        20.00
     250.751     0.956250         2390        22.86
     253.183     0.962500         2406        26.67
     256.767     0.968750         2420        32.00
     258.559     0.971875         2428        35.56
     260.607     0.975000         2437        40.00
     261.759     0.978125         2444        45.71
     265.471     0.981250         2452        53.33
     270.335     0.984375         2459        64.00
     271.615     0.985938         2463        71.11
     278.015     0.987500         2467        80.00
     290.303     0.989062         2471        91.43
     312.575     0.990625         2475       106.67
     336.639     0.992188         2479       128.00
     346.879     0.992969         2481       142.22
     350.719     0.993750         2483       160.00
     353.023     0.994531         2485       182.86
     357.375     0.995313         2487       213.33
     359.423     0.996094         2489       256.00
     359.935     0.996484         2490       284.44
     360.191     0.996875         2491       320.00
     361.983     0.997266         2492       365.71
     365.055     0.997656         2493       426.67
     367.871     0.998047         2494       512.00
     367.871     0.998242         2494       568.89
     370.687     0.998437         2495       640.00
     370.687     0.998633         2495       731.43
     376.063     0.998828         2496       853.33
     376.063     0.999023         2496      1024.00
     376.063     0.999121         2496      1137.78
     393.727     0.999219         2497      1280.00
     393.727     0.999316         2497      1462.86
     393.727     0.999414         2497      1706.67
     393.727     0.999512         2497      2048.00
     393.727     0.999561         2497      2275.56
     453.631     0.999609         2498      2560.00
     453.631     1.000000         2498          inf
#[Mean    =      108.066, StdDeviation   =       62.999]
#[Max     =      453.376, Total count    =         2498]
#[Buckets =           27, SubBuckets     =         2048]
-----------------------------------------------------------------------
  2992 requests in 1.00m, 0.89MB read
Requests/sec:     49.86  
Transfer/sec:     15.20KB
