Running 1m test @ http://10.104.199.0/?loopCount=25&base=6&exp=6
  5 threads and 5 connections

  Thread calibration: mean lat.: 149.623ms, rate sampling interval: 610ms
  Thread calibration: mean lat.: 120.911ms, rate sampling interval: 408ms
  Thread calibration: mean lat.: 114.649ms, rate sampling interval: 416ms
  Thread calibration: mean lat.: 126.679ms, rate sampling interval: 585ms
  Thread calibration: mean lat.: 141.126ms, rate sampling interval: 600ms

-----------------------------------------------------------------------
Test Results @ http://10.104.199.0/?loopCount=25&base=6&exp=6 
  Thread Stats   Avg      Stdev     99%   +/- Stdev
    Latency   137.78ms  107.63ms 501.50ms   85.81%
    Req/Sec     9.55      2.42    16.00     83.10%
  Latency Distribution (HdrHistogram - Recorded Latency)
 50.000%  110.01ms
 75.000%  195.58ms
 90.000%  295.42ms
 99.000%  501.50ms
 99.900%  630.78ms
 99.990%  692.73ms
 99.999%  692.73ms
100.000%  692.73ms

  Detailed Percentile spectrum:
       Value   Percentile   TotalCount 1/(1-Percentile)

      22.831     0.000000            1         1.00
      40.799     0.100000          252         1.11
      41.535     0.200000          511         1.25
      48.447     0.300000          751         1.43
      88.127     0.400000         1001         1.67
     110.015     0.500000         1251         2.00
     116.351     0.550000         1376         2.22
     132.863     0.600000         1503         2.50
     144.767     0.650000         1626         2.86
     188.799     0.700000         1756         3.33
     195.583     0.750000         1879         4.00
     198.527     0.775000         1940         4.44
     203.391     0.800000         2002         5.00
     211.455     0.825000         2064         5.71
     230.783     0.850000         2126         6.67
     262.655     0.875000         2189         8.00
     289.279     0.887500         2222         8.89
     295.423     0.900000         2253        10.00
     300.799     0.912500         2283        11.43
     310.015     0.925000         2314        13.33
     330.239     0.937500         2345        16.00
     337.663     0.943750         2361        17.78
     351.999     0.950000         2376        20.00
     389.119     0.956250         2393        22.86
     393.727     0.962500         2408        26.67
     397.823     0.968750         2424        32.00
     400.895     0.971875         2431        35.56
     404.735     0.975000         2439        40.00
     407.807     0.978125         2447        45.71
     435.199     0.981250         2455        53.33
     451.327     0.984375         2462        64.00
     487.935     0.985938         2466        71.11
     493.311     0.987500         2470        80.00
     499.199     0.989062         2474        91.43
     505.599     0.990625         2478       106.67
     511.231     0.992188         2482       128.00
     513.279     0.992969         2484       142.22
     531.455     0.993750         2486       160.00
     570.879     0.994531         2488       182.86
     591.871     0.995313         2490       213.33
     593.919     0.996094         2492       256.00
     594.943     0.996484         2493       284.44
     598.527     0.996875         2494       320.00
     603.647     0.997266         2495       365.71
     612.863     0.997656         2496       426.67
     616.447     0.998047         2497       512.00
     616.447     0.998242         2497       568.89
     630.783     0.998437         2498       640.00
     630.783     0.998633         2498       731.43
     639.487     0.998828         2499       853.33
     639.487     0.999023         2499      1024.00
     639.487     0.999121         2499      1137.78
     690.175     0.999219         2500      1280.00
     690.175     0.999316         2500      1462.86
     690.175     0.999414         2500      1706.67
     690.175     0.999512         2500      2048.00
     690.175     0.999561         2500      2275.56
     692.735     0.999609         2501      2560.00
     692.735     1.000000         2501          inf
#[Mean    =      137.785, StdDeviation   =      107.627]
#[Max     =      692.224, Total count    =         2501]
#[Buckets =           27, SubBuckets     =         2048]
-----------------------------------------------------------------------
  2993 requests in 1.00m, 0.89MB read
Requests/sec:     49.88  
Transfer/sec:     15.21KB
