Running 1m test @ http://10.97.218.196/?loopCount=25&base=6&exp=6
  5 threads and 5 connections

  Thread calibration: mean lat.: 92.701ms, rate sampling interval: 339ms
  Thread calibration: mean lat.: 85.802ms, rate sampling interval: 319ms
  Thread calibration: mean lat.: 89.610ms, rate sampling interval: 327ms
  Thread calibration: mean lat.: 87.822ms, rate sampling interval: 317ms
  Thread calibration: mean lat.: 99.548ms, rate sampling interval: 332ms

-----------------------------------------------------------------------
Test Results @ http://10.97.218.196/?loopCount=25&base=6&exp=6 
  Thread Stats   Avg      Stdev     99%   +/- Stdev
    Latency   106.44ms   62.88ms 286.21ms   75.71%
    Req/Sec     9.61      2.62    15.00     89.11%
  Latency Distribution (HdrHistogram - Recorded Latency)
 50.000%   92.16ms
 75.000%  158.21ms
 90.000%  176.90ms
 99.000%  286.21ms
 99.900%  367.61ms
 99.990%  481.02ms
 99.999%  481.02ms
100.000%  481.02ms

  Detailed Percentile spectrum:
       Value   Percentile   TotalCount 1/(1-Percentile)

      24.687     0.000000            1         1.00
      42.655     0.100000          252         1.11
      46.111     0.200000          502         1.25
      50.687     0.300000          753         1.43
      81.279     0.400000         1002         1.67
      92.159     0.500000         1252         2.00
      96.895     0.550000         1377         2.22
     107.903     0.600000         1502         2.50
     121.535     0.650000         1627         2.86
     140.543     0.700000         1753         3.33
     158.335     0.750000         1884         4.00
     159.871     0.775000         1940         4.44
     162.303     0.800000         2007         5.00
     164.991     0.825000         2068         5.71
     166.911     0.850000         2134         6.67
     171.007     0.875000         2191         8.00
     174.463     0.887500         2222         8.89
     176.895     0.900000         2254        10.00
     181.247     0.912500         2284        11.43
     185.855     0.925000         2316        13.33
     198.783     0.937500         2347        16.00
     213.887     0.943750         2363        17.78
     223.871     0.950000         2378        20.00
     234.751     0.956250         2394        22.86
     257.919     0.962500         2411        26.67
     261.247     0.968750         2425        32.00
     263.167     0.971875         2433        35.56
     264.447     0.975000         2441        40.00
     266.495     0.978125         2449        45.71
     269.567     0.981250         2457        53.33
     273.151     0.984375         2464        64.00
     275.711     0.985938         2468        71.11
     279.295     0.987500         2473        80.00
     285.183     0.989062         2476        91.43
     291.839     0.990625         2480       106.67
     314.623     0.992188         2484       128.00
     321.023     0.992969         2486       142.22
     324.095     0.993750         2488       160.00
     338.175     0.994531         2490       182.86
     361.727     0.995313         2492       213.33
     363.007     0.996094         2494       256.00
     363.263     0.996484         2495       284.44
     364.031     0.996875         2496       320.00
     365.055     0.997266         2497       365.71
     365.567     0.997656         2498       426.67
     366.335     0.998047         2499       512.00
     366.335     0.998242         2499       568.89
     367.615     0.998437         2500       640.00
     367.615     0.998633         2500       731.43
     373.759     0.998828         2501       853.33
     373.759     0.999023         2501      1024.00
     373.759     0.999121         2501      1137.78
     421.887     0.999219         2502      1280.00
     421.887     0.999316         2502      1462.86
     421.887     0.999414         2502      1706.67
     421.887     0.999512         2502      2048.00
     421.887     0.999561         2502      2275.56
     481.023     0.999609         2503      2560.00
     481.023     1.000000         2503          inf
#[Mean    =      106.438, StdDeviation   =       62.878]
#[Max     =      480.768, Total count    =         2503]
#[Buckets =           27, SubBuckets     =         2048]
-----------------------------------------------------------------------
  2993 requests in 1.00m, 0.89MB read
Requests/sec:     49.88  
Transfer/sec:     15.21KB
