Running 1m test @ http://10.109.115.86/?loopCount=25&base=6&exp=6
  1 threads and 1 connections

  Thread calibration: mean lat.: 3375.200ms, rate sampling interval: 12681ms

-----------------------------------------------------------------------
Test Results @ http://10.109.115.86/?loopCount=25&base=6&exp=6 
  Thread Stats   Avg      Stdev     99%   +/- Stdev
    Latency    23.76s     9.78s   40.86s    57.51%
    Req/Sec     7.00      0.00     7.00    100.00%
  Latency Distribution (HdrHistogram - Recorded Latency)
 50.000%   23.63s 
 75.000%   32.19s 
 90.000%   37.26s 
 99.000%   40.86s 
 99.900%   41.29s 
 99.990%   41.29s 
 99.999%   41.29s 
100.000%   41.29s 

  Detailed Percentile spectrum:
       Value   Percentile   TotalCount 1/(1-Percentile)

    6770.687     0.000000            1         1.00
   10330.111     0.100000           39         1.11
   13492.223     0.200000           78         1.25
   17203.199     0.300000          116         1.43
   20365.311     0.400000          155         1.67
   23625.727     0.500000          193         2.00
   25608.191     0.550000          213         2.22
   27049.983     0.600000          232         2.50
   28901.375     0.650000          251         2.86
   30572.543     0.700000          271         3.33
   32194.559     0.750000          290         4.00
   32915.455     0.775000          300         4.44
   33783.807     0.800000          309         5.00
   34373.631     0.825000          319         5.71
   35553.279     0.850000          329         6.67
   36241.407     0.875000          338         8.00
   36798.463     0.887500          343         8.89
   37257.215     0.900000          348        10.00
   37814.271     0.912500          353        11.43
   38404.095     0.925000          358        13.33
   38633.471     0.937500          362        16.00
   39026.687     0.943750          365        17.78
   39256.063     0.950000          367        20.00
   39518.207     0.956250          370        22.86
   39944.191     0.962500          372        26.67
   40075.263     0.968750          374        32.00
   40206.335     0.971875          376        35.56
   40271.871     0.975000          377        40.00
   40337.407     0.978125          378        45.71
   40468.479     0.981250          379        53.33
   40730.623     0.984375          380        64.00
   40796.159     0.985938          381        71.11
   40861.695     0.987500          382        80.00
   40861.695     0.989062          382        91.43
   40927.231     0.990625          383       106.67
   40927.231     0.992188          383       128.00
   41156.607     0.992969          384       142.22
   41156.607     0.993750          384       160.00
   41156.607     0.994531          384       182.86
   41222.143     0.995313          385       213.33
   41222.143     0.996094          385       256.00
   41222.143     0.996484          385       284.44
   41222.143     0.996875          385       320.00
   41222.143     0.997266          385       365.71
   41287.679     0.997656          386       426.67
   41287.679     1.000000          386          inf
#[Mean    =    23761.851, StdDeviation   =     9783.497]
#[Max     =    41254.912, Total count    =          386]
#[Buckets =           27, SubBuckets     =         2048]
-----------------------------------------------------------------------
  466 requests in 1.00m, 142.29KB read
Requests/sec:      7.77  
Transfer/sec:      2.37KB
