Running 1m test @ http://10.107.164.151/?loopCount=25&base=6&exp=6
  5 threads and 5 connections

  Thread calibration: mean lat.: 327.722ms, rate sampling interval: 1112ms
  Thread calibration: mean lat.: 434.672ms, rate sampling interval: 1579ms
  Thread calibration: mean lat.: 532.023ms, rate sampling interval: 2136ms
  Thread calibration: mean lat.: 637.552ms, rate sampling interval: 2129ms
  Thread calibration: mean lat.: 388.837ms, rate sampling interval: 1142ms

-----------------------------------------------------------------------
Test Results @ http://10.107.164.151/?loopCount=25&base=6&exp=6 
  Thread Stats   Avg      Stdev     99%   +/- Stdev
    Latency     3.17s     1.40s    6.18s    65.70%
    Req/Sec     8.50      1.08    11.00     94.51%
  Latency Distribution (HdrHistogram - Recorded Latency)
 50.000%    3.02s 
 75.000%    4.28s 
 90.000%    5.19s 
 99.000%    6.18s 
 99.900%    6.38s 
 99.990%    6.48s 
 99.999%    6.48s 
100.000%    6.48s 

  Detailed Percentile spectrum:
       Value   Percentile   TotalCount 1/(1-Percentile)

     662.527     0.000000            1         1.00
    1289.215     0.100000          227         1.11
    1872.895     0.200000          454         1.25
    2203.647     0.300000          682         1.43
    2504.703     0.400000          908         1.67
    3020.799     0.500000         1133         2.00
    3368.959     0.550000         1247         2.22
    3583.999     0.600000         1359         2.50
    3723.263     0.650000         1473         2.86
    3874.815     0.700000         1586         3.33
    4276.223     0.750000         1700         4.00
    4399.103     0.775000         1756         4.44
    4558.847     0.800000         1813         5.00
    4665.343     0.825000         1869         5.71
    4861.951     0.850000         1928         6.67
    4915.199     0.875000         1982         8.00
    4984.831     0.887500         2011         8.89
    5185.535     0.900000         2040        10.00
    5349.375     0.912500         2068        11.43
    5394.431     0.925000         2096        13.33
    5476.351     0.937500         2127        16.00
    5558.271     0.943750         2138        17.78
    5586.943     0.950000         2153        20.00
    5672.959     0.956250         2166        22.86
    5865.471     0.962500         2181        26.67
    5918.719     0.968750         2195        32.00
    5976.063     0.971875         2203        35.56
    5992.447     0.975000         2210        40.00
    6004.735     0.978125         2216        45.71
    6057.983     0.981250         2223        53.33
    6074.367     0.984375         2234        64.00
    6074.367     0.985938         2234        71.11
    6082.559     0.987500         2237        80.00
    6160.383     0.989062         2241        91.43
    6201.343     0.990625         2244       106.67
    6275.071     0.992188         2249       128.00
    6279.167     0.992969         2250       142.22
    6283.263     0.993750         2251       160.00
    6295.551     0.994531         2253       182.86
    6299.647     0.995313         2255       213.33
    6303.743     0.996094         2257       256.00
    6356.991     0.996484         2258       284.44
    6356.991     0.996875         2258       320.00
    6361.087     0.997266         2259       365.71
    6373.375     0.997656         2260       426.67
    6377.471     0.998047         2263       512.00
    6377.471     0.998242         2263       568.89
    6377.471     0.998437         2263       640.00
    6377.471     0.998633         2263       731.43
    6377.471     0.998828         2263       853.33
    6377.471     0.999023         2263      1024.00
    6402.047     0.999121         2264      1137.78
    6402.047     0.999219         2264      1280.00
    6402.047     0.999316         2264      1462.86
    6402.047     0.999414         2264      1706.67
    6402.047     0.999512         2264      2048.00
    6475.775     0.999561         2265      2275.56
    6475.775     1.000000         2265          inf
#[Mean    =     3167.606, StdDeviation   =     1403.803]
#[Max     =     6471.680, Total count    =         2265]
#[Buckets =           27, SubBuckets     =         2048]
-----------------------------------------------------------------------
  2716 requests in 1.00m, 828.92KB read
Requests/sec:     45.26  
Transfer/sec:     13.81KB
