Running 1m test @ http://10.105.168.171/?loopCount=25&base=6&exp=6
  1 threads and 1 connections

  Thread calibration: mean lat.: 791.803ms, rate sampling interval: 2732ms

-----------------------------------------------------------------------
Test Results @ http://10.105.168.171/?loopCount=25&base=6&exp=6 
  Thread Stats   Avg      Stdev     99%   +/- Stdev
    Latency     5.23s     2.17s    9.13s    57.40%
    Req/Sec    20.83      1.34    23.00     94.44%
  Latency Distribution (HdrHistogram - Recorded Latency)
 50.000%    5.21s 
 75.000%    7.34s 
 90.000%    8.02s 
 99.000%    9.13s 
 99.900%    9.27s 
 99.990%    9.27s 
 99.999%    9.27s 
100.000%    9.27s 

  Detailed Percentile spectrum:
       Value   Percentile   TotalCount 1/(1-Percentile)

    1676.287     0.000000            1         1.00
    2246.655     0.100000          107         1.11
    3303.423     0.200000          213         1.25
    3739.647     0.300000          319         1.43
    4259.839     0.400000          426         1.67
    5214.207     0.500000          538         2.00
    5513.215     0.550000          587         2.22
    5890.047     0.600000          638         2.50
    6377.471     0.650000          691         2.86
    6959.103     0.700000          744         3.33
    7335.935     0.750000          797         4.00
    7454.719     0.775000          823         4.44
    7520.255     0.800000          851         5.00
    7565.311     0.825000          876         5.71
    7659.519     0.850000          902         6.67
    7827.455     0.875000          930         8.00
    7888.895     0.887500          943         8.89
    8019.967     0.900000          955        10.00
    8237.055     0.912500          970        11.43
    8396.799     0.925000          983        13.33
    8699.903     0.937500          995        16.00
    8806.399     0.943750         1003        17.78
    8871.935     0.950000         1009        20.00
    8888.319     0.956250         1024        22.86
    8888.319     0.962500         1024        26.67
    8912.895     0.968750         1028        32.00
    8945.663     0.971875         1032        35.56
    8953.855     0.975000         1037        40.00
    8962.047     0.978125         1039        45.71
    9019.391     0.981250         1042        53.33
    9068.543     0.984375         1045        64.00
    9093.119     0.985938         1048        71.11
    9093.119     0.987500         1048        80.00
    9134.079     0.989062         1050        91.43
    9150.463     0.990625         1052       106.67
    9166.847     0.992188         1054       128.00
    9166.847     0.992969         1054       142.22
    9199.615     0.993750         1056       160.00
    9199.615     0.994531         1056       182.86
    9215.999     0.995313         1058       213.33
    9215.999     0.996094         1058       256.00
    9215.999     0.996484         1058       284.44
    9215.999     0.996875         1058       320.00
    9248.767     0.997266         1059       365.71
    9248.767     0.997656         1059       426.67
    9248.767     0.998047         1059       512.00
    9265.151     0.998242         1061       568.89
    9265.151     1.000000         1061          inf
#[Mean    =     5229.247, StdDeviation   =     2170.097]
#[Max     =     9256.960, Total count    =         1061]
#[Buckets =           27, SubBuckets     =         2048]
-----------------------------------------------------------------------
  1268 requests in 1.00m, 386.35KB read
Requests/sec:     21.13  
Transfer/sec:      6.44KB
