Running 1m test @ http://10.107.164.151/?loopCount=25&base=6&exp=6
  5 threads and 5 connections

  Thread calibration: mean lat.: 2041.820ms, rate sampling interval: 7041ms
  Thread calibration: mean lat.: 1771.319ms, rate sampling interval: 5783ms
  Thread calibration: mean lat.: 2345.780ms, rate sampling interval: 8511ms
  Thread calibration: mean lat.: 2164.080ms, rate sampling interval: 7602ms
  Thread calibration: mean lat.: 2006.179ms, rate sampling interval: 7225ms

-----------------------------------------------------------------------
Test Results @ http://10.107.164.151/?loopCount=25&base=6&exp=6 
  Thread Stats   Avg      Stdev     99%   +/- Stdev
    Latency    13.87s     5.73s   24.89s    58.92%
    Req/Sec     8.69      0.68    10.00     96.88%
  Latency Distribution (HdrHistogram - Recorded Latency)
 50.000%   13.86s 
 75.000%   18.91s 
 90.000%   21.56s 
 99.000%   24.89s 
 99.900%   25.90s 
 99.990%   26.02s 
 99.999%   26.02s 
100.000%   26.02s 

  Detailed Percentile spectrum:
       Value   Percentile   TotalCount 1/(1-Percentile)

    3575.807     0.000000            1         1.00
    6033.407     0.100000          230         1.11
    7933.951     0.200000          460         1.25
    9936.895     0.300000          690         1.43
   11755.519     0.400000          920         1.67
   13860.863     0.500000         1149         2.00
   14958.591     0.550000         1264         2.22
   16048.127     0.600000         1379         2.50
   17022.975     0.650000         1494         2.86
   17956.863     0.700000         1610         3.33
   18907.135     0.750000         1729         4.00
   19267.583     0.775000         1782         4.44
   19709.951     0.800000         1839         5.00
   20217.855     0.825000         1897         5.71
   20692.991     0.850000         1954         6.67
   21135.359     0.875000         2012         8.00
   21348.351     0.887500         2041         8.89
   21577.727     0.900000         2070        10.00
   21774.335     0.912500         2098        11.43
   22020.095     0.925000         2129        13.33
   22216.703     0.937500         2156        16.00
   22347.775     0.943750         2171        17.78
   22462.463     0.950000         2184        20.00
   22560.767     0.956250         2198        22.86
   22659.071     0.962500         2212        26.67
   22855.679     0.968750         2227        32.00
   22953.983     0.971875         2234        35.56
   23085.055     0.975000         2241        40.00
   23298.047     0.978125         2248        45.71
   23724.031     0.981250         2255        53.33
   24150.015     0.984375         2264        64.00
   24297.471     0.985938         2267        71.11
   24346.623     0.987500         2270        80.00
   24543.231     0.989062         2273        91.43
   24969.215     0.990625         2277       106.67
   25149.439     0.992188         2281       128.00
   25214.975     0.992969         2282       142.22
   25296.895     0.993750         2284       160.00
   25362.431     0.994531         2286       182.86
   25460.735     0.995313         2288       213.33
   25706.495     0.996094         2290       256.00
   25706.495     0.996484         2290       284.44
   25821.183     0.996875         2291       320.00
   25837.567     0.997266         2292       365.71
   25853.951     0.997656         2293       426.67
   25870.335     0.998047         2295       512.00
   25870.335     0.998242         2295       568.89
   25870.335     0.998437         2295       640.00
   25870.335     0.998633         2295       731.43
   25903.103     0.998828         2296       853.33
   25903.103     0.999023         2296      1024.00
   25903.103     0.999121         2296      1137.78
   25968.639     0.999219         2297      1280.00
   25968.639     0.999316         2297      1462.86
   25968.639     0.999414         2297      1706.67
   25968.639     0.999512         2297      2048.00
   25968.639     0.999561         2297      2275.56
   26017.791     0.999609         2298      2560.00
   26017.791     1.000000         2298          inf
#[Mean    =    13869.395, StdDeviation   =     5727.892]
#[Max     =    26001.408, Total count    =         2298]
#[Buckets =           27, SubBuckets     =         2048]
-----------------------------------------------------------------------
  2741 requests in 1.00m, 836.52KB read
Requests/sec:     45.68  
Transfer/sec:     13.94KB
