Running 1m test @ http://10.109.115.86/?loopCount=25&base=6&exp=6
  5 threads and 5 connections

  Thread calibration: mean lat.: 1872.432ms, rate sampling interval: 6717ms
  Thread calibration: mean lat.: 1800.270ms, rate sampling interval: 6549ms
  Thread calibration: mean lat.: 1603.467ms, rate sampling interval: 5984ms
  Thread calibration: mean lat.: 1881.778ms, rate sampling interval: 6746ms
  Thread calibration: mean lat.: 1787.661ms, rate sampling interval: 6275ms

-----------------------------------------------------------------------
Test Results @ http://10.109.115.86/?loopCount=25&base=6&exp=6 
  Thread Stats   Avg      Stdev     99%   +/- Stdev
    Latency    13.08s     5.56s   23.05s    57.51%
    Req/Sec     8.94      0.57    10.00    100.00%
  Latency Distribution (HdrHistogram - Recorded Latency)
 50.000%   12.94s 
 75.000%   17.92s 
 90.000%   20.86s 
 99.000%   23.05s 
 99.900%   23.76s 
 99.990%   23.76s 
 99.999%   23.76s 
100.000%   23.76s 

  Detailed Percentile spectrum:
       Value   Percentile   TotalCount 1/(1-Percentile)

    3559.423     0.000000            1         1.00
    5537.791     0.100000          232         1.11
    7249.919     0.200000          465         1.25
    9207.807     0.300000          697         1.43
   10928.127     0.400000          927         1.67
   12943.359     0.500000         1158         2.00
   13877.247     0.550000         1274         2.22
   14794.751     0.600000         1390         2.50
   15900.671     0.650000         1510         2.86
   16842.751     0.700000         1622         3.33
   17924.095     0.750000         1737         4.00
   18415.615     0.775000         1796         4.44
   18907.135     0.800000         1853         5.00
   19398.655     0.825000         1913         5.71
   19922.943     0.850000         1969         6.67
   20381.695     0.875000         2031         8.00
   20627.455     0.887500         2057         8.89
   20873.215     0.900000         2089        10.00
   21135.359     0.912500         2117        11.43
   21348.351     0.925000         2144        13.33
   21544.959     0.937500         2172        16.00
   21708.799     0.943750         2186        17.78
   21872.639     0.950000         2203        20.00
   21938.175     0.956250         2216        22.86
   22069.247     0.962500         2232        26.67
   22200.319     0.968750         2244        32.00
   22265.855     0.971875         2251        35.56
   22380.543     0.975000         2259        40.00
   22429.695     0.978125         2266        45.71
   22593.535     0.981250         2274        53.33
   22740.991     0.984375         2282        64.00
   22790.143     0.985938         2284        71.11
   22855.679     0.987500         2288        80.00
   23003.135     0.989062         2292        91.43
   23117.823     0.990625         2295       106.67
   23396.351     0.992188         2298       128.00
   23478.271     0.992969         2300       142.22
   23576.575     0.993750         2303       160.00
   23609.343     0.994531         2304       182.86
   23625.727     0.995313         2306       213.33
   23642.111     0.996094         2307       256.00
   23658.495     0.996484         2308       284.44
   23691.263     0.996875         2309       320.00
   23707.647     0.997266         2311       365.71
   23707.647     0.997656         2311       426.67
   23724.031     0.998047         2312       512.00
   23724.031     0.998242         2312       568.89
   23740.415     0.998437         2313       640.00
   23740.415     0.998633         2313       731.43
   23756.799     0.998828         2316       853.33
   23756.799     1.000000         2316          inf
#[Mean    =    13079.277, StdDeviation   =     5563.691]
#[Max     =    23740.416, Total count    =         2316]
#[Buckets =           27, SubBuckets     =         2048]
-----------------------------------------------------------------------
  2791 requests in 1.00m, 851.72KB read
Requests/sec:     46.51  
Transfer/sec:     14.19KB
