Running 1m test @ http://10.105.168.171/?loopCount=25&base=6&exp=6
  1 threads and 1 connections

  Thread calibration: mean lat.: 985.928ms, rate sampling interval: 2906ms

-----------------------------------------------------------------------
Test Results @ http://10.105.168.171/?loopCount=25&base=6&exp=6 
  Thread Stats   Avg      Stdev     99%   +/- Stdev
    Latency     7.14s     2.75s   11.67s    57.85%
    Req/Sec    19.41      1.09    22.00     88.24%
  Latency Distribution (HdrHistogram - Recorded Latency)
 50.000%    7.21s 
 75.000%    9.46s 
 90.000%   10.82s 
 99.000%   11.67s 
 99.900%   11.83s 
 99.990%   11.83s 
 99.999%   11.83s 
100.000%   11.83s 

  Detailed Percentile spectrum:
       Value   Percentile   TotalCount 1/(1-Percentile)

    2052.095     0.000000            1         1.00
    3323.903     0.100000          101         1.11
    4280.319     0.200000          202         1.25
    5296.127     0.300000          303         1.43
    6389.759     0.400000          404         1.67
    7213.055     0.500000          503         2.00
    7548.927     0.550000          555         2.22
    8122.367     0.600000          604         2.50
    8544.255     0.650000          654         2.86
    9158.655     0.700000          713         3.33
    9461.759     0.750000          755         4.00
    9625.599     0.775000          782         4.44
   10018.815     0.800000          805         5.00
   10272.767     0.825000          837         5.71
   10518.527     0.850000          856         6.67
   10633.215     0.875000          881         8.00
   10706.943     0.887500          894         8.89
   10870.783     0.900000          907        10.00
   10985.471     0.912500          919        11.43
   11116.543     0.925000          931        13.33
   11313.151     0.937500          945        16.00
   11362.303     0.943750          953        17.78
   11427.839     0.950000          956        20.00
   11452.415     0.956250          969        22.86
   11452.415     0.962500          969        26.67
   11542.527     0.968750          977        32.00
   11583.487     0.971875          979        35.56
   11616.255     0.975000          987        40.00
   11616.255     0.978125          987        45.71
   11624.447     0.981250          991        53.33
   11624.447     0.984375          991        64.00
   11640.831     0.985938          992        71.11
   11673.599     0.987500          997        80.00
   11673.599     0.989062          997        91.43
   11673.599     0.990625          997       106.67
   11698.175     0.992188          999       128.00
   11698.175     0.992969          999       142.22
   11722.751     0.993750         1000       160.00
   11763.711     0.994531         1002       182.86
   11763.711     0.995313         1002       213.33
   11804.671     0.996094         1004       256.00
   11804.671     0.996484         1004       284.44
   11804.671     0.996875         1004       320.00
   11804.671     0.997266         1004       365.71
   11804.671     0.997656         1004       426.67
   11829.247     0.998047         1006       512.00
   11829.247     1.000000         1006          inf
#[Mean    =     7143.115, StdDeviation   =     2754.292]
#[Max     =    11821.056, Total count    =         1006]
#[Buckets =           27, SubBuckets     =         2048]
-----------------------------------------------------------------------
  1204 requests in 1.00m, 366.86KB read
Requests/sec:     20.07  
Transfer/sec:      6.11KB
