Running 1m test @ http://10.105.168.171/?loopCount=25&base=6&exp=6
  1 threads and 1 connections

  Thread calibration: mean lat.: 874.709ms, rate sampling interval: 2922ms

-----------------------------------------------------------------------
Test Results @ http://10.105.168.171/?loopCount=25&base=6&exp=6 
  Thread Stats   Avg      Stdev     99%   +/- Stdev
    Latency     7.22s     2.59s   10.97s    60.39%
    Req/Sec    19.94      1.80    22.00     88.24%
  Latency Distribution (HdrHistogram - Recorded Latency)
 50.000%    7.59s 
 75.000%    9.45s 
 90.000%   10.33s 
 99.000%   10.97s 
 99.900%   10.99s 
 99.990%   10.99s 
 99.999%   10.99s 
100.000%   10.99s 

  Detailed Percentile spectrum:
       Value   Percentile   TotalCount 1/(1-Percentile)

    1804.287     0.000000            1         1.00
    3350.527     0.100000          102         1.11
    4378.623     0.200000          207         1.25
    5935.103     0.300000          306         1.43
    6770.687     0.400000          408         1.67
    7593.983     0.500000          511         2.00
    8060.927     0.550000          563         2.22
    8282.111     0.600000          617         2.50
    8691.711     0.650000          668         2.86
    8994.815     0.700000          714         3.33
    9445.375     0.750000          765         4.00
    9666.559     0.775000          798         4.44
    9707.519     0.800000          819         5.00
    9805.823     0.825000          851         5.71
    9887.743     0.850000          870         6.67
   10100.735     0.875000          894         8.00
   10239.999     0.887500          906         8.89
   10330.111     0.900000          918        10.00
   10559.487     0.912500          938        11.43
   10608.639     0.925000          944        13.33
   10682.367     0.937500          957        16.00
   10797.055     0.943750          963        17.78
   10878.975     0.950000          969        20.00
   10936.319     0.956250          986        22.86
   10936.319     0.962500          986        26.67
   10960.895     0.968750         1004        32.00
   10960.895     0.971875         1004        35.56
   10960.895     0.975000         1004        40.00
   10960.895     0.978125         1004        45.71
   10960.895     0.981250         1004        53.33
   10969.087     0.984375         1014        64.00
   10969.087     0.985938         1014        71.11
   10969.087     0.987500         1014        80.00
   10969.087     0.989062         1014        91.43
   10969.087     0.990625         1014       106.67
   10969.087     0.992188         1014       128.00
   10969.087     0.992969         1014       142.22
   10969.087     0.993750         1014       160.00
   10977.279     0.994531         1016       182.86
   10977.279     0.995313         1016       213.33
   10985.471     0.996094         1020       256.00
   10985.471     1.000000         1020          inf
#[Mean    =     7218.435, StdDeviation   =     2586.262]
#[Max     =    10977.280, Total count    =         1020]
#[Buckets =           27, SubBuckets     =         2048]
-----------------------------------------------------------------------
  1225 requests in 1.00m, 373.25KB read
Requests/sec:     20.41  
Transfer/sec:      6.22KB
