Running 1m test @ http://10.104.225.39/?loopCount=25&base=6&exp=6
  5 threads and 5 connections

  Thread calibration: mean lat.: 73.476ms, rate sampling interval: 270ms
  Thread calibration: mean lat.: 50.373ms, rate sampling interval: 124ms
  Thread calibration: mean lat.: 64.529ms, rate sampling interval: 247ms
  Thread calibration: mean lat.: 73.664ms, rate sampling interval: 269ms
  Thread calibration: mean lat.: 81.286ms, rate sampling interval: 294ms

-----------------------------------------------------------------------
Test Results @ http://10.104.225.39/?loopCount=25&base=6&exp=6 
  Thread Stats   Avg      Stdev     99%   +/- Stdev
    Latency    80.54ms   56.53ms 259.58ms   87.39%
    Req/Sec     9.79      3.69    18.00     83.13%
  Latency Distribution (HdrHistogram - Recorded Latency)
 50.000%   49.63ms
 75.000%  116.48ms
 90.000%  146.56ms
 99.000%  259.58ms
 99.900%  334.85ms
 99.990%  345.86ms
 99.999%  345.86ms
100.000%  345.86ms

  Detailed Percentile spectrum:
       Value   Percentile   TotalCount 1/(1-Percentile)

      22.415     0.000000            1         1.00
      40.703     0.100000          266         1.11
      41.119     0.200000          507         1.25
      41.631     0.300000          750         1.43
      45.023     0.400000         1002         1.67
      49.631     0.500000         1250         2.00
      54.783     0.550000         1375         2.22
      63.039     0.600000         1500         2.50
      75.135     0.650000         1625         2.86
     113.471     0.700000         1752         3.33
     116.543     0.750000         1875         4.00
     119.359     0.775000         1938         4.44
     122.175     0.800000         2000         5.00
     124.479     0.825000         2065         5.71
     129.599     0.850000         2125         6.67
     136.575     0.875000         2187         8.00
     140.415     0.887500         2218         8.89
     146.559     0.900000         2250        10.00
     153.215     0.912500         2281        11.43
     163.327     0.925000         2312        13.33
     212.223     0.937500         2343        16.00
     214.527     0.943750         2360        17.78
     216.447     0.950000         2375        20.00
     218.623     0.956250         2390        22.86
     221.567     0.962500         2406        26.67
     225.151     0.968750         2421        32.00
     228.223     0.971875         2429        35.56
     231.167     0.975000         2437        40.00
     233.855     0.978125         2445        45.71
     239.359     0.981250         2453        53.33
     244.479     0.984375         2460        64.00
     246.527     0.985938         2465        71.11
     252.543     0.987500         2468        80.00
     257.407     0.989062         2472        91.43
     274.687     0.990625         2476       106.67
     313.087     0.992188         2480       128.00
     315.135     0.992969         2482       142.22
     317.695     0.993750         2484       160.00
     319.231     0.994531         2486       182.86
     323.583     0.995313         2489       213.33
     323.839     0.996094         2490       256.00
     324.095     0.996484         2491       284.44
     331.775     0.996875         2493       320.00
     331.775     0.997266         2493       365.71
     332.031     0.997656         2494       426.67
     332.799     0.998047         2495       512.00
     332.799     0.998242         2495       568.89
     333.311     0.998437         2496       640.00
     333.311     0.998633         2496       731.43
     334.847     0.998828         2497       853.33
     334.847     0.999023         2497      1024.00
     334.847     0.999121         2497      1137.78
     341.247     0.999219         2498      1280.00
     341.247     0.999316         2498      1462.86
     341.247     0.999414         2498      1706.67
     341.247     0.999512         2498      2048.00
     341.247     0.999561         2498      2275.56
     345.855     0.999609         2499      2560.00
     345.855     1.000000         2499          inf
#[Mean    =       80.544, StdDeviation   =       56.534]
#[Max     =      345.600, Total count    =         2499]
#[Buckets =           27, SubBuckets     =         2048]
-----------------------------------------------------------------------
  2993 requests in 1.00m, 0.89MB read
Requests/sec:     49.88  
Transfer/sec:     15.21KB
