Running 1m test @ http://10.104.225.39/?loopCount=25&base=6&exp=6
  5 threads and 5 connections

  Thread calibration: mean lat.: 115.471ms, rate sampling interval: 505ms
  Thread calibration: mean lat.: 118.934ms, rate sampling interval: 510ms
  Thread calibration: mean lat.: 81.204ms, rate sampling interval: 309ms
  Thread calibration: mean lat.: 69.688ms, rate sampling interval: 268ms
  Thread calibration: mean lat.: 74.393ms, rate sampling interval: 276ms

-----------------------------------------------------------------------
Test Results @ http://10.104.225.39/?loopCount=25&base=6&exp=6 
  Thread Stats   Avg      Stdev     99%   +/- Stdev
    Latency   103.16ms   76.43ms 351.74ms   86.32%
    Req/Sec     9.36      2.87    18.00     83.98%
  Latency Distribution (HdrHistogram - Recorded Latency)
 50.000%   68.16ms
 75.000%  140.54ms
 90.000%  231.42ms
 99.000%  351.74ms
 99.900%  492.80ms
 99.990%  552.45ms
 99.999%  552.45ms
100.000%  552.45ms

  Detailed Percentile spectrum:
       Value   Percentile   TotalCount 1/(1-Percentile)

      21.679     0.000000            1         1.00
      40.575     0.100000          260         1.11
      40.927     0.200000          499         1.25
      42.079     0.300000          748         1.43
      64.671     0.400000          998         1.67
      68.159     0.500000         1247         2.00
      75.967     0.550000         1371         2.22
      89.663     0.600000         1496         2.50
     130.111     0.650000         1621         2.86
     135.935     0.700000         1745         3.33
     140.543     0.750000         1872         4.00
     143.359     0.775000         1932         4.44
     149.631     0.800000         1999         5.00
     157.183     0.825000         2056         5.71
     167.551     0.850000         2119         6.67
     183.039     0.875000         2181         8.00
     203.647     0.887500         2212         8.89
     231.423     0.900000         2243        10.00
     234.239     0.912500         2274        11.43
     237.439     0.925000         2306        13.33
     243.071     0.937500         2337        16.00
     246.143     0.943750         2352        17.78
     250.239     0.950000         2368        20.00
     258.303     0.956250         2383        22.86
     265.215     0.962500         2399        26.67
     283.647     0.968750         2415        32.00
     290.047     0.971875         2422        35.56
     302.591     0.975000         2430        40.00
     331.775     0.978125         2438        45.71
     338.687     0.981250         2447        53.33
     343.807     0.984375         2454        64.00
     346.367     0.985938         2457        71.11
     348.927     0.987500         2461        80.00
     349.951     0.989062         2465        91.43
     353.535     0.990625         2469       106.67
     357.631     0.992188         2473       128.00
     360.191     0.992969         2475       142.22
     366.335     0.993750         2477       160.00
     372.735     0.994531         2479       182.86
     393.727     0.995313         2481       213.33
     429.823     0.996094         2483       256.00
     432.639     0.996484         2484       284.44
     434.943     0.996875         2485       320.00
     435.455     0.997266         2486       365.71
     441.343     0.997656         2487       426.67
     453.887     0.998047         2489       512.00
     453.887     0.998242         2489       568.89
     453.887     0.998437         2489       640.00
     453.887     0.998633         2489       731.43
     492.799     0.998828         2490       853.33
     492.799     0.999023         2490      1024.00
     492.799     0.999121         2490      1137.78
     530.431     0.999219         2491      1280.00
     530.431     0.999316         2491      1462.86
     530.431     0.999414         2491      1706.67
     530.431     0.999512         2491      2048.00
     530.431     0.999561         2491      2275.56
     552.447     0.999609         2492      2560.00
     552.447     1.000000         2492          inf
#[Mean    =      103.157, StdDeviation   =       76.432]
#[Max     =      551.936, Total count    =         2492]
#[Buckets =           27, SubBuckets     =         2048]
-----------------------------------------------------------------------
  2987 requests in 1.00m, 0.89MB read
Requests/sec:     49.78  
Transfer/sec:     15.18KB
