Running 1m test @ http://10.96.164.126/?loopCount=25&base=6&exp=6
  5 threads and 5 connections

  Thread calibration: mean lat.: 86.331ms, rate sampling interval: 324ms
  Thread calibration: mean lat.: 89.238ms, rate sampling interval: 317ms
  Thread calibration: mean lat.: 77.490ms, rate sampling interval: 317ms
  Thread calibration: mean lat.: 85.838ms, rate sampling interval: 322ms
  Thread calibration: mean lat.: 78.442ms, rate sampling interval: 317ms

-----------------------------------------------------------------------
Test Results @ http://10.96.164.126/?loopCount=25&base=6&exp=6 
  Thread Stats   Avg      Stdev     99%   +/- Stdev
    Latency    92.09ms   57.51ms 267.52ms   76.20%
    Req/Sec     9.58      2.63    15.00     91.67%
  Latency Distribution (HdrHistogram - Recorded Latency)
 50.000%   83.26ms
 75.000%  114.18ms
 90.000%  168.57ms
 99.000%  267.52ms
 99.900%  359.42ms
 99.990%  371.45ms
 99.999%  371.45ms
100.000%  371.45ms

  Detailed Percentile spectrum:
       Value   Percentile   TotalCount 1/(1-Percentile)

      21.791     0.000000            1         1.00
      40.735     0.100000          265         1.11
      41.311     0.200000          504         1.25
      42.079     0.300000          753         1.43
      61.855     0.400000         1001         1.67
      83.263     0.500000         1251         2.00
      88.959     0.550000         1377         2.22
      90.495     0.600000         1501         2.50
      94.143     0.650000         1625         2.86
     100.223     0.700000         1750         3.33
     114.175     0.750000         1875         4.00
     142.463     0.775000         1938         4.44
     157.567     0.800000         2008         5.00
     158.847     0.825000         2063         5.71
     161.919     0.850000         2128         6.67
     166.015     0.875000         2191         8.00
     167.423     0.887500         2225         8.89
     168.575     0.900000         2252        10.00
     171.391     0.912500         2282        11.43
     176.767     0.925000         2313        13.33
     181.247     0.937500         2344        16.00
     184.319     0.943750         2360        17.78
     189.951     0.950000         2375        20.00
     197.759     0.956250         2391        22.86
     205.695     0.962500         2407        26.67
     220.415     0.968750         2422        32.00
     255.487     0.971875         2430        35.56
     256.767     0.975000         2438        40.00
     257.663     0.978125         2446        45.71
     260.479     0.981250         2454        53.33
     263.423     0.984375         2464        64.00
     264.191     0.985938         2465        71.11
     265.215     0.987500         2469        80.00
     265.983     0.989062         2473        91.43
     268.031     0.990625         2478       106.67
     272.383     0.992188         2481       128.00
     275.711     0.992969         2483       142.22
     276.991     0.993750         2485       160.00
     281.087     0.994531         2487       182.86
     289.791     0.995313         2489       213.33
     291.839     0.996094         2491       256.00
     295.935     0.996484         2492       284.44
     296.959     0.996875         2493       320.00
     311.551     0.997266         2494       365.71
     336.639     0.997656         2495       426.67
     357.119     0.998047         2496       512.00
     357.119     0.998242         2496       568.89
     358.399     0.998437         2497       640.00
     358.399     0.998633         2497       731.43
     359.423     0.998828         2498       853.33
     359.423     0.999023         2498      1024.00
     359.423     0.999121         2498      1137.78
     366.079     0.999219         2499      1280.00
     366.079     0.999316         2499      1462.86
     366.079     0.999414         2499      1706.67
     366.079     0.999512         2499      2048.00
     366.079     0.999561         2499      2275.56
     371.455     0.999609         2500      2560.00
     371.455     1.000000         2500          inf
#[Mean    =       92.088, StdDeviation   =       57.512]
#[Max     =      371.200, Total count    =         2500]
#[Buckets =           27, SubBuckets     =         2048]
-----------------------------------------------------------------------
  2993 requests in 1.00m, 0.89MB read
Requests/sec:     49.88  
Transfer/sec:     15.21KB
