Running 1m test @ http://10.96.158.146/?loopCount=25&base=6&exp=6
  5 threads and 5 connections

  Thread calibration: mean lat.: 397.150ms, rate sampling interval: 1334ms
  Thread calibration: mean lat.: 624.181ms, rate sampling interval: 1916ms
  Thread calibration: mean lat.: 272.044ms, rate sampling interval: 904ms
  Thread calibration: mean lat.: 446.517ms, rate sampling interval: 1319ms
  Thread calibration: mean lat.: 487.352ms, rate sampling interval: 1315ms

-----------------------------------------------------------------------
Test Results @ http://10.96.158.146/?loopCount=25&base=6&exp=6 
  Thread Stats   Avg      Stdev     99%   +/- Stdev
    Latency     1.85s     1.28s    6.14s    78.99%
    Req/Sec     8.92      1.52    13.00     88.08%
  Latency Distribution (HdrHistogram - Recorded Latency)
 50.000%    1.45s 
 75.000%    2.46s 
 90.000%    3.63s 
 99.000%    6.14s 
 99.900%    6.35s 
 99.990%    6.37s 
 99.999%    6.37s 
100.000%    6.37s 

  Detailed Percentile spectrum:
       Value   Percentile   TotalCount 1/(1-Percentile)

     126.143     0.000000            1         1.00
     639.487     0.100000          237         1.11
     860.159     0.200000          476         1.25
    1060.863     0.300000          711         1.43
    1264.639     0.400000          946         1.67
    1446.911     0.500000         1183         2.00
    1551.359     0.550000         1301         2.22
    1747.967     0.600000         1419         2.50
    1948.671     0.650000         1539         2.86
    2150.399     0.700000         1660         3.33
    2457.599     0.750000         1774         4.00
    2637.823     0.775000         1834         4.44
    2729.983     0.800000         1892         5.00
    2842.623     0.825000         1953         5.71
    2934.783     0.850000         2011         6.67
    3049.471     0.875000         2070         8.00
    3158.015     0.887500         2100         8.89
    3633.151     0.900000         2129        10.00
    3846.143     0.912500         2160        11.43
    4075.519     0.925000         2188        13.33
    4251.647     0.937500         2218        16.00
    4546.559     0.943750         2232        17.78
    4759.551     0.950000         2247        20.00
    4857.855     0.956250         2262        22.86
    5234.687     0.962500         2277        26.67
    5447.679     0.968750         2293        32.00
    5631.999     0.971875         2299        35.56
    5689.343     0.975000         2306        40.00
    5750.783     0.978125         2314        45.71
    5881.855     0.981250         2321        53.33
    5967.871     0.984375         2329        64.00
    6057.983     0.985938         2332        71.11
    6127.615     0.987500         2336        80.00
    6143.999     0.989062         2341        91.43
    6152.191     0.990625         2344       106.67
    6164.479     0.992188         2347       128.00
    6254.591     0.992969         2349       142.22
    6258.687     0.993750         2352       160.00
    6262.783     0.994531         2354       182.86
    6262.783     0.995313         2354       213.33
    6336.511     0.996094         2356       256.00
    6348.799     0.996484         2359       284.44
    6348.799     0.996875         2359       320.00
    6348.799     0.997266         2359       365.71
    6352.895     0.997656         2364       426.67
    6352.895     0.998047         2364       512.00
    6352.895     0.998242         2364       568.89
    6352.895     0.998437         2364       640.00
    6352.895     0.998633         2364       731.43
    6352.895     0.998828         2364       853.33
    6352.895     0.999023         2364      1024.00
    6352.895     0.999121         2364      1137.78
    6352.895     0.999219         2364      1280.00
    6352.895     0.999316         2364      1462.86
    6352.895     0.999414         2364      1706.67
    6352.895     0.999512         2364      2048.00
    6352.895     0.999561         2364      2275.56
    6365.183     0.999609         2365      2560.00
    6365.183     1.000000         2365          inf
#[Mean    =     1848.560, StdDeviation   =     1278.180]
#[Max     =     6361.088, Total count    =         2365]
#[Buckets =           27, SubBuckets     =         2048]
-----------------------------------------------------------------------
  2825 requests in 1.00m, 862.07KB read
Requests/sec:     47.08  
Transfer/sec:     14.37KB
