Running 1m test @ http://10.100.134.99/?loopCount=25&base=6&exp=6
  1 threads and 1 connections

  Thread calibration: mean lat.: 2599.654ms, rate sampling interval: 11886ms

-----------------------------------------------------------------------
Test Results @ http://10.100.134.99/?loopCount=25&base=6&exp=6 
  Thread Stats   Avg      Stdev     99%   +/- Stdev
    Latency    24.70s    10.27s   42.01s    55.77%
    Req/Sec     6.75      0.43     7.00    100.00%
  Latency Distribution (HdrHistogram - Recorded Latency)
 50.000%   24.61s 
 75.000%   33.82s 
 90.000%   38.57s 
 99.000%   42.01s 
 99.900%   42.53s 
 99.990%   42.53s 
 99.999%   42.53s 
100.000%   42.53s 

  Detailed Percentile spectrum:
       Value   Percentile   TotalCount 1/(1-Percentile)

    6778.879     0.000000            1         1.00
   10600.447     0.100000           36         1.11
   13705.215     0.200000           71         1.25
   17350.655     0.300000          107         1.43
   20971.519     0.400000          142         1.67
   24608.767     0.500000          178         2.00
   26902.527     0.550000          196         2.22
   28409.855     0.600000          213         2.50
   30212.095     0.650000          231         2.86
   31866.879     0.700000          249         3.33
   33947.647     0.750000          267         4.00
   34897.919     0.775000          276         4.44
   35520.511     0.800000          284         5.00
   36208.639     0.825000          293         5.71
   37060.607     0.850000          302         6.67
   37879.807     0.875000          311         8.00
   38305.791     0.887500          316         8.89
   38567.935     0.900000          320        10.00
   38895.615     0.912500          324        11.43
   39321.599     0.925000          329        13.33
   39714.815     0.937500          333        16.00
   40009.727     0.943750          336        17.78
   40402.943     0.950000          338        20.00
   40632.319     0.956250          340        22.86
   40861.695     0.962500          342        26.67
   41189.375     0.968750          344        32.00
   41320.447     0.971875          346        35.56
   41549.823     0.975000          347        40.00
   41615.359     0.978125          348        45.71
   41779.199     0.981250          349        53.33
   41943.039     0.984375          350        64.00
   42008.575     0.985938          351        71.11
   42008.575     0.987500          351        80.00
   42172.415     0.989062          352        91.43
   42172.415     0.990625          352       106.67
   42237.951     0.992188          353       128.00
   42237.951     0.992969          353       142.22
   42237.951     0.993750          353       160.00
   42369.023     0.994531          354       182.86
   42369.023     0.995313          354       213.33
   42369.023     0.996094          354       256.00
   42369.023     0.996484          354       284.44
   42369.023     0.996875          354       320.00
   42532.863     0.997266          355       365.71
   42532.863     1.000000          355          inf
#[Mean    =    24696.780, StdDeviation   =    10266.507]
#[Max     =    42500.096, Total count    =          355]
#[Buckets =           27, SubBuckets     =         2048]
-----------------------------------------------------------------------
  436 requests in 1.00m, 133.18KB read
Requests/sec:      7.27  
Transfer/sec:      2.22KB
