Running 1m test @ http://10.96.164.126/?loopCount=25&base=6&exp=6
  1 threads and 1 connections

  Thread calibration: mean lat.: 1516.512ms, rate sampling interval: 5558ms

-----------------------------------------------------------------------
Test Results @ http://10.96.164.126/?loopCount=25&base=6&exp=6 
  Thread Stats   Avg      Stdev     99%   +/- Stdev
    Latency    11.34s     4.86s   19.63s    57.79%
    Req/Sec    16.38      0.48    17.00    100.00%
  Latency Distribution (HdrHistogram - Recorded Latency)
 50.000%   11.29s 
 75.000%   15.38s 
 90.000%   18.24s 
 99.000%   19.63s 
 99.900%   19.71s 
 99.990%   19.74s 
 99.999%   19.74s 
100.000%   19.74s 

  Detailed Percentile spectrum:
       Value   Percentile   TotalCount 1/(1-Percentile)

    3153.919     0.000000            1         1.00
    4640.767     0.100000           84         1.11
    6127.615     0.200000          167         1.25
    7970.815     0.300000          251         1.43
    9592.831     0.400000          334         1.67
   11288.575     0.500000          420         2.00
   12115.967     0.550000          460         2.22
   13033.471     0.600000          502         2.50
   13705.215     0.650000          543         2.86
   14557.183     0.700000          584         3.33
   15384.575     0.750000          626         4.00
   15736.831     0.775000          647         4.44
   16277.503     0.800000          668         5.00
   16826.367     0.825000          689         5.71
   17350.655     0.850000          709         6.67
   17727.487     0.875000          731         8.00
   17956.863     0.887500          741         8.89
   18235.391     0.900000          751        10.00
   18497.535     0.912500          763        11.43
   18726.911     0.925000          772        13.33
   18989.055     0.937500          783        16.00
   19103.743     0.943750          788        17.78
   19267.583     0.950000          794        20.00
   19382.271     0.956250          799        22.86
   19464.191     0.962500          804        26.67
   19578.879     0.968750          816        32.00
   19578.879     0.971875          816        35.56
   19578.879     0.975000          816        40.00
   19578.879     0.978125          816        45.71
   19611.647     0.981250          823        53.33
   19611.647     0.984375          823        64.00
   19611.647     0.985938          823        71.11
   19628.031     0.987500          828        80.00
   19628.031     0.989062          828        91.43
   19628.031     0.990625          828       106.67
   19628.031     0.992188          828       128.00
   19644.415     0.992969          830       142.22
   19644.415     0.993750          830       160.00
   19644.415     0.994531          830       182.86
   19660.799     0.995313          831       213.33
   19660.799     0.996094          831       256.00
   19709.951     0.996484          833       284.44
   19709.951     0.996875          833       320.00
   19709.951     0.997266          833       365.71
   19709.951     0.997656          833       426.67
   19709.951     0.998047          833       512.00
   19709.951     0.998242          833       568.89
   19709.951     0.998437          833       640.00
   19709.951     0.998633          833       731.43
   19742.719     0.998828          834       853.33
   19742.719     1.000000          834          inf
#[Mean    =    11340.191, StdDeviation   =     4859.038]
#[Max     =    19726.336, Total count    =          834]
#[Buckets =           27, SubBuckets     =         2048]
-----------------------------------------------------------------------
  1005 requests in 1.00m, 306.22KB read
Requests/sec:     16.75  
Transfer/sec:      5.10KB
