Running 1m test @ http://10.109.115.86/?loopCount=25&base=6&exp=6
  5 threads and 5 connections

  Thread calibration: mean lat.: 490.675ms, rate sampling interval: 1451ms
  Thread calibration: mean lat.: 335.779ms, rate sampling interval: 1097ms
  Thread calibration: mean lat.: 530.328ms, rate sampling interval: 2230ms
  Thread calibration: mean lat.: 200.306ms, rate sampling interval: 560ms
  Thread calibration: mean lat.: 703.162ms, rate sampling interval: 2381ms

-----------------------------------------------------------------------
Test Results @ http://10.109.115.86/?loopCount=25&base=6&exp=6 
  Thread Stats   Avg      Stdev     99%   +/- Stdev
    Latency     2.42s     1.08s    4.73s    66.12%
    Req/Sec     8.81      1.38    12.00     93.81%
  Latency Distribution (HdrHistogram - Recorded Latency)
 50.000%    2.43s 
 75.000%    3.29s 
 90.000%    3.87s 
 99.000%    4.73s 
 99.900%    4.93s 
 99.990%    4.94s 
 99.999%    4.94s 
100.000%    4.94s 

  Detailed Percentile spectrum:
       Value   Percentile   TotalCount 1/(1-Percentile)

      54.559     0.000000            1         1.00
    1136.639     0.100000          234         1.11
    1432.575     0.200000          467         1.25
    1732.607     0.300000          700         1.43
    1972.223     0.400000          933         1.67
    2426.879     0.500000         1166         2.00
    2545.663     0.550000         1284         2.22
    2732.031     0.600000         1407         2.50
    2910.207     0.650000         1517         2.86
    3106.815     0.700000         1634         3.33
    3287.039     0.750000         1751         4.00
    3338.239     0.775000         1808         4.44
    3426.303     0.800000         1866         5.00
    3491.839     0.825000         1924         5.71
    3540.991     0.850000         1983         6.67
    3672.063     0.875000         2041         8.00
    3778.559     0.887500         2072         8.89
    3870.719     0.900000         2099        10.00
    3944.447     0.912500         2129        11.43
    4046.847     0.925000         2158        13.33
    4186.111     0.937500         2187        16.00
    4235.263     0.943750         2201        17.78
    4284.415     0.950000         2216        20.00
    4325.375     0.956250         2230        22.86
    4456.447     0.962500         2245        26.67
    4505.599     0.968750         2260        32.00
    4554.751     0.971875         2267        35.56
    4583.423     0.975000         2276        40.00
    4599.807     0.978125         2282        45.71
    4607.999     0.981250         2291        53.33
    4632.575     0.984375         2299        64.00
    4636.671     0.985938         2300        71.11
    4661.247     0.987500         2303        80.00
    4702.207     0.989062         2307        91.43
    4734.975     0.990625         2311       106.67
    4747.263     0.992188         2314       128.00
    4804.607     0.992969         2316       142.22
    4833.279     0.993750         2319       160.00
    4837.375     0.994531         2320       182.86
    4874.239     0.995313         2322       213.33
    4878.335     0.996094         2324       256.00
    4878.335     0.996484         2324       284.44
    4894.719     0.996875         2325       320.00
    4902.911     0.997266         2326       365.71
    4907.007     0.997656         2327       426.67
    4927.487     0.998047         2328       512.00
    4927.487     0.998242         2328       568.89
    4931.583     0.998437         2331       640.00
    4931.583     0.998633         2331       731.43
    4931.583     0.998828         2331       853.33
    4931.583     0.999023         2331      1024.00
    4931.583     0.999121         2331      1137.78
    4931.583     0.999219         2331      1280.00
    4931.583     0.999316         2331      1462.86
    4931.583     0.999414         2331      1706.67
    4931.583     0.999512         2331      2048.00
    4931.583     0.999561         2331      2275.56
    4939.775     0.999609         2332      2560.00
    4939.775     1.000000         2332          inf
#[Mean    =     2422.356, StdDeviation   =     1077.473]
#[Max     =     4935.680, Total count    =         2332]
#[Buckets =           27, SubBuckets     =         2048]
-----------------------------------------------------------------------
  2794 requests in 1.00m, 852.62KB read
Requests/sec:     46.56  
Transfer/sec:     14.21KB
