Running 1m test @ http://10.100.185.202/?loopCount=25&base=6&exp=6
  5 threads and 5 connections

  Thread calibration: mean lat.: 786.798ms, rate sampling interval: 3049ms
  Thread calibration: mean lat.: 1092.272ms, rate sampling interval: 4440ms
  Thread calibration: mean lat.: 785.993ms, rate sampling interval: 3045ms
  Thread calibration: mean lat.: 705.645ms, rate sampling interval: 2220ms
  Thread calibration: mean lat.: 1162.100ms, rate sampling interval: 4587ms

-----------------------------------------------------------------------
Test Results @ http://10.100.185.202/?loopCount=25&base=6&exp=6 
  Thread Stats   Avg      Stdev     99%   +/- Stdev
    Latency     5.28s     2.71s   12.03s    65.62%
    Req/Sec    12.44      1.67    16.00     92.00%
  Latency Distribution (HdrHistogram - Recorded Latency)
 50.000%    4.93s 
 75.000%    6.79s 
 90.000%    9.28s 
 99.000%   12.03s 
 99.900%   12.50s 
 99.990%   12.53s 
 99.999%   12.53s 
100.000%   12.53s 

  Detailed Percentile spectrum:
       Value   Percentile   TotalCount 1/(1-Percentile)

    1202.175     0.000000            1         1.00
    1936.383     0.100000          322         1.11
    2682.879     0.200000          643         1.25
    3348.479     0.300000          965         1.43
    4313.087     0.400000         1286         1.67
    4931.583     0.500000         1606         2.00
    5197.823     0.550000         1768         2.22
    5574.655     0.600000         1927         2.50
    5980.159     0.650000         2090         2.86
    6324.223     0.700000         2249         3.33
    6787.071     0.750000         2409         4.00
    7073.791     0.775000         2490         4.44
    7712.767     0.800000         2569         5.00
    8060.927     0.825000         2650         5.71
    8327.167     0.850000         2730         6.67
    8830.975     0.875000         2813         8.00
    9166.847     0.887500         2850         8.89
    9281.535     0.900000         2892        10.00
    9453.567     0.912500         2932        11.43
    9961.471     0.925000         2971        13.33
   10395.647     0.937500         3011        16.00
   10518.527     0.943750         3031        17.78
   10682.367     0.950000         3052        20.00
   11042.815     0.956250         3072        22.86
   11182.079     0.962500         3091        26.67
   11337.727     0.968750         3111        32.00
   11485.183     0.971875         3122        35.56
   11591.679     0.975000         3131        40.00
   11788.287     0.978125         3142        45.71
   11837.439     0.981250         3151        53.33
   11894.783     0.984375         3161        64.00
   11960.319     0.985938         3167        71.11
   11984.895     0.987500         3171        80.00
   12017.663     0.989062         3176        91.43
   12066.815     0.990625         3181       106.67
   12140.543     0.992188         3186       128.00
   12189.695     0.992969         3189       142.22
   12263.423     0.993750         3191       160.00
   12361.727     0.994531         3194       182.86
   12419.071     0.995313         3196       213.33
   12443.647     0.996094         3199       256.00
   12451.839     0.996484         3200       284.44
   12460.031     0.996875         3202       320.00
   12476.415     0.997266         3204       365.71
   12476.415     0.997656         3204       426.67
   12484.607     0.998047         3207       512.00
   12484.607     0.998242         3207       568.89
   12484.607     0.998437         3207       640.00
   12484.607     0.998633         3207       731.43
   12500.991     0.998828         3209       853.33
   12500.991     0.999023         3209      1024.00
   12500.991     0.999121         3209      1137.78
   12500.991     0.999219         3209      1280.00
   12500.991     0.999316         3209      1462.86
   12509.183     0.999414         3210      1706.67
   12509.183     0.999512         3210      2048.00
   12509.183     0.999561         3210      2275.56
   12509.183     0.999609         3210      2560.00
   12509.183     0.999658         3210      2925.71
   12525.567     0.999707         3211      3413.33
   12525.567     1.000000         3211          inf
#[Mean    =     5279.454, StdDeviation   =     2709.310]
#[Max     =    12517.376, Total count    =         3211]
#[Buckets =           27, SubBuckets     =         2048]
-----------------------------------------------------------------------
  3807 requests in 1.00m, 1.13MB read
Requests/sec:     63.44  
Transfer/sec:     19.35KB
