Running 1m test @ http://10.107.164.151/?loopCount=25&base=6&exp=6
  1 threads and 1 connections

  Thread calibration: mean lat.: 3407.591ms, rate sampling interval: 12500ms

-----------------------------------------------------------------------
Test Results @ http://10.107.164.151/?loopCount=25&base=6&exp=6 
  Thread Stats   Avg      Stdev     99%   +/- Stdev
    Latency    23.96s    10.18s   41.32s    57.92%
    Req/Sec     7.50      0.50     8.00    100.00%
  Latency Distribution (HdrHistogram - Recorded Latency)
 50.000%   24.26s 
 75.000%   32.39s 
 90.000%   38.21s 
 99.000%   41.32s 
 99.900%   41.48s 
 99.990%   41.48s 
 99.999%   41.48s 
100.000%   41.48s 

  Detailed Percentile spectrum:
       Value   Percentile   TotalCount 1/(1-Percentile)

    7032.831     0.000000            1         1.00
    9723.903     0.100000           39         1.11
   13074.431     0.200000           77         1.25
   16539.647     0.300000          116         1.43
   20709.375     0.400000          154         1.67
   24264.703     0.500000          193         2.00
   25493.503     0.550000          212         2.22
   27721.727     0.600000          231         2.50
   29720.575     0.650000          251         2.86
   30900.223     0.700000          270         3.33
   32391.167     0.750000          289         4.00
   33128.447     0.775000          299         4.44
   34045.951     0.800000          308         5.00
   34963.455     0.825000          318         5.71
   36274.175     0.850000          328         6.67
   37093.375     0.875000          337         8.00
   37715.967     0.887500          342         8.89
   38207.487     0.900000          347        10.00
   38633.471     0.912500          352        11.43
   39190.527     0.925000          357        13.33
   39518.207     0.937500          361        16.00
   39714.815     0.943750          364        17.78
   40042.495     0.950000          366        20.00
   40304.639     0.956250          370        22.86
   40370.175     0.962500          371        26.67
   40468.479     0.968750          373        32.00
   40665.087     0.971875          375        35.56
   40730.623     0.975000          376        40.00
   40894.463     0.978125          377        45.71
   41058.303     0.981250          378        53.33
   41123.839     0.984375          379        64.00
   41254.911     0.985938          380        71.11
   41320.447     0.987500          381        80.00
   41320.447     0.989062          381        91.43
   41353.215     0.990625          382       106.67
   41353.215     0.992188          382       128.00
   41385.983     0.992969          383       142.22
   41385.983     0.993750          383       160.00
   41385.983     0.994531          383       182.86
   41418.751     0.995313          384       213.33
   41418.751     0.996094          384       256.00
   41418.751     0.996484          384       284.44
   41418.751     0.996875          384       320.00
   41418.751     0.997266          384       365.71
   41484.287     0.997656          385       426.67
   41484.287     1.000000          385          inf
#[Mean    =    23956.940, StdDeviation   =    10177.908]
#[Max     =    41451.520, Total count    =          385]
#[Buckets =           27, SubBuckets     =         2048]
-----------------------------------------------------------------------
  460 requests in 1.00m, 140.48KB read
Requests/sec:      7.67  
Transfer/sec:      2.34KB
