Running 1m test @ http://10.100.185.202/?loopCount=25&base=6&exp=6
  1 threads and 1 connections

  Thread calibration: mean lat.: 309.708ms, rate sampling interval: 1137ms

-----------------------------------------------------------------------
Test Results @ http://10.100.185.202/?loopCount=25&base=6&exp=6 
  Thread Stats   Avg      Stdev     99%   +/- Stdev
    Latency     4.02s     1.93s    7.18s    55.62%
    Req/Sec    21.12      1.43    25.00     90.70%
  Latency Distribution (HdrHistogram - Recorded Latency)
 50.000%    4.00s 
 75.000%    5.71s 
 90.000%    6.64s 
 99.000%    7.18s 
 99.900%    7.21s 
 99.990%    7.21s 
 99.999%    7.21s 
100.000%    7.21s 

  Detailed Percentile spectrum:
       Value   Percentile   TotalCount 1/(1-Percentile)

     640.511     0.000000            1         1.00
    1311.743     0.100000          109         1.11
    1992.703     0.200000          218         1.25
    2875.391     0.300000          327         1.43
    3301.375     0.400000          436         1.67
    3997.695     0.500000          543         2.00
    4255.743     0.550000          600         2.22
    4571.135     0.600000          652         2.50
    4952.063     0.650000          708         2.86
    5427.199     0.700000          761         3.33
    5713.919     0.750000          819         4.00
    6086.655     0.775000          842         4.44
    6197.247     0.800000          870         5.00
    6385.663     0.825000          897         5.71
    6475.775     0.850000          925         6.67
    6516.735     0.875000          954         8.00
    6623.231     0.887500          964         8.89
    6647.807     0.900000          985        10.00
    6688.767     0.912500          992        11.43
    6713.343     0.925000         1005        13.33
    6828.031     0.937500         1021        16.00
    6901.759     0.943750         1029        17.78
    6905.855     0.950000         1033        20.00
    6930.431     0.956250         1039        22.86
    6991.871     0.962500         1047        26.67
    7053.311     0.968750         1053        32.00
    7106.559     0.971875         1059        35.56
    7106.559     0.975000         1059        40.00
    7118.847     0.978125         1064        45.71
    7127.039     0.981250         1066        53.33
    7184.383     0.984375         1075        64.00
    7184.383     0.985938         1075        71.11
    7184.383     0.987500         1075        80.00
    7184.383     0.989062         1075        91.43
    7188.479     0.990625         1079       106.67
    7188.479     0.992188         1079       128.00
    7188.479     0.992969         1079       142.22
    7208.959     0.993750         1084       160.00
    7208.959     0.994531         1084       182.86
    7208.959     0.995313         1084       213.33
    7208.959     0.996094         1084       256.00
    7208.959     0.996484         1084       284.44
    7208.959     0.996875         1084       320.00
    7208.959     0.997266         1084       365.71
    7208.959     0.997656         1084       426.67
    7208.959     0.998047         1084       512.00
    7213.055     0.998242         1086       568.89
    7213.055     1.000000         1086          inf
#[Mean    =     4024.807, StdDeviation   =     1927.747]
#[Max     =     7208.960, Total count    =         1086]
#[Buckets =           27, SubBuckets     =         2048]
-----------------------------------------------------------------------
  1319 requests in 1.00m, 401.89KB read
Requests/sec:     21.98  
Transfer/sec:      6.70KB
