Running 1m test @ http://10.100.185.202/?loopCount=25&base=6&exp=6
  5 threads and 5 connections

  Thread calibration: mean lat.: 84.656ms, rate sampling interval: 251ms
  Thread calibration: mean lat.: 129.166ms, rate sampling interval: 728ms
  Thread calibration: mean lat.: 66.884ms, rate sampling interval: 246ms
  Thread calibration: mean lat.: 76.572ms, rate sampling interval: 246ms
  Thread calibration: mean lat.: 82.619ms, rate sampling interval: 263ms

-----------------------------------------------------------------------
Test Results @ http://10.100.185.202/?loopCount=25&base=6&exp=6 
  Thread Stats   Avg      Stdev     99%   +/- Stdev
    Latency   131.60ms  100.13ms 438.27ms   84.28%
    Req/Sec     9.63      3.09    19.00     84.94%
  Latency Distribution (HdrHistogram - Recorded Latency)
 50.000%  113.09ms
 75.000%  167.29ms
 90.000%  285.18ms
 99.000%  438.27ms
 99.900%  563.71ms
 99.990%  623.10ms
 99.999%  623.10ms
100.000%  623.10ms

  Detailed Percentile spectrum:
       Value   Percentile   TotalCount 1/(1-Percentile)

      21.471     0.000000            1         1.00
      41.055     0.100000          251         1.11
      46.719     0.200000          499         1.25
      62.015     0.300000          751         1.43
      76.415     0.400000          998         1.67
     113.087     0.500000         1247         2.00
     117.951     0.550000         1372         2.22
     122.367     0.600000         1497         2.50
     129.599     0.650000         1623         2.86
     139.775     0.700000         1749         3.33
     167.295     0.750000         1870         4.00
     189.055     0.775000         1933         4.44
     214.527     0.800000         1995         5.00
     222.335     0.825000         2057         5.71
     230.911     0.850000         2121         6.67
     246.527     0.875000         2182         8.00
     262.015     0.887500         2214         8.89
     285.183     0.900000         2244        10.00
     313.343     0.912500         2275        11.43
     319.487     0.925000         2309        13.33
     324.863     0.937500         2339        16.00
     330.239     0.943750         2354        17.78
     338.175     0.950000         2369        20.00
     347.391     0.956250         2384        22.86
     362.751     0.962500         2400        26.67
     397.567     0.968750         2416        32.00
     413.183     0.971875         2424        35.56
     414.975     0.975000         2431        40.00
     415.487     0.978125         2439        45.71
     418.815     0.981250         2447        53.33
     421.631     0.984375         2456        64.00
     423.167     0.985938         2458        71.11
     425.983     0.987500         2462        80.00
     433.407     0.989062         2466        91.43
     441.599     0.990625         2470       106.67
     461.823     0.992188         2474       128.00
     464.895     0.992969         2476       142.22
     487.423     0.993750         2478       160.00
     513.279     0.994531         2480       182.86
     517.887     0.995313         2482       213.33
     523.007     0.996094         2484       256.00
     523.263     0.996484         2485       284.44
     527.359     0.996875         2487       320.00
     527.359     0.997266         2487       365.71
     527.871     0.997656         2488       426.67
     528.383     0.998047         2489       512.00
     528.383     0.998242         2489       568.89
     561.663     0.998437         2490       640.00
     561.663     0.998633         2490       731.43
     563.711     0.998828         2491       853.33
     563.711     0.999023         2491      1024.00
     563.711     0.999121         2491      1137.78
     612.351     0.999219         2492      1280.00
     612.351     0.999316         2492      1462.86
     612.351     0.999414         2492      1706.67
     612.351     0.999512         2492      2048.00
     612.351     0.999561         2492      2275.56
     623.103     0.999609         2493      2560.00
     623.103     1.000000         2493          inf
#[Mean    =      131.601, StdDeviation   =      100.133]
#[Max     =      622.592, Total count    =         2493]
#[Buckets =           27, SubBuckets     =         2048]
-----------------------------------------------------------------------
  2986 requests in 1.00m, 0.89MB read
Requests/sec:     49.76  
Transfer/sec:     15.18KB
