Running 1m test @ http://10.100.134.99/?loopCount=25&base=6&exp=6
  5 threads and 5 connections

  Thread calibration: mean lat.: 263.940ms, rate sampling interval: 1085ms
  Thread calibration: mean lat.: 93.178ms, rate sampling interval: 350ms
  Thread calibration: mean lat.: 239.295ms, rate sampling interval: 980ms
  Thread calibration: mean lat.: 101.124ms, rate sampling interval: 367ms
  Thread calibration: mean lat.: 151.128ms, rate sampling interval: 528ms

-----------------------------------------------------------------------
Test Results @ http://10.100.134.99/?loopCount=25&base=6&exp=6 
  Thread Stats   Avg      Stdev     99%   +/- Stdev
    Latency   183.26ms  161.55ms 678.40ms   84.24%
    Req/Sec     9.57      2.77    17.00     82.30%
  Latency Distribution (HdrHistogram - Recorded Latency)
 50.000%  140.67ms
 75.000%  247.29ms
 90.000%  435.45ms
 99.000%  678.40ms
 99.900%  937.47ms
 99.990%  955.90ms
 99.999%  955.90ms
100.000%  955.90ms

  Detailed Percentile spectrum:
       Value   Percentile   TotalCount 1/(1-Percentile)

      24.607     0.000000            1         1.00
      40.831     0.100000          266         1.11
      41.567     0.200000          502         1.25
      66.239     0.300000          753         1.43
      97.023     0.400000         1003         1.67
     140.671     0.500000         1254         2.00
     145.151     0.550000         1379         2.22
     153.343     0.600000         1505         2.50
     180.607     0.650000         1631         2.86
     233.983     0.700000         1756         3.33
     247.295     0.750000         1881         4.00
     259.711     0.775000         1943         4.44
     300.287     0.800000         2006         5.00
     336.127     0.825000         2069         5.71
     351.743     0.850000         2131         6.67
     382.207     0.875000         2194         8.00
     414.207     0.887500         2225         8.89
     435.455     0.900000         2257        10.00
     442.879     0.912500         2290        11.43
     452.607     0.925000         2319        13.33
     482.047     0.937500         2351        16.00
     500.991     0.943750         2366        17.78
     535.551     0.950000         2382        20.00
     542.207     0.956250         2401        22.86
     550.911     0.962500         2413        26.67
     579.071     0.968750         2429        32.00
     589.823     0.971875         2437        35.56
     619.519     0.975000         2445        40.00
     636.927     0.978125         2454        45.71
     639.487     0.981250         2461        53.33
     643.071     0.984375         2468        64.00
     648.703     0.985938         2472        71.11
     651.263     0.987500         2476        80.00
     667.135     0.989062         2480        91.43
     703.999     0.990625         2484       106.67
     738.303     0.992188         2488       128.00
     742.911     0.992969         2490       142.22
     763.391     0.993750         2492       160.00
     775.679     0.994531         2494       182.86
     831.487     0.995313         2496       213.33
     838.143     0.996094         2498       256.00
     844.799     0.996484         2499       284.44
     878.079     0.996875         2500       320.00
     891.903     0.997266         2501       365.71
     896.511     0.997656         2502       426.67
     903.679     0.998047         2503       512.00
     903.679     0.998242         2503       568.89
     937.471     0.998437         2504       640.00
     937.471     0.998633         2504       731.43
     939.519     0.998828         2505       853.33
     939.519     0.999023         2505      1024.00
     939.519     0.999121         2505      1137.78
     950.271     0.999219         2506      1280.00
     950.271     0.999316         2506      1462.86
     950.271     0.999414         2506      1706.67
     950.271     0.999512         2506      2048.00
     950.271     0.999561         2506      2275.56
     955.903     0.999609         2507      2560.00
     955.903     1.000000         2507          inf
#[Mean    =      183.255, StdDeviation   =      161.552]
#[Max     =      955.392, Total count    =         2507]
#[Buckets =           27, SubBuckets     =         2048]
-----------------------------------------------------------------------
  2990 requests in 1.00m, 0.89MB read
Requests/sec:     49.83  
Transfer/sec:     15.20KB
