Running 1m test @ http://10.105.168.171/?loopCount=25&base=6&exp=6
  1 threads and 1 connections

  Thread calibration: mean lat.: 533.659ms, rate sampling interval: 1714ms

-----------------------------------------------------------------------
Test Results @ http://10.105.168.171/?loopCount=25&base=6&exp=6 
  Thread Stats   Avg      Stdev     99%   +/- Stdev
    Latency     4.65s     2.12s    7.77s    51.57%
    Req/Sec    21.17      1.34    23.00     93.10%
  Latency Distribution (HdrHistogram - Recorded Latency)
 50.000%    5.05s 
 75.000%    6.63s 
 90.000%    7.35s 
 99.000%    7.77s 
 99.900%    7.77s 
 99.990%    7.77s 
 99.999%    7.77s 
100.000%    7.77s 

  Detailed Percentile spectrum:
       Value   Percentile   TotalCount 1/(1-Percentile)

    1055.743     0.000000            1         1.00
    1617.919     0.100000          109         1.11
    2096.127     0.200000          217         1.25
    3184.639     0.300000          325         1.43
    4075.519     0.400000          433         1.67
    5046.271     0.500000          541         2.00
    5296.127     0.550000          602         2.22
    5533.695     0.600000          652         2.50
    5836.799     0.650000          705         2.86
    6332.415     0.700000          758         3.33
    6627.327     0.750000          813         4.00
    6713.343     0.775000          842         4.44
    6983.679     0.800000          867         5.00
    7012.351     0.825000          894         5.71
    7147.519     0.850000          930         6.67
    7180.287     0.875000          947         8.00
    7233.535     0.887500          961         8.89
    7352.319     0.900000          975        10.00
    7405.567     0.912500          988        11.43
    7413.759     0.925000         1002        13.33
    7458.815     0.937500         1016        16.00
    7479.295     0.943750         1022        17.78
    7577.599     0.950000         1028        20.00
    7614.463     0.956250         1041        22.86
    7618.559     0.962500         1049        26.67
    7618.559     0.968750         1049        32.00
    7634.943     0.971875         1056        35.56
    7634.943     0.975000         1056        40.00
    7647.231     0.978125         1060        45.71
    7671.807     0.981250         1062        53.33
    7733.247     0.984375         1067        64.00
    7733.247     0.985938         1067        71.11
    7761.919     0.987500         1070        80.00
    7770.111     0.989062         1075        91.43
    7770.111     0.990625         1075       106.67
    7770.111     0.992188         1075       128.00
    7770.111     0.992969         1075       142.22
    7774.207     0.993750         1082       160.00
    7774.207     1.000000         1082          inf
#[Mean    =     4654.572, StdDeviation   =     2122.666]
#[Max     =     7770.112, Total count    =         1082]
#[Buckets =           27, SubBuckets     =         2048]
-----------------------------------------------------------------------
  1305 requests in 1.00m, 397.62KB read
Requests/sec:     21.75  
Transfer/sec:      6.63KB
