Running 1m test @ http://10.105.168.171/?loopCount=25&base=6&exp=6
  5 threads and 5 connections

  Thread calibration: mean lat.: 671.224ms, rate sampling interval: 1976ms
  Thread calibration: mean lat.: 911.829ms, rate sampling interval: 3250ms
  Thread calibration: mean lat.: 361.862ms, rate sampling interval: 1147ms
  Thread calibration: mean lat.: 522.731ms, rate sampling interval: 1619ms
  Thread calibration: mean lat.: 149.925ms, rate sampling interval: 648ms

-----------------------------------------------------------------------
Test Results @ http://10.105.168.171/?loopCount=25&base=6&exp=6 
  Thread Stats   Avg      Stdev     99%   +/- Stdev
    Latency     2.75s     1.96s    8.77s    69.35%
    Req/Sec    13.39      2.71    21.00     86.84%
  Latency Distribution (HdrHistogram - Recorded Latency)
 50.000%    2.36s 
 75.000%    3.92s 
 90.000%    5.41s 
 99.000%    8.77s 
 99.900%    9.08s 
 99.990%    9.13s 
 99.999%    9.13s 
100.000%    9.13s 

  Detailed Percentile spectrum:
       Value   Percentile   TotalCount 1/(1-Percentile)

      48.223     0.000000            1         1.00
     652.799     0.100000          343         1.11
     904.191     0.200000          685         1.25
    1492.991     0.300000         1027         1.43
    2038.783     0.400000         1369         1.67
    2355.199     0.500000         1712         2.00
    2457.599     0.550000         1884         2.22
    2586.623     0.600000         2057         2.50
    3018.751     0.650000         2225         2.86
    3336.191     0.700000         2396         3.33
    3917.823     0.750000         2569         4.00
    4085.759     0.775000         2655         4.44
    4214.783     0.800000         2739         5.00
    4403.199     0.825000         2824         5.71
    4661.247     0.850000         2909         6.67
    4947.967     0.875000         2996         8.00
    5263.359     0.887500         3040         8.89
    5410.815     0.900000         3080        10.00
    5640.191     0.912500         3123        11.43
    5918.719     0.925000         3166        13.33
    6488.063     0.937500         3209        16.00
    6856.703     0.943750         3230        17.78
    7000.063     0.950000         3251        20.00
    7061.503     0.956250         3273        22.86
    7364.607     0.962500         3294        26.67
    8101.887     0.968750         3316        32.00
    8171.519     0.971875         3326        35.56
    8245.247     0.975000         3337        40.00
    8404.991     0.978125         3348        45.71
    8601.599     0.981250         3361        53.33
    8650.751     0.984375         3369        64.00
    8683.519     0.985938         3374        71.11
    8724.479     0.987500         3381        80.00
    8740.863     0.989062         3385        91.43
    8790.015     0.990625         3393       106.67
    8806.399     0.992188         3396       128.00
    8814.591     0.992969         3398       142.22
    8830.975     0.993750         3403       160.00
    8839.167     0.994531         3404       182.86
    8855.551     0.995313         3408       213.33
    8871.935     0.996094         3409       256.00
    8896.511     0.996484         3410       284.44
    8937.471     0.996875         3412       320.00
    9011.199     0.997266         3414       365.71
    9011.199     0.997656         3414       426.67
    9060.351     0.998047         3417       512.00
    9060.351     0.998242         3417       568.89
    9060.351     0.998437         3417       640.00
    9076.735     0.998633         3418       731.43
    9076.735     0.998828         3418       853.33
    9084.927     0.999023         3419      1024.00
    9084.927     0.999121         3419      1137.78
    9101.311     0.999219         3420      1280.00
    9101.311     0.999316         3420      1462.86
    9101.311     0.999414         3420      1706.67
    9109.503     0.999512         3421      2048.00
    9109.503     0.999561         3421      2275.56
    9109.503     0.999609         3421      2560.00
    9109.503     0.999658         3421      2925.71
    9109.503     0.999707         3421      3413.33
    9134.079     0.999756         3422      4096.00
    9134.079     1.000000         3422          inf
#[Mean    =     2752.743, StdDeviation   =     1959.366]
#[Max     =     9125.888, Total count    =         3422]
#[Buckets =           27, SubBuckets     =         2048]
-----------------------------------------------------------------------
  4114 requests in 1.00m, 1.23MB read
Requests/sec:     68.56  
Transfer/sec:     20.91KB
