Running 1m test @ http://10.107.164.151/?loopCount=25&base=6&exp=6
  1 threads and 1 connections

  Thread calibration: mean lat.: 2875.665ms, rate sampling interval: 11485ms

-----------------------------------------------------------------------
Test Results @ http://10.107.164.151/?loopCount=25&base=6&exp=6 
  Thread Stats   Avg      Stdev     99%   +/- Stdev
    Latency    23.78s     9.99s   40.73s    57.89%
    Req/Sec     7.00      0.00     7.00    100.00%
  Latency Distribution (HdrHistogram - Recorded Latency)
 50.000%   24.05s 
 75.000%   31.95s 
 90.000%   37.72s 
 99.000%   40.73s 
 99.900%   41.16s 
 99.990%   41.16s 
 99.999%   41.16s 
100.000%   41.16s 

  Detailed Percentile spectrum:
       Value   Percentile   TotalCount 1/(1-Percentile)

    6422.527     0.000000            1         1.00
    9846.783     0.100000           39         1.11
   13017.087     0.200000           76         1.25
   16793.599     0.300000          114         1.43
   20774.911     0.400000          152         1.67
   24051.711     0.500000          190         2.00
   25608.191     0.550000          209         2.22
   27148.287     0.600000          228         2.50
   28966.911     0.650000          247         2.86
   30621.695     0.700000          267         3.33
   31948.799     0.750000          285         4.00
   32980.991     0.775000          295         4.44
   33914.879     0.800000          304         5.00
   35094.527     0.825000          314         5.71
   35946.495     0.850000          323         6.67
   36831.231     0.875000          333         8.00
   37355.519     0.887500          338         8.89
   37715.967     0.900000          342        10.00
   38010.879     0.912500          347        11.43
   38502.399     0.925000          352        13.33
   38797.311     0.937500          357        16.00
   39026.687     0.943750          359        17.78
   39157.759     0.950000          361        20.00
   39419.903     0.956250          364        22.86
   39616.511     0.962500          366        26.67
   39911.423     0.968750          369        32.00
   40075.263     0.971875          370        35.56
   40239.103     0.975000          371        40.00
   40370.175     0.978125          372        45.71
   40468.479     0.981250          373        53.33
   40665.087     0.984375          375        64.00
   40665.087     0.985938          375        71.11
   40730.623     0.987500          376        80.00
   40730.623     0.989062          376        91.43
   40796.159     0.990625          377       106.67
   40861.695     0.992188          378       128.00
   40861.695     0.992969          378       142.22
   40861.695     0.993750          378       160.00
   40861.695     0.994531          378       182.86
   41025.535     0.995313          379       213.33
   41025.535     0.996094          379       256.00
   41025.535     0.996484          379       284.44
   41025.535     0.996875          379       320.00
   41025.535     0.997266          379       365.71
   41156.607     0.997656          380       426.67
   41156.607     1.000000          380          inf
#[Mean    =    23782.465, StdDeviation   =     9985.890]
#[Max     =    41123.840, Total count    =          380]
#[Buckets =           27, SubBuckets     =         2048]
-----------------------------------------------------------------------
  470 requests in 1.00m, 143.53KB read
Requests/sec:      7.83  
Transfer/sec:      2.39KB
