Running 1m test @ http://10.108.208.72/?loopCount=25&base=6&exp=6
  1 threads and 1 connections

  Thread calibration: mean lat.: 76.180ms, rate sampling interval: 222ms

-----------------------------------------------------------------------
Test Results @ http://10.108.208.72/?loopCount=25&base=6&exp=6 
  Thread Stats   Avg      Stdev     99%   +/- Stdev
    Latency   328.68ms   90.66ms 499.20ms   61.48%
    Req/Sec    24.54      2.56    27.00     99.11%
  Latency Distribution (HdrHistogram - Recorded Latency)
 50.000%  315.39ms
 75.000%  411.14ms
 90.000%  457.98ms
 99.000%  499.20ms
 99.900%  506.11ms
 99.990%  506.62ms
 99.999%  506.62ms
100.000%  506.62ms

  Detailed Percentile spectrum:
       Value   Percentile   TotalCount 1/(1-Percentile)

     130.431     0.000000            1         1.00
     212.095     0.100000          125         1.11
     255.615     0.200000          249         1.25
     284.159     0.300000          377         1.43
     301.567     0.400000          499         1.67
     315.391     0.500000          621         2.00
     321.535     0.550000          683         2.22
     328.191     0.600000          745         2.50
     352.255     0.650000          807         2.86
     368.895     0.700000          869         3.33
     411.135     0.750000          931         4.00
     426.751     0.775000          962         4.44
     433.663     0.800000          994         5.00
     440.319     0.825000         1024         5.71
     445.439     0.850000         1057         6.67
     450.815     0.875000         1086         8.00
     454.655     0.887500         1103         8.89
     457.983     0.900000         1119        10.00
     461.311     0.912500         1133        11.43
     464.895     0.925000         1148        13.33
     469.503     0.937500         1164        16.00
     471.807     0.943750         1172        17.78
     473.599     0.950000         1180        20.00
     475.903     0.956250         1187        22.86
     478.975     0.962500         1195        26.67
     482.815     0.968750         1203        32.00
     485.631     0.971875         1207        35.56
     487.167     0.975000         1210        40.00
     489.727     0.978125         1214        45.71
     492.799     0.981250         1219        53.33
     494.079     0.984375         1222        64.00
     495.615     0.985938         1225        71.11
     496.639     0.987500         1227        80.00
     496.895     0.989062         1228        91.43
     499.455     0.990625         1230       106.67
     501.503     0.992188         1232       128.00
     502.527     0.992969         1234       142.22
     502.527     0.993750         1234       160.00
     503.039     0.994531         1235       182.86
     503.551     0.995313         1236       213.33
     504.063     0.996094         1237       256.00
     504.063     0.996484         1237       284.44
     504.575     0.996875         1238       320.00
     504.575     0.997266         1238       365.71
     505.087     0.997656         1239       426.67
     505.087     0.998047         1239       512.00
     505.087     0.998242         1239       568.89
     506.111     0.998437         1240       640.00
     506.111     0.998633         1240       731.43
     506.111     0.998828         1240       853.33
     506.111     0.999023         1240      1024.00
     506.111     0.999121         1240      1137.78
     506.623     0.999219         1241      1280.00
     506.623     1.000000         1241          inf
#[Mean    =      328.679, StdDeviation   =       90.664]
#[Max     =      506.368, Total count    =         1241]
#[Buckets =           27, SubBuckets     =         2048]
-----------------------------------------------------------------------
  1487 requests in 1.00m, 453.07KB read
Requests/sec:     24.78  
Transfer/sec:      7.55KB
