Running 1m test @ http://10.100.134.99/?loopCount=25&base=6&exp=6
  1 threads and 1 connections

  Thread calibration: mean lat.: 2891.450ms, rate sampling interval: 12558ms

-----------------------------------------------------------------------
Test Results @ http://10.100.134.99/?loopCount=25&base=6&exp=6 
  Thread Stats   Avg      Stdev     99%   +/- Stdev
    Latency    25.51s    10.41s   43.35s    57.91%
    Req/Sec     6.00      0.00     6.00    100.00%
  Latency Distribution (HdrHistogram - Recorded Latency)
 50.000%   25.18s 
 75.000%   34.41s 
 90.000%   39.94s 
 99.000%   43.35s 
 99.900%   43.71s 
 99.990%   43.71s 
 99.999%   43.71s 
100.000%   43.71s 

  Detailed Percentile spectrum:
       Value   Percentile   TotalCount 1/(1-Percentile)

    7163.903     0.000000            1         1.00
   11149.311     0.100000           34         1.11
   14729.215     0.200000           67         1.25
   18661.375     0.300000          101         1.43
   21659.647     0.400000          134         1.67
   25182.207     0.500000          168         2.00
   27099.135     0.550000          185         2.22
   28999.679     0.600000          201         2.50
   30801.919     0.650000          218         2.86
   32702.463     0.700000          235         3.33
   34537.471     0.750000          252         4.00
   35356.671     0.775000          260         4.44
   36405.247     0.800000          268         5.00
   37257.215     0.825000          277         5.71
   38305.791     0.850000          285         6.67
   39190.527     0.875000          294         8.00
   39485.439     0.887500          298         8.89
   39944.191     0.900000          302        10.00
   40370.175     0.912500          306        11.43
   40632.319     0.925000          310        13.33
   41418.751     0.937500          315        16.00
   41648.127     0.943750          317        17.78
   41975.807     0.950000          319        20.00
   42172.415     0.956250          321        22.86
   42303.487     0.962500          323        26.67
   42631.167     0.968750          325        32.00
   42696.703     0.971875          326        35.56
   42827.775     0.975000          327        40.00
   42926.079     0.978125          328        45.71
   42991.615     0.981250          329        53.33
   43122.687     0.984375          330        64.00
   43188.223     0.985938          331        71.11
   43188.223     0.987500          331        80.00
   43352.063     0.989062          332        91.43
   43352.063     0.990625          332       106.67
   43417.599     0.992188          333       128.00
   43417.599     0.992969          333       142.22
   43417.599     0.993750          333       160.00
   43646.975     0.994531          334       182.86
   43646.975     0.995313          334       213.33
   43646.975     0.996094          334       256.00
   43646.975     0.996484          334       284.44
   43646.975     0.996875          334       320.00
   43712.511     0.997266          335       365.71
   43712.511     1.000000          335          inf
#[Mean    =    25507.754, StdDeviation   =    10407.720]
#[Max     =    43679.744, Total count    =          335]
#[Buckets =           27, SubBuckets     =         2048]
-----------------------------------------------------------------------
  406 requests in 1.00m, 124.04KB read
Requests/sec:      6.77  
Transfer/sec:      2.07KB
