Running 1m test @ http://10.100.134.99/?loopCount=25&base=6&exp=6
  5 threads and 5 connections

  Thread calibration: mean lat.: 133.922ms, rate sampling interval: 704ms
  Thread calibration: mean lat.: 147.047ms, rate sampling interval: 516ms
  Thread calibration: mean lat.: 148.715ms, rate sampling interval: 518ms
  Thread calibration: mean lat.: 204.254ms, rate sampling interval: 717ms
  Thread calibration: mean lat.: 456.161ms, rate sampling interval: 1583ms

-----------------------------------------------------------------------
Test Results @ http://10.100.134.99/?loopCount=25&base=6&exp=6 
  Thread Stats   Avg      Stdev     99%   +/- Stdev
    Latency   328.85ms  353.25ms   1.68s    87.34%
    Req/Sec     9.34      2.77    16.00     84.85%
  Latency Distribution (HdrHistogram - Recorded Latency)
 50.000%  202.24ms
 75.000%  433.92ms
 90.000%  761.85ms
 99.000%    1.68s 
 99.900%    1.96s 
 99.990%    2.05s 
 99.999%    2.05s 
100.000%    2.05s 

  Detailed Percentile spectrum:
       Value   Percentile   TotalCount 1/(1-Percentile)

      22.255     0.000000            1         1.00
      40.703     0.100000          255         1.11
      56.959     0.200000          498         1.25
     110.271     0.300000          747         1.43
     159.487     0.400000          996         1.67
     202.239     0.500000         1245         2.00
     251.263     0.550000         1369         2.22
     264.447     0.600000         1497         2.50
     301.567     0.650000         1619         2.86
     358.399     0.700000         1743         3.33
     433.919     0.750000         1867         4.00
     463.103     0.775000         1929         4.44
     540.671     0.800000         1993         5.00
     571.903     0.825000         2054         5.71
     650.751     0.850000         2116         6.67
     689.151     0.875000         2179         8.00
     748.031     0.887500         2209         8.89
     762.367     0.900000         2241        10.00
     814.079     0.912500         2272        11.43
     879.615     0.925000         2304        13.33
     958.975     0.937500         2334        16.00
     992.767     0.943750         2349        17.78
    1050.623     0.950000         2365        20.00
    1092.607     0.956250         2381        22.86
    1195.007     0.962500         2396        26.67
    1413.119     0.968750         2412        32.00
    1461.247     0.971875         2419        35.56
    1496.063     0.975000         2427        40.00
    1540.095     0.978125         2435        45.71
    1562.623     0.981250         2443        53.33
    1584.127     0.984375         2451        64.00
    1599.487     0.985938         2454        71.11
    1654.783     0.987500         2458        80.00
    1671.167     0.989062         2462        91.43
    1730.559     0.990625         2466       106.67
    1756.159     0.992188         2470       128.00
    1760.255     0.992969         2472       142.22
    1787.903     0.993750         2474       160.00
    1791.999     0.994531         2476       182.86
    1848.319     0.995313         2478       213.33
    1852.415     0.996094         2481       256.00
    1852.415     0.996484         2481       284.44
    1872.895     0.996875         2482       320.00
    1890.303     0.997266         2483       365.71
    1935.359     0.997656         2484       426.67
    1948.671     0.998047         2485       512.00
    1948.671     0.998242         2485       568.89
    1950.719     0.998437         2486       640.00
    1950.719     0.998633         2486       731.43
    1959.935     0.998828         2487       853.33
    1959.935     0.999023         2487      1024.00
    1959.935     0.999121         2487      1137.78
    1995.775     0.999219         2488      1280.00
    1995.775     0.999316         2488      1462.86
    1995.775     0.999414         2488      1706.67
    1995.775     0.999512         2488      2048.00
    1995.775     0.999561         2488      2275.56
    2054.143     0.999609         2489      2560.00
    2054.143     1.000000         2489          inf
#[Mean    =      328.846, StdDeviation   =      353.248]
#[Max     =     2053.120, Total count    =         2489]
#[Buckets =           27, SubBuckets     =         2048]
-----------------------------------------------------------------------
  2973 requests in 1.00m, 0.89MB read
Requests/sec:     49.54  
Transfer/sec:     15.11KB
