Running 1m test @ http://10.107.164.151/?loopCount=25&base=6&exp=6
  1 threads and 1 connections

  Thread calibration: mean lat.: 3103.877ms, rate sampling interval: 10960ms

-----------------------------------------------------------------------
Test Results @ http://10.107.164.151/?loopCount=25&base=6&exp=6 
  Thread Stats   Avg      Stdev     99%   +/- Stdev
    Latency    23.64s     9.85s   40.21s    57.57%
    Req/Sec     7.50      0.50     8.00    100.00%
  Latency Distribution (HdrHistogram - Recorded Latency)
 50.000%   23.67s 
 75.000%   32.34s 
 90.000%   37.03s 
 99.000%   40.21s 
 99.900%   40.44s 
 99.990%   40.44s 
 99.999%   40.44s 
100.000%   40.44s 

  Detailed Percentile spectrum:
       Value   Percentile   TotalCount 1/(1-Percentile)

    6590.463     0.000000            1         1.00
    9887.743     0.100000           41         1.11
   13393.919     0.200000           81         1.25
   16711.679     0.300000          121         1.43
   19972.095     0.400000          162         1.67
   23674.879     0.500000          202         2.00
   25542.655     0.550000          222         2.22
   27148.287     0.600000          242         2.50
   28950.527     0.650000          262         2.86
   30441.471     0.700000          283         3.33
   32342.015     0.750000          303         4.00
   33128.447     0.775000          313         4.44
   33947.647     0.800000          323         5.00
   34734.079     0.825000          333         5.71
   35422.207     0.850000          343         6.67
   36143.103     0.875000          353         8.00
   36601.855     0.887500          358         8.89
   37027.839     0.900000          363        10.00
   37552.127     0.912500          368        11.43
   37912.575     0.925000          373        13.33
   38436.863     0.937500          378        16.00
   38699.007     0.943750          381        17.78
   38928.383     0.950000          383        20.00
   39190.527     0.956250          386        22.86
   39321.599     0.962500          388        26.67
   39616.511     0.968750          391        32.00
   39682.047     0.971875          392        35.56
   39747.583     0.975000          393        40.00
   39944.191     0.978125          395        45.71
   40009.727     0.981250          396        53.33
   40075.263     0.984375          397        64.00
   40140.799     0.985938          398        71.11
   40140.799     0.987500          398        80.00
   40206.335     0.989062          399        91.43
   40271.871     0.990625          400       106.67
   40271.871     0.992188          400       128.00
   40337.407     0.992969          401       142.22
   40337.407     0.993750          401       160.00
   40337.407     0.994531          401       182.86
   40370.175     0.995313          402       213.33
   40370.175     0.996094          402       256.00
   40370.175     0.996484          402       284.44
   40370.175     0.996875          402       320.00
   40370.175     0.997266          402       365.71
   40435.711     0.997656          403       426.67
   40435.711     1.000000          403          inf
#[Mean    =    23635.018, StdDeviation   =     9849.015]
#[Max     =    40402.944, Total count    =          403]
#[Buckets =           27, SubBuckets     =         2048]
-----------------------------------------------------------------------
  489 requests in 1.00m, 149.34KB read
Requests/sec:      8.15  
Transfer/sec:      2.49KB
