Running 1m test @ http://10.96.158.146/?loopCount=25&base=6&exp=6
  1 threads and 1 connections

  Thread calibration: mean lat.: 3476.655ms, rate sampling interval: 12124ms

-----------------------------------------------------------------------
Test Results @ http://10.96.158.146/?loopCount=25&base=6&exp=6 
  Thread Stats   Avg      Stdev     99%   +/- Stdev
    Latency    24.70s    10.07s   41.91s    58.68%
    Req/Sec     7.00      0.00     7.00    100.00%
  Latency Distribution (HdrHistogram - Recorded Latency)
 50.000%   24.95s 
 75.000%   33.18s 
 90.000%   38.47s 
 99.000%   41.91s 
 99.900%   42.34s 
 99.990%   42.34s 
 99.999%   42.34s 
100.000%   42.34s 

  Detailed Percentile spectrum:
       Value   Percentile   TotalCount 1/(1-Percentile)

    6918.143     0.000000            1         1.00
   10559.487     0.100000           37         1.11
   14434.303     0.200000           73         1.25
   17678.335     0.300000          109         1.43
   21118.975     0.400000          146         1.67
   24952.831     0.500000          182         2.00
   26345.471     0.550000          200         2.22
   28426.239     0.600000          218         2.50
   30294.015     0.650000          236         2.86
   31932.415     0.700000          256         3.33
   33325.055     0.750000          273         4.00
   34275.327     0.775000          282         4.44
   34897.919     0.800000          291         5.00
   35946.495     0.825000          300         5.71
   36700.159     0.850000          309         6.67
   37650.431     0.875000          318         8.00
   38141.951     0.887500          323         8.89
   38469.631     0.900000          327        10.00
   38895.615     0.912500          332        11.43
   39321.599     0.925000          336        13.33
   39813.119     0.937500          341        16.00
   39944.191     0.943750          343        17.78
   40140.799     0.950000          345        20.00
   40435.711     0.956250          348        22.86
   40763.391     0.962500          350        26.67
   41091.071     0.968750          352        32.00
   41156.607     0.971875          353        35.56
   41189.375     0.975000          354        40.00
   41517.055     0.978125          356        45.71
   41582.591     0.981250          357        53.33
   41844.735     0.984375          358        64.00
   41844.735     0.985938          358        71.11
   41910.271     0.987500          359        80.00
   42041.343     0.989062          360        91.43
   42041.343     0.990625          360       106.67
   42205.183     0.992188          361       128.00
   42205.183     0.992969          361       142.22
   42205.183     0.993750          361       160.00
   42303.487     0.994531          362       182.86
   42303.487     0.995313          362       213.33
   42303.487     0.996094          362       256.00
   42303.487     0.996484          362       284.44
   42303.487     0.996875          362       320.00
   42336.255     0.997266          363       365.71
   42336.255     1.000000          363          inf
#[Mean    =    24700.386, StdDeviation   =    10071.358]
#[Max     =    42303.488, Total count    =          363]
#[Buckets =           27, SubBuckets     =         2048]
-----------------------------------------------------------------------
  441 requests in 1.00m, 134.72KB read
Requests/sec:      7.35  
Transfer/sec:      2.25KB
