Running 1m test @ http://10.109.115.86/?loopCount=25&base=6&exp=6
  5 threads and 5 connections

  Thread calibration: mean lat.: 672.527ms, rate sampling interval: 2260ms
  Thread calibration: mean lat.: 198.539ms, rate sampling interval: 759ms
  Thread calibration: mean lat.: 721.024ms, rate sampling interval: 2435ms
  Thread calibration: mean lat.: 241.313ms, rate sampling interval: 743ms
  Thread calibration: mean lat.: 525.110ms, rate sampling interval: 1712ms

-----------------------------------------------------------------------
Test Results @ http://10.109.115.86/?loopCount=25&base=6&exp=6 
  Thread Stats   Avg      Stdev     99%   +/- Stdev
    Latency     2.58s     1.71s    6.22s    63.59%
    Req/Sec     8.92      1.69    14.00     84.73%
  Latency Distribution (HdrHistogram - Recorded Latency)
 50.000%    2.15s 
 75.000%    3.68s 
 90.000%    5.46s 
 99.000%    6.22s 
 99.900%    6.41s 
 99.990%    6.46s 
 99.999%    6.46s 
100.000%    6.46s 

  Detailed Percentile spectrum:
       Value   Percentile   TotalCount 1/(1-Percentile)

     172.415     0.000000            1         1.00
     578.047     0.100000          234         1.11
    1051.647     0.200000          467         1.25
    1331.199     0.300000          701         1.43
    1672.191     0.400000          934         1.67
    2150.399     0.500000         1166         2.00
    2453.503     0.550000         1283         2.22
    2748.415     0.600000         1403         2.50
    2971.647     0.650000         1517         2.86
    3221.503     0.700000         1633         3.33
    3680.255     0.750000         1749         4.00
    4124.671     0.775000         1808         4.44
    4493.311     0.800000         1866         5.00
    4616.191     0.825000         1924         5.71
    4825.087     0.850000         1984         6.67
    5001.215     0.875000         2041         8.00
    5316.607     0.887500         2070         8.89
    5464.063     0.900000         2099        10.00
    5574.655     0.912500         2129        11.43
    5677.055     0.925000         2158        13.33
    5812.223     0.937500         2190        16.00
    5828.607     0.943750         2201        17.78
    5881.855     0.950000         2217        20.00
    5914.623     0.956250         2231        22.86
    5955.583     0.962500         2245        26.67
    6008.831     0.968750         2260        32.00
    6041.599     0.971875         2267        35.56
    6082.559     0.975000         2277        40.00
    6107.135     0.978125         2282        45.71
    6131.711     0.981250         2289        53.33
    6148.095     0.984375         2296        64.00
    6197.247     0.985938         2300        71.11
    6209.535     0.987500         2304        80.00
    6213.631     0.989062         2307        91.43
    6221.823     0.990625         2311       106.67
    6254.591     0.992188         2314       128.00
    6258.687     0.992969         2316       142.22
    6279.167     0.993750         2318       160.00
    6299.647     0.994531         2320       182.86
    6316.031     0.995313         2322       213.33
    6348.799     0.996094         2324       256.00
    6348.799     0.996484         2324       284.44
    6361.087     0.996875         2325       320.00
    6365.183     0.997266         2327       365.71
    6365.183     0.997656         2327       426.67
    6393.855     0.998047         2328       512.00
    6393.855     0.998242         2328       568.89
    6406.143     0.998437         2329       640.00
    6406.143     0.998633         2329       731.43
    6410.239     0.998828         2330       853.33
    6410.239     0.999023         2330      1024.00
    6410.239     0.999121         2330      1137.78
    6414.335     0.999219         2331      1280.00
    6414.335     0.999316         2331      1462.86
    6414.335     0.999414         2331      1706.67
    6414.335     0.999512         2331      2048.00
    6414.335     0.999561         2331      2275.56
    6455.295     0.999609         2332      2560.00
    6455.295     1.000000         2332          inf
#[Mean    =     2580.066, StdDeviation   =     1710.276]
#[Max     =     6451.200, Total count    =         2332]
#[Buckets =           27, SubBuckets     =         2048]
-----------------------------------------------------------------------
  2787 requests in 1.00m, 850.51KB read
Requests/sec:     46.45  
Transfer/sec:     14.17KB
