Running 1m test @ http://10.105.168.171/?loopCount=25&base=6&exp=6
  5 threads and 5 connections

  Thread calibration: mean lat.: 103.527ms, rate sampling interval: 342ms
  Thread calibration: mean lat.: 107.338ms, rate sampling interval: 356ms
  Thread calibration: mean lat.: 120.968ms, rate sampling interval: 383ms
  Thread calibration: mean lat.: 144.381ms, rate sampling interval: 493ms
  Thread calibration: mean lat.: 118.988ms, rate sampling interval: 452ms

-----------------------------------------------------------------------
Test Results @ http://10.105.168.171/?loopCount=25&base=6&exp=6 
  Thread Stats   Avg      Stdev     99%   +/- Stdev
    Latency   136.18ms   85.11ms 438.53ms   72.20%
    Req/Sec     9.55      2.68    15.00     82.30%
  Latency Distribution (HdrHistogram - Recorded Latency)
 50.000%  121.86ms
 75.000%  171.77ms
 90.000%  261.89ms
 99.000%  438.53ms
 99.900%  495.61ms
 99.990%  573.95ms
 99.999%  573.95ms
100.000%  573.95ms

  Detailed Percentile spectrum:
       Value   Percentile   TotalCount 1/(1-Percentile)

      21.967     0.000000            1         1.00
      45.279     0.100000          250         1.11
      54.495     0.200000          501         1.25
      77.375     0.300000          750         1.43
      97.471     0.400000         1000         1.67
     121.855     0.500000         1250         2.00
     138.111     0.550000         1375         2.22
     161.151     0.600000         1502         2.50
     164.351     0.650000         1626         2.86
     168.703     0.700000         1753         3.33
     171.775     0.750000         1877         4.00
     175.615     0.775000         1938         4.44
     180.223     0.800000         2001         5.00
     188.031     0.825000         2063         5.71
     205.183     0.850000         2126         6.67
     232.959     0.875000         2188         8.00
     254.847     0.887500         2219         8.89
     261.887     0.900000         2250        10.00
     266.751     0.912500         2282        11.43
     271.359     0.925000         2317        13.33
     276.735     0.937500         2345        16.00
     280.063     0.943750         2360        17.78
     282.111     0.950000         2376        20.00
     286.719     0.956250         2391        22.86
     299.519     0.962500         2407        26.67
     338.175     0.968750         2422        32.00
     359.935     0.971875         2430        35.56
     366.591     0.975000         2438        40.00
     372.223     0.978125         2447        45.71
     378.879     0.981250         2455        53.33
     385.791     0.984375         2461        64.00
     400.383     0.985938         2465        71.11
     413.439     0.987500         2469        80.00
     431.103     0.989062         2473        91.43
     455.935     0.990625         2477       106.67
     464.127     0.992188         2481       128.00
     466.175     0.992969         2483       142.22
     468.479     0.993750         2485       160.00
     469.759     0.994531         2487       182.86
     470.271     0.995313         2489       213.33
     471.551     0.996094         2491       256.00
     472.063     0.996484         2492       284.44
     473.343     0.996875         2493       320.00
     474.623     0.997266         2494       365.71
     478.975     0.997656         2495       426.67
     481.535     0.998047         2496       512.00
     481.535     0.998242         2496       568.89
     494.847     0.998437         2497       640.00
     494.847     0.998633         2497       731.43
     495.615     0.998828         2498       853.33
     495.615     0.999023         2498      1024.00
     495.615     0.999121         2498      1137.78
     513.791     0.999219         2499      1280.00
     513.791     0.999316         2499      1462.86
     513.791     0.999414         2499      1706.67
     513.791     0.999512         2499      2048.00
     513.791     0.999561         2499      2275.56
     573.951     0.999609         2500      2560.00
     573.951     1.000000         2500          inf
#[Mean    =      136.179, StdDeviation   =       85.110]
#[Max     =      573.440, Total count    =         2500]
#[Buckets =           27, SubBuckets     =         2048]
-----------------------------------------------------------------------
  2993 requests in 1.00m, 0.89MB read
Requests/sec:     49.88  
Transfer/sec:     15.21KB
