Running 1m test @ http://10.109.115.86/?loopCount=25&base=6&exp=6
  5 threads and 5 connections

  Thread calibration: mean lat.: 2017.410ms, rate sampling interval: 7274ms
  Thread calibration: mean lat.: 1870.239ms, rate sampling interval: 6119ms
  Thread calibration: mean lat.: 1976.885ms, rate sampling interval: 7598ms
  Thread calibration: mean lat.: 1511.405ms, rate sampling interval: 5435ms
  Thread calibration: mean lat.: 1569.047ms, rate sampling interval: 6291ms

-----------------------------------------------------------------------
Test Results @ http://10.109.115.86/?loopCount=25&base=6&exp=6 
  Thread Stats   Avg      Stdev     99%   +/- Stdev
    Latency    13.07s     5.57s   24.41s    59.66%
    Req/Sec     8.83      0.80    11.00     97.22%
  Latency Distribution (HdrHistogram - Recorded Latency)
 50.000%   12.92s 
 75.000%   17.58s 
 90.000%   20.58s 
 99.000%   24.41s 
 99.900%   25.20s 
 99.990%   25.25s 
 99.999%   25.25s 
100.000%   25.25s 

  Detailed Percentile spectrum:
       Value   Percentile   TotalCount 1/(1-Percentile)

    3151.871     0.000000            1         1.00
    5525.503     0.100000          232         1.11
    7512.063     0.200000          463         1.25
    9199.615     0.300000          694         1.43
   11042.815     0.400000          924         1.67
   12918.783     0.500000         1154         2.00
   13860.863     0.550000         1271         2.22
   14950.399     0.600000         1388         2.50
   15671.295     0.650000         1501         2.86
   16613.375     0.700000         1616         3.33
   17580.031     0.750000         1732         4.00
   18202.623     0.775000         1789         4.44
   18759.679     0.800000         1848         5.00
   19185.663     0.825000         1906         5.71
   19578.879     0.850000         1962         6.67
   20086.783     0.875000         2021         8.00
   20332.543     0.887500         2050         8.89
   20578.303     0.900000         2078        10.00
   20873.215     0.912500         2109        11.43
   21102.591     0.925000         2136        13.33
   21512.191     0.937500         2164        16.00
   21807.103     0.943750         2179        17.78
   22151.167     0.950000         2193        20.00
   22577.151     0.956250         2209        22.86
   22872.063     0.962500         2222        26.67
   23085.055     0.968750         2237        32.00
   23166.975     0.971875         2244        35.56
   23379.967     0.975000         2251        40.00
   23658.495     0.978125         2258        45.71
   23855.103     0.981250         2266        53.33
   23969.791     0.984375         2272        64.00
   24084.479     0.985938         2276        71.11
   24313.855     0.987500         2280        80.00
   24346.623     0.989062         2283        91.43
   24428.543     0.990625         2287       106.67
   24526.847     0.992188         2290       128.00
   24559.615     0.992969         2292       142.22
   24641.535     0.993750         2294       160.00
   24690.687     0.994531         2297       182.86
   24723.455     0.995313         2298       213.33
   24854.527     0.996094         2300       256.00
   24854.527     0.996484         2300       284.44
   24920.063     0.996875         2301       320.00
   24985.599     0.997266         2302       365.71
   25034.751     0.997656         2303       426.67
   25067.519     0.998047         2304       512.00
   25067.519     0.998242         2304       568.89
   25149.439     0.998437         2305       640.00
   25149.439     0.998633         2305       731.43
   25198.591     0.998828         2307       853.33
   25198.591     0.999023         2307      1024.00
   25198.591     0.999121         2307      1137.78
   25198.591     0.999219         2307      1280.00
   25198.591     0.999316         2307      1462.86
   25198.591     0.999414         2307      1706.67
   25198.591     0.999512         2307      2048.00
   25198.591     0.999561         2307      2275.56
   25247.743     0.999609         2308      2560.00
   25247.743     1.000000         2308          inf
#[Mean    =    13074.806, StdDeviation   =     5573.983]
#[Max     =    25231.360, Total count    =         2308]
#[Buckets =           27, SubBuckets     =         2048]
-----------------------------------------------------------------------
  2783 requests in 1.00m, 849.31KB read
Requests/sec:     46.38  
Transfer/sec:     14.15KB
