Running 1m test @ http://10.100.134.99/?loopCount=25&base=6&exp=6
  5 threads and 5 connections

  Thread calibration: mean lat.: 1505.064ms, rate sampling interval: 4845ms
  Thread calibration: mean lat.: 921.906ms, rate sampling interval: 4132ms
  Thread calibration: mean lat.: 1177.824ms, rate sampling interval: 4214ms
  Thread calibration: mean lat.: 1058.619ms, rate sampling interval: 3985ms
  Thread calibration: mean lat.: 881.183ms, rate sampling interval: 3559ms

-----------------------------------------------------------------------
Test Results @ http://10.100.134.99/?loopCount=25&base=6&exp=6 
  Thread Stats   Avg      Stdev     99%   +/- Stdev
    Latency     7.28s     2.85s   13.71s    61.45%
    Req/Sec    11.53      1.17    14.00     86.44%
  Latency Distribution (HdrHistogram - Recorded Latency)
 50.000%    7.44s 
 75.000%    9.42s 
 90.000%   11.03s 
 99.000%   13.71s 
 99.900%   13.93s 
 99.990%   14.01s 
 99.999%   14.01s 
100.000%   14.01s 

  Detailed Percentile spectrum:
       Value   Percentile   TotalCount 1/(1-Percentile)

    1884.159     0.000000            1         1.00
    3375.103     0.100000          304         1.11
    4382.719     0.200000          605         1.25
    5402.623     0.300000          905         1.43
    6467.583     0.400000         1206         1.67
    7438.335     0.500000         1508         2.00
    7757.823     0.550000         1658         2.22
    8110.079     0.600000         1810         2.50
    8650.751     0.650000         1960         2.86
    9011.199     0.700000         2113         3.33
    9420.799     0.750000         2261         4.00
    9592.831     0.775000         2337         4.44
    9912.319     0.800000         2412         5.00
   10190.847     0.825000         2488         5.71
   10387.455     0.850000         2565         6.67
   10756.095     0.875000         2638         8.00
   10919.935     0.887500         2679         8.89
   11026.431     0.900000         2714        10.00
   11345.919     0.912500         2751        11.43
   11476.991     0.925000         2788        13.33
   11624.447     0.937500         2826        16.00
   11722.751     0.943750         2845        17.78
   11911.167     0.950000         2865        20.00
   11993.087     0.956250         2884        22.86
   12099.583     0.962500         2901        26.67
   12550.143     0.968750         2921        32.00
   12722.175     0.971875         2931        35.56
   12771.327     0.975000         2940        40.00
   12943.359     0.978125         2949        45.71
   13148.159     0.981250         2958        53.33
   13246.463     0.984375         2967        64.00
   13377.535     0.985938         2972        71.11
   13656.063     0.987500         2978        80.00
   13697.023     0.989062         2982        91.43
   13721.599     0.990625         2986       106.67
   13754.367     0.992188         2991       128.00
   13762.559     0.992969         2994       142.22
   13778.943     0.993750         2996       160.00
   13803.519     0.994531         2998       182.86
   13836.287     0.995313         3001       213.33
   13869.055     0.996094         3004       256.00
   13869.055     0.996484         3004       284.44
   13877.247     0.996875         3006       320.00
   13877.247     0.997266         3006       365.71
   13885.439     0.997656         3007       426.67
   13910.015     0.998047         3009       512.00
   13910.015     0.998242         3009       568.89
   13926.399     0.998437         3010       640.00
   13926.399     0.998633         3010       731.43
   13934.591     0.998828         3011       853.33
   13959.167     0.999023         3012      1024.00
   13959.167     0.999121         3012      1137.78
   13959.167     0.999219         3012      1280.00
   13959.167     0.999316         3012      1462.86
   13983.743     0.999414         3013      1706.67
   13983.743     0.999512         3013      2048.00
   13983.743     0.999561         3013      2275.56
   13983.743     0.999609         3013      2560.00
   13983.743     0.999658         3013      2925.71
   14008.319     0.999707         3014      3413.33
   14008.319     1.000000         3014          inf
#[Mean    =     7283.208, StdDeviation   =     2852.250]
#[Max     =    14000.128, Total count    =         3014]
#[Buckets =           27, SubBuckets     =         2048]
-----------------------------------------------------------------------
  3590 requests in 1.00m, 1.07MB read
Requests/sec:     59.83  
Transfer/sec:     18.25KB
