Running 1m test @ http://10.105.168.171/?loopCount=25&base=6&exp=6
  5 threads and 5 connections

  Thread calibration: mean lat.: 106.240ms, rate sampling interval: 442ms
  Thread calibration: mean lat.: 149.809ms, rate sampling interval: 604ms
  Thread calibration: mean lat.: 127.448ms, rate sampling interval: 506ms
  Thread calibration: mean lat.: 98.085ms, rate sampling interval: 309ms
  Thread calibration: mean lat.: 172.721ms, rate sampling interval: 786ms

-----------------------------------------------------------------------
Test Results @ http://10.105.168.171/?loopCount=25&base=6&exp=6 
  Thread Stats   Avg      Stdev     99%   +/- Stdev
    Latency   120.76ms   83.04ms 438.02ms   85.15%
    Req/Sec     9.37      2.06    16.00     83.37%
  Latency Distribution (HdrHistogram - Recorded Latency)
 50.000%  107.14ms
 75.000%  149.12ms
 90.000%  238.59ms
 99.000%  438.02ms
 99.900%  657.92ms
 99.990%  739.33ms
 99.999%  739.33ms
100.000%  739.33ms

  Detailed Percentile spectrum:
       Value   Percentile   TotalCount 1/(1-Percentile)

      21.791     0.000000            1         1.00
      41.023     0.100000          258         1.11
      42.175     0.200000          500         1.25
      68.223     0.300000          748         1.43
      79.999     0.400000          997         1.67
     107.135     0.500000         1246         2.00
     123.327     0.550000         1371         2.22
     137.727     0.600000         1501         2.50
     141.439     0.650000         1621         2.86
     145.535     0.700000         1744         3.33
     149.119     0.750000         1872         4.00
     153.471     0.775000         1931         4.44
     158.591     0.800000         1993         5.00
     165.247     0.825000         2057         5.71
     175.487     0.850000         2118         6.67
     206.335     0.875000         2181         8.00
     217.599     0.887500         2211         8.89
     238.591     0.900000         2242        10.00
     242.815     0.912500         2274        11.43
     246.399     0.925000         2306        13.33
     251.007     0.937500         2336        16.00
     253.951     0.943750         2351        17.78
     256.639     0.950000         2367        20.00
     266.495     0.956250         2383        22.86
     298.495     0.962500         2398        26.67
     339.455     0.968750         2414        32.00
     341.247     0.971875         2421        35.56
     345.855     0.975000         2430        40.00
     349.951     0.978125         2437        45.71
     354.815     0.981250         2445        53.33
     364.287     0.984375         2454        64.00
     365.567     0.985938         2456        71.11
     376.319     0.987500         2460        80.00
     413.695     0.989062         2464        91.43
     440.575     0.990625         2470       106.67
     443.647     0.992188         2472       128.00
     450.303     0.992969         2474       142.22
     462.847     0.993750         2476       160.00
     465.919     0.994531         2478       182.86
     500.223     0.995313         2480       213.33
     540.671     0.996094         2482       256.00
     545.279     0.996484         2483       284.44
     549.375     0.996875         2484       320.00
     551.423     0.997266         2485       365.71
     556.031     0.997656         2486       426.67
     624.639     0.998047         2487       512.00
     624.639     0.998242         2487       568.89
     637.951     0.998437         2488       640.00
     637.951     0.998633         2488       731.43
     657.919     0.998828         2489       853.33
     657.919     0.999023         2489      1024.00
     657.919     0.999121         2489      1137.78
     679.935     0.999219         2490      1280.00
     679.935     0.999316         2490      1462.86
     679.935     0.999414         2490      1706.67
     679.935     0.999512         2490      2048.00
     679.935     0.999561         2490      2275.56
     739.327     0.999609         2491      2560.00
     739.327     1.000000         2491          inf
#[Mean    =      120.762, StdDeviation   =       83.043]
#[Max     =      738.816, Total count    =         2491]
#[Buckets =           27, SubBuckets     =         2048]
-----------------------------------------------------------------------
  2980 requests in 1.00m, 0.89MB read
Requests/sec:     49.66  
Transfer/sec:     15.15KB
