Running 1m test @ http://10.100.185.202/?loopCount=25&base=6&exp=6
  5 threads and 5 connections

  Thread calibration: mean lat.: 124.467ms, rate sampling interval: 384ms
  Thread calibration: mean lat.: 123.126ms, rate sampling interval: 515ms
  Thread calibration: mean lat.: 118.439ms, rate sampling interval: 406ms
  Thread calibration: mean lat.: 132.286ms, rate sampling interval: 516ms
  Thread calibration: mean lat.: 126.382ms, rate sampling interval: 415ms

-----------------------------------------------------------------------
Test Results @ http://10.100.185.202/?loopCount=25&base=6&exp=6 
  Thread Stats   Avg      Stdev     99%   +/- Stdev
    Latency   123.03ms   78.76ms 400.38ms   62.46%
    Req/Sec     9.47      2.28    14.00     84.98%
  Latency Distribution (HdrHistogram - Recorded Latency)
 50.000%  106.56ms
 75.000%  164.22ms
 90.000%  227.07ms
 99.000%  400.38ms
 99.900%  462.85ms
 99.990%  484.86ms
 99.999%  484.86ms
100.000%  484.86ms

  Detailed Percentile spectrum:
       Value   Percentile   TotalCount 1/(1-Percentile)

      22.511     0.000000            1         1.00
      40.959     0.100000          257         1.11
      41.855     0.200000          504         1.25
      68.863     0.300000          752         1.43
      89.151     0.400000         1004         1.67
     106.559     0.500000         1252         2.00
     118.399     0.550000         1379         2.22
     134.271     0.600000         1503         2.50
     155.007     0.650000         1628         2.86
     159.103     0.700000         1756         3.33
     164.223     0.750000         1878         4.00
     167.295     0.775000         1941         4.44
     173.311     0.800000         2005         5.00
     179.967     0.825000         2067         5.71
     188.287     0.850000         2129         6.67
     203.263     0.875000         2191         8.00
     212.991     0.887500         2223         8.89
     227.071     0.900000         2255        10.00
     253.823     0.912500         2285        11.43
     256.255     0.925000         2317        13.33
     259.839     0.937500         2350        16.00
     261.503     0.943750         2365        17.78
     262.655     0.950000         2379        20.00
     265.727     0.956250         2396        22.86
     269.823     0.962500         2411        26.67
     280.831     0.968750         2426        32.00
     289.279     0.971875         2434        35.56
     309.503     0.975000         2442        40.00
     335.359     0.978125         2450        45.71
     356.351     0.981250         2458        53.33
     362.495     0.984375         2465        64.00
     367.103     0.985938         2469        71.11
     379.903     0.987500         2474        80.00
     389.119     0.989062         2477        91.43
     402.687     0.990625         2481       106.67
     418.303     0.992188         2485       128.00
     423.167     0.992969         2487       142.22
     427.519     0.993750         2489       160.00
     434.431     0.994531         2491       182.86
     454.399     0.995313         2493       213.33
     457.727     0.996094         2495       256.00
     458.495     0.996484         2496       284.44
     459.775     0.996875         2497       320.00
     460.287     0.997266         2498       365.71
     461.055     0.997656         2499       426.67
     461.823     0.998047         2500       512.00
     461.823     0.998242         2500       568.89
     462.847     0.998437         2501       640.00
     462.847     0.998633         2501       731.43
     465.919     0.998828         2502       853.33
     465.919     0.999023         2502      1024.00
     465.919     0.999121         2502      1137.78
     471.295     0.999219         2503      1280.00
     471.295     0.999316         2503      1462.86
     471.295     0.999414         2503      1706.67
     471.295     0.999512         2503      2048.00
     471.295     0.999561         2503      2275.56
     484.863     0.999609         2504      2560.00
     484.863     1.000000         2504          inf
#[Mean    =      123.032, StdDeviation   =       78.759]
#[Max     =      484.608, Total count    =         2504]
#[Buckets =           27, SubBuckets     =         2048]
-----------------------------------------------------------------------
  2993 requests in 1.00m, 0.89MB read
Requests/sec:     49.88  
Transfer/sec:     15.21KB
