Running 1m test @ http://10.100.185.202/?loopCount=25&base=6&exp=6
  5 threads and 5 connections

  Thread calibration: mean lat.: 85.844ms, rate sampling interval: 346ms
  Thread calibration: mean lat.: 89.952ms, rate sampling interval: 354ms
  Thread calibration: mean lat.: 89.665ms, rate sampling interval: 343ms
  Thread calibration: mean lat.: 86.622ms, rate sampling interval: 375ms
  Thread calibration: mean lat.: 84.036ms, rate sampling interval: 349ms

-----------------------------------------------------------------------
Test Results @ http://10.100.185.202/?loopCount=25&base=6&exp=6 
  Thread Stats   Avg      Stdev     99%   +/- Stdev
    Latency   104.99ms   59.25ms 283.90ms   66.67%
    Req/Sec     9.47      2.49    16.00     78.47%
  Latency Distribution (HdrHistogram - Recorded Latency)
 50.000%   97.15ms
 75.000%  136.70ms
 90.000%  184.96ms
 99.000%  283.90ms
 99.900%  378.62ms
 99.990%  386.30ms
 99.999%  386.30ms
100.000%  386.30ms

  Detailed Percentile spectrum:
       Value   Percentile   TotalCount 1/(1-Percentile)

      21.695     0.000000            1         1.00
      44.287     0.100000          250         1.11
      51.807     0.200000          500         1.25
      54.719     0.300000          752         1.43
      80.511     0.400000         1000         1.67
      97.151     0.500000         1250         2.00
     101.375     0.550000         1377         2.22
     106.239     0.600000         1502         2.50
     110.335     0.650000         1627         2.86
     122.303     0.700000         1751         3.33
     136.703     0.750000         1875         4.00
     146.943     0.775000         1937         4.44
     162.687     0.800000         2000         5.00
     174.463     0.825000         2066         5.71
     176.895     0.850000         2125         6.67
     180.351     0.875000         2189         8.00
     182.143     0.887500         2218         8.89
     185.215     0.900000         2251        10.00
     189.695     0.912500         2281        11.43
     192.895     0.925000         2313        13.33
     197.887     0.937500         2343        16.00
     201.215     0.943750         2359        17.78
     204.671     0.950000         2375        20.00
     208.895     0.956250         2391        22.86
     219.519     0.962500         2406        26.67
     229.119     0.968750         2421        32.00
     238.207     0.971875         2429        35.56
     255.103     0.975000         2437        40.00
     274.687     0.978125         2445        45.71
     276.735     0.981250         2455        53.33
     278.527     0.984375         2461        64.00
     281.855     0.985938         2464        71.11
     282.879     0.987500         2469        80.00
     283.647     0.989062         2472        91.43
     284.415     0.990625         2477       106.67
     286.719     0.992188         2480       128.00
     287.999     0.992969         2482       142.22
     288.511     0.993750         2484       160.00
     300.287     0.994531         2486       182.86
     308.991     0.995313         2488       213.33
     314.879     0.996094         2490       256.00
     326.143     0.996484         2491       284.44
     326.911     0.996875         2492       320.00
     332.543     0.997266         2493       365.71
     336.127     0.997656         2494       426.67
     363.519     0.998047         2495       512.00
     363.519     0.998242         2495       568.89
     374.527     0.998437         2496       640.00
     374.527     0.998633         2496       731.43
     378.623     0.998828         2497       853.33
     378.623     0.999023         2497      1024.00
     378.623     0.999121         2497      1137.78
     386.047     0.999219         2498      1280.00
     386.047     0.999316         2498      1462.86
     386.047     0.999414         2498      1706.67
     386.047     0.999512         2498      2048.00
     386.047     0.999561         2498      2275.56
     386.303     0.999609         2499      2560.00
     386.303     1.000000         2499          inf
#[Mean    =      104.993, StdDeviation   =       59.252]
#[Max     =      386.048, Total count    =         2499]
#[Buckets =           27, SubBuckets     =         2048]
-----------------------------------------------------------------------
  2992 requests in 1.00m, 0.89MB read
Requests/sec:     49.86  
Transfer/sec:     15.20KB
