Running 1m test @ http://10.96.164.126/?loopCount=25&base=6&exp=6
  1 threads and 1 connections

  Thread calibration: mean lat.: 1481.367ms, rate sampling interval: 5804ms

-----------------------------------------------------------------------
Test Results @ http://10.96.164.126/?loopCount=25&base=6&exp=6 
  Thread Stats   Avg      Stdev     99%   +/- Stdev
    Latency    11.87s     4.60s   19.74s    58.47%
    Req/Sec    16.25      0.83    18.00    100.00%
  Latency Distribution (HdrHistogram - Recorded Latency)
 50.000%   11.78s 
 75.000%   15.84s 
 90.000%   18.28s 
 99.000%   19.74s 
 99.900%   19.82s 
 99.990%   19.82s 
 99.999%   19.82s 
100.000%   19.82s 

  Detailed Percentile spectrum:
       Value   Percentile   TotalCount 1/(1-Percentile)

    3381.247     0.000000            1         1.00
    5447.679     0.100000           84         1.11
    7254.015     0.200000          170         1.25
    9084.927     0.300000          252         1.43
   10371.071     0.400000          338         1.67
   11780.095     0.500000          420         2.00
   12697.599     0.550000          461         2.22
   13516.799     0.600000          503         2.50
   14123.007     0.650000          546         2.86
   14860.287     0.700000          587         3.33
   15843.327     0.750000          629         4.00
   16252.927     0.775000          650         4.44
   16572.415     0.800000          675         5.00
   17039.359     0.825000          693         5.71
   17448.959     0.850000          722         6.67
   17858.559     0.875000          735         8.00
   18087.935     0.887500          744         8.89
   18333.695     0.900000          756        10.00
   18431.999     0.912500          766        11.43
   18612.223     0.925000          776        13.33
   18972.671     0.937500          787        16.00
   19070.975     0.943750          794        17.78
   19120.127     0.950000          799        20.00
   19152.895     0.956250          802        22.86
   19267.583     0.962500          807        26.67
   19382.271     0.968750          812        32.00
   19464.191     0.971875          815        35.56
   19513.343     0.975000          818        40.00
   19546.111     0.978125          820        45.71
   19644.415     0.981250          823        53.33
   19660.799     0.984375          827        64.00
   19660.799     0.985938          827        71.11
   19693.567     0.987500          829        80.00
   19693.567     0.989062          829        91.43
   19742.719     0.990625          831       106.67
   19759.103     0.992188          832       128.00
   19791.871     0.992969          834       142.22
   19791.871     0.993750          834       160.00
   19791.871     0.994531          834       182.86
   19824.639     0.995313          838       213.33
   19824.639     1.000000          838          inf
#[Mean    =    11874.019, StdDeviation   =     4597.013]
#[Max     =    19808.256, Total count    =          838]
#[Buckets =           27, SubBuckets     =         2048]
-----------------------------------------------------------------------
  1004 requests in 1.00m, 305.92KB read
Requests/sec:     16.73  
Transfer/sec:      5.10KB
