Running 1m test @ http://10.100.134.99/?loopCount=25&base=6&exp=6
  5 threads and 5 connections

  Thread calibration: mean lat.: 127.628ms, rate sampling interval: 505ms
  Thread calibration: mean lat.: 155.810ms, rate sampling interval: 527ms
  Thread calibration: mean lat.: 84.379ms, rate sampling interval: 313ms
  Thread calibration: mean lat.: 111.537ms, rate sampling interval: 499ms
  Thread calibration: mean lat.: 118.403ms, rate sampling interval: 351ms

-----------------------------------------------------------------------
Test Results @ http://10.100.134.99/?loopCount=25&base=6&exp=6 
  Thread Stats   Avg      Stdev     99%   +/- Stdev
    Latency   175.72ms  164.67ms 842.75ms   86.52%
    Req/Sec     9.47      3.00    19.00     82.46%
  Latency Distribution (HdrHistogram - Recorded Latency)
 50.000%  146.69ms
 75.000%  236.54ms
 90.000%  390.14ms
 99.000%  842.75ms
 99.900%  998.91ms
 99.990%    1.06s 
 99.999%    1.06s 
100.000%    1.06s 

  Detailed Percentile spectrum:
       Value   Percentile   TotalCount 1/(1-Percentile)

      24.575     0.000000            1         1.00
      40.767     0.100000          264         1.11
      41.503     0.200000          500         1.25
      68.415     0.300000          748         1.43
      96.063     0.400000          999         1.67
     146.687     0.500000         1246         2.00
     153.471     0.550000         1375         2.22
     157.311     0.600000         1500         2.50
     164.991     0.650000         1620         2.86
     189.311     0.700000         1745         3.33
     236.543     0.750000         1869         4.00
     251.007     0.775000         1933         4.44
     256.127     0.800000         1994         5.00
     265.471     0.825000         2057         5.71
     293.631     0.850000         2119         6.67
     353.535     0.875000         2182         8.00
     359.423     0.887500         2213         8.89
     390.143     0.900000         2243        10.00
     438.527     0.912500         2274        11.43
     458.751     0.925000         2306        13.33
     479.743     0.937500         2337        16.00
     497.919     0.943750         2352        17.78
     541.183     0.950000         2368        20.00
     554.495     0.956250         2383        22.86
     561.151     0.962500         2399        26.67
     595.455     0.968750         2415        32.00
     639.999     0.971875         2422        35.56
     657.407     0.975000         2431        40.00
     668.159     0.978125         2438        45.71
     707.071     0.981250         2446        53.33
     754.175     0.984375         2454        64.00
     759.807     0.985938         2457        71.11
     787.967     0.987500         2461        80.00
     803.839     0.989062         2465        91.43
     847.359     0.990625         2469       106.67
     857.599     0.992188         2473       128.00
     862.207     0.992969         2476       142.22
     867.839     0.993750         2477       160.00
     878.591     0.994531         2479       182.86
     900.607     0.995313         2481       213.33
     947.199     0.996094         2483       256.00
     947.711     0.996484         2484       284.44
     950.783     0.996875         2485       320.00
     960.511     0.997266         2486       365.71
     970.751     0.997656         2487       426.67
     972.287     0.998047         2488       512.00
     972.287     0.998242         2488       568.89
     994.815     0.998437         2489       640.00
     994.815     0.998633         2489       731.43
     998.911     0.998828         2490       853.33
     998.911     0.999023         2490      1024.00
     998.911     0.999121         2490      1137.78
    1054.719     0.999219         2491      1280.00
    1054.719     0.999316         2491      1462.86
    1054.719     0.999414         2491      1706.67
    1054.719     0.999512         2491      2048.00
    1054.719     0.999561         2491      2275.56
    1058.815     0.999609         2492      2560.00
    1058.815     1.000000         2492          inf
#[Mean    =      175.719, StdDeviation   =      164.672]
#[Max     =     1057.792, Total count    =         2492]
#[Buckets =           27, SubBuckets     =         2048]
-----------------------------------------------------------------------
  2984 requests in 1.00m, 0.89MB read
Requests/sec:     49.73  
Transfer/sec:     15.17KB
