Running 1m test @ http://10.107.164.151/?loopCount=25&base=6&exp=6
  5 threads and 5 connections

  Thread calibration: mean lat.: 238.573ms, rate sampling interval: 1201ms
  Thread calibration: mean lat.: 473.024ms, rate sampling interval: 1250ms
  Thread calibration: mean lat.: 652.318ms, rate sampling interval: 1923ms
  Thread calibration: mean lat.: 374.312ms, rate sampling interval: 1642ms
  Thread calibration: mean lat.: 869.245ms, rate sampling interval: 3033ms

-----------------------------------------------------------------------
Test Results @ http://10.107.164.151/?loopCount=25&base=6&exp=6 
  Thread Stats   Avg      Stdev     99%   +/- Stdev
    Latency     3.08s     1.60s    7.52s    71.22%
    Req/Sec     8.77      1.11    11.00     91.45%
  Latency Distribution (HdrHistogram - Recorded Latency)
 50.000%    2.52s 
 75.000%    4.11s 
 90.000%    5.25s 
 99.000%    7.52s 
 99.900%    7.83s 
 99.990%    7.83s 
 99.999%    7.83s 
100.000%    7.83s 

  Detailed Percentile spectrum:
       Value   Percentile   TotalCount 1/(1-Percentile)

     536.063     0.000000            1         1.00
    1334.271     0.100000          232         1.11
    1711.103     0.200000          461         1.25
    2015.231     0.300000          690         1.43
    2246.655     0.400000          925         1.67
    2521.087     0.500000         1150         2.00
    2947.071     0.550000         1265         2.22
    3227.647     0.600000         1381         2.50
    3627.007     0.650000         1496         2.86
    3950.591     0.700000         1613         3.33
    4114.431     0.750000         1726         4.00
    4202.495     0.775000         1783         4.44
    4259.839     0.800000         1842         5.00
    4427.775     0.825000         1898         5.71
    4640.767     0.850000         1955         6.67
    5013.503     0.875000         2013         8.00
    5132.287     0.887500         2042         8.89
    5246.975     0.900000         2070        10.00
    5320.703     0.912500         2104        11.43
    5636.095     0.925000         2128        13.33
    6107.135     0.937500         2157        16.00
    6402.047     0.943750         2171        17.78
    6619.135     0.950000         2185        20.00
    6836.223     0.956250         2200        22.86
    6991.871     0.962500         2214        26.67
    7106.559     0.968750         2229        32.00
    7118.847     0.971875         2237        35.56
    7208.959     0.975000         2244        40.00
    7315.455     0.978125         2250        45.71
    7417.855     0.981250         2257        53.33
    7454.719     0.984375         2265        64.00
    7507.967     0.985938         2269        71.11
    7512.063     0.987500         2272        80.00
    7516.159     0.989062         2279        91.43
    7516.159     0.990625         2279       106.67
    7528.447     0.992188         2283       128.00
    7532.543     0.992969         2285       142.22
    7651.327     0.993750         2287       160.00
    7704.575     0.994531         2288       182.86
    7737.343     0.995313         2291       213.33
    7757.823     0.996094         2292       256.00
    7757.823     0.996484         2292       284.44
    7811.071     0.996875         2295       320.00
    7811.071     0.997266         2295       365.71
    7811.071     0.997656         2295       426.67
    7819.263     0.998047         2296       512.00
    7819.263     0.998242         2296       568.89
    7823.359     0.998437         2297       640.00
    7823.359     0.998633         2297       731.43
    7827.455     0.998828         2298       853.33
    7827.455     0.999023         2298      1024.00
    7827.455     0.999121         2298      1137.78
    7831.551     0.999219         2300      1280.00
    7831.551     1.000000         2300          inf
#[Mean    =     3082.938, StdDeviation   =     1604.841]
#[Max     =     7827.456, Total count    =         2300]
#[Buckets =           27, SubBuckets     =         2048]
-----------------------------------------------------------------------
  2747 requests in 1.00m, 838.37KB read
Requests/sec:     45.78  
Transfer/sec:     13.97KB
