Running 1m test @ http://10.96.164.126/?loopCount=25&base=6&exp=6
  5 threads and 5 connections

  Thread calibration: mean lat.: 971.326ms, rate sampling interval: 3049ms
  Thread calibration: mean lat.: 763.516ms, rate sampling interval: 2308ms
  Thread calibration: mean lat.: 928.721ms, rate sampling interval: 3463ms
  Thread calibration: mean lat.: 859.207ms, rate sampling interval: 3327ms
  Thread calibration: mean lat.: 828.119ms, rate sampling interval: 2742ms

-----------------------------------------------------------------------
Test Results @ http://10.96.164.126/?loopCount=25&base=6&exp=6 
  Thread Stats   Avg      Stdev     99%   +/- Stdev
    Latency     5.71s     2.26s    9.77s    57.25%
    Req/Sec    12.10      1.04    14.00     92.86%
  Latency Distribution (HdrHistogram - Recorded Latency)
 50.000%    5.73s 
 75.000%    7.67s 
 90.000%    8.72s 
 99.000%    9.77s 
 99.900%   10.51s 
 99.990%   10.53s 
 99.999%   10.53s 
100.000%   10.53s 

  Detailed Percentile spectrum:
       Value   Percentile   TotalCount 1/(1-Percentile)

    1151.999     0.000000            1         1.00
    2582.527     0.100000          316         1.11
    3383.295     0.200000          630         1.25
    4300.799     0.300000          944         1.43
    4931.583     0.400000         1258         1.67
    5734.399     0.500000         1572         2.00
    6094.847     0.550000         1731         2.22
    6426.623     0.600000         1888         2.50
    6840.319     0.650000         2044         2.86
    7229.439     0.700000         2203         3.33
    7667.711     0.750000         2359         4.00
    7921.663     0.775000         2438         4.44
    8126.463     0.800000         2519         5.00
    8282.111     0.825000         2595         5.71
    8404.991     0.850000         2681         6.67
    8478.719     0.875000         2755         8.00
    8527.871     0.887500         2792         8.89
    8724.479     0.900000         2830        10.00
    8822.783     0.912500         2872        11.43
    8921.087     0.925000         2911        13.33
    9084.927     0.937500         2949        16.00
    9117.695     0.943750         2972        17.78
    9191.423     0.950000         2989        20.00
    9281.535     0.956250         3007        22.86
    9338.879     0.962500         3030        26.67
    9453.567     0.968750         3049        32.00
    9478.143     0.971875         3056        35.56
    9535.487     0.975000         3070        40.00
    9551.871     0.978125         3079        45.71
    9568.255     0.981250         3086        53.33
    9633.791     0.984375         3095        64.00
    9658.367     0.985938         3100        71.11
    9674.751     0.987500         3105        80.00
    9756.671     0.989062         3110        91.43
    9863.167     0.990625         3115       106.67
    9994.239     0.992188         3120       128.00
   10010.623     0.992969         3122       142.22
   10100.735     0.993750         3125       160.00
   10133.503     0.994531         3127       182.86
   10199.039     0.995313         3130       213.33
   10223.615     0.996094         3132       256.00
   10231.807     0.996484         3133       284.44
   10280.959     0.996875         3135       320.00
   10313.727     0.997266         3136       365.71
   10412.031     0.997656         3137       426.67
   10428.415     0.998047         3138       512.00
   10452.991     0.998242         3139       568.89
   10485.759     0.998437         3140       640.00
   10485.759     0.998633         3140       731.43
   10510.335     0.998828         3143       853.33
   10510.335     0.999023         3143      1024.00
   10510.335     0.999121         3143      1137.78
   10510.335     0.999219         3143      1280.00
   10510.335     0.999316         3143      1462.86
   10510.335     0.999414         3143      1706.67
   10510.335     0.999512         3143      2048.00
   10510.335     0.999561         3143      2275.56
   10510.335     0.999609         3143      2560.00
   10510.335     0.999658         3143      2925.71
   10534.911     0.999707         3144      3413.33
   10534.911     1.000000         3144          inf
#[Mean    =     5713.416, StdDeviation   =     2262.054]
#[Max     =    10526.720, Total count    =         3144]
#[Buckets =           27, SubBuckets     =         2048]
-----------------------------------------------------------------------
  3767 requests in 1.00m, 1.12MB read
Requests/sec:     62.78  
Transfer/sec:     19.14KB
