Running 1m test @ http://10.104.199.0/?loopCount=25&base=6&exp=6
  5 threads and 5 connections

  Thread calibration: mean lat.: 872.657ms, rate sampling interval: 2828ms
  Thread calibration: mean lat.: 800.088ms, rate sampling interval: 3287ms
  Thread calibration: mean lat.: 845.432ms, rate sampling interval: 3235ms
  Thread calibration: mean lat.: 472.692ms, rate sampling interval: 1509ms
  Thread calibration: mean lat.: 1521.456ms, rate sampling interval: 4743ms

-----------------------------------------------------------------------
Test Results @ http://10.104.199.0/?loopCount=25&base=6&exp=6 
  Thread Stats   Avg      Stdev     99%   +/- Stdev
    Latency     6.23s     3.37s   16.21s    70.28%
    Req/Sec    12.07      2.15    17.00     88.89%
  Latency Distribution (HdrHistogram - Recorded Latency)
 50.000%    5.81s 
 75.000%    8.34s 
 90.000%   10.50s 
 99.000%   16.21s 
 99.900%   17.20s 
 99.990%   17.29s 
 99.999%   17.29s 
100.000%   17.29s 

  Detailed Percentile spectrum:
       Value   Percentile   TotalCount 1/(1-Percentile)

     675.327     0.000000            1         1.00
    2211.839     0.100000          308         1.11
    3084.287     0.200000          615         1.25
    4026.367     0.300000          922         1.43
    5099.519     0.400000         1230         1.67
    5808.127     0.500000         1536         2.00
    6209.535     0.550000         1691         2.22
    6578.175     0.600000         1844         2.50
    7004.159     0.650000         1997         2.86
    7475.199     0.700000         2155         3.33
    8339.455     0.750000         2304         4.00
    8568.831     0.775000         2383         4.44
    8716.287     0.800000         2458         5.00
    9191.423     0.825000         2535         5.71
    9379.839     0.850000         2612         6.67
    9682.943     0.875000         2688         8.00
   10182.655     0.887500         2728         8.89
   10502.143     0.900000         2765        10.00
   10706.943     0.912500         2806        11.43
   11051.007     0.925000         2843        13.33
   12287.999     0.937500         2880        16.00
   13164.543     0.943750         2900        17.78
   13680.639     0.950000         2920        20.00
   14073.855     0.956250         2938        22.86
   14237.695     0.962500         2957        26.67
   14557.183     0.968750         2976        32.00
   14712.831     0.971875         2986        35.56
   14802.943     0.975000         2996        40.00
   15089.663     0.978125         3005        45.71
   15359.999     0.981250         3015        53.33
   15679.487     0.984375         3024        64.00
   15867.903     0.985938         3029        71.11
   16105.471     0.987500         3034        80.00
   16162.815     0.989062         3039        91.43
   16392.191     0.990625         3044       106.67
   16596.991     0.992188         3048       128.00
   16760.831     0.992969         3051       142.22
   16842.751     0.993750         3053       160.00
   16875.519     0.994531         3056       182.86
   16891.903     0.995313         3058       213.33
   16990.207     0.996094         3060       256.00
   17039.359     0.996484         3062       284.44
   17055.743     0.996875         3063       320.00
   17104.895     0.997266         3064       365.71
   17121.279     0.997656         3065       426.67
   17170.431     0.998047         3066       512.00
   17186.815     0.998242         3068       568.89
   17186.815     0.998437         3068       640.00
   17186.815     0.998633         3068       731.43
   17203.199     0.998828         3069       853.33
   17203.199     0.999023         3069      1024.00
   17235.967     0.999121         3070      1137.78
   17235.967     0.999219         3070      1280.00
   17235.967     0.999316         3070      1462.86
   17252.351     0.999414         3071      1706.67
   17252.351     0.999512         3071      2048.00
   17252.351     0.999561         3071      2275.56
   17252.351     0.999609         3071      2560.00
   17252.351     0.999658         3071      2925.71
   17285.119     0.999707         3072      3413.33
   17285.119     1.000000         3072          inf
#[Mean    =     6234.331, StdDeviation   =     3371.710]
#[Max     =    17268.736, Total count    =         3072]
#[Buckets =           27, SubBuckets     =         2048]
-----------------------------------------------------------------------
  3692 requests in 1.00m, 1.10MB read
Requests/sec:     61.53  
Transfer/sec:     18.77KB
