Running 1m test @ http://10.104.199.0/?loopCount=25&base=6&exp=6
  1 threads and 1 connections

  Thread calibration: mean lat.: 3519.060ms, rate sampling interval: 12754ms

-----------------------------------------------------------------------
Test Results @ http://10.104.199.0/?loopCount=25&base=6&exp=6 
  Thread Stats   Avg      Stdev     99%   +/- Stdev
    Latency    25.47s    10.48s   42.89s    58.74%
    Req/Sec     6.33      0.47     7.00    100.00%
  Latency Distribution (HdrHistogram - Recorded Latency)
 50.000%   25.80s 
 75.000%   34.34s 
 90.000%   39.94s 
 99.000%   42.89s 
 99.900%   43.16s 
 99.990%   43.16s 
 99.999%   43.16s 
100.000%   43.16s 

  Detailed Percentile spectrum:
       Value   Percentile   TotalCount 1/(1-Percentile)

    7172.095     0.000000            1         1.00
   10698.751     0.100000           35         1.11
   14721.023     0.200000           70         1.25
   18415.615     0.300000          105         1.43
   22118.399     0.400000          140         1.67
   25804.799     0.500000          175         2.00
   27344.895     0.550000          192         2.22
   28999.679     0.600000          210         2.50
   30949.375     0.650000          227         2.86
   32784.383     0.700000          245         3.33
   34340.863     0.750000          262         4.00
   35192.831     0.775000          271         4.44
   36241.407     0.800000          280         5.00
   37093.375     0.825000          288         5.71
   38174.719     0.850000          297         6.67
   39190.527     0.875000          306         8.00
   39518.207     0.887500          310         8.89
   40206.335     0.900000          315        10.00
   40566.783     0.912500          319        11.43
   40927.231     0.925000          323        13.33
   41385.983     0.937500          328        16.00
   41549.823     0.943750          330        17.78
   41746.431     0.950000          332        20.00
   41844.735     0.956250          334        22.86
   41975.807     0.962500          336        26.67
   42237.951     0.968750          339        32.00
   42336.255     0.971875          340        35.56
   42467.327     0.975000          341        40.00
   42532.863     0.978125          342        45.71
   42598.399     0.981250          343        53.33
   42762.239     0.984375          344        64.00
   42827.775     0.985938          345        71.11
   42827.775     0.987500          345        80.00
   42893.311     0.989062          346        91.43
   42893.311     0.990625          346       106.67
   42958.847     0.992188          347       128.00
   42958.847     0.992969          347       142.22
   42958.847     0.993750          347       160.00
   43024.383     0.994531          348       182.86
   43024.383     0.995313          348       213.33
   43024.383     0.996094          348       256.00
   43024.383     0.996484          348       284.44
   43024.383     0.996875          348       320.00
   43155.455     0.997266          349       365.71
   43155.455     1.000000          349          inf
#[Mean    =    25467.056, StdDeviation   =    10484.077]
#[Max     =    43122.688, Total count    =          349]
#[Buckets =           27, SubBuckets     =         2048]
-----------------------------------------------------------------------
  420 requests in 1.00m, 128.34KB read
Requests/sec:      7.00  
Transfer/sec:      2.14KB
