Running 1m test @ http://10.96.164.126/?loopCount=25&base=6&exp=6
  5 threads and 5 connections

  Thread calibration: mean lat.: 58.855ms, rate sampling interval: 239ms
  Thread calibration: mean lat.: 78.710ms, rate sampling interval: 270ms
  Thread calibration: mean lat.: 65.724ms, rate sampling interval: 249ms
  Thread calibration: mean lat.: 69.303ms, rate sampling interval: 261ms
  Thread calibration: mean lat.: 109.893ms, rate sampling interval: 446ms

-----------------------------------------------------------------------
Test Results @ http://10.96.164.126/?loopCount=25&base=6&exp=6 
  Thread Stats   Avg      Stdev     99%   +/- Stdev
    Latency    75.32ms   48.12ms 235.13ms   82.07%
    Req/Sec     9.63      2.85    16.00     88.07%
  Latency Distribution (HdrHistogram - Recorded Latency)
 50.000%   53.69ms
 75.000%  118.08ms
 90.000%  134.40ms
 99.000%  235.13ms
 99.900%  357.89ms
 99.990%  417.54ms
 99.999%  417.54ms
100.000%  417.54ms

  Detailed Percentile spectrum:
       Value   Percentile   TotalCount 1/(1-Percentile)

      22.079     0.000000            1         1.00
      40.831     0.100000          258         1.11
      41.471     0.200000          508         1.25
      42.079     0.300000          753         1.43
      43.487     0.400000         1001         1.67
      53.695     0.500000         1253         2.00
      55.679     0.550000         1376         2.22
      60.159     0.600000         1500         2.50
      66.687     0.650000         1626         2.86
      79.551     0.700000         1751         3.33
     118.143     0.750000         1882         4.00
     119.359     0.775000         1937         4.44
     121.215     0.800000         2001         5.00
     123.263     0.825000         2063         5.71
     126.911     0.850000         2126         6.67
     129.279     0.875000         2188         8.00
     131.967     0.887500         2218         8.89
     134.399     0.900000         2251        10.00
     137.215     0.912500         2282        11.43
     140.927     0.925000         2312        13.33
     145.663     0.937500         2345        16.00
     150.143     0.943750         2359        17.78
     153.087     0.950000         2375        20.00
     159.487     0.956250         2390        22.86
     169.343     0.962500         2406        26.67
     209.535     0.968750         2421        32.00
     218.751     0.971875         2430        35.56
     220.543     0.975000         2437        40.00
     223.231     0.978125         2445        45.71
     223.871     0.981250         2453        53.33
     225.407     0.984375         2460        64.00
     228.223     0.985938         2464        71.11
     230.271     0.987500         2468        80.00
     233.215     0.989062         2472        91.43
     235.519     0.990625         2476       106.67
     237.567     0.992188         2480       128.00
     238.463     0.992969         2482       142.22
     247.295     0.993750         2484       160.00
     269.823     0.994531         2486       182.86
     277.759     0.995313         2488       213.33
     311.295     0.996094         2490       256.00
     317.439     0.996484         2491       284.44
     317.695     0.996875         2492       320.00
     322.815     0.997266         2493       365.71
     325.375     0.997656         2494       426.67
     328.191     0.998047         2495       512.00
     328.191     0.998242         2495       568.89
     329.471     0.998437         2496       640.00
     329.471     0.998633         2496       731.43
     357.887     0.998828         2497       853.33
     357.887     0.999023         2497      1024.00
     357.887     0.999121         2497      1137.78
     369.919     0.999219         2498      1280.00
     369.919     0.999316         2498      1462.86
     369.919     0.999414         2498      1706.67
     369.919     0.999512         2498      2048.00
     369.919     0.999561         2498      2275.56
     417.535     0.999609         2499      2560.00
     417.535     1.000000         2499          inf
#[Mean    =       75.318, StdDeviation   =       48.123]
#[Max     =      417.280, Total count    =         2499]
#[Buckets =           27, SubBuckets     =         2048]
-----------------------------------------------------------------------
  2994 requests in 1.00m, 0.89MB read
Requests/sec:     49.89  
Transfer/sec:     15.21KB
