Running 1m test @ http://10.107.164.151/?loopCount=25&base=6&exp=6
  5 threads and 5 connections

  Thread calibration: mean lat.: 504.099ms, rate sampling interval: 1673ms
  Thread calibration: mean lat.: 329.299ms, rate sampling interval: 946ms
  Thread calibration: mean lat.: 298.827ms, rate sampling interval: 990ms
  Thread calibration: mean lat.: 511.633ms, rate sampling interval: 1951ms
  Thread calibration: mean lat.: 623.325ms, rate sampling interval: 2160ms

-----------------------------------------------------------------------
Test Results @ http://10.107.164.151/?loopCount=25&base=6&exp=6 
  Thread Stats   Avg      Stdev     99%   +/- Stdev
    Latency     3.22s     1.48s    6.15s    59.25%
    Req/Sec     8.74      1.48    13.00     89.39%
  Latency Distribution (HdrHistogram - Recorded Latency)
 50.000%    2.98s 
 75.000%    4.40s 
 90.000%    5.35s 
 99.000%    6.15s 
 99.900%    6.26s 
 99.990%    6.28s 
 99.999%    6.28s 
100.000%    6.28s 

  Detailed Percentile spectrum:
       Value   Percentile   TotalCount 1/(1-Percentile)

      81.087     0.000000            1         1.00
    1268.735     0.100000          229         1.11
    1814.527     0.200000          455         1.25
    2473.983     0.300000          686         1.43
    2684.927     0.400000          911         1.67
    2977.791     0.500000         1138         2.00
    3180.543     0.550000         1252         2.22
    3549.183     0.600000         1365         2.50
    3850.239     0.650000         1479         2.86
    4147.199     0.700000         1593         3.33
    4407.295     0.750000         1709         4.00
    4599.807     0.775000         1764         4.44
    4784.127     0.800000         1820         5.00
    4898.815     0.825000         1877         5.71
    5083.135     0.850000         1934         6.67
    5222.399     0.875000         1992         8.00
    5275.647     0.887500         2020         8.89
    5353.471     0.900000         2050        10.00
    5386.239     0.912500         2078        11.43
    5464.063     0.925000         2107        13.33
    5488.639     0.937500         2135        16.00
    5509.119     0.943750         2150        17.78
    5554.175     0.950000         2163        20.00
    5566.463     0.956250         2180        22.86
    5582.847     0.962500         2190        26.67
    5697.535     0.968750         2204        32.00
    5869.567     0.971875         2213        35.56
    5976.063     0.975000         2219        40.00
    5992.447     0.978125         2227        45.71
    6049.791     0.981250         2233        53.33
    6074.367     0.984375         2241        64.00
    6090.751     0.985938         2244        71.11
    6103.039     0.987500         2248        80.00
    6139.903     0.989062         2251        91.43
    6156.287     0.990625         2254       106.67
    6168.575     0.992188         2259       128.00
    6172.671     0.992969         2260       142.22
    6176.767     0.993750         2262       160.00
    6180.863     0.994531         2264       182.86
    6184.959     0.995313         2266       213.33
    6193.151     0.996094         2267       256.00
    6197.247     0.996484         2270       284.44
    6197.247     0.996875         2270       320.00
    6197.247     0.997266         2270       365.71
    6197.247     0.997656         2270       426.67
    6205.439     0.998047         2271       512.00
    6250.495     0.998242         2272       568.89
    6250.495     0.998437         2272       640.00
    6250.495     0.998633         2272       731.43
    6258.687     0.998828         2273       853.33
    6258.687     0.999023         2273      1024.00
    6275.071     0.999121         2275      1137.78
    6275.071     1.000000         2275          inf
#[Mean    =     3221.013, StdDeviation   =     1476.339]
#[Max     =     6270.976, Total count    =         2275]
#[Buckets =           27, SubBuckets     =         2048]
-----------------------------------------------------------------------
  2733 requests in 1.00m, 834.05KB read
Requests/sec:     45.55  
Transfer/sec:     13.90KB
