Running 1m test @ http://10.96.164.126/?loopCount=25&base=6&exp=6
  5 threads and 5 connections

  Thread calibration: mean lat.: 62.717ms, rate sampling interval: 256ms
  Thread calibration: mean lat.: 79.331ms, rate sampling interval: 276ms
  Thread calibration: mean lat.: 67.000ms, rate sampling interval: 278ms
  Thread calibration: mean lat.: 68.787ms, rate sampling interval: 272ms
  Thread calibration: mean lat.: 80.078ms, rate sampling interval: 286ms

-----------------------------------------------------------------------
Test Results @ http://10.96.164.126/?loopCount=25&base=6&exp=6 
  Thread Stats   Avg      Stdev     99%   +/- Stdev
    Latency    78.47ms   53.37ms 246.14ms   85.01%
    Req/Sec     9.46      2.82    17.00     83.99%
  Latency Distribution (HdrHistogram - Recorded Latency)
 50.000%   53.69ms
 75.000%  121.73ms
 90.000%  144.13ms
 99.000%  246.14ms
 99.900%  342.27ms
 99.990%  357.63ms
 99.999%  357.63ms
100.000%  357.63ms

  Detailed Percentile spectrum:
       Value   Percentile   TotalCount 1/(1-Percentile)

      22.191     0.000000            1         1.00
      40.703     0.100000          264         1.11
      41.151     0.200000          507         1.25
      41.663     0.300000          760         1.43
      42.943     0.400000         1001         1.67
      53.695     0.500000         1253         2.00
      57.023     0.550000         1376         2.22
      60.383     0.600000         1501         2.50
      66.687     0.650000         1626         2.86
      83.455     0.700000         1751         3.33
     121.727     0.750000         1878         4.00
     122.687     0.775000         1939         4.44
     125.055     0.800000         2003         5.00
     128.959     0.825000         2065         5.71
     131.583     0.850000         2126         6.67
     137.983     0.875000         2191         8.00
     140.543     0.887500         2220         8.89
     144.127     0.900000         2252        10.00
     148.735     0.912500         2283        11.43
     155.647     0.925000         2315        13.33
     165.759     0.937500         2345        16.00
     172.415     0.943750         2361        17.78
     192.255     0.950000         2376        20.00
     220.799     0.956250         2392        22.86
     223.615     0.962500         2409        26.67
     226.047     0.968750         2423        32.00
     227.199     0.971875         2431        35.56
     229.503     0.975000         2439        40.00
     231.295     0.978125         2447        45.71
     234.111     0.981250         2455        53.33
     237.695     0.984375         2462        64.00
     239.359     0.985938         2466        71.11
     240.255     0.987500         2470        80.00
     244.479     0.989062         2474        91.43
     248.063     0.990625         2478       106.67
     256.383     0.992188         2482       128.00
     258.815     0.992969         2484       142.22
     259.199     0.993750         2486       160.00
     268.287     0.994531         2488       182.86
     281.087     0.995313         2490       213.33
     318.975     0.996094         2492       256.00
     319.231     0.996484         2493       284.44
     327.423     0.996875         2494       320.00
     327.935     0.997266         2495       365.71
     330.751     0.997656         2496       426.67
     340.223     0.998047         2497       512.00
     340.223     0.998242         2497       568.89
     342.271     0.998437         2498       640.00
     342.271     0.998633         2498       731.43
     345.855     0.998828         2499       853.33
     345.855     0.999023         2499      1024.00
     345.855     0.999121         2499      1137.78
     346.623     0.999219         2500      1280.00
     346.623     0.999316         2500      1462.86
     346.623     0.999414         2500      1706.67
     346.623     0.999512         2500      2048.00
     346.623     0.999561         2500      2275.56
     357.631     0.999609         2501      2560.00
     357.631     1.000000         2501          inf
#[Mean    =       78.466, StdDeviation   =       53.374]
#[Max     =      357.376, Total count    =         2501]
#[Buckets =           27, SubBuckets     =         2048]
-----------------------------------------------------------------------
  2995 requests in 1.00m, 0.89MB read
Requests/sec:     49.91  
Transfer/sec:     15.22KB
