Running 1m test @ http://10.104.225.39/?loopCount=25&base=6&exp=6
  1 threads and 1 connections

  Thread calibration: mean lat.: 1486.068ms, rate sampling interval: 5525ms

-----------------------------------------------------------------------
Test Results @ http://10.104.225.39/?loopCount=25&base=6&exp=6 
  Thread Stats   Avg      Stdev     99%   +/- Stdev
    Latency    10.97s     4.46s   18.02s    58.29%
    Req/Sec    17.00      0.94    19.00     88.89%
  Latency Distribution (HdrHistogram - Recorded Latency)
 50.000%   11.03s 
 75.000%   14.66s 
 90.000%   17.22s 
 99.000%   18.02s 
 99.900%   18.07s 
 99.990%   18.07s 
 99.999%   18.07s 
100.000%   18.07s 

  Detailed Percentile spectrum:
       Value   Percentile   TotalCount 1/(1-Percentile)

    3098.623     0.000000            1         1.00
    4603.903     0.100000           89         1.11
    6410.239     0.200000          176         1.25
    7733.247     0.300000          263         1.43
    9658.367     0.400000          350         1.67
   11026.431     0.500000          438         2.00
   11935.743     0.550000          483         2.22
   12713.983     0.600000          526         2.50
   13402.111     0.650000          572         2.86
   14106.623     0.700000          613         3.33
   14680.063     0.750000          657         4.00
   15081.471     0.775000          679         4.44
   15433.727     0.800000          700         5.00
   15941.631     0.825000          723         5.71
   16449.535     0.850000          744         6.67
   16908.287     0.875000          771         8.00
   17039.359     0.887500          778         8.89
   17219.583     0.900000          791        10.00
   17383.423     0.912500          799        11.43
   17563.647     0.925000          812        13.33
   17661.951     0.937500          822        16.00
   17793.023     0.943750          842        17.78
   17793.023     0.950000          842        20.00
   17793.023     0.956250          842        22.86
   17809.407     0.962500          844        26.67
   17825.791     0.968750          849        32.00
   17842.175     0.971875          855        35.56
   17842.175     0.975000          855        40.00
   17891.327     0.978125          857        45.71
   17973.247     0.981250          860        53.33
   17989.631     0.984375          862        64.00
   18006.015     0.985938          863        71.11
   18022.399     0.987500          866        80.00
   18022.399     0.989062          866        91.43
   18038.783     0.990625          868       106.67
   18055.167     0.992188          873       128.00
   18055.167     0.992969          873       142.22
   18055.167     0.993750          873       160.00
   18055.167     0.994531          873       182.86
   18055.167     0.995313          873       213.33
   18055.167     0.996094          873       256.00
   18055.167     0.996484          873       284.44
   18055.167     0.996875          873       320.00
   18055.167     0.997266          873       365.71
   18055.167     0.997656          873       426.67
   18071.551     0.998047          875       512.00
   18071.551     1.000000          875          inf
#[Mean    =    10968.556, StdDeviation   =     4455.844]
#[Max     =    18055.168, Total count    =          875]
#[Buckets =           27, SubBuckets     =         2048]
-----------------------------------------------------------------------
  1048 requests in 1.00m, 319.32KB read
Requests/sec:     17.47  
Transfer/sec:      5.32KB
