Running 1m test @ http://10.104.225.39/?loopCount=25&base=6&exp=6
  1 threads and 1 connections

  Thread calibration: mean lat.: 1811.831ms, rate sampling interval: 6385ms

-----------------------------------------------------------------------
Test Results @ http://10.104.225.39/?loopCount=25&base=6&exp=6 
  Thread Stats   Avg      Stdev     99%   +/- Stdev
    Latency    11.63s     4.64s   19.79s    59.04%
    Req/Sec    16.14      0.64    17.00    100.00%
  Latency Distribution (HdrHistogram - Recorded Latency)
 50.000%   11.59s 
 75.000%   15.61s 
 90.000%   18.04s 
 99.000%   19.79s 
 99.900%   19.97s 
 99.990%   20.02s 
 99.999%   20.02s 
100.000%   20.02s 

  Detailed Percentile spectrum:
       Value   Percentile   TotalCount 1/(1-Percentile)

    3418.111     0.000000            1         1.00
    4980.735     0.100000           86         1.11
    6819.839     0.200000          168         1.25
    8822.783     0.300000          251         1.43
   10051.583     0.400000          339         1.67
   11591.679     0.500000          419         2.00
   12509.183     0.550000          461         2.22
   13271.039     0.600000          502         2.50
   13926.399     0.650000          545         2.86
   14712.831     0.700000          591         3.33
   15613.951     0.750000          631         4.00
   15818.751     0.775000          650         4.44
   16154.623     0.800000          670         5.00
   16539.647     0.825000          690         5.71
   17154.047     0.850000          710         6.67
   17580.031     0.875000          732         8.00
   17842.175     0.887500          743         8.89
   18038.783     0.900000          752        10.00
   18284.543     0.912500          762        11.43
   18530.303     0.925000          773        13.33
   18841.599     0.937500          783        16.00
   18989.055     0.943750          789        17.78
   19152.895     0.950000          795        20.00
   19267.583     0.956250          800        22.86
   19300.351     0.962500          804        26.67
   19398.655     0.968750          809        32.00
   19464.191     0.971875          812        35.56
   19611.647     0.975000          818        40.00
   19611.647     0.978125          818        45.71
   19660.799     0.981250          820        53.33
   19742.719     0.984375          823        64.00
   19759.103     0.985938          825        71.11
   19759.103     0.987500          825        80.00
   19791.871     0.989062          827        91.43
   19824.639     0.990625          828       106.67
   19857.407     0.992188          830       128.00
   19857.407     0.992969          830       142.22
   19857.407     0.993750          830       160.00
   19906.559     0.994531          831       182.86
   19922.943     0.995313          833       213.33
   19922.943     0.996094          833       256.00
   19922.943     0.996484          833       284.44
   19922.943     0.996875          833       320.00
   19922.943     0.997266          833       365.71
   19972.095     0.997656          834       426.67
   19972.095     0.998047          834       512.00
   19972.095     0.998242          834       568.89
   19972.095     0.998437          834       640.00
   19972.095     0.998633          834       731.43
   20021.247     0.998828          835       853.33
   20021.247     1.000000          835          inf
#[Mean    =    11625.488, StdDeviation   =     4641.099]
#[Max     =    20004.864, Total count    =          835]
#[Buckets =           27, SubBuckets     =         2048]
-----------------------------------------------------------------------
  999 requests in 1.00m, 304.40KB read
Requests/sec:     16.65  
Transfer/sec:      5.07KB
