Running 1m test @ http://10.97.218.196/?loopCount=25&base=6&exp=6
  5 threads and 5 connections

  Thread calibration: mean lat.: 126.721ms, rate sampling interval: 436ms
  Thread calibration: mean lat.: 116.959ms, rate sampling interval: 340ms
  Thread calibration: mean lat.: 95.382ms, rate sampling interval: 324ms
  Thread calibration: mean lat.: 115.590ms, rate sampling interval: 352ms
  Thread calibration: mean lat.: 103.899ms, rate sampling interval: 339ms

-----------------------------------------------------------------------
Test Results @ http://10.97.218.196/?loopCount=25&base=6&exp=6 
  Thread Stats   Avg      Stdev     99%   +/- Stdev
    Latency   118.27ms   74.65ms 358.91ms   64.07%
    Req/Sec     9.42      2.77    15.00     78.41%
  Latency Distribution (HdrHistogram - Recorded Latency)
 50.000%   99.39ms
 75.000%  159.74ms
 90.000%  224.51ms
 99.000%  358.91ms
 99.900%  463.10ms
 99.990%  470.53ms
 99.999%  470.53ms
100.000%  470.53ms

  Detailed Percentile spectrum:
       Value   Percentile   TotalCount 1/(1-Percentile)

      22.303     0.000000            1         1.00
      40.895     0.100000          262         1.11
      41.855     0.200000          500         1.25
      65.983     0.300000          750         1.43
      85.247     0.400000         1004         1.67
      99.391     0.500000         1248         2.00
     112.447     0.550000         1372         2.22
     128.127     0.600000         1497         2.50
     152.447     0.650000         1623         2.86
     155.135     0.700000         1748         3.33
     159.743     0.750000         1872         4.00
     161.919     0.775000         1934         4.44
     164.223     0.800000         1996         5.00
     169.855     0.825000         2058         5.71
     177.279     0.850000         2120         6.67
     193.407     0.875000         2183         8.00
     209.919     0.887500         2214         8.89
     224.511     0.900000         2245        10.00
     241.407     0.912500         2276        11.43
     252.543     0.925000         2308        13.33
     255.871     0.937500         2339        16.00
     257.791     0.943750         2356        17.78
     260.607     0.950000         2370        20.00
     263.423     0.956250         2385        22.86
     269.311     0.962500         2402        26.67
     277.503     0.968750         2417        32.00
     285.183     0.971875         2424        35.56
     291.327     0.975000         2432        40.00
     308.223     0.978125         2440        45.71
     318.975     0.981250         2448        53.33
     350.719     0.984375         2456        64.00
     352.511     0.985938         2459        71.11
     354.815     0.987500         2464        80.00
     356.351     0.989062         2467        91.43
     359.935     0.990625         2471       106.67
     364.031     0.992188         2475       128.00
     365.567     0.992969         2477       142.22
     367.103     0.993750         2479       160.00
     371.199     0.994531         2481       182.86
     375.039     0.995313         2483       213.33
     376.831     0.996094         2485       256.00
     382.975     0.996484         2486       284.44
     385.023     0.996875         2487       320.00
     402.943     0.997266         2488       365.71
     423.679     0.997656         2489       426.67
     450.815     0.998047         2490       512.00
     450.815     0.998242         2490       568.89
     457.727     0.998437         2491       640.00
     457.727     0.998633         2491       731.43
     463.103     0.998828         2492       853.33
     463.103     0.999023         2492      1024.00
     463.103     0.999121         2492      1137.78
     470.271     0.999219         2493      1280.00
     470.271     0.999316         2493      1462.86
     470.271     0.999414         2493      1706.67
     470.271     0.999512         2493      2048.00
     470.271     0.999561         2493      2275.56
     470.527     0.999609         2494      2560.00
     470.527     1.000000         2494          inf
#[Mean    =      118.265, StdDeviation   =       74.647]
#[Max     =      470.272, Total count    =         2494]
#[Buckets =           27, SubBuckets     =         2048]
-----------------------------------------------------------------------
  2988 requests in 1.00m, 0.89MB read
Requests/sec:     49.80  
Transfer/sec:     15.19KB
