Running 1m test @ http://10.96.158.146/?loopCount=25&base=6&exp=6
  5 threads and 5 connections

  Thread calibration: mean lat.: 1730.743ms, rate sampling interval: 6696ms
  Thread calibration: mean lat.: 1638.323ms, rate sampling interval: 6139ms
  Thread calibration: mean lat.: 1961.770ms, rate sampling interval: 6619ms
  Thread calibration: mean lat.: 1681.623ms, rate sampling interval: 6025ms
  Thread calibration: mean lat.: 2305.207ms, rate sampling interval: 7790ms

-----------------------------------------------------------------------
Test Results @ http://10.96.158.146/?loopCount=25&base=6&exp=6 
  Thread Stats   Avg      Stdev     99%   +/- Stdev
    Latency    13.16s     5.50s   22.79s    58.29%
    Req/Sec     8.78      0.63    10.00    100.00%
  Latency Distribution (HdrHistogram - Recorded Latency)
 50.000%   13.00s 
 75.000%   17.81s 
 90.000%   20.86s 
 99.000%   22.79s 
 99.900%   23.28s 
 99.990%   23.41s 
 99.999%   23.41s 
100.000%   23.41s 

  Detailed Percentile spectrum:
       Value   Percentile   TotalCount 1/(1-Percentile)

    3436.543     0.000000            1         1.00
    5611.519     0.100000          233         1.11
    7430.143     0.200000          466         1.25
    9273.343     0.300000          700         1.43
   11214.847     0.400000          932         1.67
   13000.703     0.500000         1164         2.00
   14196.735     0.550000         1281         2.22
   15024.127     0.600000         1398         2.50
   15843.327     0.650000         1514         2.86
   16908.287     0.700000         1632         3.33
   17809.407     0.750000         1746         4.00
   18350.079     0.775000         1805         4.44
   18874.367     0.800000         1863         5.00
   19513.343     0.825000         1922         5.71
   20021.247     0.850000         1979         6.67
   20463.615     0.875000         2038         8.00
   20676.607     0.887500         2068         8.89
   20873.215     0.900000         2098        10.00
   21037.055     0.912500         2125        11.43
   21266.431     0.925000         2155        13.33
   21544.959     0.937500         2183        16.00
   21643.263     0.943750         2198        17.78
   21725.183     0.950000         2214        20.00
   21872.639     0.956250         2229        22.86
   21954.559     0.962500         2241        26.67
   22052.863     0.968750         2257        32.00
   22102.015     0.971875         2264        35.56
   22167.551     0.975000         2271        40.00
   22282.239     0.978125         2278        45.71
   22413.311     0.981250         2286        53.33
   22495.231     0.984375         2294        64.00
   22527.999     0.985938         2297        71.11
   22577.151     0.987500         2299        80.00
   22740.991     0.989062         2303        91.43
   22790.143     0.990625         2307       106.67
   22855.679     0.992188         2311       128.00
   22872.063     0.992969         2312       142.22
   22888.447     0.993750         2314       160.00
   22921.215     0.994531         2316       182.86
   22986.751     0.995313         2318       213.33
   23019.519     0.996094         2319       256.00
   23117.823     0.996484         2320       284.44
   23134.207     0.996875         2321       320.00
   23232.511     0.997266         2322       365.71
   23248.895     0.997656         2324       426.67
   23248.895     0.998047         2324       512.00
   23248.895     0.998242         2324       568.89
   23281.663     0.998437         2326       640.00
   23281.663     0.998633         2326       731.43
   23281.663     0.998828         2326       853.33
   23281.663     0.999023         2326      1024.00
   23281.663     0.999121         2326      1137.78
   23314.431     0.999219         2327      1280.00
   23314.431     0.999316         2327      1462.86
   23314.431     0.999414         2327      1706.67
   23314.431     0.999512         2327      2048.00
   23314.431     0.999561         2327      2275.56
   23412.735     0.999609         2328      2560.00
   23412.735     1.000000         2328          inf
#[Mean    =    13158.004, StdDeviation   =     5504.581]
#[Max     =    23396.352, Total count    =         2328]
#[Buckets =           27, SubBuckets     =         2048]
-----------------------------------------------------------------------
  2795 requests in 1.00m, 852.90KB read
Requests/sec:     46.58  
Transfer/sec:     14.21KB
