Running 1m test @ http://10.104.225.39/?loopCount=25&base=6&exp=6
  1 threads and 1 connections

  Thread calibration: mean lat.: 1443.509ms, rate sampling interval: 4952ms

-----------------------------------------------------------------------
Test Results @ http://10.104.225.39/?loopCount=25&base=6&exp=6 
  Thread Stats   Avg      Stdev     99%   +/- Stdev
    Latency    10.11s     4.40s   18.04s    59.43%
    Req/Sec    16.80      0.87    18.00    100.00%
  Latency Distribution (HdrHistogram - Recorded Latency)
 50.000%    9.94s 
 75.000%   13.75s 
 90.000%   16.20s 
 99.000%   18.04s 
 99.900%   18.12s 
 99.990%   18.12s 
 99.999%   18.12s 
100.000%   18.12s 

  Detailed Percentile spectrum:
       Value   Percentile   TotalCount 1/(1-Percentile)

    2938.879     0.000000            1         1.00
    4231.167     0.100000           87         1.11
    5619.711     0.200000          175         1.25
    6868.991     0.300000          261         1.43
    8462.335     0.400000          348         1.67
    9936.895     0.500000          435         2.00
   10838.015     0.550000          479         2.22
   11411.455     0.600000          527         2.50
   12230.655     0.650000          567         2.86
   13049.855     0.700000          609         3.33
   13746.175     0.750000          654         4.00
   14090.239     0.775000          675         4.44
   14532.607     0.800000          697         5.00
   15171.583     0.825000          721         5.71
   15491.071     0.850000          740         6.67
   15818.751     0.875000          762         8.00
   15974.399     0.887500          774         8.89
   16195.583     0.900000          783        10.00
   16457.727     0.912500          794        11.43
   16793.599     0.925000          805        13.33
   17137.663     0.937500          818        16.00
   17235.967     0.943750          822        17.78
   17383.423     0.950000          830        20.00
   17432.575     0.956250          832        22.86
   17678.335     0.962500          838        26.67
   17858.559     0.968750          844        32.00
   17907.711     0.971875          850        35.56
   17907.711     0.975000          850        40.00
   17924.095     0.978125          852        45.71
   17956.863     0.981250          854        53.33
   18006.015     0.984375          858        64.00
   18006.015     0.985938          858        71.11
   18022.399     0.987500          860        80.00
   18038.783     0.989062          863        91.43
   18038.783     0.990625          863       106.67
   18055.167     0.992188          867       128.00
   18055.167     0.992969          867       142.22
   18055.167     0.993750          867       160.00
   18055.167     0.994531          867       182.86
   18055.167     0.995313          867       213.33
   18055.167     0.996094          867       256.00
   18055.167     0.996484          867       284.44
   18087.935     0.996875          868       320.00
   18087.935     0.997266          868       365.71
   18087.935     0.997656          868       426.67
   18120.703     0.998047          870       512.00
   18120.703     1.000000          870          inf
#[Mean    =    10107.372, StdDeviation   =     4396.033]
#[Max     =    18104.320, Total count    =          870]
#[Buckets =           27, SubBuckets     =         2048]
-----------------------------------------------------------------------
  1047 requests in 1.00m, 319.02KB read
Requests/sec:     17.45  
Transfer/sec:      5.32KB
