Running 1m test @ http://10.108.208.72/?loopCount=25&base=6&exp=6
  1 threads and 1 connections

  Thread calibration: mean lat.: 101.135ms, rate sampling interval: 310ms

-----------------------------------------------------------------------
Test Results @ http://10.108.208.72/?loopCount=25&base=6&exp=6 
  Thread Stats   Avg      Stdev     99%   +/- Stdev
    Latency   380.30ms  131.46ms 623.10ms   59.89%
    Req/Sec    24.06      1.45    25.00     99.38%
  Latency Distribution (HdrHistogram - Recorded Latency)
 50.000%  396.80ms
 75.000%  479.49ms
 90.000%  563.71ms
 99.000%  623.10ms
 99.900%  628.22ms
 99.990%  628.22ms
 99.999%  628.22ms
100.000%  628.22ms

  Detailed Percentile spectrum:
       Value   Percentile   TotalCount 1/(1-Percentile)

     139.903     0.000000            1         1.00
     202.367     0.100000          124         1.11
     246.783     0.200000          248         1.25
     286.975     0.300000          372         1.43
     328.191     0.400000          497         1.67
     396.799     0.500000          620         2.00
     410.623     0.550000          682         2.22
     424.191     0.600000          745         2.50
     432.895     0.650000          807         2.86
     448.767     0.700000          868         3.33
     479.743     0.750000          930         4.00
     494.591     0.775000          961         4.44
     508.159     0.800000          992         5.00
     523.775     0.825000         1023         5.71
     538.111     0.850000         1054         6.67
     553.983     0.875000         1086         8.00
     559.103     0.887500         1101         8.89
     563.711     0.900000         1116        10.00
     570.367     0.912500         1131        11.43
     585.215     0.925000         1148        13.33
     594.431     0.937500         1162        16.00
     599.039     0.943750         1170        17.78
     604.671     0.950000         1179        20.00
     606.719     0.956250         1185        22.86
     609.791     0.962500         1194        26.67
     611.327     0.968750         1201        32.00
     613.375     0.971875         1205        35.56
     615.423     0.975000         1209        40.00
     616.447     0.978125         1214        45.71
     617.471     0.981250         1217        53.33
     619.519     0.984375         1220        64.00
     621.055     0.985938         1224        71.11
     621.055     0.987500         1224        80.00
     623.103     0.989062         1227        91.43
     624.639     0.990625         1231       106.67
     624.639     0.992188         1231       128.00
     624.639     0.992969         1231       142.22
     626.175     0.993750         1232       160.00
     626.687     0.994531         1235       182.86
     626.687     0.995313         1235       213.33
     626.687     0.996094         1235       256.00
     626.687     0.996484         1235       284.44
     627.199     0.996875         1236       320.00
     627.199     0.997266         1236       365.71
     628.223     0.997656         1239       426.67
     628.223     1.000000         1239          inf
#[Mean    =      380.301, StdDeviation   =      131.457]
#[Max     =      627.712, Total count    =         1239]
#[Buckets =           27, SubBuckets     =         2048]
-----------------------------------------------------------------------
  1484 requests in 1.00m, 452.16KB read
Requests/sec:     24.73  
Transfer/sec:      7.54KB
