Running 1m test @ http://10.100.185.202/?loopCount=25&base=6&exp=6
  5 threads and 5 connections

  Thread calibration: mean lat.: 356.641ms, rate sampling interval: 1253ms
  Thread calibration: mean lat.: 491.164ms, rate sampling interval: 2029ms
  Thread calibration: mean lat.: 239.998ms, rate sampling interval: 772ms
  Thread calibration: mean lat.: 307.286ms, rate sampling interval: 1235ms
  Thread calibration: mean lat.: 655.740ms, rate sampling interval: 2164ms

-----------------------------------------------------------------------
Test Results @ http://10.100.185.202/?loopCount=25&base=6&exp=6 
  Thread Stats   Avg      Stdev     99%   +/- Stdev
    Latency     2.78s     1.89s    9.27s    77.40%
    Req/Sec    12.77      2.63    20.00     82.63%
  Latency Distribution (HdrHistogram - Recorded Latency)
 50.000%    2.20s 
 75.000%    3.93s 
 90.000%    4.85s 
 99.000%    9.27s 
 99.900%    9.98s 
 99.990%    9.99s 
 99.999%    9.99s 
100.000%    9.99s 

  Detailed Percentile spectrum:
       Value   Percentile   TotalCount 1/(1-Percentile)

     336.895     0.000000            1         1.00
     947.711     0.100000          339         1.11
    1255.423     0.200000          677         1.25
    1457.151     0.300000         1016         1.43
    1763.327     0.400000         1354         1.67
    2201.599     0.500000         1693         2.00
    2621.439     0.550000         1862         2.22
    2947.071     0.600000         2032         2.50
    3223.551     0.650000         2201         2.86
    3465.215     0.700000         2373         3.33
    3932.159     0.750000         2539         4.00
    4214.783     0.775000         2626         4.44
    4317.183     0.800000         2711         5.00
    4468.735     0.825000         2794         5.71
    4628.479     0.850000         2882         6.67
    4718.591     0.875000         2965         8.00
    4775.935     0.887500         3006         8.89
    4849.663     0.900000         3047        10.00
    5001.215     0.912500         3089        11.43
    5255.167     0.925000         3132        13.33
    5767.167     0.937500         3174        16.00
    6320.127     0.943750         3195        17.78
    6524.927     0.950000         3216        20.00
    6823.935     0.956250         3238        22.86
    7081.983     0.962500         3259        26.67
    7794.687     0.968750         3280        32.00
    8171.519     0.971875         3290        35.56
    8364.031     0.975000         3301        40.00
    8577.023     0.978125         3311        45.71
    8732.671     0.981250         3322        53.33
    8871.935     0.984375         3333        64.00
    8994.815     0.985938         3338        71.11
    9117.695     0.987500         3344        80.00
    9199.615     0.989062         3348        91.43
    9461.759     0.990625         3354       106.67
    9592.831     0.992188         3359       128.00
    9641.983     0.992969         3362       142.22
    9666.559     0.993750         3364       160.00
    9764.863     0.994531         3367       182.86
    9838.591     0.995313         3370       213.33
    9846.783     0.996094         3372       256.00
    9871.359     0.996484         3374       284.44
    9879.551     0.996875         3375       320.00
    9912.319     0.997266         3376       365.71
    9953.279     0.997656         3380       426.67
    9953.279     0.998047         3380       512.00
    9953.279     0.998242         3380       568.89
    9953.279     0.998437         3380       640.00
    9961.471     0.998633         3381       731.43
    9977.855     0.998828         3382       853.33
    9977.855     0.999023         3382      1024.00
    9986.047     0.999121         3385      1137.78
    9986.047     1.000000         3385          inf
#[Mean    =     2782.691, StdDeviation   =     1886.710]
#[Max     =     9977.856, Total count    =         3385]
#[Buckets =           27, SubBuckets     =         2048]
-----------------------------------------------------------------------
  4074 requests in 1.00m, 1.21MB read
Requests/sec:     67.90  
Transfer/sec:     20.70KB
