Running 1m test @ http://10.107.164.151/?loopCount=25&base=6&exp=6
  5 threads and 5 connections

  Thread calibration: mean lat.: 1923.358ms, rate sampling interval: 7249ms
  Thread calibration: mean lat.: 2067.210ms, rate sampling interval: 7364ms
  Thread calibration: mean lat.: 1892.350ms, rate sampling interval: 5910ms
  Thread calibration: mean lat.: 1698.178ms, rate sampling interval: 6131ms
  Thread calibration: mean lat.: 1952.899ms, rate sampling interval: 7327ms

-----------------------------------------------------------------------
Test Results @ http://10.107.164.151/?loopCount=25&base=6&exp=6 
  Thread Stats   Avg      Stdev     99%   +/- Stdev
    Latency    13.02s     5.42s   22.84s    58.64%
    Req/Sec     8.88      0.68    10.00    100.00%
  Latency Distribution (HdrHistogram - Recorded Latency)
 50.000%   12.92s 
 75.000%   17.55s 
 90.000%   20.46s 
 99.000%   22.84s 
 99.900%   23.51s 
 99.990%   23.54s 
 99.999%   23.54s 
100.000%   23.54s 

  Detailed Percentile spectrum:
       Value   Percentile   TotalCount 1/(1-Percentile)

    3491.839     0.000000            1         1.00
    5570.559     0.100000          234         1.11
    7467.007     0.200000          469         1.25
    9322.495     0.300000          704         1.43
   11018.239     0.400000          936         1.67
   12918.783     0.500000         1169         2.00
   13910.015     0.550000         1286         2.22
   14802.943     0.600000         1404         2.50
   15941.631     0.650000         1521         2.86
   16859.135     0.700000         1641         3.33
   17547.263     0.750000         1756         4.00
   18087.935     0.775000         1812         4.44
   18579.455     0.800000         1872         5.00
   19103.743     0.825000         1930         5.71
   19562.495     0.850000         1989         6.67
   20070.399     0.875000         2047         8.00
   20283.391     0.887500         2076         8.89
   20496.383     0.900000         2105        10.00
   20725.759     0.912500         2134        11.43
   20987.903     0.925000         2164        13.33
   21250.047     0.937500         2194        16.00
   21331.967     0.943750         2207        17.78
   21446.655     0.950000         2222        20.00
   21626.879     0.956250         2237        22.86
   21823.487     0.962500         2251        26.67
   21970.943     0.968750         2265        32.00
   22085.631     0.971875         2273        35.56
   22233.087     0.975000         2280        40.00
   22380.543     0.978125         2289        45.71
   22495.231     0.981250         2295        53.33
   22593.535     0.984375         2303        64.00
   22626.303     0.985938         2306        71.11
   22708.223     0.987500         2309        80.00
   22757.375     0.989062         2313        91.43
   22855.679     0.990625         2317       106.67
   22970.367     0.992188         2320       128.00
   23019.519     0.992969         2322       142.22
   23085.055     0.993750         2325       160.00
   23117.823     0.994531         2327       182.86
   23199.743     0.995313         2328       213.33
   23232.511     0.996094         2329       256.00
   23347.199     0.996484         2330       284.44
   23379.967     0.996875         2331       320.00
   23429.119     0.997266         2332       365.71
   23445.503     0.997656         2333       426.67
   23461.887     0.998047         2334       512.00
   23461.887     0.998242         2334       568.89
   23478.271     0.998437         2335       640.00
   23478.271     0.998633         2335       731.43
   23511.039     0.998828         2336       853.33
   23511.039     0.999023         2336      1024.00
   23511.039     0.999121         2336      1137.78
   23527.423     0.999219         2337      1280.00
   23527.423     0.999316         2337      1462.86
   23527.423     0.999414         2337      1706.67
   23527.423     0.999512         2337      2048.00
   23527.423     0.999561         2337      2275.56
   23543.807     0.999609         2338      2560.00
   23543.807     1.000000         2338          inf
#[Mean    =    13022.236, StdDeviation   =     5416.306]
#[Max     =    23527.424, Total count    =         2338]
#[Buckets =           27, SubBuckets     =         2048]
-----------------------------------------------------------------------
  2801 requests in 1.00m, 854.80KB read
Requests/sec:     46.68  
Transfer/sec:     14.25KB
