Running 1m test @ http://10.104.225.39/?loopCount=25&base=6&exp=6
  5 threads and 5 connections

  Thread calibration: mean lat.: 701.935ms, rate sampling interval: 2764ms
  Thread calibration: mean lat.: 1028.017ms, rate sampling interval: 3160ms
  Thread calibration: mean lat.: 713.789ms, rate sampling interval: 2648ms
  Thread calibration: mean lat.: 1052.795ms, rate sampling interval: 3323ms
  Thread calibration: mean lat.: 801.959ms, rate sampling interval: 2668ms

-----------------------------------------------------------------------
Test Results @ http://10.104.225.39/?loopCount=25&base=6&exp=6 
  Thread Stats   Avg      Stdev     99%   +/- Stdev
    Latency     6.33s     2.50s   10.75s    58.61%
    Req/Sec    11.83      1.00    14.00     94.05%
  Latency Distribution (HdrHistogram - Recorded Latency)
 50.000%    6.33s 
 75.000%    8.60s 
 90.000%    9.63s 
 99.000%   10.75s 
 99.900%   10.94s 
 99.990%   10.99s 
 99.999%   10.99s 
100.000%   10.99s 

  Detailed Percentile spectrum:
       Value   Percentile   TotalCount 1/(1-Percentile)

    1431.551     0.000000            1         1.00
    2813.951     0.100000          308         1.11
    3921.919     0.200000          616         1.25
    4706.303     0.300000          925         1.43
    5390.335     0.400000         1232         1.67
    6332.415     0.500000         1541         2.00
    6926.335     0.550000         1695         2.22
    7299.071     0.600000         1850         2.50
    7626.751     0.650000         2001         2.86
    8089.599     0.700000         2155         3.33
    8601.599     0.750000         2309         4.00
    8781.823     0.775000         2386         4.44
    9011.199     0.800000         2468         5.00
    9175.039     0.825000         2544         5.71
    9289.727     0.850000         2622         6.67
    9428.991     0.875000         2694         8.00
    9551.871     0.887500         2735         8.89
    9633.791     0.900000         2775        10.00
    9699.327     0.912500         2817        11.43
    9773.055     0.925000         2851        13.33
    9863.167     0.937500         2886        16.00
    9961.471     0.943750         2905        17.78
   10043.391     0.950000         2926        20.00
   10084.351     0.956250         2944        22.86
   10207.231     0.962500         2963        26.67
   10346.495     0.968750         2982        32.00
   10403.839     0.971875         2992        35.56
   10461.183     0.975000         3003        40.00
   10493.951     0.978125         3011        45.71
   10534.911     0.981250         3021        53.33
   10575.871     0.984375         3031        64.00
   10633.215     0.985938         3035        71.11
   10698.751     0.987500         3041        80.00
   10731.519     0.989062         3046        91.43
   10756.095     0.990625         3050       106.67
   10788.863     0.992188         3055       128.00
   10805.247     0.992969         3057       142.22
   10813.439     0.993750         3059       160.00
   10821.631     0.994531         3063       182.86
   10829.823     0.995313         3065       213.33
   10846.207     0.996094         3067       256.00
   10862.591     0.996484         3068       284.44
   10887.167     0.996875         3070       320.00
   10887.167     0.997266         3070       365.71
   10895.359     0.997656         3071       426.67
   10919.935     0.998047         3073       512.00
   10919.935     0.998242         3073       568.89
   10928.127     0.998437         3074       640.00
   10928.127     0.998633         3074       731.43
   10944.511     0.998828         3075       853.33
   10944.511     0.999023         3075      1024.00
   10952.703     0.999121         3076      1137.78
   10952.703     0.999219         3076      1280.00
   10952.703     0.999316         3076      1462.86
   10969.087     0.999414         3077      1706.67
   10969.087     0.999512         3077      2048.00
   10969.087     0.999561         3077      2275.56
   10969.087     0.999609         3077      2560.00
   10969.087     0.999658         3077      2925.71
   10993.663     0.999707         3078      3413.33
   10993.663     1.000000         3078          inf
#[Mean    =     6329.665, StdDeviation   =     2503.272]
#[Max     =    10985.472, Total count    =         3078]
#[Buckets =           27, SubBuckets     =         2048]
-----------------------------------------------------------------------
  3699 requests in 1.00m, 1.10MB read
Requests/sec:     61.65  
Transfer/sec:     18.80KB
