Running 1m test @ http://10.104.199.0/?loopCount=25&base=6&exp=6
  5 threads and 5 connections

  Thread calibration: mean lat.: 78.559ms, rate sampling interval: 292ms
  Thread calibration: mean lat.: 187.308ms, rate sampling interval: 921ms
  Thread calibration: mean lat.: 136.642ms, rate sampling interval: 524ms
  Thread calibration: mean lat.: 220.017ms, rate sampling interval: 1114ms
  Thread calibration: mean lat.: 119.432ms, rate sampling interval: 558ms

-----------------------------------------------------------------------
Test Results @ http://10.104.199.0/?loopCount=25&base=6&exp=6 
  Thread Stats   Avg      Stdev     99%   +/- Stdev
    Latency   300.92ms  422.64ms   1.91s    89.65%
    Req/Sec     9.43      2.92    17.00     88.74%
  Latency Distribution (HdrHistogram - Recorded Latency)
 50.000%  145.54ms
 75.000%  296.70ms
 90.000%  739.33ms
 99.000%    1.91s 
 99.900%    2.03s 
 99.990%    2.05s 
 99.999%    2.05s 
100.000%    2.05s 

  Detailed Percentile spectrum:
       Value   Percentile   TotalCount 1/(1-Percentile)

      21.583     0.000000            1         1.00
      40.767     0.100000          254         1.11
      41.823     0.200000          504         1.25
      81.279     0.300000          751         1.43
     127.935     0.400000         1002         1.67
     145.535     0.500000         1254         2.00
     155.135     0.550000         1377         2.22
     182.399     0.600000         1503         2.50
     234.495     0.650000         1627         2.86
     247.807     0.700000         1754         3.33
     296.703     0.750000         1878         4.00
     339.967     0.775000         1943         4.44
     354.815     0.800000         2003         5.00
     435.967     0.825000         2066         5.71
     485.631     0.850000         2128         6.67
     573.951     0.875000         2191         8.00
     644.607     0.887500         2222         8.89
     739.327     0.900000         2253        10.00
     860.159     0.912500         2284        11.43
    1149.951     0.925000         2316        13.33
    1349.631     0.937500         2347        16.00
    1445.887     0.943750         2364        17.78
    1523.711     0.950000         2378        20.00
    1586.175     0.956250         2395        22.86
    1645.567     0.962500         2412        26.67
    1683.455     0.968750         2425        32.00
    1735.679     0.971875         2434        35.56
    1743.871     0.975000         2442        40.00
    1778.687     0.978125         2449        45.71
    1835.007     0.981250         2457        53.33
    1849.343     0.984375         2464        64.00
    1859.583     0.985938         2468        71.11
    1879.039     0.987500         2473        80.00
    1896.447     0.989062         2476        91.43
    1933.311     0.990625         2482       106.67
    1935.359     0.992188         2484       128.00
    1939.455     0.992969         2488       142.22
    1939.455     0.993750         2488       160.00
    1950.719     0.994531         2490       182.86
    1951.743     0.995313         2493       213.33
    1954.815     0.996094         2494       256.00
    1958.911     0.996484         2495       284.44
    1974.271     0.996875         2496       320.00
    1982.463     0.997266         2497       365.71
    1987.583     0.997656         2498       426.67
    1991.679     0.998047         2499       512.00
    1991.679     0.998242         2499       568.89
    2034.687     0.998437         2500       640.00
    2034.687     0.998633         2500       731.43
    2041.855     0.998828         2501       853.33
    2041.855     0.999023         2501      1024.00
    2041.855     0.999121         2501      1137.78
    2047.999     0.999219         2502      1280.00
    2047.999     0.999316         2502      1462.86
    2047.999     0.999414         2502      1706.67
    2047.999     0.999512         2502      2048.00
    2047.999     0.999561         2502      2275.56
    2052.095     0.999609         2503      2560.00
    2052.095     1.000000         2503          inf
#[Mean    =      300.923, StdDeviation   =      422.635]
#[Max     =     2051.072, Total count    =         2503]
#[Buckets =           27, SubBuckets     =         2048]
-----------------------------------------------------------------------
  2991 requests in 1.00m, 0.89MB read
Requests/sec:     49.85  
Transfer/sec:     15.20KB
