Running 1m test @ http://10.105.168.171/?loopCount=25&base=6&exp=6
  5 threads and 5 connections

  Thread calibration: mean lat.: 240.101ms, rate sampling interval: 1103ms
  Thread calibration: mean lat.: 120.057ms, rate sampling interval: 425ms
  Thread calibration: mean lat.: 148.436ms, rate sampling interval: 760ms
  Thread calibration: mean lat.: 363.071ms, rate sampling interval: 1736ms
  Thread calibration: mean lat.: 323.334ms, rate sampling interval: 1540ms

-----------------------------------------------------------------------
Test Results @ http://10.105.168.171/?loopCount=25&base=6&exp=6 
  Thread Stats   Avg      Stdev     99%   +/- Stdev
    Latency     2.40s   774.05ms   4.08s    66.87%
    Req/Sec    13.64      3.12    21.00     79.09%
  Latency Distribution (HdrHistogram - Recorded Latency)
 50.000%    2.39s 
 75.000%    2.79s 
 90.000%    3.49s 
 99.000%    4.08s 
 99.900%    4.50s 
 99.990%    4.63s 
 99.999%    4.63s 
100.000%    4.63s 

  Detailed Percentile spectrum:
       Value   Percentile   TotalCount 1/(1-Percentile)

     466.175     0.000000            1         1.00
    1403.903     0.100000          354         1.11
    1718.271     0.200000          709         1.25
    2111.487     0.300000         1065         1.43
    2269.183     0.400000         1416         1.67
    2392.063     0.500000         1770         2.00
    2482.175     0.550000         1946         2.22
    2566.143     0.600000         2129         2.50
    2635.775     0.650000         2303         2.86
    2705.407     0.700000         2481         3.33
    2789.375     0.750000         2655         4.00
    2846.719     0.775000         2742         4.44
    2926.591     0.800000         2831         5.00
    3053.567     0.825000         2921         5.71
    3280.895     0.850000         3009         6.67
    3391.487     0.875000         3098         8.00
    3436.543     0.887500         3142         8.89
    3489.791     0.900000         3185        10.00
    3532.799     0.912500         3229        11.43
    3612.671     0.925000         3273        13.33
    3680.255     0.937500         3317        16.00
    3727.359     0.943750         3340        17.78
    3811.327     0.950000         3363        20.00
    3880.959     0.956250         3385        22.86
    3921.919     0.962500         3408        26.67
    3969.023     0.968750         3428        32.00
    3989.503     0.971875         3440        35.56
    4001.791     0.975000         3451        40.00
    4022.271     0.978125         3462        45.71
    4036.607     0.981250         3473        53.33
    4046.847     0.984375         3483        64.00
    4063.231     0.985938         3489        71.11
    4067.327     0.987500         3494        80.00
    4073.471     0.989062         3500        91.43
    4085.759     0.990625         3505       106.67
    4100.095     0.992188         3511       128.00
    4112.383     0.992969         3515       142.22
    4114.431     0.993750         3516       160.00
    4141.055     0.994531         3519       182.86
    4165.631     0.995313         3522       213.33
    4239.359     0.996094         3525       256.00
    4251.647     0.996484         3526       284.44
    4255.743     0.996875         3527       320.00
    4362.239     0.997266         3529       365.71
    4431.871     0.997656         3531       426.67
    4456.447     0.998047         3533       512.00
    4456.447     0.998242         3533       568.89
    4456.447     0.998437         3533       640.00
    4501.503     0.998633         3534       731.43
    4501.503     0.998828         3534       853.33
    4534.271     0.999023         3535      1024.00
    4534.271     0.999121         3535      1137.78
    4546.559     0.999219         3536      1280.00
    4546.559     0.999316         3536      1462.86
    4546.559     0.999414         3536      1706.67
    4575.231     0.999512         3537      2048.00
    4575.231     0.999561         3537      2275.56
    4575.231     0.999609         3537      2560.00
    4575.231     0.999658         3537      2925.71
    4575.231     0.999707         3537      3413.33
    4632.575     0.999756         3538      4096.00
    4632.575     1.000000         3538          inf
#[Mean    =     2401.684, StdDeviation   =      774.045]
#[Max     =     4628.480, Total count    =         3538]
#[Buckets =           27, SubBuckets     =         2048]
-----------------------------------------------------------------------
  4224 requests in 1.00m, 1.26MB read
Requests/sec:     70.40  
Transfer/sec:     21.46KB
