Running 1m test @ http://10.96.158.146/?loopCount=25&base=6&exp=6
  5 threads and 5 connections

  Thread calibration: mean lat.: 184.736ms, rate sampling interval: 527ms
  Thread calibration: mean lat.: 524.888ms, rate sampling interval: 1703ms
  Thread calibration: mean lat.: 286.432ms, rate sampling interval: 943ms
  Thread calibration: mean lat.: 277.179ms, rate sampling interval: 731ms
  Thread calibration: mean lat.: 476.623ms, rate sampling interval: 1905ms

-----------------------------------------------------------------------
Test Results @ http://10.96.158.146/?loopCount=25&base=6&exp=6 
  Thread Stats   Avg      Stdev     99%   +/- Stdev
    Latency     2.34s     1.35s    5.75s    66.09%
    Req/Sec     8.77      1.60    13.00     90.37%
  Latency Distribution (HdrHistogram - Recorded Latency)
 50.000%    2.19s 
 75.000%    3.15s 
 90.000%    4.16s 
 99.000%    5.75s 
 99.900%    6.05s 
 99.990%    6.23s 
 99.999%    6.23s 
100.000%    6.23s 

  Detailed Percentile spectrum:
       Value   Percentile   TotalCount 1/(1-Percentile)

      82.239     0.000000            1         1.00
     719.871     0.100000          232         1.11
    1064.959     0.200000          463         1.25
    1459.199     0.300000          698         1.43
    1859.583     0.400000          928         1.67
    2193.407     0.500000         1158         2.00
    2361.343     0.550000         1274         2.22
    2553.855     0.600000         1389         2.50
    2736.127     0.650000         1505         2.86
    2959.359     0.700000         1627         3.33
    3155.967     0.750000         1742         4.00
    3268.607     0.775000         1796         4.44
    3373.055     0.800000         1854         5.00
    3639.295     0.825000         1910         5.71
    3782.655     0.850000         1969         6.67
    3966.975     0.875000         2026         8.00
    4061.183     0.887500         2055         8.89
    4161.535     0.900000         2085        10.00
    4255.743     0.912500         2117        11.43
    4460.543     0.925000         2142        13.33
    4993.023     0.937500         2171        16.00
    5066.751     0.943750         2187        17.78
    5173.247     0.950000         2200        20.00
    5349.375     0.956250         2214        22.86
    5369.855     0.962500         2229        26.67
    5443.583     0.968750         2243        32.00
    5451.775     0.971875         2254        35.56
    5464.063     0.975000         2261        40.00
    5476.351     0.978125         2265        45.71
    5545.983     0.981250         2272        53.33
    5558.271     0.984375         2280        64.00
    5566.463     0.985938         2284        71.11
    5652.479     0.987500         2288        80.00
    5660.671     0.989062         2290        91.43
    5763.071     0.990625         2294       106.67
    5836.799     0.992188         2298       128.00
    5853.183     0.992969         2300       142.22
    5861.375     0.993750         2301       160.00
    5869.567     0.994531         2303       182.86
    5881.855     0.995313         2305       213.33
    5939.199     0.996094         2306       256.00
    5951.487     0.996484         2308       284.44
    5951.487     0.996875         2308       320.00
    5959.679     0.997266         2309       365.71
    5967.871     0.997656         2312       426.67
    5967.871     0.998047         2312       512.00
    5967.871     0.998242         2312       568.89
    5967.871     0.998437         2312       640.00
    5967.871     0.998633         2312       731.43
    6053.887     0.998828         2313       853.33
    6053.887     0.999023         2313      1024.00
    6053.887     0.999121         2313      1137.78
    6164.479     0.999219         2314      1280.00
    6164.479     0.999316         2314      1462.86
    6164.479     0.999414         2314      1706.67
    6164.479     0.999512         2314      2048.00
    6164.479     0.999561         2314      2275.56
    6234.111     0.999609         2315      2560.00
    6234.111     1.000000         2315          inf
#[Mean    =     2344.480, StdDeviation   =     1348.487]
#[Max     =     6230.016, Total count    =         2315]
#[Buckets =           27, SubBuckets     =         2048]
-----------------------------------------------------------------------
  2782 requests in 1.00m, 848.93KB read
Requests/sec:     46.36  
Transfer/sec:     14.15KB
