Running 1m test @ http://10.109.115.86/?loopCount=25&base=6&exp=6
  5 threads and 5 connections

  Thread calibration: mean lat.: 522.005ms, rate sampling interval: 1525ms
  Thread calibration: mean lat.: 282.671ms, rate sampling interval: 948ms
  Thread calibration: mean lat.: 159.523ms, rate sampling interval: 639ms
  Thread calibration: mean lat.: 743.479ms, rate sampling interval: 3041ms
  Thread calibration: mean lat.: 345.289ms, rate sampling interval: 989ms

-----------------------------------------------------------------------
Test Results @ http://10.109.115.86/?loopCount=25&base=6&exp=6 
  Thread Stats   Avg      Stdev     99%   +/- Stdev
    Latency     3.10s     1.83s    8.15s    72.66%
    Req/Sec     8.71      1.50    12.00     90.35%
  Latency Distribution (HdrHistogram - Recorded Latency)
 50.000%    2.69s 
 75.000%    4.19s 
 90.000%    5.36s 
 99.000%    8.15s 
 99.900%    8.45s 
 99.990%    8.67s 
 99.999%    8.67s 
100.000%    8.67s 

  Detailed Percentile spectrum:
       Value   Percentile   TotalCount 1/(1-Percentile)

     255.743     0.000000            1         1.00
    1050.623     0.100000          229         1.11
    1451.007     0.200000          456         1.25
    2058.239     0.300000          683         1.43
    2320.383     0.400000          911         1.67
    2686.975     0.500000         1137         2.00
    2924.543     0.550000         1250         2.22
    3203.071     0.600000         1363         2.50
    3459.071     0.650000         1477         2.86
    3844.095     0.700000         1590         3.33
    4198.399     0.750000         1704         4.00
    4386.815     0.775000         1761         4.44
    4603.903     0.800000         1819         5.00
    4714.495     0.825000         1878         5.71
    4800.511     0.850000         1931         6.67
    4907.007     0.875000         1989         8.00
    5005.311     0.887500         2017         8.89
    5357.567     0.900000         2044        10.00
    5820.415     0.912500         2073        11.43
    6307.839     0.925000         2103        13.33
    6963.199     0.937500         2130        16.00
    7254.015     0.943750         2144        17.78
    7356.415     0.950000         2158        20.00
    7499.775     0.956250         2174        22.86
    7577.599     0.962500         2186        26.67
    7741.439     0.968750         2201        32.00
    7938.047     0.971875         2208        35.56
    8019.967     0.975000         2216        40.00
    8048.639     0.978125         2224        45.71
    8060.927     0.981250         2231        53.33
    8105.983     0.984375         2236        64.00
    8126.463     0.985938         2240        71.11
    8142.847     0.987500         2244        80.00
    8146.943     0.989062         2248        91.43
    8155.135     0.990625         2251       106.67
    8216.575     0.992188         2254       128.00
    8224.767     0.992969         2256       142.22
    8245.247     0.993750         2257       160.00
    8257.535     0.994531         2259       182.86
    8323.071     0.995313         2262       213.33
    8327.167     0.996094         2263       256.00
    8343.551     0.996484         2264       284.44
    8343.551     0.996875         2264       320.00
    8351.743     0.997266         2265       365.71
    8359.935     0.997656         2266       426.67
    8388.607     0.998047         2267       512.00
    8396.799     0.998242         2268       568.89
    8396.799     0.998437         2268       640.00
    8396.799     0.998633         2268       731.43
    8454.143     0.998828         2269       853.33
    8454.143     0.999023         2269      1024.00
    8658.943     0.999121         2270      1137.78
    8658.943     0.999219         2270      1280.00
    8658.943     0.999316         2270      1462.86
    8658.943     0.999414         2270      1706.67
    8658.943     0.999512         2270      2048.00
    8667.135     0.999561         2271      2275.56
    8667.135     1.000000         2271          inf
#[Mean    =     3104.060, StdDeviation   =     1828.260]
#[Max     =     8658.944, Total count    =         2271]
#[Buckets =           27, SubBuckets     =         2048]
-----------------------------------------------------------------------
  2729 requests in 1.00m, 832.83KB read
Requests/sec:     45.48  
Transfer/sec:     13.88KB
