Running 1m test @ http://10.104.225.39/?loopCount=25&base=6&exp=6
  5 threads and 5 connections

  Thread calibration: mean lat.: 854.655ms, rate sampling interval: 3233ms
  Thread calibration: mean lat.: 994.989ms, rate sampling interval: 3731ms
  Thread calibration: mean lat.: 1134.950ms, rate sampling interval: 4108ms
  Thread calibration: mean lat.: 505.293ms, rate sampling interval: 2267ms
  Thread calibration: mean lat.: 952.182ms, rate sampling interval: 3227ms

-----------------------------------------------------------------------
Test Results @ http://10.104.225.39/?loopCount=25&base=6&exp=6 
  Thread Stats   Avg      Stdev     99%   +/- Stdev
    Latency     6.20s     2.84s   13.66s    65.25%
    Req/Sec    11.75      1.19    14.00     93.51%
  Latency Distribution (HdrHistogram - Recorded Latency)
 50.000%    6.03s 
 75.000%    8.27s 
 90.000%    9.90s 
 99.000%   13.66s 
 99.900%   14.29s 
 99.990%   14.32s 
 99.999%   14.32s 
100.000%   14.32s 

  Detailed Percentile spectrum:
       Value   Percentile   TotalCount 1/(1-Percentile)

    1347.583     0.000000            1         1.00
    2592.767     0.100000          307         1.11
    3606.527     0.200000          615         1.25
    4206.591     0.300000          921         1.43
    5021.695     0.400000         1226         1.67
    6025.215     0.500000         1533         2.00
    6533.119     0.550000         1688         2.22
    6922.239     0.600000         1839         2.50
    7241.727     0.650000         1994         2.86
    7651.327     0.700000         2147         3.33
    8273.919     0.750000         2299         4.00
    8519.679     0.775000         2377         4.44
    8757.247     0.800000         2454         5.00
    9019.391     0.825000         2530         5.71
    9248.767     0.850000         2608         6.67
    9625.599     0.875000         2682         8.00
    9773.055     0.887500         2727         8.89
    9895.935     0.900000         2759        10.00
   10092.543     0.912500         2798        11.43
   10420.223     0.925000         2836        13.33
   10674.175     0.937500         2874        16.00
   11059.199     0.943750         2893        17.78
   11190.271     0.950000         2915        20.00
   11403.263     0.956250         2931        22.86
   11853.823     0.962500         2953        26.67
   12238.847     0.968750         2970        32.00
   12402.687     0.971875         2979        35.56
   12541.951     0.975000         2989        40.00
   12853.247     0.978125         2998        45.71
   13033.471     0.981250         3008        53.33
   13361.151     0.984375         3018        64.00
   13443.071     0.985938         3022        71.11
   13533.183     0.987500         3027        80.00
   13623.295     0.989062         3032        91.43
   13688.831     0.990625         3037       106.67
   13778.943     0.992188         3043       128.00
   13787.135     0.992969         3044       142.22
   13803.519     0.993750         3049       160.00
   13803.519     0.994531         3049       182.86
   14016.511     0.995313         3051       213.33
   14041.087     0.996094         3054       256.00
   14049.279     0.996484         3055       284.44
   14057.471     0.996875         3056       320.00
   14065.663     0.997266         3057       365.71
   14155.775     0.997656         3059       426.67
   14180.351     0.998047         3060       512.00
   14180.351     0.998242         3060       568.89
   14188.543     0.998437         3061       640.00
   14188.543     0.998633         3061       731.43
   14286.847     0.998828         3062       853.33
   14295.039     0.999023         3063      1024.00
   14295.039     0.999121         3063      1137.78
   14295.039     0.999219         3063      1280.00
   14295.039     0.999316         3063      1462.86
   14311.423     0.999414         3064      1706.67
   14311.423     0.999512         3064      2048.00
   14311.423     0.999561         3064      2275.56
   14311.423     0.999609         3064      2560.00
   14311.423     0.999658         3064      2925.71
   14319.615     0.999707         3065      3413.33
   14319.615     1.000000         3065          inf
#[Mean    =     6198.299, StdDeviation   =     2839.953]
#[Max     =    14311.424, Total count    =         3065]
#[Buckets =           27, SubBuckets     =         2048]
-----------------------------------------------------------------------
  3680 requests in 1.00m, 1.10MB read
Requests/sec:     61.33  
Transfer/sec:     18.70KB
