Running 1m test @ http://10.96.164.126/?loopCount=25&base=6&exp=6
  5 threads and 5 connections

  Thread calibration: mean lat.: 573.860ms, rate sampling interval: 2514ms
  Thread calibration: mean lat.: 1151.587ms, rate sampling interval: 4210ms
  Thread calibration: mean lat.: 828.622ms, rate sampling interval: 3203ms
  Thread calibration: mean lat.: 944.640ms, rate sampling interval: 3002ms
  Thread calibration: mean lat.: 575.484ms, rate sampling interval: 2785ms

-----------------------------------------------------------------------
Test Results @ http://10.96.164.126/?loopCount=25&base=6&exp=6 
  Thread Stats   Avg      Stdev     99%   +/- Stdev
    Latency     5.53s     2.33s   11.04s    62.44%
    Req/Sec    12.15      1.04    14.00     93.59%
  Latency Distribution (HdrHistogram - Recorded Latency)
 50.000%    5.46s 
 75.000%    7.33s 
 90.000%    8.68s 
 99.000%   11.04s 
 99.900%   11.29s 
 99.990%   11.33s 
 99.999%   11.33s 
100.000%   11.33s 

  Detailed Percentile spectrum:
       Value   Percentile   TotalCount 1/(1-Percentile)

    1531.903     0.000000            1         1.00
    2441.215     0.100000          317         1.11
    3237.887     0.200000          634         1.25
    3979.263     0.300000          952         1.43
    4722.687     0.400000         1269         1.67
    5455.871     0.500000         1585         2.00
    5754.879     0.550000         1743         2.22
    6131.711     0.600000         1903         2.50
    6426.623     0.650000         2062         2.86
    6864.895     0.700000         2219         3.33
    7331.839     0.750000         2376         4.00
    7544.831     0.775000         2457         4.44
    7712.767     0.800000         2536         5.00
    7913.471     0.825000         2614         5.71
    8220.671     0.850000         2693         6.67
    8495.103     0.875000         2772         8.00
    8593.407     0.887500         2812         8.89
    8675.327     0.900000         2853        10.00
    8773.631     0.912500         2891        11.43
    8871.935     0.925000         2934        13.33
    9011.199     0.937500         2971        16.00
    9117.695     0.943750         2991        17.78
    9232.383     0.950000         3011        20.00
    9617.407     0.956250         3031        22.86
    9945.087     0.962500         3050        26.67
   10100.735     0.968750         3069        32.00
   10166.271     0.971875         3079        35.56
   10280.959     0.975000         3089        40.00
   10371.071     0.978125         3099        45.71
   10510.335     0.981250         3109        53.33
   10756.095     0.984375         3119        64.00
   10829.823     0.985938         3124        71.11
   10977.279     0.987500         3129        80.00
   11026.431     0.989062         3134        91.43
   11051.007     0.990625         3140       106.67
   11083.775     0.992188         3144       128.00
   11149.311     0.992969         3146       142.22
   11190.271     0.993750         3149       160.00
   11206.655     0.994531         3152       182.86
   11214.847     0.995313         3154       213.33
   11223.039     0.996094         3156       256.00
   11231.231     0.996484         3158       284.44
   11239.423     0.996875         3161       320.00
   11239.423     0.997266         3161       365.71
   11239.423     0.997656         3161       426.67
   11280.383     0.998047         3163       512.00
   11280.383     0.998242         3163       568.89
   11288.575     0.998437         3165       640.00
   11288.575     0.998633         3165       731.43
   11288.575     0.998828         3165       853.33
   11288.575     0.999023         3165      1024.00
   11304.959     0.999121         3166      1137.78
   11304.959     0.999219         3166      1280.00
   11304.959     0.999316         3166      1462.86
   11321.343     0.999414         3167      1706.67
   11321.343     0.999512         3167      2048.00
   11321.343     0.999561         3167      2275.56
   11321.343     0.999609         3167      2560.00
   11321.343     0.999658         3167      2925.71
   11329.535     0.999707         3168      3413.33
   11329.535     1.000000         3168          inf
#[Mean    =     5526.522, StdDeviation   =     2327.650]
#[Max     =    11321.344, Total count    =         3168]
#[Buckets =           27, SubBuckets     =         2048]
-----------------------------------------------------------------------
  3785 requests in 1.00m, 1.13MB read
Requests/sec:     63.08  
Transfer/sec:     19.23KB
