Running 1m test @ http://10.105.168.171/?loopCount=25&base=6&exp=6
  5 threads and 5 connections

  Thread calibration: mean lat.: 1014.765ms, rate sampling interval: 3516ms
  Thread calibration: mean lat.: 307.612ms, rate sampling interval: 1200ms
  Thread calibration: mean lat.: 237.355ms, rate sampling interval: 1141ms
  Thread calibration: mean lat.: 482.781ms, rate sampling interval: 1912ms
  Thread calibration: mean lat.: 582.156ms, rate sampling interval: 2482ms

-----------------------------------------------------------------------
Test Results @ http://10.105.168.171/?loopCount=25&base=6&exp=6 
  Thread Stats   Avg      Stdev     99%   +/- Stdev
    Latency     2.97s     1.71s    8.38s    68.36%
    Req/Sec    13.34      2.25    18.00     81.94%
  Latency Distribution (HdrHistogram - Recorded Latency)
 50.000%    2.56s 
 75.000%    3.77s 
 90.000%    5.12s 
 99.000%    8.38s 
 99.900%    9.36s 
 99.990%    9.45s 
 99.999%    9.45s 
100.000%    9.45s 

  Detailed Percentile spectrum:
       Value   Percentile   TotalCount 1/(1-Percentile)

     411.903     0.000000            1         1.00
     993.791     0.100000          342         1.11
    1496.063     0.200000          684         1.25
    2142.207     0.300000         1026         1.43
    2344.959     0.400000         1371         1.67
    2557.951     0.500000         1712         2.00
    2815.999     0.550000         1881         2.22
    3061.759     0.600000         2053         2.50
    3258.367     0.650000         2223         2.86
    3432.447     0.700000         2395         3.33
    3766.271     0.750000         2565         4.00
    3979.263     0.775000         2651         4.44
    4112.383     0.800000         2738         5.00
    4358.143     0.825000         2823         5.71
    4558.847     0.850000         2908         6.67
    4792.319     0.875000         2993         8.00
    4923.391     0.887500         3036         8.89
    5119.999     0.900000         3078        10.00
    5267.455     0.912500         3121        11.43
    5447.679     0.925000         3164        13.33
    5926.911     0.937500         3207        16.00
    6193.151     0.943750         3229        17.78
    6455.295     0.950000         3249        20.00
    7012.351     0.956250         3271        22.86
    7344.127     0.962500         3292        26.67
    7553.023     0.968750         3314        32.00
    7639.039     0.971875         3324        35.56
    7831.551     0.975000         3335        40.00
    7892.991     0.978125         3346        45.71
    7974.911     0.981250         3356        53.33
    8253.439     0.984375         3367        64.00
    8290.303     0.985938         3373        71.11
    8335.359     0.987500         3378        80.00
    8364.031     0.989062         3383        91.43
    8404.991     0.990625         3388       106.67
    8495.103     0.992188         3394       128.00
    8511.487     0.992969         3396       142.22
    8642.559     0.993750         3400       160.00
    8790.015     0.994531         3402       182.86
    8830.975     0.995313         3404       213.33
    8929.279     0.996094         3407       256.00
    8986.623     0.996484         3408       284.44
    9027.583     0.996875         3410       320.00
    9084.927     0.997266         3411       365.71
    9183.231     0.997656         3412       426.67
    9289.727     0.998047         3414       512.00
    9289.727     0.998242         3414       568.89
    9314.303     0.998437         3415       640.00
    9338.879     0.998633         3416       731.43
    9338.879     0.998828         3416       853.33
    9363.455     0.999023         3417      1024.00
    9363.455     0.999121         3417      1137.78
    9388.031     0.999219         3418      1280.00
    9388.031     0.999316         3418      1462.86
    9388.031     0.999414         3418      1706.67
    9420.799     0.999512         3419      2048.00
    9420.799     0.999561         3419      2275.56
    9420.799     0.999609         3419      2560.00
    9420.799     0.999658         3419      2925.71
    9420.799     0.999707         3419      3413.33
    9453.567     0.999756         3420      4096.00
    9453.567     1.000000         3420          inf
#[Mean    =     2965.260, StdDeviation   =     1706.395]
#[Max     =     9445.376, Total count    =         3420]
#[Buckets =           27, SubBuckets     =         2048]
-----------------------------------------------------------------------
  4071 requests in 1.00m, 1.21MB read
Requests/sec:     67.84  
Transfer/sec:     20.69KB
