Running 1m test @ http://10.96.164.126/?loopCount=25&base=6&exp=6
  1 threads and 1 connections

  Thread calibration: mean lat.: 1434.372ms, rate sampling interval: 5390ms

-----------------------------------------------------------------------
Test Results @ http://10.96.164.126/?loopCount=25&base=6&exp=6 
  Thread Stats   Avg      Stdev     99%   +/- Stdev
    Latency    11.31s     4.77s   19.30s    57.83%
    Req/Sec    16.11      0.57    17.00    100.00%
  Latency Distribution (HdrHistogram - Recorded Latency)
 50.000%   11.30s 
 75.000%   15.56s 
 90.000%   17.84s 
 99.000%   19.30s 
 99.900%   19.43s 
 99.990%   19.48s 
 99.999%   19.48s 
100.000%   19.48s 

  Detailed Percentile spectrum:
       Value   Percentile   TotalCount 1/(1-Percentile)

    3016.703     0.000000            1         1.00
    4771.839     0.100000           85         1.11
    6205.439     0.200000          169         1.25
    7979.007     0.300000          252         1.43
    9535.487     0.400000          336         1.67
   11296.767     0.500000          419         2.00
   12419.071     0.550000          461         2.22
   13221.887     0.600000          504         2.50
   13836.287     0.650000          546         2.86
   14540.799     0.700000          586         3.33
   15556.607     0.750000          632         4.00
   15867.903     0.775000          650         4.44
   16179.199     0.800000          670         5.00
   16736.255     0.825000          691         5.71
   17170.431     0.850000          712         6.67
   17465.343     0.875000          735         8.00
   17645.567     0.887500          743         8.89
   17891.327     0.900000          755        10.00
   17940.479     0.912500          764        11.43
   18153.471     0.925000          776        13.33
   18268.159     0.937500          785        16.00
   18366.463     0.943750          790        17.78
   18612.223     0.950000          797        20.00
   18710.527     0.956250          801        22.86
   18907.135     0.962500          807        26.67
   19005.439     0.968750          811        32.00
   19103.743     0.971875          814        35.56
   19185.663     0.975000          820        40.00
   19185.663     0.978125          820        45.71
   19202.047     0.981250          822        53.33
   19267.583     0.984375          824        64.00
   19283.967     0.985938          827        71.11
   19283.967     0.987500          827        80.00
   19300.351     0.989062          829        91.43
   19333.119     0.990625          831       106.67
   19333.119     0.992188          831       128.00
   19349.503     0.992969          833       142.22
   19349.503     0.993750          833       160.00
   19349.503     0.994531          833       182.86
   19398.655     0.995313          834       213.33
   19398.655     0.996094          834       256.00
   19431.423     0.996484          836       284.44
   19431.423     0.996875          836       320.00
   19431.423     0.997266          836       365.71
   19431.423     0.997656          836       426.67
   19431.423     0.998047          836       512.00
   19431.423     0.998242          836       568.89
   19431.423     0.998437          836       640.00
   19431.423     0.998633          836       731.43
   19480.575     0.998828          837       853.33
   19480.575     1.000000          837          inf
#[Mean    =    11307.182, StdDeviation   =     4773.543]
#[Max     =    19464.192, Total count    =          837]
#[Buckets =           27, SubBuckets     =         2048]
-----------------------------------------------------------------------
  1012 requests in 1.00m, 308.35KB read
Requests/sec:     16.87  
Transfer/sec:      5.14KB
