Running 1m test @ http://10.104.225.39/?loopCount=25&base=6&exp=6
  1 threads and 1 connections

  Thread calibration: mean lat.: 1302.842ms, rate sampling interval: 5054ms

-----------------------------------------------------------------------
Test Results @ http://10.104.225.39/?loopCount=25&base=6&exp=6 
  Thread Stats   Avg      Stdev     99%   +/- Stdev
    Latency    10.45s     4.51s   18.02s    56.83%
    Req/Sec    17.11      0.57    18.00    100.00%
  Latency Distribution (HdrHistogram - Recorded Latency)
 50.000%   10.62s 
 75.000%   14.41s 
 90.000%   16.58s 
 99.000%   18.02s 
 99.900%   18.07s 
 99.990%   18.10s 
 99.999%   18.10s 
100.000%   18.10s 

  Detailed Percentile spectrum:
       Value   Percentile   TotalCount 1/(1-Percentile)

    2924.543     0.000000            4         1.00
    4341.759     0.100000           88         1.11
    5631.999     0.200000          176         1.25
    7016.447     0.300000          263         1.43
    9084.927     0.400000          349         1.67
   10616.831     0.500000          436         2.00
   11501.567     0.550000          481         2.22
   11943.935     0.600000          524         2.50
   12705.791     0.650000          567         2.86
   13533.183     0.700000          611         3.33
   14409.727     0.750000          654         4.00
   14704.639     0.775000          677         4.44
   15048.703     0.800000          697         5.00
   15425.535     0.825000          719         5.71
   16162.815     0.850000          743         6.67
   16449.535     0.875000          763         8.00
   16547.839     0.887500          776         8.89
   16580.607     0.900000          784        10.00
   16752.639     0.912500          795        11.43
   17039.359     0.925000          806        13.33
   17203.199     0.937500          819        16.00
   17317.887     0.943750          827        17.78
   17334.271     0.950000          829        20.00
   17432.575     0.956250          834        22.86
   17580.031     0.962500          839        26.67
   17727.487     0.968750          844        32.00
   17809.407     0.971875          847        35.56
   17825.791     0.975000          851        40.00
   17874.943     0.978125          852        45.71
   17973.247     0.981250          855        53.33
   17989.631     0.984375          858        64.00
   18006.015     0.985938          861        71.11
   18006.015     0.987500          861        80.00
   18022.399     0.989062          862        91.43
   18038.783     0.990625          864       106.67
   18055.167     0.992188          868       128.00
   18055.167     0.992969          868       142.22
   18055.167     0.993750          868       160.00
   18055.167     0.994531          868       182.86
   18055.167     0.995313          868       213.33
   18055.167     0.996094          868       256.00
   18055.167     0.996484          868       284.44
   18071.551     0.996875          870       320.00
   18071.551     0.997266          870       365.71
   18071.551     0.997656          870       426.67
   18071.551     0.998047          870       512.00
   18071.551     0.998242          870       568.89
   18071.551     0.998437          870       640.00
   18071.551     0.998633          870       731.43
   18071.551     0.998828          870       853.33
   18104.319     0.999023          871      1024.00
   18104.319     1.000000          871          inf
#[Mean    =    10446.211, StdDeviation   =     4510.605]
#[Max     =    18087.936, Total count    =          871]
#[Buckets =           27, SubBuckets     =         2048]
-----------------------------------------------------------------------
  1047 requests in 1.00m, 319.01KB read
Requests/sec:     17.45  
Transfer/sec:      5.32KB
