Running 1m test @ http://10.104.225.39/?loopCount=25&base=6&exp=6
  5 threads and 5 connections

  Thread calibration: mean lat.: 831.945ms, rate sampling interval: 2768ms
  Thread calibration: mean lat.: 870.531ms, rate sampling interval: 3133ms
  Thread calibration: mean lat.: 1142.817ms, rate sampling interval: 4395ms
  Thread calibration: mean lat.: 960.479ms, rate sampling interval: 3569ms
  Thread calibration: mean lat.: 1154.782ms, rate sampling interval: 3549ms

-----------------------------------------------------------------------
Test Results @ http://10.104.225.39/?loopCount=25&base=6&exp=6 
  Thread Stats   Avg      Stdev     99%   +/- Stdev
    Latency     6.73s     2.83s   11.81s    61.04%
    Req/Sec    11.76      1.10    14.00     90.28%
  Latency Distribution (HdrHistogram - Recorded Latency)
 50.000%    6.83s 
 75.000%    8.96s 
 90.000%   10.65s 
 99.000%   11.81s 
 99.900%   12.25s 
 99.990%   12.32s 
 99.999%   12.32s 
100.000%   12.32s 

  Detailed Percentile spectrum:
       Value   Percentile   TotalCount 1/(1-Percentile)

    1466.367     0.000000            1         1.00
    2756.607     0.100000          308         1.11
    3792.895     0.200000          612         1.25
    4890.623     0.300000          916         1.43
    5763.071     0.400000         1221         1.67
    6828.031     0.500000         1526         2.00
    7225.343     0.550000         1679         2.22
    7802.879     0.600000         1832         2.50
    8429.567     0.650000         1984         2.86
    8757.247     0.700000         2140         3.33
    8962.047     0.750000         2292         4.00
    9035.775     0.775000         2368         4.44
    9363.455     0.800000         2445         5.00
    9707.519     0.825000         2518         5.71
   10027.007     0.850000         2595         6.67
   10313.727     0.875000         2671         8.00
   10493.951     0.887500         2710         8.89
   10649.599     0.900000         2747        10.00
   10813.439     0.912500         2787        11.43
   10919.935     0.925000         2826        13.33
   11026.431     0.937500         2864        16.00
   11067.391     0.943750         2884        17.78
   11100.159     0.950000         2900        20.00
   11157.503     0.956250         2919        22.86
   11239.423     0.962500         2938        26.67
   11321.343     0.968750         2958        32.00
   11386.879     0.971875         2967        35.56
   11436.031     0.975000         2976        40.00
   11599.871     0.978125         2986        45.71
   11657.215     0.981250         2996        53.33
   11698.175     0.984375         3005        64.00
   11755.519     0.985938         3011        71.11
   11771.903     0.987500         3015        80.00
   11796.479     0.989062         3019        91.43
   11829.247     0.990625         3024       106.67
   11943.935     0.992188         3029       128.00
   11968.511     0.992969         3031       142.22
   12066.815     0.993750         3033       160.00
   12091.391     0.994531         3037       182.86
   12115.967     0.995313         3038       213.33
   12156.927     0.996094         3042       256.00
   12156.927     0.996484         3042       284.44
   12197.887     0.996875         3043       320.00
   12214.271     0.997266         3044       365.71
   12222.463     0.997656         3045       426.67
   12247.039     0.998047         3049       512.00
   12247.039     0.998242         3049       568.89
   12247.039     0.998437         3049       640.00
   12247.039     0.998633         3049       731.43
   12247.039     0.998828         3049       853.33
   12271.615     0.999023         3051      1024.00
   12271.615     0.999121         3051      1137.78
   12271.615     0.999219         3051      1280.00
   12271.615     0.999316         3051      1462.86
   12271.615     0.999414         3051      1706.67
   12271.615     0.999512         3051      2048.00
   12271.615     0.999561         3051      2275.56
   12271.615     0.999609         3051      2560.00
   12271.615     0.999658         3051      2925.71
   12320.767     0.999707         3052      3413.33
   12320.767     1.000000         3052          inf
#[Mean    =     6729.037, StdDeviation   =     2825.402]
#[Max     =    12312.576, Total count    =         3052]
#[Buckets =           27, SubBuckets     =         2048]
-----------------------------------------------------------------------
  3656 requests in 1.00m, 1.09MB read
Requests/sec:     60.93  
Transfer/sec:     18.58KB
