Running 1m test @ http://10.107.164.151/?loopCount=25&base=6&exp=6
  5 threads and 5 connections

  Thread calibration: mean lat.: 1943.119ms, rate sampling interval: 6950ms
  Thread calibration: mean lat.: 1870.617ms, rate sampling interval: 6742ms
  Thread calibration: mean lat.: 1630.832ms, rate sampling interval: 6033ms
  Thread calibration: mean lat.: 1823.414ms, rate sampling interval: 6533ms
  Thread calibration: mean lat.: 1713.981ms, rate sampling interval: 6365ms

-----------------------------------------------------------------------
Test Results @ http://10.107.164.151/?loopCount=25&base=6&exp=6 
  Thread Stats   Avg      Stdev     99%   +/- Stdev
    Latency    13.19s     5.60s   22.99s    57.74%
    Req/Sec     8.72      0.56    10.00    100.00%
  Latency Distribution (HdrHistogram - Recorded Latency)
 50.000%   13.11s 
 75.000%   18.10s 
 90.000%   21.00s 
 99.000%   22.99s 
 99.900%   23.90s 
 99.990%   24.02s 
 99.999%   24.02s 
100.000%   24.02s 

  Detailed Percentile spectrum:
       Value   Percentile   TotalCount 1/(1-Percentile)

    3248.127     0.000000            1         1.00
    5554.175     0.100000          233         1.11
    7348.223     0.200000          463         1.25
    9281.535     0.300000          694         1.43
   11157.503     0.400000          925         1.67
   13107.199     0.500000         1156         2.00
   14204.927     0.550000         1272         2.22
   15056.895     0.600000         1388         2.50
   16080.895     0.650000         1503         2.86
   16990.207     0.700000         1621         3.33
   18104.319     0.750000         1734         4.00
   18628.607     0.775000         1794         4.44
   18939.903     0.800000         1852         5.00
   19415.039     0.825000         1909         5.71
   19988.479     0.850000         1967         6.67
   20496.383     0.875000         2024         8.00
   20774.911     0.887500         2055         8.89
   21004.287     0.900000         2081        10.00
   21364.735     0.912500         2111        11.43
   21512.191     0.925000         2139        13.33
   21708.799     0.937500         2169        16.00
   21823.487     0.943750         2183        17.78
   21905.407     0.950000         2198        20.00
   22003.711     0.956250         2211        22.86
   22151.167     0.962500         2228        26.67
   22233.087     0.968750         2241        32.00
   22331.391     0.971875         2247        35.56
   22478.847     0.975000         2255        40.00
   22593.535     0.978125         2262        45.71
   22691.839     0.981250         2271        53.33
   22773.759     0.984375         2277        64.00
   22839.295     0.985938         2280        71.11
   22937.599     0.987500         2284        80.00
   22970.367     0.989062         2287        91.43
   23035.903     0.990625         2291       106.67
   23166.975     0.992188         2294       128.00
   23216.127     0.992969         2296       142.22
   23265.279     0.993750         2298       160.00
   23330.815     0.994531         2300       182.86
   23494.655     0.995313         2302       213.33
   23527.423     0.996094         2303       256.00
   23576.575     0.996484         2304       284.44
   23609.343     0.996875         2305       320.00
   23642.111     0.997266         2306       365.71
   23674.879     0.997656         2307       426.67
   23773.183     0.998047         2308       512.00
   23773.183     0.998242         2308       568.89
   23887.871     0.998437         2309       640.00
   23887.871     0.998633         2309       731.43
   23904.255     0.998828         2310       853.33
   23904.255     0.999023         2310      1024.00
   23904.255     0.999121         2310      1137.78
   23986.175     0.999219         2311      1280.00
   23986.175     0.999316         2311      1462.86
   23986.175     0.999414         2311      1706.67
   23986.175     0.999512         2311      2048.00
   23986.175     0.999561         2311      2275.56
   24018.943     0.999609         2312      2560.00
   24018.943     1.000000         2312          inf
#[Mean    =    13189.895, StdDeviation   =     5603.563]
#[Max     =    24002.560, Total count    =         2312]
#[Buckets =           27, SubBuckets     =         2048]
-----------------------------------------------------------------------
  2784 requests in 1.00m, 849.67KB read
Requests/sec:     46.39  
Transfer/sec:     14.16KB
