Running 1m test @ http://10.100.134.99/?loopCount=25&base=6&exp=6
  5 threads and 5 connections

  Thread calibration: mean lat.: 1367.736ms, rate sampling interval: 4792ms
  Thread calibration: mean lat.: 837.687ms, rate sampling interval: 4036ms
  Thread calibration: mean lat.: 1243.479ms, rate sampling interval: 4186ms
  Thread calibration: mean lat.: 1114.533ms, rate sampling interval: 3809ms
  Thread calibration: mean lat.: 544.851ms, rate sampling interval: 1805ms

-----------------------------------------------------------------------
Test Results @ http://10.100.134.99/?loopCount=25&base=6&exp=6 
  Thread Stats   Avg      Stdev     99%   +/- Stdev
    Latency     5.55s     2.42s   10.98s    61.95%
    Req/Sec    12.27      1.79    17.00     90.41%
  Latency Distribution (HdrHistogram - Recorded Latency)
 50.000%    5.44s 
 75.000%    7.33s 
 90.000%    8.82s 
 99.000%   10.98s 
 99.900%   11.53s 
 99.990%   11.60s 
 99.999%   11.60s 
100.000%   11.60s 

  Detailed Percentile spectrum:
       Value   Percentile   TotalCount 1/(1-Percentile)

    1178.623     0.000000            1         1.00
    2437.119     0.100000          321         1.11
    2977.791     0.200000          641         1.25
    3866.623     0.300000          959         1.43
    4677.631     0.400000         1279         1.67
    5443.583     0.500000         1600         2.00
    5992.447     0.550000         1760         2.22
    6328.319     0.600000         1918         2.50
    6787.071     0.650000         2078         2.86
    7057.407     0.700000         2239         3.33
    7327.743     0.750000         2397         4.00
    7458.815     0.775000         2478         4.44
    7618.559     0.800000         2557         5.00
    7811.071     0.825000         2637         5.71
    8015.871     0.850000         2721         6.67
    8212.479     0.875000         2798         8.00
    8495.103     0.887500         2837         8.89
    8830.975     0.900000         2879        10.00
    8953.855     0.912500         2918        11.43
    9084.927     0.925000         2957        13.33
    9355.263     0.937500         2997        16.00
    9543.679     0.943750         3018        17.78
    9879.551     0.950000         3039        20.00
   10215.423     0.956250         3058        22.86
   10567.679     0.962500         3077        26.67
   10682.367     0.968750         3097        32.00
   10706.943     0.971875         3108        35.56
   10731.519     0.975000         3118        40.00
   10756.095     0.978125         3128        45.71
   10788.863     0.981250         3138        53.33
   10813.439     0.984375         3147        64.00
   10846.207     0.985938         3153        71.11
   10887.167     0.987500         3157        80.00
   10944.511     0.989062         3162        91.43
   11091.967     0.990625         3167       106.67
   11288.575     0.992188         3172       128.00
   11345.919     0.992969         3174       142.22
   11395.071     0.993750         3177       160.00
   11427.839     0.994531         3179       182.86
   11444.223     0.995313         3182       213.33
   11468.799     0.996094         3186       256.00
   11468.799     0.996484         3186       284.44
   11485.183     0.996875         3188       320.00
   11485.183     0.997266         3188       365.71
   11493.375     0.997656         3190       426.67
   11493.375     0.998047         3190       512.00
   11509.759     0.998242         3191       568.89
   11517.951     0.998437         3192       640.00
   11517.951     0.998633         3192       731.43
   11526.143     0.998828         3194       853.33
   11526.143     0.999023         3194      1024.00
   11526.143     0.999121         3194      1137.78
   11526.143     0.999219         3194      1280.00
   11526.143     0.999316         3194      1462.86
   11550.719     0.999414         3195      1706.67
   11550.719     0.999512         3195      2048.00
   11550.719     0.999561         3195      2275.56
   11550.719     0.999609         3195      2560.00
   11550.719     0.999658         3195      2925.71
   11599.871     0.999707         3196      3413.33
   11599.871     1.000000         3196          inf
#[Mean    =     5550.222, StdDeviation   =     2421.752]
#[Max     =    11591.680, Total count    =         3196]
#[Buckets =           27, SubBuckets     =         2048]
-----------------------------------------------------------------------
  3796 requests in 1.00m, 1.13MB read
Requests/sec:     63.26  
Transfer/sec:     19.29KB
