Running 1m test @ http://10.100.134.99/?loopCount=25&base=6&exp=6
  5 threads and 5 connections

  Thread calibration: mean lat.: 123.033ms, rate sampling interval: 541ms
  Thread calibration: mean lat.: 167.688ms, rate sampling interval: 753ms
  Thread calibration: mean lat.: 309.934ms, rate sampling interval: 979ms
  Thread calibration: mean lat.: 237.984ms, rate sampling interval: 1157ms
  Thread calibration: mean lat.: 127.024ms, rate sampling interval: 418ms

-----------------------------------------------------------------------
Test Results @ http://10.100.134.99/?loopCount=25&base=6&exp=6 
  Thread Stats   Avg      Stdev     99%   +/- Stdev
    Latency   158.03ms  107.84ms 491.52ms   62.49%
    Req/Sec     9.53      2.28    14.00     87.60%
  Latency Distribution (HdrHistogram - Recorded Latency)
 50.000%  136.70ms
 75.000%  197.25ms
 90.000%  296.45ms
 99.000%  491.52ms
 99.900%  589.31ms
 99.990%  671.74ms
 99.999%  671.74ms
100.000%  671.74ms

  Detailed Percentile spectrum:
       Value   Percentile   TotalCount 1/(1-Percentile)

      24.239     0.000000            1         1.00
      40.959     0.100000          255         1.11
      50.719     0.200000          502         1.25
      86.527     0.300000          751         1.43
     115.455     0.400000         1002         1.67
     136.703     0.500000         1252         2.00
     170.495     0.550000         1380         2.22
     175.871     0.600000         1502         2.50
     179.071     0.650000         1628         2.86
     183.807     0.700000         1753         3.33
     197.247     0.750000         1878         4.00
     214.399     0.775000         1940         4.44
     227.583     0.800000         2003         5.00
     269.567     0.825000         2067         5.71
     275.455     0.850000         2128         6.67
     281.855     0.875000         2192         8.00
     288.767     0.887500         2222         8.89
     296.447     0.900000         2253        10.00
     313.343     0.912500         2285        11.43
     327.935     0.925000         2316        13.33
     370.687     0.937500         2347        16.00
     374.271     0.943750         2364        17.78
     377.343     0.950000         2378        20.00
     381.695     0.956250         2394        22.86
     389.119     0.962500         2410        26.67
     397.567     0.968750         2425        32.00
     414.975     0.971875         2433        35.56
     425.727     0.975000         2441        40.00
     434.687     0.978125         2449        45.71
     472.319     0.981250         2457        53.33
     479.487     0.984375         2464        64.00
     482.559     0.985938         2468        71.11
     487.679     0.987500         2472        80.00
     490.239     0.989062         2476        91.43
     494.335     0.990625         2480       106.67
     510.463     0.992188         2484       128.00
     512.511     0.992969         2486       142.22
     515.327     0.993750         2488       160.00
     541.695     0.994531         2490       182.86
     569.343     0.995313         2492       213.33
     571.903     0.996094         2494       256.00
     572.927     0.996484         2495       284.44
     574.463     0.996875         2496       320.00
     574.975     0.997266         2497       365.71
     575.999     0.997656         2498       426.67
     577.023     0.998047         2499       512.00
     577.023     0.998242         2499       568.89
     589.311     0.998437         2500       640.00
     589.311     0.998633         2500       731.43
     603.135     0.998828         2501       853.33
     603.135     0.999023         2501      1024.00
     603.135     0.999121         2501      1137.78
     612.351     0.999219         2502      1280.00
     612.351     0.999316         2502      1462.86
     612.351     0.999414         2502      1706.67
     612.351     0.999512         2502      2048.00
     612.351     0.999561         2502      2275.56
     671.743     0.999609         2503      2560.00
     671.743     1.000000         2503          inf
#[Mean    =      158.029, StdDeviation   =      107.838]
#[Max     =      671.232, Total count    =         2503]
#[Buckets =           27, SubBuckets     =         2048]
-----------------------------------------------------------------------
  2992 requests in 1.00m, 0.89MB read
Requests/sec:     49.86  
Transfer/sec:     15.21KB
