Running 1m test @ http://10.97.218.196/?loopCount=25&base=6&exp=6
  5 threads and 5 connections

  Thread calibration: mean lat.: 399.556ms, rate sampling interval: 1384ms
  Thread calibration: mean lat.: 178.668ms, rate sampling interval: 652ms
  Thread calibration: mean lat.: 204.027ms, rate sampling interval: 753ms
  Thread calibration: mean lat.: 271.813ms, rate sampling interval: 952ms
  Thread calibration: mean lat.: 259.269ms, rate sampling interval: 1737ms

-----------------------------------------------------------------------
Test Results @ http://10.97.218.196/?loopCount=25&base=6&exp=6 
  Thread Stats   Avg      Stdev     99%   +/- Stdev
    Latency     1.28s   732.00ms   3.02s    67.01%
    Req/Sec    13.96      2.58    19.00     77.91%
  Latency Distribution (HdrHistogram - Recorded Latency)
 50.000%    1.16s 
 75.000%    1.63s 
 90.000%    2.47s 
 99.000%    3.02s 
 99.900%    3.37s 
 99.990%    3.43s 
 99.999%    3.43s 
100.000%    3.43s 

  Detailed Percentile spectrum:
       Value   Percentile   TotalCount 1/(1-Percentile)

      21.407     0.000000            1         1.00
     417.791     0.100000          362         1.11
     663.551     0.200000          724         1.25
     840.703     0.300000         1087         1.43
     993.279     0.400000         1450         1.67
    1158.143     0.500000         1811         2.00
    1233.919     0.550000         1992         2.22
    1315.839     0.600000         2172         2.50
    1419.263     0.650000         2354         2.86
    1512.447     0.700000         2534         3.33
    1625.087     0.750000         2715         4.00
    1701.887     0.775000         2806         4.44
    1844.223     0.800000         2897         5.00
    2091.007     0.825000         2986         5.71
    2248.703     0.850000         3077         6.67
    2365.439     0.875000         3168         8.00
    2418.687     0.887500         3212         8.89
    2469.887     0.900000         3259        10.00
    2547.711     0.912500         3303        11.43
    2600.959     0.925000         3350        13.33
    2650.111     0.937500         3393        16.00
    2680.831     0.943750         3416        17.78
    2715.647     0.950000         3439        20.00
    2754.559     0.956250         3461        22.86
    2787.327     0.962500         3484        26.67
    2822.143     0.968750         3506        32.00
    2842.623     0.971875         3519        35.56
    2871.295     0.975000         3529        40.00
    2902.015     0.978125         3540        45.71
    2928.639     0.981250         3552        53.33
    2953.215     0.984375         3564        64.00
    2961.407     0.985938         3569        71.11
    2977.791     0.987500         3574        80.00
    3006.463     0.989062         3580        91.43
    3031.039     0.990625         3586       106.67
    3065.855     0.992188         3591       128.00
    3102.719     0.992969         3594       142.22
    3127.295     0.993750         3597       160.00
    3233.791     0.994531         3600       182.86
    3250.175     0.995313         3603       213.33
    3268.607     0.996094         3605       256.00
    3293.183     0.996484         3607       284.44
    3295.231     0.996875         3608       320.00
    3338.239     0.997266         3610       365.71
    3348.479     0.997656         3611       426.67
    3350.527     0.998047         3612       512.00
    3364.863     0.998242         3613       568.89
    3366.911     0.998437         3614       640.00
    3373.055     0.998633         3615       731.43
    3373.055     0.998828         3615       853.33
    3375.103     0.999023         3616      1024.00
    3375.103     0.999121         3616      1137.78
    3399.679     0.999219         3617      1280.00
    3399.679     0.999316         3617      1462.86
    3399.679     0.999414         3617      1706.67
    3401.727     0.999512         3618      2048.00
    3401.727     0.999561         3618      2275.56
    3401.727     0.999609         3618      2560.00
    3401.727     0.999658         3618      2925.71
    3401.727     0.999707         3618      3413.33
    3426.303     0.999756         3619      4096.00
    3426.303     1.000000         3619          inf
#[Mean    =     1281.008, StdDeviation   =      731.997]
#[Max     =     3424.256, Total count    =         3619]
#[Buckets =           27, SubBuckets     =         2048]
-----------------------------------------------------------------------
  4331 requests in 1.00m, 1.29MB read
Requests/sec:     72.17  
Transfer/sec:     22.00KB
