Running 1m test @ http://10.100.185.202/?loopCount=25&base=6&exp=6
  5 threads and 5 connections

  Thread calibration: mean lat.: 125.627ms, rate sampling interval: 479ms
  Thread calibration: mean lat.: 135.989ms, rate sampling interval: 490ms
  Thread calibration: mean lat.: 134.440ms, rate sampling interval: 490ms
  Thread calibration: mean lat.: 123.470ms, rate sampling interval: 483ms
  Thread calibration: mean lat.: 219.030ms, rate sampling interval: 804ms

-----------------------------------------------------------------------
Test Results @ http://10.100.185.202/?loopCount=25&base=6&exp=6 
  Thread Stats   Avg      Stdev     99%   +/- Stdev
    Latency   159.74ms  158.50ms 885.25ms   90.12%
    Req/Sec     9.67      2.00    14.00     89.01%
  Latency Distribution (HdrHistogram - Recorded Latency)
 50.000%  118.65ms
 75.000%  183.29ms
 90.000%  313.34ms
 99.000%  885.25ms
 99.900%    1.05s 
 99.990%    1.06s 
 99.999%    1.06s 
100.000%    1.06s 

  Detailed Percentile spectrum:
       Value   Percentile   TotalCount 1/(1-Percentile)

      21.823     0.000000            1         1.00
      40.799     0.100000          260         1.11
      42.079     0.200000          500         1.25
      73.279     0.300000          755         1.43
      90.111     0.400000         1000         1.67
     118.655     0.500000         1250         2.00
     141.823     0.550000         1380         2.22
     145.919     0.600000         1511         2.50
     150.527     0.650000         1628         2.86
     159.103     0.700000         1751         3.33
     183.679     0.750000         1875         4.00
     201.343     0.775000         1937         4.44
     222.335     0.800000         2000         5.00
     243.967     0.825000         2062         5.71
     251.647     0.850000         2125         6.67
     265.215     0.875000         2187         8.00
     289.023     0.887500         2218         8.89
     316.159     0.900000         2250        10.00
     344.063     0.912500         2281        11.43
     358.911     0.925000         2312        13.33
     405.759     0.937500         2343        16.00
     442.623     0.943750         2359        17.78
     454.143     0.950000         2375        20.00
     507.903     0.956250         2390        22.86
     549.887     0.962500         2406        26.67
     645.631     0.968750         2421        32.00
     666.111     0.971875         2429        35.56
     707.071     0.975000         2437        40.00
     736.255     0.978125         2445        45.71
     747.007     0.981250         2453        53.33
     798.207     0.984375         2460        64.00
     822.271     0.985938         2464        71.11
     848.895     0.987500         2469        80.00
     859.647     0.989062         2472        91.43
     894.463     0.990625         2476       106.67
     920.575     0.992188         2480       128.00
     942.079     0.992969         2482       142.22
     945.663     0.993750         2484       160.00
     949.759     0.994531         2486       182.86
     951.807     0.995313         2488       213.33
     968.191     0.996094         2490       256.00
     971.775     0.996484         2491       284.44
    1001.983     0.996875         2492       320.00
    1013.759     0.997266         2493       365.71
    1017.855     0.997656         2494       426.67
    1046.015     0.998047         2495       512.00
    1046.015     0.998242         2495       568.89
    1049.599     0.998437         2496       640.00
    1049.599     0.998633         2496       731.43
    1050.623     0.998828         2497       853.33
    1050.623     0.999023         2497      1024.00
    1050.623     0.999121         2497      1137.78
    1051.647     0.999219         2498      1280.00
    1051.647     0.999316         2498      1462.86
    1051.647     0.999414         2498      1706.67
    1051.647     0.999512         2498      2048.00
    1051.647     0.999561         2498      2275.56
    1060.863     0.999609         2499      2560.00
    1060.863     1.000000         2499          inf
#[Mean    =      159.736, StdDeviation   =      158.503]
#[Max     =     1059.840, Total count    =         2499]
#[Buckets =           27, SubBuckets     =         2048]
-----------------------------------------------------------------------
  2987 requests in 1.00m, 0.89MB read
Requests/sec:     49.78  
Transfer/sec:     15.18KB
