Running 1m test @ http://10.107.164.151/?loopCount=25&base=6&exp=6
  1 threads and 1 connections

  Thread calibration: mean lat.: 3411.679ms, rate sampling interval: 11780ms

-----------------------------------------------------------------------
Test Results @ http://10.107.164.151/?loopCount=25&base=6&exp=6 
  Thread Stats   Avg      Stdev     99%   +/- Stdev
    Latency    24.22s    10.12s   41.29s    57.29%
    Req/Sec     7.00      0.00     7.00    100.00%
  Latency Distribution (HdrHistogram - Recorded Latency)
 50.000%   24.23s 
 75.000%   33.05s 
 90.000%   38.04s 
 99.000%   41.29s 
 99.900%   41.62s 
 99.990%   41.62s 
 99.999%   41.62s 
100.000%   41.62s 

  Detailed Percentile spectrum:
       Value   Percentile   TotalCount 1/(1-Percentile)

    6754.303     0.000000            1         1.00
   10174.463     0.100000           38         1.11
   13639.679     0.200000           76         1.25
   17317.887     0.300000          115         1.43
   21151.743     0.400000          151         1.67
   24231.935     0.500000          189         2.00
   25870.335     0.550000          208         2.22
   27410.431     0.600000          227         2.50
   29245.439     0.650000          246         2.86
   31014.911     0.700000          264         3.33
   33046.527     0.750000          284         4.00
   34078.719     0.775000          293         4.44
   34897.919     0.800000          302         5.00
   36110.335     0.825000          313         5.71
   36569.087     0.850000          321         6.67
   37388.287     0.875000          330         8.00
   37781.503     0.887500          335         8.89
   38174.719     0.900000          340        10.00
   38764.543     0.912500          345        11.43
   39059.455     0.925000          349        13.33
   39485.439     0.937500          355        16.00
   39550.975     0.943750          356        17.78
   39845.887     0.950000          359        20.00
   40042.495     0.956250          361        22.86
   40271.871     0.962500          363        26.67
   40665.087     0.968750          366        32.00
   40796.159     0.971875          367        35.56
   40861.695     0.975000          368        40.00
   40927.231     0.978125          369        45.71
   40992.767     0.981250          370        53.33
   41123.839     0.984375          372        64.00
   41123.839     0.985938          372        71.11
   41287.679     0.987500          373        80.00
   41287.679     0.989062          373        91.43
   41451.519     0.990625          374       106.67
   41517.055     0.992188          375       128.00
   41517.055     0.992969          375       142.22
   41517.055     0.993750          375       160.00
   41517.055     0.994531          375       182.86
   41582.591     0.995313          376       213.33
   41582.591     0.996094          376       256.00
   41582.591     0.996484          376       284.44
   41582.591     0.996875          376       320.00
   41582.591     0.997266          376       365.71
   41615.359     0.997656          377       426.67
   41615.359     1.000000          377          inf
#[Mean    =    24215.449, StdDeviation   =    10116.458]
#[Max     =    41582.592, Total count    =          377]
#[Buckets =           27, SubBuckets     =         2048]
-----------------------------------------------------------------------
  458 requests in 1.00m, 139.88KB read
Requests/sec:      7.63  
Transfer/sec:      2.33KB
