Running 1m test @ http://10.100.185.202/?loopCount=25&base=6&exp=6
  1 threads and 1 connections

  Thread calibration: mean lat.: 982.511ms, rate sampling interval: 3436ms

-----------------------------------------------------------------------
Test Results @ http://10.100.185.202/?loopCount=25&base=6&exp=6 
  Thread Stats   Avg      Stdev     99%   +/- Stdev
    Latency     5.50s     2.10s    9.25s    62.23%
    Req/Sec    20.79      1.15    23.00     85.71%
  Latency Distribution (HdrHistogram - Recorded Latency)
 50.000%    5.29s 
 75.000%    7.35s 
 90.000%    8.51s 
 99.000%    9.25s 
 99.900%    9.41s 
 99.990%    9.41s 
 99.999%    9.41s 
100.000%    9.41s 

  Detailed Percentile spectrum:
       Value   Percentile   TotalCount 1/(1-Percentile)

    1846.271     0.000000            1         1.00
    2662.399     0.100000          107         1.11
    3358.719     0.200000          212         1.25
    4050.943     0.300000          321         1.43
    4861.951     0.400000          429         1.67
    5287.935     0.500000          531         2.00
    5779.455     0.550000          584         2.22
    6184.959     0.600000          639         2.50
    6631.423     0.650000          692         2.86
    7053.311     0.700000          750         3.33
    7348.223     0.750000          795         4.00
    7475.199     0.775000          822         4.44
    7548.927     0.800000          849         5.00
    7602.175     0.825000          878         5.71
    7966.719     0.850000          903         6.67
    8314.879     0.875000          928         8.00
    8421.375     0.887500          941         8.89
    8527.871     0.900000          955        10.00
    8626.175     0.912500          968        11.43
    8691.711     0.925000          985        13.33
    8699.903     0.937500          999        16.00
    8724.479     0.943750         1000        17.78
    8871.935     0.950000         1010        20.00
    8880.127     0.956250         1014        22.86
    8970.239     0.962500         1020        26.67
    9019.391     0.968750         1028        32.00
    9093.119     0.971875         1031        35.56
    9142.271     0.975000         1037        40.00
    9142.271     0.978125         1037        45.71
    9199.615     0.981250         1041        53.33
    9224.191     0.984375         1046        64.00
    9224.191     0.985938         1046        71.11
    9224.191     0.987500         1046        80.00
    9248.767     0.989062         1048        91.43
    9289.727     0.990625         1050       106.67
    9297.919     0.992188         1051       128.00
    9322.495     0.992969         1052       142.22
    9379.839     0.993750         1054       160.00
    9379.839     0.994531         1054       182.86
    9412.607     0.995313         1059       213.33
    9412.607     1.000000         1059          inf
#[Mean    =     5495.915, StdDeviation   =     2104.527]
#[Max     =     9404.416, Total count    =         1059]
#[Buckets =           27, SubBuckets     =         2048]
-----------------------------------------------------------------------
  1264 requests in 1.00m, 385.12KB read
Requests/sec:     21.07  
Transfer/sec:      6.42KB
