Running 1m test @ http://10.97.218.196/?loopCount=25&base=6&exp=6
  5 threads and 5 connections

  Thread calibration: mean lat.: 85.707ms, rate sampling interval: 315ms
  Thread calibration: mean lat.: 110.206ms, rate sampling interval: 504ms
  Thread calibration: mean lat.: 157.654ms, rate sampling interval: 718ms
  Thread calibration: mean lat.: 97.717ms, rate sampling interval: 347ms
  Thread calibration: mean lat.: 169.903ms, rate sampling interval: 879ms

-----------------------------------------------------------------------
Test Results @ http://10.97.218.196/?loopCount=25&base=6&exp=6 
  Thread Stats   Avg      Stdev     99%   +/- Stdev
    Latency   124.82ms   83.69ms 405.50ms   75.92%
    Req/Sec     9.43      2.34    15.00     81.37%
  Latency Distribution (HdrHistogram - Recorded Latency)
 50.000%  106.88ms
 75.000%  158.34ms
 90.000%  251.01ms
 99.000%  405.50ms
 99.900%  472.58ms
 99.990%  487.42ms
 99.999%  487.42ms
100.000%  487.42ms

  Detailed Percentile spectrum:
       Value   Percentile   TotalCount 1/(1-Percentile)

      22.207     0.000000            1         1.00
      41.151     0.100000          255         1.11
      42.079     0.200000          502         1.25
      71.487     0.300000          752         1.43
      82.687     0.400000         1002         1.67
     106.879     0.500000         1252         2.00
     119.487     0.550000         1379         2.22
     138.751     0.600000         1504         2.50
     150.143     0.650000         1631         2.86
     153.727     0.700000         1755         3.33
     158.335     0.750000         1878         4.00
     162.047     0.775000         1941         4.44
     168.447     0.800000         2004         5.00
     177.791     0.825000         2067         5.71
     197.119     0.850000         2130         6.67
     220.287     0.875000         2191         8.00
     240.255     0.887500         2223         8.89
     251.007     0.900000         2254        10.00
     254.719     0.912500         2285        11.43
     259.455     0.925000         2317        13.33
     264.959     0.937500         2348        16.00
     268.799     0.943750         2364        17.78
     275.711     0.950000         2379        20.00
     297.215     0.956250         2395        22.86
     322.303     0.962500         2411        26.67
     348.159     0.968750         2426        32.00
     351.999     0.971875         2434        35.56
     356.095     0.975000         2442        40.00
     360.191     0.978125         2450        45.71
     367.359     0.981250         2458        53.33
     376.063     0.984375         2465        64.00
     381.183     0.985938         2469        71.11
     383.999     0.987500         2473        80.00
     397.567     0.989062         2477        91.43
     413.695     0.990625         2481       106.67
     434.431     0.992188         2485       128.00
     437.503     0.992969         2487       142.22
     449.791     0.993750         2489       160.00
     452.351     0.994531         2491       182.86
     453.375     0.995313         2493       213.33
     456.959     0.996094         2495       256.00
     457.983     0.996484         2496       284.44
     463.103     0.996875         2497       320.00
     463.871     0.997266         2498       365.71
     465.151     0.997656         2499       426.67
     467.199     0.998047         2500       512.00
     467.199     0.998242         2500       568.89
     472.575     0.998437         2501       640.00
     472.575     0.998633         2501       731.43
     474.367     0.998828         2502       853.33
     474.367     0.999023         2502      1024.00
     474.367     0.999121         2502      1137.78
     474.623     0.999219         2503      1280.00
     474.623     0.999316         2503      1462.86
     474.623     0.999414         2503      1706.67
     474.623     0.999512         2503      2048.00
     474.623     0.999561         2503      2275.56
     487.423     0.999609         2504      2560.00
     487.423     1.000000         2504          inf
#[Mean    =      124.820, StdDeviation   =       83.692]
#[Max     =      487.168, Total count    =         2504]
#[Buckets =           27, SubBuckets     =         2048]
-----------------------------------------------------------------------
  2991 requests in 1.00m, 0.89MB read
Requests/sec:     49.85  
Transfer/sec:     15.20KB
