Running 1m test @ http://10.104.199.0/?loopCount=25&base=6&exp=6
  5 threads and 5 connections

  Thread calibration: mean lat.: 616.658ms, rate sampling interval: 2469ms
  Thread calibration: mean lat.: 1179.849ms, rate sampling interval: 4222ms
  Thread calibration: mean lat.: 1149.202ms, rate sampling interval: 4120ms
  Thread calibration: mean lat.: 353.133ms, rate sampling interval: 1600ms
  Thread calibration: mean lat.: 538.991ms, rate sampling interval: 1969ms

-----------------------------------------------------------------------
Test Results @ http://10.104.199.0/?loopCount=25&base=6&exp=6 
  Thread Stats   Avg      Stdev     99%   +/- Stdev
    Latency     7.31s     3.23s   13.07s    60.89%
    Req/Sec    11.23      1.99    16.00     87.88%
  Latency Distribution (HdrHistogram - Recorded Latency)
 50.000%    7.47s 
 75.000%   10.06s 
 90.000%   11.53s 
 99.000%   13.07s 
 99.900%   13.75s 
 99.990%   13.95s 
 99.999%   13.95s 
100.000%   13.95s 

  Detailed Percentile spectrum:
       Value   Percentile   TotalCount 1/(1-Percentile)

    1187.839     0.000000            1         1.00
    3014.655     0.100000          294         1.11
    3995.647     0.200000          588         1.25
    4771.839     0.300000          881         1.43
    6230.015     0.400000         1175         1.67
    7467.007     0.500000         1469         2.00
    8081.407     0.550000         1615         2.22
    8814.591     0.600000         1761         2.50
    9166.847     0.650000         1908         2.86
    9576.447     0.700000         2058         3.33
   10059.775     0.750000         2204         4.00
   10166.271     0.775000         2275         4.44
   10338.303     0.800000         2350         5.00
   10584.063     0.825000         2424         5.71
   10985.471     0.850000         2497         6.67
   11198.463     0.875000         2571         8.00
   11345.919     0.887500         2605         8.89
   11534.335     0.900000         2642        10.00
   11812.863     0.912500         2679        11.43
   12042.239     0.925000         2716        13.33
   12255.231     0.937500         2752        16.00
   12320.767     0.943750         2774        17.78
   12378.111     0.950000         2789        20.00
   12582.911     0.956250         2807        22.86
   12713.983     0.962500         2825        26.67
   12779.519     0.968750         2849        32.00
   12795.903     0.971875         2853        35.56
   12828.671     0.975000         2864        40.00
   12853.247     0.978125         2873        45.71
   12886.015     0.981250         2880        53.33
   12935.167     0.984375         2890        64.00
   12967.935     0.985938         2895        71.11
   12992.511     0.987500         2900        80.00
   13049.855     0.989062         2904        91.43
   13107.199     0.990625         2908       106.67
   13344.767     0.992188         2914       128.00
   13369.343     0.992969         2915       142.22
   13393.919     0.993750         2917       160.00
   13418.495     0.994531         2919       182.86
   13451.263     0.995313         2922       213.33
   13475.839     0.996094         2924       256.00
   13500.415     0.996484         2925       284.44
   13574.143     0.996875         2926       320.00
   13615.103     0.997266         2927       365.71
   13647.871     0.997656         2929       426.67
   13672.447     0.998047         2930       512.00
   13672.447     0.998242         2930       568.89
   13721.599     0.998437         2931       640.00
   13721.599     0.998633         2931       731.43
   13746.175     0.998828         2932       853.33
   13811.711     0.999023         2933      1024.00
   13811.711     0.999121         2933      1137.78
   13811.711     0.999219         2933      1280.00
   13811.711     0.999316         2933      1462.86
   13918.207     0.999414         2934      1706.67
   13918.207     0.999512         2934      2048.00
   13918.207     0.999561         2934      2275.56
   13918.207     0.999609         2934      2560.00
   13918.207     0.999658         2934      2925.71
   13950.975     0.999707         2935      3413.33
   13950.975     1.000000         2935          inf
#[Mean    =     7311.583, StdDeviation   =     3232.626]
#[Max     =    13942.784, Total count    =         2935]
#[Buckets =           27, SubBuckets     =         2048]
-----------------------------------------------------------------------
  3553 requests in 1.00m, 1.06MB read
Requests/sec:     59.21  
Transfer/sec:     18.06KB
