Running 1m test @ http://10.105.168.171/?loopCount=25&base=6&exp=6
  5 threads and 5 connections

  Thread calibration: mean lat.: 346.323ms, rate sampling interval: 1121ms
  Thread calibration: mean lat.: 148.862ms, rate sampling interval: 705ms
  Thread calibration: mean lat.: 572.643ms, rate sampling interval: 1538ms
  Thread calibration: mean lat.: 257.370ms, rate sampling interval: 1132ms
  Thread calibration: mean lat.: 312.359ms, rate sampling interval: 1107ms

-----------------------------------------------------------------------
Test Results @ http://10.105.168.171/?loopCount=25&base=6&exp=6 
  Thread Stats   Avg      Stdev     99%   +/- Stdev
    Latency     1.22s   633.47ms   2.54s    60.92%
    Req/Sec    14.07      2.55    20.00     86.38%
  Latency Distribution (HdrHistogram - Recorded Latency)
 50.000%    1.14s 
 75.000%    1.72s 
 90.000%    2.17s 
 99.000%    2.54s 
 99.900%    2.62s 
 99.990%    2.65s 
 99.999%    2.65s 
100.000%    2.65s 

  Detailed Percentile spectrum:
       Value   Percentile   TotalCount 1/(1-Percentile)

      29.471     0.000000            1         1.00
     452.095     0.100000          364         1.11
     622.591     0.200000          727         1.25
     772.095     0.300000         1090         1.43
     931.839     0.400000         1453         1.67
    1144.831     0.500000         1816         2.00
    1218.559     0.550000         1999         2.22
    1314.815     0.600000         2180         2.50
    1429.503     0.650000         2361         2.86
    1547.263     0.700000         2544         3.33
    1719.295     0.750000         2727         4.00
    1812.479     0.775000         2815         4.44
    1901.567     0.800000         2906         5.00
    1989.631     0.825000         2998         5.71
    2056.191     0.850000         3087         6.67
    2113.535     0.875000         3181         8.00
    2138.111     0.887500         3223         8.89
    2166.783     0.900000         3271        10.00
    2207.743     0.912500         3314        11.43
    2246.655     0.925000         3361        13.33
    2281.471     0.937500         3405        16.00
    2303.999     0.943750         3428        17.78
    2332.671     0.950000         3450        20.00
    2351.103     0.956250         3474        22.86
    2383.871     0.962500         3495        26.67
    2412.543     0.968750         3518        32.00
    2414.591     0.971875         3529        35.56
    2430.975     0.975000         3542        40.00
    2451.455     0.978125         3553        45.71
    2476.031     0.981250         3564        53.33
    2500.607     0.984375         3576        64.00
    2506.751     0.985938         3580        71.11
    2514.943     0.987500         3586        80.00
    2531.327     0.989062         3593        91.43
    2545.663     0.990625         3598       106.67
    2562.047     0.992188         3603       128.00
    2564.095     0.992969         3606       142.22
    2570.239     0.993750         3609       160.00
    2574.335     0.994531         3612       182.86
    2582.527     0.995313         3615       213.33
    2588.671     0.996094         3617       256.00
    2592.767     0.996484         3619       284.44
    2596.863     0.996875         3621       320.00
    2605.055     0.997266         3622       365.71
    2609.151     0.997656         3623       426.67
    2613.247     0.998047         3626       512.00
    2613.247     0.998242         3626       568.89
    2613.247     0.998437         3626       640.00
    2615.295     0.998633         3627       731.43
    2615.295     0.998828         3627       853.33
    2623.487     0.999023         3628      1024.00
    2623.487     0.999121         3628      1137.78
    2631.679     0.999219         3629      1280.00
    2631.679     0.999316         3629      1462.86
    2631.679     0.999414         3629      1706.67
    2646.015     0.999512         3630      2048.00
    2646.015     0.999561         3630      2275.56
    2646.015     0.999609         3630      2560.00
    2646.015     0.999658         3630      2925.71
    2646.015     0.999707         3630      3413.33
    2650.111     0.999756         3631      4096.00
    2650.111     1.000000         3631          inf
#[Mean    =     1221.803, StdDeviation   =      633.465]
#[Max     =     2648.064, Total count    =         3631]
#[Buckets =           27, SubBuckets     =         2048]
-----------------------------------------------------------------------
  4346 requests in 1.00m, 1.29MB read
Requests/sec:     72.42  
Transfer/sec:     22.08KB
