Running 1m test @ http://10.104.199.0/?loopCount=25&base=6&exp=6
  5 threads and 5 connections

  Thread calibration: mean lat.: 195.251ms, rate sampling interval: 903ms
  Thread calibration: mean lat.: 100.216ms, rate sampling interval: 375ms
  Thread calibration: mean lat.: 136.540ms, rate sampling interval: 568ms
  Thread calibration: mean lat.: 354.405ms, rate sampling interval: 1488ms
  Thread calibration: mean lat.: 131.697ms, rate sampling interval: 490ms

-----------------------------------------------------------------------
Test Results @ http://10.104.199.0/?loopCount=25&base=6&exp=6 
  Thread Stats   Avg      Stdev     99%   +/- Stdev
    Latency   170.37ms  140.91ms 644.61ms   85.00%
    Req/Sec     9.60      2.77    18.00     85.64%
  Latency Distribution (HdrHistogram - Recorded Latency)
 50.000%  141.44ms
 75.000%  240.51ms
 90.000%  356.35ms
 99.000%  644.61ms
 99.900%  755.71ms
 99.990%  766.97ms
 99.999%  766.97ms
100.000%  766.97ms

  Detailed Percentile spectrum:
       Value   Percentile   TotalCount 1/(1-Percentile)

      21.567     0.000000            1         1.00
      40.735     0.100000          263         1.11
      41.599     0.200000          500         1.25
      69.503     0.300000          750         1.43
      96.447     0.400000          998         1.67
     141.439     0.500000         1251         2.00
     145.535     0.550000         1372         2.22
     153.855     0.600000         1497         2.50
     177.791     0.650000         1624         2.86
     203.007     0.700000         1746         3.33
     240.511     0.750000         1871         4.00
     245.375     0.775000         1933         4.44
     253.311     0.800000         1997         5.00
     268.799     0.825000         2058         5.71
     296.447     0.850000         2120         6.67
     342.527     0.875000         2183         8.00
     349.183     0.887500         2216         8.89
     356.351     0.900000         2245        10.00
     377.599     0.912500         2276        11.43
     418.559     0.925000         2307        13.33
     443.903     0.937500         2339        16.00
     451.071     0.943750         2354        17.78
     461.567     0.950000         2370        20.00
     482.047     0.956250         2385        22.86
     529.407     0.962500         2401        26.67
     543.231     0.968750         2417        32.00
     553.983     0.971875         2424        35.56
     561.663     0.975000         2433        40.00
     582.655     0.978125         2441        45.71
     590.335     0.981250         2448        53.33
     623.615     0.984375         2456        64.00
     636.927     0.985938         2459        71.11
     639.999     0.987500         2463        80.00
     643.071     0.989062         2468        91.43
     645.119     0.990625         2471       106.67
     650.751     0.992188         2475       128.00
     651.775     0.992969         2477       142.22
     653.311     0.993750         2479       160.00
     653.823     0.994531         2481       182.86
     679.423     0.995313         2483       213.33
     682.495     0.996094         2485       256.00
     695.295     0.996484         2486       284.44
     699.903     0.996875         2487       320.00
     739.327     0.997266         2489       365.71
     739.327     0.997656         2489       426.67
     740.863     0.998047         2490       512.00
     740.863     0.998242         2490       568.89
     746.495     0.998437         2491       640.00
     746.495     0.998633         2491       731.43
     755.711     0.998828         2492       853.33
     755.711     0.999023         2492      1024.00
     755.711     0.999121         2492      1137.78
     758.783     0.999219         2493      1280.00
     758.783     0.999316         2493      1462.86
     758.783     0.999414         2493      1706.67
     758.783     0.999512         2493      2048.00
     758.783     0.999561         2493      2275.56
     766.975     0.999609         2494      2560.00
     766.975     1.000000         2494          inf
#[Mean    =      170.375, StdDeviation   =      140.906]
#[Max     =      766.464, Total count    =         2494]
#[Buckets =           27, SubBuckets     =         2048]
-----------------------------------------------------------------------
  2984 requests in 1.00m, 0.89MB read
Requests/sec:     49.73  
Transfer/sec:     15.17KB
