Running 1m test @ http://10.104.199.0/?loopCount=25&base=6&exp=6
  1 threads and 1 connections

  Thread calibration: mean lat.: 3090.836ms, rate sampling interval: 12599ms

-----------------------------------------------------------------------
Test Results @ http://10.104.199.0/?loopCount=25&base=6&exp=6 
  Thread Stats   Avg      Stdev     99%   +/- Stdev
    Latency    25.76s    10.55s   43.81s    59.56%
    Req/Sec     6.00      0.00     6.00    100.00%
  Latency Distribution (HdrHistogram - Recorded Latency)
 50.000%   26.23s 
 75.000%   34.57s 
 90.000%   39.85s 
 99.000%   43.81s 
 99.900%   44.07s 
 99.990%   44.07s 
 99.999%   44.07s 
100.000%   44.07s 

  Detailed Percentile spectrum:
       Value   Percentile   TotalCount 1/(1-Percentile)

    7102.463     0.000000            1         1.00
   10559.487     0.100000           32         1.11
   14589.951     0.200000           64         1.25
   18808.831     0.300000           96         1.43
   22822.911     0.400000          128         1.67
   26230.783     0.500000          160         2.00
   28000.255     0.550000          176         2.22
   29769.727     0.600000          192         2.50
   31326.207     0.650000          208         2.86
   33177.599     0.700000          224         3.33
   34635.775     0.750000          240         4.00
   35389.439     0.775000          248         4.44
   36110.335     0.800000          256         5.00
   37093.375     0.825000          264         5.71
   38273.023     0.850000          272         6.67
   39223.295     0.875000          280         8.00
   39583.743     0.887500          284         8.89
   39944.191     0.900000          288        10.00
   40468.479     0.912500          292        11.43
   41025.535     0.925000          296        13.33
   41549.823     0.937500          300        16.00
   41844.735     0.943750          302        17.78
   42172.415     0.950000          304        20.00
   42401.791     0.956250          306        22.86
   42631.167     0.962500          308        26.67
   42827.775     0.968750          310        32.00
   43089.919     0.971875          311        35.56
   43253.759     0.975000          312        40.00
   43319.295     0.978125          313        45.71
   43483.135     0.981250          314        53.33
   43646.975     0.984375          315        64.00
   43646.975     0.985938          315        71.11
   43810.815     0.987500          316        80.00
   43810.815     0.989062          316        91.43
   43876.351     0.990625          317       106.67
   43876.351     0.992188          317       128.00
   43876.351     0.992969          317       142.22
   43941.887     0.993750          318       160.00
   43941.887     0.994531          318       182.86
   43941.887     0.995313          318       213.33
   43941.887     0.996094          318       256.00
   43941.887     0.996484          318       284.44
   44072.959     0.996875          319       320.00
   44072.959     1.000000          319          inf
#[Mean    =    25761.522, StdDeviation   =    10550.265]
#[Max     =    44040.192, Total count    =          319]
#[Buckets =           27, SubBuckets     =         2048]
-----------------------------------------------------------------------
  392 requests in 1.00m, 119.78KB read
Requests/sec:      6.53  
Transfer/sec:      2.00KB
