Running 1m test @ http://10.109.115.86/?loopCount=25&base=6&exp=6
  5 threads and 5 connections

  Thread calibration: mean lat.: 1775.893ms, rate sampling interval: 6901ms
  Thread calibration: mean lat.: 1558.797ms, rate sampling interval: 5775ms
  Thread calibration: mean lat.: 1860.738ms, rate sampling interval: 6205ms
  Thread calibration: mean lat.: 1906.570ms, rate sampling interval: 6615ms
  Thread calibration: mean lat.: 1895.614ms, rate sampling interval: 7008ms

-----------------------------------------------------------------------
Test Results @ http://10.109.115.86/?loopCount=25&base=6&exp=6 
  Thread Stats   Avg      Stdev     99%   +/- Stdev
    Latency    13.27s     5.62s   23.89s    57.42%
    Req/Sec     8.81      0.73    11.00     94.59%
  Latency Distribution (HdrHistogram - Recorded Latency)
 50.000%   13.22s 
 75.000%   18.15s 
 90.000%   20.89s 
 99.000%   23.89s 
 99.900%   24.92s 
 99.990%   25.10s 
 99.999%   25.10s 
100.000%   25.10s 

  Detailed Percentile spectrum:
       Value   Percentile   TotalCount 1/(1-Percentile)

    3538.943     0.000000            1         1.00
    5554.175     0.100000          232         1.11
    7450.623     0.200000          464         1.25
    9338.879     0.300000          696         1.43
   11288.575     0.400000          928         1.67
   13221.887     0.500000         1160         2.00
   14245.887     0.550000         1275         2.22
   15155.199     0.600000         1391         2.50
   16113.663     0.650000         1507         2.86
   17055.743     0.700000         1624         3.33
   18153.471     0.750000         1742         4.00
   18644.991     0.775000         1798         4.44
   19136.511     0.800000         1855         5.00
   19562.495     0.825000         1913         5.71
   20054.015     0.850000         1973         6.67
   20463.615     0.875000         2029         8.00
   20692.991     0.887500         2060         8.89
   20922.367     0.900000         2089        10.00
   21118.975     0.912500         2116        11.43
   21331.967     0.925000         2146        13.33
   21577.727     0.937500         2174        16.00
   21708.799     0.943750         2189        17.78
   21823.487     0.950000         2203        20.00
   22069.247     0.956250         2217        22.86
   22315.007     0.962500         2234        26.67
   22478.847     0.968750         2246        32.00
   22659.071     0.971875         2254        35.56
   22888.447     0.975000         2262        40.00
   22953.983     0.978125         2270        45.71
   23134.207     0.981250         2276        53.33
   23248.895     0.984375         2282        64.00
   23330.815     0.985938         2286        71.11
   23609.343     0.987500         2290        80.00
   23822.335     0.989062         2293        91.43
   24084.479     0.990625         2297       106.67
   24264.703     0.992188         2300       128.00
   24346.623     0.992969         2302       142.22
   24428.543     0.993750         2304       160.00
   24494.079     0.994531         2307       182.86
   24510.463     0.995313         2308       213.33
   24543.231     0.996094         2309       256.00
   24592.383     0.996484         2312       284.44
   24592.383     0.996875         2312       320.00
   24592.383     0.997266         2312       365.71
   24625.151     0.997656         2313       426.67
   24690.687     0.998047         2314       512.00
   24690.687     0.998242         2314       568.89
   24788.991     0.998437         2315       640.00
   24788.991     0.998633         2315       731.43
   24920.063     0.998828         2316       853.33
   24920.063     0.999023         2316      1024.00
   24920.063     0.999121         2316      1137.78
   24969.215     0.999219         2317      1280.00
   24969.215     0.999316         2317      1462.86
   24969.215     0.999414         2317      1706.67
   24969.215     0.999512         2317      2048.00
   24969.215     0.999561         2317      2275.56
   25100.287     0.999609         2318      2560.00
   25100.287     1.000000         2318          inf
#[Mean    =    13270.744, StdDeviation   =     5622.576]
#[Max     =    25083.904, Total count    =         2318]
#[Buckets =           27, SubBuckets     =         2048]
-----------------------------------------------------------------------
  2788 requests in 1.00m, 850.80KB read
Requests/sec:     46.46  
Transfer/sec:     14.18KB
