Running 1m test @ http://10.108.208.72/?loopCount=25&base=6&exp=6
  5 threads and 5 connections

  Thread calibration: mean lat.: 1289.317ms, rate sampling interval: 4935ms
  Thread calibration: mean lat.: 1412.604ms, rate sampling interval: 5320ms
  Thread calibration: mean lat.: 1418.158ms, rate sampling interval: 5525ms
  Thread calibration: mean lat.: 1779.842ms, rate sampling interval: 6586ms
  Thread calibration: mean lat.: 1315.138ms, rate sampling interval: 4816ms

-----------------------------------------------------------------------
Test Results @ http://10.108.208.72/?loopCount=25&base=6&exp=6 
  Thread Stats   Avg      Stdev     99%   +/- Stdev
    Latency    10.58s     4.45s   18.55s    57.41%
    Req/Sec     9.87      0.54    11.00    100.00%
  Latency Distribution (HdrHistogram - Recorded Latency)
 50.000%   10.59s 
 75.000%   14.38s 
 90.000%   16.78s 
 99.000%   18.55s 
 99.900%   18.78s 
 99.990%   18.94s 
 99.999%   18.94s 
100.000%   18.94s 

  Detailed Percentile spectrum:
       Value   Percentile   TotalCount 1/(1-Percentile)

    2627.583     0.000000            1         1.00
    4427.775     0.100000          260         1.11
    5914.623     0.200000          520         1.25
    7487.487     0.300000          780         1.43
    9093.119     0.400000         1039         1.67
   10592.255     0.500000         1305         2.00
   11378.687     0.550000         1429         2.22
   12050.431     0.600000         1559         2.50
   12763.135     0.650000         1689         2.86
   13492.223     0.700000         1820         3.33
   14376.959     0.750000         1948         4.00
   14835.711     0.775000         2013         4.44
   15179.775     0.800000         2079         5.00
   15548.415     0.825000         2143         5.71
   15876.095     0.850000         2208         6.67
   16326.655     0.875000         2273         8.00
   16588.799     0.887500         2306         8.89
   16793.599     0.900000         2340        10.00
   16990.207     0.912500         2370        11.43
   17203.199     0.925000         2406        13.33
   17350.655     0.937500         2435        16.00
   17481.727     0.943750         2456        17.78
   17580.031     0.950000         2470        20.00
   17678.335     0.956250         2485        22.86
   17891.327     0.962500         2502        26.67
   18038.783     0.968750         2517        32.00
   18104.319     0.971875         2524        35.56
   18153.471     0.975000         2534        40.00
   18251.775     0.978125         2542        45.71
   18317.311     0.981250         2552        53.33
   18382.847     0.984375         2559        64.00
   18415.615     0.985938         2561        71.11
   18481.151     0.987500         2565        80.00
   18530.303     0.989062         2570        91.43
   18563.071     0.990625         2573       106.67
   18612.223     0.992188         2580       128.00
   18612.223     0.992969         2580       142.22
   18628.607     0.993750         2586       160.00
   18628.607     0.994531         2586       182.86
   18628.607     0.995313         2586       213.33
   18661.375     0.996094         2588       256.00
   18661.375     0.996484         2588       284.44
   18677.759     0.996875         2589       320.00
   18694.143     0.997266         2590       365.71
   18726.911     0.997656         2591       426.67
   18743.295     0.998047         2592       512.00
   18759.679     0.998242         2593       568.89
   18759.679     0.998437         2593       640.00
   18776.063     0.998633         2594       731.43
   18776.063     0.998828         2594       853.33
   18808.831     0.999023         2595      1024.00
   18808.831     0.999121         2595      1137.78
   18808.831     0.999219         2595      1280.00
   18841.599     0.999316         2596      1462.86
   18841.599     0.999414         2596      1706.67
   18841.599     0.999512         2596      2048.00
   18841.599     0.999561         2596      2275.56
   18841.599     0.999609         2596      2560.00
   18939.903     0.999658         2597      2925.71
   18939.903     1.000000         2597          inf
#[Mean    =    10577.085, StdDeviation   =     4447.089]
#[Max     =    18923.520, Total count    =         2597]
#[Buckets =           27, SubBuckets     =         2048]
-----------------------------------------------------------------------
  3122 requests in 1.00m, 0.93MB read
Requests/sec:     52.03  
Transfer/sec:     15.87KB
