Running 1m test @ http://10.97.218.196/?loopCount=25&base=6&exp=6
  5 threads and 5 connections

  Thread calibration: mean lat.: 639.669ms, rate sampling interval: 2713ms
  Thread calibration: mean lat.: 1351.809ms, rate sampling interval: 5140ms
  Thread calibration: mean lat.: 843.059ms, rate sampling interval: 3151ms
  Thread calibration: mean lat.: 466.307ms, rate sampling interval: 1652ms
  Thread calibration: mean lat.: 481.270ms, rate sampling interval: 2306ms

-----------------------------------------------------------------------
Test Results @ http://10.97.218.196/?loopCount=25&base=6&exp=6 
  Thread Stats   Avg      Stdev     99%   +/- Stdev
    Latency     4.60s     2.37s   10.30s    65.17%
    Req/Sec    12.78      1.59    16.00     87.10%
  Latency Distribution (HdrHistogram - Recorded Latency)
 50.000%    4.02s 
 75.000%    6.41s 
 90.000%    8.02s 
 99.000%   10.30s 
 99.900%   10.73s 
 99.990%   10.79s 
 99.999%   10.79s 
100.000%   10.79s 

  Detailed Percentile spectrum:
       Value   Percentile   TotalCount 1/(1-Percentile)

    1019.391     0.000000            1         1.00
    1756.159     0.100000          329         1.11
    2320.383     0.200000          662         1.25
    2805.759     0.300000          988         1.43
    3622.911     0.400000         1317         1.67
    4022.271     0.500000         1645         2.00
    4481.023     0.550000         1810         2.22
    4915.199     0.600000         1974         2.50
    5447.679     0.650000         2140         2.86
    5976.063     0.700000         2303         3.33
    6406.143     0.750000         2468         4.00
    6549.503     0.775000         2550         4.44
    6860.799     0.800000         2632         5.00
    6971.391     0.825000         2716         5.71
    7208.959     0.850000         2797         6.67
    7544.831     0.875000         2880         8.00
    7802.879     0.887500         2920         8.89
    8015.871     0.900000         2961        10.00
    8146.943     0.912500         3003        11.43
    8404.991     0.925000         3044        13.33
    8708.095     0.937500         3085        16.00
    8994.815     0.943750         3106        17.78
    9256.959     0.950000         3126        20.00
    9461.759     0.956250         3147        22.86
    9715.711     0.962500         3167        26.67
    9822.207     0.968750         3188        32.00
    9879.551     0.971875         3198        35.56
    9912.319     0.975000         3208        40.00
    9945.087     0.978125         3219        45.71
    9994.239     0.981250         3230        53.33
   10100.735     0.984375         3239        64.00
   10182.655     0.985938         3246        71.11
   10223.615     0.987500         3249        80.00
   10289.151     0.989062         3256        91.43
   10305.535     0.990625         3260       106.67
   10330.111     0.992188         3265       128.00
   10338.303     0.992969         3268       142.22
   10362.879     0.993750         3271       160.00
   10379.263     0.994531         3273       182.86
   10395.647     0.995313         3276       213.33
   10428.415     0.996094         3278       256.00
   10436.607     0.996484         3279       284.44
   10452.991     0.996875         3280       320.00
   10584.063     0.997266         3282       365.71
   10616.831     0.997656         3283       426.67
   10641.407     0.998047         3284       512.00
   10665.983     0.998242         3285       568.89
   10665.983     0.998437         3285       640.00
   10731.519     0.998633         3287       731.43
   10731.519     0.998828         3287       853.33
   10731.519     0.999023         3287      1024.00
   10756.095     0.999121         3288      1137.78
   10756.095     0.999219         3288      1280.00
   10756.095     0.999316         3288      1462.86
   10772.479     0.999414         3289      1706.67
   10772.479     0.999512         3289      2048.00
   10772.479     0.999561         3289      2275.56
   10772.479     0.999609         3289      2560.00
   10772.479     0.999658         3289      2925.71
   10788.863     0.999707         3290      3413.33
   10788.863     1.000000         3290          inf
#[Mean    =     4596.841, StdDeviation   =     2372.898]
#[Max     =    10780.672, Total count    =         3290]
#[Buckets =           27, SubBuckets     =         2048]
-----------------------------------------------------------------------
  3916 requests in 1.00m, 1.17MB read
Requests/sec:     65.26  
Transfer/sec:     19.90KB
