Running 1m test @ http://10.96.158.146/?loopCount=25&base=6&exp=6
  5 threads and 5 connections

  Thread calibration: mean lat.: 1949.673ms, rate sampling interval: 7049ms
  Thread calibration: mean lat.: 1854.413ms, rate sampling interval: 6864ms
  Thread calibration: mean lat.: 2008.539ms, rate sampling interval: 7032ms
  Thread calibration: mean lat.: 1959.794ms, rate sampling interval: 6799ms
  Thread calibration: mean lat.: 1431.217ms, rate sampling interval: 5013ms

-----------------------------------------------------------------------
Test Results @ http://10.96.158.146/?loopCount=25&base=6&exp=6 
  Thread Stats   Avg      Stdev     99%   +/- Stdev
    Latency    13.14s     5.38s   22.15s    57.91%
    Req/Sec     8.84      0.64    10.00    100.00%
  Latency Distribution (HdrHistogram - Recorded Latency)
 50.000%   13.21s 
 75.000%   17.79s 
 90.000%   20.51s 
 99.000%   22.15s 
 99.900%   22.86s 
 99.990%   22.92s 
 99.999%   22.92s 
100.000%   22.92s 

  Detailed Percentile spectrum:
       Value   Percentile   TotalCount 1/(1-Percentile)

    3012.607     0.000000            1         1.00
    5623.807     0.100000          236         1.11
    7548.927     0.200000          472         1.25
    9527.295     0.300000          708         1.43
   11386.879     0.400000          945         1.67
   13213.695     0.500000         1180         2.00
   14049.279     0.550000         1301         2.22
   15024.127     0.600000         1417         2.50
   16039.935     0.650000         1534         2.86
   16908.287     0.700000         1652         3.33
   17825.791     0.750000         1770         4.00
   18251.775     0.775000         1830         4.44
   18743.295     0.800000         1890         5.00
   19169.279     0.825000         1948         5.71
   19644.415     0.850000         2006         6.67
   20152.319     0.875000         2068         8.00
   20348.927     0.887500         2096         8.89
   20529.151     0.900000         2128        10.00
   20725.759     0.912500         2156        11.43
   20922.367     0.925000         2183        13.33
   21102.591     0.937500         2214        16.00
   21217.279     0.943750         2227        17.78
   21331.967     0.950000         2244        20.00
   21413.887     0.956250         2256        22.86
   21561.343     0.962500         2275        26.67
   21676.031     0.968750         2287        32.00
   21725.183     0.971875         2293        35.56
   21790.719     0.975000         2301        40.00
   21856.255     0.978125         2310        45.71
   21889.023     0.981250         2315        53.33
   21987.327     0.984375         2323        64.00
   22020.095     0.985938         2326        71.11
   22069.247     0.987500         2330        80.00
   22134.783     0.989062         2334        91.43
   22233.087     0.990625         2337       106.67
   22298.623     0.992188         2341       128.00
   22380.543     0.992969         2343       142.22
   22396.927     0.993750         2345       160.00
   22511.615     0.994531         2348       182.86
   22511.615     0.995313         2348       213.33
   22560.767     0.996094         2350       256.00
   22593.535     0.996484         2351       284.44
   22626.303     0.996875         2352       320.00
   22675.455     0.997266         2353       365.71
   22773.759     0.997656         2354       426.67
   22806.527     0.998047         2355       512.00
   22806.527     0.998242         2355       568.89
   22822.911     0.998437         2356       640.00
   22822.911     0.998633         2356       731.43
   22855.679     0.998828         2357       853.33
   22855.679     0.999023         2357      1024.00
   22855.679     0.999121         2357      1137.78
   22904.831     0.999219         2358      1280.00
   22904.831     0.999316         2358      1462.86
   22904.831     0.999414         2358      1706.67
   22904.831     0.999512         2358      2048.00
   22904.831     0.999561         2358      2275.56
   22921.215     0.999609         2359      2560.00
   22921.215     1.000000         2359          inf
#[Mean    =    13138.054, StdDeviation   =     5381.151]
#[Max     =    22904.832, Total count    =         2359]
#[Buckets =           27, SubBuckets     =         2048]
-----------------------------------------------------------------------
  2826 requests in 1.00m, 862.37KB read
Requests/sec:     47.10  
Transfer/sec:     14.37KB
