Running 1m test @ http://10.96.158.146/?loopCount=25&base=6&exp=6
  1 threads and 1 connections

  Thread calibration: mean lat.: 3229.988ms, rate sampling interval: 12156ms

-----------------------------------------------------------------------
Test Results @ http://10.96.158.146/?loopCount=25&base=6&exp=6 
  Thread Stats   Avg      Stdev     99%   +/- Stdev
    Latency    24.74s    10.05s   41.88s    57.26%
    Req/Sec     7.00      0.00     7.00    100.00%
  Latency Distribution (HdrHistogram - Recorded Latency)
 50.000%   24.81s 
 75.000%   33.28s 
 90.000%   38.47s 
 99.000%   41.88s 
 99.900%   42.43s 
 99.990%   42.43s 
 99.999%   42.43s 
100.000%   42.43s 

  Detailed Percentile spectrum:
       Value   Percentile   TotalCount 1/(1-Percentile)

    7159.807     0.000000            1         1.00
   10928.127     0.100000           37         1.11
   14286.847     0.200000           73         1.25
   17711.103     0.300000          110         1.43
   21086.207     0.400000          146         1.67
   24805.375     0.500000          183         2.00
   26968.063     0.550000          201         2.22
   28344.319     0.600000          219         2.50
   29999.103     0.650000          238         2.86
   31670.271     0.700000          256         3.33
   33275.903     0.750000          274         4.00
   34308.095     0.775000          283         4.44
   35422.207     0.800000          292         5.00
   36241.407     0.825000          302         5.71
   36798.463     0.850000          311         6.67
   37617.663     0.875000          320         8.00
   37847.039     0.887500          324         8.89
   38469.631     0.900000          329        10.00
   39059.455     0.912500          334        11.43
   39387.135     0.925000          338        13.33
   39878.655     0.937500          343        16.00
   40108.031     0.943750          345        17.78
   40337.407     0.950000          347        20.00
   40599.551     0.956250          350        22.86
   40828.927     0.962500          352        26.67
   41058.303     0.968750          354        32.00
   41222.143     0.971875          355        35.56
   41353.215     0.975000          356        40.00
   41582.591     0.978125          358        45.71
   41648.127     0.981250          359        53.33
   41713.663     0.984375          360        64.00
   41713.663     0.985938          360        71.11
   41877.503     0.987500          361        80.00
   41943.039     0.989062          362        91.43
   41943.039     0.990625          362       106.67
   42172.415     0.992188          363       128.00
   42172.415     0.992969          363       142.22
   42172.415     0.993750          363       160.00
   42336.255     0.994531          364       182.86
   42336.255     0.995313          364       213.33
   42336.255     0.996094          364       256.00
   42336.255     0.996484          364       284.44
   42336.255     0.996875          364       320.00
   42434.559     0.997266          365       365.71
   42434.559     1.000000          365          inf
#[Mean    =    24741.731, StdDeviation   =    10053.609]
#[Max     =    42401.792, Total count    =          365]
#[Buckets =           27, SubBuckets     =         2048]
-----------------------------------------------------------------------
  436 requests in 1.00m, 133.19KB read
Requests/sec:      7.27  
Transfer/sec:      2.22KB
