Running 1m test @ http://10.104.199.0/?loopCount=25&base=6&exp=6
  5 threads and 5 connections

  Thread calibration: mean lat.: 105.328ms, rate sampling interval: 476ms
  Thread calibration: mean lat.: 147.330ms, rate sampling interval: 568ms
  Thread calibration: mean lat.: 160.385ms, rate sampling interval: 518ms
  Thread calibration: mean lat.: 121.539ms, rate sampling interval: 486ms
  Thread calibration: mean lat.: 104.296ms, rate sampling interval: 483ms

-----------------------------------------------------------------------
Test Results @ http://10.104.199.0/?loopCount=25&base=6&exp=6 
  Thread Stats   Avg      Stdev     99%   +/- Stdev
    Latency   184.84ms  164.02ms 820.73ms   86.39%
    Req/Sec     9.55      2.66    16.00     86.23%
  Latency Distribution (HdrHistogram - Recorded Latency)
 50.000%  145.54ms
 75.000%  248.70ms
 90.000%  391.42ms
 99.000%  820.73ms
 99.900%  953.34ms
 99.990%  957.44ms
 99.999%  957.44ms
100.000%  957.44ms

  Detailed Percentile spectrum:
       Value   Percentile   TotalCount 1/(1-Percentile)

      23.183     0.000000            1         1.00
      40.671     0.100000          251         1.11
      41.695     0.200000          503         1.25
      70.271     0.300000          750         1.43
     101.631     0.400000         1000         1.67
     145.535     0.500000         1255         2.00
     150.783     0.550000         1376         2.22
     163.199     0.600000         1499         2.50
     188.159     0.650000         1624         2.86
     237.695     0.700000         1749         3.33
     248.703     0.750000         1874         4.00
     254.719     0.775000         1936         4.44
     271.103     0.800000         2000         5.00
     303.359     0.825000         2061         5.71
     342.015     0.850000         2124         6.67
     355.583     0.875000         2186         8.00
     363.775     0.887500         2217         8.89
     391.679     0.900000         2249        10.00
     438.783     0.912500         2280        11.43
     450.559     0.925000         2311        13.33
     477.695     0.937500         2343        16.00
     502.783     0.943750         2358        17.78
     539.647     0.950000         2374        20.00
     546.815     0.956250         2389        22.86
     559.103     0.962500         2405        26.67
     591.871     0.968750         2420        32.00
     636.927     0.971875         2428        35.56
     644.095     0.975000         2436        40.00
     651.775     0.978125         2444        45.71
     678.399     0.981250         2452        53.33
     741.887     0.984375         2459        64.00
     748.543     0.985938         2463        71.11
     760.831     0.987500         2467        80.00
     797.695     0.989062         2471        91.43
     837.119     0.990625         2475       106.67
     847.359     0.992188         2480       128.00
     854.527     0.992969         2481       142.22
     858.111     0.993750         2483       160.00
     880.127     0.994531         2485       182.86
     892.415     0.995313         2487       213.33
     894.463     0.996094         2489       256.00
     897.535     0.996484         2490       284.44
     940.031     0.996875         2491       320.00
     942.079     0.997266         2492       365.71
     947.199     0.997656         2493       426.67
     952.319     0.998047         2494       512.00
     952.319     0.998242         2494       568.89
     952.831     0.998437         2495       640.00
     952.831     0.998633         2495       731.43
     953.343     0.998828         2496       853.33
     953.343     0.999023         2496      1024.00
     953.343     0.999121         2496      1137.78
     955.391     0.999219         2497      1280.00
     955.391     0.999316         2497      1462.86
     955.391     0.999414         2497      1706.67
     955.391     0.999512         2497      2048.00
     955.391     0.999561         2497      2275.56
     957.439     0.999609         2498      2560.00
     957.439     1.000000         2498          inf
#[Mean    =      184.841, StdDeviation   =      164.015]
#[Max     =      956.928, Total count    =         2498]
#[Buckets =           27, SubBuckets     =         2048]
-----------------------------------------------------------------------
  2989 requests in 1.00m, 0.89MB read
Requests/sec:     49.81  
Transfer/sec:     15.19KB
