Running 1m test @ http://10.96.158.146/?loopCount=25&base=6&exp=6
  5 threads and 5 connections

  Thread calibration: mean lat.: 256.169ms, rate sampling interval: 1126ms
  Thread calibration: mean lat.: 351.846ms, rate sampling interval: 1145ms
  Thread calibration: mean lat.: 690.470ms, rate sampling interval: 1934ms
  Thread calibration: mean lat.: 652.022ms, rate sampling interval: 2109ms
  Thread calibration: mean lat.: 349.320ms, rate sampling interval: 1505ms

-----------------------------------------------------------------------
Test Results @ http://10.96.158.146/?loopCount=25&base=6&exp=6 
  Thread Stats   Avg      Stdev     99%   +/- Stdev
    Latency     2.92s     1.28s    5.47s    58.01%
    Req/Sec     8.71      1.30    12.00     94.64%
  Latency Distribution (HdrHistogram - Recorded Latency)
 50.000%    2.97s 
 75.000%    4.14s 
 90.000%    4.46s 
 99.000%    5.47s 
 99.900%    5.66s 
 99.990%    5.66s 
 99.999%    5.66s 
100.000%    5.66s 

  Detailed Percentile spectrum:
       Value   Percentile   TotalCount 1/(1-Percentile)

     461.567     0.000000            1         1.00
    1240.063     0.100000          233         1.11
    1651.711     0.200000          465         1.25
    1971.199     0.300000          700         1.43
    2369.535     0.400000          931         1.67
    2965.503     0.500000         1162         2.00
    3155.967     0.550000         1278         2.22
    3358.719     0.600000         1394         2.50
    3559.423     0.650000         1510         2.86
    3704.831     0.700000         1626         3.33
    4136.959     0.750000         1745         4.00
    4190.207     0.775000         1800         4.44
    4263.935     0.800000         1858         5.00
    4337.663     0.825000         1921         5.71
    4358.143     0.850000         1987         6.67
    4370.431     0.875000         2033         8.00
    4440.063     0.887500         2063         8.89
    4460.543     0.900000         2093        10.00
    4554.751     0.912500         2121        11.43
    4755.455     0.925000         2148        13.33
    4866.047     0.937500         2177        16.00
    5066.751     0.943750         2192        17.78
    5095.423     0.950000         2208        20.00
    5144.575     0.956250         2222        22.86
    5156.863     0.962500         2240        26.67
    5160.959     0.968750         2251        32.00
    5169.151     0.971875         2260        35.56
    5185.535     0.975000         2264        40.00
    5255.167     0.978125         2273        45.71
    5263.359     0.981250         2281        53.33
    5365.759     0.984375         2286        64.00
    5451.775     0.985938         2290        71.11
    5459.967     0.987500         2296        80.00
    5464.063     0.989062         2298        91.43
    5476.351     0.990625         2303       106.67
    5496.831     0.992188         2305       128.00
    5545.983     0.992969         2306       142.22
    5554.175     0.993750         2309       160.00
    5558.271     0.994531         2311       182.86
    5566.463     0.995313         2312       213.33
    5574.655     0.996094         2313       256.00
    5578.751     0.996484         2314       284.44
    5607.423     0.996875         2315       320.00
    5636.095     0.997266         2316       365.71
    5648.383     0.997656         2317       426.67
    5652.479     0.998047         2318       512.00
    5652.479     0.998242         2318       568.89
    5660.671     0.998437         2319       640.00
    5660.671     0.998633         2319       731.43
    5664.767     0.998828         2322       853.33
    5664.767     1.000000         2322          inf
#[Mean    =     2919.779, StdDeviation   =     1278.023]
#[Max     =     5660.672, Total count    =         2322]
#[Buckets =           27, SubBuckets     =         2048]
-----------------------------------------------------------------------
  2771 requests in 1.00m, 845.62KB read
Requests/sec:     46.18  
Transfer/sec:     14.09KB
