Running 1m test @ http://10.111.175.232/?loopCount=25&base=6&exp=6
  5 threads and 5 connections

  Thread calibration: mean lat.: 106.694ms, rate sampling interval: 446ms
  Thread calibration: mean lat.: 69.682ms, rate sampling interval: 259ms
  Thread calibration: mean lat.: 79.837ms, rate sampling interval: 288ms
  Thread calibration: mean lat.: 95.269ms, rate sampling interval: 443ms
  Thread calibration: mean lat.: 84.709ms, rate sampling interval: 281ms

-----------------------------------------------------------------------
Test Results @ http://10.111.175.232/?loopCount=25&base=6&exp=6 
  Thread Stats   Avg      Stdev     99%   +/- Stdev
    Latency    81.79ms   57.67ms 323.07ms   88.20%
    Req/Sec     9.47      2.60    15.00     90.86%
  Latency Distribution (HdrHistogram - Recorded Latency)
 50.000%   57.25ms
 75.000%  125.18ms
 90.000%  143.23ms
 99.000%  323.07ms
 99.900%  433.66ms
 99.990%  528.38ms
 99.999%  528.38ms
100.000%  528.38ms

  Detailed Percentile spectrum:
       Value   Percentile   TotalCount 1/(1-Percentile)

      22.015     0.000000            1         1.00
      40.671     0.100000          260         1.11
      41.119     0.200000          513         1.25
      41.567     0.300000          757         1.43
      45.631     0.400000         1001         1.67
      57.247     0.500000         1252         2.00
      58.399     0.550000         1376         2.22
      65.599     0.600000         1503         2.50
      72.127     0.650000         1628         2.86
     100.607     0.700000         1751         3.33
     125.183     0.750000         1876         4.00
     126.655     0.775000         1939         4.44
     129.279     0.800000         2001         5.00
     130.623     0.825000         2064         5.71
     133.247     0.850000         2130         6.67
     136.063     0.875000         2189         8.00
     140.543     0.887500         2221         8.89
     143.231     0.900000         2253        10.00
     148.095     0.912500         2284        11.43
     154.751     0.925000         2314        13.33
     166.143     0.937500         2345        16.00
     169.727     0.943750         2362        17.78
     180.735     0.950000         2376        20.00
     223.359     0.956250         2393        22.86
     225.663     0.962500         2408        26.67
     228.095     0.968750         2423        32.00
     229.631     0.971875         2431        35.56
     230.143     0.975000         2439        40.00
     232.703     0.978125         2447        45.71
     239.231     0.981250         2455        53.33
     249.599     0.984375         2462        64.00
     259.711     0.985938         2466        71.11
     278.015     0.987500         2470        80.00
     321.791     0.989062         2474        91.43
     323.839     0.990625         2478       106.67
     325.887     0.992188         2483       128.00
     328.191     0.992969         2484       142.22
     333.823     0.993750         2486       160.00
     334.591     0.994531         2488       182.86
     337.919     0.995313         2490       213.33
     345.599     0.996094         2492       256.00
     346.623     0.996484         2493       284.44
     349.695     0.996875         2494       320.00
     373.759     0.997266         2495       365.71
     410.111     0.997656         2496       426.67
     422.143     0.998047         2497       512.00
     422.143     0.998242         2497       568.89
     433.663     0.998437         2498       640.00
     433.663     0.998633         2498       731.43
     435.455     0.998828         2499       853.33
     435.455     0.999023         2499      1024.00
     435.455     0.999121         2499      1137.78
     468.479     0.999219         2500      1280.00
     468.479     0.999316         2500      1462.86
     468.479     0.999414         2500      1706.67
     468.479     0.999512         2500      2048.00
     468.479     0.999561         2500      2275.56
     528.383     0.999609         2501      2560.00
     528.383     1.000000         2501          inf
#[Mean    =       81.785, StdDeviation   =       57.673]
#[Max     =      527.872, Total count    =         2501]
#[Buckets =           27, SubBuckets     =         2048]
-----------------------------------------------------------------------
  2995 requests in 1.00m, 0.89MB read
Requests/sec:     49.91  
Transfer/sec:     15.22KB
