Running 1m test @ http://10.106.127.105/?loopCount=25&base=6&exp=6
  5 threads and 5 connections

  Thread calibration: mean lat.: 1125.566ms, rate sampling interval: 4073ms
  Thread calibration: mean lat.: 1078.421ms, rate sampling interval: 3694ms
  Thread calibration: mean lat.: 826.709ms, rate sampling interval: 2662ms
  Thread calibration: mean lat.: 988.810ms, rate sampling interval: 3330ms
  Thread calibration: mean lat.: 463.955ms, rate sampling interval: 1775ms

-----------------------------------------------------------------------
Test Results @ http://10.106.127.105/?loopCount=25&base=6&exp=6 
  Thread Stats   Avg      Stdev     99%   +/- Stdev
    Latency     6.36s     2.65s   12.35s    61.95%
    Req/Sec    11.63      1.59    15.00     87.21%
  Latency Distribution (HdrHistogram - Recorded Latency)
 50.000%    6.25s 
 75.000%    8.41s 
 90.000%    9.85s 
 99.000%   12.35s 
 99.900%   12.64s 
 99.990%   12.69s 
 99.999%   12.69s 
100.000%   12.69s 

  Detailed Percentile spectrum:
       Value   Percentile   TotalCount 1/(1-Percentile)

    1320.959     0.000000            1         1.00
    2869.247     0.100000          307         1.11
    3758.079     0.200000          611         1.25
    4513.791     0.300000          917         1.43
    5582.847     0.400000         1226         1.67
    6254.591     0.500000         1527         2.00
    6709.247     0.550000         1684         2.22
    7020.543     0.600000         1833         2.50
    7589.887     0.650000         1986         2.86
    7913.471     0.700000         2140         3.33
    8413.183     0.750000         2295         4.00
    8544.255     0.775000         2367         4.44
    8790.015     0.800000         2444         5.00
    9166.847     0.825000         2522         5.71
    9355.263     0.850000         2598         6.67
    9543.679     0.875000         2673         8.00
    9699.327     0.887500         2711         8.89
    9854.975     0.900000         2751        10.00
   10010.623     0.912500         2787        11.43
   10174.463     0.925000         2825        13.33
   10502.143     0.937500         2864        16.00
   10706.943     0.943750         2884        17.78
   10788.863     0.950000         2902        20.00
   10870.783     0.956250         2921        22.86
   11223.039     0.962500         2940        26.67
   11517.951     0.968750         2959        32.00
   11730.943     0.971875         2969        35.56
   11894.783     0.975000         2978        40.00
   11984.895     0.978125         2988        45.71
   12058.623     0.981250         2997        53.33
   12181.503     0.984375         3007        64.00
   12255.231     0.985938         3013        71.11
   12287.999     0.987500         3016        80.00
   12320.767     0.989062         3021        91.43
   12386.303     0.990625         3028       106.67
   12410.879     0.992188         3033       128.00
   12410.879     0.992969         3033       142.22
   12435.455     0.993750         3037       160.00
   12460.031     0.994531         3039       182.86
   12484.607     0.995313         3040       213.33
   12509.183     0.996094         3043       256.00
   12517.375     0.996484         3044       284.44
   12525.567     0.996875         3045       320.00
   12550.143     0.997266         3046       365.71
   12558.335     0.997656         3047       426.67
   12607.487     0.998047         3049       512.00
   12607.487     0.998242         3049       568.89
   12632.063     0.998437         3050       640.00
   12632.063     0.998633         3050       731.43
   12640.255     0.998828         3051       853.33
   12656.639     0.999023         3052      1024.00
   12656.639     0.999121         3052      1137.78
   12656.639     0.999219         3052      1280.00
   12656.639     0.999316         3052      1462.86
   12664.831     0.999414         3053      1706.67
   12664.831     0.999512         3053      2048.00
   12664.831     0.999561         3053      2275.56
   12664.831     0.999609         3053      2560.00
   12664.831     0.999658         3053      2925.71
   12689.407     0.999707         3054      3413.33
   12689.407     1.000000         3054          inf
#[Mean    =     6362.505, StdDeviation   =     2652.181]
#[Max     =    12681.216, Total count    =         3054]
#[Buckets =           27, SubBuckets     =         2048]
-----------------------------------------------------------------------
  3668 requests in 1.00m, 1.09MB read
Requests/sec:     61.13  
Transfer/sec:     18.64KB
