Running 1m test @ http://10.97.57.202/?loopCount=25&base=6&exp=6
  5 threads and 5 connections

  Thread calibration: mean lat.: 1175.934ms, rate sampling interval: 4628ms
  Thread calibration: mean lat.: 1438.481ms, rate sampling interval: 5386ms
  Thread calibration: mean lat.: 1170.215ms, rate sampling interval: 4440ms
  Thread calibration: mean lat.: 1327.191ms, rate sampling interval: 5119ms
  Thread calibration: mean lat.: 1755.034ms, rate sampling interval: 5586ms

-----------------------------------------------------------------------
Test Results @ http://10.97.57.202/?loopCount=25&base=6&exp=6 
  Thread Stats   Avg      Stdev     99%   +/- Stdev
    Latency    10.64s     4.29s   18.15s    59.36%
    Req/Sec     9.98      0.70    12.00     97.87%
  Latency Distribution (HdrHistogram - Recorded Latency)
 50.000%   10.76s 
 75.000%   14.25s 
 90.000%   16.46s 
 99.000%   18.15s 
 99.900%   18.64s 
 99.990%   18.66s 
 99.999%   18.66s 
100.000%   18.66s 

  Detailed Percentile spectrum:
       Value   Percentile   TotalCount 1/(1-Percentile)

    2699.263     0.000000            1         1.00
    4538.367     0.100000          261         1.11
    6205.439     0.200000          522         1.25
    7790.591     0.300000          782         1.43
    9379.839     0.400000         1043         1.67
   10756.095     0.500000         1305         2.00
   11354.111     0.550000         1435         2.22
   12107.775     0.600000         1564         2.50
   12877.823     0.650000         1694         2.86
   13557.759     0.700000         1826         3.33
   14254.079     0.750000         1955         4.00
   14671.871     0.775000         2021         4.44
   14893.055     0.800000         2085         5.00
   15368.191     0.825000         2150         5.71
   15843.327     0.850000         2216         6.67
   16113.663     0.875000         2284         8.00
   16293.887     0.887500         2315         8.89
   16465.919     0.900000         2346        10.00
   16613.375     0.912500         2380        11.43
   16859.135     0.925000         2412        13.33
   17072.127     0.937500         2444        16.00
   17186.815     0.943750         2462        17.78
   17252.351     0.950000         2477        20.00
   17285.119     0.956250         2492        22.86
   17383.423     0.962500         2509        26.67
   17498.111     0.968750         2526        32.00
   17563.647     0.971875         2533        35.56
   17678.335     0.975000         2541        40.00
   17743.871     0.978125         2549        45.71
   17825.791     0.981250         2558        53.33
   17891.327     0.984375         2567        64.00
   17973.247     0.985938         2570        71.11
   18006.015     0.987500         2574        80.00
   18137.087     0.989062         2578        91.43
   18186.239     0.990625         2582       106.67
   18219.007     0.992188         2586       128.00
   18235.391     0.992969         2588       142.22
   18251.775     0.993750         2590       160.00
   18300.927     0.994531         2593       182.86
   18317.311     0.995313         2594       213.33
   18333.695     0.996094         2596       256.00
   18366.463     0.996484         2597       284.44
   18448.383     0.996875         2598       320.00
   18563.071     0.997266         2599       365.71
   18595.839     0.997656         2600       426.67
   18628.607     0.998047         2601       512.00
   18644.991     0.998242         2603       568.89
   18644.991     0.998437         2603       640.00
   18644.991     0.998633         2603       731.43
   18644.991     0.998828         2603       853.33
   18661.375     0.999023         2606      1024.00
   18661.375     1.000000         2606          inf
#[Mean    =    10635.173, StdDeviation   =     4289.627]
#[Max     =    18644.992, Total count    =         2606]
#[Buckets =           27, SubBuckets     =         2048]
-----------------------------------------------------------------------
  3139 requests in 1.00m, 0.94MB read
Requests/sec:     52.31  
Transfer/sec:     15.96KB
