Running 1m test @ http://10.102.62.147/?loopCount=25&base=6&exp=6
  5 threads and 5 connections

  Thread calibration: mean lat.: 105.633ms, rate sampling interval: 357ms
  Thread calibration: mean lat.: 94.438ms, rate sampling interval: 349ms
  Thread calibration: mean lat.: 93.916ms, rate sampling interval: 315ms
  Thread calibration: mean lat.: 86.249ms, rate sampling interval: 324ms
  Thread calibration: mean lat.: 80.835ms, rate sampling interval: 321ms

-----------------------------------------------------------------------
Test Results @ http://10.102.62.147/?loopCount=25&base=6&exp=6 
  Thread Stats   Avg      Stdev     99%   +/- Stdev
    Latency    92.66ms   62.80ms 350.98ms   81.06%
    Req/Sec     9.60      2.43    15.00     79.87%
  Latency Distribution (HdrHistogram - Recorded Latency)
 50.000%   81.34ms
 75.000%  118.21ms
 90.000%  165.12ms
 99.000%  350.98ms
 99.900%  468.48ms
 99.990%  559.61ms
 99.999%  559.61ms
100.000%  559.61ms

  Detailed Percentile spectrum:
       Value   Percentile   TotalCount 1/(1-Percentile)

      21.855     0.000000            1         1.00
      40.607     0.100000          256         1.11
      41.087     0.200000          516         1.25
      41.599     0.300000          751         1.43
      61.567     0.400000         1002         1.67
      81.343     0.500000         1252         2.00
      87.487     0.550000         1377         2.22
      89.279     0.600000         1511         2.50
      94.079     0.650000         1627         2.86
      99.967     0.700000         1752         3.33
     118.207     0.750000         1877         4.00
     153.087     0.775000         1951         4.44
     153.855     0.800000         2003         5.00
     156.159     0.825000         2068         5.71
     158.463     0.850000         2128         6.67
     161.407     0.875000         2191         8.00
     162.815     0.887500         2223         8.89
     165.119     0.900000         2254        10.00
     167.679     0.912500         2284        11.43
     171.391     0.925000         2315        13.33
     175.231     0.937500         2346        16.00
     179.583     0.943750         2364        17.78
     183.295     0.950000         2377        20.00
     194.815     0.956250         2393        22.86
     207.871     0.962500         2409        26.67
     253.951     0.968750         2424        32.00
     257.023     0.971875         2432        35.56
     260.991     0.975000         2440        40.00
     265.215     0.978125         2448        45.71
     267.775     0.981250         2456        53.33
     280.575     0.984375         2463        64.00
     296.191     0.985938         2467        71.11
     302.335     0.987500         2472        80.00
     323.327     0.989062         2475        91.43
     356.095     0.990625         2479       106.67
     360.703     0.992188         2483       128.00
     361.215     0.992969         2485       142.22
     364.543     0.993750         2487       160.00
     367.359     0.994531         2489       182.86
     373.247     0.995313         2491       213.33
     379.903     0.996094         2493       256.00
     381.951     0.996484         2494       284.44
     385.791     0.996875         2495       320.00
     393.471     0.997266         2496       365.71
     440.063     0.997656         2497       426.67
     453.375     0.998047         2498       512.00
     453.375     0.998242         2498       568.89
     468.479     0.998437         2499       640.00
     468.479     0.998633         2499       731.43
     479.487     0.998828         2500       853.33
     479.487     0.999023         2500      1024.00
     479.487     0.999121         2500      1137.78
     499.711     0.999219         2501      1280.00
     499.711     0.999316         2501      1462.86
     499.711     0.999414         2501      1706.67
     499.711     0.999512         2501      2048.00
     499.711     0.999561         2501      2275.56
     559.615     0.999609         2502      2560.00
     559.615     1.000000         2502          inf
#[Mean    =       92.658, StdDeviation   =       62.801]
#[Max     =      559.104, Total count    =         2502]
#[Buckets =           27, SubBuckets     =         2048]
-----------------------------------------------------------------------
  2995 requests in 1.00m, 0.89MB read
Requests/sec:     49.91  
Transfer/sec:     15.22KB
