Running 1m test @ http://10.99.199.129/?loopCount=25&base=6&exp=6
  1 threads and 1 connections

  Thread calibration: mean lat.: 3059.207ms, rate sampling interval: 12812ms

-----------------------------------------------------------------------
Test Results @ http://10.99.199.129/?loopCount=25&base=6&exp=6 
  Thread Stats   Avg      Stdev     99%   +/- Stdev
    Latency    25.61s    10.27s   43.68s    60.24%
    Req/Sec     6.00      0.00     6.00    100.00%
  Latency Distribution (HdrHistogram - Recorded Latency)
 50.000%   25.64s 
 75.000%   33.95s 
 90.000%   39.98s 
 99.000%   43.68s 
 99.900%   44.07s 
 99.990%   44.07s 
 99.999%   44.07s 
100.000%   44.07s 

  Detailed Percentile spectrum:
       Value   Percentile   TotalCount 1/(1-Percentile)

    7380.991     0.000000            1         1.00
   11395.071     0.100000           33         1.11
   15319.039     0.200000           66         1.25
   18382.847     0.300000           99         1.43
   22200.319     0.400000          131         1.67
   25640.959     0.500000          164         2.00
   27115.519     0.550000          180         2.22
   29032.447     0.600000          197         2.50
   30998.527     0.650000          213         2.86
   32374.783     0.700000          229         3.33
   34078.719     0.750000          246         4.00
   34897.919     0.775000          256         4.44
   35749.887     0.800000          262         5.00
   36863.999     0.825000          270         5.71
   38109.183     0.850000          278         6.67
   39157.759     0.875000          287         8.00
   39616.511     0.887500          291         8.89
   40140.799     0.900000          295        10.00
   40566.783     0.912500          299        11.43
   41025.535     0.925000          303        13.33
   41648.127     0.937500          307        16.00
   41943.039     0.943750          309        17.78
   42172.415     0.950000          311        20.00
   42401.791     0.956250          313        22.86
   42565.631     0.962500          315        26.67
   42762.239     0.968750          317        32.00
   42926.079     0.971875          318        35.56
   42991.615     0.975000          319        40.00
   43122.687     0.978125          320        45.71
   43286.527     0.981250          321        53.33
   43352.063     0.984375          322        64.00
   43515.903     0.985938          323        71.11
   43515.903     0.987500          323        80.00
   43679.743     0.989062          324        91.43
   43679.743     0.990625          324       106.67
   43843.583     0.992188          325       128.00
   43843.583     0.992969          325       142.22
   43843.583     0.993750          325       160.00
   43909.119     0.994531          326       182.86
   43909.119     0.995313          326       213.33
   43909.119     0.996094          326       256.00
   43909.119     0.996484          326       284.44
   43909.119     0.996875          326       320.00
   44072.959     0.997266          327       365.71
   44072.959     1.000000          327          inf
#[Mean    =    25605.887, StdDeviation   =    10271.098]
#[Max     =    44040.192, Total count    =          327]
#[Buckets =           27, SubBuckets     =         2048]
-----------------------------------------------------------------------
  395 requests in 1.00m, 120.69KB read
Requests/sec:      6.58  
Transfer/sec:      2.01KB
