Running 1m test @ http://10.106.106.124/?loopCount=25&base=6&exp=6
  1 threads and 1 connections

  Thread calibration: mean lat.: 822.300ms, rate sampling interval: 2822ms

-----------------------------------------------------------------------
Test Results @ http://10.106.106.124/?loopCount=25&base=6&exp=6 
  Thread Stats   Avg      Stdev     99%   +/- Stdev
    Latency     5.30s     2.19s    8.81s    58.90%
    Req/Sec    20.71      0.96    22.00    100.00%
  Latency Distribution (HdrHistogram - Recorded Latency)
 50.000%    5.44s 
 75.000%    7.05s 
 90.000%    8.38s 
 99.000%    8.81s 
 99.900%    8.83s 
 99.990%    8.83s 
 99.999%    8.83s 
100.000%    8.83s 

  Detailed Percentile spectrum:
       Value   Percentile   TotalCount 1/(1-Percentile)

    1523.711     0.000000            2         1.00
    2187.263     0.100000          109         1.11
    2940.927     0.200000          214         1.25
    3809.279     0.300000          322         1.43
    4464.639     0.400000          429         1.67
    5439.487     0.500000          538         2.00
    5885.951     0.550000          588         2.22
    6180.863     0.600000          641         2.50
    6492.159     0.650000          695         2.86
    6877.183     0.700000          749         3.33
    7045.119     0.750000          802         4.00
    7274.495     0.775000          828         4.44
    7409.663     0.800000          855         5.00
    7581.695     0.825000          885         5.71
    7852.031     0.850000          909         6.67
    8294.399     0.875000          935         8.00
    8339.455     0.887500          950         8.89
    8421.375     0.900000          965        10.00
    8519.679     0.912500          975        11.43
    8536.063     0.925000          997        13.33
    8544.255     0.937500         1006        16.00
    8552.447     0.943750         1009        17.78
    8585.215     0.950000         1018        20.00
    8642.559     0.956250         1022        22.86
    8724.479     0.962500         1037        26.67
    8724.479     0.968750         1037        32.00
    8757.247     0.971875         1039        35.56
    8790.015     0.975000         1049        40.00
    8790.015     0.978125         1049        45.71
    8790.015     0.981250         1049        53.33
    8806.399     0.984375         1052        64.00
    8814.591     0.985938         1060        71.11
    8814.591     0.987500         1060        80.00
    8814.591     0.989062         1060        91.43
    8814.591     0.990625         1060       106.67
    8814.591     0.992188         1060       128.00
    8822.783     0.992969         1065       142.22
    8822.783     0.993750         1065       160.00
    8822.783     0.994531         1065       182.86
    8822.783     0.995313         1065       213.33
    8822.783     0.996094         1065       256.00
    8822.783     0.996484         1065       284.44
    8822.783     0.996875         1065       320.00
    8830.975     0.997266         1068       365.71
    8830.975     1.000000         1068          inf
#[Mean    =     5303.925, StdDeviation   =     2187.488]
#[Max     =     8822.784, Total count    =         1068]
#[Buckets =           27, SubBuckets     =         2048]
-----------------------------------------------------------------------
  1279 requests in 1.00m, 389.70KB read
Requests/sec:     21.32  
Transfer/sec:      6.49KB
