Running 1m test @ http://10.103.77.142/?loopCount=25&base=6&exp=6
  1 threads and 1 connections

  Thread calibration: mean lat.: 2940.994ms, rate sampling interval: 12410ms

-----------------------------------------------------------------------
Test Results @ http://10.103.77.142/?loopCount=25&base=6&exp=6 
  Thread Stats   Avg      Stdev     99%   +/- Stdev
    Latency    24.52s     9.86s   41.45s    58.79%
    Req/Sec     7.00      0.00     7.00    100.00%
  Latency Distribution (HdrHistogram - Recorded Latency)
 50.000%   24.20s 
 75.000%   33.11s 
 90.000%   38.21s 
 99.000%   41.45s 
 99.900%   41.91s 
 99.990%   41.91s 
 99.999%   41.91s 
100.000%   41.91s 

  Detailed Percentile spectrum:
       Value   Percentile   TotalCount 1/(1-Percentile)

    7180.287     0.000000            1         1.00
   11075.583     0.100000           39         1.11
   14647.295     0.200000           77         1.25
   17547.263     0.300000          115         1.43
   21200.895     0.400000          153         1.67
   24199.167     0.500000          191         2.00
   26132.479     0.550000          210         2.22
   27787.263     0.600000          229         2.50
   29622.271     0.650000          249         2.86
   31277.055     0.700000          267         3.33
   33112.063     0.750000          286         4.00
   33914.879     0.775000          296         4.44
   34930.687     0.800000          305         5.00
   35848.191     0.825000          315         5.71
   36405.247     0.850000          324         6.67
   37289.983     0.875000          334         8.00
   37781.503     0.887500          339         8.89
   38207.487     0.900000          343        10.00
   38731.775     0.912500          348        11.43
   38928.383     0.925000          353        13.33
   39616.511     0.937500          358        16.00
   39944.191     0.943750          360        17.78
   40173.567     0.950000          362        20.00
   40534.015     0.956250          365        22.86
   40665.087     0.962500          367        26.67
   40959.999     0.968750          370        32.00
   41091.071     0.971875          371        35.56
   41156.607     0.975000          372        40.00
   41222.143     0.978125          374        45.71
   41222.143     0.981250          374        53.33
   41418.751     0.984375          376        64.00
   41418.751     0.985938          376        71.11
   41451.519     0.987500          377        80.00
   41451.519     0.989062          377        91.43
   41517.055     0.990625          378       106.67
   41680.895     0.992188          379       128.00
   41680.895     0.992969          379       142.22
   41680.895     0.993750          379       160.00
   41680.895     0.994531          379       182.86
   41844.735     0.995313          380       213.33
   41844.735     0.996094          380       256.00
   41844.735     0.996484          380       284.44
   41844.735     0.996875          380       320.00
   41844.735     0.997266          380       365.71
   41910.271     0.997656          381       426.67
   41910.271     1.000000          381          inf
#[Mean    =    24516.162, StdDeviation   =     9855.482]
#[Max     =    41877.504, Total count    =          381]
#[Buckets =           27, SubBuckets     =         2048]
-----------------------------------------------------------------------
  452 requests in 1.00m, 138.05KB read
Requests/sec:      7.53  
Transfer/sec:      2.30KB
