Running 1m test @ http://10.106.127.105/?loopCount=25&base=6&exp=6
  5 threads and 5 connections

  Thread calibration: mean lat.: 414.461ms, rate sampling interval: 1273ms
  Thread calibration: mean lat.: 250.289ms, rate sampling interval: 1091ms
  Thread calibration: mean lat.: 112.211ms, rate sampling interval: 515ms
  Thread calibration: mean lat.: 169.248ms, rate sampling interval: 710ms
  Thread calibration: mean lat.: 196.694ms, rate sampling interval: 741ms

-----------------------------------------------------------------------
Test Results @ http://10.106.127.105/?loopCount=25&base=6&exp=6 
  Thread Stats   Avg      Stdev     99%   +/- Stdev
    Latency   244.83ms  269.33ms   1.46s    87.71%
    Req/Sec     9.45      2.25    15.00     85.53%
  Latency Distribution (HdrHistogram - Recorded Latency)
 50.000%  156.29ms
 75.000%  288.26ms
 90.000%  595.97ms
 99.000%    1.46s 
 99.900%    1.65s 
 99.990%    1.65s 
 99.999%    1.65s 
100.000%    1.65s 

  Detailed Percentile spectrum:
       Value   Percentile   TotalCount 1/(1-Percentile)

      22.287     0.000000            1         1.00
      40.991     0.100000          254         1.11
      42.271     0.200000          498         1.25
      89.727     0.300000          748         1.43
     132.223     0.400000          996         1.67
     156.287     0.500000         1247         2.00
     163.839     0.550000         1371         2.22
     190.079     0.600000         1495         2.50
     231.167     0.650000         1618         2.86
     254.847     0.700000         1743         3.33
     288.255     0.750000         1868         4.00
     335.615     0.775000         1929         4.44
     356.863     0.800000         1992         5.00
     391.679     0.825000         2054         5.71
     455.935     0.850000         2117         6.67
     504.063     0.875000         2178         8.00
     552.959     0.887500         2209         8.89
     595.967     0.900000         2241        10.00
     655.359     0.912500         2273        11.43
     691.711     0.925000         2303        13.33
     752.127     0.937500         2334        16.00
     758.783     0.943750         2349        17.78
     794.623     0.950000         2365        20.00
     851.967     0.956250         2382        22.86
     881.151     0.962500         2396        26.67
     946.175     0.968750         2412        32.00
     952.319     0.971875         2419        35.56
     963.583     0.975000         2427        40.00
    1007.103     0.978125         2435        45.71
    1067.007     0.981250         2443        53.33
    1328.127     0.984375         2451        64.00
    1358.847     0.985938         2454        71.11
    1413.119     0.987500         2458        80.00
    1455.103     0.989062         2463        91.43
    1466.367     0.990625         2466       106.67
    1487.871     0.992188         2470       128.00
    1514.495     0.992969         2472       142.22
    1530.879     0.993750         2474       160.00
    1548.287     0.994531         2476       182.86
    1560.575     0.995313         2479       213.33
    1562.623     0.996094         2480       256.00
    1563.647     0.996484         2481       284.44
    1573.887     0.996875         2482       320.00
    1575.935     0.997266         2483       365.71
    1590.271     0.997656         2484       426.67
    1593.343     0.998047         2485       512.00
    1593.343     0.998242         2485       568.89
    1599.487     0.998437         2486       640.00
    1599.487     0.998633         2486       731.43
    1646.591     0.998828         2487       853.33
    1646.591     0.999023         2487      1024.00
    1646.591     0.999121         2487      1137.78
    1649.663     0.999219         2488      1280.00
    1649.663     0.999316         2488      1462.86
    1649.663     0.999414         2488      1706.67
    1649.663     0.999512         2488      2048.00
    1649.663     0.999561         2488      2275.56
    1651.711     0.999609         2489      2560.00
    1651.711     1.000000         2489          inf
#[Mean    =      244.834, StdDeviation   =      269.327]
#[Max     =     1650.688, Total count    =         2489]
#[Buckets =           27, SubBuckets     =         2048]
-----------------------------------------------------------------------
  2978 requests in 1.00m, 0.89MB read
Requests/sec:     49.63  
Transfer/sec:     15.14KB
