Running 1m test @ http://10.108.10.66/?loopCount=25&base=6&exp=6
  5 threads and 5 connections

  Thread calibration: mean lat.: 617.952ms, rate sampling interval: 1715ms
  Thread calibration: mean lat.: 450.759ms, rate sampling interval: 1701ms
  Thread calibration: mean lat.: 703.550ms, rate sampling interval: 2158ms
  Thread calibration: mean lat.: 443.987ms, rate sampling interval: 1406ms
  Thread calibration: mean lat.: 553.394ms, rate sampling interval: 2199ms

-----------------------------------------------------------------------
Test Results @ http://10.108.10.66/?loopCount=25&base=6&exp=6 
  Thread Stats   Avg      Stdev     99%   +/- Stdev
    Latency     2.94s     1.31s    5.41s    62.48%
    Req/Sec     8.72      1.08    12.00     92.75%
  Latency Distribution (HdrHistogram - Recorded Latency)
 50.000%    2.90s 
 75.000%    3.99s 
 90.000%    4.76s 
 99.000%    5.41s 
 99.900%    5.51s 
 99.990%    5.52s 
 99.999%    5.52s 
100.000%    5.52s 

  Detailed Percentile spectrum:
       Value   Percentile   TotalCount 1/(1-Percentile)

     580.607     0.000000            1         1.00
    1069.055     0.100000          231         1.11
    1595.391     0.200000          462         1.25
    1988.607     0.300000          691         1.43
    2590.719     0.400000          924         1.67
    2895.871     0.500000         1152         2.00
    3170.303     0.550000         1269         2.22
    3461.119     0.600000         1382         2.50
    3655.679     0.650000         1498         2.86
    3801.087     0.700000         1615         3.33
    3991.551     0.750000         1729         4.00
    4069.375     0.775000         1786         4.44
    4126.719     0.800000         1843         5.00
    4239.359     0.825000         1901         5.71
    4370.431     0.850000         1958         6.67
    4571.135     0.875000         2021         8.00
    4648.959     0.887500         2048         8.89
    4755.455     0.900000         2073        10.00
    4907.007     0.912500         2102        11.43
    4972.543     0.925000         2134        13.33
    5042.175     0.937500         2160        16.00
    5074.943     0.943750         2174        17.78
    5103.615     0.950000         2188        20.00
    5165.055     0.956250         2205        22.86
    5189.631     0.962500         2218        26.67
    5267.455     0.968750         2232        32.00
    5283.839     0.971875         2239        35.56
    5304.319     0.975000         2246        40.00
    5349.375     0.978125         2253        45.71
    5369.855     0.981250         2261        53.33
    5382.143     0.984375         2269        64.00
    5386.239     0.985938         2271        71.11
    5398.527     0.987500         2275        80.00
    5406.719     0.989062         2280        91.43
    5439.487     0.990625         2282       106.67
    5455.871     0.992188         2286       128.00
    5459.967     0.992969         2288       142.22
    5464.063     0.993750         2290       160.00
    5472.255     0.994531         2291       182.86
    5484.543     0.995313         2295       213.33
    5484.543     0.996094         2295       256.00
    5484.543     0.996484         2295       284.44
    5488.639     0.996875         2297       320.00
    5488.639     0.997266         2297       365.71
    5492.735     0.997656         2298       426.67
    5505.023     0.998047         2300       512.00
    5505.023     0.998242         2300       568.89
    5505.023     0.998437         2300       640.00
    5505.023     0.998633         2300       731.43
    5509.119     0.998828         2301       853.33
    5509.119     0.999023         2301      1024.00
    5509.119     0.999121         2301      1137.78
    5513.215     0.999219         2302      1280.00
    5513.215     0.999316         2302      1462.86
    5513.215     0.999414         2302      1706.67
    5513.215     0.999512         2302      2048.00
    5513.215     0.999561         2302      2275.56
    5517.311     0.999609         2303      2560.00
    5517.311     1.000000         2303          inf
#[Mean    =     2939.937, StdDeviation   =     1312.416]
#[Max     =     5513.216, Total count    =         2303]
#[Buckets =           27, SubBuckets     =         2048]
-----------------------------------------------------------------------
  2750 requests in 1.00m, 839.24KB read
Requests/sec:     45.83  
Transfer/sec:     13.99KB
