Running 1m test @ http://10.99.199.129/?loopCount=25&base=6&exp=6
  5 threads and 5 connections

  Thread calibration: mean lat.: 1040.773ms, rate sampling interval: 4804ms
  Thread calibration: mean lat.: 839.711ms, rate sampling interval: 2633ms
  Thread calibration: mean lat.: 840.828ms, rate sampling interval: 2779ms
  Thread calibration: mean lat.: 663.462ms, rate sampling interval: 3270ms
  Thread calibration: mean lat.: 717.685ms, rate sampling interval: 2121ms

-----------------------------------------------------------------------
Test Results @ http://10.99.199.129/?loopCount=25&base=6&exp=6 
  Thread Stats   Avg      Stdev     99%   +/- Stdev
    Latency     6.40s     3.64s   17.81s    72.21%
    Req/Sec    11.70      1.99    16.00     87.95%
  Latency Distribution (HdrHistogram - Recorded Latency)
 50.000%    5.76s 
 75.000%    8.34s 
 90.000%   11.38s 
 99.000%   17.81s 
 99.900%   19.32s 
 99.990%   19.51s 
 99.999%   19.51s 
100.000%   19.51s 

  Detailed Percentile spectrum:
       Value   Percentile   TotalCount 1/(1-Percentile)

     629.247     0.000000            1         1.00
    2166.783     0.100000          298         1.11
    3266.559     0.200000          597         1.25
    4145.151     0.300000          895         1.43
    5128.191     0.400000         1192         1.67
    5758.975     0.500000         1492         2.00
    6057.983     0.550000         1639         2.22
    6885.375     0.600000         1789         2.50
    7675.903     0.650000         1937         2.86
    7983.103     0.700000         2086         3.33
    8343.551     0.750000         2235         4.00
    8577.023     0.775000         2313         4.44
    8740.863     0.800000         2385         5.00
    9068.543     0.825000         2459         5.71
    9658.367     0.850000         2533         6.67
   10248.191     0.875000         2608         8.00
   10641.407     0.887500         2645         8.89
   11378.687     0.900000         2682        10.00
   11853.823     0.912500         2720        11.43
   12066.815     0.925000         2757        13.33
   12320.767     0.937500         2795        16.00
   12853.247     0.943750         2813        17.78
   13451.263     0.950000         2831        20.00
   14458.879     0.956250         2851        22.86
   15032.319     0.962500         2869        26.67
   15933.439     0.968750         2887        32.00
   16015.359     0.971875         2897        35.56
   16089.087     0.975000         2907        40.00
   16179.199     0.978125         2916        45.71
   16670.719     0.981250         2925        53.33
   17186.815     0.984375         2935        64.00
   17399.807     0.985938         2939        71.11
   17645.567     0.987500         2943        80.00
   17776.639     0.989062         2948        91.43
   17924.095     0.990625         2953       106.67
   18251.775     0.992188         2957       128.00
   18563.071     0.992969         2960       142.22
   18677.759     0.993750         2962       160.00
   18890.751     0.994531         2964       182.86
   18956.287     0.995313         2968       213.33
   18989.055     0.996094         2970       256.00
   18989.055     0.996484         2970       284.44
   19038.207     0.996875         2971       320.00
   19054.591     0.997266         2972       365.71
   19103.743     0.997656         2974       426.67
   19120.127     0.998047         2975       512.00
   19120.127     0.998242         2975       568.89
   19152.895     0.998437         2976       640.00
   19152.895     0.998633         2976       731.43
   19316.735     0.998828         2977       853.33
   19365.887     0.999023         2978      1024.00
   19365.887     0.999121         2978      1137.78
   19365.887     0.999219         2978      1280.00
   19365.887     0.999316         2978      1462.86
   19480.575     0.999414         2979      1706.67
   19480.575     0.999512         2979      2048.00
   19480.575     0.999561         2979      2275.56
   19480.575     0.999609         2979      2560.00
   19480.575     0.999658         2979      2925.71
   19513.343     0.999707         2980      3413.33
   19513.343     1.000000         2980          inf
#[Mean    =     6404.844, StdDeviation   =     3643.220]
#[Max     =    19496.960, Total count    =         2980]
#[Buckets =           27, SubBuckets     =         2048]
-----------------------------------------------------------------------
  3607 requests in 1.00m, 1.07MB read
Requests/sec:     60.11  
Transfer/sec:     18.34KB
