Running 1m test @ http://10.103.77.142/?loopCount=25&base=6&exp=6
  5 threads and 5 connections

  Thread calibration: mean lat.: 1760.089ms, rate sampling interval: 6754ms
  Thread calibration: mean lat.: 1921.601ms, rate sampling interval: 6434ms
  Thread calibration: mean lat.: 2037.646ms, rate sampling interval: 6217ms
  Thread calibration: mean lat.: 1838.510ms, rate sampling interval: 6844ms
  Thread calibration: mean lat.: 2040.597ms, rate sampling interval: 8028ms

-----------------------------------------------------------------------
Test Results @ http://10.103.77.142/?loopCount=25&base=6&exp=6 
  Thread Stats   Avg      Stdev     99%   +/- Stdev
    Latency    13.48s     5.58s   24.94s    58.92%
    Req/Sec     8.77      0.72    10.00     97.14%
  Latency Distribution (HdrHistogram - Recorded Latency)
 50.000%   13.48s 
 75.000%   18.09s 
 90.000%   21.04s 
 99.000%   24.94s 
 99.900%   26.30s 
 99.990%   26.35s 
 99.999%   26.35s 
100.000%   26.35s 

  Detailed Percentile spectrum:
       Value   Percentile   TotalCount 1/(1-Percentile)

    3573.759     0.000000            1         1.00
    5980.159     0.100000          233         1.11
    7790.591     0.200000          464         1.25
    9625.599     0.300000          696         1.43
   11436.031     0.400000          928         1.67
   13475.839     0.500000         1160         2.00
   14303.231     0.550000         1277         2.22
   15253.503     0.600000         1392         2.50
   16318.463     0.650000         1508         2.86
   17154.047     0.700000         1625         3.33
   18087.935     0.750000         1741         4.00
   18661.375     0.775000         1799         4.44
   19218.431     0.800000         1858         5.00
   19677.183     0.825000         1914         5.71
   20103.167     0.850000         1973         6.67
   20594.687     0.875000         2030         8.00
   20758.527     0.887500         2060         8.89
   21037.055     0.900000         2090        10.00
   21217.279     0.912500         2117        11.43
   21430.271     0.925000         2147        13.33
   21610.495     0.937500         2176        16.00
   21708.799     0.943750         2191        17.78
   21954.559     0.950000         2205        20.00
   22216.703     0.956250         2220        22.86
   22429.695     0.962500         2233        26.67
   22855.679     0.968750         2248        32.00
   23199.743     0.971875         2256        35.56
   23527.423     0.975000         2262        40.00
   23855.103     0.978125         2270        45.71
   24068.095     0.981250         2277        53.33
   24428.543     0.984375         2284        64.00
   24625.151     0.985938         2289        71.11
   24707.071     0.987500         2291        80.00
   24920.063     0.989062         2295        91.43
   25034.751     0.990625         2299       106.67
   25313.279     0.992188         2302       128.00
   25444.351     0.992969         2304       142.22
   25591.807     0.993750         2306       160.00
   25772.031     0.994531         2308       182.86
   25919.487     0.995313         2310       213.33
   25952.255     0.996094         2311       256.00
   26001.407     0.996484         2312       284.44
   26050.559     0.996875         2313       320.00
   26132.479     0.997266         2314       365.71
   26165.247     0.997656         2315       426.67
   26214.399     0.998047         2316       512.00
   26214.399     0.998242         2316       568.89
   26263.551     0.998437         2317       640.00
   26263.551     0.998633         2317       731.43
   26296.319     0.998828         2318       853.33
   26296.319     0.999023         2318      1024.00
   26296.319     0.999121         2318      1137.78
   26345.471     0.999219         2320      1280.00
   26345.471     1.000000         2320          inf
#[Mean    =    13477.367, StdDeviation   =     5584.818]
#[Max     =    26329.088, Total count    =         2320]
#[Buckets =           27, SubBuckets     =         2048]
-----------------------------------------------------------------------
  2778 requests in 1.00m, 847.75KB read
Requests/sec:     46.29  
Transfer/sec:     14.13KB
