Running 1m test @ http://10.106.127.105/?loopCount=25&base=6&exp=6
  5 threads and 5 connections

  Thread calibration: mean lat.: 106.189ms, rate sampling interval: 467ms
  Thread calibration: mean lat.: 122.327ms, rate sampling interval: 486ms
  Thread calibration: mean lat.: 135.041ms, rate sampling interval: 559ms
  Thread calibration: mean lat.: 117.628ms, rate sampling interval: 476ms
  Thread calibration: mean lat.: 164.545ms, rate sampling interval: 758ms

-----------------------------------------------------------------------
Test Results @ http://10.106.127.105/?loopCount=25&base=6&exp=6 
  Thread Stats   Avg      Stdev     99%   +/- Stdev
    Latency   120.68ms   92.21ms 432.38ms   83.04%
    Req/Sec     9.46      2.15    14.00     85.26%
  Latency Distribution (HdrHistogram - Recorded Latency)
 50.000%   88.83ms
 75.000%  154.49ms
 90.000%  243.58ms
 99.000%  432.38ms
 99.900%  773.63ms
 99.990%  845.31ms
 99.999%  845.31ms
100.000%  845.31ms

  Detailed Percentile spectrum:
       Value   Percentile   TotalCount 1/(1-Percentile)

      22.367     0.000000            1         1.00
      40.735     0.100000          265         1.11
      41.279     0.200000          504         1.25
      42.079     0.300000          750         1.43
      67.711     0.400000          998         1.67
      88.831     0.500000         1247         2.00
     121.023     0.550000         1373         2.22
     136.831     0.600000         1497         2.50
     141.567     0.650000         1630         2.86
     145.279     0.700000         1747         3.33
     154.495     0.750000         1871         4.00
     164.607     0.775000         1933         4.44
     180.991     0.800000         1996         5.00
     193.151     0.825000         2058         5.71
     232.831     0.850000         2121         6.67
     238.719     0.875000         2184         8.00
     240.895     0.887500         2215         8.89
     243.583     0.900000         2246        10.00
     247.039     0.912500         2276        11.43
     253.183     0.925000         2307        13.33
     261.759     0.937500         2339        16.00
     275.711     0.943750         2354        17.78
     282.879     0.950000         2370        20.00
     299.007     0.956250         2385        22.86
     334.079     0.962500         2402        26.67
     339.711     0.968750         2417        32.00
     341.247     0.971875         2424        35.56
     343.039     0.975000         2433        40.00
     346.623     0.978125         2440        45.71
     350.719     0.981250         2448        53.33
     359.679     0.984375         2456        64.00
     374.527     0.985938         2459        71.11
     392.447     0.987500         2463        80.00
     414.207     0.989062         2467        91.43
     435.455     0.990625         2471       106.67
     449.791     0.992188         2475       128.00
     451.583     0.992969         2477       142.22
     456.191     0.993750         2479       160.00
     474.111     0.994531         2481       182.86
     483.583     0.995313         2483       213.33
     534.015     0.996094         2485       256.00
     538.111     0.996484         2486       284.44
     538.623     0.996875         2487       320.00
     542.207     0.997266         2488       365.71
     543.231     0.997656         2489       426.67
     596.991     0.998047         2490       512.00
     596.991     0.998242         2490       568.89
     656.383     0.998437         2491       640.00
     656.383     0.998633         2491       731.43
     773.631     0.998828         2492       853.33
     773.631     0.999023         2492      1024.00
     773.631     0.999121         2492      1137.78
     833.535     0.999219         2493      1280.00
     833.535     0.999316         2493      1462.86
     833.535     0.999414         2493      1706.67
     833.535     0.999512         2493      2048.00
     833.535     0.999561         2493      2275.56
     845.311     0.999609         2494      2560.00
     845.311     1.000000         2494          inf
#[Mean    =      120.681, StdDeviation   =       92.207]
#[Max     =      844.800, Total count    =         2494]
#[Buckets =           27, SubBuckets     =         2048]
-----------------------------------------------------------------------
  2981 requests in 1.00m, 0.89MB read
Requests/sec:     49.68  
Transfer/sec:     15.15KB
