Running 1m test @ http://10.111.175.232/?loopCount=25&base=6&exp=6
  5 threads and 5 connections

  Thread calibration: mean lat.: 76.636ms, rate sampling interval: 277ms
  Thread calibration: mean lat.: 65.390ms, rate sampling interval: 245ms
  Thread calibration: mean lat.: 60.742ms, rate sampling interval: 224ms
  Thread calibration: mean lat.: 64.148ms, rate sampling interval: 240ms
  Thread calibration: mean lat.: 74.825ms, rate sampling interval: 272ms

-----------------------------------------------------------------------
Test Results @ http://10.111.175.232/?loopCount=25&base=6&exp=6 
  Thread Stats   Avg      Stdev     99%   +/- Stdev
    Latency    74.33ms   50.84ms 242.18ms   87.49%
    Req/Sec     9.58      2.77    16.00     87.47%
  Latency Distribution (HdrHistogram - Recorded Latency)
 50.000%   46.24ms
 75.000%  111.87ms
 90.000%  129.73ms
 99.000%  242.18ms
 99.900%  349.95ms
 99.990%  412.16ms
 99.999%  412.16ms
100.000%  412.16ms

  Detailed Percentile spectrum:
       Value   Percentile   TotalCount 1/(1-Percentile)

      21.551     0.000000            1         1.00
      40.639     0.100000          260         1.11
      41.247     0.200000          501         1.25
      42.239     0.300000          752         1.43
      43.423     0.400000         1001         1.67
      46.239     0.500000         1252         2.00
      50.239     0.550000         1378         2.22
      57.215     0.600000         1502         2.50
      66.111     0.650000         1627         2.86
      93.567     0.700000         1752         3.33
     111.871     0.750000         1877         4.00
     113.343     0.775000         1940         4.44
     116.927     0.800000         2004         5.00
     118.527     0.825000         2067         5.71
     120.831     0.850000         2130         6.67
     124.735     0.875000         2190         8.00
     127.551     0.887500         2222         8.89
     129.727     0.900000         2252        10.00
     135.039     0.912500         2285        11.43
     139.391     0.925000         2315        13.33
     145.407     0.937500         2346        16.00
     152.191     0.943750         2363        17.78
     157.695     0.950000         2378        20.00
     181.119     0.956250         2393        22.86
     211.071     0.962500         2410        26.67
     214.271     0.968750         2424        32.00
     215.679     0.971875         2432        35.56
     218.239     0.975000         2441        40.00
     219.647     0.978125         2448        45.71
     222.847     0.981250         2456        53.33
     226.815     0.984375         2463        64.00
     229.119     0.985938         2467        71.11
     235.519     0.987500         2471        80.00
     238.207     0.989062         2475        91.43
     248.063     0.990625         2479       106.67
     292.863     0.992188         2483       128.00
     316.415     0.992969         2485       142.22
     324.095     0.993750         2487       160.00
     328.959     0.994531         2489       182.86
     329.471     0.995313         2491       213.33
     334.591     0.996094         2493       256.00
     336.639     0.996484         2494       284.44
     337.407     0.996875         2495       320.00
     337.919     0.997266         2496       365.71
     339.711     0.997656         2497       426.67
     346.367     0.998047         2498       512.00
     346.367     0.998242         2498       568.89
     349.951     0.998437         2499       640.00
     349.951     0.998633         2499       731.43
     352.511     0.998828         2500       853.33
     352.511     0.999023         2500      1024.00
     352.511     0.999121         2500      1137.78
     409.343     0.999219         2501      1280.00
     409.343     0.999316         2501      1462.86
     409.343     0.999414         2501      1706.67
     409.343     0.999512         2501      2048.00
     409.343     0.999561         2501      2275.56
     412.159     0.999609         2502      2560.00
     412.159     1.000000         2502          inf
#[Mean    =       74.334, StdDeviation   =       50.842]
#[Max     =      411.904, Total count    =         2502]
#[Buckets =           27, SubBuckets     =         2048]
-----------------------------------------------------------------------
  2995 requests in 1.00m, 0.89MB read
Requests/sec:     49.91  
Transfer/sec:     15.22KB
