Running 1m test @ http://10.106.127.105/?loopCount=25&base=6&exp=6
  5 threads and 5 connections

  Thread calibration: mean lat.: 878.660ms, rate sampling interval: 3883ms
  Thread calibration: mean lat.: 651.880ms, rate sampling interval: 2746ms
  Thread calibration: mean lat.: 1769.213ms, rate sampling interval: 7163ms
  Thread calibration: mean lat.: 496.601ms, rate sampling interval: 2024ms
  Thread calibration: mean lat.: 926.282ms, rate sampling interval: 2678ms

-----------------------------------------------------------------------
Test Results @ http://10.106.127.105/?loopCount=25&base=6&exp=6 
  Thread Stats   Avg      Stdev     99%   +/- Stdev
    Latency     6.07s     3.36s   16.69s    73.92%
    Req/Sec    12.04      1.80    16.00     85.90%
  Latency Distribution (HdrHistogram - Recorded Latency)
 50.000%    5.64s 
 75.000%    7.45s 
 90.000%    9.96s 
 99.000%   16.69s 
 99.900%   16.81s 
 99.990%   16.97s 
 99.999%   16.97s 
100.000%   16.97s 

  Detailed Percentile spectrum:
       Value   Percentile   TotalCount 1/(1-Percentile)

     929.279     0.000000            1         1.00
    2324.479     0.100000          310         1.11
    3137.535     0.200000          618         1.25
    3895.295     0.300000          929         1.43
    4661.247     0.400000         1238         1.67
    5636.095     0.500000         1546         2.00
    6107.135     0.550000         1701         2.22
    6406.143     0.600000         1859         2.50
    6725.631     0.650000         2011         2.86
    7139.327     0.700000         2164         3.33
    7450.623     0.750000         2320         4.00
    7905.279     0.775000         2395         4.44
    8437.759     0.800000         2472         5.00
    8863.743     0.825000         2553         5.71
    9052.159     0.850000         2627         6.67
    9248.767     0.875000         2704         8.00
    9388.031     0.887500         2743         8.89
    9961.471     0.900000         2782        10.00
   11018.239     0.912500         2821        11.43
   11968.511     0.925000         2859        13.33
   12967.935     0.937500         2897        16.00
   13074.431     0.943750         2918        17.78
   13156.351     0.950000         2936        20.00
   13484.031     0.956250         2955        22.86
   14270.463     0.962500         2975        26.67
   15335.423     0.968750         2994        32.00
   15605.759     0.971875         3004        35.56
   15687.679     0.975000         3013        40.00
   15843.327     0.978125         3023        45.71
   15941.631     0.981250         3033        53.33
   16351.231     0.984375         3042        64.00
   16523.263     0.985938         3047        71.11
   16596.991     0.987500         3052        80.00
   16678.911     0.989062         3057        91.43
   16719.871     0.990625         3062       106.67
   16736.255     0.992188         3070       128.00
   16736.255     0.992969         3070       142.22
   16744.447     0.993750         3071       160.00
   16752.639     0.994531         3074       182.86
   16769.023     0.995313         3080       213.33
   16769.023     0.996094         3080       256.00
   16769.023     0.996484         3080       284.44
   16777.215     0.996875         3081       320.00
   16793.599     0.997266         3084       365.71
   16793.599     0.997656         3084       426.67
   16793.599     0.998047         3084       512.00
   16809.983     0.998242         3088       568.89
   16809.983     0.998437         3088       640.00
   16809.983     0.998633         3088       731.43
   16809.983     0.998828         3088       853.33
   16809.983     0.999023         3088      1024.00
   16809.983     0.999121         3088      1137.78
   16809.983     0.999219         3088      1280.00
   16809.983     0.999316         3088      1462.86
   16826.367     0.999414         3089      1706.67
   16826.367     0.999512         3089      2048.00
   16826.367     0.999561         3089      2275.56
   16826.367     0.999609         3089      2560.00
   16826.367     0.999658         3089      2925.71
   16973.823     0.999707         3090      3413.33
   16973.823     1.000000         3090          inf
#[Mean    =     6067.866, StdDeviation   =     3361.012]
#[Max     =    16957.440, Total count    =         3090]
#[Buckets =           27, SubBuckets     =         2048]
-----------------------------------------------------------------------
  3704 requests in 1.00m, 1.10MB read
Requests/sec:     61.73  
Transfer/sec:     18.83KB
