Running 1m test @ http://10.102.62.147/?loopCount=25&base=6&exp=6
  5 threads and 5 connections

  Thread calibration: mean lat.: 118.071ms, rate sampling interval: 527ms
  Thread calibration: mean lat.: 71.479ms, rate sampling interval: 290ms
  Thread calibration: mean lat.: 72.790ms, rate sampling interval: 290ms
  Thread calibration: mean lat.: 98.916ms, rate sampling interval: 417ms
  Thread calibration: mean lat.: 85.520ms, rate sampling interval: 311ms

-----------------------------------------------------------------------
Test Results @ http://10.102.62.147/?loopCount=25&base=6&exp=6 
  Thread Stats   Avg      Stdev     99%   +/- Stdev
    Latency    81.48ms   49.92ms 250.49ms   75.81%
    Req/Sec     9.46      2.23    14.00     73.50%
  Latency Distribution (HdrHistogram - Recorded Latency)
 50.000%   70.14ms
 75.000%  101.12ms
 90.000%  147.46ms
 99.000%  250.49ms
 99.900%  347.39ms
 99.990%  359.42ms
 99.999%  359.42ms
100.000%  359.42ms

  Detailed Percentile spectrum:
       Value   Percentile   TotalCount 1/(1-Percentile)

      22.047     0.000000            1         1.00
      40.831     0.100000          255         1.11
      41.535     0.200000          502         1.25
      42.303     0.300000          753         1.43
      44.287     0.400000         1001         1.67
      70.143     0.500000         1251         2.00
      73.087     0.550000         1378         2.22
      74.303     0.600000         1502         2.50
      78.911     0.650000         1626         2.86
      84.031     0.700000         1751         3.33
     101.119     0.750000         1876         4.00
     137.471     0.775000         1945         4.44
     138.367     0.800000         2006         5.00
     139.391     0.825000         2067         5.71
     141.567     0.850000         2128         6.67
     145.023     0.875000         2191         8.00
     146.303     0.887500         2221         8.89
     147.455     0.900000         2251        10.00
     149.887     0.912500         2284        11.43
     154.495     0.925000         2314        13.33
     158.591     0.937500         2345        16.00
     161.919     0.943750         2361        17.78
     164.351     0.950000         2376        20.00
     169.471     0.956250         2393        22.86
     173.183     0.962500         2408        26.67
     186.623     0.968750         2423        32.00
     190.975     0.971875         2431        35.56
     198.527     0.975000         2439        40.00
     238.463     0.978125         2447        45.71
     241.535     0.981250         2455        53.33
     247.807     0.984375         2462        64.00
     248.191     0.985938         2466        71.11
     248.959     0.987500         2470        80.00
     249.983     0.989062         2474        91.43
     252.671     0.990625         2478       106.67
     256.895     0.992188         2482       128.00
     258.303     0.992969         2484       142.22
     259.327     0.993750         2486       160.00
     262.143     0.994531         2488       182.86
     265.215     0.995313         2490       213.33
     270.847     0.996094         2492       256.00
     279.551     0.996484         2493       284.44
     289.535     0.996875         2494       320.00
     289.791     0.997266         2495       365.71
     299.007     0.997656         2496       426.67
     342.015     0.998047         2497       512.00
     342.015     0.998242         2497       568.89
     347.391     0.998437         2498       640.00
     347.391     0.998633         2498       731.43
     349.183     0.998828         2499       853.33
     349.183     0.999023         2499      1024.00
     349.183     0.999121         2499      1137.78
     349.695     0.999219         2500      1280.00
     349.695     0.999316         2500      1462.86
     349.695     0.999414         2500      1706.67
     349.695     0.999512         2500      2048.00
     349.695     0.999561         2500      2275.56
     359.423     0.999609         2501      2560.00
     359.423     1.000000         2501          inf
#[Mean    =       81.475, StdDeviation   =       49.922]
#[Max     =      359.168, Total count    =         2501]
#[Buckets =           27, SubBuckets     =         2048]
-----------------------------------------------------------------------
  2994 requests in 1.00m, 0.89MB read
Requests/sec:     49.89  
Transfer/sec:     15.21KB
