Running 1m test @ http://10.102.207.185/?loopCount=25&base=6&exp=6
  1 threads and 1 connections

  Thread calibration: mean lat.: 2872.171ms, rate sampling interval: 11460ms

-----------------------------------------------------------------------
Test Results @ http://10.102.207.185/?loopCount=25&base=6&exp=6 
  Thread Stats   Avg      Stdev     99%   +/- Stdev
    Latency    24.02s     9.82s   41.03s    58.05%
    Req/Sec     7.25      0.43     8.00    100.00%
  Latency Distribution (HdrHistogram - Recorded Latency)
 50.000%   24.33s 
 75.000%   31.85s 
 90.000%   37.36s 
 99.000%   41.03s 
 99.900%   41.45s 
 99.990%   41.45s 
 99.999%   41.45s 
100.000%   41.45s 

  Detailed Percentile spectrum:
       Value   Percentile   TotalCount 1/(1-Percentile)

    6746.111     0.000000            1         1.00
   10371.071     0.100000           38         1.11
   13852.671     0.200000           76         1.25
   17547.263     0.300000          114         1.43
   20922.367     0.400000          152         1.67
   24330.239     0.500000          191         2.00
   25853.951     0.550000          209         2.22
   27279.359     0.600000          228         2.50
   29114.367     0.650000          247         2.86
   30572.543     0.700000          266         3.33
   32112.639     0.750000          285         4.00
   33243.135     0.775000          294         4.44
   34177.023     0.800000          304         5.00
   35061.759     0.825000          313         5.71
   35913.727     0.850000          323         6.67
   36732.927     0.875000          332         8.00
   37126.143     0.887500          338         8.89
   37617.663     0.900000          342        10.00
   38174.719     0.912500          346        11.43
   38567.935     0.925000          351        13.33
   38961.151     0.937500          357        16.00
   39092.223     0.943750          358        17.78
   39387.135     0.950000          362        20.00
   39419.903     0.956250          363        22.86
   39518.207     0.962500          365        26.67
   40075.263     0.968750          368        32.00
   40337.407     0.971875          369        35.56
   40501.247     0.975000          370        40.00
   40566.783     0.978125          371        45.71
   40730.623     0.981250          372        53.33
   40959.999     0.984375          374        64.00
   40959.999     0.985938          374        71.11
   41025.535     0.987500          375        80.00
   41025.535     0.989062          375        91.43
   41091.071     0.990625          376       106.67
   41254.911     0.992188          377       128.00
   41254.911     0.992969          377       142.22
   41254.911     0.993750          377       160.00
   41254.911     0.994531          377       182.86
   41385.983     0.995313          378       213.33
   41385.983     0.996094          378       256.00
   41385.983     0.996484          378       284.44
   41385.983     0.996875          378       320.00
   41385.983     0.997266          378       365.71
   41451.519     0.997656          379       426.67
   41451.519     1.000000          379          inf
#[Mean    =    24022.570, StdDeviation   =     9822.018]
#[Max     =    41418.752, Total count    =          379]
#[Buckets =           27, SubBuckets     =         2048]
-----------------------------------------------------------------------
  462 requests in 1.00m, 141.07KB read
Requests/sec:      7.70  
Transfer/sec:      2.35KB
