Running 1m test @ http://10.106.106.124/?loopCount=25&base=6&exp=6
  5 threads and 5 connections

  Thread calibration: mean lat.: 84.178ms, rate sampling interval: 312ms
  Thread calibration: mean lat.: 86.745ms, rate sampling interval: 315ms
  Thread calibration: mean lat.: 90.612ms, rate sampling interval: 320ms
  Thread calibration: mean lat.: 94.155ms, rate sampling interval: 344ms
  Thread calibration: mean lat.: 101.597ms, rate sampling interval: 419ms

-----------------------------------------------------------------------
Test Results @ http://10.106.106.124/?loopCount=25&base=6&exp=6 
  Thread Stats   Avg      Stdev     99%   +/- Stdev
    Latency   140.72ms  103.73ms 562.17ms   83.06%
    Req/Sec     9.45      2.71    16.00     87.53%
  Latency Distribution (HdrHistogram - Recorded Latency)
 50.000%  103.36ms
 75.000%  171.13ms
 90.000%  270.85ms
 99.000%  562.17ms
 99.900%  664.58ms
 99.990%  675.33ms
 99.999%  675.33ms
100.000%  675.33ms

  Detailed Percentile spectrum:
       Value   Percentile   TotalCount 1/(1-Percentile)

      21.743     0.000000            1         1.00
      40.927     0.100000          258         1.11
      68.991     0.200000          503         1.25
      79.807     0.300000          751         1.43
      88.063     0.400000         1002         1.67
     103.359     0.500000         1252         2.00
     118.527     0.550000         1378         2.22
     154.239     0.600000         1507         2.50
     158.079     0.650000         1631         2.86
     162.943     0.700000         1756         3.33
     171.135     0.750000         1878         4.00
     177.279     0.775000         1940         4.44
     186.495     0.800000         2004         5.00
     202.111     0.825000         2065         5.71
     236.415     0.850000         2128         6.67
     258.303     0.875000         2191         8.00
     263.423     0.887500         2222         8.89
     270.847     0.900000         2254        10.00
     279.039     0.912500         2284        11.43
     293.375     0.925000         2317        13.33
     308.479     0.937500         2347        16.00
     351.487     0.943750         2363        17.78
     355.839     0.950000         2379        20.00
     360.447     0.956250         2394        22.86
     367.871     0.962500         2410        26.67
     376.319     0.968750         2425        32.00
     395.007     0.971875         2433        35.56
     411.135     0.975000         2441        40.00
     460.287     0.978125         2449        45.71
     470.783     0.981250         2457        53.33
     489.983     0.984375         2464        64.00
     502.271     0.985938         2468        71.11
     551.423     0.987500         2473        80.00
     560.127     0.989062         2476        91.43
     564.735     0.990625         2480       106.67
     587.263     0.992188         2484       128.00
     600.575     0.992969         2486       142.22
     602.623     0.993750         2488       160.00
     614.911     0.994531         2490       182.86
     652.287     0.995313         2492       213.33
     655.871     0.996094         2494       256.00
     656.383     0.996484         2495       284.44
     657.919     0.996875         2496       320.00
     660.479     0.997266         2497       365.71
     662.015     0.997656         2498       426.67
     662.527     0.998047         2499       512.00
     662.527     0.998242         2499       568.89
     664.575     0.998437         2500       640.00
     664.575     0.998633         2500       731.43
     669.183     0.998828         2501       853.33
     669.183     0.999023         2501      1024.00
     669.183     0.999121         2501      1137.78
     674.303     0.999219         2502      1280.00
     674.303     0.999316         2502      1462.86
     674.303     0.999414         2502      1706.67
     674.303     0.999512         2502      2048.00
     674.303     0.999561         2502      2275.56
     675.327     0.999609         2503      2560.00
     675.327     1.000000         2503          inf
#[Mean    =      140.723, StdDeviation   =      103.727]
#[Max     =      674.816, Total count    =         2503]
#[Buckets =           27, SubBuckets     =         2048]
-----------------------------------------------------------------------
  2994 requests in 1.00m, 0.89MB read
Requests/sec:     49.90  
Transfer/sec:     15.22KB
