Running 1m test @ http://10.111.175.232/?loopCount=25&base=6&exp=6
  5 threads and 5 connections

  Thread calibration: mean lat.: 817.728ms, rate sampling interval: 2574ms
  Thread calibration: mean lat.: 526.596ms, rate sampling interval: 1625ms
  Thread calibration: mean lat.: 682.601ms, rate sampling interval: 2400ms
  Thread calibration: mean lat.: 1231.692ms, rate sampling interval: 3831ms
  Thread calibration: mean lat.: 1068.887ms, rate sampling interval: 3356ms

-----------------------------------------------------------------------
Test Results @ http://10.111.175.232/?loopCount=25&base=6&exp=6 
  Thread Stats   Avg      Stdev     99%   +/- Stdev
    Latency     5.46s     2.38s   10.15s    58.95%
    Req/Sec    12.19      0.94    15.00     95.83%
  Latency Distribution (HdrHistogram - Recorded Latency)
 50.000%    5.36s 
 75.000%    7.43s 
 90.000%    8.81s 
 99.000%   10.15s 
 99.900%   10.39s 
 99.990%   10.52s 
 99.999%   10.52s 
100.000%   10.52s 

  Detailed Percentile spectrum:
       Value   Percentile   TotalCount 1/(1-Percentile)

     895.487     0.000000            1         1.00
    2306.047     0.100000          316         1.11
    3084.287     0.200000          632         1.25
    3782.655     0.300000          948         1.43
    4521.983     0.400000         1266         1.67
    5357.567     0.500000         1580         2.00
    5726.207     0.550000         1739         2.22
    6086.655     0.600000         1895         2.50
    6582.271     0.650000         2055         2.86
    6963.199     0.700000         2211         3.33
    7430.143     0.750000         2368         4.00
    7688.191     0.775000         2448         4.44
    7958.527     0.800000         2527         5.00
    8191.999     0.825000         2605         5.71
    8355.839     0.850000         2686         6.67
    8585.215     0.875000         2768         8.00
    8708.095     0.887500         2803         8.89
    8814.591     0.900000         2845        10.00
    8896.511     0.912500         2886        11.43
    8978.431     0.925000         2922        13.33
    9093.119     0.937500         2961        16.00
    9166.847     0.943750         2980        17.78
    9265.151     0.950000         3000        20.00
    9560.063     0.956250         3022        22.86
    9592.831     0.962500         3043        26.67
    9625.599     0.968750         3061        32.00
    9715.711     0.971875         3069        35.56
    9764.863     0.975000         3079        40.00
    9797.631     0.978125         3088        45.71
    9830.399     0.981250         3098        53.33
    9904.127     0.984375         3109        64.00
    9994.239     0.985938         3113        71.11
   10018.815     0.987500         3118        80.00
   10092.543     0.989062         3123        91.43
   10182.655     0.990625         3129       106.67
   10215.423     0.992188         3133       128.00
   10223.615     0.992969         3137       142.22
   10231.807     0.993750         3138       160.00
   10248.191     0.994531         3142       182.86
   10256.383     0.995313         3144       213.33
   10264.575     0.996094         3146       256.00
   10264.575     0.996484         3146       284.44
   10280.959     0.996875         3149       320.00
   10280.959     0.997266         3149       365.71
   10346.495     0.997656         3150       426.67
   10354.687     0.998047         3151       512.00
   10379.263     0.998242         3152       568.89
   10387.455     0.998437         3154       640.00
   10387.455     0.998633         3154       731.43
   10387.455     0.998828         3154       853.33
   10387.455     0.999023         3154      1024.00
   10420.223     0.999121         3155      1137.78
   10420.223     0.999219         3155      1280.00
   10420.223     0.999316         3155      1462.86
   10428.415     0.999414         3156      1706.67
   10428.415     0.999512         3156      2048.00
   10428.415     0.999561         3156      2275.56
   10428.415     0.999609         3156      2560.00
   10428.415     0.999658         3156      2925.71
   10518.527     0.999707         3157      3413.33
   10518.527     1.000000         3157          inf
#[Mean    =     5459.407, StdDeviation   =     2378.624]
#[Max     =    10510.336, Total count    =         3157]
#[Buckets =           27, SubBuckets     =         2048]
-----------------------------------------------------------------------
  3791 requests in 1.00m, 1.13MB read
Requests/sec:     63.18  
Transfer/sec:     19.26KB
