Running 1m test @ http://10.102.207.185/?loopCount=25&base=6&exp=6
  5 threads and 5 connections

  Thread calibration: mean lat.: 1837.464ms, rate sampling interval: 6377ms
  Thread calibration: mean lat.: 1751.426ms, rate sampling interval: 5898ms
  Thread calibration: mean lat.: 1690.154ms, rate sampling interval: 6778ms
  Thread calibration: mean lat.: 1713.873ms, rate sampling interval: 6619ms
  Thread calibration: mean lat.: 2168.395ms, rate sampling interval: 7630ms

-----------------------------------------------------------------------
Test Results @ http://10.102.207.185/?loopCount=25&base=6&exp=6 
  Thread Stats   Avg      Stdev     99%   +/- Stdev
    Latency    13.93s     5.79s   23.76s    58.40%
    Req/Sec     8.37      0.59    10.00     97.14%
  Latency Distribution (HdrHistogram - Recorded Latency)
 50.000%   14.11s 
 75.000%   18.84s 
 90.000%   21.89s 
 99.000%   23.76s 
 99.900%   24.20s 
 99.990%   24.22s 
 99.999%   24.22s 
100.000%   24.22s 

  Detailed Percentile spectrum:
       Value   Percentile   TotalCount 1/(1-Percentile)

    3389.439     0.000000            1         1.00
    5656.575     0.100000          225         1.11
    7913.471     0.200000          449         1.25
    9969.663     0.300000          673         1.43
   12173.311     0.400000          898         1.67
   14114.815     0.500000         1123         2.00
   15024.127     0.550000         1234         2.22
   15917.055     0.600000         1346         2.50
   16924.671     0.650000         1458         2.86
   17956.863     0.700000         1571         3.33
   18857.983     0.750000         1685         4.00
   19382.271     0.775000         1739         4.44
   19857.407     0.800000         1796         5.00
   20348.927     0.825000         1852         5.71
   20922.367     0.850000         1911         6.67
   21446.655     0.875000         1963         8.00
   21676.031     0.887500         1994         8.89
   21889.023     0.900000         2021        10.00
   22085.631     0.912500         2049        11.43
   22315.007     0.925000         2075        13.33
   22560.767     0.937500         2103        16.00
   22691.839     0.943750         2119        17.78
   22822.911     0.950000         2131        20.00
   22970.367     0.956250         2147        22.86
   23052.287     0.962500         2161        26.67
   23199.743     0.968750         2173        32.00
   23248.895     0.971875         2180        35.56
   23330.815     0.975000         2187        40.00
   23396.351     0.978125         2195        45.71
   23445.503     0.981250         2201        53.33
   23494.655     0.984375         2209        64.00
   23560.191     0.985938         2212        71.11
   23674.879     0.987500         2215        80.00
   23724.031     0.989062         2220        91.43
   23822.335     0.990625         2222       106.67
   23887.871     0.992188         2226       128.00
   23920.639     0.992969         2231       142.22
   23920.639     0.993750         2231       160.00
   23920.639     0.994531         2231       182.86
   23986.175     0.995313         2234       213.33
   24002.559     0.996094         2235       256.00
   24018.943     0.996484         2236       284.44
   24018.943     0.996875         2236       320.00
   24035.327     0.997266         2237       365.71
   24051.711     0.997656         2238       426.67
   24100.863     0.998047         2239       512.00
   24150.015     0.998242         2240       568.89
   24150.015     0.998437         2240       640.00
   24150.015     0.998633         2240       731.43
   24199.167     0.998828         2242       853.33
   24199.167     0.999023         2242      1024.00
   24199.167     0.999121         2242      1137.78
   24199.167     0.999219         2242      1280.00
   24199.167     0.999316         2242      1462.86
   24199.167     0.999414         2242      1706.67
   24199.167     0.999512         2242      2048.00
   24215.551     0.999561         2243      2275.56
   24215.551     1.000000         2243          inf
#[Mean    =    13925.970, StdDeviation   =     5788.928]
#[Max     =    24199.168, Total count    =         2243]
#[Buckets =           27, SubBuckets     =         2048]
-----------------------------------------------------------------------
  2714 requests in 1.00m, 828.31KB read
Requests/sec:     45.23  
Transfer/sec:     13.80KB
