Running 1m test @ http://10.99.199.129/?loopCount=25&base=6&exp=6
  5 threads and 5 connections

  Thread calibration: mean lat.: 143.703ms, rate sampling interval: 516ms
  Thread calibration: mean lat.: 93.360ms, rate sampling interval: 368ms
  Thread calibration: mean lat.: 231.000ms, rate sampling interval: 1100ms
  Thread calibration: mean lat.: 123.260ms, rate sampling interval: 491ms
  Thread calibration: mean lat.: 104.729ms, rate sampling interval: 484ms

-----------------------------------------------------------------------
Test Results @ http://10.99.199.129/?loopCount=25&base=6&exp=6 
  Thread Stats   Avg      Stdev     99%   +/- Stdev
    Latency   183.08ms  149.79ms 653.31ms   83.09%
    Req/Sec     9.54      2.67    16.00     84.79%
  Latency Distribution (HdrHistogram - Recorded Latency)
 50.000%  149.38ms
 75.000%  252.54ms
 90.000%  395.01ms
 99.000%  653.31ms
 99.900%  841.73ms
 99.990%  962.56ms
 99.999%  962.56ms
100.000%  962.56ms

  Detailed Percentile spectrum:
       Value   Percentile   TotalCount 1/(1-Percentile)

      22.047     0.000000            1         1.00
      40.927     0.100000          260         1.11
      41.855     0.200000          499         1.25
      80.511     0.300000          749         1.43
     103.935     0.400000          999         1.67
     149.375     0.500000         1251         2.00
     154.751     0.550000         1375         2.22
     164.351     0.600000         1497         2.50
     189.823     0.650000         1624         2.86
     241.663     0.700000         1748         3.33
     252.799     0.750000         1872         4.00
     261.503     0.775000         1934         4.44
     283.135     0.800000         1998         5.00
     314.623     0.825000         2059         5.71
     347.391     0.850000         2122         6.67
     359.679     0.875000         2187         8.00
     381.695     0.887500         2215         8.89
     395.007     0.900000         2246        10.00
     441.343     0.912500         2277        11.43
     448.511     0.925000         2308        13.33
     460.031     0.937500         2340        16.00
     483.327     0.943750         2355        17.78
     495.615     0.950000         2371        20.00
     524.031     0.956250         2386        22.86
     547.839     0.962500         2403        26.67
     552.959     0.968750         2419        32.00
     555.519     0.971875         2425        35.56
     563.711     0.975000         2433        40.00
     575.487     0.978125         2441        45.71
     588.287     0.981250         2449        53.33
     616.959     0.984375         2457        64.00
     643.071     0.985938         2461        71.11
     647.679     0.987500         2465        80.00
     649.727     0.989062         2468        91.43
     655.871     0.990625         2472       106.67
     663.039     0.992188         2476       128.00
     668.671     0.992969         2478       142.22
     679.423     0.993750         2480       160.00
     682.495     0.994531         2482       182.86
     698.879     0.995313         2484       213.33
     740.863     0.996094         2486       256.00
     747.519     0.996484         2487       284.44
     748.543     0.996875         2488       320.00
     758.271     0.997266         2489       365.71
     762.879     0.997656         2490       426.67
     770.047     0.998047         2491       512.00
     770.047     0.998242         2491       568.89
     773.119     0.998437         2492       640.00
     773.119     0.998633         2492       731.43
     841.727     0.998828         2493       853.33
     841.727     0.999023         2493      1024.00
     841.727     0.999121         2493      1137.78
     902.655     0.999219         2494      1280.00
     902.655     0.999316         2494      1462.86
     902.655     0.999414         2494      1706.67
     902.655     0.999512         2494      2048.00
     902.655     0.999561         2494      2275.56
     962.559     0.999609         2495      2560.00
     962.559     1.000000         2495          inf
#[Mean    =      183.076, StdDeviation   =      149.794]
#[Max     =      962.048, Total count    =         2495]
#[Buckets =           27, SubBuckets     =         2048]
-----------------------------------------------------------------------
  2988 requests in 1.00m, 0.89MB read
Requests/sec:     49.79  
Transfer/sec:     15.19KB
