Running 1m test @ http://10.102.62.147/?loopCount=25&base=6&exp=6
  1 threads and 1 connections

  Thread calibration: mean lat.: 1570.878ms, rate sampling interval: 5832ms

-----------------------------------------------------------------------
Test Results @ http://10.102.62.147/?loopCount=25&base=6&exp=6 
  Thread Stats   Avg      Stdev     99%   +/- Stdev
    Latency    11.72s     4.80s   19.86s    57.21%
    Req/Sec    16.12      0.33    17.00    100.00%
  Latency Distribution (HdrHistogram - Recorded Latency)
 50.000%   11.85s 
 75.000%   16.06s 
 90.000%   18.46s 
 99.000%   19.86s 
 99.900%   19.97s 
 99.990%   20.00s 
 99.999%   20.00s 
100.000%   20.00s 

  Detailed Percentile spectrum:
       Value   Percentile   TotalCount 1/(1-Percentile)

    3334.143     0.000000            2         1.00
    5025.791     0.100000           84         1.11
    6713.343     0.200000          167         1.25
    8601.599     0.300000          250         1.43
   10174.463     0.400000          334         1.67
   11853.823     0.500000          417         2.00
   12525.567     0.550000          460         2.22
   13172.735     0.600000          501         2.50
   14032.895     0.650000          542         2.86
   14991.359     0.700000          583         3.33
   16064.511     0.750000          624         4.00
   16433.151     0.775000          645         4.44
   16859.135     0.800000          667         5.00
   17055.743     0.825000          687         5.71
   17465.343     0.850000          709         6.67
   17989.631     0.875000          728         8.00
   18235.391     0.887500          740         8.89
   18464.767     0.900000          749        10.00
   18710.527     0.912500          760        11.43
   18989.055     0.925000          771        13.33
   19136.511     0.937500          782        16.00
   19234.815     0.943750          790        17.78
   19251.199     0.950000          796        20.00
   19251.199     0.956250          796        22.86
   19283.967     0.962500          801        26.67
   19382.271     0.968750          808        32.00
   19415.039     0.971875          810        35.56
   19496.959     0.975000          813        40.00
   19546.111     0.978125          814        45.71
   19644.415     0.981250          817        53.33
   19677.183     0.984375          819        64.00
   19759.103     0.985938          821        71.11
   19808.255     0.987500          823        80.00
   19808.255     0.989062          823        91.43
   19857.407     0.990625          825       106.67
   19873.791     0.992188          826       128.00
   19890.175     0.992969          828       142.22
   19890.175     0.993750          828       160.00
   19890.175     0.994531          828       182.86
   19922.943     0.995313          830       213.33
   19922.943     0.996094          830       256.00
   19922.943     0.996484          830       284.44
   19922.943     0.996875          830       320.00
   19922.943     0.997266          830       365.71
   19972.095     0.997656          831       426.67
   19972.095     0.998047          831       512.00
   19972.095     0.998242          831       568.89
   19972.095     0.998437          831       640.00
   19972.095     0.998633          831       731.43
   20004.863     0.998828          832       853.33
   20004.863     1.000000          832          inf
#[Mean    =    11721.932, StdDeviation   =     4803.254]
#[Max     =    19988.480, Total count    =          832]
#[Buckets =           27, SubBuckets     =         2048]
-----------------------------------------------------------------------
  998 requests in 1.00m, 304.09KB read
Requests/sec:     16.63  
Transfer/sec:      5.07KB
