Running 1m test @ http://10.103.77.142/?loopCount=25&base=6&exp=6
  1 threads and 1 connections

  Thread calibration: mean lat.: 3224.791ms, rate sampling interval: 12124ms

-----------------------------------------------------------------------
Test Results @ http://10.103.77.142/?loopCount=25&base=6&exp=6 
  Thread Stats   Avg      Stdev     99%   +/- Stdev
    Latency    24.03s     9.74s   40.40s    57.95%
    Req/Sec     7.50      0.50     8.00    100.00%
  Latency Distribution (HdrHistogram - Recorded Latency)
 50.000%   24.28s 
 75.000%   32.26s 
 90.000%   37.22s 
 99.000%   40.40s 
 99.900%   40.96s 
 99.990%   40.96s 
 99.999%   40.96s 
100.000%   40.96s 

  Detailed Percentile spectrum:
       Value   Percentile   TotalCount 1/(1-Percentile)

    6696.959     0.000000            1         1.00
   10313.727     0.100000           39         1.11
   13434.879     0.200000           78         1.25
   17661.951     0.300000          117         1.43
   21020.671     0.400000          156         1.67
   24281.087     0.500000          195         2.00
   25952.255     0.550000          215         2.22
   27607.039     0.600000          234         2.50
   29294.591     0.650000          254         2.86
   30736.383     0.700000          273         3.33
   32260.095     0.750000          293         4.00
   33144.831     0.775000          303         4.44
   33783.807     0.800000          312         5.00
   34766.847     0.825000          322         5.71
   35586.047     0.850000          332         6.67
   36470.783     0.875000          342         8.00
   36863.999     0.887500          347         8.89
   37224.447     0.900000          351        10.00
   37552.127     0.912500          356        11.43
   38109.183     0.925000          361        13.33
   38633.471     0.937500          366        16.00
   38895.615     0.943750          369        17.78
   39092.223     0.950000          371        20.00
   39256.063     0.956250          373        22.86
   39518.207     0.962500          377        26.67
   39550.975     0.968750          378        32.00
   39649.279     0.971875          380        35.56
   39714.815     0.975000          381        40.00
   39878.655     0.978125          382        45.71
   40042.495     0.981250          383        53.33
   40206.335     0.984375          384        64.00
   40370.175     0.985938          385        71.11
   40402.943     0.987500          386        80.00
   40402.943     0.989062          386        91.43
   40501.247     0.990625          387       106.67
   40501.247     0.992188          387       128.00
   40632.319     0.992969          388       142.22
   40632.319     0.993750          388       160.00
   40632.319     0.994531          388       182.86
   40796.159     0.995313          389       213.33
   40796.159     0.996094          389       256.00
   40796.159     0.996484          389       284.44
   40796.159     0.996875          389       320.00
   40796.159     0.997266          389       365.71
   40959.999     0.997656          390       426.67
   40959.999     1.000000          390          inf
#[Mean    =    24032.618, StdDeviation   =     9741.336]
#[Max     =    40927.232, Total count    =          390]
#[Buckets =           27, SubBuckets     =         2048]
-----------------------------------------------------------------------
  474 requests in 1.00m, 144.75KB read
Requests/sec:      7.90  
Transfer/sec:      2.41KB
