Running 1m test @ http://10.97.57.202/?loopCount=25&base=6&exp=6
  5 threads and 5 connections

  Thread calibration: mean lat.: 215.785ms, rate sampling interval: 709ms
  Thread calibration: mean lat.: 183.268ms, rate sampling interval: 519ms
  Thread calibration: mean lat.: 197.323ms, rate sampling interval: 654ms
  Thread calibration: mean lat.: 286.232ms, rate sampling interval: 905ms
  Thread calibration: mean lat.: 113.497ms, rate sampling interval: 354ms

-----------------------------------------------------------------------
Test Results @ http://10.97.57.202/?loopCount=25&base=6&exp=6 
  Thread Stats   Avg      Stdev     99%   +/- Stdev
    Latency   223.60ms  156.83ms 887.81ms   83.26%
    Req/Sec     9.47      2.02    14.00     89.04%
  Latency Distribution (HdrHistogram - Recorded Latency)
 50.000%  184.57ms
 75.000%  279.30ms
 90.000%  372.22ms
 99.000%  887.81ms
 99.900%    1.03s 
 99.990%    1.06s 
 99.999%    1.06s 
100.000%    1.06s 

  Detailed Percentile spectrum:
       Value   Percentile   TotalCount 1/(1-Percentile)

      22.735     0.000000            1         1.00
      77.311     0.100000          250         1.11
     110.975     0.200000          500         1.25
     137.727     0.300000          751         1.43
     157.567     0.400000          999         1.67
     184.575     0.500000         1249         2.00
     212.223     0.550000         1375         2.22
     226.047     0.600000         1499         2.50
     244.223     0.650000         1624         2.86
     257.279     0.700000         1748         3.33
     279.295     0.750000         1873         4.00
     287.999     0.775000         1937         4.44
     312.575     0.800000         2000         5.00
     324.607     0.825000         2061         5.71
     337.151     0.850000         2123         6.67
     352.767     0.875000         2185         8.00
     359.167     0.887500         2220         8.89
     373.759     0.900000         2248        10.00
     387.583     0.912500         2279        11.43
     413.951     0.925000         2310        13.33
     449.023     0.937500         2341        16.00
     460.287     0.943750         2358        17.78
     508.415     0.950000         2373        20.00
     540.159     0.956250         2388        22.86
     574.975     0.962500         2404        26.67
     655.871     0.968750         2419        32.00
     687.103     0.971875         2427        35.56
     729.087     0.975000         2435        40.00
     766.463     0.978125         2443        45.71
     820.735     0.981250         2451        53.33
     850.431     0.984375         2458        64.00
     858.623     0.985938         2462        71.11
     869.887     0.987500         2466        80.00
     885.247     0.989062         2470        91.43
     909.823     0.990625         2474       106.67
     914.431     0.992188         2478       128.00
     918.015     0.992969         2480       142.22
     922.111     0.993750         2482       160.00
     928.255     0.994531         2484       182.86
     943.615     0.995313         2486       213.33
     954.879     0.996094         2488       256.00
     968.703     0.996484         2489       284.44
     976.895     0.996875         2491       320.00
     976.895     0.997266         2491       365.71
     984.575     0.997656         2492       426.67
    1011.711     0.998047         2493       512.00
    1011.711     0.998242         2493       568.89
    1012.223     0.998437         2494       640.00
    1012.223     0.998633         2494       731.43
    1032.703     0.998828         2495       853.33
    1032.703     0.999023         2495      1024.00
    1032.703     0.999121         2495      1137.78
    1043.455     0.999219         2496      1280.00
    1043.455     0.999316         2496      1462.86
    1043.455     0.999414         2496      1706.67
    1043.455     0.999512         2496      2048.00
    1043.455     0.999561         2496      2275.56
    1059.839     0.999609         2497      2560.00
    1059.839     1.000000         2497          inf
#[Mean    =      223.604, StdDeviation   =      156.826]
#[Max     =     1058.816, Total count    =         2497]
#[Buckets =           27, SubBuckets     =         2048]
-----------------------------------------------------------------------
  2983 requests in 1.00m, 0.89MB read
Requests/sec:     49.71  
Transfer/sec:     15.17KB
