Running 1m test @ http://10.102.207.185/?loopCount=25&base=6&exp=6
  1 threads and 1 connections

  Thread calibration: mean lat.: 3335.233ms, rate sampling interval: 11943ms

-----------------------------------------------------------------------
Test Results @ http://10.102.207.185/?loopCount=25&base=6&exp=6 
  Thread Stats   Avg      Stdev     99%   +/- Stdev
    Latency    24.58s     9.92s   41.16s    58.12%
    Req/Sec     7.00      0.00     7.00    100.00%
  Latency Distribution (HdrHistogram - Recorded Latency)
 50.000%   24.64s 
 75.000%   33.21s 
 90.000%   38.40s 
 99.000%   41.16s 
 99.900%   41.52s 
 99.990%   41.52s 
 99.999%   41.52s 
100.000%   41.52s 

  Detailed Percentile spectrum:
       Value   Percentile   TotalCount 1/(1-Percentile)

    6815.743     0.000000            1         1.00
   10838.015     0.100000           39         1.11
   14385.151     0.200000           77         1.25
   17858.559     0.300000          115         1.43
   20873.215     0.400000          153         1.67
   24641.535     0.500000          191         2.00
   26542.079     0.550000          211         2.22
   28180.479     0.600000          230         2.50
   29605.887     0.650000          249         2.86
   31457.279     0.700000          268         3.33
   33210.367     0.750000          287         4.00
   34177.023     0.775000          297         4.44
   35028.991     0.800000          306         5.00
   35946.495     0.825000          316         5.71
   36569.087     0.850000          325         6.67
   37388.287     0.875000          335         8.00
   37978.111     0.887500          340         8.89
   38404.095     0.900000          344        10.00
   38797.311     0.912500          350        11.43
   39092.223     0.925000          354        13.33
   39518.207     0.937500          359        16.00
   39747.583     0.943750          361        17.78
   39944.191     0.950000          363        20.00
   40239.103     0.956250          366        22.86
   40370.175     0.962500          368        26.67
   40534.015     0.968750          371        32.00
   40632.319     0.971875          372        35.56
   40730.623     0.975000          374        40.00
   40730.623     0.978125          374        45.71
   40861.695     0.981250          375        53.33
   41091.071     0.984375          377        64.00
   41091.071     0.985938          377        71.11
   41156.607     0.987500          378        80.00
   41156.607     0.989062          378        91.43
   41222.143     0.990625          379       106.67
   41320.447     0.992188          380       128.00
   41320.447     0.992969          380       142.22
   41320.447     0.993750          380       160.00
   41320.447     0.994531          380       182.86
   41418.751     0.995313          381       213.33
   41418.751     0.996094          381       256.00
   41418.751     0.996484          381       284.44
   41418.751     0.996875          381       320.00
   41418.751     0.997266          381       365.71
   41517.055     0.997656          382       426.67
   41517.055     1.000000          382          inf
#[Mean    =    24582.407, StdDeviation   =     9915.264]
#[Max     =    41484.288, Total count    =          382]
#[Buckets =           27, SubBuckets     =         2048]
-----------------------------------------------------------------------
  462 requests in 1.00m, 141.10KB read
Requests/sec:      7.70  
Transfer/sec:      2.35KB
