Running 1m test @ http://10.99.199.129/?loopCount=25&base=6&exp=6
  5 threads and 5 connections

  Thread calibration: mean lat.: 758.127ms, rate sampling interval: 3444ms
  Thread calibration: mean lat.: 940.313ms, rate sampling interval: 4005ms
  Thread calibration: mean lat.: 902.454ms, rate sampling interval: 2871ms
  Thread calibration: mean lat.: 993.754ms, rate sampling interval: 3258ms
  Thread calibration: mean lat.: 646.343ms, rate sampling interval: 1774ms

-----------------------------------------------------------------------
Test Results @ http://10.99.199.129/?loopCount=25&base=6&exp=6 
  Thread Stats   Avg      Stdev     99%   +/- Stdev
    Latency     6.31s     2.94s   13.50s    61.79%
    Req/Sec    11.51      1.78    15.00     90.70%
  Latency Distribution (HdrHistogram - Recorded Latency)
 50.000%    6.08s 
 75.000%    8.38s 
 90.000%   10.35s 
 99.000%   13.50s 
 99.900%   13.81s 
 99.990%   13.84s 
 99.999%   13.84s 
100.000%   13.84s 

  Detailed Percentile spectrum:
       Value   Percentile   TotalCount 1/(1-Percentile)

    1039.359     0.000000            1         1.00
    2670.591     0.100000          302         1.11
    3291.135     0.200000          604         1.25
    4718.591     0.300000          906         1.43
    5283.839     0.400000         1209         1.67
    6082.559     0.500000         1511         2.00
    6365.183     0.550000         1661         2.22
    6983.679     0.600000         1812         2.50
    7528.447     0.650000         1963         2.86
    7925.759     0.700000         2114         3.33
    8380.415     0.750000         2265         4.00
    8691.711     0.775000         2343         4.44
    8978.431     0.800000         2419         5.00
    9306.111     0.825000         2493         5.71
    9502.719     0.850000         2568         6.67
    9666.559     0.875000         2645         8.00
   10043.391     0.887500         2683         8.89
   10354.687     0.900000         2719        10.00
   10764.287     0.912500         2757        11.43
   10952.703     0.925000         2794        13.33
   11173.887     0.937500         2832        16.00
   11444.223     0.943750         2851        17.78
   11567.103     0.950000         2869        20.00
   11640.831     0.956250         2888        22.86
   11878.399     0.962500         2907        26.67
   12378.111     0.968750         2926        32.00
   12476.415     0.971875         2936        35.56
   12566.527     0.975000         2945        40.00
   12820.479     0.978125         2954        45.71
   12984.319     0.981250         2964        53.33
   13393.919     0.984375         2973        64.00
   13434.879     0.985938         2980        71.11
   13451.263     0.987500         2983        80.00
   13475.839     0.989062         2987        91.43
   13500.415     0.990625         2992       106.67
   13516.799     0.992188         2997       128.00
   13524.991     0.992969         2999       142.22
   13541.375     0.993750         3002       160.00
   13557.759     0.994531         3005       182.86
   13582.335     0.995313         3006       213.33
   13615.103     0.996094         3009       256.00
   13639.679     0.996484         3010       284.44
   13647.871     0.996875         3011       320.00
   13664.255     0.997266         3012       365.71
   13672.447     0.997656         3013       426.67
   13721.599     0.998047         3015       512.00
   13721.599     0.998242         3015       568.89
   13787.135     0.998437         3016       640.00
   13787.135     0.998633         3016       731.43
   13811.711     0.998828         3017       853.33
   13819.903     0.999023         3018      1024.00
   13819.903     0.999121         3018      1137.78
   13819.903     0.999219         3018      1280.00
   13819.903     0.999316         3018      1462.86
   13844.479     0.999414         3020      1706.67
   13844.479     1.000000         3020          inf
#[Mean    =     6311.938, StdDeviation   =     2942.750]
#[Max     =    13836.288, Total count    =         3020]
#[Buckets =           27, SubBuckets     =         2048]
-----------------------------------------------------------------------
  3640 requests in 1.00m, 1.08MB read
Requests/sec:     60.66  
Transfer/sec:     18.50KB
