Running 1m test @ http://10.106.106.124/?loopCount=25&base=6&exp=6
  5 threads and 5 connections

  Thread calibration: mean lat.: 78.966ms, rate sampling interval: 260ms
  Thread calibration: mean lat.: 88.182ms, rate sampling interval: 297ms
  Thread calibration: mean lat.: 215.297ms, rate sampling interval: 913ms
  Thread calibration: mean lat.: 79.452ms, rate sampling interval: 269ms
  Thread calibration: mean lat.: 127.471ms, rate sampling interval: 542ms

-----------------------------------------------------------------------
Test Results @ http://10.106.106.124/?loopCount=25&base=6&exp=6 
  Thread Stats   Avg      Stdev     99%   +/- Stdev
    Latency   151.92ms  113.54ms 521.73ms   84.37%
    Req/Sec     9.55      3.08    18.00     84.08%
  Latency Distribution (HdrHistogram - Recorded Latency)
 50.000%  122.18ms
 75.000%  217.73ms
 90.000%  318.72ms
 99.000%  521.73ms
 99.900%  615.42ms
 99.990%  630.78ms
 99.999%  630.78ms
100.000%  630.78ms

  Detailed Percentile spectrum:
       Value   Percentile   TotalCount 1/(1-Percentile)

      26.287     0.000000            1         1.00
      44.831     0.100000          252         1.11
      54.079     0.200000          501         1.25
      62.815     0.300000          751         1.43
     111.359     0.400000         1002         1.67
     122.175     0.500000         1251         2.00
     128.895     0.550000         1377         2.22
     137.215     0.600000         1503         2.50
     154.879     0.650000         1627         2.86
     177.663     0.700000         1752         3.33
     217.727     0.750000         1879         4.00
     222.975     0.775000         1941         4.44
     230.271     0.800000         2003         5.00
     243.967     0.825000         2065         5.71
     259.967     0.850000         2127         6.67
     310.527     0.875000         2191         8.00
     313.855     0.887500         2221         8.89
     318.719     0.900000         2253        10.00
     323.839     0.912500         2284        11.43
     335.871     0.925000         2316        13.33
     346.623     0.937500         2346        16.00
     360.959     0.943750         2362        17.78
     406.783     0.950000         2377        20.00
     417.023     0.956250         2393        22.86
     424.191     0.962500         2409        26.67
     437.503     0.968750         2425        32.00
     444.159     0.971875         2432        35.56
     459.263     0.975000         2440        40.00
     464.639     0.978125         2448        45.71
     486.143     0.981250         2456        53.33
     513.023     0.984375         2463        64.00
     515.839     0.985938         2467        71.11
     517.375     0.987500         2471        80.00
     519.423     0.989062         2475        91.43
     525.823     0.990625         2481       106.67
     530.431     0.992188         2483       128.00
     534.015     0.992969         2485       142.22
     537.087     0.993750         2487       160.00
     540.671     0.994531         2489       182.86
     548.863     0.995313         2491       213.33
     555.519     0.996094         2493       256.00
     561.663     0.996484         2494       284.44
     563.711     0.996875         2495       320.00
     570.879     0.997266         2496       365.71
     612.863     0.997656         2497       426.67
     613.887     0.998047         2498       512.00
     613.887     0.998242         2498       568.89
     615.423     0.998437         2499       640.00
     615.423     0.998633         2499       731.43
     621.567     0.998828         2500       853.33
     621.567     0.999023         2500      1024.00
     621.567     0.999121         2500      1137.78
     626.687     0.999219         2501      1280.00
     626.687     0.999316         2501      1462.86
     626.687     0.999414         2501      1706.67
     626.687     0.999512         2501      2048.00
     626.687     0.999561         2501      2275.56
     630.783     0.999609         2502      2560.00
     630.783     1.000000         2502          inf
#[Mean    =      151.919, StdDeviation   =      113.537]
#[Max     =      630.272, Total count    =         2502]
#[Buckets =           27, SubBuckets     =         2048]
-----------------------------------------------------------------------
  2990 requests in 1.00m, 0.89MB read
Requests/sec:     49.83  
Transfer/sec:     15.20KB
