Running 1m test @ http://10.106.106.124/?loopCount=25&base=6&exp=6
  5 threads and 5 connections

  Thread calibration: mean lat.: 125.618ms, rate sampling interval: 455ms
  Thread calibration: mean lat.: 139.737ms, rate sampling interval: 551ms
  Thread calibration: mean lat.: 82.331ms, rate sampling interval: 298ms
  Thread calibration: mean lat.: 153.807ms, rate sampling interval: 504ms
  Thread calibration: mean lat.: 300.548ms, rate sampling interval: 968ms

-----------------------------------------------------------------------
Test Results @ http://10.106.106.124/?loopCount=25&base=6&exp=6 
  Thread Stats   Avg      Stdev     99%   +/- Stdev
    Latency   499.46ms  406.20ms   1.80s    78.35%
    Req/Sec    14.16      3.55    23.00     81.01%
  Latency Distribution (HdrHistogram - Recorded Latency)
 50.000%  417.28ms
 75.000%  619.52ms
 90.000%  992.26ms
 99.000%    1.80s 
 99.900%    2.02s 
 99.990%    2.09s 
 99.999%    2.09s 
100.000%    2.09s 

  Detailed Percentile spectrum:
       Value   Percentile   TotalCount 1/(1-Percentile)

      25.999     0.000000            1         1.00
      93.695     0.100000          368         1.11
     174.975     0.200000          736         1.25
     263.423     0.300000         1104         1.43
     342.015     0.400000         1473         1.67
     417.279     0.500000         1843         2.00
     449.791     0.550000         2024         2.22
     482.815     0.600000         2210         2.50
     520.191     0.650000         2393         2.86
     567.807     0.700000         2575         3.33
     619.519     0.750000         2758         4.00
     653.311     0.775000         2850         4.44
     690.687     0.800000         2942         5.00
     744.959     0.825000         3035         5.71
     799.743     0.850000         3126         6.67
     876.543     0.875000         3218         8.00
     925.183     0.887500         3265         8.89
     992.767     0.900000         3310        10.00
    1088.511     0.912500         3356        11.43
    1193.983     0.925000         3402        13.33
    1486.847     0.937500         3448        16.00
    1557.503     0.943750         3471        17.78
    1589.247     0.950000         3494        20.00
    1617.919     0.956250         3519        22.86
    1637.375     0.962500         3541        26.67
    1660.927     0.968750         3563        32.00
    1670.143     0.971875         3575        35.56
    1685.503     0.975000         3586        40.00
    1700.863     0.978125         3597        45.71
    1722.367     0.981250         3609        53.33
    1754.111     0.984375         3620        64.00
    1772.543     0.985938         3626        71.11
    1789.951     0.987500         3632        80.00
    1796.095     0.989062         3637        91.43
    1807.359     0.990625         3643       106.67
    1818.623     0.992188         3650       128.00
    1827.839     0.992969         3652       142.22
    1838.079     0.993750         3656       160.00
    1850.367     0.994531         3657       182.86
    1915.903     0.995313         3660       213.33
    1923.071     0.996094         3664       256.00
    1937.407     0.996484         3665       284.44
    1943.551     0.996875         3666       320.00
    1945.599     0.997266         3667       365.71
    1970.175     0.997656         3669       426.67
    1973.247     0.998047         3670       512.00
    2001.919     0.998242         3671       568.89
    2014.207     0.998437         3672       640.00
    2014.207     0.998633         3672       731.43
    2015.231     0.998828         3673       853.33
    2024.447     0.999023         3674      1024.00
    2024.447     0.999121         3674      1137.78
    2041.855     0.999219         3675      1280.00
    2041.855     0.999316         3675      1462.86
    2041.855     0.999414         3675      1706.67
    2066.431     0.999512         3676      2048.00
    2066.431     0.999561         3676      2275.56
    2066.431     0.999609         3676      2560.00
    2066.431     0.999658         3676      2925.71
    2066.431     0.999707         3676      3413.33
    2091.007     0.999756         3677      4096.00
    2091.007     1.000000         3677          inf
#[Mean    =      499.462, StdDeviation   =      406.202]
#[Max     =     2089.984, Total count    =         3677]
#[Buckets =           27, SubBuckets     =         2048]
-----------------------------------------------------------------------
  4418 requests in 1.00m, 1.32MB read
Requests/sec:     73.63  
Transfer/sec:     22.44KB
