Running 1m test @ http://10.106.106.124/?loopCount=25&base=6&exp=6
  5 threads and 5 connections

  Thread calibration: mean lat.: 103.678ms, rate sampling interval: 439ms
  Thread calibration: mean lat.: 178.541ms, rate sampling interval: 881ms
  Thread calibration: mean lat.: 116.834ms, rate sampling interval: 493ms
  Thread calibration: mean lat.: 111.567ms, rate sampling interval: 437ms
  Thread calibration: mean lat.: 106.695ms, rate sampling interval: 442ms

-----------------------------------------------------------------------
Test Results @ http://10.106.106.124/?loopCount=25&base=6&exp=6 
  Thread Stats   Avg      Stdev     99%   +/- Stdev
    Latency   126.96ms   93.39ms 432.89ms   82.48%
    Req/Sec     9.70      2.03    15.00     80.89%
  Latency Distribution (HdrHistogram - Recorded Latency)
 50.000%  112.32ms
 75.000%  160.38ms
 90.000%  256.13ms
 99.000%  432.89ms
 99.900%  530.94ms
 99.990%  613.89ms
 99.999%  613.89ms
100.000%  613.89ms

  Detailed Percentile spectrum:
       Value   Percentile   TotalCount 1/(1-Percentile)

      21.647     0.000000            1         1.00
      43.679     0.100000          250         1.11
      50.751     0.200000          500         1.25
      60.703     0.300000          750         1.43
      65.919     0.400000         1000         1.67
     112.319     0.500000         1250         2.00
     117.439     0.550000         1375         2.22
     121.407     0.600000         1500         2.50
     128.511     0.650000         1625         2.86
     137.599     0.700000         1750         3.33
     160.383     0.750000         1875         4.00
     178.303     0.775000         1938         4.44
     212.863     0.800000         2000         5.00
     218.239     0.825000         2063         5.71
     226.303     0.850000         2125         6.67
     236.671     0.875000         2190         8.00
     243.071     0.887500         2219         8.89
     256.127     0.900000         2250        10.00
     263.679     0.912500         2283        11.43
     310.015     0.925000         2314        13.33
     314.879     0.937500         2344        16.00
     318.207     0.943750         2362        17.78
     321.279     0.950000         2375        20.00
     326.911     0.956250         2391        22.86
     329.727     0.962500         2407        26.67
     336.127     0.968750         2422        32.00
     342.015     0.971875         2430        35.56
     350.719     0.975000         2438        40.00
     360.191     0.978125         2446        45.71
     401.663     0.981250         2454        53.33
     414.463     0.984375         2461        64.00
     418.303     0.985938         2465        71.11
     423.935     0.987500         2469        80.00
     429.311     0.989062         2473        91.43
     436.735     0.990625         2477       106.67
     456.703     0.992188         2481       128.00
     461.311     0.992969         2483       142.22
     464.639     0.993750         2485       160.00
     510.719     0.994531         2487       182.86
     511.743     0.995313         2489       213.33
     515.839     0.996094         2491       256.00
     519.679     0.996484         2493       284.44
     519.679     0.996875         2493       320.00
     520.447     0.997266         2494       365.71
     524.031     0.997656         2495       426.67
     525.311     0.998047         2496       512.00
     525.311     0.998242         2496       568.89
     527.871     0.998437         2497       640.00
     527.871     0.998633         2497       731.43
     530.943     0.998828         2498       853.33
     530.943     0.999023         2498      1024.00
     530.943     0.999121         2498      1137.78
     561.663     0.999219         2499      1280.00
     561.663     0.999316         2499      1462.86
     561.663     0.999414         2499      1706.67
     561.663     0.999512         2499      2048.00
     561.663     0.999561         2499      2275.56
     613.887     0.999609         2500      2560.00
     613.887     1.000000         2500          inf
#[Mean    =      126.955, StdDeviation   =       93.385]
#[Max     =      613.376, Total count    =         2500]
#[Buckets =           27, SubBuckets     =         2048]
-----------------------------------------------------------------------
  2987 requests in 1.00m, 0.89MB read
Requests/sec:     49.78  
Transfer/sec:     15.18KB
