Running 1m test @ http://10.97.57.202/?loopCount=25&base=6&exp=6
  5 threads and 5 connections

  Thread calibration: mean lat.: 1302.533ms, rate sampling interval: 5545ms
  Thread calibration: mean lat.: 1541.466ms, rate sampling interval: 5361ms
  Thread calibration: mean lat.: 1539.518ms, rate sampling interval: 5746ms
  Thread calibration: mean lat.: 1327.172ms, rate sampling interval: 5062ms
  Thread calibration: mean lat.: 1225.139ms, rate sampling interval: 4395ms

-----------------------------------------------------------------------
Test Results @ http://10.97.57.202/?loopCount=25&base=6&exp=6 
  Thread Stats   Avg      Stdev     99%   +/- Stdev
    Latency    10.91s     4.54s   19.05s    58.00%
    Req/Sec     9.80      0.58    11.00    100.00%
  Latency Distribution (HdrHistogram - Recorded Latency)
 50.000%   10.94s 
 75.000%   14.68s 
 90.000%   17.27s 
 99.000%   19.05s 
 99.900%   19.46s 
 99.990%   19.55s 
 99.999%   19.55s 
100.000%   19.55s 

  Detailed Percentile spectrum:
       Value   Percentile   TotalCount 1/(1-Percentile)

    2387.967     0.000000            1         1.00
    4624.383     0.100000          256         1.11
    6053.887     0.200000          511         1.25
    7860.223     0.300000          767         1.43
    9486.335     0.400000         1022         1.67
   10936.319     0.500000         1279         2.00
   11624.447     0.550000         1406         2.22
   12337.151     0.600000         1533         2.50
   13000.703     0.650000         1662         2.86
   13787.135     0.700000         1791         3.33
   14688.255     0.750000         1920         4.00
   15220.735     0.775000         1981         4.44
   15515.647     0.800000         2044         5.00
   15990.783     0.825000         2111         5.71
   16433.151     0.850000         2173         6.67
   16875.519     0.875000         2237         8.00
   17088.511     0.887500         2271         8.89
   17268.735     0.900000         2302        10.00
   17481.727     0.912500         2332        11.43
   17727.487     0.925000         2365        13.33
   17891.327     0.937500         2397        16.00
   17956.863     0.943750         2417        17.78
   18055.167     0.950000         2429        20.00
   18137.087     0.956250         2445        22.86
   18219.007     0.962500         2460        26.67
   18366.463     0.968750         2477        32.00
   18399.231     0.971875         2484        35.56
   18464.767     0.975000         2493        40.00
   18563.071     0.978125         2501        45.71
   18694.143     0.981250         2508        53.33
   18808.831     0.984375         2516        64.00
   18857.983     0.985938         2520        71.11
   18956.287     0.987500         2525        80.00
   19054.591     0.989062         2530        91.43
   19087.359     0.990625         2533       106.67
   19136.511     0.992188         2537       128.00
   19169.279     0.992969         2538       142.22
   19185.663     0.993750         2540       160.00
   19218.431     0.994531         2544       182.86
   19218.431     0.995313         2544       213.33
   19267.583     0.996094         2546       256.00
   19316.735     0.996484         2547       284.44
   19333.119     0.996875         2548       320.00
   19365.887     0.997266         2549       365.71
   19415.039     0.997656         2550       426.67
   19431.423     0.998047         2551       512.00
   19431.423     0.998242         2551       568.89
   19464.191     0.998437         2553       640.00
   19464.191     0.998633         2553       731.43
   19464.191     0.998828         2553       853.33
   19464.191     0.999023         2553      1024.00
   19464.191     0.999121         2553      1137.78
   19513.343     0.999219         2554      1280.00
   19513.343     0.999316         2554      1462.86
   19513.343     0.999414         2554      1706.67
   19513.343     0.999512         2554      2048.00
   19513.343     0.999561         2554      2275.56
   19546.111     0.999609         2555      2560.00
   19546.111     1.000000         2555          inf
#[Mean    =    10907.693, StdDeviation   =     4541.702]
#[Max     =    19529.728, Total count    =         2555]
#[Buckets =           27, SubBuckets     =         2048]
-----------------------------------------------------------------------
  3083 requests in 1.00m, 0.92MB read
Requests/sec:     51.38  
Transfer/sec:     15.67KB
