Running 1m test @ http://10.111.175.232/?loopCount=25&base=6&exp=6
  5 threads and 5 connections

  Thread calibration: mean lat.: 631.593ms, rate sampling interval: 2369ms
  Thread calibration: mean lat.: 759.908ms, rate sampling interval: 2992ms
  Thread calibration: mean lat.: 630.421ms, rate sampling interval: 2408ms
  Thread calibration: mean lat.: 835.017ms, rate sampling interval: 2785ms
  Thread calibration: mean lat.: 628.864ms, rate sampling interval: 2238ms

-----------------------------------------------------------------------
Test Results @ http://10.111.175.232/?loopCount=25&base=6&exp=6 
  Thread Stats   Avg      Stdev     99%   +/- Stdev
    Latency     5.61s     2.55s   10.53s    61.00%
    Req/Sec    12.00      1.07    15.00     97.92%
  Latency Distribution (HdrHistogram - Recorded Latency)
 50.000%    5.70s 
 75.000%    7.70s 
 90.000%    9.08s 
 99.000%   10.53s 
 99.900%   10.82s 
 99.990%   10.85s 
 99.999%   10.85s 
100.000%   10.85s 

  Detailed Percentile spectrum:
       Value   Percentile   TotalCount 1/(1-Percentile)

    1251.327     0.000000            1         1.00
    2179.071     0.100000          315         1.11
    3045.375     0.200000          625         1.25
    3778.559     0.300000          938         1.43
    4632.575     0.400000         1250         1.67
    5697.535     0.500000         1563         2.00
    6045.695     0.550000         1719         2.22
    6447.103     0.600000         1878         2.50
    6905.855     0.650000         2032         2.86
    7397.375     0.700000         2188         3.33
    7700.479     0.750000         2344         4.00
    7856.127     0.775000         2423         4.44
    8019.967     0.800000         2500         5.00
    8220.671     0.825000         2579         5.71
    8503.295     0.850000         2655         6.67
    8888.319     0.875000         2734         8.00
    8986.623     0.887500         2774         8.89
    9084.927     0.900000         2813        10.00
    9191.423     0.912500         2852        11.43
    9379.839     0.925000         2889        13.33
    9601.023     0.937500         2929        16.00
    9674.751     0.943750         2949        17.78
    9822.207     0.950000         2970        20.00
    9986.047     0.956250         2990        22.86
   10043.391     0.962500         3006        26.67
   10166.271     0.968750         3026        32.00
   10215.423     0.971875         3036        35.56
   10256.383     0.975000         3047        40.00
   10305.535     0.978125         3056        45.71
   10379.263     0.981250         3065        53.33
   10485.759     0.984375         3077        64.00
   10493.951     0.985938         3081        71.11
   10510.335     0.987500         3084        80.00
   10526.719     0.989062         3093        91.43
   10534.911     0.990625         3094       106.67
   10592.255     0.992188         3100       128.00
   10608.639     0.992969         3102       142.22
   10616.831     0.993750         3105       160.00
   10625.023     0.994531         3106       182.86
   10657.791     0.995313         3109       213.33
   10665.983     0.996094         3111       256.00
   10690.559     0.996484         3115       284.44
   10690.559     0.996875         3115       320.00
   10690.559     0.997266         3115       365.71
   10797.055     0.997656         3117       426.67
   10797.055     0.998047         3117       512.00
   10821.631     0.998242         3120       568.89
   10821.631     0.998437         3120       640.00
   10821.631     0.998633         3120       731.43
   10821.631     0.998828         3120       853.33
   10821.631     0.999023         3120      1024.00
   10829.823     0.999121         3121      1137.78
   10829.823     0.999219         3121      1280.00
   10829.823     0.999316         3121      1462.86
   10846.207     0.999414         3122      1706.67
   10846.207     0.999512         3122      2048.00
   10846.207     0.999561         3122      2275.56
   10846.207     0.999609         3122      2560.00
   10846.207     0.999658         3122      2925.71
   10854.399     0.999707         3123      3413.33
   10854.399     1.000000         3123          inf
#[Mean    =     5613.318, StdDeviation   =     2545.553]
#[Max     =    10846.208, Total count    =         3123]
#[Buckets =           27, SubBuckets     =         2048]
-----------------------------------------------------------------------
  3763 requests in 1.00m, 1.12MB read
Requests/sec:     62.71  
Transfer/sec:     19.12KB
