Running 1m test @ http://10.102.62.147/?loopCount=25&base=6&exp=6
  5 threads and 5 connections

  Thread calibration: mean lat.: 522.441ms, rate sampling interval: 2091ms
  Thread calibration: mean lat.: 801.588ms, rate sampling interval: 3395ms
  Thread calibration: mean lat.: 502.172ms, rate sampling interval: 1905ms
  Thread calibration: mean lat.: 606.325ms, rate sampling interval: 2502ms
  Thread calibration: mean lat.: 681.442ms, rate sampling interval: 2365ms

-----------------------------------------------------------------------
Test Results @ http://10.102.62.147/?loopCount=25&base=6&exp=6 
  Thread Stats   Avg      Stdev     99%   +/- Stdev
    Latency     5.10s     2.31s    9.83s    59.74%
    Req/Sec    12.10      1.04    14.00     94.17%
  Latency Distribution (HdrHistogram - Recorded Latency)
 50.000%    4.85s 
 75.000%    6.98s 
 90.000%    8.43s 
 99.000%    9.83s 
 99.900%   10.35s 
 99.990%   10.41s 
 99.999%   10.41s 
100.000%   10.41s 

  Detailed Percentile spectrum:
       Value   Percentile   TotalCount 1/(1-Percentile)

     980.991     0.000000            1         1.00
    2080.767     0.100000          316         1.11
    2885.631     0.200000          631         1.25
    3420.159     0.300000          947         1.43
    4255.743     0.400000         1263         1.67
    4849.663     0.500000         1578         2.00
    5345.279     0.550000         1735         2.22
    5648.383     0.600000         1892         2.50
    6074.367     0.650000         2049         2.86
    6492.159     0.700000         2210         3.33
    6975.487     0.750000         2364         4.00
    7249.919     0.775000         2443         4.44
    7520.255     0.800000         2522         5.00
    7806.975     0.825000         2601         5.71
    8007.679     0.850000         2681         6.67
    8118.271     0.875000         2759         8.00
    8232.959     0.887500         2798         8.89
    8429.567     0.900000         2839        10.00
    8593.407     0.912500         2880        11.43
    8699.903     0.925000         2916        13.33
    8790.015     0.937500         2955        16.00
    8855.551     0.943750         2975        17.78
    8962.047     0.950000         2995        20.00
    9027.583     0.956250         3015        22.86
    9117.695     0.962500         3034        26.67
    9256.959     0.968750         3056        32.00
    9297.919     0.971875         3064        35.56
    9330.687     0.975000         3075        40.00
    9412.607     0.978125         3085        45.71
    9469.951     0.981250         3093        53.33
    9592.831     0.984375         3103        64.00
    9609.215     0.985938         3108        71.11
    9691.135     0.987500         3113        80.00
    9814.015     0.989062         3118        91.43
    9846.783     0.990625         3123       106.67
    9920.511     0.992188         3128       128.00
    9928.703     0.992969         3130       142.22
    9953.279     0.993750         3135       160.00
    9953.279     0.994531         3135       182.86
    9969.663     0.995313         3138       213.33
    9977.855     0.996094         3140       256.00
    9986.047     0.996484         3141       284.44
    9994.239     0.996875         3143       320.00
   10076.159     0.997266         3144       365.71
   10149.887     0.997656         3146       426.67
   10149.887     0.998047         3146       512.00
   10272.767     0.998242         3147       568.89
   10313.727     0.998437         3148       640.00
   10313.727     0.998633         3148       731.43
   10346.495     0.998828         3149       853.33
   10346.495     0.999023         3149      1024.00
   10354.687     0.999121         3150      1137.78
   10354.687     0.999219         3150      1280.00
   10354.687     0.999316         3150      1462.86
   10379.263     0.999414         3151      1706.67
   10379.263     0.999512         3151      2048.00
   10379.263     0.999561         3151      2275.56
   10379.263     0.999609         3151      2560.00
   10379.263     0.999658         3151      2925.71
   10412.031     0.999707         3152      3413.33
   10412.031     1.000000         3152          inf
#[Mean    =     5102.651, StdDeviation   =     2309.790]
#[Max     =    10403.840, Total count    =         3152]
#[Buckets =           27, SubBuckets     =         2048]
-----------------------------------------------------------------------
  3794 requests in 1.00m, 1.13MB read
Requests/sec:     63.23  
Transfer/sec:     19.28KB
