Running 1m test @ http://10.108.10.66/?loopCount=25&base=6&exp=6
  5 threads and 5 connections

  Thread calibration: mean lat.: 1664.204ms, rate sampling interval: 5959ms
  Thread calibration: mean lat.: 1732.646ms, rate sampling interval: 6696ms
  Thread calibration: mean lat.: 2077.420ms, rate sampling interval: 8093ms
  Thread calibration: mean lat.: 2167.516ms, rate sampling interval: 7757ms
  Thread calibration: mean lat.: 1340.160ms, rate sampling interval: 5685ms

-----------------------------------------------------------------------
Test Results @ http://10.108.10.66/?loopCount=25&base=6&exp=6 
  Thread Stats   Avg      Stdev     99%   +/- Stdev
    Latency    13.37s     5.51s   23.13s    58.54%
    Req/Sec     8.89      0.57    10.00    100.00%
  Latency Distribution (HdrHistogram - Recorded Latency)
 50.000%   13.38s 
 75.000%   18.02s 
 90.000%   21.10s 
 99.000%   23.13s 
 99.900%   24.31s 
 99.990%   24.36s 
 99.999%   24.36s 
100.000%   24.36s 

  Detailed Percentile spectrum:
       Value   Percentile   TotalCount 1/(1-Percentile)

    3254.271     0.000000            1         1.00
    5783.551     0.100000          233         1.11
    7622.655     0.200000          465         1.25
    9453.567     0.300000          698         1.43
   11460.607     0.400000          931         1.67
   13377.535     0.500000         1163         2.00
   14221.311     0.550000         1279         2.22
   15335.423     0.600000         1395         2.50
   16261.119     0.650000         1513         2.86
   17170.431     0.700000         1630         3.33
   18022.399     0.750000         1745         4.00
   18481.151     0.775000         1804         4.44
   18923.519     0.800000         1860         5.00
   19562.495     0.825000         1920         5.71
   20135.935     0.850000         1978         6.67
   20512.767     0.875000         2036         8.00
   20873.215     0.887500         2064         8.89
   21102.591     0.900000         2093        10.00
   21315.583     0.912500         2123        11.43
   21528.575     0.925000         2152        13.33
   21692.415     0.937500         2183        16.00
   21741.567     0.943750         2195        17.78
   21872.639     0.950000         2209        20.00
   22102.015     0.956250         2225        22.86
   22183.935     0.962500         2240        26.67
   22364.159     0.968750         2254        32.00
   22478.847     0.971875         2260        35.56
   22577.151     0.975000         2268        40.00
   22642.687     0.978125         2275        45.71
   22740.991     0.981250         2282        53.33
   22921.215     0.984375         2289        64.00
   23035.903     0.985938         2294        71.11
   23052.287     0.987500         2296        80.00
   23117.823     0.989062         2301        91.43
   23134.207     0.990625         2304       106.67
   23150.591     0.992188         2307       128.00
   23379.967     0.992969         2309       142.22
   23543.807     0.993750         2311       160.00
   23756.799     0.994531         2314       182.86
   23789.567     0.995313         2315       213.33
   23855.103     0.996094         2316       256.00
   23937.023     0.996484         2317       284.44
   24068.095     0.996875         2319       320.00
   24068.095     0.997266         2319       365.71
   24231.935     0.997656         2320       426.67
   24248.319     0.998047         2321       512.00
   24248.319     0.998242         2321       568.89
   24281.087     0.998437         2322       640.00
   24281.087     0.998633         2322       731.43
   24313.855     0.998828         2323       853.33
   24313.855     0.999023         2323      1024.00
   24313.855     0.999121         2323      1137.78
   24346.623     0.999219         2324      1280.00
   24346.623     0.999316         2324      1462.86
   24346.623     0.999414         2324      1706.67
   24346.623     0.999512         2324      2048.00
   24346.623     0.999561         2324      2275.56
   24363.007     0.999609         2325      2560.00
   24363.007     1.000000         2325          inf
#[Mean    =    13368.090, StdDeviation   =     5506.933]
#[Max     =    24346.624, Total count    =         2325]
#[Buckets =           27, SubBuckets     =         2048]
-----------------------------------------------------------------------
  2784 requests in 1.00m, 849.57KB read
Requests/sec:     46.40  
Transfer/sec:     14.16KB
