Running 1m test @ http://10.106.127.105/?loopCount=25&base=6&exp=6
  1 threads and 1 connections

  Thread calibration: mean lat.: 2718.954ms, rate sampling interval: 12410ms

-----------------------------------------------------------------------
Test Results @ http://10.106.127.105/?loopCount=25&base=6&exp=6 
  Thread Stats   Avg      Stdev     99%   +/- Stdev
    Latency    25.67s    10.29s   43.29s    58.48%
    Req/Sec     6.00      0.00     6.00    100.00%
  Latency Distribution (HdrHistogram - Recorded Latency)
 50.000%   25.85s 
 75.000%   34.44s 
 90.000%   39.58s 
 99.000%   43.29s 
 99.900%   43.75s 
 99.990%   43.75s 
 99.999%   43.75s 
100.000%   43.75s 

  Detailed Percentile spectrum:
       Value   Percentile   TotalCount 1/(1-Percentile)

    7106.559     0.000000            1         1.00
   11026.431     0.100000           33         1.11
   15106.047     0.200000           66         1.25
   18874.367     0.300000           99         1.43
   22790.143     0.400000          132         1.67
   25853.951     0.500000          165         2.00
   27459.583     0.550000          182         2.22
   29097.983     0.600000          198         2.50
   30932.991     0.650000          215         2.86
   32817.151     0.700000          231         3.33
   34439.167     0.750000          248         4.00
   35323.903     0.775000          256         4.44
   36012.031     0.800000          264         5.00
   36831.231     0.825000          273         5.71
   37814.271     0.850000          281         6.67
   38797.311     0.875000          289         8.00
   39256.063     0.887500          293         8.89
   39583.743     0.900000          297        10.00
   40173.567     0.912500          302        11.43
   40730.623     0.925000          306        13.33
   41254.911     0.937500          310        16.00
   41451.519     0.943750          312        17.78
   41582.591     0.950000          314        20.00
   41910.271     0.956250          316        22.86
   42139.647     0.962500          318        26.67
   42369.023     0.968750          320        32.00
   42500.095     0.971875          321        35.56
   42663.935     0.975000          322        40.00
   42827.775     0.978125          323        45.71
   42991.615     0.981250          324        53.33
   43057.151     0.984375          325        64.00
   43188.223     0.985938          326        71.11
   43188.223     0.987500          326        80.00
   43286.527     0.989062          327        91.43
   43286.527     0.990625          327       106.67
   43515.903     0.992188          328       128.00
   43515.903     0.992969          328       142.22
   43515.903     0.993750          328       160.00
   43581.439     0.994531          329       182.86
   43581.439     0.995313          329       213.33
   43581.439     0.996094          329       256.00
   43581.439     0.996484          329       284.44
   43581.439     0.996875          329       320.00
   43745.279     0.997266          330       365.71
   43745.279     1.000000          330          inf
#[Mean    =    25669.080, StdDeviation   =    10291.766]
#[Max     =    43712.512, Total count    =          330]
#[Buckets =           27, SubBuckets     =         2048]
-----------------------------------------------------------------------
  403 requests in 1.00m, 123.12KB read
Requests/sec:      6.72  
Transfer/sec:      2.05KB
