Running 1m test @ http://10.102.62.147/?loopCount=25&base=6&exp=6
  5 threads and 5 connections

  Thread calibration: mean lat.: 82.416ms, rate sampling interval: 307ms
  Thread calibration: mean lat.: 88.238ms, rate sampling interval: 332ms
  Thread calibration: mean lat.: 90.506ms, rate sampling interval: 329ms
  Thread calibration: mean lat.: 70.737ms, rate sampling interval: 244ms
  Thread calibration: mean lat.: 83.940ms, rate sampling interval: 322ms

-----------------------------------------------------------------------
Test Results @ http://10.102.62.147/?loopCount=25&base=6&exp=6 
  Thread Stats   Avg      Stdev     99%   +/- Stdev
    Latency    87.15ms   52.78ms 254.59ms   76.06%
    Req/Sec     9.75      2.60    16.00     80.54%
  Latency Distribution (HdrHistogram - Recorded Latency)
 50.000%   78.85ms
 75.000%  109.38ms
 90.000%  159.23ms
 99.000%  254.59ms
 99.900%  350.46ms
 99.990%  374.02ms
 99.999%  374.02ms
100.000%  374.02ms

  Detailed Percentile spectrum:
       Value   Percentile   TotalCount 1/(1-Percentile)

      21.423     0.000000            1         1.00
      40.607     0.100000          264         1.11
      40.959     0.200000          502         1.25
      41.503     0.300000          754         1.43
      60.735     0.400000         1001         1.67
      78.847     0.500000         1251         2.00
      81.215     0.550000         1384         2.22
      82.175     0.600000         1503         2.50
      87.871     0.650000         1627         2.86
      94.271     0.700000         1754         3.33
     109.375     0.750000         1877         4.00
     146.943     0.775000         1940         4.44
     149.503     0.800000         2006         5.00
     150.655     0.825000         2065         5.71
     153.471     0.850000         2136         6.67
     156.671     0.875000         2191         8.00
     158.207     0.887500         2225         8.89
     159.231     0.900000         2252        10.00
     162.431     0.912500         2284        11.43
     166.271     0.925000         2315        13.33
     169.343     0.937500         2348        16.00
     171.647     0.943750         2362        17.78
     174.591     0.950000         2377        20.00
     178.175     0.956250         2393        22.86
     182.399     0.962500         2409        26.67
     188.671     0.968750         2424        32.00
     192.127     0.971875         2432        35.56
     197.119     0.975000         2440        40.00
     228.735     0.978125         2448        45.71
     249.343     0.981250         2457        53.33
     250.239     0.984375         2463        64.00
     251.519     0.985938         2467        71.11
     252.927     0.987500         2471        80.00
     254.079     0.989062         2475        91.43
     255.231     0.990625         2479       106.67
     257.279     0.992188         2483       128.00
     258.687     0.992969         2485       142.22
     266.751     0.993750         2487       160.00
     269.567     0.994531         2489       182.86
     272.639     0.995313         2491       213.33
     285.695     0.996094         2493       256.00
     287.487     0.996484         2494       284.44
     287.743     0.996875         2495       320.00
     291.327     0.997266         2496       365.71
     313.599     0.997656         2497       426.67
     347.135     0.998047         2498       512.00
     347.135     0.998242         2498       568.89
     350.463     0.998437         2500       640.00
     350.463     0.998633         2500       731.43
     350.463     0.998828         2500       853.33
     350.463     0.999023         2500      1024.00
     350.463     0.999121         2500      1137.78
     361.471     0.999219         2501      1280.00
     361.471     0.999316         2501      1462.86
     361.471     0.999414         2501      1706.67
     361.471     0.999512         2501      2048.00
     361.471     0.999561         2501      2275.56
     374.015     0.999609         2502      2560.00
     374.015     1.000000         2502          inf
#[Mean    =       87.150, StdDeviation   =       52.784]
#[Max     =      373.760, Total count    =         2502]
#[Buckets =           27, SubBuckets     =         2048]
-----------------------------------------------------------------------
  2995 requests in 1.00m, 0.89MB read
Requests/sec:     49.91  
Transfer/sec:     15.22KB
