Running 1m test @ http://10.102.62.147/?loopCount=25&base=6&exp=6
  5 threads and 5 connections

  Thread calibration: mean lat.: 849.834ms, rate sampling interval: 2836ms
  Thread calibration: mean lat.: 856.299ms, rate sampling interval: 3260ms
  Thread calibration: mean lat.: 806.897ms, rate sampling interval: 2689ms
  Thread calibration: mean lat.: 812.517ms, rate sampling interval: 2887ms
  Thread calibration: mean lat.: 850.149ms, rate sampling interval: 2664ms

-----------------------------------------------------------------------
Test Results @ http://10.102.62.147/?loopCount=25&base=6&exp=6 
  Thread Stats   Avg      Stdev     99%   +/- Stdev
    Latency     5.81s     2.52s   10.65s    58.81%
    Req/Sec    11.91      1.07    14.00     92.94%
  Latency Distribution (HdrHistogram - Recorded Latency)
 50.000%    5.74s 
 75.000%    7.95s 
 90.000%    9.36s 
 99.000%   10.65s 
 99.900%   10.85s 
 99.990%   10.86s 
 99.999%   10.86s 
100.000%   10.86s 

  Detailed Percentile spectrum:
       Value   Percentile   TotalCount 1/(1-Percentile)

    1491.967     0.000000            1         1.00
    2404.351     0.100000          312         1.11
    3229.695     0.200000          624         1.25
    4044.799     0.300000          935         1.43
    4870.143     0.400000         1246         1.67
    5738.495     0.500000         1560         2.00
    6189.055     0.550000         1715         2.22
    6537.215     0.600000         1870         2.50
    6955.007     0.650000         2025         2.86
    7532.543     0.700000         2181         3.33
    7958.527     0.750000         2337         4.00
    8175.615     0.775000         2415         4.44
    8318.975     0.800000         2492         5.00
    8626.175     0.825000         2570         5.71
    8888.319     0.850000         2649         6.67
    9150.463     0.875000         2727         8.00
    9224.191     0.887500         2765         8.89
    9355.263     0.900000         2809        10.00
    9437.183     0.912500         2847        11.43
    9568.255     0.925000         2886        13.33
    9682.943     0.937500         2921        16.00
    9764.863     0.943750         2941        17.78
    9838.591     0.950000         2960        20.00
    9912.319     0.956250         2979        22.86
    9986.047     0.962500         2999        26.67
   10174.463     0.968750         3018        32.00
   10215.423     0.971875         3028        35.56
   10297.343     0.975000         3038        40.00
   10379.263     0.978125         3047        45.71
   10485.759     0.981250         3057        53.33
   10526.719     0.984375         3067        64.00
   10567.679     0.985938         3074        71.11
   10608.639     0.987500         3078        80.00
   10616.831     0.989062         3081        91.43
   10674.175     0.990625         3086       106.67
   10747.903     0.992188         3092       128.00
   10764.287     0.992969         3094       142.22
   10772.479     0.993750         3097       160.00
   10780.671     0.994531         3101       182.86
   10780.671     0.995313         3101       213.33
   10805.247     0.996094         3107       256.00
   10805.247     0.996484         3107       284.44
   10805.247     0.996875         3107       320.00
   10805.247     0.997266         3107       365.71
   10813.439     0.997656         3108       426.67
   10838.015     0.998047         3109       512.00
   10846.207     0.998242         3114       568.89
   10846.207     0.998437         3114       640.00
   10846.207     0.998633         3114       731.43
   10846.207     0.998828         3114       853.33
   10846.207     0.999023         3114      1024.00
   10846.207     0.999121         3114      1137.78
   10846.207     0.999219         3114      1280.00
   10846.207     0.999316         3114      1462.86
   10846.207     0.999414         3114      1706.67
   10846.207     0.999512         3114      2048.00
   10846.207     0.999561         3114      2275.56
   10846.207     0.999609         3114      2560.00
   10846.207     0.999658         3114      2925.71
   10862.591     0.999707         3115      3413.33
   10862.591     1.000000         3115          inf
#[Mean    =     5809.307, StdDeviation   =     2518.264]
#[Max     =    10854.400, Total count    =         3115]
#[Buckets =           27, SubBuckets     =         2048]
-----------------------------------------------------------------------
  3735 requests in 1.00m, 1.11MB read
Requests/sec:     62.25  
Transfer/sec:     18.98KB
