Running 1m test @ http://10.106.106.124/?loopCount=25&base=6&exp=6
  1 threads and 1 connections

  Thread calibration: mean lat.: 886.470ms, rate sampling interval: 3186ms

-----------------------------------------------------------------------
Test Results @ http://10.106.106.124/?loopCount=25&base=6&exp=6 
  Thread Stats   Avg      Stdev     99%   +/- Stdev
    Latency     5.51s     2.33s    9.30s    57.78%
    Req/Sec    20.73      0.68    22.00    100.00%
  Latency Distribution (HdrHistogram - Recorded Latency)
 50.000%    5.44s 
 75.000%    7.57s 
 90.000%    8.86s 
 99.000%    9.30s 
 99.900%    9.34s 
 99.990%    9.36s 
 99.999%    9.36s 
100.000%    9.36s 

  Detailed Percentile spectrum:
       Value   Percentile   TotalCount 1/(1-Percentile)

    1778.687     0.000000            2         1.00
    2422.783     0.100000          107         1.11
    3053.567     0.200000          213         1.25
    3805.183     0.300000          319         1.43
    4710.399     0.400000          425         1.67
    5435.391     0.500000          532         2.00
    5836.799     0.550000          587         2.22
    6397.951     0.600000          644         2.50
    6643.711     0.650000          690         2.86
    7135.231     0.700000          743         3.33
    7569.407     0.750000          796         4.00
    7729.151     0.775000          824         4.44
    8048.639     0.800000          850         5.00
    8253.439     0.825000          876         5.71
    8568.831     0.850000          902         6.67
    8699.903     0.875000          935         8.00
    8822.783     0.887500          945         8.89
    8863.743     0.900000          956        10.00
    9027.583     0.912500          973        11.43
    9043.967     0.925000          984        13.33
    9093.119     0.937500          995        16.00
    9117.695     0.943750         1003        17.78
    9125.887     0.950000         1015        20.00
    9125.887     0.956250         1015        22.86
    9166.847     0.962500         1024        26.67
    9215.999     0.968750         1028        32.00
    9240.575     0.971875         1032        35.56
    9248.767     0.975000         1036        40.00
    9256.959     0.978125         1045        45.71
    9256.959     0.981250         1045        53.33
    9256.959     0.984375         1045        64.00
    9297.919     0.985938         1053        71.11
    9297.919     0.987500         1053        80.00
    9297.919     0.989062         1053        91.43
    9297.919     0.990625         1053       106.67
    9297.919     0.992188         1053       128.00
    9330.687     0.992969         1055       142.22
    9330.687     0.993750         1055       160.00
    9338.879     0.994531         1060       182.86
    9338.879     0.995313         1060       213.33
    9338.879     0.996094         1060       256.00
    9338.879     0.996484         1060       284.44
    9338.879     0.996875         1060       320.00
    9338.879     0.997266         1060       365.71
    9338.879     0.997656         1060       426.67
    9338.879     0.998047         1060       512.00
    9338.879     0.998242         1060       568.89
    9338.879     0.998437         1060       640.00
    9338.879     0.998633         1060       731.43
    9338.879     0.998828         1060       853.33
    9338.879     0.999023         1060      1024.00
    9355.263     0.999121         1061      1137.78
    9355.263     1.000000         1061          inf
#[Mean    =     5512.651, StdDeviation   =     2334.189]
#[Max     =     9347.072, Total count    =         1061]
#[Buckets =           27, SubBuckets     =         2048]
-----------------------------------------------------------------------
  1266 requests in 1.00m, 385.73KB read
Requests/sec:     21.10  
Transfer/sec:      6.43KB
