Running 1m test @ http://10.99.199.129/?loopCount=25&base=6&exp=6
  5 threads and 5 connections

  Thread calibration: mean lat.: 1101.230ms, rate sampling interval: 2959ms
  Thread calibration: mean lat.: 1222.002ms, rate sampling interval: 4091ms
  Thread calibration: mean lat.: 598.287ms, rate sampling interval: 3049ms
  Thread calibration: mean lat.: 376.710ms, rate sampling interval: 1650ms
  Thread calibration: mean lat.: 1054.451ms, rate sampling interval: 3657ms

-----------------------------------------------------------------------
Test Results @ http://10.99.199.129/?loopCount=25&base=6&exp=6 
  Thread Stats   Avg      Stdev     99%   +/- Stdev
    Latency     5.19s     2.50s   10.93s    59.07%
    Req/Sec    12.56      1.73    18.00     90.80%
  Latency Distribution (HdrHistogram - Recorded Latency)
 50.000%    5.08s 
 75.000%    7.23s 
 90.000%    8.54s 
 99.000%   10.93s 
 99.900%   11.11s 
 99.990%   11.44s 
 99.999%   11.44s 
100.000%   11.44s 

  Detailed Percentile spectrum:
       Value   Percentile   TotalCount 1/(1-Percentile)

     996.863     0.000000            1         1.00
    2131.967     0.100000          323         1.11
    2582.527     0.200000          643         1.25
    3362.815     0.300000          964         1.43
    4114.431     0.400000         1287         1.67
    5083.135     0.500000         1609         2.00
    5345.279     0.550000         1768         2.22
    5812.223     0.600000         1928         2.50
    6393.855     0.650000         2089         2.86
    6873.087     0.700000         2251         3.33
    7225.343     0.750000         2411         4.00
    7364.607     0.775000         2494         4.44
    7598.079     0.800000         2571         5.00
    7843.839     0.825000         2651         5.71
    8015.871     0.850000         2735         6.67
    8265.727     0.875000         2812         8.00
    8359.935     0.887500         2852         8.89
    8536.063     0.900000         2892        10.00
    8708.095     0.912500         2933        11.43
    9019.391     0.925000         2976        13.33
    9166.847     0.937500         3014        16.00
    9215.999     0.943750         3033        17.78
    9306.111     0.950000         3053        20.00
    9469.951     0.956250         3074        22.86
    9584.639     0.962500         3093        26.67
    9814.015     0.968750         3113        32.00
   10059.775     0.971875         3123        35.56
   10248.191     0.975000         3133        40.00
   10420.223     0.978125         3143        45.71
   10575.871     0.981250         3153        53.33
   10838.015     0.984375         3163        64.00
   10878.975     0.985938         3168        71.11
   10895.359     0.987500         3173        80.00
   10919.935     0.989062         3178        91.43
   10936.319     0.990625         3183       106.67
   10960.895     0.992188         3189       128.00
   10969.087     0.992969         3191       142.22
   10977.279     0.993750         3193       160.00
   10993.663     0.994531         3196       182.86
   11001.855     0.995313         3198       213.33
   11018.239     0.996094         3202       256.00
   11018.239     0.996484         3202       284.44
   11026.431     0.996875         3203       320.00
   11042.815     0.997266         3205       365.71
   11051.007     0.997656         3206       426.67
   11059.199     0.998047         3207       512.00
   11067.391     0.998242         3208       568.89
   11067.391     0.998437         3208       640.00
   11075.583     0.998633         3209       731.43
   11108.351     0.998828         3210       853.33
   11108.351     0.999023         3210      1024.00
   11165.695     0.999121         3211      1137.78
   11165.695     0.999219         3211      1280.00
   11165.695     0.999316         3211      1462.86
   11386.879     0.999414         3212      1706.67
   11386.879     0.999512         3212      2048.00
   11386.879     0.999561         3212      2275.56
   11386.879     0.999609         3212      2560.00
   11386.879     0.999658         3212      2925.71
   11436.031     0.999707         3213      3413.33
   11436.031     1.000000         3213          inf
#[Mean    =     5191.409, StdDeviation   =     2503.004]
#[Max     =    11427.840, Total count    =         3213]
#[Buckets =           27, SubBuckets     =         2048]
-----------------------------------------------------------------------
  3827 requests in 1.00m, 1.14MB read
Requests/sec:     63.78  
Transfer/sec:     19.45KB
