Running 1m test @ http://10.97.57.202/?loopCount=25&base=6&exp=6
  5 threads and 5 connections

  Thread calibration: mean lat.: 1502.907ms, rate sampling interval: 5468ms
  Thread calibration: mean lat.: 1118.867ms, rate sampling interval: 4395ms
  Thread calibration: mean lat.: 1270.723ms, rate sampling interval: 4636ms
  Thread calibration: mean lat.: 1325.798ms, rate sampling interval: 4988ms
  Thread calibration: mean lat.: 1397.207ms, rate sampling interval: 5009ms

-----------------------------------------------------------------------
Test Results @ http://10.97.57.202/?loopCount=25&base=6&exp=6 
  Thread Stats   Avg      Stdev     99%   +/- Stdev
    Latency    10.28s     4.32s   17.84s    58.28%
    Req/Sec    10.10      0.86    12.00     91.84%
  Latency Distribution (HdrHistogram - Recorded Latency)
 50.000%   10.49s 
 75.000%   13.81s 
 90.000%   16.14s 
 99.000%   17.84s 
 99.900%   18.50s 
 99.990%   18.64s 
 99.999%   18.64s 
100.000%   18.64s 

  Detailed Percentile spectrum:
       Value   Percentile   TotalCount 1/(1-Percentile)

    2674.687     0.000000            1         1.00
    4231.167     0.100000          266         1.11
    5742.591     0.200000          527         1.25
    7241.727     0.300000          791         1.43
    8855.551     0.400000         1054         1.67
   10493.951     0.500000         1317         2.00
   11190.271     0.550000         1450         2.22
   11993.087     0.600000         1581         2.50
   12574.719     0.650000         1713         2.86
   13221.887     0.700000         1844         3.33
   13811.711     0.750000         1978         4.00
   14229.503     0.775000         2043         4.44
   14622.719     0.800000         2109         5.00
   14925.823     0.825000         2175         5.71
   15417.343     0.850000         2243         6.67
   15769.599     0.875000         2306         8.00
   15933.439     0.887500         2338         8.89
   16138.239     0.900000         2371        10.00
   16359.423     0.912500         2405        11.43
   16629.759     0.925000         2437        13.33
   16891.903     0.937500         2472        16.00
   16990.207     0.943750         2493        17.78
   17055.743     0.950000         2503        20.00
   17137.663     0.956250         2520        22.86
   17186.815     0.962500         2537        26.67
   17317.887     0.968750         2552        32.00
   17367.039     0.971875         2564        35.56
   17399.807     0.975000         2569        40.00
   17481.727     0.978125         2577        45.71
   17629.183     0.981250         2588        53.33
   17661.951     0.984375         2593        64.00
   17760.255     0.985938         2597        71.11
   17809.407     0.987500         2603        80.00
   17842.175     0.989062         2608        91.43
   17924.095     0.990625         2610       106.67
   17989.631     0.992188         2616       128.00
   17989.631     0.992969         2616       142.22
   18055.167     0.993750         2618       160.00
   18104.319     0.994531         2621       182.86
   18120.703     0.995313         2622       213.33
   18153.471     0.996094         2625       256.00
   18153.471     0.996484         2625       284.44
   18169.855     0.996875         2626       320.00
   18251.775     0.997266         2627       365.71
   18300.927     0.997656         2628       426.67
   18382.847     0.998047         2630       512.00
   18382.847     0.998242         2630       568.89
   18382.847     0.998437         2630       640.00
   18497.535     0.998633         2631       731.43
   18497.535     0.998828         2631       853.33
   18546.687     0.999023         2632      1024.00
   18546.687     0.999121         2632      1137.78
   18546.687     0.999219         2632      1280.00
   18579.455     0.999316         2633      1462.86
   18579.455     0.999414         2633      1706.67
   18579.455     0.999512         2633      2048.00
   18579.455     0.999561         2633      2275.56
   18579.455     0.999609         2633      2560.00
   18644.991     0.999658         2634      2925.71
   18644.991     1.000000         2634          inf
#[Mean    =    10278.761, StdDeviation   =     4319.758]
#[Max     =    18628.608, Total count    =         2634]
#[Buckets =           27, SubBuckets     =         2048]
-----------------------------------------------------------------------
  3169 requests in 1.00m, 0.94MB read
Requests/sec:     52.81  
Transfer/sec:     16.11KB
