Running 1m test @ http://10.111.175.232/?loopCount=25&base=6&exp=6
  1 threads and 1 connections

  Thread calibration: mean lat.: 1689.978ms, rate sampling interval: 6443ms

-----------------------------------------------------------------------
Test Results @ http://10.111.175.232/?loopCount=25&base=6&exp=6 
  Thread Stats   Avg      Stdev     99%   +/- Stdev
    Latency    11.18s     4.50s   19.30s    58.59%
    Req/Sec    16.57      0.49    17.00    100.00%
  Latency Distribution (HdrHistogram - Recorded Latency)
 50.000%   10.78s 
 75.000%   14.59s 
 90.000%   17.69s 
 99.000%   19.30s 
 99.900%   19.53s 
 99.990%   19.58s 
 99.999%   19.58s 
100.000%   19.58s 

  Detailed Percentile spectrum:
       Value   Percentile   TotalCount 1/(1-Percentile)

    3614.719     0.000000            2         1.00
    5017.599     0.100000           85         1.11
    6602.751     0.200000          170         1.25
    8261.631     0.300000          256         1.43
    9502.719     0.400000          340         1.67
   10780.671     0.500000          425         2.00
   11550.719     0.550000          468         2.22
   12599.295     0.600000          510         2.50
   13246.463     0.650000          553         2.86
   13860.863     0.700000          598         3.33
   14589.951     0.750000          638         4.00
   15204.351     0.775000          659         4.44
   15802.367     0.800000          680         5.00
   16392.191     0.825000          702         5.71
   16973.823     0.850000          724         6.67
   17432.575     0.875000          747         8.00
   17563.647     0.887500          756         8.89
   17694.719     0.900000          765        10.00
   17874.943     0.912500          776        11.43
   18104.319     0.925000          788        13.33
   18333.695     0.937500          797        16.00
   18546.687     0.943750          806        17.78
   18595.839     0.950000          808        20.00
   18694.143     0.956250          813        22.86
   18792.447     0.962500          821        26.67
   18825.215     0.968750          824        32.00
   18890.751     0.971875          828        35.56
   18923.519     0.975000          829        40.00
   18972.671     0.978125          832        45.71
   19070.975     0.981250          836        53.33
   19103.743     0.984375          837        64.00
   19202.047     0.985938          840        71.11
   19202.047     0.987500          840        80.00
   19251.199     0.989062          841        91.43
   19349.503     0.990625          843       106.67
   19398.655     0.992188          845       128.00
   19398.655     0.992969          845       142.22
   19398.655     0.993750          845       160.00
   19447.807     0.994531          846       182.86
   19496.959     0.995313          848       213.33
   19496.959     0.996094          848       256.00
   19496.959     0.996484          848       284.44
   19496.959     0.996875          848       320.00
   19496.959     0.997266          848       365.71
   19529.727     0.997656          849       426.67
   19529.727     0.998047          849       512.00
   19529.727     0.998242          849       568.89
   19529.727     0.998437          849       640.00
   19529.727     0.998633          849       731.43
   19578.879     0.998828          850       853.33
   19578.879     1.000000          850          inf
#[Mean    =    11180.015, StdDeviation   =     4496.959]
#[Max     =    19562.496, Total count    =          850]
#[Buckets =           27, SubBuckets     =         2048]
-----------------------------------------------------------------------
  1010 requests in 1.00m, 307.75KB read
Requests/sec:     16.83  
Transfer/sec:      5.13KB
