Running 1m test @ http://10.99.199.129/?loopCount=25&base=6&exp=6
  5 threads and 5 connections

  Thread calibration: mean lat.: 711.566ms, rate sampling interval: 2637ms
  Thread calibration: mean lat.: 512.411ms, rate sampling interval: 1665ms
  Thread calibration: mean lat.: 767.734ms, rate sampling interval: 2549ms
  Thread calibration: mean lat.: 521.950ms, rate sampling interval: 2027ms
  Thread calibration: mean lat.: 1259.479ms, rate sampling interval: 4104ms

-----------------------------------------------------------------------
Test Results @ http://10.99.199.129/?loopCount=25&base=6&exp=6 
  Thread Stats   Avg      Stdev     99%   +/- Stdev
    Latency     5.69s     2.47s   11.67s    64.32%
    Req/Sec    11.90      1.72    16.00     83.50%
  Latency Distribution (HdrHistogram - Recorded Latency)
 50.000%    5.88s 
 75.000%    7.37s 
 90.000%    8.79s 
 99.000%   11.67s 
 99.900%   12.39s 
 99.990%   12.44s 
 99.999%   12.44s 
100.000%   12.44s 

  Detailed Percentile spectrum:
       Value   Percentile   TotalCount 1/(1-Percentile)

     946.175     0.000000            1         1.00
    2234.367     0.100000          312         1.11
    3176.447     0.200000          623         1.25
    4243.455     0.300000          937         1.43
    5169.151     0.400000         1247         1.67
    5877.759     0.500000         1557         2.00
    6176.767     0.550000         1713         2.22
    6500.351     0.600000         1867         2.50
    6942.719     0.650000         2023         2.86
    7131.135     0.700000         2182         3.33
    7368.703     0.750000         2334         4.00
    7520.255     0.775000         2412         4.44
    7729.151     0.800000         2489         5.00
    7950.335     0.825000         2567         5.71
    8216.575     0.850000         2648         6.67
    8454.143     0.875000         2724         8.00
    8626.175     0.887500         2762         8.89
    8790.015     0.900000         2801        10.00
    8921.087     0.912500         2843        11.43
    9134.079     0.925000         2879        13.33
    9248.767     0.937500         2917        16.00
    9371.647     0.943750         2937        17.78
    9543.679     0.950000         2958        20.00
    9641.983     0.956250         2975        22.86
    9912.319     0.962500         2995        26.67
   10387.455     0.968750         3014        32.00
   10797.055     0.971875         3024        35.56
   10846.207     0.975000         3034        40.00
   11018.239     0.978125         3043        45.71
   11141.119     0.981250         3053        53.33
   11272.191     0.984375         3063        64.00
   11444.223     0.985938         3068        71.11
   11550.719     0.987500         3074        80.00
   11583.487     0.989062         3077        91.43
   11714.559     0.990625         3082       106.67
   11886.591     0.992188         3088       128.00
   11927.551     0.992969         3090       142.22
   12066.815     0.993750         3092       160.00
   12140.543     0.994531         3095       182.86
   12173.311     0.995313         3097       213.33
   12206.079     0.996094         3099       256.00
   12230.655     0.996484         3101       284.44
   12255.231     0.996875         3102       320.00
   12263.423     0.997266         3103       365.71
   12287.999     0.997656         3104       426.67
   12304.383     0.998047         3105       512.00
   12320.767     0.998242         3106       568.89
   12386.303     0.998437         3108       640.00
   12386.303     0.998633         3108       731.43
   12386.303     0.998828         3108       853.33
   12386.303     0.999023         3108      1024.00
   12410.879     0.999121         3109      1137.78
   12410.879     0.999219         3109      1280.00
   12410.879     0.999316         3109      1462.86
   12419.071     0.999414         3110      1706.67
   12419.071     0.999512         3110      2048.00
   12419.071     0.999561         3110      2275.56
   12419.071     0.999609         3110      2560.00
   12419.071     0.999658         3110      2925.71
   12435.455     0.999707         3111      3413.33
   12435.455     1.000000         3111          inf
#[Mean    =     5694.910, StdDeviation   =     2472.588]
#[Max     =    12427.264, Total count    =         3111]
#[Buckets =           27, SubBuckets     =         2048]
-----------------------------------------------------------------------
  3757 requests in 1.00m, 1.12MB read
Requests/sec:     62.61  
Transfer/sec:     19.10KB
