Running 1m test @ http://10.97.57.202/?loopCount=25&base=6&exp=6
  1 threads and 1 connections

  Thread calibration: mean lat.: 89.944ms, rate sampling interval: 235ms

-----------------------------------------------------------------------
Test Results @ http://10.97.57.202/?loopCount=25&base=6&exp=6 
  Thread Stats   Avg      Stdev     99%   +/- Stdev
    Latency   292.99ms   91.35ms 469.25ms   60.31%
    Req/Sec    24.36      1.71    29.00     79.25%
  Latency Distribution (HdrHistogram - Recorded Latency)
 50.000%  292.61ms
 75.000%  350.98ms
 90.000%  437.50ms
 99.000%  469.25ms
 99.900%  475.90ms
 99.990%  476.16ms
 99.999%  476.16ms
100.000%  476.16ms

  Detailed Percentile spectrum:
       Value   Percentile   TotalCount 1/(1-Percentile)

     122.815     0.000000            1         1.00
     176.895     0.100000          125         1.11
     199.807     0.200000          250         1.25
     229.503     0.300000          373         1.43
     271.871     0.400000          497         1.67
     292.607     0.500000          622         2.00
     298.751     0.550000          684         2.22
     307.455     0.600000          746         2.50
     319.999     0.650000          809         2.86
     333.823     0.700000          870         3.33
     350.975     0.750000          932         4.00
     362.239     0.775000          963         4.44
     376.831     0.800000          994         5.00
     395.263     0.825000         1025         5.71
     415.487     0.850000         1056         6.67
     429.311     0.875000         1088         8.00
     433.407     0.887500         1103         8.89
     437.503     0.900000         1120        10.00
     441.087     0.912500         1135        11.43
     444.927     0.925000         1149        13.33
     448.767     0.937500         1165        16.00
     450.047     0.943750         1173        17.78
     453.119     0.950000         1183        20.00
     455.167     0.956250         1189        22.86
     457.215     0.962500         1196        26.67
     459.775     0.968750         1205        32.00
     461.055     0.971875         1209        35.56
     461.823     0.975000         1211        40.00
     462.591     0.978125         1215        45.71
     464.895     0.981250         1219        53.33
     465.919     0.984375         1223        64.00
     467.199     0.985938         1226        71.11
     467.967     0.987500         1227        80.00
     469.247     0.989062         1230        91.43
     469.503     0.990625         1232       106.67
     469.759     0.992188         1234       128.00
     469.759     0.992969         1234       142.22
     472.575     0.993750         1235       160.00
     473.599     0.994531         1236       182.86
     474.367     0.995313         1237       213.33
     475.135     0.996094         1238       256.00
     475.135     0.996484         1238       284.44
     475.391     0.996875         1239       320.00
     475.391     0.997266         1239       365.71
     475.903     0.997656         1241       426.67
     475.903     0.998047         1241       512.00
     475.903     0.998242         1241       568.89
     475.903     0.998437         1241       640.00
     475.903     0.998633         1241       731.43
     475.903     0.998828         1241       853.33
     475.903     0.999023         1241      1024.00
     475.903     0.999121         1241      1137.78
     476.159     0.999219         1242      1280.00
     476.159     1.000000         1242          inf
#[Mean    =      292.993, StdDeviation   =       91.346]
#[Max     =      475.904, Total count    =         1242]
#[Buckets =           27, SubBuckets     =         2048]
-----------------------------------------------------------------------
  1488 requests in 1.00m, 453.38KB read
Requests/sec:     24.80  
Transfer/sec:      7.56KB
