Running 1m test @ http://10.108.10.66/?loopCount=25&base=6&exp=6
  1 threads and 1 connections

  Thread calibration: mean lat.: 3544.929ms, rate sampling interval: 12664ms

-----------------------------------------------------------------------
Test Results @ http://10.108.10.66/?loopCount=25&base=6&exp=6 
  Thread Stats   Avg      Stdev     99%   +/- Stdev
    Latency    24.60s     9.83s   40.76s    58.91%
    Req/Sec     7.00      0.00     7.00    100.00%
  Latency Distribution (HdrHistogram - Recorded Latency)
 50.000%   24.82s 
 75.000%   33.08s 
 90.000%   37.88s 
 99.000%   40.76s 
 99.900%   41.32s 
 99.990%   41.32s 
 99.999%   41.32s 
100.000%   41.32s 

  Detailed Percentile spectrum:
       Value   Percentile   TotalCount 1/(1-Percentile)

    7045.119     0.000000            1         1.00
   10412.031     0.100000           39         1.11
   14270.463     0.200000           78         1.25
   18415.615     0.300000          117         1.43
   21397.503     0.400000          155         1.67
   24821.759     0.500000          194         2.00
   26738.687     0.550000          213         2.22
   28278.783     0.600000          233         2.50
   29605.887     0.650000          252         2.86
   31424.511     0.700000          271         3.33
   33144.831     0.750000          291         4.00
   33587.199     0.775000          300         4.44
   34570.239     0.800000          310         5.00
   35520.511     0.825000          320         5.71
   36208.639     0.850000          329         6.67
   37158.911     0.875000          339         8.00
   37519.359     0.887500          344         8.89
   38010.879     0.900000          349        10.00
   38535.167     0.912500          354        11.43
   38862.847     0.925000          358        13.33
   39256.063     0.937500          364        16.00
   39452.671     0.943750          366        17.78
   39550.975     0.950000          369        20.00
   39649.279     0.956250          371        22.86
   39845.887     0.962500          373        26.67
   39976.959     0.968750          375        32.00
   40304.639     0.971875          377        35.56
   40370.175     0.975000          378        40.00
   40501.247     0.978125          379        45.71
   40665.087     0.981250          380        53.33
   40730.623     0.984375          382        64.00
   40730.623     0.985938          382        71.11
   40763.391     0.987500          383        80.00
   40763.391     0.989062          383        91.43
   40828.927     0.990625          384       106.67
   40828.927     0.992188          384       128.00
   41058.303     0.992969          385       142.22
   41058.303     0.993750          385       160.00
   41058.303     0.994531          385       182.86
   41222.143     0.995313          386       213.33
   41222.143     0.996094          386       256.00
   41222.143     0.996484          386       284.44
   41222.143     0.996875          386       320.00
   41222.143     0.997266          386       365.71
   41320.447     0.997656          387       426.67
   41320.447     1.000000          387          inf
#[Mean    =    24599.004, StdDeviation   =     9827.044]
#[Max     =    41287.680, Total count    =          387]
#[Buckets =           27, SubBuckets     =         2048]
-----------------------------------------------------------------------
  461 requests in 1.00m, 140.79KB read
Requests/sec:      7.68  
Transfer/sec:      2.35KB
