Running 1m test @ http://10.102.207.185/?loopCount=25&base=6&exp=6
  1 threads and 1 connections

  Thread calibration: mean lat.: 3259.030ms, rate sampling interval: 12443ms

-----------------------------------------------------------------------
Test Results @ http://10.102.207.185/?loopCount=25&base=6&exp=6 
  Thread Stats   Avg      Stdev     99%   +/- Stdev
    Latency    24.02s     9.62s   40.47s    58.19%
    Req/Sec     7.25      0.43     8.00    100.00%
  Latency Distribution (HdrHistogram - Recorded Latency)
 50.000%   24.53s 
 75.000%   31.88s 
 90.000%   37.22s 
 99.000%   40.47s 
 99.900%   40.76s 
 99.990%   40.76s 
 99.999%   40.76s 
100.000%   40.76s 

  Detailed Percentile spectrum:
       Value   Percentile   TotalCount 1/(1-Percentile)

    6852.607     0.000000            1         1.00
   10305.535     0.100000           40         1.11
   13795.327     0.200000           80         1.25
   17694.719     0.300000          120         1.43
   21053.439     0.400000          159         1.67
   24526.847     0.500000          199         2.00
   26132.479     0.550000          219         2.22
   27541.503     0.600000          240         2.50
   28737.535     0.650000          259         2.86
   30294.015     0.700000          278         3.33
   31883.263     0.750000          298         4.00
   32505.855     0.775000          308         4.44
   33882.111     0.800000          318         5.00
   34668.543     0.825000          328         5.71
   35487.743     0.850000          338         6.67
   36306.943     0.875000          348         8.00
   36798.463     0.887500          353         8.89
   37388.287     0.900000          358        10.00
   37978.111     0.912500          363        11.43
   38404.095     0.925000          368        13.33
   38830.079     0.937500          373        16.00
   38862.847     0.943750          375        17.78
   39092.223     0.950000          378        20.00
   39321.599     0.956250          380        22.86
   39518.207     0.962500          383        26.67
   39714.815     0.968750          385        32.00
   39780.351     0.971875          386        35.56
   39976.959     0.975000          388        40.00
   40075.263     0.978125          389        45.71
   40140.799     0.981250          390        53.33
   40271.871     0.984375          391        64.00
   40337.407     0.985938          392        71.11
   40468.479     0.987500          393        80.00
   40468.479     0.989062          393        91.43
   40566.783     0.990625          394       106.67
   40566.783     0.992188          394       128.00
   40697.855     0.992969          395       142.22
   40697.855     0.993750          395       160.00
   40697.855     0.994531          395       182.86
   40763.391     0.995313          397       213.33
   40763.391     1.000000          397          inf
#[Mean    =    24021.895, StdDeviation   =     9619.640]
#[Max     =    40730.624, Total count    =          397]
#[Buckets =           27, SubBuckets     =         2048]
-----------------------------------------------------------------------
  477 requests in 1.00m, 145.64KB read
Requests/sec:      7.95  
Transfer/sec:      2.43KB
