Running 1m test @ http://10.103.77.142/?loopCount=25&base=6&exp=6
  5 threads and 5 connections

  Thread calibration: mean lat.: 1862.325ms, rate sampling interval: 6606ms
  Thread calibration: mean lat.: 1980.868ms, rate sampling interval: 7217ms
  Thread calibration: mean lat.: 2274.726ms, rate sampling interval: 7540ms
  Thread calibration: mean lat.: 1932.990ms, rate sampling interval: 7720ms
  Thread calibration: mean lat.: 1993.910ms, rate sampling interval: 6955ms

-----------------------------------------------------------------------
Test Results @ http://10.103.77.142/?loopCount=25&base=6&exp=6 
  Thread Stats   Avg      Stdev     99%   +/- Stdev
    Latency    13.59s     5.62s   23.45s    58.03%
    Req/Sec     8.81      0.53    10.00    100.00%
  Latency Distribution (HdrHistogram - Recorded Latency)
 50.000%   13.52s 
 75.000%   18.53s 
 90.000%   21.30s 
 99.000%   23.45s 
 99.900%   23.79s 
 99.990%   23.86s 
 99.999%   23.86s 
100.000%   23.86s 

  Detailed Percentile spectrum:
       Value   Percentile   TotalCount 1/(1-Percentile)

    3438.591     0.000000            1         1.00
    5754.879     0.100000          230         1.11
    7856.127     0.200000          460         1.25
    9871.359     0.300000          692         1.43
   11722.751     0.400000          920         1.67
   13516.799     0.500000         1150         2.00
   14434.303     0.550000         1265         2.22
   15482.879     0.600000         1379         2.50
   16343.039     0.650000         1494         2.86
   17580.031     0.700000         1609         3.33
   18530.303     0.750000         1723         4.00
   18939.903     0.775000         1782         4.44
   19464.191     0.800000         1840         5.00
   19939.327     0.825000         1898         5.71
   20381.695     0.850000         1953         6.67
   20873.215     0.875000         2010         8.00
   21102.591     0.887500         2041         8.89
   21299.199     0.900000         2070        10.00
   21561.343     0.912500         2098        11.43
   21741.567     0.925000         2125        13.33
   21938.175     0.937500         2154        16.00
   22118.399     0.943750         2168        17.78
   22315.007     0.950000         2185        20.00
   22495.231     0.956250         2200        22.86
   22691.839     0.962500         2211        26.67
   22806.527     0.968750         2226        32.00
   22904.831     0.971875         2233        35.56
   22970.367     0.975000         2240        40.00
   23052.287     0.978125         2247        45.71
   23183.359     0.981250         2254        53.33
   23232.511     0.984375         2262        64.00
   23281.663     0.985938         2265        71.11
   23379.967     0.987500         2269        80.00
   23412.735     0.989062         2272        91.43
   23494.655     0.990625         2276       106.67
   23543.807     0.992188         2280       128.00
   23560.191     0.992969         2281       142.22
   23576.575     0.993750         2284       160.00
   23592.959     0.994531         2285       182.86
   23625.727     0.995313         2288       213.33
   23642.111     0.996094         2289       256.00
   23642.111     0.996484         2289       284.44
   23658.495     0.996875         2290       320.00
   23691.263     0.997266         2292       365.71
   23691.263     0.997656         2292       426.67
   23740.415     0.998047         2293       512.00
   23740.415     0.998242         2293       568.89
   23789.567     0.998437         2295       640.00
   23789.567     0.998633         2295       731.43
   23789.567     0.998828         2295       853.33
   23789.567     0.999023         2295      1024.00
   23789.567     0.999121         2295      1137.78
   23855.103     0.999219         2297      1280.00
   23855.103     1.000000         2297          inf
#[Mean    =    13592.214, StdDeviation   =     5620.232]
#[Max     =    23838.720, Total count    =         2297]
#[Buckets =           27, SubBuckets     =         2048]
-----------------------------------------------------------------------
  2755 requests in 1.00m, 840.73KB read
Requests/sec:     45.91  
Transfer/sec:     14.01KB
