Running 1m test @ http://10.111.175.232/?loopCount=25&base=6&exp=6
  5 threads and 5 connections

  Thread calibration: mean lat.: 78.387ms, rate sampling interval: 296ms
  Thread calibration: mean lat.: 82.814ms, rate sampling interval: 301ms
  Thread calibration: mean lat.: 78.037ms, rate sampling interval: 297ms
  Thread calibration: mean lat.: 74.505ms, rate sampling interval: 298ms
  Thread calibration: mean lat.: 88.071ms, rate sampling interval: 304ms

-----------------------------------------------------------------------
Test Results @ http://10.111.175.232/?loopCount=25&base=6&exp=6 
  Thread Stats   Avg      Stdev     99%   +/- Stdev
    Latency    81.60ms   50.13ms 246.53ms   76.57%
    Req/Sec     9.57      2.57    16.00     97.36%
  Latency Distribution (HdrHistogram - Recorded Latency)
 50.000%   70.14ms
 75.000%   99.26ms
 90.000%  151.04ms
 99.000%  246.53ms
 99.900%  312.06ms
 99.990%  439.30ms
 99.999%  439.30ms
100.000%  439.30ms

  Detailed Percentile spectrum:
       Value   Percentile   TotalCount 1/(1-Percentile)

      21.999     0.000000            1         1.00
      40.767     0.100000          254         1.11
      41.375     0.200000          515         1.25
      41.919     0.300000          764         1.43
      45.663     0.400000         1001         1.67
      70.143     0.500000         1251         2.00
      73.023     0.550000         1386         2.22
      73.727     0.600000         1505         2.50
      78.847     0.650000         1627         2.86
      84.991     0.700000         1752         3.33
      99.263     0.750000         1876         4.00
     124.735     0.775000         1939         4.44
     141.439     0.800000         2005         5.00
     142.335     0.825000         2066         5.71
     145.279     0.850000         2131         6.67
     148.991     0.875000         2192         8.00
     149.887     0.887500         2223         8.89
     151.039     0.900000         2253        10.00
     153.727     0.912500         2283        11.43
     158.719     0.925000         2314        13.33
     163.071     0.937500         2345        16.00
     165.247     0.943750         2361        17.78
     168.575     0.950000         2377        20.00
     173.567     0.956250         2392        22.86
     177.535     0.962500         2408        26.67
     182.655     0.968750         2423        32.00
     185.855     0.971875         2431        35.56
     190.335     0.975000         2439        40.00
     213.503     0.978125         2447        45.71
     241.919     0.981250         2457        53.33
     242.559     0.984375         2462        64.00
     243.839     0.985938         2467        71.11
     244.479     0.987500         2470        80.00
     245.887     0.989062         2475        91.43
     247.679     0.990625         2478       106.67
     249.087     0.992188         2483       128.00
     249.727     0.992969         2484       142.22
     251.903     0.993750         2486       160.00
     252.287     0.994531         2488       182.86
     257.151     0.995313         2491       213.33
     257.279     0.996094         2492       256.00
     257.535     0.996484         2493       284.44
     259.967     0.996875         2494       320.00
     266.239     0.997266         2495       365.71
     268.543     0.997656         2496       426.67
     273.407     0.998047         2497       512.00
     273.407     0.998242         2497       568.89
     312.063     0.998437         2498       640.00
     312.063     0.998633         2498       731.43
     369.919     0.998828         2499       853.33
     369.919     0.999023         2499      1024.00
     369.919     0.999121         2499      1137.78
     371.967     0.999219         2500      1280.00
     371.967     0.999316         2500      1462.86
     371.967     0.999414         2500      1706.67
     371.967     0.999512         2500      2048.00
     371.967     0.999561         2500      2275.56
     439.295     0.999609         2501      2560.00
     439.295     1.000000         2501          inf
#[Mean    =       81.603, StdDeviation   =       50.133]
#[Max     =      439.040, Total count    =         2501]
#[Buckets =           27, SubBuckets     =         2048]
-----------------------------------------------------------------------
  2993 requests in 1.00m, 0.89MB read
Requests/sec:     49.88  
Transfer/sec:     15.21KB
