Running 1m test @ http://10.97.57.202/?loopCount=25&base=6&exp=6
  5 threads and 5 connections

  Thread calibration: mean lat.: 153.242ms, rate sampling interval: 511ms
  Thread calibration: mean lat.: 145.567ms, rate sampling interval: 452ms
  Thread calibration: mean lat.: 112.612ms, rate sampling interval: 328ms
  Thread calibration: mean lat.: 198.832ms, rate sampling interval: 730ms
  Thread calibration: mean lat.: 177.170ms, rate sampling interval: 620ms

-----------------------------------------------------------------------
Test Results @ http://10.97.57.202/?loopCount=25&base=6&exp=6 
  Thread Stats   Avg      Stdev     99%   +/- Stdev
    Latency   200.30ms  121.25ms 532.48ms   69.60%
    Req/Sec     9.56      2.24    15.00     83.04%
  Latency Distribution (HdrHistogram - Recorded Latency)
 50.000%  163.71ms
 75.000%  266.24ms
 90.000%  381.95ms
 99.000%  532.48ms
 99.900%  565.25ms
 99.990%  633.34ms
 99.999%  633.34ms
100.000%  633.34ms

  Detailed Percentile spectrum:
       Value   Percentile   TotalCount 1/(1-Percentile)

      22.463     0.000000            1         1.00
      69.311     0.100000          254         1.11
      86.719     0.200000          502         1.25
     122.879     0.300000          751         1.43
     145.407     0.400000         1003         1.67
     163.711     0.500000         1252         2.00
     182.015     0.550000         1377         2.22
     210.687     0.600000         1503         2.50
     227.455     0.650000         1628         2.86
     248.959     0.700000         1755         3.33
     266.751     0.750000         1879         4.00
     278.271     0.775000         1940         4.44
     308.479     0.800000         2003         5.00
     319.231     0.825000         2065         5.71
     343.039     0.850000         2128         6.67
     357.887     0.875000         2191         8.00
     368.383     0.887500         2222         8.89
     381.951     0.900000         2253        10.00
     393.983     0.912500         2284        11.43
     413.183     0.925000         2316        13.33
     426.495     0.937500         2347        16.00
     435.967     0.943750         2363        17.78
     443.135     0.950000         2378        20.00
     451.071     0.956250         2394        22.86
     458.751     0.962500         2410        26.67
     472.831     0.968750         2425        32.00
     483.583     0.971875         2433        35.56
     496.127     0.975000         2441        40.00
     509.439     0.978125         2449        45.71
     515.583     0.981250         2457        53.33
     519.679     0.984375         2464        64.00
     521.471     0.985938         2468        71.11
     526.335     0.987500         2472        80.00
     530.431     0.989062         2476        91.43
     534.527     0.990625         2480       106.67
     544.767     0.992188         2484       128.00
     548.351     0.992969         2486       142.22
     551.423     0.993750         2488       160.00
     554.495     0.994531         2491       182.86
     556.031     0.995313         2492       213.33
     556.543     0.996094         2494       256.00
     559.103     0.996484         2495       284.44
     560.127     0.996875         2496       320.00
     560.639     0.997266         2497       365.71
     561.151     0.997656         2499       426.67
     561.151     0.998047         2499       512.00
     561.151     0.998242         2499       568.89
     565.247     0.998437         2500       640.00
     565.247     0.998633         2500       731.43
     581.631     0.998828         2501       853.33
     581.631     0.999023         2501      1024.00
     581.631     0.999121         2501      1137.78
     610.303     0.999219         2502      1280.00
     610.303     0.999316         2502      1462.86
     610.303     0.999414         2502      1706.67
     610.303     0.999512         2502      2048.00
     610.303     0.999561         2502      2275.56
     633.343     0.999609         2503      2560.00
     633.343     1.000000         2503          inf
#[Mean    =      200.300, StdDeviation   =      121.249]
#[Max     =      632.832, Total count    =         2503]
#[Buckets =           27, SubBuckets     =         2048]
-----------------------------------------------------------------------
  2991 requests in 1.00m, 0.89MB read
Requests/sec:     49.85  
Transfer/sec:     15.21KB
