Running 1m test @ http://10.102.207.185/?loopCount=25&base=6&exp=6
  5 threads and 5 connections

  Thread calibration: mean lat.: 1960.660ms, rate sampling interval: 7061ms
  Thread calibration: mean lat.: 1622.532ms, rate sampling interval: 6365ms
  Thread calibration: mean lat.: 1835.696ms, rate sampling interval: 6279ms
  Thread calibration: mean lat.: 1686.247ms, rate sampling interval: 5709ms
  Thread calibration: mean lat.: 1814.956ms, rate sampling interval: 6221ms

-----------------------------------------------------------------------
Test Results @ http://10.102.207.185/?loopCount=25&base=6&exp=6 
  Thread Stats   Avg      Stdev     99%   +/- Stdev
    Latency    13.28s     5.52s   22.59s    56.44%
    Req/Sec     8.68      0.74    10.00    100.00%
  Latency Distribution (HdrHistogram - Recorded Latency)
 50.000%   13.12s 
 75.000%   18.24s 
 90.000%   20.81s 
 99.000%   22.59s 
 99.900%   22.92s 
 99.990%   23.05s 
 99.999%   23.05s 
100.000%   23.05s 

  Detailed Percentile spectrum:
       Value   Percentile   TotalCount 1/(1-Percentile)

    3295.231     0.000000            1         1.00
    5685.247     0.100000          233         1.11
    7417.855     0.200000          465         1.25
    9428.991     0.300000          698         1.43
   11476.991     0.400000          930         1.67
   13115.391     0.500000         1162         2.00
   14139.391     0.550000         1277         2.22
   15179.775     0.600000         1395         2.50
   16105.471     0.650000         1509         2.86
   17350.655     0.700000         1631         3.33
   18235.391     0.750000         1743         4.00
   18726.911     0.775000         1799         4.44
   19103.743     0.800000         1857         5.00
   19513.343     0.825000         1915         5.71
   19988.479     0.850000         1974         6.67
   20283.391     0.875000         2032         8.00
   20545.535     0.887500         2061         8.89
   20807.679     0.900000         2089        10.00
   21020.671     0.912500         2118        11.43
   21331.967     0.925000         2147        13.33
   21561.343     0.937500         2176        16.00
   21692.415     0.943750         2192        17.78
   21725.183     0.950000         2206        20.00
   21889.023     0.956250         2220        22.86
   21987.327     0.962500         2234        26.67
   22151.167     0.968750         2249        32.00
   22233.087     0.971875         2256        35.56
   22331.391     0.975000         2264        40.00
   22446.079     0.978125         2273        45.71
   22478.847     0.981250         2280        53.33
   22511.615     0.984375         2285        64.00
   22544.383     0.985938         2289        71.11
   22577.151     0.987500         2294        80.00
   22593.535     0.989062         2300        91.43
   22593.535     0.990625         2300       106.67
   22626.303     0.992188         2304       128.00
   22642.687     0.992969         2305       142.22
   22659.071     0.993750         2310       160.00
   22659.071     0.994531         2310       182.86
   22724.607     0.995313         2311       213.33
   22773.759     0.996094         2312       256.00
   22790.143     0.996484         2316       284.44
   22790.143     0.996875         2316       320.00
   22790.143     0.997266         2316       365.71
   22790.143     0.997656         2316       426.67
   22822.911     0.998047         2317       512.00
   22822.911     0.998242         2317       568.89
   22872.063     0.998437         2318       640.00
   22872.063     0.998633         2318       731.43
   22921.215     0.998828         2319       853.33
   22921.215     0.999023         2319      1024.00
   22921.215     0.999121         2319      1137.78
   23052.287     0.999219         2321      1280.00
   23052.287     1.000000         2321          inf
#[Mean    =    13275.078, StdDeviation   =     5515.217]
#[Max     =    23035.904, Total count    =         2321]
#[Buckets =           27, SubBuckets     =         2048]
-----------------------------------------------------------------------
  2795 requests in 1.00m, 852.99KB read
Requests/sec:     46.58  
Transfer/sec:     14.22KB
