Running 1m test @ http://10.102.62.147/?loopCount=25&base=6&exp=6
  5 threads and 5 connections

  Thread calibration: mean lat.: 93.695ms, rate sampling interval: 399ms
  Thread calibration: mean lat.: 82.033ms, rate sampling interval: 357ms
  Thread calibration: mean lat.: 96.326ms, rate sampling interval: 383ms
  Thread calibration: mean lat.: 78.954ms, rate sampling interval: 258ms
  Thread calibration: mean lat.: 76.897ms, rate sampling interval: 231ms

-----------------------------------------------------------------------
Test Results @ http://10.102.62.147/?loopCount=25&base=6&exp=6 
  Thread Stats   Avg      Stdev     99%   +/- Stdev
    Latency    84.11ms   53.17ms 279.30ms   85.07%
    Req/Sec     9.52      2.70    17.00     87.81%
  Latency Distribution (HdrHistogram - Recorded Latency)
 50.000%   76.54ms
 75.000%  103.42ms
 90.000%  176.13ms
 99.000%  279.30ms
 99.900%  381.44ms
 99.990%  383.23ms
 99.999%  383.23ms
100.000%  383.23ms

  Detailed Percentile spectrum:
       Value   Percentile   TotalCount 1/(1-Percentile)

      21.391     0.000000            1         1.00
      40.703     0.100000          254         1.11
      41.215     0.200000          500         1.25
      41.791     0.300000          756         1.43
      43.775     0.400000         1001         1.67
      76.543     0.500000         1250         2.00
      85.503     0.550000         1375         2.22
      92.991     0.600000         1505         2.50
      95.871     0.650000         1626         2.86
     101.119     0.700000         1752         3.33
     103.487     0.750000         1875         4.00
     108.735     0.775000         1937         4.44
     109.887     0.800000         2003         5.00
     114.047     0.825000         2062         5.71
     120.255     0.850000         2125         6.67
     133.759     0.875000         2188         8.00
     161.023     0.887500         2218         8.89
     176.127     0.900000         2250        10.00
     178.047     0.912500         2281        11.43
     181.631     0.925000         2312        13.33
     184.575     0.937500         2344        16.00
     186.623     0.943750         2359        17.78
     189.055     0.950000         2375        20.00
     190.975     0.956250         2391        22.86
     195.071     0.962500         2407        26.67
     199.679     0.968750         2421        32.00
     201.727     0.971875         2429        35.56
     204.159     0.975000         2437        40.00
     216.831     0.978125         2445        45.71
     224.255     0.981250         2453        53.33
     235.775     0.984375         2460        64.00
     275.967     0.985938         2465        71.11
     277.247     0.987500         2469        80.00
     278.527     0.989062         2473        91.43
     282.111     0.990625         2476       106.67
     284.671     0.992188         2480       128.00
     285.951     0.992969         2482       142.22
     287.999     0.993750         2485       160.00
     293.375     0.994531         2486       182.86
     295.167     0.995313         2488       213.33
     300.799     0.996094         2490       256.00
     303.359     0.996484         2491       284.44
     312.831     0.996875         2492       320.00
     321.535     0.997266         2493       365.71
     321.791     0.997656         2494       426.67
     323.839     0.998047         2495       512.00
     323.839     0.998242         2495       568.89
     381.183     0.998437         2496       640.00
     381.183     0.998633         2496       731.43
     381.439     0.998828         2497       853.33
     381.439     0.999023         2497      1024.00
     381.439     0.999121         2497      1137.78
     381.695     0.999219         2498      1280.00
     381.695     0.999316         2498      1462.86
     381.695     0.999414         2498      1706.67
     381.695     0.999512         2498      2048.00
     381.695     0.999561         2498      2275.56
     383.231     0.999609         2499      2560.00
     383.231     1.000000         2499          inf
#[Mean    =       84.113, StdDeviation   =       53.174]
#[Max     =      382.976, Total count    =         2499]
#[Buckets =           27, SubBuckets     =         2048]
-----------------------------------------------------------------------
  2995 requests in 1.00m, 0.89MB read
Requests/sec:     49.91  
Transfer/sec:     15.22KB
