Running 1m test @ http://10.102.207.185/?loopCount=25&base=6&exp=6
  5 threads and 5 connections

  Thread calibration: mean lat.: 403.520ms, rate sampling interval: 1403ms
  Thread calibration: mean lat.: 543.201ms, rate sampling interval: 2125ms
  Thread calibration: mean lat.: 597.347ms, rate sampling interval: 2275ms
  Thread calibration: mean lat.: 173.756ms, rate sampling interval: 639ms
  Thread calibration: mean lat.: 487.773ms, rate sampling interval: 1720ms

-----------------------------------------------------------------------
Test Results @ http://10.102.207.185/?loopCount=25&base=6&exp=6 
  Thread Stats   Avg      Stdev     99%   +/- Stdev
    Latency     2.95s     1.55s    6.60s    65.45%
    Req/Sec     8.47      1.52    12.00     93.01%
  Latency Distribution (HdrHistogram - Recorded Latency)
 50.000%    2.82s 
 75.000%    4.07s 
 90.000%    5.16s 
 99.000%    6.60s 
 99.900%    6.77s 
 99.990%    6.82s 
 99.999%    6.82s 
100.000%    6.82s 

  Detailed Percentile spectrum:
       Value   Percentile   TotalCount 1/(1-Percentile)

      46.175     0.000000            1         1.00
    1214.463     0.100000          229         1.11
    1546.239     0.200000          455         1.25
    1804.287     0.300000          683         1.43
    2291.711     0.400000          910         1.67
    2815.999     0.500000         1140         2.00
    3014.655     0.550000         1252         2.22
    3268.607     0.600000         1365         2.50
    3424.255     0.650000         1481         2.86
    3813.375     0.700000         1594         3.33
    4071.423     0.750000         1707         4.00
    4214.783     0.775000         1767         4.44
    4448.255     0.800000         1820         5.00
    4591.615     0.825000         1877         5.71
    4677.631     0.850000         1937         6.67
    4915.199     0.875000         1993         8.00
    5054.463     0.887500         2020         8.89
    5156.863     0.900000         2049        10.00
    5279.743     0.912500         2076        11.43
    5447.679     0.925000         2105        13.33
    5718.015     0.937500         2133        16.00
    5779.455     0.943750         2152        17.78
    5812.223     0.950000         2163        20.00
    5894.143     0.956250         2176        22.86
    6008.831     0.962500         2191        26.67
    6111.231     0.968750         2204        32.00
    6217.727     0.971875         2212        35.56
    6283.263     0.975000         2220        40.00
    6332.415     0.978125         2226        45.71
    6365.183     0.981250         2233        53.33
    6549.503     0.984375         2240        64.00
    6561.791     0.985938         2244        71.11
    6569.983     0.987500         2247        80.00
    6590.463     0.989062         2251        91.43
    6615.039     0.990625         2254       106.67
    6651.903     0.992188         2258       128.00
    6664.191     0.992969         2260       142.22
    6668.287     0.993750         2261       160.00
    6672.383     0.994531         2263       182.86
    6705.151     0.995313         2265       213.33
    6709.247     0.996094         2267       256.00
    6713.343     0.996484         2269       284.44
    6713.343     0.996875         2269       320.00
    6713.343     0.997266         2269       365.71
    6737.919     0.997656         2270       426.67
    6750.207     0.998047         2271       512.00
    6770.687     0.998242         2272       568.89
    6770.687     0.998437         2272       640.00
    6770.687     0.998633         2272       731.43
    6774.783     0.998828         2273       853.33
    6774.783     0.999023         2273      1024.00
    6811.647     0.999121         2274      1137.78
    6811.647     0.999219         2274      1280.00
    6811.647     0.999316         2274      1462.86
    6811.647     0.999414         2274      1706.67
    6811.647     0.999512         2274      2048.00
    6823.935     0.999561         2275      2275.56
    6823.935     1.000000         2275          inf
#[Mean    =     2954.702, StdDeviation   =     1545.556]
#[Max     =     6819.840, Total count    =         2275]
#[Buckets =           27, SubBuckets     =         2048]
-----------------------------------------------------------------------
  2733 requests in 1.00m, 834.05KB read
Requests/sec:     45.55  
Transfer/sec:     13.90KB
