Running 1m test @ http://10.97.57.202/?loopCount=25&base=6&exp=6
  1 threads and 1 connections

  Thread calibration: mean lat.: 90.502ms, rate sampling interval: 217ms

-----------------------------------------------------------------------
Test Results @ http://10.97.57.202/?loopCount=25&base=6&exp=6 
  Thread Stats   Avg      Stdev     99%   +/- Stdev
    Latency   321.44ms  111.56ms 493.82ms   53.51%
    Req/Sec    24.55      2.00    27.00     99.57%
  Latency Distribution (HdrHistogram - Recorded Latency)
 50.000%  303.87ms
 75.000%  434.69ms
 90.000%  470.78ms
 99.000%  493.82ms
 99.900%  495.61ms
 99.990%  495.87ms
 99.999%  495.87ms
100.000%  495.87ms

  Detailed Percentile spectrum:
       Value   Percentile   TotalCount 1/(1-Percentile)

     118.271     0.000000            1         1.00
     173.567     0.100000          125         1.11
     206.975     0.200000          249         1.25
     247.295     0.300000          375         1.43
     272.895     0.400000          497         1.67
     303.871     0.500000          621         2.00
     331.007     0.550000          683         2.22
     363.519     0.600000          746         2.50
     397.055     0.650000          807         2.86
     421.375     0.700000          869         3.33
     434.687     0.750000          932         4.00
     439.551     0.775000          963         4.44
     445.951     0.800000          994         5.00
     452.095     0.825000         1025         5.71
     458.239     0.850000         1055         6.67
     467.455     0.875000         1087         8.00
     470.015     0.887500         1108         8.89
     470.783     0.900000         1117        10.00
     472.319     0.912500         1133        11.43
     473.855     0.925000         1149        13.33
     475.903     0.937500         1165        16.00
     476.671     0.943750         1173        17.78
     478.463     0.950000         1179        20.00
     482.815     0.956250         1188        22.86
     485.375     0.962500         1195        26.67
     490.495     0.968750         1206        32.00
     491.007     0.971875         1208        35.56
     491.519     0.975000         1212        40.00
     491.775     0.978125         1214        45.71
     492.287     0.981250         1218        53.33
     493.311     0.984375         1225        64.00
     493.311     0.985938         1225        71.11
     493.567     0.987500         1226        80.00
     493.823     0.989062         1229        91.43
     494.079     0.990625         1231       106.67
     494.335     0.992188         1233       128.00
     494.335     0.992969         1233       142.22
     494.591     0.993750         1237       160.00
     494.591     0.994531         1237       182.86
     494.591     0.995313         1237       213.33
     494.591     0.996094         1237       256.00
     494.591     0.996484         1237       284.44
     494.847     0.996875         1238       320.00
     494.847     0.997266         1238       365.71
     495.359     0.997656         1239       426.67
     495.359     0.998047         1239       512.00
     495.359     0.998242         1239       568.89
     495.615     0.998437         1240       640.00
     495.615     0.998633         1240       731.43
     495.615     0.998828         1240       853.33
     495.615     0.999023         1240      1024.00
     495.615     0.999121         1240      1137.78
     495.871     0.999219         1241      1280.00
     495.871     1.000000         1241          inf
#[Mean    =      321.443, StdDeviation   =      111.558]
#[Max     =      495.616, Total count    =         1241]
#[Buckets =           27, SubBuckets     =         2048]
-----------------------------------------------------------------------
  1488 requests in 1.00m, 453.38KB read
Requests/sec:     24.80  
Transfer/sec:      7.56KB
