Running 1m test @ http://10.108.10.66/?loopCount=25&base=6&exp=6
  5 threads and 5 connections

  Thread calibration: mean lat.: 718.416ms, rate sampling interval: 2557ms
  Thread calibration: mean lat.: 352.012ms, rate sampling interval: 1562ms
  Thread calibration: mean lat.: 551.480ms, rate sampling interval: 1850ms
  Thread calibration: mean lat.: 270.939ms, rate sampling interval: 893ms
  Thread calibration: mean lat.: 502.057ms, rate sampling interval: 1347ms

-----------------------------------------------------------------------
Test Results @ http://10.108.10.66/?loopCount=25&base=6&exp=6 
  Thread Stats   Avg      Stdev     99%   +/- Stdev
    Latency     2.62s     1.22s    5.66s    66.55%
    Req/Sec     8.69      1.36    12.00     93.53%
  Latency Distribution (HdrHistogram - Recorded Latency)
 50.000%    2.47s 
 75.000%    3.47s 
 90.000%    4.25s 
 99.000%    5.66s 
 99.900%    5.80s 
 99.990%    5.80s 
 99.999%    5.80s 
100.000%    5.80s 

  Detailed Percentile spectrum:
       Value   Percentile   TotalCount 1/(1-Percentile)

     101.695     0.000000            1         1.00
    1001.983     0.100000          232         1.11
    1652.735     0.200000          463         1.25
    1972.223     0.300000          696         1.43
    2197.503     0.400000          926         1.67
    2473.983     0.500000         1156         2.00
    2596.863     0.550000         1274         2.22
    2775.039     0.600000         1387         2.50
    3000.319     0.650000         1504         2.86
    3201.023     0.700000         1619         3.33
    3467.263     0.750000         1734         4.00
    3598.335     0.775000         1794         4.44
    3725.311     0.800000         1849         5.00
    3805.183     0.825000         1907         5.71
    3936.255     0.850000         1966         6.67
    4028.415     0.875000         2023         8.00
    4100.095     0.887500         2055         8.89
    4247.551     0.900000         2080        10.00
    4345.855     0.912500         2109        11.43
    4485.119     0.925000         2138        13.33
    4603.903     0.937500         2167        16.00
    4800.511     0.943750         2182        17.78
    5001.215     0.950000         2196        20.00
    5099.519     0.956250         2210        22.86
    5193.727     0.962500         2226        26.67
    5251.071     0.968750         2240        32.00
    5275.647     0.971875         2247        35.56
    5300.223     0.975000         2254        40.00
    5402.623     0.978125         2262        45.71
    5505.023     0.981250         2268        53.33
    5603.327     0.984375         2275        64.00
    5615.615     0.985938         2279        71.11
    5648.383     0.987500         2284        80.00
    5660.671     0.989062         2286        91.43
    5668.863     0.990625         2290       106.67
    5681.151     0.992188         2294       128.00
    5693.439     0.992969         2295       142.22
    5697.535     0.993750         2298       160.00
    5701.631     0.994531         2299       182.86
    5713.919     0.995313         2302       213.33
    5713.919     0.996094         2302       256.00
    5726.207     0.996484         2303       284.44
    5742.591     0.996875         2304       320.00
    5746.687     0.997266         2305       365.71
    5754.879     0.997656         2306       426.67
    5758.975     0.998047         2307       512.00
    5758.975     0.998242         2307       568.89
    5791.743     0.998437         2308       640.00
    5791.743     0.998633         2308       731.43
    5795.839     0.998828         2309       853.33
    5795.839     0.999023         2309      1024.00
    5795.839     0.999121         2309      1137.78
    5804.031     0.999219         2311      1280.00
    5804.031     1.000000         2311          inf
#[Mean    =     2615.078, StdDeviation   =     1222.129]
#[Max     =     5799.936, Total count    =         2311]
#[Buckets =           27, SubBuckets     =         2048]
-----------------------------------------------------------------------
  2773 requests in 1.00m, 846.23KB read
Requests/sec:     46.21  
Transfer/sec:     14.10KB
