Running 1m test @ http://10.103.77.142/?loopCount=25&base=6&exp=6
  5 threads and 5 connections

  Thread calibration: mean lat.: 336.909ms, rate sampling interval: 1275ms
  Thread calibration: mean lat.: 663.857ms, rate sampling interval: 2869ms
  Thread calibration: mean lat.: 627.589ms, rate sampling interval: 2244ms
  Thread calibration: mean lat.: 420.675ms, rate sampling interval: 1175ms
  Thread calibration: mean lat.: 352.335ms, rate sampling interval: 1108ms

-----------------------------------------------------------------------
Test Results @ http://10.103.77.142/?loopCount=25&base=6&exp=6 
  Thread Stats   Avg      Stdev     99%   +/- Stdev
    Latency     2.74s     1.27s    6.55s    66.70%
    Req/Sec     8.70      1.29    12.00     89.70%
  Latency Distribution (HdrHistogram - Recorded Latency)
 50.000%    2.67s 
 75.000%    3.42s 
 90.000%    4.25s 
 99.000%    6.55s 
 99.900%    6.79s 
 99.990%    6.83s 
 99.999%    6.83s 
100.000%    6.83s 

  Detailed Percentile spectrum:
       Value   Percentile   TotalCount 1/(1-Percentile)

     494.847     0.000000            1         1.00
    1128.447     0.100000          231         1.11
    1519.615     0.200000          463         1.25
    1980.415     0.300000          693         1.43
    2373.631     0.400000          925         1.67
    2674.687     0.500000         1155         2.00
    2895.871     0.550000         1270         2.22
    3131.391     0.600000         1386         2.50
    3254.271     0.650000         1506         2.86
    3330.047     0.700000         1622         3.33
    3424.255     0.750000         1733         4.00
    3575.807     0.775000         1790         4.44
    3749.887     0.800000         1849         5.00
    3864.575     0.825000         1907         5.71
    3964.927     0.850000         1964         6.67
    4081.663     0.875000         2022         8.00
    4155.391     0.887500         2051         8.89
    4251.647     0.900000         2079        10.00
    4341.759     0.912500         2108        11.43
    4382.719     0.925000         2136        13.33
    4472.831     0.937500         2165        16.00
    4644.863     0.943750         2181        17.78
    5087.231     0.950000         2194        20.00
    5455.871     0.956250         2208        22.86
    5636.095     0.962500         2223        26.67
    5763.071     0.968750         2238        32.00
    5804.031     0.971875         2245        35.56
    5861.375     0.975000         2254        40.00
    5881.855     0.978125         2260        45.71
    6021.119     0.981250         2266        53.33
    6074.367     0.984375         2273        64.00
    6295.551     0.985938         2277        71.11
    6455.295     0.987500         2281        80.00
    6483.967     0.989062         2284        91.43
    6557.695     0.990625         2288       106.67
    6590.463     0.992188         2291       128.00
    6594.559     0.992969         2293       142.22
    6647.807     0.993750         2295       160.00
    6668.287     0.994531         2298       182.86
    6672.383     0.995313         2299       213.33
    6676.479     0.996094         2300       256.00
    6692.863     0.996484         2301       284.44
    6721.535     0.996875         2302       320.00
    6746.111     0.997266         2303       365.71
    6754.303     0.997656         2304       426.67
    6778.879     0.998047         2305       512.00
    6778.879     0.998242         2305       568.89
    6782.975     0.998437         2306       640.00
    6782.975     0.998633         2306       731.43
    6791.167     0.998828         2308       853.33
    6791.167     0.999023         2308      1024.00
    6791.167     0.999121         2308      1137.78
    6791.167     0.999219         2308      1280.00
    6791.167     0.999316         2308      1462.86
    6791.167     0.999414         2308      1706.67
    6791.167     0.999512         2308      2048.00
    6791.167     0.999561         2308      2275.56
    6832.127     0.999609         2309      2560.00
    6832.127     1.000000         2309          inf
#[Mean    =     2740.752, StdDeviation   =     1273.699]
#[Max     =     6828.032, Total count    =         2309]
#[Buckets =           27, SubBuckets     =         2048]
-----------------------------------------------------------------------
  2760 requests in 1.00m, 842.30KB read
Requests/sec:     46.00  
Transfer/sec:     14.04KB
