Running 1m test @ http://10.108.10.66/?loopCount=25&base=6&exp=6
  5 threads and 5 connections

  Thread calibration: mean lat.: 1990.048ms, rate sampling interval: 7458ms
  Thread calibration: mean lat.: 2131.667ms, rate sampling interval: 7081ms
  Thread calibration: mean lat.: 1790.765ms, rate sampling interval: 6754ms
  Thread calibration: mean lat.: 1710.345ms, rate sampling interval: 6004ms
  Thread calibration: mean lat.: 1247.563ms, rate sampling interval: 4755ms

-----------------------------------------------------------------------
Test Results @ http://10.108.10.66/?loopCount=25&base=6&exp=6 
  Thread Stats   Avg      Stdev     99%   +/- Stdev
    Latency    13.60s     5.76s   23.56s    57.90%
    Req/Sec     8.58      0.63    10.00    100.00%
  Latency Distribution (HdrHistogram - Recorded Latency)
 50.000%   13.59s 
 75.000%   18.60s 
 90.000%   21.69s 
 99.000%   23.56s 
 99.900%   23.92s 
 99.990%   23.92s 
 99.999%   23.92s 
100.000%   23.92s 

  Detailed Percentile spectrum:
       Value   Percentile   TotalCount 1/(1-Percentile)

    2895.871     0.000000            1         1.00
    5652.479     0.100000          226         1.11
    7618.559     0.200000          452         1.25
    9469.951     0.300000          678         1.43
   11427.839     0.400000          904         1.67
   13590.527     0.500000         1131         2.00
   14581.759     0.550000         1243         2.22
   15654.911     0.600000         1356         2.50
   16547.839     0.650000         1469         2.86
   17399.807     0.700000         1583         3.33
   18612.223     0.750000         1696         4.00
   19202.047     0.775000         1753         4.44
   19660.799     0.800000         1809         5.00
   20168.703     0.825000         1864         5.71
   20692.991     0.850000         1923         6.67
   21233.663     0.875000         1979         8.00
   21413.887     0.887500         2006         8.89
   21692.415     0.900000         2036        10.00
   21872.639     0.912500         2062        11.43
   22134.783     0.925000         2090        13.33
   22380.543     0.937500         2121        16.00
   22478.847     0.943750         2133        17.78
   22593.535     0.950000         2148        20.00
   22691.839     0.956250         2162        22.86
   22839.295     0.962500         2176        26.67
   22986.751     0.968750         2189        32.00
   23052.287     0.971875         2197        35.56
   23117.823     0.975000         2204        40.00
   23183.359     0.978125         2210        45.71
   23330.815     0.981250         2217        53.33
   23396.351     0.984375         2224        64.00
   23445.503     0.985938         2230        71.11
   23461.887     0.987500         2233        80.00
   23560.191     0.989062         2236        91.43
   23576.575     0.990625         2239       106.67
   23609.343     0.992188         2242       128.00
   23625.727     0.992969         2244       142.22
   23642.111     0.993750         2247       160.00
   23642.111     0.994531         2247       182.86
   23691.263     0.995313         2249       213.33
   23805.951     0.996094         2251       256.00
   23822.335     0.996484         2252       284.44
   23822.335     0.996875         2252       320.00
   23887.871     0.997266         2253       365.71
   23904.255     0.997656         2256       426.67
   23904.255     0.998047         2256       512.00
   23904.255     0.998242         2256       568.89
   23904.255     0.998437         2256       640.00
   23904.255     0.998633         2256       731.43
   23920.639     0.998828         2259       853.33
   23920.639     1.000000         2259          inf
#[Mean    =    13602.855, StdDeviation   =     5764.234]
#[Max     =    23904.256, Total count    =         2259]
#[Buckets =           27, SubBuckets     =         2048]
-----------------------------------------------------------------------
  2730 requests in 1.00m, 833.13KB read
Requests/sec:     45.50  
Transfer/sec:     13.88KB
