Running 1m test @ http://10.111.175.232/?loopCount=25&base=6&exp=6
  5 threads and 5 connections

  Thread calibration: mean lat.: 682.095ms, rate sampling interval: 2744ms
  Thread calibration: mean lat.: 909.167ms, rate sampling interval: 3434ms
  Thread calibration: mean lat.: 851.037ms, rate sampling interval: 2764ms
  Thread calibration: mean lat.: 527.741ms, rate sampling interval: 1797ms
  Thread calibration: mean lat.: 1198.850ms, rate sampling interval: 4730ms

-----------------------------------------------------------------------
Test Results @ http://10.111.175.232/?loopCount=25&base=6&exp=6 
  Thread Stats   Avg      Stdev     99%   +/- Stdev
    Latency     6.01s     2.98s   13.23s    63.03%
    Req/Sec    11.92      1.24    14.00     97.70%
  Latency Distribution (HdrHistogram - Recorded Latency)
 50.000%    5.83s 
 75.000%    8.20s 
 90.000%   10.06s 
 99.000%   13.23s 
 99.900%   14.06s 
 99.990%   14.17s 
 99.999%   14.17s 
100.000%   14.17s 

  Detailed Percentile spectrum:
       Value   Percentile   TotalCount 1/(1-Percentile)

     898.559     0.000000            1         1.00
    2222.079     0.100000          309         1.11
    3100.671     0.200000          617         1.25
    4073.471     0.300000          926         1.43
    4599.807     0.400000         1233         1.67
    5828.607     0.500000         1541         2.00
    6320.127     0.550000         1698         2.22
    6782.975     0.600000         1849         2.50
    7311.359     0.650000         2003         2.86
    7757.823     0.700000         2159         3.33
    8200.191     0.750000         2313         4.00
    8376.319     0.775000         2389         4.44
    8847.359     0.800000         2470         5.00
    9060.351     0.825000         2542         5.71
    9338.879     0.850000         2620         6.67
    9715.711     0.875000         2697         8.00
    9838.591     0.887500         2737         8.89
   10059.775     0.900000         2773        10.00
   10264.575     0.912500         2812        11.43
   10452.991     0.925000         2851        13.33
   10690.559     0.937500         2891        16.00
   10813.439     0.943750         2911        17.78
   10952.703     0.950000         2928        20.00
   11198.463     0.956250         2947        22.86
   11689.983     0.962500         2966        26.67
   12148.735     0.968750         2986        32.00
   12353.535     0.971875         2995        35.56
   12419.071     0.975000         3005        40.00
   12509.183     0.978125         3014        45.71
   12615.679     0.981250         3024        53.33
   12861.439     0.984375         3033        64.00
   12918.783     0.985938         3039        71.11
   13082.623     0.987500         3045        80.00
   13205.503     0.989062         3048        91.43
   13303.807     0.990625         3053       106.67
   13467.647     0.992188         3057       128.00
   13574.143     0.992969         3060       142.22
   13590.527     0.993750         3063       160.00
   13606.911     0.994531         3065       182.86
   13623.295     0.995313         3067       213.33
   13746.175     0.996094         3070       256.00
   13754.367     0.996484         3071       284.44
   13852.671     0.996875         3072       320.00
   13885.439     0.997266         3073       365.71
   13893.631     0.997656         3074       426.67
   13901.823     0.998047         3075       512.00
   13926.399     0.998242         3076       568.89
   14016.511     0.998437         3077       640.00
   14016.511     0.998633         3077       731.43
   14057.471     0.998828         3078       853.33
   14057.471     0.999023         3078      1024.00
   14090.239     0.999121         3079      1137.78
   14090.239     0.999219         3079      1280.00
   14090.239     0.999316         3079      1462.86
   14131.199     0.999414         3080      1706.67
   14131.199     0.999512         3080      2048.00
   14131.199     0.999561         3080      2275.56
   14131.199     0.999609         3080      2560.00
   14131.199     0.999658         3080      2925.71
   14172.159     0.999707         3081      3413.33
   14172.159     1.000000         3081          inf
#[Mean    =     6007.495, StdDeviation   =     2978.583]
#[Max     =    14163.968, Total count    =         3081]
#[Buckets =           27, SubBuckets     =         2048]
-----------------------------------------------------------------------
  3704 requests in 1.00m, 1.10MB read
Requests/sec:     61.73  
Transfer/sec:     18.82KB
