Running 1m test @ http://10.99.199.129/?loopCount=25&base=6&exp=6
  1 threads and 1 connections

  Thread calibration: mean lat.: 3245.141ms, rate sampling interval: 12287ms

-----------------------------------------------------------------------
Test Results @ http://10.99.199.129/?loopCount=25&base=6&exp=6 
  Thread Stats   Avg      Stdev     99%   +/- Stdev
    Latency    25.46s    10.18s   43.29s    59.16%
    Req/Sec     6.25      0.43     7.00    100.00%
  Latency Distribution (HdrHistogram - Recorded Latency)
 50.000%   25.30s 
 75.000%   33.98s 
 90.000%   39.62s 
 99.000%   43.29s 
 99.900%   43.68s 
 99.990%   43.68s 
 99.999%   43.68s 
100.000%   43.68s 

  Detailed Percentile spectrum:
       Value   Percentile   TotalCount 1/(1-Percentile)

    7229.439     0.000000            1         1.00
   11214.847     0.100000           34         1.11
   14991.359     0.200000           67         1.25
   18972.671     0.300000          100         1.43
   22036.479     0.400000          134         1.67
   25296.895     0.500000          167         2.00
   27213.823     0.550000          184         2.22
   28999.679     0.600000          200         2.50
   30523.391     0.650000          217         2.86
   32030.719     0.700000          234         3.33
   33980.415     0.750000          250         4.00
   34930.687     0.775000          259         4.44
   35815.423     0.800000          267         5.00
   36700.159     0.825000          275         5.71
   37715.967     0.850000          284         6.67
   38502.399     0.875000          292         8.00
   39157.759     0.887500          296         8.89
   39616.511     0.900000          300        10.00
   40239.103     0.912500          304        11.43
   40927.231     0.925000          309        13.33
   41189.375     0.937500          313        16.00
   41287.679     0.943750          315        17.78
   41615.359     0.950000          317        20.00
   41910.271     0.956250          319        22.86
   42074.111     0.962500          321        26.67
   42369.023     0.968750          323        32.00
   42631.167     0.971875          324        35.56
   42696.703     0.975000          325        40.00
   42827.775     0.978125          326        45.71
   42926.079     0.981250          327        53.33
   43057.151     0.984375          328        64.00
   43122.687     0.985938          329        71.11
   43122.687     0.987500          329        80.00
   43286.527     0.989062          330        91.43
   43286.527     0.990625          330       106.67
   43450.367     0.992188          331       128.00
   43450.367     0.992969          331       142.22
   43450.367     0.993750          331       160.00
   43614.207     0.994531          332       182.86
   43614.207     0.995313          332       213.33
   43614.207     0.996094          332       256.00
   43614.207     0.996484          332       284.44
   43614.207     0.996875          332       320.00
   43679.743     0.997266          333       365.71
   43679.743     1.000000          333          inf
#[Mean    =    25464.561, StdDeviation   =    10180.502]
#[Max     =    43646.976, Total count    =          333]
#[Buckets =           27, SubBuckets     =         2048]
-----------------------------------------------------------------------
  405 requests in 1.00m, 123.74KB read
Requests/sec:      6.75  
Transfer/sec:      2.06KB
