Running 1m test @ http://10.106.106.124/?loopCount=25&base=6&exp=6
  5 threads and 5 connections

  Thread calibration: mean lat.: 385.157ms, rate sampling interval: 1259ms
  Thread calibration: mean lat.: 306.775ms, rate sampling interval: 1010ms
  Thread calibration: mean lat.: 420.594ms, rate sampling interval: 1321ms
  Thread calibration: mean lat.: 165.951ms, rate sampling interval: 580ms
  Thread calibration: mean lat.: 170.295ms, rate sampling interval: 669ms

-----------------------------------------------------------------------
Test Results @ http://10.106.106.124/?loopCount=25&base=6&exp=6 
  Thread Stats   Avg      Stdev     99%   +/- Stdev
    Latency     2.79s     1.65s    7.59s    71.66%
    Req/Sec    13.29      2.97    20.00     82.46%
  Latency Distribution (HdrHistogram - Recorded Latency)
 50.000%    2.65s 
 75.000%    3.21s 
 90.000%    5.62s 
 99.000%    7.59s 
 99.900%    7.74s 
 99.990%    7.76s 
 99.999%    7.76s 
100.000%    7.76s 

  Detailed Percentile spectrum:
       Value   Percentile   TotalCount 1/(1-Percentile)

      40.575     0.000000            1         1.00
     898.047     0.100000          346         1.11
    1299.455     0.200000          691         1.25
    1946.623     0.300000         1037         1.43
    2439.167     0.400000         1382         1.67
    2648.063     0.500000         1729         2.00
    2732.031     0.550000         1901         2.22
    2840.575     0.600000         2073         2.50
    2945.023     0.650000         2247         2.86
    3080.191     0.700000         2419         3.33
    3211.263     0.750000         2591         4.00
    3311.615     0.775000         2678         4.44
    3477.503     0.800000         2764         5.00
    3860.479     0.825000         2850         5.71
    4069.375     0.850000         2936         6.67
    4648.959     0.875000         3023         8.00
    5304.319     0.887500         3066         8.89
    5615.615     0.900000         3109        10.00
    5906.431     0.912500         3152        11.43
    6062.079     0.925000         3195        13.33
    6406.143     0.937500         3241        16.00
    6455.295     0.943750         3261        17.78
    6508.543     0.950000         3282        20.00
    6602.751     0.956250         3303        22.86
    6692.863     0.962500         3325        26.67
    6877.183     0.968750         3347        32.00
    6950.911     0.971875         3357        35.56
    7032.831     0.975000         3368        40.00
    7106.559     0.978125         3379        45.71
    7180.287     0.981250         3390        53.33
    7360.511     0.984375         3401        64.00
    7491.583     0.985938         3406        71.11
    7540.735     0.987500         3411        80.00
    7585.791     0.989062         3417        91.43
    7602.175     0.990625         3422       106.67
    7639.039     0.992188         3428       128.00
    7643.135     0.992969         3430       142.22
    7655.423     0.993750         3434       160.00
    7667.711     0.994531         3436       182.86
    7692.287     0.995313         3440       213.33
    7696.383     0.996094         3441       256.00
    7700.479     0.996484         3442       284.44
    7708.671     0.996875         3444       320.00
    7712.767     0.997266         3446       365.71
    7712.767     0.997656         3446       426.67
    7725.055     0.998047         3448       512.00
    7725.055     0.998242         3448       568.89
    7729.151     0.998437         3449       640.00
    7733.247     0.998633         3450       731.43
    7733.247     0.998828         3450       853.33
    7741.439     0.999023         3451      1024.00
    7741.439     0.999121         3451      1137.78
    7749.631     0.999219         3453      1280.00
    7749.631     0.999316         3453      1462.86
    7749.631     0.999414         3453      1706.67
    7749.631     0.999512         3453      2048.00
    7749.631     0.999561         3453      2275.56
    7749.631     0.999609         3453      2560.00
    7749.631     0.999658         3453      2925.71
    7749.631     0.999707         3453      3413.33
    7757.823     0.999756         3454      4096.00
    7757.823     1.000000         3454          inf
#[Mean    =     2785.790, StdDeviation   =     1654.192]
#[Max     =     7753.728, Total count    =         3454]
#[Buckets =           27, SubBuckets     =         2048]
-----------------------------------------------------------------------
  4180 requests in 1.00m, 1.24MB read
Requests/sec:     69.66  
Transfer/sec:     21.24KB
