Running 1m test @ http://10.99.199.129/?loopCount=25&base=6&exp=6
  5 threads and 5 connections

  Thread calibration: mean lat.: 73.853ms, rate sampling interval: 280ms
  Thread calibration: mean lat.: 126.787ms, rate sampling interval: 546ms
  Thread calibration: mean lat.: 102.272ms, rate sampling interval: 439ms
  Thread calibration: mean lat.: 445.477ms, rate sampling interval: 1351ms
  Thread calibration: mean lat.: 257.048ms, rate sampling interval: 1230ms

-----------------------------------------------------------------------
Test Results @ http://10.99.199.129/?loopCount=25&base=6&exp=6 
  Thread Stats   Avg      Stdev     99%   +/- Stdev
    Latency   210.51ms  209.42ms 963.58ms   85.51%
    Req/Sec     9.54      3.37    21.00     81.26%
  Latency Distribution (HdrHistogram - Recorded Latency)
 50.000%  132.10ms
 75.000%  268.54ms
 90.000%  505.60ms
 99.000%  963.58ms
 99.900%    1.13s 
 99.990%    1.24s 
 99.999%    1.24s 
100.000%    1.24s 

  Detailed Percentile spectrum:
       Value   Percentile   TotalCount 1/(1-Percentile)

      22.047     0.000000            1         1.00
      40.671     0.100000          262         1.11
      41.599     0.200000          506         1.25
      65.375     0.300000          750         1.43
     117.695     0.400000         1001         1.67
     132.095     0.500000         1251         2.00
     148.479     0.550000         1377         2.22
     181.631     0.600000         1500         2.50
     220.799     0.650000         1627         2.86
     232.959     0.700000         1750         3.33
     268.799     0.750000         1875         4.00
     315.647     0.775000         1937         4.44
     325.631     0.800000         2000         5.00
     351.999     0.825000         2062         5.71
     418.303     0.850000         2127         6.67
     435.711     0.875000         2187         8.00
     457.727     0.887500         2218         8.89
     505.855     0.900000         2250        10.00
     529.407     0.912500         2282        11.43
     565.759     0.925000         2312        13.33
     627.711     0.937500         2344        16.00
     650.751     0.943750         2359        17.78
     665.599     0.950000         2375        20.00
     716.799     0.956250         2390        22.86
     725.503     0.962500         2407        26.67
     773.119     0.968750         2421        32.00
     816.127     0.971875         2429        35.56
     823.295     0.975000         2437        40.00
     834.047     0.978125         2445        45.71
     870.911     0.981250         2453        53.33
     918.015     0.984375         2460        64.00
     929.279     0.985938         2464        71.11
     938.495     0.987500         2468        80.00
     958.463     0.989062         2472        91.43
     998.911     0.990625         2476       106.67
    1018.367     0.992188         2480       128.00
    1023.487     0.992969         2482       142.22
    1023.999     0.993750         2484       160.00
    1035.263     0.994531         2486       182.86
    1057.791     0.995313         2488       213.33
    1069.055     0.996094         2491       256.00
    1069.055     0.996484         2491       284.44
    1117.183     0.996875         2493       320.00
    1117.183     0.997266         2493       365.71
    1118.207     0.997656         2494       426.67
    1121.279     0.998047         2495       512.00
    1121.279     0.998242         2495       568.89
    1127.423     0.998437         2496       640.00
    1127.423     0.998633         2496       731.43
    1128.447     0.998828         2497       853.33
    1128.447     0.999023         2497      1024.00
    1128.447     0.999121         2497      1137.78
    1176.575     0.999219         2498      1280.00
    1176.575     0.999316         2498      1462.86
    1176.575     0.999414         2498      1706.67
    1176.575     0.999512         2498      2048.00
    1176.575     0.999561         2498      2275.56
    1235.967     0.999609         2499      2560.00
    1235.967     1.000000         2499          inf
#[Mean    =      210.514, StdDeviation   =      209.417]
#[Max     =     1234.944, Total count    =         2499]
#[Buckets =           27, SubBuckets     =         2048]
-----------------------------------------------------------------------
  2988 requests in 1.00m, 0.89MB read
Requests/sec:     49.79  
Transfer/sec:     15.19KB
