Running 1m test @ http://10.102.62.147/?loopCount=25&base=6&exp=6
  1 threads and 1 connections

  Thread calibration: mean lat.: 1352.772ms, rate sampling interval: 5631ms

-----------------------------------------------------------------------
Test Results @ http://10.102.62.147/?loopCount=25&base=6&exp=6 
  Thread Stats   Avg      Stdev     99%   +/- Stdev
    Latency    11.57s     4.88s   19.96s    58.12%
    Req/Sec    16.00      1.00    17.00     87.50%
  Latency Distribution (HdrHistogram - Recorded Latency)
 50.000%   11.50s 
 75.000%   15.42s 
 90.000%   18.73s 
 99.000%   19.96s 
 99.900%   19.99s 
 99.990%   20.02s 
 99.999%   20.02s 
100.000%   20.02s 

  Detailed Percentile spectrum:
       Value   Percentile   TotalCount 1/(1-Percentile)

    3278.847     0.000000            2         1.00
    5107.711     0.100000           84         1.11
    6377.471     0.200000          167         1.25
    8331.263     0.300000          251         1.43
    9723.903     0.400000          333         1.67
   11501.567     0.500000          416         2.00
   12402.687     0.550000          459         2.22
   13099.007     0.600000          499         2.50
   14139.391     0.650000          541         2.86
   14761.983     0.700000          582         3.33
   15466.495     0.750000          625         4.00
   16023.551     0.775000          646         4.44
   16449.535     0.800000          665         5.00
   17219.583     0.825000          686         5.71
   17694.719     0.850000          707         6.67
   18202.623     0.875000          729         8.00
   18513.919     0.887500          739         8.89
   18726.911     0.900000          748        10.00
   19103.743     0.912500          759        11.43
   19365.887     0.925000          771        13.33
   19431.423     0.937500          784        16.00
   19447.807     0.943750          786        17.78
   19480.575     0.950000          796        20.00
   19480.575     0.956250          796        22.86
   19562.495     0.962500          800        26.67
   19726.335     0.968750          813        32.00
   19726.335     0.971875          813        35.56
   19726.335     0.975000          813        40.00
   19726.335     0.978125          813        45.71
   19808.255     0.981250          817        53.33
   19890.175     0.984375          820        64.00
   19890.175     0.985938          820        71.11
   19906.559     0.987500          821        80.00
   19955.711     0.989062          823        91.43
   19972.095     0.990625          828       106.67
   19972.095     0.992188          828       128.00
   19972.095     0.992969          828       142.22
   19972.095     0.993750          828       160.00
   19972.095     0.994531          828       182.86
   19972.095     0.995313          828       213.33
   19972.095     0.996094          828       256.00
   19988.479     0.996484          830       284.44
   19988.479     0.996875          830       320.00
   19988.479     0.997266          830       365.71
   19988.479     0.997656          830       426.67
   19988.479     0.998047          830       512.00
   19988.479     0.998242          830       568.89
   19988.479     0.998437          830       640.00
   19988.479     0.998633          830       731.43
   20021.247     0.998828          831       853.33
   20021.247     1.000000          831          inf
#[Mean    =    11573.757, StdDeviation   =     4876.617]
#[Max     =    20004.864, Total count    =          831]
#[Buckets =           27, SubBuckets     =         2048]
-----------------------------------------------------------------------
  999 requests in 1.00m, 304.40KB read
Requests/sec:     16.65  
Transfer/sec:      5.07KB
