Running 1m test @ http://10.106.106.124/?loopCount=25&base=6&exp=6
  5 threads and 5 connections

  Thread calibration: mean lat.: 79.292ms, rate sampling interval: 219ms
  Thread calibration: mean lat.: 73.692ms, rate sampling interval: 223ms
  Thread calibration: mean lat.: 71.982ms, rate sampling interval: 228ms
  Thread calibration: mean lat.: 73.245ms, rate sampling interval: 215ms
  Thread calibration: mean lat.: 82.687ms, rate sampling interval: 238ms

-----------------------------------------------------------------------
Test Results @ http://10.106.106.124/?loopCount=25&base=6&exp=6 
  Thread Stats   Avg      Stdev     99%   +/- Stdev
    Latency    97.53ms   71.84ms 390.65ms   84.75%
    Req/Sec     9.55      3.18    17.00     82.03%
  Latency Distribution (HdrHistogram - Recorded Latency)
 50.000%   93.63ms
 75.000%  113.41ms
 90.000%  188.16ms
 99.000%  390.65ms
 99.900%  505.60ms
 99.990%  580.61ms
 99.999%  580.61ms
100.000%  580.61ms

  Detailed Percentile spectrum:
       Value   Percentile   TotalCount 1/(1-Percentile)

      21.759     0.000000            1         1.00
      40.927     0.100000          250         1.11
      41.631     0.200000          500         1.25
      42.559     0.300000          753         1.43
      50.975     0.400000         1000         1.67
      93.631     0.500000         1251         2.00
      97.983     0.550000         1375         2.22
     100.927     0.600000         1504         2.50
     103.231     0.650000         1625         2.86
     107.647     0.700000         1750         3.33
     113.471     0.750000         1876         4.00
     117.311     0.775000         1937         4.44
     123.519     0.800000         2000         5.00
     130.943     0.825000         2063         5.71
     144.767     0.850000         2125         6.67
     182.271     0.875000         2188         8.00
     185.215     0.887500         2219         8.89
     188.543     0.900000         2251        10.00
     191.999     0.912500         2281        11.43
     197.887     0.925000         2312        13.33
     203.775     0.937500         2343        16.00
     207.231     0.943750         2360        17.78
     215.807     0.950000         2375        20.00
     234.111     0.956250         2390        22.86
     282.879     0.962500         2406        26.67
     291.583     0.968750         2421        32.00
     300.031     0.971875         2429        35.56
     311.807     0.975000         2437        40.00
     322.047     0.978125         2445        45.71
     334.335     0.981250         2453        53.33
     354.559     0.984375         2460        64.00
     381.183     0.985938         2464        71.11
     383.231     0.987500         2468        80.00
     388.351     0.989062         2472        91.43
     393.215     0.990625         2476       106.67
     398.335     0.992188         2480       128.00
     399.103     0.992969         2482       142.22
     402.175     0.993750         2484       160.00
     405.759     0.994531         2486       182.86
     410.367     0.995313         2488       213.33
     428.543     0.996094         2490       256.00
     438.783     0.996484         2491       284.44
     446.975     0.996875         2492       320.00
     480.511     0.997266         2493       365.71
     483.327     0.997656         2494       426.67
     495.359     0.998047         2495       512.00
     495.359     0.998242         2495       568.89
     498.687     0.998437         2496       640.00
     498.687     0.998633         2496       731.43
     505.599     0.998828         2497       853.33
     505.599     0.999023         2497      1024.00
     505.599     0.999121         2497      1137.78
     533.503     0.999219         2498      1280.00
     533.503     0.999316         2498      1462.86
     533.503     0.999414         2498      1706.67
     533.503     0.999512         2498      2048.00
     533.503     0.999561         2498      2275.56
     580.607     0.999609         2499      2560.00
     580.607     1.000000         2499          inf
#[Mean    =       97.533, StdDeviation   =       71.837]
#[Max     =      580.096, Total count    =         2499]
#[Buckets =           27, SubBuckets     =         2048]
-----------------------------------------------------------------------
  2992 requests in 1.00m, 0.89MB read
Requests/sec:     49.86  
Transfer/sec:     15.20KB
