Running 1m test @ http://10.102.62.147/?loopCount=25&base=6&exp=6
  5 threads and 5 connections

  Thread calibration: mean lat.: 73.166ms, rate sampling interval: 246ms
  Thread calibration: mean lat.: 59.956ms, rate sampling interval: 226ms
  Thread calibration: mean lat.: 77.338ms, rate sampling interval: 265ms
  Thread calibration: mean lat.: 72.241ms, rate sampling interval: 242ms
  Thread calibration: mean lat.: 62.045ms, rate sampling interval: 225ms

-----------------------------------------------------------------------
Test Results @ http://10.102.62.147/?loopCount=25&base=6&exp=6 
  Thread Stats   Avg      Stdev     99%   +/- Stdev
    Latency    78.78ms   56.51ms 308.99ms   88.76%
    Req/Sec     9.56      3.10    17.00     86.25%
  Latency Distribution (HdrHistogram - Recorded Latency)
 50.000%   44.96ms
 75.000%  110.91ms
 90.000%  138.75ms
 99.000%  308.99ms
 99.900%  345.86ms
 99.990%  419.33ms
 99.999%  419.33ms
100.000%  419.33ms

  Detailed Percentile spectrum:
       Value   Percentile   TotalCount 1/(1-Percentile)

      22.063     0.000000            1         1.00
      40.639     0.100000          252         1.11
      41.055     0.200000          510         1.25
      41.439     0.300000          751         1.43
      41.919     0.400000         1007         1.67
      44.959     0.500000         1250         2.00
      50.495     0.550000         1375         2.22
      62.015     0.600000         1500         2.50
      94.719     0.650000         1626         2.86
     106.047     0.700000         1750         3.33
     110.975     0.750000         1875         4.00
     113.535     0.775000         1943         4.44
     114.815     0.800000         2000         5.00
     118.911     0.825000         2063         5.71
     124.031     0.850000         2126         6.67
     131.007     0.875000         2187         8.00
     135.039     0.887500         2218         8.89
     139.135     0.900000         2251        10.00
     147.071     0.912500         2282        11.43
     155.263     0.925000         2312        13.33
     204.543     0.937500         2344        16.00
     206.591     0.943750         2359        17.78
     209.279     0.950000         2375        20.00
     211.583     0.956250         2390        22.86
     214.527     0.962500         2407        26.67
     220.543     0.968750         2421        32.00
     222.719     0.971875         2429        35.56
     224.639     0.975000         2437        40.00
     228.351     0.978125         2445        45.71
     239.231     0.981250         2453        53.33
     255.999     0.984375         2460        64.00
     269.055     0.985938         2464        71.11
     304.895     0.987500         2468        80.00
     306.943     0.989062         2472        91.43
     314.111     0.990625         2476       106.67
     317.439     0.992188         2480       128.00
     318.463     0.992969         2483       142.22
     320.255     0.993750         2484       160.00
     322.047     0.994531         2486       182.86
     323.839     0.995313         2488       213.33
     324.351     0.996094         2490       256.00
     324.607     0.996484         2491       284.44
     324.863     0.996875         2492       320.00
     325.119     0.997266         2493       365.71
     327.935     0.997656         2494       426.67
     328.703     0.998047         2495       512.00
     328.703     0.998242         2495       568.89
     337.151     0.998437         2496       640.00
     337.151     0.998633         2496       731.43
     345.855     0.998828         2497       853.33
     345.855     0.999023         2497      1024.00
     345.855     0.999121         2497      1137.78
     358.911     0.999219         2498      1280.00
     358.911     0.999316         2498      1462.86
     358.911     0.999414         2498      1706.67
     358.911     0.999512         2498      2048.00
     358.911     0.999561         2498      2275.56
     419.327     0.999609         2499      2560.00
     419.327     1.000000         2499          inf
#[Mean    =       78.783, StdDeviation   =       56.508]
#[Max     =      419.072, Total count    =         2499]
#[Buckets =           27, SubBuckets     =         2048]
-----------------------------------------------------------------------
  2993 requests in 1.00m, 0.89MB read
Requests/sec:     49.88  
Transfer/sec:     15.21KB
