Running 1m test @ http://10.108.10.66/?loopCount=25&base=6&exp=6
  1 threads and 1 connections

  Thread calibration: mean lat.: 3654.516ms, rate sampling interval: 12369ms

-----------------------------------------------------------------------
Test Results @ http://10.108.10.66/?loopCount=25&base=6&exp=6 
  Thread Stats   Avg      Stdev     99%   +/- Stdev
    Latency    24.96s    10.25s   41.84s    57.53%
    Req/Sec     6.75      0.43     7.00    100.00%
  Latency Distribution (HdrHistogram - Recorded Latency)
 50.000%   24.74s 
 75.000%   34.05s 
 90.000%   38.76s 
 99.000%   41.84s 
 99.900%   42.21s 
 99.990%   42.21s 
 99.999%   42.21s 
100.000%   42.21s 

  Detailed Percentile spectrum:
       Value   Percentile   TotalCount 1/(1-Percentile)

    6930.431     0.000000            1         1.00
   10485.759     0.100000           37         1.11
   14360.575     0.200000           73         1.25
   18186.239     0.300000          110         1.43
   21544.959     0.400000          146         1.67
   24739.839     0.500000          183         2.00
   26853.375     0.550000          201         2.22
   28819.455     0.600000          219         2.50
   30359.551     0.650000          239         2.86
   32161.791     0.700000          256         3.33
   34045.951     0.750000          274         4.00
   35061.759     0.775000          283         4.44
   35913.727     0.800000          292         5.00
   36732.927     0.825000          302         5.71
   37453.823     0.850000          311         6.67
   38174.719     0.875000          321         8.00
   38502.399     0.887500          324         8.89
   38764.543     0.900000          329        10.00
   39419.903     0.912500          334        11.43
   39747.583     0.925000          339        13.33
   39976.959     0.937500          343        16.00
   40173.567     0.943750          345        17.78
   40402.943     0.950000          347        20.00
   40632.319     0.956250          350        22.86
   40796.159     0.962500          352        26.67
   41025.535     0.968750          354        32.00
   41189.375     0.971875          355        35.56
   41320.447     0.975000          356        40.00
   41484.287     0.978125          358        45.71
   41648.127     0.981250          359        53.33
   41713.663     0.984375          360        64.00
   41713.663     0.985938          360        71.11
   41844.735     0.987500          361        80.00
   42008.575     0.989062          362        91.43
   42008.575     0.990625          362       106.67
   42106.879     0.992188          363       128.00
   42106.879     0.992969          363       142.22
   42106.879     0.993750          363       160.00
   42205.183     0.994531          365       182.86
   42205.183     1.000000          365          inf
#[Mean    =    24960.356, StdDeviation   =    10247.734]
#[Max     =    42172.416, Total count    =          365]
#[Buckets =           27, SubBuckets     =         2048]
-----------------------------------------------------------------------
  443 requests in 1.00m, 135.31KB read
Requests/sec:      7.38  
Transfer/sec:      2.25KB
