Running 1m test @ http://10.106.127.105/?loopCount=25&base=6&exp=6
  1 threads and 1 connections

  Thread calibration: mean lat.: 3079.207ms, rate sampling interval: 12697ms

-----------------------------------------------------------------------
Test Results @ http://10.106.127.105/?loopCount=25&base=6&exp=6 
  Thread Stats   Avg      Stdev     99%   +/- Stdev
    Latency    24.85s    10.28s   43.02s    59.05%
    Req/Sec     6.33      0.47     7.00    100.00%
  Latency Distribution (HdrHistogram - Recorded Latency)
 50.000%   24.71s 
 75.000%   33.34s 
 90.000%   39.58s 
 99.000%   43.02s 
 99.900%   43.38s 
 99.990%   43.38s 
 99.999%   43.38s 
100.000%   43.38s 

  Detailed Percentile spectrum:
       Value   Percentile   TotalCount 1/(1-Percentile)

    7028.735     0.000000            1         1.00
   10895.359     0.100000           34         1.11
   14557.183     0.200000           68         1.25
   17891.327     0.300000          102         1.43
   21266.431     0.400000          135         1.67
   24707.071     0.500000          169         2.00
   26427.391     0.550000          186         2.22
   27738.111     0.600000          203         2.50
   29491.199     0.650000          220         2.86
   31424.511     0.700000          236         3.33
   33341.439     0.750000          253         4.00
   34570.239     0.775000          262         4.44
   35586.047     0.800000          270         5.00
   36634.623     0.825000          279         5.71
   37486.591     0.850000          287         6.67
   38469.631     0.875000          295         8.00
   39190.527     0.887500          300         8.89
   39714.815     0.900000          304        10.00
   40173.567     0.912500          308        11.43
   40599.551     0.925000          312        13.33
   40927.231     0.937500          316        16.00
   41320.447     0.943750          319        17.78
   41549.823     0.950000          321        20.00
   41746.431     0.956250          323        22.86
   41844.735     0.962500          325        26.67
   41975.807     0.968750          327        32.00
   42172.415     0.971875          328        35.56
   42205.183     0.975000          329        40.00
   42369.023     0.978125          330        45.71
   42532.863     0.981250          331        53.33
   42696.703     0.984375          332        64.00
   42860.543     0.985938          333        71.11
   42860.543     0.987500          333        80.00
   43024.383     0.989062          334        91.43
   43024.383     0.990625          334       106.67
   43089.919     0.992188          335       128.00
   43089.919     0.992969          335       142.22
   43089.919     0.993750          335       160.00
   43220.991     0.994531          336       182.86
   43220.991     0.995313          336       213.33
   43220.991     0.996094          336       256.00
   43220.991     0.996484          336       284.44
   43220.991     0.996875          336       320.00
   43384.831     0.997266          337       365.71
   43384.831     1.000000          337          inf
#[Mean    =    24852.286, StdDeviation   =    10275.827]
#[Max     =    43352.064, Total count    =          337]
#[Buckets =           27, SubBuckets     =         2048]
-----------------------------------------------------------------------
  412 requests in 1.00m, 125.88KB read
Requests/sec:      6.87  
Transfer/sec:      2.10KB
