Running 1m test @ http://10.102.62.147/?loopCount=25&base=6&exp=6
  1 threads and 1 connections

  Thread calibration: mean lat.: 1654.685ms, rate sampling interval: 5836ms

-----------------------------------------------------------------------
Test Results @ http://10.102.62.147/?loopCount=25&base=6&exp=6 
  Thread Stats   Avg      Stdev     99%   +/- Stdev
    Latency    11.63s     4.80s   20.25s    60.47%
    Req/Sec    15.88      0.60    17.00    100.00%
  Latency Distribution (HdrHistogram - Recorded Latency)
 50.000%   11.76s 
 75.000%   15.92s 
 90.000%   18.43s 
 99.000%   20.25s 
 99.900%   20.51s 
 99.990%   20.55s 
 99.999%   20.55s 
100.000%   20.55s 

  Detailed Percentile spectrum:
       Value   Percentile   TotalCount 1/(1-Percentile)

    3246.079     0.000000            1         1.00
    5115.903     0.100000           82         1.11
    6754.303     0.200000          165         1.25
    8359.935     0.300000          247         1.43
    9633.791     0.400000          327         1.67
   11763.711     0.500000          409         2.00
   12402.687     0.550000          450         2.22
   13287.423     0.600000          492         2.50
   14155.775     0.650000          534         2.86
   14974.975     0.700000          572         3.33
   15917.055     0.750000          613         4.00
   15998.975     0.775000          634         4.44
   16269.311     0.800000          654         5.00
   16809.983     0.825000          675         5.71
   17416.191     0.850000          696         6.67
   17858.559     0.875000          715         8.00
   18186.239     0.887500          727         8.89
   18431.999     0.900000          736        10.00
   18579.455     0.912500          747        11.43
   18890.751     0.925000          756        13.33
   19185.663     0.937500          767        16.00
   19267.583     0.943750          775        17.78
   19283.967     0.950000          777        20.00
   19349.503     0.956250          782        22.86
   19464.191     0.962500          787        26.67
   19578.879     0.968750          792        32.00
   19726.335     0.971875          796        35.56
   19775.487     0.975000          797        40.00
   19906.559     0.978125          800        45.71
   20021.247     0.981250          802        53.33
   20135.935     0.984375          805        64.00
   20168.703     0.985938          807        71.11
   20168.703     0.987500          807        80.00
   20250.623     0.989062          810        91.43
   20250.623     0.990625          810       106.67
   20283.391     0.992188          811       128.00
   20316.159     0.992969          813       142.22
   20316.159     0.993750          813       160.00
   20316.159     0.994531          813       182.86
   20365.311     0.995313          814       213.33
   20365.311     0.996094          814       256.00
   20496.383     0.996484          815       284.44
   20496.383     0.996875          815       320.00
   20496.383     0.997266          815       365.71
   20512.767     0.997656          816       426.67
   20512.767     0.998047          816       512.00
   20512.767     0.998242          816       568.89
   20512.767     0.998437          816       640.00
   20512.767     0.998633          816       731.43
   20545.535     0.998828          817       853.33
   20545.535     1.000000          817          inf
#[Mean    =    11634.941, StdDeviation   =     4803.442]
#[Max     =    20529.152, Total count    =          817]
#[Buckets =           27, SubBuckets     =         2048]
-----------------------------------------------------------------------
  985 requests in 1.00m, 300.13KB read
Requests/sec:     16.42  
Transfer/sec:      5.00KB
