Running 1m test @ http://10.103.77.142/?loopCount=25&base=6&exp=6
  5 threads and 5 connections

  Thread calibration: mean lat.: 1787.924ms, rate sampling interval: 6770ms
  Thread calibration: mean lat.: 1778.175ms, rate sampling interval: 5947ms
  Thread calibration: mean lat.: 1946.538ms, rate sampling interval: 7532ms
  Thread calibration: mean lat.: 1873.694ms, rate sampling interval: 6467ms
  Thread calibration: mean lat.: 1982.577ms, rate sampling interval: 7585ms

-----------------------------------------------------------------------
Test Results @ http://10.103.77.142/?loopCount=25&base=6&exp=6 
  Thread Stats   Avg      Stdev     99%   +/- Stdev
    Latency    13.59s     5.54s   23.13s    57.84%
    Req/Sec     8.74      0.61    10.00    100.00%
  Latency Distribution (HdrHistogram - Recorded Latency)
 50.000%   13.66s 
 75.000%   18.32s 
 90.000%   21.10s 
 99.000%   23.13s 
 99.900%   23.38s 
 99.990%   23.38s 
 99.999%   23.38s 
100.000%   23.38s 

  Detailed Percentile spectrum:
       Value   Percentile   TotalCount 1/(1-Percentile)

    3264.511     0.000000            1         1.00
    5812.223     0.100000          232         1.11
    7897.087     0.200000          465         1.25
    9904.127     0.300000          696         1.43
   11780.095     0.400000          928         1.67
   13664.255     0.500000         1160         2.00
   14548.991     0.550000         1276         2.22
   15695.871     0.600000         1392         2.50
   16498.687     0.650000         1508         2.86
   17432.575     0.700000         1627         3.33
   18317.311     0.750000         1740         4.00
   18841.599     0.775000         1799         4.44
   19283.967     0.800000         1856         5.00
   19677.183     0.825000         1914         5.71
   20135.935     0.850000         1972         6.67
   20676.607     0.875000         2031         8.00
   20889.599     0.887500         2063         8.89
   21102.591     0.900000         2089        10.00
   21364.735     0.912500         2117        11.43
   21626.879     0.925000         2146        13.33
   21856.255     0.937500         2176        16.00
   21987.327     0.943750         2192        17.78
   22052.863     0.950000         2207        20.00
   22167.551     0.956250         2220        22.86
   22282.239     0.962500         2233        26.67
   22462.463     0.968750         2249        32.00
   22544.383     0.971875         2255        35.56
   22659.071     0.975000         2263        40.00
   22708.223     0.978125         2270        45.71
   22790.143     0.981250         2277        53.33
   22921.215     0.984375         2284        64.00
   22970.367     0.985938         2288        71.11
   23035.903     0.987500         2291        80.00
   23085.055     0.989062         2296        91.43
   23150.591     0.990625         2299       106.67
   23183.359     0.992188         2303       128.00
   23199.743     0.992969         2305       142.22
   23216.127     0.993750         2308       160.00
   23216.127     0.994531         2308       182.86
   23298.047     0.995313         2312       213.33
   23298.047     0.996094         2312       256.00
   23298.047     0.996484         2312       284.44
   23314.431     0.996875         2313       320.00
   23330.815     0.997266         2314       365.71
   23347.199     0.997656         2316       426.67
   23347.199     0.998047         2316       512.00
   23347.199     0.998242         2316       568.89
   23379.967     0.998437         2320       640.00
   23379.967     1.000000         2320          inf
#[Mean    =    13592.621, StdDeviation   =     5535.123]
#[Max     =    23363.584, Total count    =         2320]
#[Buckets =           27, SubBuckets     =         2048]
-----------------------------------------------------------------------
  2784 requests in 1.00m, 849.59KB read
Requests/sec:     46.40  
Transfer/sec:     14.16KB
