Running 1m test @ http://10.97.57.202/?loopCount=25&base=6&exp=6
  5 threads and 5 connections

  Thread calibration: mean lat.: 357.668ms, rate sampling interval: 1013ms
  Thread calibration: mean lat.: 217.771ms, rate sampling interval: 644ms
  Thread calibration: mean lat.: 361.517ms, rate sampling interval: 1046ms
  Thread calibration: mean lat.: 227.684ms, rate sampling interval: 608ms
  Thread calibration: mean lat.: 148.997ms, rate sampling interval: 541ms

-----------------------------------------------------------------------
Test Results @ http://10.97.57.202/?loopCount=25&base=6&exp=6 
  Thread Stats   Avg      Stdev     99%   +/- Stdev
    Latency   295.76ms  205.51ms 979.97ms   77.61%
    Req/Sec     9.44      1.68    14.00     92.80%
  Latency Distribution (HdrHistogram - Recorded Latency)
 50.000%  241.02ms
 75.000%  396.80ms
 90.000%  564.73ms
 99.000%  979.97ms
 99.900%    1.17s 
 99.990%    1.18s 
 99.999%    1.18s 
100.000%    1.18s 

  Detailed Percentile spectrum:
       Value   Percentile   TotalCount 1/(1-Percentile)

      25.535     0.000000            1         1.00
      92.927     0.100000          252         1.11
     119.551     0.200000          501         1.25
     163.583     0.300000          752         1.43
     202.751     0.400000         1001         1.67
     241.023     0.500000         1251         2.00
     276.991     0.550000         1376         2.22
     303.359     0.600000         1503         2.50
     327.679     0.650000         1627         2.86
     366.335     0.700000         1752         3.33
     396.799     0.750000         1876         4.00
     409.599     0.775000         1939         4.44
     423.679     0.800000         2002         5.00
     440.831     0.825000         2064         5.71
     472.831     0.850000         2126         6.67
     506.879     0.875000         2190         8.00
     527.359     0.887500         2220         8.89
     564.735     0.900000         2252        10.00
     592.895     0.912500         2283        11.43
     627.711     0.925000         2314        13.33
     681.471     0.937500         2345        16.00
     701.439     0.943750         2361        17.78
     727.551     0.950000         2376        20.00
     762.879     0.956250         2392        22.86
     793.599     0.962500         2408        26.67
     820.735     0.968750         2423        32.00
     868.351     0.971875         2431        35.56
     876.543     0.975000         2439        40.00
     887.807     0.978125         2447        45.71
     933.887     0.981250         2457        53.33
     937.471     0.984375         2462        64.00
     965.119     0.985938         2467        71.11
     973.311     0.987500         2471        80.00
     976.895     0.989062         2474        91.43
     981.503     0.990625         2478       106.67
     989.695     0.992188         2482       128.00
     996.351     0.992969         2484       142.22
    1005.055     0.993750         2486       160.00
    1019.391     0.994531         2488       182.86
    1060.863     0.995313         2490       213.33
    1065.983     0.996094         2492       256.00
    1068.031     0.996484         2493       284.44
    1073.151     0.996875         2494       320.00
    1123.327     0.997266         2495       365.71
    1124.351     0.997656         2496       426.67
    1136.639     0.998047         2497       512.00
    1136.639     0.998242         2497       568.89
    1168.383     0.998437         2498       640.00
    1168.383     0.998633         2498       731.43
    1172.479     0.998828         2499       853.33
    1172.479     0.999023         2499      1024.00
    1172.479     0.999121         2499      1137.78
    1173.503     0.999219         2500      1280.00
    1173.503     0.999316         2500      1462.86
    1173.503     0.999414         2500      1706.67
    1173.503     0.999512         2500      2048.00
    1173.503     0.999561         2500      2275.56
    1175.551     0.999609         2501      2560.00
    1175.551     1.000000         2501          inf
#[Mean    =      295.765, StdDeviation   =      205.510]
#[Max     =     1174.528, Total count    =         2501]
#[Buckets =           27, SubBuckets     =         2048]
-----------------------------------------------------------------------
  2984 requests in 1.00m, 0.89MB read
Requests/sec:     49.73  
Transfer/sec:     15.17KB
