Running 1m test @ http://10.99.199.129/?loopCount=25&base=6&exp=6
  5 threads and 5 connections

  Thread calibration: mean lat.: 266.014ms, rate sampling interval: 946ms
  Thread calibration: mean lat.: 121.402ms, rate sampling interval: 468ms
  Thread calibration: mean lat.: 169.010ms, rate sampling interval: 670ms
  Thread calibration: mean lat.: 149.782ms, rate sampling interval: 553ms
  Thread calibration: mean lat.: 103.643ms, rate sampling interval: 459ms

-----------------------------------------------------------------------
Test Results @ http://10.99.199.129/?loopCount=25&base=6&exp=6 
  Thread Stats   Avg      Stdev     99%   +/- Stdev
    Latency   227.95ms  214.23ms   1.05s    86.28%
    Req/Sec     9.38      2.69    17.00     87.91%
  Latency Distribution (HdrHistogram - Recorded Latency)
 50.000%  151.42ms
 75.000%  323.33ms
 90.000%  521.47ms
 99.000%    1.05s 
 99.900%    1.33s 
 99.990%    1.44s 
 99.999%    1.44s 
100.000%    1.44s 

  Detailed Percentile spectrum:
       Value   Percentile   TotalCount 1/(1-Percentile)

      24.463     0.000000            1         1.00
      40.831     0.100000          250         1.11
      44.447     0.200000          498         1.25
      84.607     0.300000          746         1.43
     137.087     0.400000          997         1.67
     151.423     0.500000         1243         2.00
     176.127     0.550000         1368         2.22
     218.239     0.600000         1492         2.50
     239.103     0.650000         1617         2.86
     253.055     0.700000         1742         3.33
     323.327     0.750000         1865         4.00
     339.199     0.775000         1927         4.44
     351.743     0.800000         1990         5.00
     388.863     0.825000         2051         5.71
     435.967     0.850000         2114         6.67
     453.631     0.875000         2176         8.00
     477.439     0.887500         2207         8.89
     525.823     0.900000         2238        10.00
     538.111     0.912500         2269        11.43
     550.399     0.925000         2301        13.33
     590.335     0.937500         2331        16.00
     632.831     0.943750         2347        17.78
     641.535     0.950000         2362        20.00
     657.407     0.956250         2378        22.86
     710.143     0.962500         2393        26.67
     742.399     0.968750         2410        32.00
     748.543     0.971875         2417        35.56
     785.919     0.975000         2424        40.00
     841.215     0.978125         2433        45.71
     882.175     0.981250         2440        53.33
     942.079     0.984375         2448        64.00
     986.111     0.985938         2452        71.11
    1033.215     0.987500         2455        80.00
    1044.991     0.989062         2459        91.43
    1085.439     0.990625         2463       106.67
    1154.047     0.992188         2467       128.00
    1195.007     0.992969         2469       142.22
    1212.415     0.993750         2471       160.00
    1231.871     0.994531         2473       182.86
    1236.991     0.995313         2475       213.33
    1242.111     0.996094         2477       256.00
    1246.207     0.996484         2478       284.44
    1249.279     0.996875         2479       320.00
    1255.423     0.997266         2480       365.71
    1264.639     0.997656         2481       426.67
    1272.831     0.998047         2482       512.00
    1272.831     0.998242         2482       568.89
    1324.031     0.998437         2483       640.00
    1324.031     0.998633         2483       731.43
    1331.199     0.998828         2484       853.33
    1331.199     0.999023         2484      1024.00
    1331.199     0.999121         2484      1137.78
    1383.423     0.999219         2485      1280.00
    1383.423     0.999316         2485      1462.86
    1383.423     0.999414         2485      1706.67
    1383.423     0.999512         2485      2048.00
    1383.423     0.999561         2485      2275.56
    1442.815     0.999609         2486      2560.00
    1442.815     1.000000         2486          inf
#[Mean    =      227.946, StdDeviation   =      214.231]
#[Max     =     1441.792, Total count    =         2486]
#[Buckets =           27, SubBuckets     =         2048]
-----------------------------------------------------------------------
  2976 requests in 1.00m, 0.89MB read
Requests/sec:     49.60  
Transfer/sec:     15.13KB
