Running 1m test @ http://10.111.175.232/?loopCount=25&base=6&exp=6
  5 threads and 5 connections

  Thread calibration: mean lat.: 72.076ms, rate sampling interval: 227ms
  Thread calibration: mean lat.: 72.299ms, rate sampling interval: 224ms
  Thread calibration: mean lat.: 79.275ms, rate sampling interval: 242ms
  Thread calibration: mean lat.: 77.681ms, rate sampling interval: 248ms
  Thread calibration: mean lat.: 86.666ms, rate sampling interval: 284ms

-----------------------------------------------------------------------
Test Results @ http://10.111.175.232/?loopCount=25&base=6&exp=6 
  Thread Stats   Avg      Stdev     99%   +/- Stdev
    Latency    79.79ms   48.23ms 237.05ms   87.91%
    Req/Sec     9.56      2.92    17.00     86.65%
  Latency Distribution (HdrHistogram - Recorded Latency)
 50.000%   62.69ms
 75.000%  101.82ms
 90.000%  129.85ms
 99.000%  237.05ms
 99.900%  312.32ms
 99.990%  378.62ms
 99.999%  378.62ms
100.000%  378.62ms

  Detailed Percentile spectrum:
       Value   Percentile   TotalCount 1/(1-Percentile)

      21.823     0.000000            1         1.00
      40.863     0.100000          252         1.11
      41.631     0.200000          502         1.25
      42.303     0.300000          754         1.43
      43.551     0.400000         1000         1.67
      62.687     0.500000         1249         2.00
      84.799     0.550000         1374         2.22
      90.111     0.600000         1499         2.50
      95.487     0.650000         1625         2.86
      97.983     0.700000         1750         3.33
     101.823     0.750000         1875         4.00
     104.255     0.775000         1936         4.44
     105.855     0.800000         2000         5.00
     109.055     0.825000         2062         5.71
     112.639     0.850000         2123         6.67
     119.231     0.875000         2185         8.00
     121.407     0.887500         2217         8.89
     130.047     0.900000         2249        10.00
     151.039     0.912500         2279        11.43
     178.303     0.925000         2312        13.33
     179.711     0.937500         2341        16.00
     181.375     0.943750         2358        17.78
     183.679     0.950000         2373        20.00
     186.751     0.956250         2388        22.86
     190.207     0.962500         2404        26.67
     192.895     0.968750         2419        32.00
     195.583     0.971875         2427        35.56
     197.759     0.975000         2435        40.00
     199.295     0.978125         2443        45.71
     205.055     0.981250         2451        53.33
     208.255     0.984375         2458        64.00
     213.503     0.985938         2462        71.11
     223.487     0.987500         2466        80.00
     232.191     0.989062         2470        91.43
     258.943     0.990625         2474       106.67
     282.623     0.992188         2478       128.00
     283.647     0.992969         2480       142.22
     284.927     0.993750         2482       160.00
     287.487     0.994531         2484       182.86
     288.511     0.995313         2486       213.33
     291.071     0.996094         2489       256.00
     291.071     0.996484         2489       284.44
     291.583     0.996875         2490       320.00
     292.095     0.997266         2491       365.71
     295.935     0.997656         2492       426.67
     299.775     0.998047         2493       512.00
     299.775     0.998242         2493       568.89
     301.311     0.998437         2494       640.00
     301.311     0.998633         2494       731.43
     312.319     0.998828         2495       853.33
     312.319     0.999023         2495      1024.00
     312.319     0.999121         2495      1137.78
     318.463     0.999219         2496      1280.00
     318.463     0.999316         2496      1462.86
     318.463     0.999414         2496      1706.67
     318.463     0.999512         2496      2048.00
     318.463     0.999561         2496      2275.56
     378.623     0.999609         2497      2560.00
     378.623     1.000000         2497          inf
#[Mean    =       79.793, StdDeviation   =       48.231]
#[Max     =      378.368, Total count    =         2497]
#[Buckets =           27, SubBuckets     =         2048]
-----------------------------------------------------------------------
  2991 requests in 1.00m, 0.89MB read
Requests/sec:     49.85  
Transfer/sec:     15.19KB
