Running 1m test @ http://10.106.106.124/?loopCount=25&base=6&exp=6
  5 threads and 5 connections

  Thread calibration: mean lat.: 666.919ms, rate sampling interval: 2703ms
  Thread calibration: mean lat.: 722.983ms, rate sampling interval: 2781ms
  Thread calibration: mean lat.: 319.383ms, rate sampling interval: 1368ms
  Thread calibration: mean lat.: 873.980ms, rate sampling interval: 3696ms
  Thread calibration: mean lat.: 309.696ms, rate sampling interval: 1400ms

-----------------------------------------------------------------------
Test Results @ http://10.106.106.124/?loopCount=25&base=6&exp=6 
  Thread Stats   Avg      Stdev     99%   +/- Stdev
    Latency     4.28s     2.32s   11.67s    73.58%
    Req/Sec    12.67      1.90    17.00     91.60%
  Latency Distribution (HdrHistogram - Recorded Latency)
 50.000%    3.76s 
 75.000%    5.70s 
 90.000%    7.65s 
 99.000%   11.67s 
 99.900%   12.54s 
 99.990%   12.58s 
 99.999%   12.58s 
100.000%   12.58s 

  Detailed Percentile spectrum:
       Value   Percentile   TotalCount 1/(1-Percentile)

      40.575     0.000000            1         1.00
    1826.815     0.100000          324         1.11
    2400.255     0.200000          648         1.25
    2848.767     0.300000          973         1.43
    3399.679     0.400000         1298         1.67
    3764.223     0.500000         1620         2.00
    3971.071     0.550000         1782         2.22
    4184.063     0.600000         1944         2.50
    4325.375     0.650000         2111         2.86
    4825.087     0.700000         2271         3.33
    5697.535     0.750000         2430         4.00
    5832.703     0.775000         2512         4.44
    6045.695     0.800000         2592         5.00
    6303.743     0.825000         2673         5.71
    6725.631     0.850000         2754         6.67
    7032.831     0.875000         2835         8.00
    7258.111     0.887500         2876         8.89
    7651.327     0.900000         2917        10.00
    7892.991     0.912500         2957        11.43
    8253.439     0.925000         2997        13.33
    8511.487     0.937500         3038        16.00
    8634.367     0.943750         3058        17.78
    8904.703     0.950000         3078        20.00
    9166.847     0.956250         3099        22.86
    9682.943     0.962500         3120        26.67
    9781.247     0.968750         3139        32.00
   10125.311     0.971875         3149        35.56
   10461.183     0.975000         3159        40.00
   10682.367     0.978125         3170        45.71
   10936.319     0.981250         3180        53.33
   11223.039     0.984375         3190        64.00
   11354.111     0.985938         3195        71.11
   11517.951     0.987500         3201        80.00
   11558.911     0.989062         3205        91.43
   11714.559     0.990625         3210       106.67
   11747.327     0.992188         3215       128.00
   11853.823     0.992969         3218       142.22
   11919.359     0.993750         3220       160.00
   12132.351     0.994531         3223       182.86
   12296.191     0.995313         3225       213.33
   12386.303     0.996094         3228       256.00
   12435.455     0.996484         3230       284.44
   12435.455     0.996875         3230       320.00
   12460.031     0.997266         3232       365.71
   12476.415     0.997656         3233       426.67
   12484.607     0.998047         3234       512.00
   12492.799     0.998242         3235       568.89
   12492.799     0.998437         3235       640.00
   12517.375     0.998633         3236       731.43
   12541.951     0.998828         3237       853.33
   12541.951     0.999023         3237      1024.00
   12558.335     0.999121         3238      1137.78
   12558.335     0.999219         3238      1280.00
   12558.335     0.999316         3238      1462.86
   12566.527     0.999414         3239      1706.67
   12566.527     0.999512         3239      2048.00
   12566.527     0.999561         3239      2275.56
   12566.527     0.999609         3239      2560.00
   12566.527     0.999658         3239      2925.71
   12582.911     0.999707         3240      3413.33
   12582.911     1.000000         3240          inf
#[Mean    =     4281.043, StdDeviation   =     2321.642]
#[Max     =    12574.720, Total count    =         3240]
#[Buckets =           27, SubBuckets     =         2048]
-----------------------------------------------------------------------
  3894 requests in 1.00m, 1.16MB read
Requests/sec:     64.89  
Transfer/sec:     19.79KB
