Running 1m test @ http://10.111.175.232/?loopCount=25&base=6&exp=6
  1 threads and 1 connections

  Thread calibration: mean lat.: 1593.376ms, rate sampling interval: 5861ms

-----------------------------------------------------------------------
Test Results @ http://10.111.175.232/?loopCount=25&base=6&exp=6 
  Thread Stats   Avg      Stdev     99%   +/- Stdev
    Latency    10.91s     4.20s   18.48s    61.87%
    Req/Sec    17.00      1.12    18.00    100.00%
  Latency Distribution (HdrHistogram - Recorded Latency)
 50.000%   11.08s 
 75.000%   14.23s 
 90.000%   17.07s 
 99.000%   18.48s 
 99.900%   18.51s 
 99.990%   18.53s 
 99.999%   18.53s 
100.000%   18.53s 

  Detailed Percentile spectrum:
       Value   Percentile   TotalCount 1/(1-Percentile)

    3289.087     0.000000            2         1.00
    5050.367     0.100000           89         1.11
    6893.567     0.200000          175         1.25
    8134.655     0.300000          261         1.43
    9543.679     0.400000          349         1.67
   11075.583     0.500000          434         2.00
   11517.951     0.550000          481         2.22
   12214.271     0.600000          521         2.50
   12894.207     0.650000          565         2.86
   13426.687     0.700000          609         3.33
   14229.503     0.750000          651         4.00
   14581.759     0.775000          673         4.44
   14942.207     0.800000          695         5.00
   15335.423     0.825000          717         5.71
   15761.407     0.850000          738         6.67
   16449.535     0.875000          760         8.00
   16793.599     0.887500          771         8.89
   17088.511     0.900000          782        10.00
   17350.655     0.912500          793        11.43
   17580.031     0.925000          803        13.33
   17842.175     0.937500          814        16.00
   17924.095     0.943750          826        17.78
   17924.095     0.950000          826        20.00
   18038.783     0.956250          831        22.86
   18137.087     0.962500          836        26.67
   18251.775     0.968750          841        32.00
   18333.695     0.971875          846        35.56
   18366.463     0.975000          848        40.00
   18382.847     0.978125          850        45.71
   18464.767     0.981250          853        53.33
   18481.151     0.984375          865        64.00
   18481.151     0.985938          865        71.11
   18481.151     0.987500          865        80.00
   18481.151     0.989062          865        91.43
   18481.151     0.990625          865       106.67
   18481.151     0.992188          865       128.00
   18481.151     0.992969          865       142.22
   18481.151     0.993750          865       160.00
   18481.151     0.994531          865       182.86
   18481.151     0.995313          865       213.33
   18481.151     0.996094          865       256.00
   18481.151     0.996484          865       284.44
   18513.919     0.996875          867       320.00
   18513.919     0.997266          867       365.71
   18513.919     0.997656          867       426.67
   18513.919     0.998047          867       512.00
   18513.919     0.998242          867       568.89
   18513.919     0.998437          867       640.00
   18513.919     0.998633          867       731.43
   18513.919     0.998828          867       853.33
   18530.303     0.999023          868      1024.00
   18530.303     1.000000          868          inf
#[Mean    =    10914.728, StdDeviation   =     4199.512]
#[Max     =    18513.920, Total count    =          868]
#[Buckets =           27, SubBuckets     =         2048]
-----------------------------------------------------------------------
  1036 requests in 1.00m, 315.67KB read
Requests/sec:     17.27  
Transfer/sec:      5.26KB
