Running 1m test @ http://10.103.77.142/?loopCount=25&base=6&exp=6
  1 threads and 1 connections

  Thread calibration: mean lat.: 3334.138ms, rate sampling interval: 12320ms

-----------------------------------------------------------------------
Test Results @ http://10.103.77.142/?loopCount=25&base=6&exp=6 
  Thread Stats   Avg      Stdev     99%   +/- Stdev
    Latency    23.77s     9.96s   41.22s    58.67%
    Req/Sec     7.25      0.43     8.00    100.00%
  Latency Distribution (HdrHistogram - Recorded Latency)
 50.000%   23.33s 
 75.000%   32.60s 
 90.000%   38.24s 
 99.000%   41.22s 
 99.900%   41.75s 
 99.990%   41.75s 
 99.999%   41.75s 
100.000%   41.75s 

  Detailed Percentile spectrum:
       Value   Percentile   TotalCount 1/(1-Percentile)

    6914.047     0.000000            1         1.00
   10215.423     0.100000           38         1.11
   13631.487     0.200000           75         1.25
   16924.671     0.300000          113         1.43
   19939.327     0.400000          150         1.67
   23330.815     0.500000          188         2.00
   24870.911     0.550000          207         2.22
   26329.087     0.600000          225         2.50
   28295.167     0.650000          244         2.86
   30507.007     0.700000          263         3.33
   32669.695     0.750000          282         4.00
   33308.671     0.775000          291         4.44
   34045.951     0.800000          300         5.00
   34930.687     0.825000          310         5.71
   35880.959     0.850000          319         6.67
   37289.983     0.875000          329         8.00
   37814.271     0.887500          333         8.89
   38240.255     0.900000          338        10.00
   38731.775     0.912500          343        11.43
   39059.455     0.925000          347        13.33
   39649.279     0.937500          352        16.00
   39813.119     0.943750          354        17.78
   40075.263     0.950000          357        20.00
   40206.335     0.956250          359        22.86
   40337.407     0.962500          361        26.67
   40501.247     0.968750          364        32.00
   40566.783     0.971875          365        35.56
   40599.551     0.975000          366        40.00
   40763.391     0.978125          367        45.71
   40828.927     0.981250          368        53.33
   41156.607     0.984375          370        64.00
   41156.607     0.985938          370        71.11
   41222.143     0.987500          371        80.00
   41222.143     0.989062          371        91.43
   41353.215     0.990625          372       106.67
   41517.055     0.992188          373       128.00
   41517.055     0.992969          373       142.22
   41517.055     0.993750          373       160.00
   41517.055     0.994531          373       182.86
   41680.895     0.995313          374       213.33
   41680.895     0.996094          374       256.00
   41680.895     0.996484          374       284.44
   41680.895     0.996875          374       320.00
   41680.895     0.997266          374       365.71
   41746.431     0.997656          375       426.67
   41746.431     1.000000          375          inf
#[Mean    =    23765.697, StdDeviation   =     9963.866]
#[Max     =    41713.664, Total count    =          375]
#[Buckets =           27, SubBuckets     =         2048]
-----------------------------------------------------------------------
  453 requests in 1.00m, 138.36KB read
Requests/sec:      7.55  
Transfer/sec:      2.31KB
