Running 1m test @ http://10.106.106.124/?loopCount=25&base=6&exp=6
  5 threads and 5 connections

  Thread calibration: mean lat.: 87.955ms, rate sampling interval: 280ms
  Thread calibration: mean lat.: 81.414ms, rate sampling interval: 272ms
  Thread calibration: mean lat.: 106.734ms, rate sampling interval: 424ms
  Thread calibration: mean lat.: 101.513ms, rate sampling interval: 432ms
  Thread calibration: mean lat.: 92.496ms, rate sampling interval: 327ms

-----------------------------------------------------------------------
Test Results @ http://10.106.106.124/?loopCount=25&base=6&exp=6 
  Thread Stats   Avg      Stdev     99%   +/- Stdev
    Latency   131.25ms   95.85ms 432.64ms   81.94%
    Req/Sec     9.59      2.47    15.00     84.03%
  Latency Distribution (HdrHistogram - Recorded Latency)
 50.000%  114.94ms
 75.000%  171.01ms
 90.000%  263.17ms
 99.000%  432.64ms
 99.900%  528.38ms
 99.990%  530.94ms
 99.999%  530.94ms
100.000%  530.94ms

  Detailed Percentile spectrum:
       Value   Percentile   TotalCount 1/(1-Percentile)

      21.151     0.000000            1         1.00
      44.639     0.100000          252         1.11
      52.703     0.200000          501         1.25
      60.991     0.300000          752         1.43
      66.815     0.400000          997         1.67
     114.943     0.500000         1246         2.00
     120.703     0.550000         1371         2.22
     124.991     0.600000         1496         2.50
     131.711     0.650000         1622         2.86
     144.639     0.700000         1745         3.33
     171.007     0.750000         1869         4.00
     212.735     0.775000         1934         4.44
     218.239     0.800000         1994         5.00
     226.431     0.825000         2056         5.71
     234.495     0.850000         2119         6.67
     246.143     0.875000         2181         8.00
     253.567     0.887500         2213         8.89
     263.167     0.900000         2243        10.00
     277.759     0.912500         2276        11.43
     313.855     0.925000         2306        13.33
     318.719     0.937500         2337        16.00
     321.023     0.943750         2353        17.78
     323.583     0.950000         2369        20.00
     329.471     0.956250         2383        22.86
     335.103     0.962500         2399        26.67
     344.575     0.968750         2415        32.00
     347.647     0.971875         2423        35.56
     354.815     0.975000         2430        40.00
     371.199     0.978125         2438        45.71
     414.463     0.981250         2446        53.33
     419.839     0.984375         2454        64.00
     421.887     0.985938         2457        71.11
     428.799     0.987500         2461        80.00
     432.383     0.989062         2466        91.43
     438.015     0.990625         2469       106.67
     464.895     0.992188         2473       128.00
     467.199     0.992969         2475       142.22
     470.527     0.993750         2477       160.00
     511.999     0.994531         2479       182.86
     513.791     0.995313         2482       213.33
     517.375     0.996094         2484       256.00
     517.375     0.996484         2484       284.44
     521.983     0.996875         2485       320.00
     523.519     0.997266         2486       365.71
     523.775     0.997656         2487       426.67
     524.031     0.998047         2488       512.00
     524.031     0.998242         2488       568.89
     526.847     0.998437         2489       640.00
     526.847     0.998633         2489       731.43
     528.383     0.998828         2490       853.33
     528.383     0.999023         2490      1024.00
     528.383     0.999121         2490      1137.78
     529.919     0.999219         2491      1280.00
     529.919     0.999316         2491      1462.86
     529.919     0.999414         2491      1706.67
     529.919     0.999512         2491      2048.00
     529.919     0.999561         2491      2275.56
     530.943     0.999609         2492      2560.00
     530.943     1.000000         2492          inf
#[Mean    =      131.250, StdDeviation   =       95.847]
#[Max     =      530.432, Total count    =         2492]
#[Buckets =           27, SubBuckets     =         2048]
-----------------------------------------------------------------------
  2986 requests in 1.00m, 0.89MB read
Requests/sec:     49.76  
Transfer/sec:     15.18KB
