Running 1m test @ http://10.106.106.124/?loopCount=25&base=6&exp=6
  5 threads and 5 connections

  Thread calibration: mean lat.: 352.404ms, rate sampling interval: 1179ms
  Thread calibration: mean lat.: 364.420ms, rate sampling interval: 1039ms
  Thread calibration: mean lat.: 546.423ms, rate sampling interval: 2034ms
  Thread calibration: mean lat.: 632.599ms, rate sampling interval: 1773ms
  Thread calibration: mean lat.: 286.220ms, rate sampling interval: 1037ms

-----------------------------------------------------------------------
Test Results @ http://10.106.106.124/?loopCount=25&base=6&exp=6 
  Thread Stats   Avg      Stdev     99%   +/- Stdev
    Latency     2.99s     1.96s    9.15s    71.81%
    Req/Sec    13.04      2.67    20.00     83.68%
  Latency Distribution (HdrHistogram - Recorded Latency)
 50.000%    2.66s 
 75.000%    4.09s 
 90.000%    5.28s 
 99.000%    9.15s 
 99.900%    9.70s 
 99.990%    9.79s 
 99.999%    9.79s 
100.000%    9.79s 

  Detailed Percentile spectrum:
       Value   Percentile   TotalCount 1/(1-Percentile)

      37.759     0.000000            1         1.00
     687.615     0.100000          336         1.11
    1385.471     0.200000          671         1.25
    1897.471     0.300000         1006         1.43
    2181.119     0.400000         1341         1.67
    2656.255     0.500000         1677         2.00
    2818.047     0.550000         1846         2.22
    3063.807     0.600000         2012         2.50
    3360.767     0.650000         2180         2.86
    3647.487     0.700000         2347         3.33
    4087.807     0.750000         2514         4.00
    4263.935     0.775000         2599         4.44
    4440.063     0.800000         2682         5.00
    4558.847     0.825000         2767         5.71
    4780.031     0.850000         2851         6.67
    5025.791     0.875000         2934         8.00
    5206.015     0.887500         2976         8.89
    5279.743     0.900000         3017        10.00
    5439.487     0.912500         3059        11.43
    5812.223     0.925000         3101        13.33
    6721.535     0.937500         3143        16.00
    6922.239     0.943750         3166        17.78
    7237.631     0.950000         3185        20.00
    7569.407     0.956250         3206        22.86
    7954.431     0.962500         3227        26.67
    8355.839     0.968750         3248        32.00
    8413.183     0.971875         3259        35.56
    8511.487     0.975000         3269        40.00
    8626.175     0.978125         3279        45.71
    8781.823     0.981250         3291        53.33
    8986.623     0.984375         3300        64.00
    9101.311     0.985938         3308        71.11
    9117.695     0.987500         3313        80.00
    9142.271     0.989062         3317        91.43
    9175.039     0.990625         3322       106.67
    9207.807     0.992188         3326       128.00
    9215.999     0.992969         3329       142.22
    9248.767     0.993750         3333       160.00
    9256.959     0.994531         3335       182.86
    9281.535     0.995313         3338       213.33
    9297.919     0.996094         3341       256.00
    9297.919     0.996484         3341       284.44
    9314.303     0.996875         3342       320.00
    9322.495     0.997266         3343       365.71
    9347.071     0.997656         3345       426.67
    9355.263     0.998047         3346       512.00
    9486.335     0.998242         3347       568.89
    9486.335     0.998437         3347       640.00
    9592.831     0.998633         3348       731.43
    9699.327     0.998828         3349       853.33
    9699.327     0.999023         3349      1024.00
    9723.903     0.999121         3350      1137.78
    9723.903     0.999219         3350      1280.00
    9723.903     0.999316         3350      1462.86
    9764.863     0.999414         3351      1706.67
    9764.863     0.999512         3351      2048.00
    9764.863     0.999561         3351      2275.56
    9764.863     0.999609         3351      2560.00
    9764.863     0.999658         3351      2925.71
    9789.439     0.999707         3352      3413.33
    9789.439     1.000000         3352          inf
#[Mean    =     2990.485, StdDeviation   =     1958.283]
#[Max     =     9781.248, Total count    =         3352]
#[Buckets =           27, SubBuckets     =         2048]
-----------------------------------------------------------------------
  4055 requests in 1.00m, 1.21MB read
Requests/sec:     67.58  
Transfer/sec:     20.61KB
