Running 1m test @ http://10.97.57.202/?loopCount=25&base=6&exp=6
  5 threads and 5 connections

  Thread calibration: mean lat.: 302.778ms, rate sampling interval: 919ms
  Thread calibration: mean lat.: 184.064ms, rate sampling interval: 831ms
  Thread calibration: mean lat.: 165.863ms, rate sampling interval: 703ms
  Thread calibration: mean lat.: 149.225ms, rate sampling interval: 626ms
  Thread calibration: mean lat.: 134.962ms, rate sampling interval: 458ms

-----------------------------------------------------------------------
Test Results @ http://10.97.57.202/?loopCount=25&base=6&exp=6 
  Thread Stats   Avg      Stdev     99%   +/- Stdev
    Latency   399.40ms  261.41ms   1.16s    69.67%
    Req/Sec     9.35      1.80    13.00     89.28%
  Latency Distribution (HdrHistogram - Recorded Latency)
 50.000%  325.12ms
 75.000%  556.03ms
 90.000%  753.66ms
 99.000%    1.16s 
 99.900%    1.24s 
 99.990%    1.28s 
 99.999%    1.28s 
100.000%    1.28s 

  Detailed Percentile spectrum:
       Value   Percentile   TotalCount 1/(1-Percentile)

      32.399     0.000000            1         1.00
     118.015     0.100000          249         1.11
     177.407     0.200000          497         1.25
     217.983     0.300000          747         1.43
     258.303     0.400000          995         1.67
     325.119     0.500000         1243         2.00
     378.367     0.550000         1367         2.22
     423.167     0.600000         1490         2.50
     481.791     0.650000         1614         2.86
     519.935     0.700000         1739         3.33
     556.031     0.750000         1865         4.00
     589.823     0.775000         1927         4.44
     614.399     0.800000         1987         5.00
     635.903     0.825000         2051         5.71
     687.615     0.850000         2111         6.67
     718.335     0.875000         2175         8.00
     737.279     0.887500         2204         8.89
     753.663     0.900000         2236        10.00
     785.407     0.912500         2266        11.43
     813.055     0.925000         2297        13.33
     844.799     0.937500         2328        16.00
     882.175     0.943750         2344        17.78
     899.071     0.950000         2359        20.00
     952.319     0.956250         2375        22.86
    1007.103     0.962500         2390        26.67
    1022.463     0.968750         2406        32.00
    1046.015     0.971875         2414        35.56
    1081.343     0.975000         2421        40.00
    1100.799     0.978125         2429        45.71
    1112.063     0.981250         2437        53.33
    1128.447     0.984375         2445        64.00
    1143.807     0.985938         2449        71.11
    1146.879     0.987500         2452        80.00
    1153.023     0.989062         2456        91.43
    1165.311     0.990625         2460       106.67
    1183.743     0.992188         2464       128.00
    1189.887     0.992969         2466       142.22
    1199.103     0.993750         2468       160.00
    1213.439     0.994531         2470       182.86
    1218.559     0.995313         2472       213.33
    1224.703     0.996094         2475       256.00
    1224.703     0.996484         2475       284.44
    1226.751     0.996875         2476       320.00
    1229.823     0.997266         2477       365.71
    1230.847     0.997656         2479       426.67
    1230.847     0.998047         2479       512.00
    1230.847     0.998242         2479       568.89
    1238.015     0.998437         2480       640.00
    1238.015     0.998633         2480       731.43
    1243.135     0.998828         2481       853.33
    1243.135     0.999023         2481      1024.00
    1243.135     0.999121         2481      1137.78
    1252.351     0.999219         2482      1280.00
    1252.351     0.999316         2482      1462.86
    1252.351     0.999414         2482      1706.67
    1252.351     0.999512         2482      2048.00
    1252.351     0.999561         2482      2275.56
    1277.951     0.999609         2483      2560.00
    1277.951     1.000000         2483          inf
#[Mean    =      399.405, StdDeviation   =      261.412]
#[Max     =     1276.928, Total count    =         2483]
#[Buckets =           27, SubBuckets     =         2048]
-----------------------------------------------------------------------
  2965 requests in 1.00m, 0.88MB read
Requests/sec:     49.41  
Transfer/sec:     15.08KB
