Running 1m test @ http://10.99.199.129/?loopCount=25&base=6&exp=6
  5 threads and 5 connections

  Thread calibration: mean lat.: 256.671ms, rate sampling interval: 1156ms
  Thread calibration: mean lat.: 113.617ms, rate sampling interval: 749ms
  Thread calibration: mean lat.: 100.114ms, rate sampling interval: 427ms
  Thread calibration: mean lat.: 152.296ms, rate sampling interval: 587ms
  Thread calibration: mean lat.: 109.242ms, rate sampling interval: 463ms

-----------------------------------------------------------------------
Test Results @ http://10.99.199.129/?loopCount=25&base=6&exp=6 
  Thread Stats   Avg      Stdev     99%   +/- Stdev
    Latency   213.36ms  193.89ms 861.70ms   85.54%
    Req/Sec     9.50      2.63    17.00     89.00%
  Latency Distribution (HdrHistogram - Recorded Latency)
 50.000%  146.69ms
 75.000%  283.65ms
 90.000%  477.44ms
 99.000%  861.70ms
 99.900%  981.50ms
 99.990%    1.04s 
 99.999%    1.04s 
100.000%    1.04s 

  Detailed Percentile spectrum:
       Value   Percentile   TotalCount 1/(1-Percentile)

      22.559     0.000000            1         1.00
      40.735     0.100000          265         1.11
      41.471     0.200000          500         1.25
      79.103     0.300000          748         1.43
     133.887     0.400000          999         1.67
     146.687     0.500000         1245         2.00
     162.943     0.550000         1370         2.22
     194.687     0.600000         1494         2.50
     235.263     0.650000         1621         2.86
     248.959     0.700000         1743         3.33
     283.647     0.750000         1868         4.00
     329.471     0.775000         1930         4.44
     338.431     0.800000         1994         5.00
     349.439     0.825000         2056         5.71
     384.511     0.850000         2117         6.67
     439.551     0.875000         2179         8.00
     448.511     0.887500         2210         8.89
     477.439     0.900000         2241        10.00
     531.967     0.912500         2275        11.43
     543.743     0.925000         2304        13.33
     572.927     0.937500         2335        16.00
     613.887     0.943750         2350        17.78
     636.927     0.950000         2367        20.00
     671.743     0.956250         2382        22.86
     730.623     0.962500         2397        26.67
     748.543     0.968750         2413        32.00
     757.759     0.971875         2420        35.56
     780.799     0.975000         2428        40.00
     796.159     0.978125         2436        45.71
     830.463     0.981250         2444        53.33
     839.679     0.984375         2452        64.00
     842.239     0.985938         2455        71.11
     846.847     0.987500         2459        80.00
     859.135     0.989062         2463        91.43
     870.399     0.990625         2467       106.67
     891.903     0.992188         2471       128.00
     920.575     0.992969         2473       142.22
     930.303     0.993750         2475       160.00
     931.327     0.994531         2477       182.86
     940.543     0.995313         2479       213.33
     943.103     0.996094         2481       256.00
     946.175     0.996484         2482       284.44
     947.199     0.996875         2483       320.00
     949.247     0.997266         2484       365.71
     951.295     0.997656         2485       426.67
     952.319     0.998047         2486       512.00
     952.319     0.998242         2486       568.89
     980.479     0.998437         2487       640.00
     980.479     0.998633         2487       731.43
     981.503     0.998828         2488       853.33
     981.503     0.999023         2488      1024.00
     981.503     0.999121         2488      1137.78
    1039.871     0.999219         2489      1280.00
    1039.871     0.999316         2489      1462.86
    1039.871     0.999414         2489      1706.67
    1039.871     0.999512         2489      2048.00
    1039.871     0.999561         2489      2275.56
    1041.407     0.999609         2490      2560.00
    1041.407     1.000000         2490          inf
#[Mean    =      213.364, StdDeviation   =      193.888]
#[Max     =     1040.896, Total count    =         2490]
#[Buckets =           27, SubBuckets     =         2048]
-----------------------------------------------------------------------
  2985 requests in 1.00m, 0.89MB read
Requests/sec:     49.75  
Transfer/sec:     15.17KB
