Running 1m test @ http://10.106.106.124/?loopCount=25&base=6&exp=6
  1 threads and 1 connections

  Thread calibration: mean lat.: 534.508ms, rate sampling interval: 1894ms

-----------------------------------------------------------------------
Test Results @ http://10.106.106.124/?loopCount=25&base=6&exp=6 
  Thread Stats   Avg      Stdev     99%   +/- Stdev
    Latency     5.02s     2.06s    8.10s    59.85%
    Req/Sec    21.08      1.27    23.00    100.00%
  Latency Distribution (HdrHistogram - Recorded Latency)
 50.000%    5.32s 
 75.000%    6.82s 
 90.000%    7.66s 
 99.000%    8.10s 
 99.900%    8.34s 
 99.990%    8.34s 
 99.999%    8.34s 
100.000%    8.34s 

  Detailed Percentile spectrum:
       Value   Percentile   TotalCount 1/(1-Percentile)

    1179.647     0.000000            4         1.00
    2029.567     0.100000          109         1.11
    2904.063     0.200000          215         1.25
    3575.807     0.300000          323         1.43
    4476.927     0.400000          434         1.67
    5324.799     0.500000          536         2.00
    5545.983     0.550000          591         2.22
    5861.375     0.600000          643         2.50
    6352.895     0.650000          707         2.86
    6455.295     0.700000          751         3.33
    6828.031     0.750000          805         4.00
    6950.911     0.775000          831         4.44
    6979.583     0.800000          859         5.00
    7413.759     0.825000          888         5.71
    7569.407     0.850000          914         6.67
    7639.039     0.875000          943         8.00
    7655.423     0.887500          957         8.89
    7659.519     0.900000          964        10.00
    7704.575     0.912500          978        11.43
    7843.839     0.925000          992        13.33
    7856.127     0.937500         1005        16.00
    7876.607     0.943750         1011        17.78
    7958.527     0.950000         1018        20.00
    7979.007     0.956250         1025        22.86
    8052.735     0.962500         1031        26.67
    8081.407     0.968750         1038        32.00
    8089.599     0.971875         1042        35.56
    8093.695     0.975000         1049        40.00
    8093.695     0.978125         1049        45.71
    8097.791     0.981250         1055        53.33
    8097.791     0.984375         1055        64.00
    8101.887     0.985938         1060        71.11
    8101.887     0.987500         1060        80.00
    8101.887     0.989062         1060        91.43
    8118.271     0.990625         1061       106.67
    8208.383     0.992188         1063       128.00
    8278.015     0.992969         1064       142.22
    8282.111     0.993750         1065       160.00
    8310.783     0.994531         1066       182.86
    8310.783     0.995313         1066       213.33
    8314.879     0.996094         1067       256.00
    8339.455     0.996484         1069       284.44
    8339.455     0.996875         1069       320.00
    8339.455     0.997266         1069       365.71
    8339.455     0.997656         1069       426.67
    8339.455     0.998047         1069       512.00
    8343.551     0.998242         1071       568.89
    8343.551     1.000000         1071          inf
#[Mean    =     5024.112, StdDeviation   =     2057.583]
#[Max     =     8339.456, Total count    =         1071]
#[Buckets =           27, SubBuckets     =         2048]
-----------------------------------------------------------------------
  1291 requests in 1.00m, 393.36KB read
Requests/sec:     21.51  
Transfer/sec:      6.56KB
