Running 1m test @ http://10.102.62.147/?loopCount=25&base=6&exp=6
  1 threads and 1 connections

  Thread calibration: mean lat.: 1684.753ms, rate sampling interval: 5988ms

-----------------------------------------------------------------------
Test Results @ http://10.102.62.147/?loopCount=25&base=6&exp=6 
  Thread Stats   Avg      Stdev     99%   +/- Stdev
    Latency    12.06s     4.48s   19.63s    58.91%
    Req/Sec    16.25      1.09    18.00     87.50%
  Latency Distribution (HdrHistogram - Recorded Latency)
 50.000%   12.55s 
 75.000%   15.67s 
 90.000%   18.10s 
 99.000%   19.63s 
 99.900%   19.78s 
 99.990%   19.78s 
 99.999%   19.78s 
100.000%   19.78s 

  Detailed Percentile spectrum:
       Value   Percentile   TotalCount 1/(1-Percentile)

    3446.783     0.000000            1         1.00
    5771.263     0.100000           85         1.11
    7299.071     0.200000          170         1.25
    8863.743     0.300000          254         1.43
   10502.143     0.400000          337         1.67
   12550.143     0.500000          421         2.00
   13311.999     0.550000          465         2.22
   13869.055     0.600000          506         2.50
   14639.103     0.650000          551         2.86
   15179.775     0.700000          590         3.33
   15671.295     0.750000          633         4.00
   16146.431     0.775000          656         4.44
   16449.535     0.800000          674         5.00
   16875.519     0.825000          697         5.71
   17268.735     0.850000          716         6.67
   17678.335     0.875000          737         8.00
   17874.943     0.887500          750         8.89
   18104.319     0.900000          758        10.00
   18317.311     0.912500          770        11.43
   18546.687     0.925000          779        13.33
   18661.375     0.937500          791        16.00
   18776.063     0.943750          796        17.78
   18857.983     0.950000          801        20.00
   19005.439     0.956250          806        22.86
   19054.591     0.962500          811        26.67
   19251.199     0.968750          816        32.00
   19333.119     0.971875          819        35.56
   19365.887     0.975000          821        40.00
   19513.343     0.978125          824        45.71
   19546.111     0.981250          827        53.33
   19562.495     0.984375          829        64.00
   19578.879     0.985938          831        71.11
   19611.647     0.987500          832        80.00
   19628.031     0.989062          834        91.43
   19677.183     0.990625          835       106.67
   19726.335     0.992188          837       128.00
   19726.335     0.992969          837       142.22
   19726.335     0.993750          837       160.00
   19775.487     0.994531          842       182.86
   19775.487     1.000000          842          inf
#[Mean    =    12056.484, StdDeviation   =     4484.918]
#[Max     =    19759.104, Total count    =          842]
#[Buckets =           27, SubBuckets     =         2048]
-----------------------------------------------------------------------
  1005 requests in 1.00m, 306.23KB read
Requests/sec:     16.75  
Transfer/sec:      5.10KB
