Running 1m test @ http://10.111.175.232/?loopCount=25&base=6&exp=6
  1 threads and 1 connections

  Thread calibration: mean lat.: 1412.500ms, rate sampling interval: 4771ms

-----------------------------------------------------------------------
Test Results @ http://10.111.175.232/?loopCount=25&base=6&exp=6 
  Thread Stats   Avg      Stdev     99%   +/- Stdev
    Latency    10.18s     4.46s   17.65s    55.98%
    Req/Sec    16.80      0.75    18.00    100.00%
  Latency Distribution (HdrHistogram - Recorded Latency)
 50.000%   10.16s 
 75.000%   14.31s 
 90.000%   16.15s 
 99.000%   17.65s 
 99.900%   17.73s 
 99.990%   17.74s 
 99.999%   17.74s 
100.000%   17.74s 

  Detailed Percentile spectrum:
       Value   Percentile   TotalCount 1/(1-Percentile)

    2594.815     0.000000            2         1.00
    4083.711     0.100000           88         1.11
    5423.103     0.200000          174         1.25
    6987.775     0.300000          263         1.43
    8650.751     0.400000          348         1.67
   10158.079     0.500000          435         2.00
   11132.927     0.550000          479         2.22
   11862.015     0.600000          522         2.50
   12533.759     0.650000          566         2.86
   13410.303     0.700000          609         3.33
   14311.423     0.750000          653         4.00
   14671.871     0.775000          675         4.44
   14966.783     0.800000          698         5.00
   15081.471     0.825000          718         5.71
   15572.991     0.850000          740         6.67
   15900.671     0.875000          762         8.00
   16056.319     0.887500          773         8.89
   16154.623     0.900000          783        10.00
   16367.615     0.912500          794        11.43
   16580.607     0.925000          805        13.33
   16711.679     0.937500          818        16.00
   16793.599     0.943750          822        17.78
   16891.903     0.950000          827        20.00
   17006.591     0.956250          832        22.86
   17170.431     0.962500          838        26.67
   17235.967     0.968750          843        32.00
   17301.503     0.971875          847        35.56
   17350.655     0.975000          851        40.00
   17350.655     0.978125          851        45.71
   17383.423     0.981250          854        53.33
   17481.727     0.984375          857        64.00
   17547.263     0.985938          858        71.11
   17629.183     0.987500          860        80.00
   17645.567     0.989062          861        91.43
   17678.335     0.990625          862       106.67
   17727.487     0.992188          869       128.00
   17727.487     0.992969          869       142.22
   17727.487     0.993750          869       160.00
   17727.487     0.994531          869       182.86
   17727.487     0.995313          869       213.33
   17727.487     0.996094          869       256.00
   17727.487     0.996484          869       284.44
   17727.487     0.996875          869       320.00
   17727.487     0.997266          869       365.71
   17727.487     0.997656          869       426.67
   17727.487     0.998047          869       512.00
   17727.487     0.998242          869       568.89
   17727.487     0.998437          869       640.00
   17727.487     0.998633          869       731.43
   17727.487     0.998828          869       853.33
   17743.871     0.999023          870      1024.00
   17743.871     1.000000          870          inf
#[Mean    =    10181.532, StdDeviation   =     4464.320]
#[Max     =    17727.488, Total count    =          870]
#[Buckets =           27, SubBuckets     =         2048]
-----------------------------------------------------------------------
  1056 requests in 1.00m, 321.75KB read
Requests/sec:     17.60  
Transfer/sec:      5.36KB
