Running 1m test @ http://10.108.10.66/?loopCount=25&base=6&exp=6
  5 threads and 5 connections

  Thread calibration: mean lat.: 393.756ms, rate sampling interval: 1101ms
  Thread calibration: mean lat.: 798.660ms, rate sampling interval: 2543ms
  Thread calibration: mean lat.: 782.989ms, rate sampling interval: 2822ms
  Thread calibration: mean lat.: 380.902ms, rate sampling interval: 1416ms
  Thread calibration: mean lat.: 752.456ms, rate sampling interval: 1915ms

-----------------------------------------------------------------------
Test Results @ http://10.108.10.66/?loopCount=25&base=6&exp=6 
  Thread Stats   Avg      Stdev     99%   +/- Stdev
    Latency     2.56s   976.39ms   4.75s    64.68%
    Req/Sec     8.91      1.16    12.00     94.37%
  Latency Distribution (HdrHistogram - Recorded Latency)
 50.000%    2.36s 
 75.000%    3.26s 
 90.000%    3.93s 
 99.000%    4.75s 
 99.900%    4.87s 
 99.990%    4.91s 
 99.999%    4.91s 
100.000%    4.91s 

  Detailed Percentile spectrum:
       Value   Percentile   TotalCount 1/(1-Percentile)

     461.055     0.000000            1         1.00
    1353.727     0.100000          235         1.11
    1736.703     0.200000          470         1.25
    2026.495     0.300000          708         1.43
    2158.591     0.400000          946         1.67
    2359.295     0.500000         1174         2.00
    2562.047     0.550000         1294         2.22
    2736.127     0.600000         1409         2.50
    2867.199     0.650000         1528         2.86
    3045.375     0.700000         1644         3.33
    3258.367     0.750000         1761         4.00
    3368.959     0.775000         1820         4.44
    3508.223     0.800000         1879         5.00
    3616.767     0.825000         1937         5.71
    3721.215     0.850000         1996         6.67
    3786.751     0.875000         2055         8.00
    3854.335     0.887500         2084         8.89
    3928.063     0.900000         2114        10.00
    3954.687     0.912500         2143        11.43
    3987.455     0.925000         2171        13.33
    4231.167     0.937500         2201        16.00
    4382.719     0.943750         2215        17.78
    4444.159     0.950000         2233        20.00
    4489.215     0.956250         2245        22.86
    4546.559     0.962500         2259        26.67
    4616.191     0.968750         2274        32.00
    4636.671     0.971875         2281        35.56
    4661.247     0.975000         2294        40.00
    4673.535     0.978125         2298        45.71
    4685.823     0.981250         2303        53.33
    4718.591     0.984375         2311        64.00
    4730.879     0.985938         2314        71.11
    4743.167     0.987500         2320        80.00
    4747.263     0.989062         2324        91.43
    4751.359     0.990625         2325       106.67
    4759.551     0.992188         2329       128.00
    4763.647     0.992969         2331       142.22
    4771.839     0.993750         2333       160.00
    4784.127     0.994531         2335       182.86
    4808.703     0.995313         2337       213.33
    4812.799     0.996094         2339       256.00
    4812.799     0.996484         2339       284.44
    4816.895     0.996875         2340       320.00
    4820.991     0.997266         2341       365.71
    4849.663     0.997656         2343       426.67
    4849.663     0.998047         2343       512.00
    4849.663     0.998242         2343       568.89
    4866.047     0.998437         2344       640.00
    4866.047     0.998633         2344       731.43
    4870.143     0.998828         2345       853.33
    4870.143     0.999023         2345      1024.00
    4870.143     0.999121         2345      1137.78
    4911.103     0.999219         2347      1280.00
    4911.103     1.000000         2347          inf
#[Mean    =     2556.556, StdDeviation   =      976.390]
#[Max     =     4907.008, Total count    =         2347]
#[Buckets =           27, SubBuckets     =         2048]
-----------------------------------------------------------------------
  2793 requests in 1.00m, 852.33KB read
Requests/sec:     46.55  
Transfer/sec:     14.20KB
