Running 1m test @ http://10.102.62.147/?loopCount=25&base=6&exp=6
  5 threads and 5 connections

  Thread calibration: mean lat.: 579.032ms, rate sampling interval: 2117ms
  Thread calibration: mean lat.: 663.395ms, rate sampling interval: 2088ms
  Thread calibration: mean lat.: 724.180ms, rate sampling interval: 2646ms
  Thread calibration: mean lat.: 989.280ms, rate sampling interval: 3493ms
  Thread calibration: mean lat.: 727.008ms, rate sampling interval: 2566ms

-----------------------------------------------------------------------
Test Results @ http://10.102.62.147/?loopCount=25&base=6&exp=6 
  Thread Stats   Avg      Stdev     99%   +/- Stdev
    Latency     5.31s     2.56s   11.45s    63.84%
    Req/Sec    12.15      1.24    15.00     96.91%
  Latency Distribution (HdrHistogram - Recorded Latency)
 50.000%    5.07s 
 75.000%    7.02s 
 90.000%    9.05s 
 99.000%   11.45s 
 99.900%   11.97s 
 99.990%   11.99s 
 99.999%   11.99s 
100.000%   11.99s 

  Detailed Percentile spectrum:
       Value   Percentile   TotalCount 1/(1-Percentile)

    1157.119     0.000000            1         1.00
    2185.215     0.100000          316         1.11
    2750.463     0.200000          632         1.25
    3489.791     0.300000          948         1.43
    4227.071     0.400000         1266         1.67
    5066.751     0.500000         1582         2.00
    5636.095     0.550000         1738         2.22
    5926.911     0.600000         1896         2.50
    6303.743     0.650000         2053         2.86
    6721.535     0.700000         2215         3.33
    7024.639     0.750000         2369         4.00
    7208.959     0.775000         2449         4.44
    7417.855     0.800000         2527         5.00
    7663.615     0.825000         2606         5.71
    7962.623     0.850000         2685         6.67
    8445.951     0.875000         2764         8.00
    8814.591     0.887500         2804         8.89
    9060.351     0.900000         2844        10.00
    9297.919     0.912500         2882        11.43
    9527.295     0.925000         2922        13.33
    9920.511     0.937500         2961        16.00
   10051.583     0.943750         2982        17.78
   10190.847     0.950000         3001        20.00
   10321.919     0.956250         3022        22.86
   10428.415     0.962500         3040        26.67
   10559.487     0.968750         3060        32.00
   10674.175     0.971875         3071        35.56
   10723.327     0.975000         3080        40.00
   10772.479     0.978125         3089        45.71
   11010.047     0.981250         3099        53.33
   11124.735     0.984375         3109        64.00
   11182.079     0.985938         3114        71.11
   11280.383     0.987500         3119        80.00
   11444.223     0.989062         3125        91.43
   11493.375     0.990625         3129       106.67
   11534.335     0.992188         3134       128.00
   11624.447     0.992969         3136       142.22
   11722.751     0.993750         3139       160.00
   11763.711     0.994531         3141       182.86
   11886.591     0.995313         3148       213.33
   11886.591     0.996094         3148       256.00
   11886.591     0.996484         3148       284.44
   11902.975     0.996875         3150       320.00
   11902.975     0.997266         3150       365.71
   11919.359     0.997656         3151       426.67
   11927.551     0.998047         3152       512.00
   11935.743     0.998242         3153       568.89
   11943.935     0.998437         3154       640.00
   11943.935     0.998633         3154       731.43
   11968.511     0.998828         3155       853.33
   11968.511     0.999023         3155      1024.00
   11984.895     0.999121         3157      1137.78
   11984.895     0.999219         3157      1280.00
   11984.895     0.999316         3157      1462.86
   11984.895     0.999414         3157      1706.67
   11984.895     0.999512         3157      2048.00
   11984.895     0.999561         3157      2275.56
   11984.895     0.999609         3157      2560.00
   11984.895     0.999658         3157      2925.71
   11993.087     0.999707         3158      3413.33
   11993.087     1.000000         3158          inf
#[Mean    =     5310.780, StdDeviation   =     2555.756]
#[Max     =    11984.896, Total count    =         3158]
#[Buckets =           27, SubBuckets     =         2048]
-----------------------------------------------------------------------
  3798 requests in 1.00m, 1.13MB read
Requests/sec:     63.29  
Transfer/sec:     19.30KB
