Running 1m test @ http://10.102.62.147/?loopCount=25&base=6&exp=6
  5 threads and 5 connections

  Thread calibration: mean lat.: 995.961ms, rate sampling interval: 3158ms
  Thread calibration: mean lat.: 1364.677ms, rate sampling interval: 4902ms
  Thread calibration: mean lat.: 664.690ms, rate sampling interval: 2390ms
  Thread calibration: mean lat.: 866.254ms, rate sampling interval: 3151ms
  Thread calibration: mean lat.: 613.296ms, rate sampling interval: 2080ms

-----------------------------------------------------------------------
Test Results @ http://10.102.62.147/?loopCount=25&base=6&exp=6 
  Thread Stats   Avg      Stdev     99%   +/- Stdev
    Latency     5.11s     1.97s    9.13s    62.04%
    Req/Sec    12.40      0.85    14.00     98.81%
  Latency Distribution (HdrHistogram - Recorded Latency)
 50.000%    5.07s 
 75.000%    6.71s 
 90.000%    7.90s 
 99.000%    9.13s 
 99.900%    9.67s 
 99.990%    9.71s 
 99.999%    9.71s 
100.000%    9.71s 

  Detailed Percentile spectrum:
       Value   Percentile   TotalCount 1/(1-Percentile)

    1290.239     0.000000            1         1.00
    2525.183     0.100000          325         1.11
    3278.847     0.200000          647         1.25
    3823.615     0.300000          970         1.43
    4345.855     0.400000         1293         1.67
    5070.847     0.500000         1617         2.00
    5410.815     0.550000         1780         2.22
    5677.055     0.600000         1943         2.50
    5967.871     0.650000         2105         2.86
    6373.375     0.700000         2264         3.33
    6709.247     0.750000         2429         4.00
    6860.799     0.775000         2507         4.44
    7036.927     0.800000         2586         5.00
    7245.823     0.825000         2668         5.71
    7421.951     0.850000         2748         6.67
    7659.519     0.875000         2828         8.00
    7741.439     0.887500         2869         8.89
    7897.087     0.900000         2909        10.00
    8011.775     0.912500         2950        11.43
    8118.271     0.925000         2990        13.33
    8187.903     0.937500         3030        16.00
    8232.959     0.943750         3052        17.78
    8298.495     0.950000         3071        20.00
    8413.183     0.956250         3091        22.86
    8536.063     0.962500         3114        26.67
    8577.023     0.968750         3132        32.00
    8609.791     0.971875         3142        35.56
    8675.327     0.975000         3155        40.00
    8699.903     0.978125         3162        45.71
    8790.015     0.981250         3172        53.33
    8847.359     0.984375         3183        64.00
    8978.431     0.985938         3187        71.11
    9052.159     0.987500         3193        80.00
    9101.311     0.989062         3198        91.43
    9183.231     0.990625         3202       106.67
    9265.151     0.992188         3207       128.00
    9363.455     0.992969         3210       142.22
    9404.415     0.993750         3212       160.00
    9469.951     0.994531         3216       182.86
    9494.527     0.995313         3218       213.33
    9519.103     0.996094         3221       256.00
    9519.103     0.996484         3221       284.44
    9535.487     0.996875         3222       320.00
    9576.447     0.997266         3224       365.71
    9592.831     0.997656         3225       426.67
    9601.023     0.998047         3226       512.00
    9633.791     0.998242         3228       568.89
    9633.791     0.998437         3228       640.00
    9633.791     0.998633         3228       731.43
    9674.751     0.998828         3229       853.33
    9674.751     0.999023         3229      1024.00
    9682.943     0.999121         3230      1137.78
    9682.943     0.999219         3230      1280.00
    9682.943     0.999316         3230      1462.86
    9699.327     0.999414         3231      1706.67
    9699.327     0.999512         3231      2048.00
    9699.327     0.999561         3231      2275.56
    9699.327     0.999609         3231      2560.00
    9699.327     0.999658         3231      2925.71
    9707.519     0.999707         3232      3413.33
    9707.519     1.000000         3232          inf
#[Mean    =     5114.994, StdDeviation   =     1965.733]
#[Max     =     9699.328, Total count    =         3232]
#[Buckets =           27, SubBuckets     =         2048]
-----------------------------------------------------------------------
  3845 requests in 1.00m, 1.14MB read
Requests/sec:     64.08  
Transfer/sec:     19.54KB
