Running 1m test @ http://10.108.10.66/?loopCount=25&base=6&exp=6
  5 threads and 5 connections

  Thread calibration: mean lat.: 1903.386ms, rate sampling interval: 6750ms
  Thread calibration: mean lat.: 1872.617ms, rate sampling interval: 6553ms
  Thread calibration: mean lat.: 1970.469ms, rate sampling interval: 7118ms
  Thread calibration: mean lat.: 1849.630ms, rate sampling interval: 6995ms
  Thread calibration: mean lat.: 2318.608ms, rate sampling interval: 8478ms

-----------------------------------------------------------------------
Test Results @ http://10.108.10.66/?loopCount=25&base=6&exp=6 
  Thread Stats   Avg      Stdev     99%   +/- Stdev
    Latency    13.74s     5.51s   23.58s    58.34%
    Req/Sec     8.76      0.70    10.00    100.00%
  Latency Distribution (HdrHistogram - Recorded Latency)
 50.000%   13.70s 
 75.000%   18.38s 
 90.000%   21.38s 
 99.000%   23.58s 
 99.900%   24.64s 
 99.990%   24.74s 
 99.999%   24.74s 
100.000%   24.74s 

  Detailed Percentile spectrum:
       Value   Percentile   TotalCount 1/(1-Percentile)

    3807.231     0.000000            1         1.00
    6004.735     0.100000          232         1.11
    8081.407     0.200000          463         1.25
   10239.999     0.300000          697         1.43
   11943.935     0.400000          926         1.67
   13697.023     0.500000         1159         2.00
   14606.335     0.550000         1275         2.22
   15458.303     0.600000         1389         2.50
   16449.535     0.650000         1505         2.86
   17416.191     0.700000         1621         3.33
   18382.847     0.750000         1736         4.00
   18792.447     0.775000         1796         4.44
   19415.039     0.800000         1854         5.00
   19808.255     0.825000         1910         5.71
   20414.463     0.850000         1969         6.67
   20955.135     0.875000         2026         8.00
   21184.511     0.887500         2057         8.89
   21381.119     0.900000         2083        10.00
   21577.727     0.912500         2112        11.43
   21872.639     0.925000         2141        13.33
   22134.783     0.937500         2174        16.00
   22216.703     0.943750         2185        17.78
   22446.079     0.950000         2199        20.00
   22577.151     0.956250         2214        22.86
   22659.071     0.962500         2228        26.67
   22839.295     0.968750         2243        32.00
   22888.447     0.971875         2249        35.56
   23068.671     0.975000         2258        40.00
   23150.591     0.978125         2265        45.71
   23216.127     0.981250         2272        53.33
   23314.431     0.984375         2278        64.00
   23363.583     0.985938         2282        71.11
   23412.735     0.987500         2286        80.00
   23494.655     0.989062         2289        91.43
   23625.727     0.990625         2293       106.67
   23691.263     0.992188         2296       128.00
   23822.335     0.992969         2298       142.22
   23920.639     0.993750         2300       160.00
   24068.095     0.994531         2302       182.86
   24166.399     0.995313         2304       213.33
   24215.551     0.996094         2305       256.00
   24248.319     0.996484         2306       284.44
   24379.391     0.996875         2308       320.00
   24379.391     0.997266         2308       365.71
   24412.159     0.997656         2309       426.67
   24461.311     0.998047         2310       512.00
   24461.311     0.998242         2310       568.89
   24592.383     0.998437         2311       640.00
   24592.383     0.998633         2311       731.43
   24641.535     0.998828         2312       853.33
   24641.535     0.999023         2312      1024.00
   24641.535     0.999121         2312      1137.78
   24674.303     0.999219         2313      1280.00
   24674.303     0.999316         2313      1462.86
   24674.303     0.999414         2313      1706.67
   24674.303     0.999512         2313      2048.00
   24674.303     0.999561         2313      2275.56
   24739.839     0.999609         2314      2560.00
   24739.839     1.000000         2314          inf
#[Mean    =    13738.055, StdDeviation   =     5508.808]
#[Max     =    24723.456, Total count    =         2314]
#[Buckets =           27, SubBuckets     =         2048]
-----------------------------------------------------------------------
  2758 requests in 1.00m, 841.68KB read
Requests/sec:     45.96  
Transfer/sec:     14.03KB
