Running 1m test @ http://10.106.127.105/?loopCount=25&base=6&exp=6
  5 threads and 5 connections

  Thread calibration: mean lat.: 137.068ms, rate sampling interval: 515ms
  Thread calibration: mean lat.: 92.785ms, rate sampling interval: 343ms
  Thread calibration: mean lat.: 215.982ms, rate sampling interval: 1123ms
  Thread calibration: mean lat.: 99.730ms, rate sampling interval: 450ms
  Thread calibration: mean lat.: 120.024ms, rate sampling interval: 470ms

-----------------------------------------------------------------------
Test Results @ http://10.106.127.105/?loopCount=25&base=6&exp=6 
  Thread Stats   Avg      Stdev     99%   +/- Stdev
    Latency   185.70ms  157.39ms 704.00ms   85.26%
    Req/Sec     9.36      2.95    17.00     81.71%
  Latency Distribution (HdrHistogram - Recorded Latency)
 50.000%  131.01ms
 75.000%  255.49ms
 90.000%  423.93ms
 99.000%  704.00ms
 99.900%  829.44ms
 99.990%  922.62ms
 99.999%  922.62ms
100.000%  922.62ms

  Detailed Percentile spectrum:
       Value   Percentile   TotalCount 1/(1-Percentile)

      21.759     0.000000            1         1.00
      40.703     0.100000          272         1.11
      41.439     0.200000          500         1.25
      66.687     0.300000          749         1.43
     118.463     0.400000          999         1.67
     131.007     0.500000         1248         2.00
     142.719     0.550000         1375         2.22
     169.471     0.600000         1498         2.50
     216.959     0.650000         1623         2.86
     228.607     0.700000         1748         3.33
     255.487     0.750000         1873         4.00
     276.735     0.775000         1936         4.44
     316.671     0.800000         1998         5.00
     325.631     0.825000         2060         5.71
     340.479     0.850000         2122         6.67
     374.527     0.875000         2184         8.00
     416.255     0.887500         2217         8.89
     423.935     0.900000         2250        10.00
     432.127     0.912500         2278        11.43
     454.655     0.925000         2309        13.33
     483.327     0.937500         2341        16.00
     517.631     0.943750         2358        17.78
     522.751     0.950000         2373        20.00
     526.847     0.956250         2387        22.86
     536.063     0.962500         2404        26.67
     551.423     0.968750         2418        32.00
     567.807     0.971875         2426        35.56
     600.575     0.975000         2434        40.00
     620.543     0.978125         2443        45.71
     627.711     0.981250         2450        53.33
     637.439     0.984375         2457        64.00
     645.631     0.985938         2461        71.11
     659.967     0.987500         2465        80.00
     694.271     0.989062         2469        91.43
     717.823     0.990625         2473       106.67
     723.455     0.992188         2477       128.00
     726.015     0.992969         2480       142.22
     726.527     0.993750         2481       160.00
     740.351     0.994531         2483       182.86
     756.735     0.995313         2485       213.33
     764.415     0.996094         2487       256.00
     770.047     0.996484         2488       284.44
     803.327     0.996875         2489       320.00
     816.639     0.997266         2490       365.71
     822.783     0.997656         2491       426.67
     824.319     0.998047         2492       512.00
     824.319     0.998242         2492       568.89
     828.927     0.998437         2493       640.00
     828.927     0.998633         2493       731.43
     829.439     0.998828         2494       853.33
     829.439     0.999023         2494      1024.00
     829.439     0.999121         2494      1137.78
     863.231     0.999219         2495      1280.00
     863.231     0.999316         2495      1462.86
     863.231     0.999414         2495      1706.67
     863.231     0.999512         2495      2048.00
     863.231     0.999561         2495      2275.56
     922.623     0.999609         2496      2560.00
     922.623     1.000000         2496          inf
#[Mean    =      185.702, StdDeviation   =      157.389]
#[Max     =      922.112, Total count    =         2496]
#[Buckets =           27, SubBuckets     =         2048]
-----------------------------------------------------------------------
  2982 requests in 1.00m, 0.89MB read
Requests/sec:     49.70  
Transfer/sec:     15.16KB
