Running 1m test @ http://10.106.106.124/?loopCount=25&base=6&exp=6
  1 threads and 1 connections

  Thread calibration: mean lat.: 629.074ms, rate sampling interval: 2187ms

-----------------------------------------------------------------------
Test Results @ http://10.106.106.124/?loopCount=25&base=6&exp=6 
  Thread Stats   Avg      Stdev     99%   +/- Stdev
    Latency     5.34s     2.17s    8.81s    60.47%
    Req/Sec    20.77      1.00    23.00     95.45%
  Latency Distribution (HdrHistogram - Recorded Latency)
 50.000%    5.60s 
 75.000%    7.15s 
 90.000%    8.18s 
 99.000%    8.81s 
 99.900%    8.87s 
 99.990%    8.92s 
 99.999%    8.92s 
100.000%    8.92s 

  Detailed Percentile spectrum:
       Value   Percentile   TotalCount 1/(1-Percentile)

    1356.799     0.000000            1         1.00
    2046.975     0.100000          106         1.11
    3237.887     0.200000          214         1.25
    4009.983     0.300000          319         1.43
    4816.895     0.400000          427         1.67
    5599.231     0.500000          534         2.00
    5971.967     0.550000          585         2.22
    6324.223     0.600000          636         2.50
    6631.423     0.650000          691         2.86
    7008.255     0.700000          743         3.33
    7151.615     0.750000          797         4.00
    7380.991     0.775000          825         4.44
    7512.063     0.800000          848         5.00
    7602.175     0.825000          876         5.71
    7712.767     0.850000          901         6.67
    8011.775     0.875000          928         8.00
    8097.791     0.887500          941         8.89
    8175.615     0.900000          954        10.00
    8224.767     0.912500          976        11.43
    8269.823     0.925000          981        13.33
    8331.263     0.937500          996        16.00
    8380.415     0.943750         1001        17.78
    8511.487     0.950000         1011        20.00
    8536.063     0.956250         1015        22.86
    8609.791     0.962500         1021        26.67
    8650.751     0.968750         1029        32.00
    8699.903     0.971875         1031        35.56
    8716.287     0.975000         1034        40.00
    8724.479     0.978125         1038        45.71
    8740.863     0.981250         1041        53.33
    8749.055     0.984375         1044        64.00
    8798.207     0.985938         1046        71.11
    8814.591     0.987500         1056        80.00
    8814.591     0.989062         1056        91.43
    8814.591     0.990625         1056       106.67
    8814.591     0.992188         1056       128.00
    8814.591     0.992969         1056       142.22
    8814.591     0.993750         1056       160.00
    8814.591     0.994531         1056       182.86
    8814.591     0.995313         1056       213.33
    8814.591     0.996094         1056       256.00
    8830.975     0.996484         1057       284.44
    8830.975     0.996875         1057       320.00
    8871.935     0.997266         1059       365.71
    8871.935     0.997656         1059       426.67
    8871.935     0.998047         1059       512.00
    8871.935     0.998242         1059       568.89
    8871.935     0.998437         1059       640.00
    8871.935     0.998633         1059       731.43
    8871.935     0.998828         1059       853.33
    8871.935     0.999023         1059      1024.00
    8921.087     0.999121         1060      1137.78
    8921.087     1.000000         1060          inf
#[Mean    =     5335.573, StdDeviation   =     2171.128]
#[Max     =     8912.896, Total count    =         1060]
#[Buckets =           27, SubBuckets     =         2048]
-----------------------------------------------------------------------
  1276 requests in 1.00m, 388.78KB read
Requests/sec:     21.27  
Transfer/sec:      6.48KB
