Running 1m test @ http://10.108.10.66/?loopCount=25&base=6&exp=6
  5 threads and 5 connections

  Thread calibration: mean lat.: 1772.284ms, rate sampling interval: 6316ms
  Thread calibration: mean lat.: 1700.910ms, rate sampling interval: 6799ms
  Thread calibration: mean lat.: 2062.998ms, rate sampling interval: 7041ms
  Thread calibration: mean lat.: 1665.389ms, rate sampling interval: 6385ms
  Thread calibration: mean lat.: 1672.175ms, rate sampling interval: 6021ms

-----------------------------------------------------------------------
Test Results @ http://10.108.10.66/?loopCount=25&base=6&exp=6 
  Thread Stats   Avg      Stdev     99%   +/- Stdev
    Latency    13.47s     5.55s   23.46s    60.01%
    Req/Sec     8.56      0.64    10.00    100.00%
  Latency Distribution (HdrHistogram - Recorded Latency)
 50.000%   13.37s 
 75.000%   18.19s 
 90.000%   21.15s 
 99.000%   23.46s 
 99.900%   24.17s 
 99.990%   24.20s 
 99.999%   24.20s 
100.000%   24.20s 

  Detailed Percentile spectrum:
       Value   Percentile   TotalCount 1/(1-Percentile)

    3319.807     0.000000            1         1.00
    5754.879     0.100000          229         1.11
    7913.471     0.200000          457         1.25
    9715.711     0.300000          685         1.43
   11452.415     0.400000          914         1.67
   13369.343     0.500000         1142         2.00
   14278.655     0.550000         1256         2.22
   15269.887     0.600000         1371         2.50
   16203.775     0.650000         1484         2.86
   17203.199     0.700000         1600         3.33
   18202.623     0.750000         1713         4.00
   18595.839     0.775000         1770         4.44
   19038.207     0.800000         1828         5.00
   19513.343     0.825000         1886         5.71
   20119.551     0.850000         1942         6.67
   20643.839     0.875000         1999         8.00
   20856.831     0.887500         2027         8.89
   21151.743     0.900000         2055        10.00
   21495.807     0.912500         2084        11.43
   21807.103     0.925000         2113        13.33
   22036.479     0.937500         2141        16.00
   22167.551     0.943750         2155        17.78
   22347.775     0.950000         2169        20.00
   22511.615     0.956250         2184        22.86
   22675.455     0.962500         2198        26.67
   22904.831     0.968750         2213        32.00
   22970.367     0.971875         2220        35.56
   23019.519     0.975000         2227        40.00
   23085.055     0.978125         2234        45.71
   23166.975     0.981250         2241        53.33
   23232.511     0.984375         2248        64.00
   23314.431     0.985938         2252        71.11
   23347.199     0.987500         2256        80.00
   23429.119     0.989062         2259        91.43
   23511.039     0.990625         2264       106.67
   23543.807     0.992188         2266       128.00
   23576.575     0.992969         2268       142.22
   23592.959     0.993750         2269       160.00
   23625.727     0.994531         2271       182.86
   23740.415     0.995313         2273       213.33
   23920.639     0.996094         2275       256.00
   23920.639     0.996484         2275       284.44
   23986.175     0.996875         2276       320.00
   24035.327     0.997266         2277       365.71
   24100.863     0.997656         2278       426.67
   24133.631     0.998047         2279       512.00
   24133.631     0.998242         2279       568.89
   24166.399     0.998437         2281       640.00
   24166.399     0.998633         2281       731.43
   24166.399     0.998828         2281       853.33
   24166.399     0.999023         2281      1024.00
   24166.399     0.999121         2281      1137.78
   24199.167     0.999219         2283      1280.00
   24199.167     1.000000         2283          inf
#[Mean    =    13468.612, StdDeviation   =     5554.209]
#[Max     =    24182.784, Total count    =         2283]
#[Buckets =           27, SubBuckets     =         2048]
-----------------------------------------------------------------------
  2754 requests in 1.00m, 840.46KB read
Requests/sec:     45.90  
Transfer/sec:     14.01KB
