Running 1m test @ http://10.102.207.185/?loopCount=25&base=6&exp=6
  1 threads and 1 connections

  Thread calibration: mean lat.: 3308.679ms, rate sampling interval: 11395ms

-----------------------------------------------------------------------
Test Results @ http://10.102.207.185/?loopCount=25&base=6&exp=6 
  Thread Stats   Avg      Stdev     99%   +/- Stdev
    Latency    24.37s    10.01s   41.45s    58.99%
    Req/Sec     7.25      0.43     8.00    100.00%
  Latency Distribution (HdrHistogram - Recorded Latency)
 50.000%   24.07s 
 75.000%   33.14s 
 90.000%   38.11s 
 99.000%   41.45s 
 99.900%   41.68s 
 99.990%   41.68s 
 99.999%   41.68s 
100.000%   41.68s 

  Detailed Percentile spectrum:
       Value   Percentile   TotalCount 1/(1-Percentile)

    6840.319     0.000000            1         1.00
   10870.783     0.100000           38         1.11
   14147.583     0.200000           76         1.25
   17039.359     0.300000          114         1.43
   20758.527     0.400000          152         1.67
   24068.095     0.500000          189         2.00
   25968.639     0.550000          208         2.22
   27721.727     0.600000          227         2.50
   29769.727     0.650000          246         2.86
   31686.655     0.700000          265         3.33
   33144.831     0.750000          284         4.00
   33685.503     0.775000          293         4.44
   34603.007     0.800000          303         5.00
   35717.119     0.825000          312         5.71
   36732.927     0.850000          322         6.67
   37552.127     0.875000          331         8.00
   37683.199     0.887500          336         8.89
   38174.719     0.900000          341        10.00
   38436.863     0.912500          345        11.43
   38928.383     0.925000          350        13.33
   39387.135     0.937500          355        16.00
   39550.975     0.943750          357        17.78
   39976.959     0.950000          360        20.00
   40140.799     0.956250          362        22.86
   40435.711     0.962500          364        26.67
   40730.623     0.968750          367        32.00
   40894.463     0.971875          368        35.56
   40959.999     0.975000          369        40.00
   41091.071     0.978125          370        45.71
   41156.607     0.981250          371        53.33
   41385.983     0.984375          373        64.00
   41385.983     0.985938          373        71.11
   41451.519     0.987500          374        80.00
   41451.519     0.989062          374        91.43
   41582.591     0.990625          375       106.67
   41648.127     0.992188          377       128.00
   41648.127     0.992969          377       142.22
   41648.127     0.993750          377       160.00
   41648.127     0.994531          377       182.86
   41648.127     0.995313          377       213.33
   41648.127     0.996094          377       256.00
   41648.127     0.996484          377       284.44
   41648.127     0.996875          377       320.00
   41648.127     0.997266          377       365.71
   41680.895     0.997656          378       426.67
   41680.895     1.000000          378          inf
#[Mean    =    24372.116, StdDeviation   =    10005.547]
#[Max     =    41648.128, Total count    =          378]
#[Buckets =           27, SubBuckets     =         2048]
-----------------------------------------------------------------------
  457 requests in 1.00m, 139.56KB read
Requests/sec:      7.62  
Transfer/sec:      2.33KB
