Running 1m test @ http://10.97.57.202/?loopCount=25&base=6&exp=6
  5 threads and 5 connections

  Thread calibration: mean lat.: 1287.423ms, rate sampling interval: 4722ms
  Thread calibration: mean lat.: 1504.700ms, rate sampling interval: 5771ms
  Thread calibration: mean lat.: 1481.966ms, rate sampling interval: 5459ms
  Thread calibration: mean lat.: 1674.306ms, rate sampling interval: 5451ms
  Thread calibration: mean lat.: 1385.024ms, rate sampling interval: 4972ms

-----------------------------------------------------------------------
Test Results @ http://10.97.57.202/?loopCount=25&base=6&exp=6 
  Thread Stats   Avg      Stdev     99%   +/- Stdev
    Latency    10.68s     4.32s   20.40s    61.27%
    Req/Sec    10.02      0.82    12.00     93.48%
  Latency Distribution (HdrHistogram - Recorded Latency)
 50.000%   10.56s 
 75.000%   14.25s 
 90.000%   16.29s 
 99.000%   20.40s 
 99.900%   20.92s 
 99.990%   21.07s 
 99.999%   21.07s 
100.000%   21.07s 

  Detailed Percentile spectrum:
       Value   Percentile   TotalCount 1/(1-Percentile)

    2723.839     0.000000            1         1.00
    4702.207     0.100000          264         1.11
    6381.567     0.200000          525         1.25
    7933.951     0.300000          787         1.43
    9150.463     0.400000         1051         1.67
   10559.487     0.500000         1312         2.00
   11321.343     0.550000         1443         2.22
   12042.239     0.600000         1576         2.50
   12689.407     0.650000         1705         2.86
   13508.607     0.700000         1839         3.33
   14270.463     0.750000         1968         4.00
   14589.951     0.775000         2033         4.44
   14901.247     0.800000         2102         5.00
   15237.119     0.825000         2166         5.71
   15572.991     0.850000         2232         6.67
   15867.903     0.875000         2296         8.00
   16056.319     0.887500         2328         8.89
   16293.887     0.900000         2363        10.00
   16531.455     0.912500         2398        11.43
   16777.215     0.925000         2428        13.33
   17006.591     0.937500         2461        16.00
   17121.279     0.943750         2477        17.78
   17399.807     0.950000         2493        20.00
   17629.183     0.956250         2511        22.86
   17874.943     0.962500         2526        26.67
   18333.695     0.968750         2542        32.00
   18677.759     0.971875         2550        35.56
   19038.207     0.975000         2558        40.00
   19349.503     0.978125         2566        45.71
   19595.263     0.981250         2574        53.33
   19873.791     0.984375         2584        64.00
   20004.863     0.985938         2587        71.11
   20185.087     0.987500         2591        80.00
   20381.695     0.989062         2596        91.43
   20430.847     0.990625         2599       106.67
   20479.999     0.992188         2603       128.00
   20561.919     0.992969         2605       142.22
   20594.687     0.993750         2607       160.00
   20627.455     0.994531         2609       182.86
   20774.911     0.995313         2611       213.33
   20824.063     0.996094         2613       256.00
   20840.447     0.996484         2617       284.44
   20840.447     0.996875         2617       320.00
   20840.447     0.997266         2617       365.71
   20840.447     0.997656         2617       426.67
   20856.831     0.998047         2618       512.00
   20889.599     0.998242         2619       568.89
   20889.599     0.998437         2619       640.00
   20922.367     0.998633         2620       731.43
   20922.367     0.998828         2620       853.33
   20987.903     0.999023         2621      1024.00
   20987.903     0.999121         2621      1137.78
   20987.903     0.999219         2621      1280.00
   21037.055     0.999316         2622      1462.86
   21037.055     0.999414         2622      1706.67
   21037.055     0.999512         2622      2048.00
   21037.055     0.999561         2622      2275.56
   21037.055     0.999609         2622      2560.00
   21069.823     0.999658         2623      2925.71
   21069.823     1.000000         2623          inf
#[Mean    =    10681.177, StdDeviation   =     4323.500]
#[Max     =    21053.440, Total count    =         2623]
#[Buckets =           27, SubBuckets     =         2048]
-----------------------------------------------------------------------
  3145 requests in 1.00m, 0.94MB read
Requests/sec:     52.41  
Transfer/sec:     15.99KB
