Running 1m test @ http://10.108.10.66/?loopCount=25&base=6&exp=6
  5 threads and 5 connections

  Thread calibration: mean lat.: 332.869ms, rate sampling interval: 1231ms
  Thread calibration: mean lat.: 730.573ms, rate sampling interval: 2224ms
  Thread calibration: mean lat.: 634.545ms, rate sampling interval: 2242ms
  Thread calibration: mean lat.: 415.093ms, rate sampling interval: 1224ms
  Thread calibration: mean lat.: 237.603ms, rate sampling interval: 728ms

-----------------------------------------------------------------------
Test Results @ http://10.108.10.66/?loopCount=25&base=6&exp=6 
  Thread Stats   Avg      Stdev     99%   +/- Stdev
    Latency     2.19s     1.54s    7.47s    75.07%
    Req/Sec     8.84      1.51    13.00     88.02%
  Latency Distribution (HdrHistogram - Recorded Latency)
 50.000%    1.91s 
 75.000%    2.59s 
 90.000%    4.47s 
 99.000%    7.47s 
 99.900%    7.89s 
 99.990%    7.92s 
 99.999%    7.92s 
100.000%    7.92s 

  Detailed Percentile spectrum:
       Value   Percentile   TotalCount 1/(1-Percentile)

      53.663     0.000000            1         1.00
     520.959     0.100000          235         1.11
    1047.551     0.200000          469         1.25
    1290.239     0.300000          703         1.43
    1698.815     0.400000          940         1.67
    1909.759     0.500000         1174         2.00
    2085.887     0.550000         1289         2.22
    2197.503     0.600000         1407         2.50
    2283.519     0.650000         1523         2.86
    2410.495     0.700000         1641         3.33
    2588.671     0.750000         1758         4.00
    2693.119     0.775000         1817         4.44
    2803.711     0.800000         1876         5.00
    2897.919     0.825000         1933         5.71
    3145.727     0.850000         1992         6.67
    3981.311     0.875000         2051         8.00
    4143.103     0.887500         2080         8.89
    4468.735     0.900000         2111        10.00
    4718.591     0.912500         2138        11.43
    5029.887     0.925000         2168        13.33
    5373.951     0.937500         2197        16.00
    5672.959     0.943750         2212        17.78
    5718.015     0.950000         2229        20.00
    5791.743     0.956250         2241        22.86
    5951.487     0.962500         2256        26.67
    6332.415     0.968750         2270        32.00
    6782.975     0.971875         2278        35.56
    6914.047     0.975000         2285        40.00
    7090.175     0.978125         2292        45.71
    7217.151     0.981250         2300        53.33
    7311.359     0.984375         2307        64.00
    7344.127     0.985938         2311        71.11
    7372.799     0.987500         2314        80.00
    7417.855     0.989062         2319        91.43
    7475.199     0.990625         2322       106.67
    7487.487     0.992188         2325       128.00
    7499.775     0.992969         2328       142.22
    7516.159     0.993750         2329       160.00
    7520.255     0.994531         2331       182.86
    7573.503     0.995313         2334       213.33
    7573.503     0.996094         2334       256.00
    7577.599     0.996484         2337       284.44
    7577.599     0.996875         2337       320.00
    7577.599     0.997266         2337       365.71
    7725.055     0.997656         2338       426.67
    7815.167     0.998047         2339       512.00
    7815.167     0.998242         2339       568.89
    7831.551     0.998437         2340       640.00
    7831.551     0.998633         2340       731.43
    7888.895     0.998828         2341       853.33
    7888.895     0.999023         2341      1024.00
    7888.895     0.999121         2341      1137.78
    7901.183     0.999219         2342      1280.00
    7901.183     0.999316         2342      1462.86
    7901.183     0.999414         2342      1706.67
    7901.183     0.999512         2342      2048.00
    7901.183     0.999561         2342      2275.56
    7917.567     0.999609         2343      2560.00
    7917.567     1.000000         2343          inf
#[Mean    =     2185.288, StdDeviation   =     1542.912]
#[Max     =     7913.472, Total count    =         2343]
#[Buckets =           27, SubBuckets     =         2048]
-----------------------------------------------------------------------
  2807 requests in 1.00m, 856.61KB read
Requests/sec:     46.78  
Transfer/sec:     14.28KB
