Running 1m test @ http://10.108.10.66/?loopCount=25&base=6&exp=6
  5 threads and 5 connections

  Thread calibration: mean lat.: 2411.840ms, rate sampling interval: 8232ms
  Thread calibration: mean lat.: 1591.649ms, rate sampling interval: 5488ms
  Thread calibration: mean lat.: 1835.391ms, rate sampling interval: 7036ms
  Thread calibration: mean lat.: 2229.794ms, rate sampling interval: 7364ms
  Thread calibration: mean lat.: 2043.182ms, rate sampling interval: 7258ms

-----------------------------------------------------------------------
Test Results @ http://10.108.10.66/?loopCount=25&base=6&exp=6 
  Thread Stats   Avg      Stdev     99%   +/- Stdev
    Latency    13.71s     5.70s   24.10s    59.22%
    Req/Sec     8.62      0.73    10.00    100.00%
  Latency Distribution (HdrHistogram - Recorded Latency)
 50.000%   13.60s 
 75.000%   18.56s 
 90.000%   21.48s 
 99.000%   24.10s 
 99.900%   24.46s 
 99.990%   24.61s 
 99.999%   24.61s 
100.000%   24.61s 

  Detailed Percentile spectrum:
       Value   Percentile   TotalCount 1/(1-Percentile)

    3164.159     0.000000            1         1.00
    5795.839     0.100000          231         1.11
    8044.543     0.200000          459         1.25
    9846.783     0.300000          691         1.43
   11599.871     0.400000          918         1.67
   13598.719     0.500000         1150         2.00
   14565.375     0.550000         1263         2.22
   15556.607     0.600000         1377         2.50
   16572.415     0.650000         1492         2.86
   17563.647     0.700000         1608         3.33
   18563.071     0.750000         1722         4.00
   19038.207     0.775000         1780         4.44
   19562.495     0.800000         1837         5.00
   20037.631     0.825000         1894         5.71
   20676.607     0.850000         1952         6.67
   21053.439     0.875000         2010         8.00
   21200.895     0.887500         2038         8.89
   21479.423     0.900000         2066        10.00
   21790.719     0.912500         2096        11.43
   22069.247     0.925000         2123        13.33
   22495.231     0.937500         2153        16.00
   22593.535     0.943750         2167        17.78
   22740.991     0.950000         2181        20.00
   22970.367     0.956250         2196        22.86
   23183.359     0.962500         2210        26.67
   23396.351     0.968750         2224        32.00
   23494.655     0.971875         2231        35.56
   23560.191     0.975000         2238        40.00
   23691.263     0.978125         2245        45.71
   23740.415     0.981250         2252        53.33
   23838.719     0.984375         2260        64.00
   23937.023     0.985938         2263        71.11
   24018.943     0.987500         2268        80.00
   24035.327     0.989062         2270        91.43
   24117.247     0.990625         2274       106.67
   24150.015     0.992188         2279       128.00
   24150.015     0.992969         2279       142.22
   24166.399     0.993750         2282       160.00
   24215.551     0.994531         2283       182.86
   24297.471     0.995313         2287       213.33
   24297.471     0.996094         2287       256.00
   24297.471     0.996484         2287       284.44
   24313.855     0.996875         2288       320.00
   24379.391     0.997266         2289       365.71
   24412.159     0.997656         2290       426.67
   24444.927     0.998047         2292       512.00
   24444.927     0.998242         2292       568.89
   24444.927     0.998437         2292       640.00
   24444.927     0.998633         2292       731.43
   24461.311     0.998828         2293       853.33
   24461.311     0.999023         2293      1024.00
   24461.311     0.999121         2293      1137.78
   24477.695     0.999219         2294      1280.00
   24477.695     0.999316         2294      1462.86
   24477.695     0.999414         2294      1706.67
   24477.695     0.999512         2294      2048.00
   24477.695     0.999561         2294      2275.56
   24608.767     0.999609         2295      2560.00
   24608.767     1.000000         2295          inf
#[Mean    =    13712.817, StdDeviation   =     5697.541]
#[Max     =    24592.384, Total count    =         2295]
#[Buckets =           27, SubBuckets     =         2048]
-----------------------------------------------------------------------
  2746 requests in 1.00m, 838.05KB read
Requests/sec:     45.76  
Transfer/sec:     13.97KB
