Running 1m test @ http://10.97.57.202/?loopCount=25&base=6&exp=6
  1 threads and 1 connections

  Thread calibration: mean lat.: 53.444ms, rate sampling interval: 140ms

-----------------------------------------------------------------------
Test Results @ http://10.97.57.202/?loopCount=25&base=6&exp=6 
  Thread Stats   Avg      Stdev     99%   +/- Stdev
    Latency   185.48ms  119.66ms 436.22ms   63.44%
    Req/Sec    24.30      3.49    28.00    100.00%
  Latency Distribution (HdrHistogram - Recorded Latency)
 50.000%  150.65ms
 75.000%  287.74ms
 90.000%  379.39ms
 99.000%  436.22ms
 99.900%  442.11ms
 99.990%  442.11ms
 99.999%  442.11ms
100.000%  442.11ms

  Detailed Percentile spectrum:
       Value   Percentile   TotalCount 1/(1-Percentile)

      25.983     0.000000            1         1.00
      52.799     0.100000          124         1.11
      75.647     0.200000          248         1.25
      96.255     0.300000          372         1.43
     127.039     0.400000          497         1.67
     150.655     0.500000          621         2.00
     159.487     0.550000          682         2.22
     178.687     0.600000          744         2.50
     206.335     0.650000          806         2.86
     242.175     0.700000          868         3.33
     287.999     0.750000          930         4.00
     299.007     0.775000          961         4.44
     316.159     0.800000          993         5.00
     335.615     0.825000         1023         5.71
     346.367     0.850000         1055         6.67
     360.959     0.875000         1085         8.00
     371.199     0.887500         1100         8.89
     379.647     0.900000         1116        10.00
     388.607     0.912500         1131        11.43
     398.079     0.925000         1147        13.33
     405.759     0.937500         1163        16.00
     410.111     0.943750         1170        17.78
     413.695     0.950000         1178        20.00
     417.535     0.956250         1185        22.86
     422.143     0.962500         1193        26.67
     425.727     0.968750         1201        32.00
     427.775     0.971875         1205        35.56
     429.823     0.975000         1211        40.00
     430.079     0.978125         1212        45.71
     431.871     0.981250         1217        53.33
     433.407     0.984375         1220        64.00
     435.199     0.985938         1222        71.11
     435.455     0.987500         1226        80.00
     435.455     0.989062         1226        91.43
     436.479     0.990625         1228       106.67
     438.783     0.992188         1230       128.00
     439.039     0.992969         1231       142.22
     440.575     0.993750         1232       160.00
     440.831     0.994531         1233       182.86
     441.087     0.995313         1234       213.33
     441.343     0.996094         1235       256.00
     441.343     0.996484         1235       284.44
     441.599     0.996875         1237       320.00
     441.599     0.997266         1237       365.71
     441.599     0.997656         1237       426.67
     441.599     0.998047         1237       512.00
     441.599     0.998242         1237       568.89
     442.111     0.998437         1239       640.00
     442.111     1.000000         1239          inf
#[Mean    =      185.477, StdDeviation   =      119.660]
#[Max     =      441.856, Total count    =         1239]
#[Buckets =           27, SubBuckets     =         2048]
-----------------------------------------------------------------------
  1489 requests in 1.00m, 453.68KB read
Requests/sec:     24.82  
Transfer/sec:      7.56KB
