Running 1m test @ http://10.103.77.142/?loopCount=25&base=6&exp=6
  5 threads and 5 connections

  Thread calibration: mean lat.: 666.205ms, rate sampling interval: 2024ms
  Thread calibration: mean lat.: 269.806ms, rate sampling interval: 1111ms
  Thread calibration: mean lat.: 841.836ms, rate sampling interval: 2830ms
  Thread calibration: mean lat.: 1089.195ms, rate sampling interval: 3768ms
  Thread calibration: mean lat.: 483.806ms, rate sampling interval: 2334ms

-----------------------------------------------------------------------
Test Results @ http://10.103.77.142/?loopCount=25&base=6&exp=6 
  Thread Stats   Avg      Stdev     99%   +/- Stdev
    Latency     2.85s     1.57s    6.05s    59.44%
    Req/Sec     8.76      1.12    13.00     95.00%
  Latency Distribution (HdrHistogram - Recorded Latency)
 50.000%    2.74s 
 75.000%    4.03s 
 90.000%    5.06s 
 99.000%    6.05s 
 99.900%    6.16s 
 99.990%    6.16s 
 99.999%    6.16s 
100.000%    6.16s 

  Detailed Percentile spectrum:
       Value   Percentile   TotalCount 1/(1-Percentile)

      31.199     0.000000            1         1.00
     708.095     0.100000          233         1.11
    1241.087     0.200000          463         1.25
    1923.071     0.300000          695         1.43
    2320.383     0.400000          926         1.67
    2742.271     0.500000         1160         2.00
    2963.455     0.550000         1274         2.22
    3409.919     0.600000         1390         2.50
    3653.631     0.650000         1507         2.86
    3815.423     0.700000         1622         3.33
    4032.511     0.750000         1738         4.00
    4063.231     0.775000         1795         4.44
    4243.455     0.800000         1852         5.00
    4513.791     0.825000         1911         5.71
    4734.975     0.850000         1968         6.67
    4882.431     0.875000         2026         8.00
    4984.831     0.887500         2056         8.89
    5062.655     0.900000         2087        10.00
    5160.959     0.912500         2113        11.43
    5255.167     0.925000         2146        13.33
    5345.279     0.937500         2171        16.00
    5394.431     0.943750         2185        17.78
    5447.679     0.950000         2200        20.00
    5513.215     0.956250         2214        22.86
    5644.287     0.962500         2231        26.67
    5681.151     0.968750         2243        32.00
    5726.207     0.971875         2251        35.56
    5746.687     0.975000         2258        40.00
    5758.975     0.978125         2265        45.71
    5832.703     0.981250         2272        53.33
    5885.951     0.984375         2279        64.00
    5959.679     0.985938         2283        71.11
    6037.503     0.987500         2287        80.00
    6045.695     0.989062         2290        91.43
    6053.887     0.990625         2294       106.67
    6062.079     0.992188         2297       128.00
    6066.175     0.992969         2299       142.22
    6111.231     0.993750         2302       160.00
    6127.615     0.994531         2305       182.86
    6127.615     0.995313         2305       213.33
    6135.807     0.996094         2306       256.00
    6139.903     0.996484         2307       284.44
    6143.999     0.996875         2310       320.00
    6143.999     0.997266         2310       365.71
    6143.999     0.997656         2310       426.67
    6148.095     0.998047         2311       512.00
    6148.095     0.998242         2311       568.89
    6152.191     0.998437         2312       640.00
    6152.191     0.998633         2312       731.43
    6156.287     0.998828         2314       853.33
    6156.287     0.999023         2314      1024.00
    6156.287     0.999121         2314      1137.78
    6156.287     0.999219         2314      1280.00
    6156.287     0.999316         2314      1462.86
    6156.287     0.999414         2314      1706.67
    6156.287     0.999512         2314      2048.00
    6156.287     0.999561         2314      2275.56
    6160.383     0.999609         2315      2560.00
    6160.383     1.000000         2315          inf
#[Mean    =     2846.928, StdDeviation   =     1567.260]
#[Max     =     6156.288, Total count    =         2315]
#[Buckets =           27, SubBuckets     =         2048]
-----------------------------------------------------------------------
  2751 requests in 1.00m, 839.54KB read
Requests/sec:     45.85  
Transfer/sec:     13.99KB
