Running 1m test @ http://10.99.199.129/?loopCount=25&base=6&exp=6
  5 threads and 5 connections

  Thread calibration: mean lat.: 548.582ms, rate sampling interval: 1988ms
  Thread calibration: mean lat.: 954.821ms, rate sampling interval: 2942ms
  Thread calibration: mean lat.: 1039.760ms, rate sampling interval: 4370ms
  Thread calibration: mean lat.: 1015.474ms, rate sampling interval: 3043ms
  Thread calibration: mean lat.: 1159.439ms, rate sampling interval: 3309ms

-----------------------------------------------------------------------
Test Results @ http://10.99.199.129/?loopCount=25&base=6&exp=6 
  Thread Stats   Avg      Stdev     99%   +/- Stdev
    Latency     6.24s     2.94s   11.94s    57.04%
    Req/Sec    11.71      1.53    15.00     91.57%
  Latency Distribution (HdrHistogram - Recorded Latency)
 50.000%    6.28s 
 75.000%    8.69s 
 90.000%   10.26s 
 99.000%   11.94s 
 99.900%   12.64s 
 99.990%   12.79s 
 99.999%   12.79s 
100.000%   12.79s 

  Detailed Percentile spectrum:
       Value   Percentile   TotalCount 1/(1-Percentile)

    1089.535     0.000000            1         1.00
    2420.735     0.100000          304         1.11
    3082.239     0.200000          608         1.25
    3969.023     0.300000          912         1.43
    5218.303     0.400000         1216         1.67
    6275.071     0.500000         1519         2.00
    6627.327     0.550000         1671         2.22
    7135.231     0.600000         1823         2.50
    7458.815     0.650000         1979         2.86
    7987.199     0.700000         2127         3.33
    8691.711     0.750000         2279         4.00
    8945.663     0.775000         2355         4.44
    9256.959     0.800000         2431         5.00
    9494.527     0.825000         2510         5.71
    9789.439     0.850000         2584         6.67
   10043.391     0.875000         2666         8.00
   10125.311     0.887500         2697         8.89
   10256.383     0.900000         2735        10.00
   10526.719     0.912500         2774        11.43
   10665.983     0.925000         2811        13.33
   10993.663     0.937500         2849        16.00
   11108.351     0.943750         2868        17.78
   11214.847     0.950000         2887        20.00
   11362.303     0.956250         2907        22.86
   11436.031     0.962500         2926        26.67
   11558.911     0.968750         2945        32.00
   11624.447     0.971875         2954        35.56
   11657.215     0.975000         2963        40.00
   11714.559     0.978125         2973        45.71
   11763.711     0.981250         2983        53.33
   11804.671     0.984375         2992        64.00
   11829.247     0.985938         2997        71.11
   11862.015     0.987500         3001        80.00
   11911.167     0.989062         3005        91.43
   11960.319     0.990625         3011       106.67
   12025.855     0.992188         3015       128.00
   12197.887     0.992969         3017       142.22
   12337.151     0.993750         3020       160.00
   12361.727     0.994531         3022       182.86
   12402.687     0.995313         3024       213.33
   12435.455     0.996094         3027       256.00
   12541.951     0.996484         3028       284.44
   12550.143     0.996875         3029       320.00
   12574.719     0.997266         3030       365.71
   12591.103     0.997656         3031       426.67
   12607.487     0.998047         3033       512.00
   12607.487     0.998242         3033       568.89
   12632.063     0.998437         3034       640.00
   12632.063     0.998633         3034       731.43
   12640.255     0.998828         3035       853.33
   12664.831     0.999023         3036      1024.00
   12664.831     0.999121         3036      1137.78
   12664.831     0.999219         3036      1280.00
   12664.831     0.999316         3036      1462.86
   12689.407     0.999414         3037      1706.67
   12689.407     0.999512         3037      2048.00
   12689.407     0.999561         3037      2275.56
   12689.407     0.999609         3037      2560.00
   12689.407     0.999658         3037      2925.71
   12787.711     0.999707         3038      3413.33
   12787.711     1.000000         3038          inf
#[Mean    =     6238.882, StdDeviation   =     2944.723]
#[Max     =    12779.520, Total count    =         3038]
#[Buckets =           27, SubBuckets     =         2048]
-----------------------------------------------------------------------
  3657 requests in 1.00m, 1.09MB read
Requests/sec:     60.94  
Transfer/sec:     18.59KB
