Running 1m test @ http://10.103.77.142/?loopCount=25&base=6&exp=6
  5 threads and 5 connections

  Thread calibration: mean lat.: 2201.029ms, rate sampling interval: 8191ms
  Thread calibration: mean lat.: 1908.731ms, rate sampling interval: 6529ms
  Thread calibration: mean lat.: 1806.642ms, rate sampling interval: 6459ms
  Thread calibration: mean lat.: 1604.842ms, rate sampling interval: 6135ms
  Thread calibration: mean lat.: 2067.661ms, rate sampling interval: 6930ms

-----------------------------------------------------------------------
Test Results @ http://10.103.77.142/?loopCount=25&base=6&exp=6 
  Thread Stats   Avg      Stdev     99%   +/- Stdev
    Latency    13.54s     5.79s   25.36s    58.10%
    Req/Sec     8.63      0.72    10.00    100.00%
  Latency Distribution (HdrHistogram - Recorded Latency)
 50.000%   13.34s 
 75.000%   18.37s 
 90.000%   21.40s 
 99.000%   25.36s 
 99.900%   26.31s 
 99.990%   26.59s 
 99.999%   26.59s 
100.000%   26.59s 

  Detailed Percentile spectrum:
       Value   Percentile   TotalCount 1/(1-Percentile)

    3637.247     0.000000            1         1.00
    5685.247     0.100000          229         1.11
    7626.751     0.200000          456         1.25
    9617.407     0.300000          684         1.43
   11403.263     0.400000          911         1.67
   13336.575     0.500000         1139         2.00
   14319.615     0.550000         1254         2.22
   15409.151     0.600000         1370         2.50
   16482.303     0.650000         1481         2.86
   17399.807     0.700000         1594         3.33
   18366.463     0.750000         1710         4.00
   18972.671     0.775000         1765         4.44
   19513.343     0.800000         1822         5.00
   19972.095     0.825000         1879         5.71
   20496.383     0.850000         1939         6.67
   20922.367     0.875000         1997         8.00
   21118.975     0.887500         2022         8.89
   21413.887     0.900000         2052        10.00
   21692.415     0.912500         2078        11.43
   21970.943     0.925000         2107        13.33
   22167.551     0.937500         2138        16.00
   22265.855     0.943750         2150        17.78
   22380.543     0.950000         2164        20.00
   22577.151     0.956250         2179        22.86
   22822.911     0.962500         2192        26.67
   23150.591     0.968750         2206        32.00
   23494.655     0.971875         2214        35.56
   23789.567     0.975000         2221        40.00
   24133.631     0.978125         2228        45.71
   24477.695     0.981250         2235        53.33
   24772.607     0.984375         2242        64.00
   25001.983     0.985938         2245        71.11
   25149.439     0.987500         2249        80.00
   25280.511     0.989062         2253        91.43
   25575.423     0.990625         2256       106.67
   25657.343     0.992188         2260       128.00
   25739.263     0.992969         2261       142.22
   25804.799     0.993750         2263       160.00
   25853.951     0.994531         2265       182.86
   25919.487     0.995313         2267       213.33
   25985.023     0.996094         2269       256.00
   25985.023     0.996484         2269       284.44
   26099.711     0.996875         2270       320.00
   26132.479     0.997266         2271       365.71
   26148.863     0.997656         2272       426.67
   26198.015     0.998047         2274       512.00
   26198.015     0.998242         2274       568.89
   26198.015     0.998437         2274       640.00
   26198.015     0.998633         2274       731.43
   26312.703     0.998828         2275       853.33
   26312.703     0.999023         2275      1024.00
   26312.703     0.999121         2275      1137.78
   26427.391     0.999219         2276      1280.00
   26427.391     0.999316         2276      1462.86
   26427.391     0.999414         2276      1706.67
   26427.391     0.999512         2276      2048.00
   26427.391     0.999561         2276      2275.56
   26591.231     0.999609         2277      2560.00
   26591.231     1.000000         2277          inf
#[Mean    =    13537.106, StdDeviation   =     5792.273]
#[Max     =    26574.848, Total count    =         2277]
#[Buckets =           27, SubBuckets     =         2048]
-----------------------------------------------------------------------
  2736 requests in 1.00m, 834.95KB read
Requests/sec:     45.60  
Transfer/sec:     13.91KB
