Running 1m test @ http://10.102.207.185/?loopCount=25&base=6&exp=6
  5 threads and 5 connections

  Thread calibration: mean lat.: 1728.796ms, rate sampling interval: 6672ms
  Thread calibration: mean lat.: 1786.887ms, rate sampling interval: 6516ms
  Thread calibration: mean lat.: 1650.044ms, rate sampling interval: 6574ms
  Thread calibration: mean lat.: 2112.677ms, rate sampling interval: 6721ms
  Thread calibration: mean lat.: 1701.621ms, rate sampling interval: 6303ms

-----------------------------------------------------------------------
Test Results @ http://10.102.207.185/?loopCount=25&base=6&exp=6 
  Thread Stats   Avg      Stdev     99%   +/- Stdev
    Latency    13.21s     5.52s   22.97s    58.58%
    Req/Sec     8.83      0.51    10.00    100.00%
  Latency Distribution (HdrHistogram - Recorded Latency)
 50.000%   13.01s 
 75.000%   17.91s 
 90.000%   20.96s 
 99.000%   22.97s 
 99.900%   23.31s 
 99.990%   23.38s 
 99.999%   23.38s 
100.000%   23.38s 

  Detailed Percentile spectrum:
       Value   Percentile   TotalCount 1/(1-Percentile)

    3495.935     0.000000            1         1.00
    5709.823     0.100000          231         1.11
    7544.831     0.200000          461         1.25
    9437.183     0.300000          691         1.43
   11255.807     0.400000          923         1.67
   13008.895     0.500000         1152         2.00
   14041.087     0.550000         1267         2.22
   14983.167     0.600000         1382         2.50
   16048.127     0.650000         1497         2.86
   16875.519     0.700000         1612         3.33
   17907.711     0.750000         1728         4.00
   18366.463     0.775000         1786         4.44
   19005.439     0.800000         1842         5.00
   19496.959     0.825000         1901         5.71
   20004.863     0.850000         1956         6.67
   20578.303     0.875000         2014         8.00
   20840.447     0.887500         2049         8.89
   20955.135     0.900000         2073        10.00
   21184.511     0.912500         2101        11.43
   21446.655     0.925000         2130        13.33
   21757.951     0.937500         2158        16.00
   21905.407     0.943750         2172        17.78
   21987.327     0.950000         2187        20.00
   22085.631     0.956250         2201        22.86
   22233.087     0.962500         2215        26.67
   22413.311     0.968750         2231        32.00
   22495.231     0.971875         2241        35.56
   22527.999     0.975000         2246        40.00
   22609.919     0.978125         2251        45.71
   22675.455     0.981250         2258        53.33
   22790.143     0.984375         2267        64.00
   22822.911     0.985938         2269        71.11
   22872.063     0.987500         2273        80.00
   22953.983     0.989062         2276        91.43
   23003.135     0.990625         2281       106.67
   23068.671     0.992188         2285       128.00
   23068.671     0.992969         2285       142.22
   23101.439     0.993750         2289       160.00
   23101.439     0.994531         2289       182.86
   23199.743     0.995313         2291       213.33
   23232.511     0.996094         2293       256.00
   23232.511     0.996484         2293       284.44
   23248.895     0.996875         2294       320.00
   23265.279     0.997266         2297       365.71
   23265.279     0.997656         2297       426.67
   23265.279     0.998047         2297       512.00
   23265.279     0.998242         2297       568.89
   23281.663     0.998437         2298       640.00
   23281.663     0.998633         2298       731.43
   23314.431     0.998828         2299       853.33
   23314.431     0.999023         2299      1024.00
   23314.431     0.999121         2299      1137.78
   23330.815     0.999219         2300      1280.00
   23330.815     0.999316         2300      1462.86
   23330.815     0.999414         2300      1706.67
   23330.815     0.999512         2300      2048.00
   23330.815     0.999561         2300      2275.56
   23379.967     0.999609         2301      2560.00
   23379.967     1.000000         2301          inf
#[Mean    =    13212.372, StdDeviation   =     5518.899]
#[Max     =    23363.584, Total count    =         2301]
#[Buckets =           27, SubBuckets     =         2048]
-----------------------------------------------------------------------
  2773 requests in 1.00m, 846.30KB read
Requests/sec:     46.21  
Transfer/sec:     14.10KB
