Running 1m test @ http://10.102.62.147/?loopCount=25&base=6&exp=6
  5 threads and 5 connections

  Thread calibration: mean lat.: 544.711ms, rate sampling interval: 1888ms
  Thread calibration: mean lat.: 789.853ms, rate sampling interval: 2619ms
  Thread calibration: mean lat.: 638.885ms, rate sampling interval: 2326ms
  Thread calibration: mean lat.: 785.152ms, rate sampling interval: 3053ms
  Thread calibration: mean lat.: 942.174ms, rate sampling interval: 3563ms

-----------------------------------------------------------------------
Test Results @ http://10.102.62.147/?loopCount=25&base=6&exp=6 
  Thread Stats   Avg      Stdev     99%   +/- Stdev
    Latency     5.39s     2.33s    9.81s    61.12%
    Req/Sec    12.10      1.10    15.00     89.58%
  Latency Distribution (HdrHistogram - Recorded Latency)
 50.000%    5.45s 
 75.000%    7.33s 
 90.000%    8.44s 
 99.000%    9.81s 
 99.900%   10.10s 
 99.990%   10.17s 
 99.999%   10.17s 
100.000%   10.17s 

  Detailed Percentile spectrum:
       Value   Percentile   TotalCount 1/(1-Percentile)

    1142.783     0.000000            1         1.00
    2138.111     0.100000          317         1.11
    3094.527     0.200000          631         1.25
    3751.935     0.300000          946         1.43
    4702.207     0.400000         1264         1.67
    5451.775     0.500000         1578         2.00
    5947.391     0.550000         1735         2.22
    6270.975     0.600000         1893         2.50
    6639.615     0.650000         2051         2.86
    6979.583     0.700000         2209         3.33
    7327.743     0.750000         2366         4.00
    7475.199     0.775000         2445         4.44
    7647.231     0.800000         2523         5.00
    7905.279     0.825000         2605         5.71
    8151.039     0.850000         2681         6.67
    8298.495     0.875000         2760         8.00
    8364.031     0.887500         2799         8.89
    8437.759     0.900000         2843        10.00
    8577.023     0.912500         2879        11.43
    8691.711     0.925000         2918        13.33
    8871.935     0.937500         2957        16.00
    8953.855     0.943750         2977        17.78
    9011.199     0.950000         2996        20.00
    9093.119     0.956250         3017        22.86
    9183.231     0.962500         3037        26.67
    9240.575     0.968750         3055        32.00
    9273.343     0.971875         3065        35.56
    9314.303     0.975000         3075        40.00
    9412.607     0.978125         3085        45.71
    9445.375     0.981250         3094        53.33
    9617.407     0.984375         3104        64.00
    9707.519     0.985938         3109        71.11
    9756.671     0.987500         3115        80.00
    9789.439     0.989062         3119        91.43
    9838.591     0.990625         3124       106.67
    9879.551     0.992188         3129       128.00
    9904.127     0.992969         3131       142.22
    9953.279     0.993750         3134       160.00
    9969.663     0.994531         3136       182.86
   10010.623     0.995313         3139       213.33
   10027.007     0.996094         3142       256.00
   10027.007     0.996484         3142       284.44
   10035.199     0.996875         3145       320.00
   10035.199     0.997266         3145       365.71
   10043.391     0.997656         3146       426.67
   10067.967     0.998047         3147       512.00
   10092.543     0.998242         3148       568.89
   10100.735     0.998437         3150       640.00
   10100.735     0.998633         3150       731.43
   10100.735     0.998828         3150       853.33
   10100.735     0.999023         3150      1024.00
   10133.503     0.999121         3151      1137.78
   10133.503     0.999219         3151      1280.00
   10133.503     0.999316         3151      1462.86
   10166.271     0.999414         3153      1706.67
   10166.271     1.000000         3153          inf
#[Mean    =     5392.311, StdDeviation   =     2329.276]
#[Max     =    10158.080, Total count    =         3153]
#[Buckets =           27, SubBuckets     =         2048]
-----------------------------------------------------------------------
  3791 requests in 1.00m, 1.13MB read
Requests/sec:     63.18  
Transfer/sec:     19.26KB
