Running 1m test @ http://10.99.199.129/?loopCount=25&base=6&exp=6
  5 threads and 5 connections

  Thread calibration: mean lat.: 146.794ms, rate sampling interval: 496ms
  Thread calibration: mean lat.: 109.567ms, rate sampling interval: 391ms
  Thread calibration: mean lat.: 134.466ms, rate sampling interval: 491ms
  Thread calibration: mean lat.: 116.394ms, rate sampling interval: 478ms
  Thread calibration: mean lat.: 149.680ms, rate sampling interval: 496ms

-----------------------------------------------------------------------
Test Results @ http://10.99.199.129/?loopCount=25&base=6&exp=6 
  Thread Stats   Avg      Stdev     99%   +/- Stdev
    Latency   148.54ms  145.75ms 845.82ms   90.48%
    Req/Sec     9.75      2.47    16.00     82.52%
  Latency Distribution (HdrHistogram - Recorded Latency)
 50.000%  119.93ms
 75.000%  178.05ms
 90.000%  288.51ms
 99.000%  845.82ms
 99.900%    1.15s 
 99.990%    1.24s 
 99.999%    1.24s 
100.000%    1.24s 

  Detailed Percentile spectrum:
       Value   Percentile   TotalCount 1/(1-Percentile)

      21.231     0.000000            1         1.00
      40.831     0.100000          259         1.11
      41.759     0.200000          500         1.25
      57.375     0.300000          750         1.43
      85.887     0.400000         1001         1.67
     119.935     0.500000         1250         2.00
     140.671     0.550000         1376         2.22
     145.663     0.600000         1504         2.50
     148.223     0.650000         1626         2.86
     155.135     0.700000         1750         3.33
     178.303     0.750000         1878         4.00
     188.031     0.775000         1937         4.44
     225.791     0.800000         2000         5.00
     242.815     0.825000         2062         5.71
     248.831     0.850000         2126         6.67
     259.583     0.875000         2187         8.00
     272.383     0.887500         2218         8.89
     288.511     0.900000         2250        10.00
     307.711     0.912500         2282        11.43
     342.527     0.925000         2312        13.33
     349.183     0.937500         2344        16.00
     355.327     0.943750         2361        17.78
     361.215     0.950000         2375        20.00
     388.351     0.956250         2390        22.86
     441.087     0.962500         2406        26.67
     456.703     0.968750         2421        32.00
     488.191     0.971875         2429        35.56
     545.791     0.975000         2437        40.00
     584.703     0.978125         2445        45.71
     641.023     0.981250         2453        53.33
     665.087     0.984375         2460        64.00
     690.687     0.985938         2464        71.11
     750.591     0.987500         2469        80.00
     779.775     0.989062         2472        91.43
     885.759     0.990625         2476       106.67
     946.687     0.992188         2480       128.00
     955.903     0.992969         2482       142.22
     965.631     0.993750         2484       160.00
    1020.415     0.994531         2486       182.86
    1063.935     0.995313         2488       213.33
    1080.319     0.996094         2490       256.00
    1083.391     0.996484         2491       284.44
    1084.415     0.996875         2492       320.00
    1133.567     0.997266         2493       365.71
    1139.711     0.997656         2494       426.67
    1142.783     0.998047         2495       512.00
    1142.783     0.998242         2495       568.89
    1144.831     0.998437         2496       640.00
    1144.831     0.998633         2496       731.43
    1149.951     0.998828         2497       853.33
    1149.951     0.999023         2497      1024.00
    1149.951     0.999121         2497      1137.78
    1179.647     0.999219         2498      1280.00
    1179.647     0.999316         2498      1462.86
    1179.647     0.999414         2498      1706.67
    1179.647     0.999512         2498      2048.00
    1179.647     0.999561         2498      2275.56
    1238.015     0.999609         2499      2560.00
    1238.015     1.000000         2499          inf
#[Mean    =      148.536, StdDeviation   =      145.748]
#[Max     =     1236.992, Total count    =         2499]
#[Buckets =           27, SubBuckets     =         2048]
-----------------------------------------------------------------------
  2993 requests in 1.00m, 0.89MB read
Requests/sec:     49.88  
Transfer/sec:     15.21KB
