Running 1m test @ http://10.108.10.66/?loopCount=25&base=6&exp=6
  5 threads and 5 connections

  Thread calibration: mean lat.: 532.378ms, rate sampling interval: 1722ms
  Thread calibration: mean lat.: 385.004ms, rate sampling interval: 1093ms
  Thread calibration: mean lat.: 890.722ms, rate sampling interval: 2670ms
  Thread calibration: mean lat.: 444.632ms, rate sampling interval: 1845ms
  Thread calibration: mean lat.: 402.889ms, rate sampling interval: 1035ms

-----------------------------------------------------------------------
Test Results @ http://10.108.10.66/?loopCount=25&base=6&exp=6 
  Thread Stats   Avg      Stdev     99%   +/- Stdev
    Latency     2.87s     1.61s    6.43s    64.57%
    Req/Sec     8.69      1.42    12.00     92.81%
  Latency Distribution (HdrHistogram - Recorded Latency)
 50.000%    2.71s 
 75.000%    4.12s 
 90.000%    5.12s 
 99.000%    6.43s 
 99.900%    6.55s 
 99.990%    6.60s 
 99.999%    6.60s 
100.000%    6.60s 

  Detailed Percentile spectrum:
       Value   Percentile   TotalCount 1/(1-Percentile)

      24.671     0.000000            1         1.00
     855.551     0.100000          231         1.11
    1442.815     0.200000          461         1.25
    1701.887     0.300000          691         1.43
    2044.927     0.400000          924         1.67
    2707.455     0.500000         1153         2.00
    2953.215     0.550000         1267         2.22
    3401.727     0.600000         1382         2.50
    3602.431     0.650000         1497         2.86
    3753.983     0.700000         1617         3.33
    4122.623     0.750000         1730         4.00
    4235.263     0.775000         1787         4.44
    4378.623     0.800000         1843         5.00
    4526.079     0.825000         1900         5.71
    4759.551     0.850000         1958         6.67
    4960.255     0.875000         2017         8.00
    5046.271     0.887500         2045         8.89
    5124.095     0.900000         2075        10.00
    5238.783     0.912500         2102        11.43
    5357.567     0.925000         2132        13.33
    5611.519     0.937500         2160        16.00
    5758.975     0.943750         2174        17.78
    5853.183     0.950000         2189        20.00
    5914.623     0.956250         2203        22.86
    5947.391     0.962500         2217        26.67
    6000.639     0.968750         2232        32.00
    6033.407     0.971875         2239        35.56
    6053.887     0.975000         2246        40.00
    6119.423     0.978125         2253        45.71
    6160.383     0.981250         2260        53.33
    6348.799     0.984375         2268        64.00
    6406.143     0.985938         2274        71.11
    6418.431     0.987500         2276        80.00
    6426.623     0.989062         2280        91.43
    6434.815     0.990625         2282       106.67
    6451.199     0.992188         2286       128.00
    6459.391     0.992969         2290       142.22
    6459.391     0.993750         2290       160.00
    6500.351     0.994531         2293       182.86
    6500.351     0.995313         2293       213.33
    6516.735     0.996094         2295       256.00
    6516.735     0.996484         2295       284.44
    6524.927     0.996875         2296       320.00
    6533.119     0.997266         2297       365.71
    6541.311     0.997656         2298       426.67
    6545.407     0.998047         2299       512.00
    6545.407     0.998242         2299       568.89
    6553.599     0.998437         2301       640.00
    6553.599     0.998633         2301       731.43
    6553.599     0.998828         2301       853.33
    6553.599     0.999023         2301      1024.00
    6553.599     0.999121         2301      1137.78
    6557.695     0.999219         2302      1280.00
    6557.695     0.999316         2302      1462.86
    6557.695     0.999414         2302      1706.67
    6557.695     0.999512         2302      2048.00
    6557.695     0.999561         2302      2275.56
    6598.655     0.999609         2303      2560.00
    6598.655     1.000000         2303          inf
#[Mean    =     2869.863, StdDeviation   =     1610.238]
#[Max     =     6594.560, Total count    =         2303]
#[Buckets =           27, SubBuckets     =         2048]
-----------------------------------------------------------------------
  2756 requests in 1.00m, 841.04KB read
Requests/sec:     45.93  
Transfer/sec:     14.02KB
