Running 1m test @ http://10.106.106.124/?loopCount=25&base=6&exp=6
  1 threads and 1 connections

  Thread calibration: mean lat.: 584.892ms, rate sampling interval: 2158ms

-----------------------------------------------------------------------
Test Results @ http://10.106.106.124/?loopCount=25&base=6&exp=6 
  Thread Stats   Avg      Stdev     99%   +/- Stdev
    Latency     4.61s     1.93s    7.83s    58.71%
    Req/Sec    21.13      1.26    23.00     95.65%
  Latency Distribution (HdrHistogram - Recorded Latency)
 50.000%    4.66s 
 75.000%    6.05s 
 90.000%    7.49s 
 99.000%    7.83s 
 99.900%    7.86s 
 99.990%    7.88s 
 99.999%    7.88s 
100.000%    7.88s 

  Detailed Percentile spectrum:
       Value   Percentile   TotalCount 1/(1-Percentile)

    1313.791     0.000000            1         1.00
    1830.911     0.100000          109         1.11
    2570.239     0.200000          217         1.25
    3244.031     0.300000          326         1.43
    4179.967     0.400000          435         1.67
    4657.151     0.500000          543         2.00
    4878.335     0.550000          597         2.22
    5173.247     0.600000          651         2.50
    5394.431     0.650000          706         2.86
    5775.359     0.700000          761         3.33
    6049.791     0.750000          814         4.00
    6295.551     0.775000          842         4.44
    6471.679     0.800000          868         5.00
    6909.951     0.825000          896         5.71
    7073.791     0.850000          923         6.67
    7254.015     0.875000          951         8.00
    7450.623     0.887500          964         8.89
    7491.583     0.900000          977        10.00
    7507.967     0.912500          998        11.43
    7557.119     0.925000         1004        13.33
    7667.711     0.937500         1018        16.00
    7712.767     0.943750         1029        17.78
    7716.863     0.950000         1033        20.00
    7720.959     0.956250         1039        22.86
    7725.055     0.962500         1047        26.67
    7786.495     0.968750         1053        32.00
    7790.591     0.971875         1056        35.56
    7798.783     0.975000         1058        40.00
    7806.975     0.978125         1063        45.71
    7811.071     0.981250         1065        53.33
    7823.359     0.984375         1070        64.00
    7823.359     0.985938         1070        71.11
    7827.455     0.987500         1077        80.00
    7827.455     0.989062         1077        91.43
    7827.455     0.990625         1077       106.67
    7827.455     0.992188         1077       128.00
    7831.551     0.992969         1082       142.22
    7831.551     0.993750         1082       160.00
    7831.551     0.994531         1082       182.86
    7831.551     0.995313         1082       213.33
    7831.551     0.996094         1082       256.00
    7831.551     0.996484         1082       284.44
    7831.551     0.996875         1082       320.00
    7856.127     0.997266         1084       365.71
    7856.127     0.997656         1084       426.67
    7856.127     0.998047         1084       512.00
    7856.127     0.998242         1084       568.89
    7856.127     0.998437         1084       640.00
    7856.127     0.998633         1084       731.43
    7856.127     0.998828         1084       853.33
    7856.127     0.999023         1084      1024.00
    7884.799     0.999121         1085      1137.78
    7884.799     1.000000         1085          inf
#[Mean    =     4614.110, StdDeviation   =     1932.484]
#[Max     =     7880.704, Total count    =         1085]
#[Buckets =           27, SubBuckets     =         2048]
-----------------------------------------------------------------------
  1302 requests in 1.00m, 396.71KB read
Requests/sec:     21.70  
Transfer/sec:      6.61KB
