Running 1m test @ http://10.103.77.142/?loopCount=25&base=6&exp=6
  5 threads and 5 connections

  Thread calibration: mean lat.: 334.917ms, rate sampling interval: 1300ms
  Thread calibration: mean lat.: 289.356ms, rate sampling interval: 1088ms
  Thread calibration: mean lat.: 474.993ms, rate sampling interval: 1346ms
  Thread calibration: mean lat.: 434.649ms, rate sampling interval: 1932ms
  Thread calibration: mean lat.: 678.614ms, rate sampling interval: 2097ms

-----------------------------------------------------------------------
Test Results @ http://10.103.77.142/?loopCount=25&base=6&exp=6 
  Thread Stats   Avg      Stdev     99%   +/- Stdev
    Latency     3.19s     1.40s    5.83s    65.22%
    Req/Sec     8.73      1.31    12.00     94.05%
  Latency Distribution (HdrHistogram - Recorded Latency)
 50.000%    3.21s 
 75.000%    4.43s 
 90.000%    4.96s 
 99.000%    5.83s 
 99.900%    5.95s 
 99.990%    6.05s 
 99.999%    6.05s 
100.000%    6.05s 

  Detailed Percentile spectrum:
       Value   Percentile   TotalCount 1/(1-Percentile)

     357.119     0.000000            1         1.00
    1045.503     0.100000          229         1.11
    1928.191     0.200000          458         1.25
    2398.207     0.300000          686         1.43
    2906.111     0.400000          915         1.67
    3205.119     0.500000         1144         2.00
    3342.335     0.550000         1260         2.22
    3600.383     0.600000         1372         2.50
    3938.303     0.650000         1486         2.86
    4218.879     0.700000         1601         3.33
    4427.775     0.750000         1720         4.00
    4460.543     0.775000         1773         4.44
    4530.175     0.800000         1829         5.00
    4562.943     0.825000         1889         5.71
    4644.863     0.850000         1944         6.67
    4751.359     0.875000         2006         8.00
    4845.567     0.887500         2030         8.89
    4968.447     0.900000         2058        10.00
    5038.079     0.912500         2086        11.43
    5144.575     0.925000         2115        13.33
    5242.879     0.937500         2144        16.00
    5300.223     0.943750         2159        17.78
    5345.279     0.950000         2173        20.00
    5455.871     0.956250         2186        22.86
    5550.079     0.962500         2202        26.67
    5615.615     0.968750         2215        32.00
    5640.191     0.971875         2222        35.56
    5652.479     0.975000         2229        40.00
    5705.727     0.978125         2236        45.71
    5754.879     0.981250         2244        53.33
    5799.935     0.984375         2251        64.00
    5804.031     0.985938         2254        71.11
    5820.415     0.987500         2259        80.00
    5828.607     0.989062         2261        91.43
    5840.895     0.990625         2267       106.67
    5844.991     0.992188         2270       128.00
    5844.991     0.992969         2270       142.22
    5849.087     0.993750         2272       160.00
    5853.183     0.994531         2275       182.86
    5857.279     0.995313         2279       213.33
    5857.279     0.996094         2279       256.00
    5857.279     0.996484         2279       284.44
    5857.279     0.996875         2279       320.00
    5881.855     0.997266         2280       365.71
    5914.623     0.997656         2282       426.67
    5914.623     0.998047         2282       512.00
    5914.623     0.998242         2282       568.89
    5943.295     0.998437         2283       640.00
    5943.295     0.998633         2283       731.43
    5947.391     0.998828         2285       853.33
    5947.391     0.999023         2285      1024.00
    5947.391     0.999121         2285      1137.78
    5947.391     0.999219         2285      1280.00
    5947.391     0.999316         2285      1462.86
    5947.391     0.999414         2285      1706.67
    5947.391     0.999512         2285      2048.00
    5947.391     0.999561         2285      2275.56
    6045.695     0.999609         2286      2560.00
    6045.695     1.000000         2286          inf
#[Mean    =     3190.350, StdDeviation   =     1396.022]
#[Max     =     6041.600, Total count    =         2286]
#[Buckets =           27, SubBuckets     =         2048]
-----------------------------------------------------------------------
  2740 requests in 1.00m, 836.17KB read
Requests/sec:     45.66  
Transfer/sec:     13.93KB
