Running 1m test @ http://10.111.175.232/?loopCount=25&base=6&exp=6
  5 threads and 5 connections

  Thread calibration: mean lat.: 432.823ms, rate sampling interval: 1587ms
  Thread calibration: mean lat.: 775.352ms, rate sampling interval: 3411ms
  Thread calibration: mean lat.: 814.246ms, rate sampling interval: 3631ms
  Thread calibration: mean lat.: 645.513ms, rate sampling interval: 2562ms
  Thread calibration: mean lat.: 500.862ms, rate sampling interval: 2061ms

-----------------------------------------------------------------------
Test Results @ http://10.111.175.232/?loopCount=25&base=6&exp=6 
  Thread Stats   Avg      Stdev     99%   +/- Stdev
    Latency     5.86s     2.62s   12.85s    66.22%
    Req/Sec    12.14      1.38    15.00     94.06%
  Latency Distribution (HdrHistogram - Recorded Latency)
 50.000%    5.79s 
 75.000%    7.66s 
 90.000%    9.01s 
 99.000%   12.85s 
 99.900%   13.55s 
 99.990%   13.58s 
 99.999%   13.58s 
100.000%   13.58s 

  Detailed Percentile spectrum:
       Value   Percentile   TotalCount 1/(1-Percentile)

     922.111     0.000000            1         1.00
    2375.679     0.100000          313         1.11
    3354.623     0.200000          626         1.25
    4116.479     0.300000          939         1.43
    4988.927     0.400000         1253         1.67
    5791.743     0.500000         1565         2.00
    6197.247     0.550000         1721         2.22
    6594.559     0.600000         1878         2.50
    6950.911     0.650000         2035         2.86
    7417.855     0.700000         2193         3.33
    7659.519     0.750000         2347         4.00
    7856.127     0.775000         2426         4.44
    7991.295     0.800000         2505         5.00
    8282.111     0.825000         2584         5.71
    8527.871     0.850000         2660         6.67
    8740.863     0.875000         2738         8.00
    8847.359     0.887500         2778         8.89
    9011.199     0.900000         2817        10.00
    9142.271     0.912500         2856        11.43
    9412.607     0.925000         2895        13.33
    9592.831     0.937500         2934        16.00
   10076.159     0.943750         2953        17.78
   10412.031     0.950000         2973        20.00
   10862.591     0.956250         2993        22.86
   11091.967     0.962500         3012        26.67
   11354.111     0.968750         3032        32.00
   11476.991     0.971875         3041        35.56
   11747.327     0.975000         3052        40.00
   12001.279     0.978125         3061        45.71
   12337.151     0.981250         3071        53.33
   12558.335     0.984375         3081        64.00
   12738.559     0.985938         3085        71.11
   12779.519     0.987500         3091        80.00
   12828.671     0.989062         3095        91.43
   12861.439     0.990625         3100       106.67
   13025.279     0.992188         3105       128.00
   13115.391     0.992969         3107       142.22
   13164.543     0.993750         3110       160.00
   13230.079     0.994531         3112       182.86
   13254.655     0.995313         3115       213.33
   13262.847     0.996094         3117       256.00
   13271.039     0.996484         3118       284.44
   13279.231     0.996875         3120       320.00
   13303.807     0.997266         3121       365.71
   13336.575     0.997656         3122       426.67
   13451.263     0.998047         3123       512.00
   13500.415     0.998242         3124       568.89
   13541.375     0.998437         3125       640.00
   13541.375     0.998633         3125       731.43
   13549.567     0.998828         3127       853.33
   13549.567     0.999023         3127      1024.00
   13549.567     0.999121         3127      1137.78
   13549.567     0.999219         3127      1280.00
   13549.567     0.999316         3127      1462.86
   13574.143     0.999414         3128      1706.67
   13574.143     0.999512         3128      2048.00
   13574.143     0.999561         3128      2275.56
   13574.143     0.999609         3128      2560.00
   13574.143     0.999658         3128      2925.71
   13582.335     0.999707         3129      3413.33
   13582.335     1.000000         3129          inf
#[Mean    =     5855.484, StdDeviation   =     2618.240]
#[Max     =    13574.144, Total count    =         3129]
#[Buckets =           27, SubBuckets     =         2048]
-----------------------------------------------------------------------
  3764 requests in 1.00m, 1.12MB read
Requests/sec:     62.73  
Transfer/sec:     19.12KB
