Running 1m test @ http://10.102.62.147/?loopCount=25&base=6&exp=6
  1 threads and 1 connections

  Thread calibration: mean lat.: 1546.300ms, rate sampling interval: 5644ms

-----------------------------------------------------------------------
Test Results @ http://10.102.62.147/?loopCount=25&base=6&exp=6 
  Thread Stats   Avg      Stdev     99%   +/- Stdev
    Latency    11.89s     4.85s   19.73s    57.37%
    Req/Sec    16.00      0.71    17.00    100.00%
  Latency Distribution (HdrHistogram - Recorded Latency)
 50.000%   11.79s 
 75.000%   16.38s 
 90.000%   18.43s 
 99.000%   19.73s 
 99.900%   19.94s 
 99.990%   20.00s 
 99.999%   20.00s 
100.000%   20.00s 

  Detailed Percentile spectrum:
       Value   Percentile   TotalCount 1/(1-Percentile)

    3201.023     0.000000            1         1.00
    5017.599     0.100000           83         1.11
    6934.527     0.200000          166         1.25
    8749.055     0.300000          250         1.43
   10248.191     0.400000          332         1.67
   11788.287     0.500000          414         2.00
   12607.487     0.550000          456         2.22
   13631.487     0.600000          498         2.50
   14598.143     0.650000          539         2.86
   15417.343     0.700000          581         3.33
   16383.999     0.750000          621         4.00
   16687.103     0.775000          642         4.44
   17137.663     0.800000          663         5.00
   17547.263     0.825000          686         5.71
   17743.871     0.850000          705         6.67
   18120.703     0.875000          726         8.00
   18333.695     0.887500          736         8.89
   18431.999     0.900000          746        10.00
   18694.143     0.912500          756        11.43
   18890.751     0.925000          766        13.33
   19054.591     0.937500          780        16.00
   19087.359     0.943750          782        17.78
   19152.895     0.950000          792        20.00
   19152.895     0.956250          792        22.86
   19185.663     0.962500          797        26.67
   19333.119     0.968750          803        32.00
   19365.887     0.971875          805        35.56
   19447.807     0.975000          808        40.00
   19529.727     0.978125          810        45.71
   19595.263     0.981250          814        53.33
   19660.799     0.984375          816        64.00
   19677.183     0.985938          817        71.11
   19693.567     0.987500          819        80.00
   19693.567     0.989062          819        91.43
   19791.871     0.990625          822       106.67
   19791.871     0.992188          822       128.00
   19824.639     0.992969          823       142.22
   19824.639     0.993750          823       160.00
   19857.407     0.994531          825       182.86
   19857.407     0.995313          825       213.33
   19857.407     0.996094          825       256.00
   19906.559     0.996484          826       284.44
   19906.559     0.996875          826       320.00
   19906.559     0.997266          826       365.71
   19939.327     0.997656          827       426.67
   19939.327     0.998047          827       512.00
   19939.327     0.998242          827       568.89
   19939.327     0.998437          827       640.00
   19939.327     0.998633          827       731.43
   20004.863     0.998828          828       853.33
   20004.863     1.000000          828          inf
#[Mean    =    11893.289, StdDeviation   =     4853.985]
#[Max     =    19988.480, Total count    =          828]
#[Buckets =           27, SubBuckets     =         2048]
-----------------------------------------------------------------------
  999 requests in 1.00m, 304.39KB read
Requests/sec:     16.65  
Transfer/sec:      5.07KB
