Running 1m test @ http://10.103.77.142/?loopCount=25&base=6&exp=6
  5 threads and 5 connections

  Thread calibration: mean lat.: 476.190ms, rate sampling interval: 1576ms
  Thread calibration: mean lat.: 362.152ms, rate sampling interval: 1105ms
  Thread calibration: mean lat.: 653.587ms, rate sampling interval: 2131ms
  Thread calibration: mean lat.: 870.708ms, rate sampling interval: 2895ms
  Thread calibration: mean lat.: 486.569ms, rate sampling interval: 1407ms

-----------------------------------------------------------------------
Test Results @ http://10.103.77.142/?loopCount=25&base=6&exp=6 
  Thread Stats   Avg      Stdev     99%   +/- Stdev
    Latency     2.55s     1.16s    4.89s    63.07%
    Req/Sec     8.77      1.06    11.00     93.38%
  Latency Distribution (HdrHistogram - Recorded Latency)
 50.000%    2.48s 
 75.000%    3.46s 
 90.000%    4.31s 
 99.000%    4.89s 
 99.900%    5.00s 
 99.990%    5.05s 
 99.999%    5.05s 
100.000%    5.05s 

  Detailed Percentile spectrum:
       Value   Percentile   TotalCount 1/(1-Percentile)

     376.575     0.000000            1         1.00
    1011.199     0.100000          234         1.11
    1486.847     0.200000          469         1.25
    1750.015     0.300000          702         1.43
    2154.495     0.400000          935         1.67
    2478.079     0.500000         1169         2.00
    2605.055     0.550000         1286         2.22
    2775.039     0.600000         1403         2.50
    2951.167     0.650000         1520         2.86
    3164.159     0.700000         1636         3.33
    3457.023     0.750000         1753         4.00
    3559.423     0.775000         1812         4.44
    3704.831     0.800000         1871         5.00
    3887.103     0.825000         1929         5.71
    3999.743     0.850000         1990         6.67
    4182.015     0.875000         2047         8.00
    4259.839     0.887500         2075         8.89
    4313.087     0.900000         2105        10.00
    4382.719     0.912500         2136        11.43
    4415.487     0.925000         2162        13.33
    4481.023     0.937500         2195        16.00
    4493.311     0.943750         2210        17.78
    4505.599     0.950000         2223        20.00
    4558.847     0.956250         2235        22.86
    4595.711     0.962500         2252        26.67
    4648.959     0.968750         2265        32.00
    4689.919     0.971875         2274        35.56
    4702.207     0.975000         2280        40.00
    4751.359     0.978125         2286        45.71
    4784.127     0.981250         2294        53.33
    4808.703     0.984375         2301        64.00
    4861.951     0.985938         2305        71.11
    4878.335     0.987500         2309        80.00
    4890.623     0.989062         2313        91.43
    4898.815     0.990625         2316       106.67
    4911.103     0.992188         2319       128.00
    4935.679     0.992969         2321       142.22
    4952.063     0.993750         2323       160.00
    4960.255     0.994531         2326       182.86
    4964.351     0.995313         2328       213.33
    4964.351     0.996094         2328       256.00
    4968.447     0.996484         2329       284.44
    4980.735     0.996875         2330       320.00
    4984.831     0.997266         2331       365.71
    4993.023     0.997656         2333       426.67
    4993.023     0.998047         2333       512.00
    4993.023     0.998242         2333       568.89
    4997.119     0.998437         2335       640.00
    4997.119     0.998633         2335       731.43
    4997.119     0.998828         2335       853.33
    4997.119     0.999023         2335      1024.00
    4997.119     0.999121         2335      1137.78
    5009.407     0.999219         2336      1280.00
    5009.407     0.999316         2336      1462.86
    5009.407     0.999414         2336      1706.67
    5009.407     0.999512         2336      2048.00
    5009.407     0.999561         2336      2275.56
    5050.367     0.999609         2337      2560.00
    5050.367     1.000000         2337          inf
#[Mean    =     2551.602, StdDeviation   =     1163.616]
#[Max     =     5046.272, Total count    =         2337]
#[Buckets =           27, SubBuckets     =         2048]
-----------------------------------------------------------------------
  2790 requests in 1.00m, 851.38KB read
Requests/sec:     46.50  
Transfer/sec:     14.19KB
