Running 1m test @ http://10.102.207.185/?loopCount=25&base=6&exp=6
  5 threads and 5 connections

  Thread calibration: mean lat.: 2062.503ms, rate sampling interval: 7049ms
  Thread calibration: mean lat.: 1748.331ms, rate sampling interval: 6316ms
  Thread calibration: mean lat.: 2005.480ms, rate sampling interval: 7233ms
  Thread calibration: mean lat.: 1741.418ms, rate sampling interval: 6316ms
  Thread calibration: mean lat.: 1825.811ms, rate sampling interval: 6963ms

-----------------------------------------------------------------------
Test Results @ http://10.102.207.185/?loopCount=25&base=6&exp=6 
  Thread Stats   Avg      Stdev     99%   +/- Stdev
    Latency    13.45s     5.63s   22.79s    56.80%
    Req/Sec     8.79      0.58    10.00    100.00%
  Latency Distribution (HdrHistogram - Recorded Latency)
 50.000%   13.52s 
 75.000%   18.40s 
 90.000%   21.22s 
 99.000%   22.79s 
 99.900%   23.41s 
 99.990%   23.49s 
 99.999%   23.49s 
100.000%   23.49s 

  Detailed Percentile spectrum:
       Value   Percentile   TotalCount 1/(1-Percentile)

    3536.895     0.000000            1         1.00
    5754.879     0.100000          233         1.11
    7577.599     0.200000          467         1.25
    9379.839     0.300000          698         1.43
   11395.071     0.400000          929         1.67
   13524.991     0.500000         1161         2.00
   14540.799     0.550000         1278         2.22
   15450.111     0.600000         1394         2.50
   16465.919     0.650000         1511         2.86
   17448.959     0.700000         1629         3.33
   18399.231     0.750000         1743         4.00
   18939.903     0.775000         1801         4.44
   19349.503     0.800000         1859         5.00
   19873.791     0.825000         1916         5.71
   20283.391     0.850000         1974         6.67
   20824.063     0.875000         2032         8.00
   21020.671     0.887500         2063         8.89
   21217.279     0.900000         2090        10.00
   21413.887     0.912500         2121        11.43
   21708.799     0.925000         2149        13.33
   21856.255     0.937500         2177        16.00
   22020.095     0.943750         2193        17.78
   22102.015     0.950000         2206        20.00
   22183.935     0.956250         2221        22.86
   22315.007     0.962500         2236        26.67
   22446.079     0.968750         2252        32.00
   22511.615     0.971875         2259        35.56
   22560.767     0.975000         2264        40.00
   22659.071     0.978125         2273        45.71
   22691.839     0.981250         2281        53.33
   22708.223     0.984375         2288        64.00
   22724.607     0.985938         2290        71.11
   22740.991     0.987500         2294        80.00
   22773.759     0.989062         2297        91.43
   22839.295     0.990625         2301       106.67
   22872.063     0.992188         2304       128.00
   22904.831     0.992969         2306       142.22
   22937.599     0.993750         2308       160.00
   22970.367     0.994531         2310       182.86
   23035.903     0.995313         2312       213.33
   23052.287     0.996094         2313       256.00
   23085.055     0.996484         2314       284.44
   23134.207     0.996875         2315       320.00
   23150.591     0.997266         2316       365.71
   23166.975     0.997656         2317       426.67
   23248.895     0.998047         2318       512.00
   23248.895     0.998242         2318       568.89
   23298.047     0.998437         2319       640.00
   23298.047     0.998633         2319       731.43
   23412.735     0.998828         2320       853.33
   23412.735     0.999023         2320      1024.00
   23412.735     0.999121         2320      1137.78
   23494.655     0.999219         2322      1280.00
   23494.655     1.000000         2322          inf
#[Mean    =    13446.436, StdDeviation   =     5630.282]
#[Max     =    23478.272, Total count    =         2322]
#[Buckets =           27, SubBuckets     =         2048]
-----------------------------------------------------------------------
  2781 requests in 1.00m, 848.67KB read
Requests/sec:     46.34  
Transfer/sec:     14.14KB
