Running 1m test @ http://10.106.127.105/?loopCount=25&base=6&exp=6
  5 threads and 5 connections

  Thread calibration: mean lat.: 981.641ms, rate sampling interval: 3588ms
  Thread calibration: mean lat.: 1285.340ms, rate sampling interval: 4333ms
  Thread calibration: mean lat.: 447.382ms, rate sampling interval: 2107ms
  Thread calibration: mean lat.: 704.423ms, rate sampling interval: 2127ms
  Thread calibration: mean lat.: 580.238ms, rate sampling interval: 1974ms

-----------------------------------------------------------------------
Test Results @ http://10.106.127.105/?loopCount=25&base=6&exp=6 
  Thread Stats   Avg      Stdev     99%   +/- Stdev
    Latency     4.87s     2.22s    9.70s    62.41%
    Req/Sec    12.33      1.59    15.00     86.32%
  Latency Distribution (HdrHistogram - Recorded Latency)
 50.000%    4.61s 
 75.000%    6.72s 
 90.000%    7.76s 
 99.000%    9.70s 
 99.900%    9.99s 
 99.990%   10.14s 
 99.999%   10.14s 
100.000%   10.14s 

  Detailed Percentile spectrum:
       Value   Percentile   TotalCount 1/(1-Percentile)

     968.191     0.000000            1         1.00
    2054.143     0.100000          322         1.11
    2732.031     0.200000          643         1.25
    3239.935     0.300000          963         1.43
    3848.191     0.400000         1284         1.67
    4612.095     0.500000         1604         2.00
    4939.775     0.550000         1765         2.22
    5328.895     0.600000         1924         2.50
    5816.319     0.650000         2084         2.86
    6459.391     0.700000         2245         3.33
    6721.535     0.750000         2407         4.00
    6860.799     0.775000         2485         4.44
    7028.735     0.800000         2569         5.00
    7167.999     0.825000         2645         5.71
    7335.935     0.850000         2728         6.67
    7565.311     0.875000         2806         8.00
    7663.615     0.887500         2846         8.89
    7761.919     0.900000         2887        10.00
    7872.511     0.912500         2926        11.43
    8171.519     0.925000         2966        13.33
    8716.287     0.937500         3006        16.00
    8888.319     0.943750         3027        17.78
    8986.623     0.950000         3047        20.00
    9052.159     0.956250         3066        22.86
    9166.847     0.962500         3087        26.67
    9281.535     0.968750         3106        32.00
    9338.879     0.971875         3116        35.56
    9396.223     0.975000         3127        40.00
    9445.375     0.978125         3140        45.71
    9478.143     0.981250         3146        53.33
    9625.599     0.984375         3157        64.00
    9650.175     0.985938         3161        71.11
    9674.751     0.987500         3167        80.00
    9699.327     0.989062         3174        91.43
    9707.519     0.990625         3176       106.67
    9732.095     0.992188         3182       128.00
    9748.479     0.992969         3186       142.22
    9748.479     0.993750         3186       160.00
    9773.055     0.994531         3189       182.86
    9781.247     0.995313         3191       213.33
    9814.015     0.996094         3196       256.00
    9814.015     0.996484         3196       284.44
    9814.015     0.996875         3196       320.00
    9846.783     0.997266         3198       365.71
    9871.359     0.997656         3199       426.67
    9895.935     0.998047         3200       512.00
    9920.511     0.998242         3201       568.89
    9920.511     0.998437         3201       640.00
    9945.087     0.998633         3202       731.43
    9986.047     0.998828         3203       853.33
    9986.047     0.999023         3203      1024.00
   10108.927     0.999121         3204      1137.78
   10108.927     0.999219         3204      1280.00
   10108.927     0.999316         3204      1462.86
   10117.119     0.999414         3205      1706.67
   10117.119     0.999512         3205      2048.00
   10117.119     0.999561         3205      2275.56
   10117.119     0.999609         3205      2560.00
   10117.119     0.999658         3205      2925.71
   10141.695     0.999707         3206      3413.33
   10141.695     1.000000         3206          inf
#[Mean    =     4866.083, StdDeviation   =     2215.377]
#[Max     =    10133.504, Total count    =         3206]
#[Buckets =           27, SubBuckets     =         2048]
-----------------------------------------------------------------------
  3839 requests in 1.00m, 1.14MB read
Requests/sec:     63.98  
Transfer/sec:     19.51KB
