Running 1m test @ http://10.106.127.105/?loopCount=25&base=6&exp=6
  5 threads and 5 connections

  Thread calibration: mean lat.: 155.308ms, rate sampling interval: 671ms
  Thread calibration: mean lat.: 215.194ms, rate sampling interval: 775ms
  Thread calibration: mean lat.: 365.095ms, rate sampling interval: 1716ms
  Thread calibration: mean lat.: 131.452ms, rate sampling interval: 564ms
  Thread calibration: mean lat.: 101.603ms, rate sampling interval: 364ms

-----------------------------------------------------------------------
Test Results @ http://10.106.127.105/?loopCount=25&base=6&exp=6 
  Thread Stats   Avg      Stdev     99%   +/- Stdev
    Latency   175.00ms  138.39ms 650.75ms   84.11%
    Req/Sec     9.43      2.53    16.00     82.65%
  Latency Distribution (HdrHistogram - Recorded Latency)
 50.000%  149.25ms
 75.000%  248.70ms
 90.000%  355.33ms
 99.000%  650.75ms
 99.900%  866.30ms
 99.990%  947.20ms
 99.999%  947.20ms
100.000%  947.20ms

  Detailed Percentile spectrum:
       Value   Percentile   TotalCount 1/(1-Percentile)

      24.191     0.000000            1         1.00
      40.703     0.100000          252         1.11
      41.695     0.200000          501         1.25
      81.279     0.300000          750         1.43
     106.495     0.400000         1000         1.67
     149.247     0.500000         1250         2.00
     153.471     0.550000         1375         2.22
     161.663     0.600000         1499         2.50
     185.983     0.650000         1624         2.86
     224.255     0.700000         1749         3.33
     248.703     0.750000         1874         4.00
     254.335     0.775000         1936         4.44
     261.503     0.800000         2000         5.00
     287.231     0.825000         2065         5.71
     306.687     0.850000         2124         6.67
     346.623     0.875000         2190         8.00
     350.975     0.887500         2217         8.89
     355.327     0.900000         2250        10.00
     362.751     0.912500         2281        11.43
     388.607     0.925000         2312        13.33
     423.935     0.937500         2342        16.00
     446.463     0.943750         2358        17.78
     450.815     0.950000         2374        20.00
     455.167     0.956250         2389        22.86
     464.639     0.962500         2405        26.67
     490.239     0.968750         2420        32.00
     524.031     0.971875         2428        35.56
     546.303     0.975000         2437        40.00
     549.887     0.978125         2444        45.71
     559.615     0.981250         2452        53.33
     583.679     0.984375         2459        64.00
     608.767     0.985938         2463        71.11
     634.367     0.987500         2467        80.00
     649.727     0.989062         2471        91.43
     657.407     0.990625         2475       106.67
     682.495     0.992188         2479       128.00
     693.247     0.992969         2481       142.22
     734.207     0.993750         2483       160.00
     743.935     0.994531         2485       182.86
     751.103     0.995313         2487       213.33
     754.687     0.996094         2489       256.00
     758.783     0.996484         2490       284.44
     767.487     0.996875         2491       320.00
     794.111     0.997266         2492       365.71
     818.687     0.997656         2493       426.67
     843.775     0.998047         2494       512.00
     843.775     0.998242         2494       568.89
     852.991     0.998437         2495       640.00
     852.991     0.998633         2495       731.43
     866.303     0.998828         2496       853.33
     866.303     0.999023         2496      1024.00
     866.303     0.999121         2496      1137.78
     886.783     0.999219         2497      1280.00
     886.783     0.999316         2497      1462.86
     886.783     0.999414         2497      1706.67
     886.783     0.999512         2497      2048.00
     886.783     0.999561         2497      2275.56
     947.199     0.999609         2498      2560.00
     947.199     1.000000         2498          inf
#[Mean    =      174.999, StdDeviation   =      138.393]
#[Max     =      946.688, Total count    =         2498]
#[Buckets =           27, SubBuckets     =         2048]
-----------------------------------------------------------------------
  2988 requests in 1.00m, 0.89MB read
Requests/sec:     49.80  
Transfer/sec:     15.19KB
