Running 1m test @ http://10.106.127.105/?loopCount=25&base=6&exp=6
  5 threads and 5 connections

  Thread calibration: mean lat.: 1442.207ms, rate sampling interval: 5324ms
  Thread calibration: mean lat.: 1270.811ms, rate sampling interval: 4464ms
  Thread calibration: mean lat.: 1091.152ms, rate sampling interval: 3858ms
  Thread calibration: mean lat.: 668.377ms, rate sampling interval: 2508ms
  Thread calibration: mean lat.: 717.816ms, rate sampling interval: 3180ms

-----------------------------------------------------------------------
Test Results @ http://10.106.127.105/?loopCount=25&base=6&exp=6 
  Thread Stats   Avg      Stdev     99%   +/- Stdev
    Latency     6.26s     2.54s   10.99s    62.49%
    Req/Sec    11.86      1.49    16.00     90.91%
  Latency Distribution (HdrHistogram - Recorded Latency)
 50.000%    6.06s 
 75.000%    8.27s 
 90.000%    9.92s 
 99.000%   10.99s 
 99.900%   11.58s 
 99.990%   11.67s 
 99.999%   11.67s 
100.000%   11.67s 

  Detailed Percentile spectrum:
       Value   Percentile   TotalCount 1/(1-Percentile)

    1326.079     0.000000            1         1.00
    2908.159     0.100000          309         1.11
    3827.711     0.200000          617         1.25
    4567.039     0.300000          927         1.43
    5246.975     0.400000         1233         1.67
    6057.983     0.500000         1540         2.00
    6381.567     0.550000         1696         2.22
    6926.335     0.600000         1848         2.50
    7532.543     0.650000         2002         2.86
    7979.007     0.700000         2156         3.33
    8278.015     0.750000         2311         4.00
    8495.103     0.775000         2392         4.44
    8740.863     0.800000         2464         5.00
    9011.199     0.825000         2541         5.71
    9322.495     0.850000         2618         6.67
    9723.903     0.875000         2695         8.00
    9797.631     0.887500         2735         8.89
    9936.895     0.900000         2773        10.00
   10133.503     0.912500         2811        11.43
   10280.959     0.925000         2850        13.33
   10461.183     0.937500         2887        16.00
   10534.911     0.943750         2908        17.78
   10592.255     0.950000         2930        20.00
   10641.407     0.956250         2946        22.86
   10690.559     0.962500         2965        26.67
   10756.095     0.968750         2986        32.00
   10780.671     0.971875         2993        35.56
   10813.439     0.975000         3004        40.00
   10838.015     0.978125         3013        45.71
   10862.591     0.981250         3023        53.33
   10878.975     0.984375         3032        64.00
   10903.551     0.985938         3038        71.11
   10919.935     0.987500         3041        80.00
   10960.895     0.989062         3047        91.43
   11026.431     0.990625         3052       106.67
   11075.583     0.992188         3055       128.00
   11108.351     0.992969         3058       142.22
   11132.927     0.993750         3060       160.00
   11272.191     0.994531         3063       182.86
   11321.343     0.995313         3065       213.33
   11452.415     0.996094         3067       256.00
   11485.183     0.996484         3069       284.44
   11509.759     0.996875         3070       320.00
   11534.335     0.997266         3071       365.71
   11558.911     0.997656         3073       426.67
   11558.911     0.998047         3073       512.00
   11583.487     0.998242         3076       568.89
   11583.487     0.998437         3076       640.00
   11583.487     0.998633         3076       731.43
   11583.487     0.998828         3076       853.33
   11583.487     0.999023         3076      1024.00
   11624.447     0.999121         3077      1137.78
   11624.447     0.999219         3077      1280.00
   11624.447     0.999316         3077      1462.86
   11649.023     0.999414         3078      1706.67
   11649.023     0.999512         3078      2048.00
   11649.023     0.999561         3078      2275.56
   11649.023     0.999609         3078      2560.00
   11649.023     0.999658         3078      2925.71
   11665.407     0.999707         3079      3413.33
   11665.407     1.000000         3079          inf
#[Mean    =     6264.380, StdDeviation   =     2544.177]
#[Max     =    11657.216, Total count    =         3079]
#[Buckets =           27, SubBuckets     =         2048]
-----------------------------------------------------------------------
  3682 requests in 1.00m, 1.10MB read
Requests/sec:     61.36  
Transfer/sec:     18.72KB
