Running 1m test @ http://10.111.175.232/?loopCount=25&base=6&exp=6
  1 threads and 1 connections

  Thread calibration: mean lat.: 1469.562ms, rate sampling interval: 5419ms

-----------------------------------------------------------------------
Test Results @ http://10.111.175.232/?loopCount=25&base=6&exp=6 
  Thread Stats   Avg      Stdev     99%   +/- Stdev
    Latency    11.20s     4.89s   19.30s    54.75%
    Req/Sec    16.33      0.94    18.00    100.00%
  Latency Distribution (HdrHistogram - Recorded Latency)
 50.000%   11.32s 
 75.000%   15.58s 
 90.000%   17.99s 
 99.000%   19.30s 
 99.900%   19.37s 
 99.990%   19.37s 
 99.999%   19.37s 
100.000%   19.37s 

  Detailed Percentile spectrum:
       Value   Percentile   TotalCount 1/(1-Percentile)

    3119.103     0.000000            1         1.00
    4288.511     0.100000           85         1.11
    6082.559     0.200000          170         1.25
    7692.287     0.300000          254         1.43
    9601.023     0.400000          337         1.67
   11321.343     0.500000          421         2.00
   12066.815     0.550000          464         2.22
   12754.943     0.600000          510         2.50
   13606.911     0.650000          548         2.86
   14704.639     0.700000          591         3.33
   15581.183     0.750000          632         4.00
   15990.783     0.775000          653         4.44
   16523.263     0.800000          674         5.00
   16941.055     0.825000          695         5.71
   17235.967     0.850000          718         6.67
   17645.567     0.875000          738         8.00
   17793.023     0.887500          749         8.89
   17989.631     0.900000          759        10.00
   18137.087     0.912500          772        11.43
   18153.471     0.925000          780        13.33
   18431.999     0.937500          790        16.00
   18546.687     0.943750          795        17.78
   18628.607     0.950000          800        20.00
   18776.063     0.956250          807        22.86
   18841.599     0.962500          811        26.67
   18923.519     0.968750          816        32.00
   18989.055     0.971875          819        35.56
   19070.975     0.975000          822        40.00
   19169.279     0.978125          825        45.71
   19234.815     0.981250          828        53.33
   19267.583     0.984375          832        64.00
   19267.583     0.985938          832        71.11
   19267.583     0.987500          832        80.00
   19300.351     0.989062          837        91.43
   19300.351     0.990625          837       106.67
   19300.351     0.992188          837       128.00
   19300.351     0.992969          837       142.22
   19300.351     0.993750          837       160.00
   19316.735     0.994531          839       182.86
   19316.735     0.995313          839       213.33
   19316.735     0.996094          839       256.00
   19349.503     0.996484          840       284.44
   19349.503     0.996875          840       320.00
   19349.503     0.997266          840       365.71
   19365.887     0.997656          842       426.67
   19365.887     1.000000          842          inf
#[Mean    =    11200.417, StdDeviation   =     4885.724]
#[Max     =    19349.504, Total count    =          842]
#[Buckets =           27, SubBuckets     =         2048]
-----------------------------------------------------------------------
  1014 requests in 1.00m, 308.97KB read
Requests/sec:     16.90  
Transfer/sec:      5.15KB
