Running 1m test @ http://10.99.199.129/?loopCount=25&base=6&exp=6
  1 threads and 1 connections

  Thread calibration: mean lat.: 3616.114ms, rate sampling interval: 12607ms

-----------------------------------------------------------------------
Test Results @ http://10.99.199.129/?loopCount=25&base=6&exp=6 
  Thread Stats   Avg      Stdev     99%   +/- Stdev
    Latency    25.52s    10.36s   42.83s    58.24%
    Req/Sec     6.33      0.47     7.00    100.00%
  Latency Distribution (HdrHistogram - Recorded Latency)
 50.000%   25.67s 
 75.000%   34.37s 
 90.000%   39.75s 
 99.000%   42.83s 
 99.900%   43.25s 
 99.990%   43.25s 
 99.999%   43.25s 
100.000%   43.25s 

  Detailed Percentile spectrum:
       Value   Percentile   TotalCount 1/(1-Percentile)

    7360.511     0.000000            1         1.00
   11059.199     0.100000           36         1.11
   14794.751     0.200000           71         1.25
   18284.543     0.300000          106         1.43
   21774.335     0.400000          141         1.67
   25673.727     0.500000          176         2.00
   27754.495     0.550000          194         2.22
   29458.431     0.600000          212         2.50
   31064.063     0.650000          229         2.86
   32931.839     0.700000          247         3.33
   34373.631     0.750000          264         4.00
   35225.599     0.775000          273         4.44
   36044.799     0.800000          282         5.00
   36995.071     0.825000          291         5.71
   38043.647     0.850000          300         6.67
   38830.079     0.875000          308         8.00
   39288.831     0.887500          313         8.89
   39747.583     0.900000          317        10.00
   40337.407     0.912500          322        11.43
   40697.855     0.925000          326        13.33
   41025.535     0.937500          330        16.00
   41189.375     0.943750          334        17.78
   41320.447     0.950000          335        20.00
   41549.823     0.956250          337        22.86
   41779.199     0.962500          339        26.67
   41910.271     0.968750          341        32.00
   42106.879     0.971875          343        35.56
   42270.719     0.975000          344        40.00
   42434.559     0.978125          345        45.71
   42598.399     0.981250          346        53.33
   42729.471     0.984375          347        64.00
   42827.775     0.985938          348        71.11
   42827.775     0.987500          348        80.00
   42958.847     0.989062          349        91.43
   42958.847     0.990625          349       106.67
   43024.383     0.992188          350       128.00
   43024.383     0.992969          350       142.22
   43024.383     0.993750          350       160.00
   43188.223     0.994531          351       182.86
   43188.223     0.995313          351       213.33
   43188.223     0.996094          351       256.00
   43188.223     0.996484          351       284.44
   43188.223     0.996875          351       320.00
   43253.759     0.997266          352       365.71
   43253.759     1.000000          352          inf
#[Mean    =    25516.887, StdDeviation   =    10355.273]
#[Max     =    43220.992, Total count    =          352]
#[Buckets =           27, SubBuckets     =         2048]
-----------------------------------------------------------------------
  418 requests in 1.00m, 127.72KB read
Requests/sec:      6.97  
Transfer/sec:      2.13KB
