Running 1m test @ http://10.97.57.202/?loopCount=25&base=6&exp=6
  1 threads and 1 connections

  Thread calibration: mean lat.: 113.608ms, rate sampling interval: 328ms

-----------------------------------------------------------------------
Test Results @ http://10.97.57.202/?loopCount=25&base=6&exp=6 
  Thread Stats   Avg      Stdev     99%   +/- Stdev
    Latency   288.97ms   91.65ms 463.36ms   60.02%
    Req/Sec    24.47      1.20    27.00     85.53%
  Latency Distribution (HdrHistogram - Recorded Latency)
 50.000%  305.92ms
 75.000%  338.69ms
 90.000%  428.03ms
 99.000%  463.36ms
 99.900%  468.73ms
 99.990%  469.50ms
 99.999%  469.50ms
100.000%  469.50ms

  Detailed Percentile spectrum:
       Value   Percentile   TotalCount 1/(1-Percentile)

     136.447     0.000000            1         1.00
     159.871     0.100000          125         1.11
     191.231     0.200000          249         1.25
     224.511     0.300000          373         1.43
     260.991     0.400000          499         1.67
     305.919     0.500000          623         2.00
     315.391     0.550000          685         2.22
     320.767     0.600000          748         2.50
     326.399     0.650000          809         2.86
     331.775     0.700000          875         3.33
     338.687     0.750000          934         4.00
     346.367     0.775000          964         4.44
     357.375     0.800000          995         5.00
     386.303     0.825000         1026         5.71
     405.759     0.850000         1058         6.67
     419.327     0.875000         1088         8.00
     425.471     0.887500         1104         8.89
     428.031     0.900000         1119        10.00
     432.127     0.912500         1135        11.43
     435.199     0.925000         1150        13.33
     439.295     0.937500         1167        16.00
     440.831     0.943750         1174        17.78
     442.879     0.950000         1181        20.00
     444.927     0.956250         1189        22.86
     446.719     0.962500         1197        26.67
     449.023     0.968750         1205        32.00
     451.071     0.971875         1210        35.56
     451.583     0.975000         1213        40.00
     452.863     0.978125         1216        45.71
     456.703     0.981250         1220        53.33
     459.263     0.984375         1225        64.00
     459.519     0.985938         1226        71.11
     460.543     0.987500         1228        80.00
     462.335     0.989062         1230        91.43
     463.359     0.990625         1232       106.67
     465.151     0.992188         1234       128.00
     465.407     0.992969         1235       142.22
     465.919     0.993750         1236       160.00
     466.943     0.994531         1237       182.86
     467.199     0.995313         1239       213.33
     467.199     0.996094         1239       256.00
     467.199     0.996484         1239       284.44
     467.711     0.996875         1241       320.00
     467.711     0.997266         1241       365.71
     467.711     0.997656         1241       426.67
     467.711     0.998047         1241       512.00
     467.711     0.998242         1241       568.89
     468.735     0.998437         1242       640.00
     468.735     0.998633         1242       731.43
     468.735     0.998828         1242       853.33
     468.735     0.999023         1242      1024.00
     468.735     0.999121         1242      1137.78
     469.503     0.999219         1243      1280.00
     469.503     1.000000         1243          inf
#[Mean    =      288.967, StdDeviation   =       91.648]
#[Max     =      469.248, Total count    =         1243]
#[Buckets =           27, SubBuckets     =         2048]
-----------------------------------------------------------------------
  1488 requests in 1.00m, 453.38KB read
Requests/sec:     24.80  
Transfer/sec:      7.56KB
