Running 1m test @ http://10.99.199.129/?loopCount=25&base=6&exp=6
  1 threads and 1 connections

  Thread calibration: mean lat.: 2942.456ms, rate sampling interval: 12427ms

-----------------------------------------------------------------------
Test Results @ http://10.99.199.129/?loopCount=25&base=6&exp=6 
  Thread Stats   Avg      Stdev     99%   +/- Stdev
    Latency    25.17s    10.53s   43.42s    56.44%
    Req/Sec     6.00      0.00     6.00    100.00%
  Latency Distribution (HdrHistogram - Recorded Latency)
 50.000%   25.10s 
 75.000%   34.24s 
 90.000%   39.62s 
 99.000%   43.42s 
 99.900%   43.78s 
 99.990%   43.78s 
 99.999%   43.78s 
100.000%   43.78s 

  Detailed Percentile spectrum:
       Value   Percentile   TotalCount 1/(1-Percentile)

    7077.887     0.000000            1         1.00
   10715.135     0.100000           33         1.11
   14098.431     0.200000           66         1.25
   17727.487     0.300000           98         1.43
   21594.111     0.400000          131         1.67
   25100.287     0.500000          163         2.00
   26640.383     0.550000          180         2.22
   28704.767     0.600000          196         2.50
   30867.455     0.650000          212         2.86
   32587.775     0.700000          229         3.33
   34242.559     0.750000          245         4.00
   35323.903     0.775000          253         4.44
   36208.639     0.800000          261         5.00
   36962.303     0.825000          269         5.71
   38141.951     0.850000          278         6.67
   38895.615     0.875000          286         8.00
   39354.367     0.887500          290         8.89
   39780.351     0.900000          294        10.00
   40108.031     0.912500          298        11.43
   40468.479     0.925000          302        13.33
   40894.463     0.937500          306        16.00
   41058.303     0.943750          308        17.78
   41549.823     0.950000          310        20.00
   41877.503     0.956250          312        22.86
   42106.879     0.962500          314        26.67
   42434.559     0.968750          316        32.00
   42565.631     0.971875          317        35.56
   42729.471     0.975000          318        40.00
   42795.007     0.978125          319        45.71
   42926.079     0.981250          320        53.33
   43188.223     0.984375          321        64.00
   43352.063     0.985938          322        71.11
   43352.063     0.987500          322        80.00
   43417.599     0.989062          323        91.43
   43417.599     0.990625          323       106.67
   43483.135     0.992188          324       128.00
   43483.135     0.992969          324       142.22
   43483.135     0.993750          324       160.00
   43646.975     0.994531          325       182.86
   43646.975     0.995313          325       213.33
   43646.975     0.996094          325       256.00
   43646.975     0.996484          325       284.44
   43646.975     0.996875          325       320.00
   43778.047     0.997266          326       365.71
   43778.047     1.000000          326          inf
#[Mean    =    25170.887, StdDeviation   =    10534.043]
#[Max     =    43745.280, Total count    =          326]
#[Buckets =           27, SubBuckets     =         2048]
-----------------------------------------------------------------------
  401 requests in 1.00m, 122.53KB read
Requests/sec:      6.68  
Transfer/sec:      2.04KB
