Running 1m test @ http://10.108.10.66/?loopCount=25&base=6&exp=6
  1 threads and 1 connections

  Thread calibration: mean lat.: 3618.147ms, rate sampling interval: 12828ms

-----------------------------------------------------------------------
Test Results @ http://10.108.10.66/?loopCount=25&base=6&exp=6 
  Thread Stats   Avg      Stdev     99%   +/- Stdev
    Latency    25.13s    10.34s   42.43s    57.10%
    Req/Sec     7.00      0.00     7.00    100.00%
  Latency Distribution (HdrHistogram - Recorded Latency)
 50.000%   25.33s 
 75.000%   33.88s 
 90.000%   39.71s 
 99.000%   42.43s 
 99.900%   42.86s 
 99.990%   42.86s 
 99.999%   42.86s 
100.000%   42.86s 

  Detailed Percentile spectrum:
       Value   Percentile   TotalCount 1/(1-Percentile)

    7401.471     0.000000            1         1.00
   11091.967     0.100000           36         1.11
   14360.575     0.200000           72         1.25
   17809.407     0.300000          108         1.43
   21757.951     0.400000          144         1.67
   25329.663     0.500000          180         2.00
   26902.527     0.550000          199         2.22
   28688.383     0.600000          216         2.50
   30572.543     0.650000          234         2.86
   32145.407     0.700000          252         3.33
   34144.255     0.750000          270         4.00
   35291.135     0.775000          279         4.44
   36044.799     0.800000          288         5.00
   37060.607     0.825000          297         5.71
   37617.663     0.850000          306         6.67
   38633.471     0.875000          315         8.00
   39092.223     0.887500          319         8.89
   39780.351     0.900000          324        10.00
   40009.727     0.912500          328        11.43
   40534.015     0.925000          333        13.33
   40861.695     0.937500          338        16.00
   40894.463     0.943750          339        17.78
   41254.911     0.950000          342        20.00
   41582.591     0.956250          344        22.86
   41811.967     0.962500          346        26.67
   41910.271     0.968750          349        32.00
   41910.271     0.971875          349        35.56
   42008.575     0.975000          351        40.00
   42074.111     0.978125          352        45.71
   42205.183     0.981250          353        53.33
   42369.023     0.984375          354        64.00
   42369.023     0.985938          354        71.11
   42434.559     0.987500          355        80.00
   42598.399     0.989062          356        91.43
   42598.399     0.990625          356       106.67
   42663.935     0.992188          357       128.00
   42663.935     0.992969          357       142.22
   42663.935     0.993750          357       160.00
   42729.471     0.994531          358       182.86
   42729.471     0.995313          358       213.33
   42729.471     0.996094          358       256.00
   42729.471     0.996484          358       284.44
   42729.471     0.996875          358       320.00
   42860.543     0.997266          359       365.71
   42860.543     1.000000          359          inf
#[Mean    =    25131.076, StdDeviation   =    10340.467]
#[Max     =    42827.776, Total count    =          359]
#[Buckets =           27, SubBuckets     =         2048]
-----------------------------------------------------------------------
  426 requests in 1.00m, 130.12KB read
Requests/sec:      7.10  
Transfer/sec:      2.17KB
