Running 1m test @ http://10.111.175.232/?loopCount=25&base=6&exp=6
  5 threads and 5 connections

  Thread calibration: mean lat.: 1055.466ms, rate sampling interval: 3633ms
  Thread calibration: mean lat.: 1104.011ms, rate sampling interval: 3932ms
  Thread calibration: mean lat.: 706.301ms, rate sampling interval: 3010ms
  Thread calibration: mean lat.: 1201.067ms, rate sampling interval: 4313ms
  Thread calibration: mean lat.: 1161.032ms, rate sampling interval: 3362ms

-----------------------------------------------------------------------
Test Results @ http://10.111.175.232/?loopCount=25&base=6&exp=6 
  Thread Stats   Avg      Stdev     99%   +/- Stdev
    Latency     6.36s     2.46s   11.24s    61.18%
    Req/Sec    11.76      0.99    14.00     96.97%
  Latency Distribution (HdrHistogram - Recorded Latency)
 50.000%    6.32s 
 75.000%    8.35s 
 90.000%    9.78s 
 99.000%   11.24s 
 99.900%   11.52s 
 99.990%   11.56s 
 99.999%   11.56s 
100.000%   11.56s 

  Detailed Percentile spectrum:
       Value   Percentile   TotalCount 1/(1-Percentile)

    1619.967     0.000000            1         1.00
    3057.663     0.100000          311         1.11
    3905.535     0.200000          619         1.25
    4759.551     0.300000          934         1.43
    5562.367     0.400000         1242         1.67
    6324.223     0.500000         1548         2.00
    6746.111     0.550000         1704         2.22
    7020.543     0.600000         1858         2.50
    7458.815     0.650000         2015         2.86
    7806.975     0.700000         2167         3.33
    8347.647     0.750000         2322         4.00
    8462.335     0.775000         2401         4.44
    8667.135     0.800000         2476         5.00
    9043.967     0.825000         2554         5.71
    9265.151     0.850000         2631         6.67
    9519.103     0.875000         2708         8.00
    9633.791     0.887500         2750         8.89
    9781.247     0.900000         2785        10.00
   10002.431     0.912500         2824        11.43
   10231.807     0.925000         2863        13.33
   10412.031     0.937500         2901        16.00
   10485.759     0.943750         2920        17.78
   10625.023     0.950000         2940        20.00
   10706.943     0.956250         2959        22.86
   10772.479     0.962500         2982        26.67
   10821.631     0.968750         2999        32.00
   10838.015     0.971875         3009        35.56
   10870.783     0.975000         3023        40.00
   10887.167     0.978125         3027        45.71
   10985.471     0.981250         3036        53.33
   11059.199     0.984375         3046        64.00
   11124.735     0.985938         3051        71.11
   11173.887     0.987500         3056        80.00
   11231.231     0.989062         3062        91.43
   11255.807     0.990625         3065       106.67
   11321.343     0.992188         3070       128.00
   11337.727     0.992969         3076       142.22
   11337.727     0.993750         3076       160.00
   11345.919     0.994531         3079       182.86
   11354.111     0.995313         3080       213.33
   11370.495     0.996094         3083       256.00
   11378.687     0.996484         3085       284.44
   11378.687     0.996875         3085       320.00
   11386.879     0.997266         3086       365.71
   11403.263     0.997656         3088       426.67
   11403.263     0.998047         3088       512.00
   11411.455     0.998242         3089       568.89
   11436.031     0.998437         3090       640.00
   11436.031     0.998633         3090       731.43
   11517.951     0.998828         3092       853.33
   11517.951     0.999023         3092      1024.00
   11517.951     0.999121         3092      1137.78
   11517.951     0.999219         3092      1280.00
   11517.951     0.999316         3092      1462.86
   11542.527     0.999414         3093      1706.67
   11542.527     0.999512         3093      2048.00
   11542.527     0.999561         3093      2275.56
   11542.527     0.999609         3093      2560.00
   11542.527     0.999658         3093      2925.71
   11558.911     0.999707         3094      3413.33
   11558.911     1.000000         3094          inf
#[Mean    =     6361.432, StdDeviation   =     2458.882]
#[Max     =    11550.720, Total count    =         3094]
#[Buckets =           27, SubBuckets     =         2048]
-----------------------------------------------------------------------
  3683 requests in 1.00m, 1.10MB read
Requests/sec:     61.38  
Transfer/sec:     18.72KB
