Running 1m test @ http://10.102.207.185/?loopCount=25&base=6&exp=6
  5 threads and 5 connections

  Thread calibration: mean lat.: 182.625ms, rate sampling interval: 842ms
  Thread calibration: mean lat.: 186.862ms, rate sampling interval: 626ms
  Thread calibration: mean lat.: 250.626ms, rate sampling interval: 801ms
  Thread calibration: mean lat.: 629.686ms, rate sampling interval: 2107ms
  Thread calibration: mean lat.: 764.424ms, rate sampling interval: 2719ms

-----------------------------------------------------------------------
Test Results @ http://10.102.207.185/?loopCount=25&base=6&exp=6 
  Thread Stats   Avg      Stdev     99%   +/- Stdev
    Latency     2.70s     1.74s    8.35s    74.55%
    Req/Sec     8.85      1.95    16.00     90.87%
  Latency Distribution (HdrHistogram - Recorded Latency)
 50.000%    2.50s 
 75.000%    3.41s 
 90.000%    4.79s 
 99.000%    8.35s 
 99.900%    8.81s 
 99.990%    8.84s 
 99.999%    8.84s 
100.000%    8.84s 

  Detailed Percentile spectrum:
       Value   Percentile   TotalCount 1/(1-Percentile)

      57.055     0.000000            1         1.00
     559.103     0.100000          231         1.11
    1314.815     0.200000          461         1.25
    1811.455     0.300000          691         1.43
    2109.439     0.400000          922         1.67
    2496.511     0.500000         1152         2.00
    2695.167     0.550000         1267         2.22
    2838.527     0.600000         1382         2.50
    3006.463     0.650000         1498         2.86
    3160.063     0.700000         1614         3.33
    3411.967     0.750000         1729         4.00
    3518.463     0.775000         1785         4.44
    3631.103     0.800000         1843         5.00
    3911.679     0.825000         1900         5.71
    4259.839     0.850000         1958         6.67
    4554.751     0.875000         2016         8.00
    4685.823     0.887500         2044         8.89
    4792.319     0.900000         2077        10.00
    5087.231     0.912500         2102        11.43
    5341.183     0.925000         2131        13.33
    5787.647     0.937500         2161        16.00
    6131.711     0.943750         2174        17.78
    6438.911     0.950000         2188        20.00
    6524.927     0.956250         2203        22.86
    7061.503     0.962500         2217        26.67
    7491.583     0.968750         2232        32.00
    7708.671     0.971875         2239        35.56
    7942.143     0.975000         2246        40.00
    7995.391     0.978125         2254        45.71
    8065.023     0.981250         2260        53.33
    8105.983     0.984375         2268        64.00
    8163.327     0.985938         2271        71.11
    8290.303     0.987500         2275        80.00
    8306.687     0.989062         2278        91.43
    8404.991     0.990625         2282       106.67
    8495.103     0.992188         2287       128.00
    8495.103     0.992969         2287       142.22
    8560.639     0.993750         2289       160.00
    8593.407     0.994531         2291       182.86
    8617.983     0.995313         2293       213.33
    8642.559     0.996094         2295       256.00
    8642.559     0.996484         2295       284.44
    8708.095     0.996875         2296       320.00
    8732.671     0.997266         2297       365.71
    8749.055     0.997656         2298       426.67
    8798.207     0.998047         2300       512.00
    8798.207     0.998242         2300       568.89
    8798.207     0.998437         2300       640.00
    8798.207     0.998633         2300       731.43
    8806.399     0.998828         2301       853.33
    8806.399     0.999023         2301      1024.00
    8806.399     0.999121         2301      1137.78
    8830.975     0.999219         2302      1280.00
    8830.975     0.999316         2302      1462.86
    8830.975     0.999414         2302      1706.67
    8830.975     0.999512         2302      2048.00
    8830.975     0.999561         2302      2275.56
    8839.167     0.999609         2303      2560.00
    8839.167     1.000000         2303          inf
#[Mean    =     2704.131, StdDeviation   =     1738.094]
#[Max     =     8830.976, Total count    =         2303]
#[Buckets =           27, SubBuckets     =         2048]
-----------------------------------------------------------------------
  2764 requests in 1.00m, 843.51KB read
Requests/sec:     46.06  
Transfer/sec:     14.06KB
