Running 1m test @ http://10.97.57.202/?loopCount=25&base=6&exp=6
  5 threads and 5 connections

  Thread calibration: mean lat.: 1503.043ms, rate sampling interval: 5410ms
  Thread calibration: mean lat.: 1358.860ms, rate sampling interval: 4243ms
  Thread calibration: mean lat.: 1542.979ms, rate sampling interval: 5869ms
  Thread calibration: mean lat.: 1390.733ms, rate sampling interval: 4861ms
  Thread calibration: mean lat.: 1402.950ms, rate sampling interval: 5476ms

-----------------------------------------------------------------------
Test Results @ http://10.97.57.202/?loopCount=25&base=6&exp=6 
  Thread Stats   Avg      Stdev     99%   +/- Stdev
    Latency    10.67s     4.50s   18.64s    58.02%
    Req/Sec     9.79      0.62    11.00     97.87%
  Latency Distribution (HdrHistogram - Recorded Latency)
 50.000%   10.70s 
 75.000%   14.45s 
 90.000%   16.89s 
 99.000%   18.64s 
 99.900%   19.04s 
 99.990%   19.12s 
 99.999%   19.12s 
100.000%   19.12s 

  Detailed Percentile spectrum:
       Value   Percentile   TotalCount 1/(1-Percentile)

    2404.351     0.000000            1         1.00
    4472.831     0.100000          258         1.11
    6029.311     0.200000          514         1.25
    7503.871     0.300000          772         1.43
    9150.463     0.400000         1028         1.67
   10698.751     0.500000         1285         2.00
   11485.183     0.550000         1413         2.22
   12165.119     0.600000         1541         2.50
   12976.127     0.650000         1671         2.86
   13672.447     0.700000         1799         3.33
   14450.687     0.750000         1926         4.00
   14909.439     0.775000         1993         4.44
   15335.423     0.800000         2056         5.00
   15736.831     0.825000         2121         5.71
   16056.319     0.850000         2183         6.67
   16547.839     0.875000         2248         8.00
   16744.447     0.887500         2280         8.89
   16908.287     0.900000         2313        10.00
   17104.895     0.912500         2350        11.43
   17317.887     0.925000         2378        13.33
   17629.183     0.937500         2409        16.00
   17743.871     0.943750         2426        17.78
   17874.943     0.950000         2442        20.00
   17956.863     0.956250         2463        22.86
   18006.015     0.962500         2472        26.67
   18137.087     0.968750         2490        32.00
   18169.855     0.971875         2496        35.56
   18251.775     0.975000         2506        40.00
   18284.543     0.978125         2512        45.71
   18350.079     0.981250         2521        53.33
   18399.231     0.984375         2528        64.00
   18448.383     0.985938         2534        71.11
   18481.151     0.987500         2536        80.00
   18579.455     0.989062         2540        91.43
   18694.143     0.990625         2545       106.67
   18743.295     0.992188         2548       128.00
   18825.215     0.992969         2550       142.22
   18841.599     0.993750         2554       160.00
   18841.599     0.994531         2554       182.86
   18857.983     0.995313         2557       213.33
   18874.367     0.996094         2558       256.00
   18890.751     0.996484         2559       284.44
   18907.135     0.996875         2561       320.00
   18907.135     0.997266         2561       365.71
   18923.519     0.997656         2562       426.67
   18939.903     0.998047         2563       512.00
   18989.055     0.998242         2564       568.89
   18989.055     0.998437         2564       640.00
   19038.207     0.998633         2565       731.43
   19038.207     0.998828         2565       853.33
   19070.975     0.999023         2566      1024.00
   19070.975     0.999121         2566      1137.78
   19070.975     0.999219         2566      1280.00
   19087.359     0.999316         2567      1462.86
   19087.359     0.999414         2567      1706.67
   19087.359     0.999512         2567      2048.00
   19087.359     0.999561         2567      2275.56
   19087.359     0.999609         2567      2560.00
   19120.127     0.999658         2568      2925.71
   19120.127     1.000000         2568          inf
#[Mean    =    10674.798, StdDeviation   =     4499.656]
#[Max     =    19103.744, Total count    =         2568]
#[Buckets =           27, SubBuckets     =         2048]
-----------------------------------------------------------------------
  3097 requests in 1.00m, 0.92MB read
Requests/sec:     51.61  
Transfer/sec:     15.75KB
