Running 1m test @ http://10.103.77.142/?loopCount=25&base=6&exp=6
  5 threads and 5 connections

  Thread calibration: mean lat.: 1410.432ms, rate sampling interval: 5373ms
  Thread calibration: mean lat.: 1957.928ms, rate sampling interval: 7413ms
  Thread calibration: mean lat.: 2029.442ms, rate sampling interval: 6942ms
  Thread calibration: mean lat.: 1983.635ms, rate sampling interval: 6066ms
  Thread calibration: mean lat.: 2197.186ms, rate sampling interval: 8298ms

-----------------------------------------------------------------------
Test Results @ http://10.103.77.142/?loopCount=25&base=6&exp=6 
  Thread Stats   Avg      Stdev     99%   +/- Stdev
    Latency    13.04s     5.52s   23.84s    58.23%
    Req/Sec     8.83      0.60    10.00     97.22%
  Latency Distribution (HdrHistogram - Recorded Latency)
 50.000%   12.82s 
 75.000%   17.68s 
 90.000%   20.48s 
 99.000%   23.84s 
 99.900%   24.90s 
 99.990%   25.00s 
 99.999%   25.00s 
100.000%   25.00s 

  Detailed Percentile spectrum:
       Value   Percentile   TotalCount 1/(1-Percentile)

    3033.087     0.000000            1         1.00
    5595.135     0.100000          234         1.11
    7368.703     0.200000          467         1.25
    9240.575     0.300000          702         1.43
   11100.159     0.400000          938         1.67
   12820.479     0.500000         1168         2.00
   13795.327     0.550000         1284         2.22
   14843.903     0.600000         1402         2.50
   15843.327     0.650000         1518         2.86
   16654.335     0.700000         1634         3.33
   17678.335     0.750000         1753         4.00
   18284.543     0.775000         1811         4.44
   18808.831     0.800000         1869         5.00
   19333.119     0.825000         1930         5.71
   19742.719     0.850000         1984         6.67
   20037.631     0.875000         2046         8.00
   20201.471     0.887500         2072         8.89
   20479.999     0.900000         2103        10.00
   20709.375     0.912500         2130        11.43
   20971.519     0.925000         2159        13.33
   21331.967     0.937500         2190        16.00
   21495.807     0.943750         2203        17.78
   21659.647     0.950000         2220        20.00
   21757.951     0.956250         2232        22.86
   21889.023     0.962500         2247        26.67
   22069.247     0.968750         2262        32.00
   22183.935     0.971875         2269        35.56
   22380.543     0.975000         2276        40.00
   22675.455     0.978125         2283        45.71
   23068.671     0.981250         2291        53.33
   23265.279     0.984375         2298        64.00
   23511.039     0.985938         2303        71.11
   23724.031     0.987500         2305        80.00
   23805.951     0.989062         2309        91.43
   23871.487     0.990625         2313       106.67
   24035.327     0.992188         2316       128.00
   24215.551     0.992969         2318       142.22
   24379.391     0.993750         2320       160.00
   24592.383     0.994531         2322       182.86
   24641.535     0.995313         2324       213.33
   24657.919     0.996094         2326       256.00
   24657.919     0.996484         2326       284.44
   24674.303     0.996875         2327       320.00
   24690.687     0.997266         2328       365.71
   24723.455     0.997656         2329       426.67
   24772.607     0.998047         2330       512.00
   24772.607     0.998242         2330       568.89
   24903.679     0.998437         2332       640.00
   24903.679     0.998633         2332       731.43
   24903.679     0.998828         2332       853.33
   24903.679     0.999023         2332      1024.00
   24903.679     0.999121         2332      1137.78
   24952.831     0.999219         2333      1280.00
   24952.831     0.999316         2333      1462.86
   24952.831     0.999414         2333      1706.67
   24952.831     0.999512         2333      2048.00
   24952.831     0.999561         2333      2275.56
   25001.983     0.999609         2334      2560.00
   25001.983     1.000000         2334          inf
#[Mean    =    13037.201, StdDeviation   =     5520.724]
#[Max     =    24985.600, Total count    =         2334]
#[Buckets =           27, SubBuckets     =         2048]
-----------------------------------------------------------------------
  2802 requests in 1.00m, 855.02KB read
Requests/sec:     46.69  
Transfer/sec:     14.25KB
