Running 1m test @ http://10.103.77.142/?loopCount=25&base=6&exp=6
  5 threads and 5 connections

  Thread calibration: mean lat.: 517.338ms, rate sampling interval: 2115ms
  Thread calibration: mean lat.: 349.519ms, rate sampling interval: 947ms
  Thread calibration: mean lat.: 667.787ms, rate sampling interval: 2136ms
  Thread calibration: mean lat.: 524.681ms, rate sampling interval: 2166ms
  Thread calibration: mean lat.: 352.156ms, rate sampling interval: 1320ms

-----------------------------------------------------------------------
Test Results @ http://10.103.77.142/?loopCount=25&base=6&exp=6 
  Thread Stats   Avg      Stdev     99%   +/- Stdev
    Latency     2.32s     1.82s    8.18s    84.85%
    Req/Sec     8.88      1.14    11.00     96.20%
  Latency Distribution (HdrHistogram - Recorded Latency)
 50.000%    1.76s 
 75.000%    2.83s 
 90.000%    4.74s 
 99.000%    8.18s 
 99.900%    8.57s 
 99.990%    8.77s 
 99.999%    8.77s 
100.000%    8.77s 

  Detailed Percentile spectrum:
       Value   Percentile   TotalCount 1/(1-Percentile)

      91.007     0.000000            1         1.00
     793.087     0.100000          233         1.11
    1018.879     0.200000          465         1.25
    1167.359     0.300000          697         1.43
    1477.631     0.400000          931         1.67
    1760.255     0.500000         1163         2.00
    1849.343     0.550000         1278         2.22
    1965.055     0.600000         1394         2.50
    2236.415     0.650000         1512         2.86
    2367.487     0.700000         1629         3.33
    2828.287     0.750000         1744         4.00
    3078.143     0.775000         1801         4.44
    3354.623     0.800000         1859         5.00
    3620.863     0.825000         1917         5.71
    3762.175     0.850000         1976         6.67
    4145.151     0.875000         2033         8.00
    4268.031     0.887500         2062         8.89
    4743.167     0.900000         2091        10.00
    5775.359     0.912500         2120        11.43
    6262.783     0.925000         2150        13.33
    6561.791     0.937500         2180        16.00
    6696.959     0.943750         2193        17.78
    7020.543     0.950000         2207        20.00
    7155.711     0.956250         2224        22.86
    7172.095     0.962500         2237        26.67
    7327.743     0.968750         2251        32.00
    7585.791     0.971875         2258        35.56
    7671.807     0.975000         2266        40.00
    7827.455     0.978125         2274        45.71
    7970.815     0.981250         2280        53.33
    8130.559     0.984375         2287        64.00
    8151.039     0.985938         2291        71.11
    8159.231     0.987500         2294        80.00
    8171.519     0.989062         2299        91.43
    8191.999     0.990625         2302       106.67
    8261.631     0.992188         2306       128.00
    8265.727     0.992969         2307       142.22
    8318.975     0.993750         2309       160.00
    8376.319     0.994531         2311       182.86
    8454.143     0.995313         2313       213.33
    8462.335     0.996094         2314       256.00
    8495.103     0.996484         2315       284.44
    8503.295     0.996875         2316       320.00
    8519.679     0.997266         2318       365.71
    8519.679     0.997656         2318       426.67
    8536.063     0.998047         2319       512.00
    8536.063     0.998242         2319       568.89
    8544.255     0.998437         2320       640.00
    8544.255     0.998633         2320       731.43
    8568.831     0.998828         2321       853.33
    8568.831     0.999023         2321      1024.00
    8568.831     0.999121         2321      1137.78
    8667.135     0.999219         2322      1280.00
    8667.135     0.999316         2322      1462.86
    8667.135     0.999414         2322      1706.67
    8667.135     0.999512         2322      2048.00
    8667.135     0.999561         2322      2275.56
    8765.439     0.999609         2323      2560.00
    8765.439     1.000000         2323          inf
#[Mean    =     2321.607, StdDeviation   =     1817.424]
#[Max     =     8757.248, Total count    =         2323]
#[Buckets =           27, SubBuckets     =         2048]
-----------------------------------------------------------------------
  2782 requests in 1.00m, 849.00KB read
Requests/sec:     46.36  
Transfer/sec:     14.15KB
