Running 1m test @ http://10.103.77.142/?loopCount=25&base=6&exp=6
  1 threads and 1 connections

  Thread calibration: mean lat.: 3290.257ms, rate sampling interval: 12058ms

-----------------------------------------------------------------------
Test Results @ http://10.103.77.142/?loopCount=25&base=6&exp=6 
  Thread Stats   Avg      Stdev     99%   +/- Stdev
    Latency    24.11s     9.90s   41.42s    58.44%
    Req/Sec     7.25      0.83     8.00    100.00%
  Latency Distribution (HdrHistogram - Recorded Latency)
 50.000%   23.67s 
 75.000%   31.74s 
 90.000%   38.04s 
 99.000%   41.42s 
 99.900%   41.52s 
 99.990%   41.52s 
 99.999%   41.52s 
100.000%   41.52s 

  Detailed Percentile spectrum:
       Value   Percentile   TotalCount 1/(1-Percentile)

    7049.215     0.000000            1         1.00
   10428.415     0.100000           39         1.11
   13721.599     0.200000           77         1.25
   17580.031     0.300000          116         1.43
   21331.967     0.400000          155         1.67
   23674.879     0.500000          193         2.00
   25427.967     0.550000          212         2.22
   27656.191     0.600000          231         2.50
   29573.119     0.650000          251         2.86
   30408.703     0.700000          270         3.33
   31735.807     0.750000          289         4.00
   32751.615     0.775000          299         4.44
   33882.111     0.800000          308         5.00
   34897.919     0.825000          318         5.71
   35880.959     0.850000          328         6.67
   36929.535     0.875000          337         8.00
   37421.055     0.887500          342         8.89
   38043.647     0.900000          347        10.00
   38633.471     0.912500          352        11.43
   39157.759     0.925000          357        13.33
   39747.583     0.937500          361        16.00
   40042.495     0.943750          364        17.78
   40271.871     0.950000          366        20.00
   40566.783     0.956250          369        22.86
   40697.855     0.962500          371        26.67
   40796.159     0.968750          373        32.00
   41025.535     0.971875          375        35.56
   41091.071     0.975000          376        40.00
   41156.607     0.978125          377        45.71
   41287.679     0.981250          378        53.33
   41353.215     0.984375          379        64.00
   41418.751     0.985938          381        71.11
   41418.751     0.987500          381        80.00
   41418.751     0.989062          381        91.43
   41451.519     0.990625          384       106.67
   41451.519     0.992188          384       128.00
   41451.519     0.992969          384       142.22
   41451.519     0.993750          384       160.00
   41451.519     0.994531          384       182.86
   41451.519     0.995313          384       213.33
   41451.519     0.996094          384       256.00
   41451.519     0.996484          384       284.44
   41451.519     0.996875          384       320.00
   41451.519     0.997266          384       365.71
   41517.055     0.997656          385       426.67
   41517.055     1.000000          385          inf
#[Mean    =    24111.939, StdDeviation   =     9899.484]
#[Max     =    41484.288, Total count    =          385]
#[Buckets =           27, SubBuckets     =         2048]
-----------------------------------------------------------------------
  462 requests in 1.00m, 141.11KB read
Requests/sec:      7.70  
Transfer/sec:      2.35KB
