Running 1m test @ http://10.97.57.202/?loopCount=25&base=6&exp=6
  1 threads and 1 connections

  Thread calibration: mean lat.: 122.940ms, rate sampling interval: 328ms

-----------------------------------------------------------------------
Test Results @ http://10.97.57.202/?loopCount=25&base=6&exp=6 
  Thread Stats   Avg      Stdev     99%   +/- Stdev
    Latency   440.03ms  119.69ms 595.97ms   64.19%
    Req/Sec    24.41      1.09    27.00     86.84%
  Latency Distribution (HdrHistogram - Recorded Latency)
 50.000%  479.74ms
 75.000%  549.38ms
 90.000%  565.25ms
 99.000%  595.97ms
 99.900%  601.60ms
 99.990%  602.11ms
 99.999%  602.11ms
100.000%  602.11ms

  Detailed Percentile spectrum:
       Value   Percentile   TotalCount 1/(1-Percentile)

     179.583     0.000000            1         1.00
     254.591     0.100000          124         1.11
     314.879     0.200000          248         1.25
     378.367     0.300000          372         1.43
     408.319     0.400000          496         1.67
     479.743     0.500000          623         2.00
     499.711     0.550000          682         2.22
     512.511     0.600000          747         2.50
     527.359     0.650000          807         2.86
     538.111     0.700000          869         3.33
     549.375     0.750000          931         4.00
     552.447     0.775000          966         4.44
     555.007     0.800000          994         5.00
     558.079     0.825000         1031         5.71
     560.639     0.850000         1059         6.67
     563.199     0.875000         1088         8.00
     564.223     0.887500         1102         8.89
     565.247     0.900000         1116        10.00
     567.295     0.912500         1132        11.43
     569.855     0.925000         1147        13.33
     573.439     0.937500         1163        16.00
     575.999     0.943750         1173        17.78
     578.047     0.950000         1178        20.00
     579.583     0.956250         1186        22.86
     582.655     0.962500         1195        26.67
     585.215     0.968750         1202        32.00
     587.263     0.971875         1207        35.56
     588.287     0.975000         1210        40.00
     589.311     0.978125         1217        45.71
     589.311     0.981250         1217        53.33
     592.383     0.984375         1221        64.00
     593.919     0.985938         1223        71.11
     594.431     0.987500         1225        80.00
     595.967     0.989062         1229        91.43
     595.967     0.990625         1229       106.67
     596.991     0.992188         1231       128.00
     597.503     0.992969         1232       142.22
     598.527     0.993750         1233       160.00
     599.039     0.994531         1235       182.86
     599.039     0.995313         1235       213.33
     600.575     0.996094         1236       256.00
     600.575     0.996484         1236       284.44
     601.087     0.996875         1238       320.00
     601.087     0.997266         1238       365.71
     601.087     0.997656         1238       426.67
     601.087     0.998047         1238       512.00
     601.087     0.998242         1238       568.89
     601.599     0.998437         1239       640.00
     601.599     0.998633         1239       731.43
     601.599     0.998828         1239       853.33
     601.599     0.999023         1239      1024.00
     601.599     0.999121         1239      1137.78
     602.111     0.999219         1240      1280.00
     602.111     1.000000         1240          inf
#[Mean    =      440.029, StdDeviation   =      119.695]
#[Max     =      601.600, Total count    =         1240]
#[Buckets =           27, SubBuckets     =         2048]
-----------------------------------------------------------------------
  1485 requests in 1.00m, 452.46KB read
Requests/sec:     24.75  
Transfer/sec:      7.54KB
