Running 1m test @ http://10.111.175.232/?loopCount=25&base=6&exp=6
  1 threads and 1 connections

  Thread calibration: mean lat.: 1883.705ms, rate sampling interval: 7200ms

-----------------------------------------------------------------------
Test Results @ http://10.111.175.232/?loopCount=25&base=6&exp=6 
  Thread Stats   Avg      Stdev     99%   +/- Stdev
    Latency    12.38s     4.83s   20.79s    57.49%
    Req/Sec    16.00      0.82    17.00    100.00%
  Latency Distribution (HdrHistogram - Recorded Latency)
 50.000%   12.12s 
 75.000%   16.74s 
 90.000%   19.12s 
 99.000%   20.79s 
 99.900%   20.89s 
 99.990%   20.89s 
 99.999%   20.89s 
100.000%   20.89s 

  Detailed Percentile spectrum:
       Value   Percentile   TotalCount 1/(1-Percentile)

    4030.463     0.000000            2         1.00
    5844.991     0.100000           84         1.11
    7446.527     0.200000          166         1.25
    9207.807     0.300000          256         1.43
   10412.031     0.400000          332         1.67
   12124.159     0.500000          415         2.00
   12959.743     0.550000          456         2.22
   13705.215     0.600000          498         2.50
   14655.487     0.650000          539         2.86
   15736.831     0.700000          580         3.33
   16744.447     0.750000          621         4.00
   17121.279     0.775000          645         4.44
   17448.959     0.800000          663         5.00
   17924.095     0.825000          685         5.71
   18333.695     0.850000          705         6.67
   18677.759     0.875000          725         8.00
   18907.135     0.887500          735         8.89
   19152.895     0.900000          747        10.00
   19349.503     0.912500          757        11.43
   19644.415     0.925000          767        13.33
   19988.479     0.937500          778        16.00
   20201.471     0.943750          783        17.78
   20332.543     0.950000          789        20.00
   20398.079     0.956250          793        22.86
   20496.383     0.962500          798        26.67
   20594.687     0.968750          803        32.00
   20643.839     0.971875          805        35.56
   20742.143     0.975000          809        40.00
   20758.527     0.978125          814        45.71
   20758.527     0.981250          814        53.33
   20774.911     0.984375          819        64.00
   20774.911     0.985938          819        71.11
   20774.911     0.987500          819        80.00
   20774.911     0.989062          819        91.43
   20824.063     0.990625          822       106.67
   20824.063     0.992188          822       128.00
   20873.215     0.992969          825       142.22
   20873.215     0.993750          825       160.00
   20873.215     0.994531          825       182.86
   20873.215     0.995313          825       213.33
   20873.215     0.996094          825       256.00
   20889.599     0.996484          828       284.44
   20889.599     1.000000          828          inf
#[Mean    =    12378.718, StdDeviation   =     4829.525]
#[Max     =    20873.216, Total count    =          828]
#[Buckets =           27, SubBuckets     =         2048]
-----------------------------------------------------------------------
  977 requests in 1.00m, 297.70KB read
Requests/sec:     16.28  
Transfer/sec:      4.96KB
