Running 1m test @ http://10.111.175.232/?loopCount=25&base=6&exp=6
  5 threads and 5 connections

  Thread calibration: mean lat.: 62.979ms, rate sampling interval: 225ms
  Thread calibration: mean lat.: 68.350ms, rate sampling interval: 264ms
  Thread calibration: mean lat.: 84.481ms, rate sampling interval: 313ms
  Thread calibration: mean lat.: 60.234ms, rate sampling interval: 231ms
  Thread calibration: mean lat.: 91.177ms, rate sampling interval: 343ms

-----------------------------------------------------------------------
Test Results @ http://10.111.175.232/?loopCount=25&base=6&exp=6 
  Thread Stats   Avg      Stdev     99%   +/- Stdev
    Latency    76.41ms   53.04ms 252.16ms   87.88%
    Req/Sec     9.41      2.86    17.00     87.00%
  Latency Distribution (HdrHistogram - Recorded Latency)
 50.000%   44.06ms
 75.000%  110.46ms
 90.000%  134.91ms
 99.000%  252.16ms
 99.900%  325.38ms
 99.990%  331.77ms
 99.999%  331.77ms
100.000%  331.77ms

  Detailed Percentile spectrum:
       Value   Percentile   TotalCount 1/(1-Percentile)

      22.095     0.000000            1         1.00
      40.479     0.100000          251         1.11
      40.927     0.200000          509         1.25
      41.375     0.300000          756         1.43
      41.887     0.400000         1002         1.67
      44.063     0.500000         1251         2.00
      50.655     0.550000         1375         2.22
      60.255     0.600000         1500         2.50
      73.791     0.650000         1625         2.86
     106.431     0.700000         1751         3.33
     110.463     0.750000         1875         4.00
     113.215     0.775000         1941         4.44
     115.199     0.800000         2000         5.00
     117.631     0.825000         2064         5.71
     121.919     0.850000         2125         6.67
     126.975     0.875000         2188         8.00
     131.967     0.887500         2220         8.89
     134.911     0.900000         2250        10.00
     140.927     0.912500         2282        11.43
     150.527     0.925000         2313        13.33
     167.039     0.937500         2345        16.00
     206.079     0.943750         2360        17.78
     208.767     0.950000         2375        20.00
     211.199     0.956250         2392        22.86
     213.247     0.962500         2408        26.67
     215.935     0.968750         2422        32.00
     216.831     0.971875         2430        35.56
     218.623     0.975000         2438        40.00
     222.591     0.978125         2446        45.71
     225.919     0.981250         2454        53.33
     230.527     0.984375         2462        64.00
     233.343     0.985938         2465        71.11
     236.799     0.987500         2469        80.00
     240.895     0.989062         2473        91.43
     255.999     0.990625         2477       106.67
     274.175     0.992188         2481       128.00
     307.199     0.992969         2483       142.22
     308.735     0.993750         2485       160.00
     314.111     0.994531         2487       182.86
     315.135     0.995313         2490       213.33
     315.647     0.996094         2491       256.00
     315.903     0.996484         2492       284.44
     316.671     0.996875         2493       320.00
     319.231     0.997266         2494       365.71
     319.999     0.997656         2495       426.67
     320.511     0.998047         2496       512.00
     320.511     0.998242         2496       568.89
     323.839     0.998437         2497       640.00
     323.839     0.998633         2497       731.43
     325.375     0.998828         2498       853.33
     325.375     0.999023         2498      1024.00
     325.375     0.999121         2498      1137.78
     326.399     0.999219         2499      1280.00
     326.399     0.999316         2499      1462.86
     326.399     0.999414         2499      1706.67
     326.399     0.999512         2499      2048.00
     326.399     0.999561         2499      2275.56
     331.775     0.999609         2500      2560.00
     331.775     1.000000         2500          inf
#[Mean    =       76.413, StdDeviation   =       53.036]
#[Max     =      331.520, Total count    =         2500]
#[Buckets =           27, SubBuckets     =         2048]
-----------------------------------------------------------------------
  2992 requests in 1.00m, 0.89MB read
Requests/sec:     49.86  
Transfer/sec:     15.20KB
