Running 1m test @ http://10.106.127.105/?loopCount=25&base=6&exp=6
  5 threads and 5 connections

  Thread calibration: mean lat.: 276.751ms, rate sampling interval: 1296ms
  Thread calibration: mean lat.: 231.890ms, rate sampling interval: 908ms
  Thread calibration: mean lat.: 118.246ms, rate sampling interval: 492ms
  Thread calibration: mean lat.: 212.616ms, rate sampling interval: 908ms
  Thread calibration: mean lat.: 140.641ms, rate sampling interval: 528ms

-----------------------------------------------------------------------
Test Results @ http://10.106.127.105/?loopCount=25&base=6&exp=6 
  Thread Stats   Avg      Stdev     99%   +/- Stdev
    Latency   205.66ms  164.46ms 686.08ms   69.02%
    Req/Sec     9.57      2.59    18.00     88.05%
  Latency Distribution (HdrHistogram - Recorded Latency)
 50.000%  157.82ms
 75.000%  271.87ms
 90.000%  456.45ms
 99.000%  686.08ms
 99.900%  772.09ms
 99.990%  852.48ms
 99.999%  852.48ms
100.000%  852.48ms

  Detailed Percentile spectrum:
       Value   Percentile   TotalCount 1/(1-Percentile)

      21.983     0.000000            1         1.00
      40.735     0.100000          265         1.11
      43.135     0.200000          498         1.25
      93.759     0.300000          748         1.43
     143.359     0.400000          996         1.67
     157.823     0.500000         1245         2.00
     167.167     0.550000         1370         2.22
     191.871     0.600000         1494         2.50
     230.911     0.650000         1618         2.86
     253.695     0.700000         1743         3.33
     271.871     0.750000         1867         4.00
     300.287     0.775000         1930         4.44
     345.087     0.800000         1992         5.00
     355.071     0.825000         2055         5.71
     367.103     0.850000         2117         6.67
     407.551     0.875000         2178         8.00
     448.255     0.887500         2209         8.89
     456.447     0.900000         2242        10.00
     468.479     0.912500         2272        11.43
     496.895     0.925000         2303        13.33
     545.791     0.937500         2336        16.00
     554.495     0.943750         2352        17.78
     561.151     0.950000         2365        20.00
     571.903     0.956250         2383        22.86
     590.847     0.962500         2396        26.67
     623.615     0.968750         2412        32.00
     645.631     0.971875         2419        35.56
     649.215     0.975000         2427        40.00
     651.263     0.978125         2435        45.71
     657.407     0.981250         2443        53.33
     664.063     0.984375         2452        64.00
     664.575     0.985938         2455        71.11
     672.767     0.987500         2459        80.00
     681.471     0.989062         2462        91.43
     689.151     0.990625         2466       106.67
     704.511     0.992188         2470       128.00
     712.191     0.992969         2472       142.22
     744.959     0.993750         2475       160.00
     749.055     0.994531         2477       182.86
     749.567     0.995313         2478       213.33
     753.663     0.996094         2481       256.00
     753.663     0.996484         2481       284.44
     754.687     0.996875         2482       320.00
     756.223     0.997266         2483       365.71
     763.903     0.997656         2484       426.67
     766.975     0.998047         2485       512.00
     766.975     0.998242         2485       568.89
     771.583     0.998437         2486       640.00
     771.583     0.998633         2486       731.43
     772.095     0.998828         2487       853.33
     772.095     0.999023         2487      1024.00
     772.095     0.999121         2487      1137.78
     793.087     0.999219         2488      1280.00
     793.087     0.999316         2488      1462.86
     793.087     0.999414         2488      1706.67
     793.087     0.999512         2488      2048.00
     793.087     0.999561         2488      2275.56
     852.479     0.999609         2489      2560.00
     852.479     1.000000         2489          inf
#[Mean    =      205.657, StdDeviation   =      164.458]
#[Max     =      851.968, Total count    =         2489]
#[Buckets =           27, SubBuckets     =         2048]
-----------------------------------------------------------------------
  2982 requests in 1.00m, 0.89MB read
Requests/sec:     49.70  
Transfer/sec:     15.16KB
