Running 1m test @ http://10.102.207.185/?loopCount=25&base=6&exp=6
  5 threads and 5 connections

  Thread calibration: mean lat.: 1654.026ms, rate sampling interval: 6045ms
  Thread calibration: mean lat.: 1669.270ms, rate sampling interval: 6426ms
  Thread calibration: mean lat.: 2209.937ms, rate sampling interval: 7467ms
  Thread calibration: mean lat.: 1788.279ms, rate sampling interval: 6479ms
  Thread calibration: mean lat.: 1892.904ms, rate sampling interval: 6905ms

-----------------------------------------------------------------------
Test Results @ http://10.102.207.185/?loopCount=25&base=6&exp=6 
  Thread Stats   Avg      Stdev     99%   +/- Stdev
    Latency    13.54s     5.79s   24.00s    58.16%
    Req/Sec     8.60      0.55    10.00    100.00%
  Latency Distribution (HdrHistogram - Recorded Latency)
 50.000%   13.49s 
 75.000%   18.46s 
 90.000%   21.46s 
 99.000%   24.00s 
 99.900%   24.71s 
 99.990%   24.85s 
 99.999%   24.85s 
100.000%   24.85s 

  Detailed Percentile spectrum:
       Value   Percentile   TotalCount 1/(1-Percentile)

    3489.791     0.000000            1         1.00
    5525.503     0.100000          228         1.11
    7548.927     0.200000          455         1.25
    9461.759     0.300000          685         1.43
   11526.143     0.400000          910         1.67
   13492.223     0.500000         1137         2.00
   14557.183     0.550000         1251         2.22
   15564.799     0.600000         1364         2.50
   16506.879     0.650000         1478         2.86
   17563.647     0.700000         1593         3.33
   18464.767     0.750000         1707         4.00
   18874.367     0.775000         1764         4.44
   19513.343     0.800000         1820         5.00
   20168.703     0.825000         1877         5.71
   20676.607     0.850000         1934         6.67
   21037.055     0.875000         1989         8.00
   21315.583     0.887500         2021         8.89
   21463.039     0.900000         2050        10.00
   21692.415     0.912500         2075        11.43
   21954.559     0.925000         2106        13.33
   22167.551     0.937500         2132        16.00
   22282.239     0.943750         2146        17.78
   22462.463     0.950000         2162        20.00
   22609.919     0.956250         2174        22.86
   22757.375     0.962500         2189        26.67
   22904.831     0.968750         2202        32.00
   23068.671     0.971875         2211        35.56
   23117.823     0.975000         2217        40.00
   23232.511     0.978125         2225        45.71
   23314.431     0.981250         2231        53.33
   23511.039     0.984375         2238        64.00
   23658.495     0.985938         2242        71.11
   23789.567     0.987500         2245        80.00
   23920.639     0.989062         2249        91.43
   24150.015     0.990625         2252       106.67
   24330.239     0.992188         2256       128.00
   24510.463     0.992969         2260       142.22
   24510.463     0.993750         2260       160.00
   24526.847     0.994531         2262       182.86
   24543.231     0.995313         2264       213.33
   24559.615     0.996094         2266       256.00
   24559.615     0.996484         2266       284.44
   24559.615     0.996875         2266       320.00
   24575.999     0.997266         2267       365.71
   24592.383     0.997656         2268       426.67
   24625.151     0.998047         2269       512.00
   24657.919     0.998242         2270       568.89
   24657.919     0.998437         2270       640.00
   24657.919     0.998633         2270       731.43
   24707.071     0.998828         2271       853.33
   24707.071     0.999023         2271      1024.00
   24772.607     0.999121         2272      1137.78
   24772.607     0.999219         2272      1280.00
   24772.607     0.999316         2272      1462.86
   24772.607     0.999414         2272      1706.67
   24772.607     0.999512         2272      2048.00
   24854.527     0.999561         2273      2275.56
   24854.527     1.000000         2273          inf
#[Mean    =    13541.697, StdDeviation   =     5790.868]
#[Max     =    24838.144, Total count    =         2273]
#[Buckets =           27, SubBuckets     =         2048]
-----------------------------------------------------------------------
  2743 requests in 1.00m, 837.12KB read
Requests/sec:     45.71  
Transfer/sec:     13.95KB
