Running 1m test @ http://10.102.207.185/?loopCount=25&base=6&exp=6
  5 threads and 5 connections

  Thread calibration: mean lat.: 578.615ms, rate sampling interval: 1544ms
  Thread calibration: mean lat.: 512.857ms, rate sampling interval: 1438ms
  Thread calibration: mean lat.: 518.202ms, rate sampling interval: 1812ms
  Thread calibration: mean lat.: 662.893ms, rate sampling interval: 2291ms
  Thread calibration: mean lat.: 499.886ms, rate sampling interval: 1540ms

-----------------------------------------------------------------------
Test Results @ http://10.102.207.185/?loopCount=25&base=6&exp=6 
  Thread Stats   Avg      Stdev     99%   +/- Stdev
    Latency     2.65s     1.30s    5.65s    63.03%
    Req/Sec     8.95      1.04    11.00     90.41%
  Latency Distribution (HdrHistogram - Recorded Latency)
 50.000%    2.35s 
 75.000%    3.62s 
 90.000%    4.80s 
 99.000%    5.65s 
 99.900%    5.99s 
 99.990%    6.06s 
 99.999%    6.06s 
100.000%    6.06s 

  Detailed Percentile spectrum:
       Value   Percentile   TotalCount 1/(1-Percentile)

     556.543     0.000000            1         1.00
    1183.743     0.100000          234         1.11
    1496.063     0.200000          469         1.25
    1822.719     0.300000          702         1.43
    2087.935     0.400000          936         1.67
    2349.055     0.500000         1169         2.00
    2465.791     0.550000         1286         2.22
    2574.335     0.600000         1404         2.50
    2746.367     0.650000         1521         2.86
    3250.175     0.700000         1636         3.33
    3618.815     0.750000         1753         4.00
    3958.783     0.775000         1812         4.44
    4089.855     0.800000         1871         5.00
    4227.071     0.825000         1929         5.71
    4358.143     0.850000         1990         6.67
    4612.095     0.875000         2045         8.00
    4722.687     0.887500         2080         8.89
    4800.511     0.900000         2108        10.00
    4825.087     0.912500         2135        11.43
    4866.047     0.925000         2166        13.33
    4923.391     0.937500         2191        16.00
    4960.255     0.943750         2208        17.78
    4980.735     0.950000         2221        20.00
    4997.119     0.956250         2236        22.86
    5062.655     0.962500         2250        26.67
    5214.207     0.968750         2264        32.00
    5255.167     0.971875         2273        35.56
    5275.647     0.975000         2279        40.00
    5345.279     0.978125         2286        45.71
    5369.855     0.981250         2294        53.33
    5464.063     0.984375         2301        64.00
    5562.367     0.985938         2305        71.11
    5591.039     0.987500         2308        80.00
    5623.807     0.989062         2313        91.43
    5656.575     0.990625         2318       106.67
    5664.767     0.992188         2319       128.00
    5689.343     0.992969         2321       142.22
    5693.439     0.993750         2323       160.00
    5697.535     0.994531         2325       182.86
    5726.207     0.995313         2327       213.33
    5754.879     0.996094         2328       256.00
    5787.647     0.996484         2329       284.44
    5922.815     0.996875         2331       320.00
    5922.815     0.997266         2331       365.71
    5959.679     0.997656         2332       426.67
    5963.775     0.998047         2334       512.00
    5963.775     0.998242         2334       568.89
    5963.775     0.998437         2334       640.00
    5963.775     0.998633         2334       731.43
    5992.447     0.998828         2335       853.33
    5992.447     0.999023         2335      1024.00
    5992.447     0.999121         2335      1137.78
    6025.215     0.999219         2336      1280.00
    6025.215     0.999316         2336      1462.86
    6025.215     0.999414         2336      1706.67
    6025.215     0.999512         2336      2048.00
    6025.215     0.999561         2336      2275.56
    6062.079     0.999609         2337      2560.00
    6062.079     1.000000         2337          inf
#[Mean    =     2654.372, StdDeviation   =     1301.153]
#[Max     =     6057.984, Total count    =         2337]
#[Buckets =           27, SubBuckets     =         2048]
-----------------------------------------------------------------------
  2789 requests in 1.00m, 851.11KB read
Requests/sec:     46.48  
Transfer/sec:     14.18KB
