Running 1m test @ http://10.108.10.66/?loopCount=25&base=6&exp=6
  1 threads and 1 connections

  Thread calibration: mean lat.: 3284.177ms, rate sampling interval: 12238ms

-----------------------------------------------------------------------
Test Results @ http://10.108.10.66/?loopCount=25&base=6&exp=6 
  Thread Stats   Avg      Stdev     99%   +/- Stdev
    Latency    24.94s    10.31s   41.81s    55.22%
    Req/Sec     6.75      0.43     7.00    100.00%
  Latency Distribution (HdrHistogram - Recorded Latency)
 50.000%   25.25s 
 75.000%   33.98s 
 90.000%   38.80s 
 99.000%   41.81s 
 99.900%   42.07s 
 99.990%   42.07s 
 99.999%   42.07s 
100.000%   42.07s 

  Detailed Percentile spectrum:
       Value   Percentile   TotalCount 1/(1-Percentile)

    6672.383     0.000000            1         1.00
   10919.935     0.100000           38         1.11
   13484.031     0.200000           73         1.25
   18104.319     0.300000          110         1.43
   21676.031     0.400000          146         1.67
   25247.743     0.500000          182         2.00
   27394.047     0.550000          201         2.22
   28868.607     0.600000          220         2.50
   30638.079     0.650000          237         2.86
   32014.335     0.700000          255         3.33
   33980.415     0.750000          273         4.00
   34930.687     0.775000          283         4.44
   35782.655     0.800000          292         5.00
   36372.479     0.825000          301         5.71
   37158.911     0.850000          310         6.67
   37879.807     0.875000          319         8.00
   38436.863     0.887500          324         8.89
   38797.311     0.900000          328        10.00
   39190.527     0.912500          333        11.43
   39550.975     0.925000          337        13.33
   40239.103     0.937500          342        16.00
   40468.479     0.943750          344        17.78
   40697.855     0.950000          346        20.00
   40861.695     0.956250          349        22.86
   41058.303     0.962500          351        26.67
   41287.679     0.968750          353        32.00
   41385.983     0.971875          354        35.56
   41451.519     0.975000          355        40.00
   41582.591     0.978125          357        45.71
   41713.663     0.981250          358        53.33
   41746.431     0.984375          359        64.00
   41746.431     0.985938          359        71.11
   41811.967     0.987500          360        80.00
   41877.503     0.989062          361        91.43
   41877.503     0.990625          361       106.67
   41943.039     0.992188          362       128.00
   41943.039     0.992969          362       142.22
   41943.039     0.993750          362       160.00
   42008.575     0.994531          363       182.86
   42008.575     0.995313          363       213.33
   42008.575     0.996094          363       256.00
   42008.575     0.996484          363       284.44
   42008.575     0.996875          363       320.00
   42074.111     0.997266          364       365.71
   42074.111     1.000000          364          inf
#[Mean    =    24939.734, StdDeviation   =    10305.929]
#[Max     =    42041.344, Total count    =          364]
#[Buckets =           27, SubBuckets     =         2048]
-----------------------------------------------------------------------
  448 requests in 1.00m, 136.83KB read
Requests/sec:      7.47  
Transfer/sec:      2.28KB
