Running 1m test @ http://10.102.207.185/?loopCount=25&base=6&exp=6
  5 threads and 5 connections

  Thread calibration: mean lat.: 208.425ms, rate sampling interval: 633ms
  Thread calibration: mean lat.: 578.661ms, rate sampling interval: 1952ms
  Thread calibration: mean lat.: 629.975ms, rate sampling interval: 2639ms
  Thread calibration: mean lat.: 547.113ms, rate sampling interval: 1966ms
  Thread calibration: mean lat.: 523.099ms, rate sampling interval: 1836ms

-----------------------------------------------------------------------
Test Results @ http://10.102.207.185/?loopCount=25&base=6&exp=6 
  Thread Stats   Avg      Stdev     99%   +/- Stdev
    Latency     2.24s     1.59s    7.54s    75.80%
    Req/Sec     9.13      1.60    14.00     91.33%
  Latency Distribution (HdrHistogram - Recorded Latency)
 50.000%    1.96s 
 75.000%    2.68s 
 90.000%    4.78s 
 99.000%    7.54s 
 99.900%    7.86s 
 99.990%    7.95s 
 99.999%    7.95s 
100.000%    7.95s 

  Detailed Percentile spectrum:
       Value   Percentile   TotalCount 1/(1-Percentile)

      48.831     0.000000            1         1.00
     440.319     0.100000          237         1.11
    1139.711     0.200000          474         1.25
    1403.903     0.300000          711         1.43
    1604.607     0.400000          949         1.67
    1958.911     0.500000         1184         2.00
    2127.871     0.550000         1303         2.22
    2312.191     0.600000         1421         2.50
    2428.927     0.650000         1540         2.86
    2529.279     0.700000         1660         3.33
    2680.831     0.750000         1781         4.00
    2781.183     0.775000         1838         4.44
    2856.959     0.800000         1896         5.00
    2932.735     0.825000         1954         5.71
    3131.391     0.850000         2013         6.67
    3635.199     0.875000         2072         8.00
    4063.231     0.887500         2102         8.89
    4784.127     0.900000         2134        10.00
    4911.103     0.912500         2162        11.43
    5128.191     0.925000         2191        13.33
    5668.863     0.937500         2220        16.00
    5713.919     0.943750         2236        17.78
    5922.815     0.950000         2250        20.00
    6156.287     0.956250         2265        22.86
    6324.223     0.962500         2280        26.67
    6676.479     0.968750         2294        32.00
    6881.279     0.971875         2302        35.56
    7057.407     0.975000         2309        40.00
    7139.327     0.978125         2317        45.71
    7213.055     0.981250         2324        53.33
    7368.703     0.984375         2331        64.00
    7421.951     0.985938         2335        71.11
    7507.967     0.987500         2339        80.00
    7528.447     0.989062         2343        91.43
    7548.927     0.990625         2347       106.67
    7647.231     0.992188         2350       128.00
    7675.903     0.992969         2352       142.22
    7749.631     0.993750         2355       160.00
    7753.727     0.994531         2356       182.86
    7790.591     0.995313         2357       213.33
    7806.975     0.996094         2359       256.00
    7811.071     0.996484         2360       284.44
    7815.167     0.996875         2361       320.00
    7827.455     0.997266         2362       365.71
    7852.031     0.997656         2365       426.67
    7852.031     0.998047         2365       512.00
    7852.031     0.998242         2365       568.89
    7852.031     0.998437         2365       640.00
    7852.031     0.998633         2365       731.43
    7856.127     0.998828         2366       853.33
    7856.127     0.999023         2366      1024.00
    7856.127     0.999121         2366      1137.78
    7929.855     0.999219         2367      1280.00
    7929.855     0.999316         2367      1462.86
    7929.855     0.999414         2367      1706.67
    7929.855     0.999512         2367      2048.00
    7929.855     0.999561         2367      2275.56
    7954.431     0.999609         2368      2560.00
    7954.431     1.000000         2368          inf
#[Mean    =     2236.492, StdDeviation   =     1590.772]
#[Max     =     7950.336, Total count    =         2368]
#[Buckets =           27, SubBuckets     =         2048]
-----------------------------------------------------------------------
  2816 requests in 1.00m, 859.30KB read
Requests/sec:     46.93  
Transfer/sec:     14.32KB
