Running 1m test @ http://10.106.106.124/?loopCount=25&base=6&exp=6
  5 threads and 5 connections

  Thread calibration: mean lat.: 548.294ms, rate sampling interval: 1968ms
  Thread calibration: mean lat.: 813.459ms, rate sampling interval: 2936ms
  Thread calibration: mean lat.: 415.994ms, rate sampling interval: 1773ms
  Thread calibration: mean lat.: 242.971ms, rate sampling interval: 1163ms
  Thread calibration: mean lat.: 328.569ms, rate sampling interval: 1126ms

-----------------------------------------------------------------------
Test Results @ http://10.106.106.124/?loopCount=25&base=6&exp=6 
  Thread Stats   Avg      Stdev     99%   +/- Stdev
    Latency     3.07s     2.22s   10.92s    79.14%
    Req/Sec    13.25      2.35    18.00     87.82%
  Latency Distribution (HdrHistogram - Recorded Latency)
 50.000%    2.54s 
 75.000%    4.03s 
 90.000%    5.40s 
 99.000%   10.92s 
 99.900%   11.18s 
 99.990%   11.21s 
 99.999%   11.21s 
100.000%   11.21s 

  Detailed Percentile spectrum:
       Value   Percentile   TotalCount 1/(1-Percentile)

     147.327     0.000000            1         1.00
     833.023     0.100000          339         1.11
    1227.775     0.200000          679         1.25
    1745.919     0.300000         1018         1.43
    2109.439     0.400000         1356         1.67
    2537.471     0.500000         1696         2.00
    2846.719     0.550000         1868         2.22
    3254.271     0.600000         2037         2.50
    3592.191     0.650000         2204         2.86
    3846.143     0.700000         2373         3.33
    4028.415     0.750000         2546         4.00
    4120.575     0.775000         2628         4.44
    4235.263     0.800000         2712         5.00
    4325.375     0.825000         2801         5.71
    4607.999     0.850000         2883         6.67
    4853.759     0.875000         2968         8.00
    5185.535     0.887500         3009         8.89
    5402.623     0.900000         3051        10.00
    6057.983     0.912500         3095        11.43
    6696.959     0.925000         3136        13.33
    7557.119     0.937500         3179        16.00
    7679.999     0.943750         3201        17.78
    7917.567     0.950000         3221        20.00
    8429.567     0.956250         3242        22.86
    9322.495     0.962500         3263        26.67
    9584.639     0.968750         3286        32.00
    9789.439     0.971875         3296        35.56
    9928.703     0.975000         3306        40.00
    9977.855     0.978125         3316        45.71
   10059.775     0.981250         3327        53.33
   10264.575     0.984375         3338        64.00
   10420.223     0.985938         3343        71.11
   10649.599     0.987500         3348        80.00
   10870.783     0.989062         3353        91.43
   10960.895     0.990625         3359       106.67
   10985.471     0.992188         3364       128.00
   11010.047     0.992969         3369       142.22
   11010.047     0.993750         3369       160.00
   11026.431     0.994531         3372       182.86
   11083.775     0.995313         3375       213.33
   11116.543     0.996094         3377       256.00
   11132.927     0.996484         3380       284.44
   11132.927     0.996875         3380       320.00
   11141.119     0.997266         3381       365.71
   11149.311     0.997656         3383       426.67
   11165.695     0.998047         3386       512.00
   11165.695     0.998242         3386       568.89
   11165.695     0.998437         3386       640.00
   11165.695     0.998633         3386       731.43
   11182.079     0.998828         3387       853.33
   11182.079     0.999023         3387      1024.00
   11190.271     0.999121         3389      1137.78
   11190.271     0.999219         3389      1280.00
   11190.271     0.999316         3389      1462.86
   11190.271     0.999414         3389      1706.67
   11190.271     0.999512         3389      2048.00
   11190.271     0.999561         3389      2275.56
   11190.271     0.999609         3389      2560.00
   11190.271     0.999658         3389      2925.71
   11206.655     0.999707         3390      3413.33
   11206.655     1.000000         3390          inf
#[Mean    =     3071.285, StdDeviation   =     2216.389]
#[Max     =    11198.464, Total count    =         3390]
#[Buckets =           27, SubBuckets     =         2048]
-----------------------------------------------------------------------
  4074 requests in 1.00m, 1.21MB read
Requests/sec:     67.89  
Transfer/sec:     20.70KB
