Running 1m test @ http://10.102.207.185/?loopCount=25&base=6&exp=6
  5 threads and 5 connections

  Thread calibration: mean lat.: 963.978ms, rate sampling interval: 3086ms
  Thread calibration: mean lat.: 1005.392ms, rate sampling interval: 2983ms
  Thread calibration: mean lat.: 559.338ms, rate sampling interval: 2097ms
  Thread calibration: mean lat.: 445.513ms, rate sampling interval: 1702ms
  Thread calibration: mean lat.: 436.104ms, rate sampling interval: 1483ms

-----------------------------------------------------------------------
Test Results @ http://10.102.207.185/?loopCount=25&base=6&exp=6 
  Thread Stats   Avg      Stdev     99%   +/- Stdev
    Latency     2.94s     1.33s    5.89s    62.90%
    Req/Sec     8.79      1.19    12.00     92.31%
  Latency Distribution (HdrHistogram - Recorded Latency)
 50.000%    2.75s 
 75.000%    3.85s 
 90.000%    4.91s 
 99.000%    5.89s 
 99.900%    6.37s 
 99.990%    6.39s 
 99.999%    6.39s 
100.000%    6.39s 

  Detailed Percentile spectrum:
       Value   Percentile   TotalCount 1/(1-Percentile)

     558.591     0.000000            1         1.00
    1257.471     0.100000          230         1.11
    1741.823     0.200000          461         1.25
    2115.583     0.300000          689         1.43
    2469.887     0.400000          919         1.67
    2754.559     0.500000         1147         2.00
    2908.159     0.550000         1264         2.22
    3082.239     0.600000         1378         2.50
    3301.375     0.650000         1493         2.86
    3493.887     0.700000         1607         3.33
    3850.239     0.750000         1721         4.00
    4007.935     0.775000         1778         4.44
    4175.871     0.800000         1836         5.00
    4452.351     0.825000         1896         5.71
    4612.095     0.850000         1950         6.67
    4751.359     0.875000         2008         8.00
    4845.567     0.887500         2038         8.89
    4907.007     0.900000         2065        10.00
    4997.119     0.912500         2095        11.43
    5083.135     0.925000         2123        13.33
    5144.575     0.937500         2153        16.00
    5275.647     0.943750         2165        17.78
    5390.335     0.950000         2180        20.00
    5492.735     0.956250         2195        22.86
    5607.423     0.962500         2208        26.67
    5693.439     0.968750         2225        32.00
    5705.727     0.971875         2231        35.56
    5718.015     0.975000         2237        40.00
    5742.591     0.978125         2246        45.71
    5758.975     0.981250         2251        53.33
    5799.935     0.984375         2259        64.00
    5812.223     0.985938         2262        71.11
    5840.895     0.987500         2266        80.00
    5877.759     0.989062         2269        91.43
    5902.335     0.990625         2273       106.67
    5959.679     0.992188         2277       128.00
    6062.079     0.992969         2278       142.22
    6143.999     0.993750         2281       160.00
    6152.191     0.994531         2282       182.86
    6213.631     0.995313         2284       213.33
    6250.495     0.996094         2286       256.00
    6250.495     0.996484         2286       284.44
    6262.783     0.996875         2287       320.00
    6299.647     0.997266         2288       365.71
    6311.935     0.997656         2289       426.67
    6332.415     0.998047         2290       512.00
    6332.415     0.998242         2290       568.89
    6344.703     0.998437         2291       640.00
    6344.703     0.998633         2291       731.43
    6369.279     0.998828         2292       853.33
    6369.279     0.999023         2292      1024.00
    6369.279     0.999121         2292      1137.78
    6381.567     0.999219         2293      1280.00
    6381.567     0.999316         2293      1462.86
    6381.567     0.999414         2293      1706.67
    6381.567     0.999512         2293      2048.00
    6381.567     0.999561         2293      2275.56
    6393.855     0.999609         2294      2560.00
    6393.855     1.000000         2294          inf
#[Mean    =     2942.456, StdDeviation   =     1329.019]
#[Max     =     6389.760, Total count    =         2294]
#[Buckets =           27, SubBuckets     =         2048]
-----------------------------------------------------------------------
  2737 requests in 1.00m, 835.26KB read
Requests/sec:     45.61  
Transfer/sec:     13.92KB
