Running 1m test @ http://10.99.199.129/?loopCount=25&base=6&exp=6
  1 threads and 1 connections

  Thread calibration: mean lat.: 3074.050ms, rate sampling interval: 12640ms

-----------------------------------------------------------------------
Test Results @ http://10.99.199.129/?loopCount=25&base=6&exp=6 
  Thread Stats   Avg      Stdev     99%   +/- Stdev
    Latency    25.09s    10.65s   43.55s    57.86%
    Req/Sec     6.00      0.00     6.00    100.00%
  Latency Distribution (HdrHistogram - Recorded Latency)
 50.000%   25.07s 
 75.000%   34.08s 
 90.000%   39.91s 
 99.000%   43.55s 
 99.900%   44.04s 
 99.990%   44.04s 
 99.999%   44.04s 
100.000%   44.04s 

  Detailed Percentile spectrum:
       Value   Percentile   TotalCount 1/(1-Percentile)

    6963.199     0.000000            1         1.00
   10559.487     0.100000           32         1.11
   14262.271     0.200000           64         1.25
   17481.727     0.300000           96         1.43
   21118.975     0.400000          128         1.67
   25067.519     0.500000          159         2.00
   27017.215     0.550000          175         2.22
   28803.071     0.600000          191         2.50
   30343.167     0.650000          207         2.86
   32309.247     0.700000          223         3.33
   34078.719     0.750000          239         4.00
   35356.671     0.775000          247         4.44
   36438.015     0.800000          255         5.00
   37322.751     0.825000          263         5.71
   38010.879     0.850000          271         6.67
   38797.311     0.875000          279         8.00
   39518.207     0.887500          283         8.89
   39976.959     0.900000          287        10.00
   40501.247     0.912500          291        11.43
   41025.535     0.925000          295        13.33
   41385.983     0.937500          299        16.00
   41582.591     0.943750          301        17.78
   41811.967     0.950000          303        20.00
   42041.343     0.956250          305        22.86
   42270.719     0.962500          307        26.67
   42663.935     0.968750          309        32.00
   42762.239     0.971875          310        35.56
   42893.311     0.975000          311        40.00
   43155.455     0.978125          312        45.71
   43220.991     0.981250          313        53.33
   43384.831     0.984375          314        64.00
   43384.831     0.985938          314        71.11
   43548.671     0.987500          315        80.00
   43548.671     0.989062          315        91.43
   43712.511     0.990625          316       106.67
   43712.511     0.992188          316       128.00
   43712.511     0.992969          316       142.22
   43843.583     0.993750          317       160.00
   43843.583     0.994531          317       182.86
   43843.583     0.995313          317       213.33
   43843.583     0.996094          317       256.00
   43843.583     0.996484          317       284.44
   44040.191     0.996875          318       320.00
   44040.191     1.000000          318          inf
#[Mean    =    25093.249, StdDeviation   =    10651.645]
#[Max     =    44007.424, Total count    =          318]
#[Buckets =           27, SubBuckets     =         2048]
-----------------------------------------------------------------------
  396 requests in 1.00m, 121.00KB read
Requests/sec:      6.60  
Transfer/sec:      2.02KB
