Running 1m test @ http://10.106.127.105/?loopCount=25&base=6&exp=6
  5 threads and 5 connections

  Thread calibration: mean lat.: 956.338ms, rate sampling interval: 3258ms
  Thread calibration: mean lat.: 1358.396ms, rate sampling interval: 4427ms
  Thread calibration: mean lat.: 919.141ms, rate sampling interval: 2473ms
  Thread calibration: mean lat.: 505.803ms, rate sampling interval: 2111ms
  Thread calibration: mean lat.: 487.603ms, rate sampling interval: 2441ms

-----------------------------------------------------------------------
Test Results @ http://10.106.127.105/?loopCount=25&base=6&exp=6 
  Thread Stats   Avg      Stdev     99%   +/- Stdev
    Latency     6.74s     2.84s   12.09s    60.03%
    Req/Sec    11.51      1.66    15.00     95.51%
  Latency Distribution (HdrHistogram - Recorded Latency)
 50.000%    6.62s 
 75.000%    9.03s 
 90.000%   10.49s 
 99.000%   12.09s 
 99.900%   12.83s 
 99.990%   12.86s 
 99.999%   12.86s 
100.000%   12.86s 

  Detailed Percentile spectrum:
       Value   Percentile   TotalCount 1/(1-Percentile)

     814.591     0.000000            1         1.00
    2797.567     0.100000          301         1.11
    3909.631     0.200000          602         1.25
    5033.983     0.300000          898         1.43
    5861.375     0.400000         1199         1.67
    6623.231     0.500000         1498         2.00
    7057.407     0.550000         1648         2.22
    7704.575     0.600000         1796         2.50
    8134.655     0.650000         1946         2.86
    8609.791     0.700000         2095         3.33
    9027.583     0.750000         2247         4.00
    9347.071     0.775000         2319         4.44
    9592.831     0.800000         2395         5.00
    9797.631     0.825000         2471         5.71
    9977.855     0.850000         2545         6.67
   10297.343     0.875000         2620         8.00
   10387.455     0.887500         2657         8.89
   10485.759     0.900000         2694        10.00
   10665.983     0.912500         2732        11.43
   10797.055     0.925000         2769        13.33
   11059.199     0.937500         2805        16.00
   11190.271     0.943750         2824        17.78
   11403.263     0.950000         2843        20.00
   11591.679     0.956250         2862        22.86
   11673.599     0.962500         2882        26.67
   11730.943     0.968750         2900        32.00
   11780.095     0.971875         2908        35.56
   11812.863     0.975000         2920        40.00
   11829.247     0.978125         2927        45.71
   11862.015     0.981250         2936        53.33
   11911.167     0.984375         2946        64.00
   11943.935     0.985938         2950        71.11
   12009.471     0.987500         2955        80.00
   12075.007     0.989062         2961        91.43
   12099.583     0.990625         2964       106.67
   12287.999     0.992188         2969       128.00
   12419.071     0.992969         2971       142.22
   12460.031     0.993750         2974       160.00
   12525.567     0.994531         2976       182.86
   12640.255     0.995313         2978       213.33
   12746.751     0.996094         2981       256.00
   12754.943     0.996484         2982       284.44
   12771.327     0.996875         2983       320.00
   12779.519     0.997266         2984       365.71
   12787.711     0.997656         2985       426.67
   12804.095     0.998047         2988       512.00
   12804.095     0.998242         2988       568.89
   12804.095     0.998437         2988       640.00
   12804.095     0.998633         2988       731.43
   12828.671     0.998828         2990       853.33
   12828.671     0.999023         2990      1024.00
   12828.671     0.999121         2990      1137.78
   12828.671     0.999219         2990      1280.00
   12828.671     0.999316         2990      1462.86
   12861.439     0.999414         2992      1706.67
   12861.439     1.000000         2992          inf
#[Mean    =     6737.904, StdDeviation   =     2838.217]
#[Max     =    12853.248, Total count    =         2992]
#[Buckets =           27, SubBuckets     =         2048]
-----------------------------------------------------------------------
  3614 requests in 1.00m, 1.08MB read
Requests/sec:     60.23  
Transfer/sec:     18.37KB
