Running 1m test @ http://10.97.57.202/?loopCount=25&base=6&exp=6
  5 threads and 5 connections

  Thread calibration: mean lat.: 251.902ms, rate sampling interval: 865ms
  Thread calibration: mean lat.: 164.172ms, rate sampling interval: 571ms
  Thread calibration: mean lat.: 130.678ms, rate sampling interval: 443ms
  Thread calibration: mean lat.: 539.687ms, rate sampling interval: 1866ms
  Thread calibration: mean lat.: 167.829ms, rate sampling interval: 592ms

-----------------------------------------------------------------------
Test Results @ http://10.97.57.202/?loopCount=25&base=6&exp=6 
  Thread Stats   Avg      Stdev     99%   +/- Stdev
    Latency   541.96ms  751.56ms   2.85s    86.74%
    Req/Sec     9.54      1.67    13.00     89.89%
  Latency Distribution (HdrHistogram - Recorded Latency)
 50.000%  219.65ms
 75.000%  514.82ms
 90.000%    1.82s 
 99.000%    2.85s 
 99.900%    3.09s 
 99.990%    3.09s 
 99.999%    3.09s 
100.000%    3.09s 

  Detailed Percentile spectrum:
       Value   Percentile   TotalCount 1/(1-Percentile)

      25.279     0.000000            1         1.00
      64.703     0.100000          249         1.11
     110.719     0.200000          496         1.25
     134.527     0.300000          743         1.43
     174.207     0.400000          990         1.67
     219.647     0.500000         1237         2.00
     237.823     0.550000         1361         2.22
     289.535     0.600000         1487         2.50
     330.239     0.650000         1609         2.86
     396.543     0.700000         1732         3.33
     514.815     0.750000         1856         4.00
     579.583     0.775000         1918         4.44
     642.047     0.800000         1980         5.00
     893.951     0.825000         2042         5.71
    1013.247     0.850000         2103         6.67
    1599.487     0.875000         2165         8.00
    1722.367     0.887500         2196         8.89
    1822.719     0.900000         2227        10.00
    2189.311     0.912500         2258        11.43
    2461.695     0.925000         2290        13.33
    2521.087     0.937500         2321        16.00
    2531.327     0.943750         2335        17.78
    2547.711     0.950000         2351        20.00
    2588.671     0.956250         2367        22.86
    2623.487     0.962500         2382        26.67
    2654.207     0.968750         2397        32.00
    2703.359     0.971875         2406        35.56
    2736.127     0.975000         2416        40.00
    2760.703     0.978125         2420        45.71
    2793.471     0.981250         2428        53.33
    2803.711     0.984375         2437        64.00
    2824.191     0.985938         2442        71.11
    2834.431     0.987500         2444        80.00
    2846.719     0.989062         2449        91.43
    2854.911     0.990625         2452       106.67
    2891.775     0.992188         2455       128.00
    2906.111     0.992969         2457       142.22
    2936.831     0.993750         2459       160.00
    2955.263     0.994531         2461       182.86
    2988.031     0.995313         2463       213.33
    3026.943     0.996094         2465       256.00
    3041.279     0.996484         2466       284.44
    3047.423     0.996875         2468       320.00
    3047.423     0.997266         2468       365.71
    3059.711     0.997656         2470       426.67
    3059.711     0.998047         2470       512.00
    3059.711     0.998242         2470       568.89
    3092.479     0.998437         2473       640.00
    3092.479     0.998633         2473       731.43
    3092.479     0.998828         2473       853.33
    3092.479     0.999023         2473      1024.00
    3092.479     0.999121         2473      1137.78
    3092.479     0.999219         2473      1280.00
    3092.479     0.999316         2473      1462.86
    3092.479     0.999414         2473      1706.67
    3092.479     0.999512         2473      2048.00
    3092.479     0.999561         2473      2275.56
    3094.527     0.999609         2474      2560.00
    3094.527     1.000000         2474          inf
#[Mean    =      541.957, StdDeviation   =      751.558]
#[Max     =     3092.480, Total count    =         2474]
#[Buckets =           27, SubBuckets     =         2048]
-----------------------------------------------------------------------
  2956 requests in 1.00m, 0.88MB read
Requests/sec:     49.26  
Transfer/sec:     15.03KB
