Running 1m test @ http://10.111.78.179/?loopCount=25&base=6&exp=6
  5 threads and 5 connections

  Thread calibration: mean lat.: 1387.456ms, rate sampling interval: 5332ms
  Thread calibration: mean lat.: 1581.088ms, rate sampling interval: 5644ms
  Thread calibration: mean lat.: 1734.334ms, rate sampling interval: 6107ms
  Thread calibration: mean lat.: 1449.624ms, rate sampling interval: 5226ms
  Thread calibration: mean lat.: 1104.064ms, rate sampling interval: 4849ms

-----------------------------------------------------------------------
Test Results @ http://10.111.78.179/?loopCount=25&base=6&exp=6 
  Thread Stats   Avg      Stdev     99%   +/- Stdev
    Latency    10.88s     4.58s   19.20s    58.03%
    Req/Sec     9.77      0.67    11.00     97.73%
  Latency Distribution (HdrHistogram - Recorded Latency)
 50.000%   10.82s 
 75.000%   14.79s 
 90.000%   17.09s 
 99.000%   19.20s 
 99.900%   19.76s 
 99.990%   19.86s 
 99.999%   19.86s 
100.000%   19.86s 

  Detailed Percentile spectrum:
       Value   Percentile   TotalCount 1/(1-Percentile)

    2701.311     0.000000            1         1.00
    4538.367     0.100000          258         1.11
    6107.135     0.200000          516         1.25
    7831.551     0.300000          774         1.43
    9388.031     0.400000         1033         1.67
   10821.631     0.500000         1289         2.00
   11526.143     0.550000         1418         2.22
   12271.615     0.600000         1548         2.50
   13262.847     0.650000         1676         2.86
   14008.319     0.700000         1805         3.33
   14794.751     0.750000         1935         4.00
   15171.583     0.775000         1998         4.44
   15597.567     0.800000         2063         5.00
   15933.439     0.825000         2128         5.71
   16269.311     0.850000         2192         6.67
   16654.335     0.875000         2257         8.00
   16875.519     0.887500         2290         8.89
   17121.279     0.900000         2321        10.00
   17481.727     0.912500         2354        11.43
   17678.335     0.925000         2389        13.33
   17891.327     0.937500         2419        16.00
   18022.399     0.943750         2438        17.78
   18104.319     0.950000         2452        20.00
   18284.543     0.956250         2467        22.86
   18497.535     0.962500         2483        26.67
   18579.455     0.968750         2500        32.00
   18612.223     0.971875         2506        35.56
   18743.295     0.975000         2515        40.00
   18825.215     0.978125         2522        45.71
   18874.367     0.981250         2530        53.33
   18972.671     0.984375         2539        64.00
   19005.439     0.985938         2542        71.11
   19087.359     0.987500         2546        80.00
   19120.127     0.989062         2550        91.43
   19251.199     0.990625         2554       106.67
   19365.887     0.992188         2559       128.00
   19382.271     0.992969         2560       142.22
   19431.423     0.993750         2562       160.00
   19464.191     0.994531         2564       182.86
   19496.959     0.995313         2566       213.33
   19546.111     0.996094         2569       256.00
   19546.111     0.996484         2569       284.44
   19578.879     0.996875         2570       320.00
   19628.031     0.997266         2571       365.71
   19677.183     0.997656         2572       426.67
   19693.567     0.998047         2573       512.00
   19709.951     0.998242         2574       568.89
   19709.951     0.998437         2574       640.00
   19759.103     0.998633         2576       731.43
   19759.103     0.998828         2576       853.33
   19759.103     0.999023         2576      1024.00
   19759.103     0.999121         2576      1137.78
   19759.103     0.999219         2576      1280.00
   19824.639     0.999316         2577      1462.86
   19824.639     0.999414         2577      1706.67
   19824.639     0.999512         2577      2048.00
   19824.639     0.999561         2577      2275.56
   19824.639     0.999609         2577      2560.00
   19857.407     0.999658         2578      2925.71
   19857.407     1.000000         2578          inf
#[Mean    =    10876.398, StdDeviation   =     4578.976]
#[Max     =    19841.024, Total count    =         2578]
#[Buckets =           27, SubBuckets     =         2048]
-----------------------------------------------------------------------
  3095 requests in 1.00m, 0.92MB read
Requests/sec:     51.58  
Transfer/sec:     15.73KB
