Running 1m test @ http://10.111.78.179/?loopCount=25&base=6&exp=6
  5 threads and 5 connections

  Thread calibration: mean lat.: 249.815ms, rate sampling interval: 770ms
  Thread calibration: mean lat.: 124.308ms, rate sampling interval: 392ms
  Thread calibration: mean lat.: 221.308ms, rate sampling interval: 703ms
  Thread calibration: mean lat.: 380.332ms, rate sampling interval: 1105ms
  Thread calibration: mean lat.: 154.753ms, rate sampling interval: 471ms

-----------------------------------------------------------------------
Test Results @ http://10.111.78.179/?loopCount=25&base=6&exp=6 
  Thread Stats   Avg      Stdev     99%   +/- Stdev
    Latency   271.82ms  195.45ms 828.93ms   75.59%
    Req/Sec     9.45      1.81    14.00     93.46%
  Latency Distribution (HdrHistogram - Recorded Latency)
 50.000%  215.55ms
 75.000%  359.68ms
 90.000%  562.17ms
 99.000%  828.93ms
 99.900%  983.55ms
 99.990%  989.70ms
 99.999%  989.70ms
100.000%  989.70ms

  Detailed Percentile spectrum:
       Value   Percentile   TotalCount 1/(1-Percentile)

      23.247     0.000000            1         1.00
      81.215     0.100000          250         1.11
     111.551     0.200000          500         1.25
     136.063     0.300000          750         1.43
     181.759     0.400000         1000         1.67
     215.551     0.500000         1251         2.00
     233.087     0.550000         1375         2.22
     258.175     0.600000         1501         2.50
     290.303     0.650000         1626         2.86
     327.167     0.700000         1750         3.33
     360.191     0.750000         1877         4.00
     388.095     0.775000         1937         4.44
     408.063     0.800000         2000         5.00
     431.871     0.825000         2062         5.71
     476.671     0.850000         2125         6.67
     517.631     0.875000         2187         8.00
     535.551     0.887500         2218         8.89
     562.175     0.900000         2250        10.00
     614.911     0.912500         2281        11.43
     649.727     0.925000         2312        13.33
     678.911     0.937500         2343        16.00
     689.663     0.943750         2359        17.78
     706.047     0.950000         2375        20.00
     726.015     0.956250         2391        22.86
     736.255     0.962500         2406        26.67
     750.079     0.968750         2421        32.00
     764.927     0.971875         2429        35.56
     781.823     0.975000         2437        40.00
     790.015     0.978125         2446        45.71
     798.207     0.981250         2453        53.33
     806.911     0.984375         2462        64.00
     811.007     0.985938         2464        71.11
     824.831     0.987500         2468        80.00
     827.391     0.989062         2472        91.43
     831.999     0.990625         2476       106.67
     858.111     0.992188         2480       128.00
     880.639     0.992969         2482       142.22
     914.943     0.993750         2485       160.00
     921.087     0.994531         2486       182.86
     930.303     0.995313         2488       213.33
     941.567     0.996094         2490       256.00
     945.151     0.996484         2491       284.44
     949.247     0.996875         2492       320.00
     951.295     0.997266         2493       365.71
     963.071     0.997656         2494       426.67
     982.015     0.998047         2495       512.00
     982.015     0.998242         2495       568.89
     983.039     0.998437         2496       640.00
     983.039     0.998633         2496       731.43
     983.551     0.998828         2497       853.33
     983.551     0.999023         2497      1024.00
     983.551     0.999121         2497      1137.78
     989.183     0.999219         2498      1280.00
     989.183     0.999316         2498      1462.86
     989.183     0.999414         2498      1706.67
     989.183     0.999512         2498      2048.00
     989.183     0.999561         2498      2275.56
     989.695     0.999609         2499      2560.00
     989.695     1.000000         2499          inf
#[Mean    =      271.819, StdDeviation   =      195.453]
#[Max     =      989.184, Total count    =         2499]
#[Buckets =           27, SubBuckets     =         2048]
-----------------------------------------------------------------------
  2982 requests in 1.00m, 0.89MB read
Requests/sec:     49.70  
Transfer/sec:     15.16KB
