Running 1m test @ http://10.111.78.179/?loopCount=25&base=6&exp=6
  1 threads and 1 connections

  Thread calibration: mean lat.: 70.236ms, rate sampling interval: 180ms

-----------------------------------------------------------------------
Test Results @ http://10.111.78.179/?loopCount=25&base=6&exp=6 
  Thread Stats   Avg      Stdev     99%   +/- Stdev
    Latency    60.63ms   20.98ms 110.01ms   74.96%
    Req/Sec    24.53      2.50    27.00    100.00%
  Latency Distribution (HdrHistogram - Recorded Latency)
 50.000%   52.48ms
 75.000%   76.80ms
 90.000%   93.50ms
 99.000%  110.01ms
 99.900%  114.75ms
 99.990%  116.93ms
 99.999%  116.93ms
100.000%  116.93ms

  Detailed Percentile spectrum:
       Value   Percentile   TotalCount 1/(1-Percentile)

      21.663     0.000000            1         1.00
      40.575     0.100000          130         1.11
      41.663     0.200000          251         1.25
      42.847     0.300000          378         1.43
      45.727     0.400000          500         1.67
      52.479     0.500000          625         2.00
      58.079     0.550000          688         2.22
      61.951     0.600000          750         2.50
      67.391     0.650000          814         2.86
      72.703     0.700000          877         3.33
      76.799     0.750000          938         4.00
      79.423     0.775000          969         4.44
      83.199     0.800000         1001         5.00
      86.911     0.825000         1032         5.71
      89.535     0.850000         1063         6.67
      92.223     0.875000         1094         8.00
      92.863     0.887500         1110         8.89
      93.503     0.900000         1128        10.00
      94.143     0.912500         1142        11.43
      94.463     0.925000         1158        13.33
      95.295     0.937500         1175        16.00
      95.999     0.943750         1180        17.78
      96.895     0.950000         1188        20.00
      98.303     0.956250         1196        22.86
     100.991     0.962500         1204        26.67
     102.911     0.968750         1211        32.00
     104.447     0.971875         1215        35.56
     105.343     0.975000         1220        40.00
     105.663     0.978125         1223        45.71
     107.327     0.981250         1227        53.33
     108.159     0.984375         1231        64.00
     109.183     0.985938         1233        71.11
     109.951     0.987500         1236        80.00
     110.015     0.989062         1239        91.43
     110.015     0.990625         1239       106.67
     110.463     0.992188         1241       128.00
     111.039     0.992969         1242       142.22
     111.103     0.993750         1243       160.00
     111.167     0.994531         1244       182.86
     111.231     0.995313         1245       213.33
     112.191     0.996094         1246       256.00
     112.191     0.996484         1246       284.44
     113.663     0.996875         1247       320.00
     113.663     0.997266         1247       365.71
     113.855     0.997656         1248       426.67
     113.855     0.998047         1248       512.00
     113.855     0.998242         1248       568.89
     114.751     0.998437         1249       640.00
     114.751     0.998633         1249       731.43
     114.751     0.998828         1249       853.33
     114.751     0.999023         1249      1024.00
     114.751     0.999121         1249      1137.78
     116.927     0.999219         1250      1280.00
     116.927     1.000000         1250          inf
#[Mean    =       60.629, StdDeviation   =       20.981]
#[Max     =      116.864, Total count    =         1250]
#[Buckets =           27, SubBuckets     =         2048]
-----------------------------------------------------------------------
  1497 requests in 1.00m, 456.12KB read
Requests/sec:     24.95  
Transfer/sec:      7.60KB
