Running 1m test @ http://10.111.78.179/?loopCount=25&base=6&exp=6
  5 threads and 5 connections

  Thread calibration: mean lat.: 1275.573ms, rate sampling interval: 4997ms
  Thread calibration: mean lat.: 1382.371ms, rate sampling interval: 5455ms
  Thread calibration: mean lat.: 1475.448ms, rate sampling interval: 5644ms
  Thread calibration: mean lat.: 1599.607ms, rate sampling interval: 5410ms
  Thread calibration: mean lat.: 948.579ms, rate sampling interval: 3700ms

-----------------------------------------------------------------------
Test Results @ http://10.111.78.179/?loopCount=25&base=6&exp=6 
  Thread Stats   Avg      Stdev     99%   +/- Stdev
    Latency    10.48s     4.63s   20.10s    59.66%
    Req/Sec     9.90      0.84    12.00     95.92%
  Latency Distribution (HdrHistogram - Recorded Latency)
 50.000%   10.68s 
 75.000%   14.14s 
 90.000%   16.71s 
 99.000%   20.10s 
 99.900%   20.92s 
 99.990%   20.97s 
 99.999%   20.97s 
100.000%   20.97s 

  Detailed Percentile spectrum:
       Value   Percentile   TotalCount 1/(1-Percentile)

    2138.111     0.000000            1         1.00
    4161.535     0.100000          260         1.11
    5742.591     0.200000          520         1.25
    7221.247     0.300000          778         1.43
    8929.279     0.400000         1038         1.67
   10682.367     0.500000         1299         2.00
   11304.959     0.550000         1427         2.22
   12066.815     0.600000         1556         2.50
   12828.671     0.650000         1686         2.86
   13492.223     0.700000         1816         3.33
   14139.391     0.750000         1945         4.00
   14680.063     0.775000         2011         4.44
   15065.087     0.800000         2075         5.00
   15515.647     0.825000         2140         5.71
   15974.399     0.850000         2206         6.67
   16277.503     0.875000         2269         8.00
   16474.111     0.887500         2303         8.89
   16711.679     0.900000         2335        10.00
   16941.055     0.912500         2370        11.43
   17154.047     0.925000         2399        13.33
   17399.807     0.937500         2433        16.00
   17514.495     0.943750         2449        17.78
   17629.183     0.950000         2464        20.00
   17743.871     0.956250         2480        22.86
   18153.471     0.962500         2496        26.67
   18333.695     0.968750         2514        32.00
   18464.767     0.971875         2521        35.56
   18661.375     0.975000         2529        40.00
   18874.367     0.978125         2537        45.71
   19218.431     0.981250         2545        53.33
   19398.655     0.984375         2553        64.00
   19693.567     0.985938         2557        71.11
   19759.103     0.987500         2561        80.00
   19988.479     0.989062         2565        91.43
   20119.551     0.990625         2569       106.67
   20348.927     0.992188         2573       128.00
   20381.695     0.992969         2576       142.22
   20398.079     0.993750         2578       160.00
   20414.463     0.994531         2580       182.86
   20430.847     0.995313         2581       213.33
   20512.767     0.996094         2583       256.00
   20545.535     0.996484         2584       284.44
   20594.687     0.996875         2585       320.00
   20611.071     0.997266         2586       365.71
   20627.455     0.997656         2587       426.67
   20758.527     0.998047         2588       512.00
   20807.679     0.998242         2589       568.89
   20807.679     0.998437         2589       640.00
   20922.367     0.998633         2591       731.43
   20922.367     0.998828         2591       853.33
   20922.367     0.999023         2591      1024.00
   20922.367     0.999121         2591      1137.78
   20922.367     0.999219         2591      1280.00
   20955.135     0.999316         2592      1462.86
   20955.135     0.999414         2592      1706.67
   20955.135     0.999512         2592      2048.00
   20955.135     0.999561         2592      2275.56
   20955.135     0.999609         2592      2560.00
   20971.519     0.999658         2593      2925.71
   20971.519     1.000000         2593          inf
#[Mean    =    10483.513, StdDeviation   =     4629.308]
#[Max     =    20955.136, Total count    =         2593]
#[Buckets =           27, SubBuckets     =         2048]
-----------------------------------------------------------------------
  3128 requests in 1.00m, 0.93MB read
Requests/sec:     52.13  
Transfer/sec:     15.90KB
