Running 1m test @ http://10.111.78.179/?loopCount=25&base=6&exp=6
  5 threads and 5 connections

  Thread calibration: mean lat.: 1575.036ms, rate sampling interval: 5718ms
  Thread calibration: mean lat.: 1207.294ms, rate sampling interval: 5312ms
  Thread calibration: mean lat.: 1498.595ms, rate sampling interval: 5824ms
  Thread calibration: mean lat.: 1409.494ms, rate sampling interval: 4743ms
  Thread calibration: mean lat.: 1676.227ms, rate sampling interval: 6008ms

-----------------------------------------------------------------------
Test Results @ http://10.111.78.179/?loopCount=25&base=6&exp=6 
  Thread Stats   Avg      Stdev     99%   +/- Stdev
    Latency    10.78s     4.45s   20.22s    58.93%
    Req/Sec     9.88      0.89    12.00     95.35%
  Latency Distribution (HdrHistogram - Recorded Latency)
 50.000%   10.68s 
 75.000%   14.34s 
 90.000%   16.83s 
 99.000%   20.22s 
 99.900%   21.20s 
 99.990%   21.32s 
 99.999%   21.32s 
100.000%   21.32s 

  Detailed Percentile spectrum:
       Value   Percentile   TotalCount 1/(1-Percentile)

    2764.799     0.000000            1         1.00
    4820.991     0.100000          261         1.11
    6160.383     0.200000          520         1.25
    7782.399     0.300000          780         1.43
    9256.959     0.400000         1040         1.67
   10682.367     0.500000         1299         2.00
   11362.303     0.550000         1429         2.22
   12075.007     0.600000         1559         2.50
   12779.519     0.650000         1690         2.86
   13516.799     0.700000         1820         3.33
   14335.999     0.750000         1949         4.00
   14860.287     0.775000         2014         4.44
   15212.543     0.800000         2079         5.00
   15736.831     0.825000         2145         5.71
   16056.319     0.850000         2209         6.67
   16523.263     0.875000         2276         8.00
   16629.759     0.887500         2306         8.89
   16826.367     0.900000         2341        10.00
   17022.975     0.912500         2373        11.43
   17170.431     0.925000         2405        13.33
   17432.575     0.937500         2436        16.00
   17530.879     0.943750         2454        17.78
   17809.407     0.950000         2472        20.00
   17940.479     0.956250         2486        22.86
   18268.159     0.962500         2501        26.67
   18546.687     0.968750         2517        32.00
   18776.063     0.971875         2525        35.56
   18907.135     0.975000         2535        40.00
   19087.359     0.978125         2542        45.71
   19578.879     0.981250         2550        53.33
   20103.167     0.984375         2559        64.00
   20152.319     0.985938         2563        71.11
   20168.703     0.987500         2566        80.00
   20185.087     0.989062         2570        91.43
   20234.239     0.990625         2574       106.67
   20365.311     0.992188         2579       128.00
   20381.695     0.992969         2580       142.22
   20414.463     0.993750         2582       160.00
   20545.535     0.994531         2584       182.86
   20676.607     0.995313         2586       213.33
   20791.295     0.996094         2588       256.00
   20824.063     0.996484         2589       284.44
   20938.751     0.996875         2591       320.00
   20938.751     0.997266         2591       365.71
   20987.903     0.997656         2592       426.67
   21004.287     0.998047         2593       512.00
   21020.671     0.998242         2594       568.89
   21020.671     0.998437         2594       640.00
   21200.895     0.998633         2595       731.43
   21200.895     0.998828         2595       853.33
   21250.047     0.999023         2596      1024.00
   21250.047     0.999121         2596      1137.78
   21250.047     0.999219         2596      1280.00
   21315.583     0.999316         2598      1462.86
   21315.583     1.000000         2598          inf
#[Mean    =    10775.067, StdDeviation   =     4454.067]
#[Max     =    21299.200, Total count    =         2598]
#[Buckets =           27, SubBuckets     =         2048]
-----------------------------------------------------------------------
  3111 requests in 1.00m, 0.93MB read
Requests/sec:     51.85  
Transfer/sec:     15.82KB
