Running 1m test @ http://10.111.78.179/?loopCount=25&base=6&exp=6
  5 threads and 5 connections

  Thread calibration: mean lat.: 144.600ms, rate sampling interval: 455ms
  Thread calibration: mean lat.: 124.973ms, rate sampling interval: 432ms
  Thread calibration: mean lat.: 145.891ms, rate sampling interval: 481ms
  Thread calibration: mean lat.: 125.931ms, rate sampling interval: 428ms
  Thread calibration: mean lat.: 302.626ms, rate sampling interval: 940ms

-----------------------------------------------------------------------
Test Results @ http://10.111.78.179/?loopCount=25&base=6&exp=6 
  Thread Stats   Avg      Stdev     99%   +/- Stdev
    Latency   428.59ms  445.03ms   1.86s    87.95%
    Req/Sec     9.44      1.98    14.00     83.47%
  Latency Distribution (HdrHistogram - Recorded Latency)
 50.000%  247.81ms
 75.000%  545.79ms
 90.000%    1.04s 
 99.000%    1.86s 
 99.900%    2.00s 
 99.990%    2.01s 
 99.999%    2.01s 
100.000%    2.01s 

  Detailed Percentile spectrum:
       Value   Percentile   TotalCount 1/(1-Percentile)

      23.423     0.000000            1         1.00
      77.503     0.100000          251         1.11
     122.431     0.200000          497         1.25
     152.191     0.300000          746         1.43
     201.727     0.400000          995         1.67
     247.807     0.500000         1242         2.00
     281.343     0.550000         1365         2.22
     338.431     0.600000         1489         2.50
     420.095     0.650000         1613         2.86
     495.615     0.700000         1737         3.33
     545.791     0.750000         1863         4.00
     574.975     0.775000         1923         4.44
     621.567     0.800000         1985         5.00
     655.871     0.825000         2047         5.71
     737.791     0.850000         2109         6.67
     851.967     0.875000         2171         8.00
     943.103     0.887500         2202         8.89
    1039.871     0.900000         2233        10.00
    1148.927     0.912500         2264        11.43
    1228.799     0.925000         2295        13.33
    1580.031     0.937500         2326        16.00
    1647.615     0.943750         2343        17.78
    1670.143     0.950000         2357        20.00
    1704.959     0.956250         2373        22.86
    1739.775     0.962500         2390        26.67
    1771.519     0.968750         2404        32.00
    1797.119     0.971875         2412        35.56
    1806.335     0.975000         2419        40.00
    1819.647     0.978125         2427        45.71
    1832.959     0.981250         2436        53.33
    1842.175     0.984375         2443        64.00
    1845.247     0.985938         2447        71.11
    1850.367     0.987500         2451        80.00
    1855.487     0.989062         2455        91.43
    1859.583     0.990625         2458       106.67
    1893.375     0.992188         2463       128.00
    1894.399     0.992969         2464       142.22
    1900.543     0.993750         2466       160.00
    1927.167     0.994531         2468       182.86
    1930.239     0.995313         2470       213.33
    1941.503     0.996094         2472       256.00
    1946.623     0.996484         2473       284.44
    1951.743     0.996875         2474       320.00
    1958.911     0.997266         2475       365.71
    1969.151     0.997656         2476       426.67
    1972.223     0.998047         2477       512.00
    1972.223     0.998242         2477       568.89
    1973.247     0.998437         2478       640.00
    1973.247     0.998633         2478       731.43
    2002.943     0.998828         2479       853.33
    2002.943     0.999023         2479      1024.00
    2002.943     0.999121         2479      1137.78
    2004.991     0.999219         2480      1280.00
    2004.991     0.999316         2480      1462.86
    2004.991     0.999414         2480      1706.67
    2004.991     0.999512         2480      2048.00
    2004.991     0.999561         2480      2275.56
    2011.135     0.999609         2481      2560.00
    2011.135     1.000000         2481          inf
#[Mean    =      428.586, StdDeviation   =      445.025]
#[Max     =     2010.112, Total count    =         2481]
#[Buckets =           27, SubBuckets     =         2048]
-----------------------------------------------------------------------
  2972 requests in 1.00m, 0.89MB read
Requests/sec:     49.53  
Transfer/sec:     15.11KB
