Running 1m test @ http://10.111.78.179/?loopCount=25&base=6&exp=6
  5 threads and 5 connections

  Thread calibration: mean lat.: 184.067ms, rate sampling interval: 565ms
  Thread calibration: mean lat.: 277.765ms, rate sampling interval: 1230ms
  Thread calibration: mean lat.: 174.241ms, rate sampling interval: 778ms
  Thread calibration: mean lat.: 218.328ms, rate sampling interval: 737ms
  Thread calibration: mean lat.: 120.994ms, rate sampling interval: 411ms

-----------------------------------------------------------------------
Test Results @ http://10.111.78.179/?loopCount=25&base=6&exp=6 
  Thread Stats   Avg      Stdev     99%   +/- Stdev
    Latency   470.99ms  351.89ms   1.34s    67.55%
    Req/Sec     9.39      2.00    14.00     91.58%
  Latency Distribution (HdrHistogram - Recorded Latency)
 50.000%  355.84ms
 75.000%  703.49ms
 90.000%    1.03s 
 99.000%    1.34s 
 99.900%    1.40s 
 99.990%    1.49s 
 99.999%    1.49s 
100.000%    1.49s 

  Detailed Percentile spectrum:
       Value   Percentile   TotalCount 1/(1-Percentile)

      24.511     0.000000            1         1.00
     105.023     0.100000          251         1.11
     154.367     0.200000          497         1.25
     211.711     0.300000          745         1.43
     287.999     0.400000          994         1.67
     355.839     0.500000         1242         2.00
     390.655     0.550000         1366         2.22
     449.791     0.600000         1489         2.50
     522.239     0.650000         1613         2.86
     614.399     0.700000         1737         3.33
     703.487     0.750000         1861         4.00
     778.751     0.775000         1923         4.44
     819.711     0.800000         1985         5.00
     854.527     0.825000         2047         5.71
     896.511     0.850000         2110         6.67
     947.711     0.875000         2171         8.00
     976.383     0.887500         2202         8.89
    1026.559     0.900000         2233        10.00
    1079.295     0.912500         2264        11.43
    1116.159     0.925000         2295        13.33
    1158.143     0.937500         2327        16.00
    1176.575     0.943750         2342        17.78
    1193.983     0.950000         2357        20.00
    1214.463     0.956250         2377        22.86
    1241.087     0.962500         2388        26.67
    1262.591     0.968750         2405        32.00
    1277.951     0.971875         2413        35.56
    1290.239     0.975000         2419        40.00
    1297.407     0.978125         2427        45.71
    1306.623     0.981250         2435        53.33
    1315.839     0.984375         2445        64.00
    1320.959     0.985938         2447        71.11
    1325.055     0.987500         2450        80.00
    1342.463     0.989062         2454        91.43
    1345.535     0.990625         2458       106.67
    1351.679     0.992188         2462       128.00
    1354.751     0.992969         2464       142.22
    1360.895     0.993750         2466       160.00
    1361.919     0.994531         2469       182.86
    1366.015     0.995313         2471       213.33
    1367.039     0.996094         2472       256.00
    1373.183     0.996484         2473       284.44
    1378.303     0.996875         2475       320.00
    1378.303     0.997266         2475       365.71
    1388.543     0.997656         2476       426.67
    1391.615     0.998047         2478       512.00
    1391.615     0.998242         2478       568.89
    1391.615     0.998437         2478       640.00
    1391.615     0.998633         2478       731.43
    1400.831     0.998828         2479       853.33
    1400.831     0.999023         2479      1024.00
    1400.831     0.999121         2479      1137.78
    1418.239     0.999219         2480      1280.00
    1418.239     0.999316         2480      1462.86
    1418.239     0.999414         2480      1706.67
    1418.239     0.999512         2480      2048.00
    1418.239     0.999561         2480      2275.56
    1488.895     0.999609         2481      2560.00
    1488.895     1.000000         2481          inf
#[Mean    =      470.990, StdDeviation   =      351.889]
#[Max     =     1487.872, Total count    =         2481]
#[Buckets =           27, SubBuckets     =         2048]
-----------------------------------------------------------------------
  2960 requests in 1.00m, 0.88MB read
Requests/sec:     49.32  
Transfer/sec:     15.05KB
