Running 1m test @ http://10.111.78.179/?loopCount=25&base=6&exp=6
  5 threads and 5 connections

  Thread calibration: mean lat.: 144.900ms, rate sampling interval: 514ms
  Thread calibration: mean lat.: 291.667ms, rate sampling interval: 903ms
  Thread calibration: mean lat.: 122.929ms, rate sampling interval: 422ms
  Thread calibration: mean lat.: 217.600ms, rate sampling interval: 823ms
  Thread calibration: mean lat.: 459.376ms, rate sampling interval: 1278ms

-----------------------------------------------------------------------
Test Results @ http://10.111.78.179/?loopCount=25&base=6&exp=6 
  Thread Stats   Avg      Stdev     99%   +/- Stdev
    Latency   240.58ms  160.47ms 821.25ms   77.25%
    Req/Sec     9.43      1.70    14.00     94.04%
  Latency Distribution (HdrHistogram - Recorded Latency)
 50.000%  206.98ms
 75.000%  310.78ms
 90.000%  459.01ms
 99.000%  821.25ms
 99.900%  876.54ms
 99.990%  956.93ms
 99.999%  956.93ms
100.000%  956.93ms

  Detailed Percentile spectrum:
       Value   Percentile   TotalCount 1/(1-Percentile)

      23.151     0.000000            1         1.00
      81.279     0.100000          255         1.11
     112.895     0.200000          502         1.25
     143.999     0.300000          752         1.43
     166.271     0.400000         1002         1.67
     206.975     0.500000         1253         2.00
     221.567     0.550000         1378         2.22
     239.615     0.600000         1505         2.50
     256.127     0.650000         1629         2.86
     273.919     0.700000         1756         3.33
     310.783     0.750000         1884         4.00
     322.303     0.775000         1942         4.44
     338.175     0.800000         2004         5.00
     357.119     0.825000         2067         5.71
     382.207     0.850000         2130         6.67
     421.887     0.875000         2192         8.00
     440.063     0.887500         2224         8.89
     459.007     0.900000         2257        10.00
     482.303     0.912500         2286        11.43
     511.743     0.925000         2318        13.33
     537.087     0.937500         2349        16.00
     555.007     0.943750         2365        17.78
     572.415     0.950000         2380        20.00
     608.767     0.956250         2396        22.86
     623.615     0.962500         2413        26.67
     649.215     0.968750         2429        32.00
     655.359     0.971875         2436        35.56
     667.647     0.975000         2443        40.00
     704.511     0.978125         2451        45.71
     729.599     0.981250         2459        53.33
     763.903     0.984375         2466        64.00
     781.823     0.985938         2470        71.11
     806.911     0.987500         2474        80.00
     811.519     0.989062         2478        91.43
     829.439     0.990625         2482       106.67
     837.119     0.992188         2486       128.00
     846.335     0.992969         2488       142.22
     848.895     0.993750         2490       160.00
     849.919     0.994531         2493       182.86
     851.967     0.995313         2494       213.33
     856.063     0.996094         2496       256.00
     857.599     0.996484         2497       284.44
     859.135     0.996875         2498       320.00
     865.791     0.997266         2500       365.71
     865.791     0.997656         2500       426.67
     870.399     0.998047         2501       512.00
     870.399     0.998242         2501       568.89
     876.543     0.998437         2502       640.00
     876.543     0.998633         2502       731.43
     902.655     0.998828         2503       853.33
     902.655     0.999023         2503      1024.00
     902.655     0.999121         2503      1137.78
     904.703     0.999219         2504      1280.00
     904.703     0.999316         2504      1462.86
     904.703     0.999414         2504      1706.67
     904.703     0.999512         2504      2048.00
     904.703     0.999561         2504      2275.56
     956.927     0.999609         2505      2560.00
     956.927     1.000000         2505          inf
#[Mean    =      240.582, StdDeviation   =      160.472]
#[Max     =      956.416, Total count    =         2505]
#[Buckets =           27, SubBuckets     =         2048]
-----------------------------------------------------------------------
  2986 requests in 1.00m, 0.89MB read
Requests/sec:     49.76  
Transfer/sec:     15.18KB
