Running 1m test @ http://10.111.78.179/?loopCount=25&base=6&exp=6
  5 threads and 5 connections

  Thread calibration: mean lat.: 231.257ms, rate sampling interval: 747ms
  Thread calibration: mean lat.: 175.596ms, rate sampling interval: 677ms
  Thread calibration: mean lat.: 156.315ms, rate sampling interval: 475ms
  Thread calibration: mean lat.: 289.789ms, rate sampling interval: 827ms
  Thread calibration: mean lat.: 146.680ms, rate sampling interval: 503ms

-----------------------------------------------------------------------
Test Results @ http://10.111.78.179/?loopCount=25&base=6&exp=6 
  Thread Stats   Avg      Stdev     99%   +/- Stdev
    Latency   350.97ms  310.67ms   1.40s    88.42%
    Req/Sec     9.39      1.79    14.00     92.31%
  Latency Distribution (HdrHistogram - Recorded Latency)
 50.000%  254.59ms
 75.000%  443.65ms
 90.000%  706.56ms
 99.000%    1.40s 
 99.900%    1.48s 
 99.990%    1.52s 
 99.999%    1.52s 
100.000%    1.52s 

  Detailed Percentile spectrum:
       Value   Percentile   TotalCount 1/(1-Percentile)

      23.407     0.000000            1         1.00
      87.807     0.100000          251         1.11
     114.431     0.200000          502         1.25
     159.487     0.300000          752         1.43
     201.727     0.400000         1003         1.67
     254.591     0.500000         1252         2.00
     285.695     0.550000         1380         2.22
     316.927     0.600000         1503         2.50
     366.591     0.650000         1628         2.86
     405.503     0.700000         1753         3.33
     443.647     0.750000         1878         4.00
     475.135     0.775000         1941         4.44
     502.527     0.800000         2004         5.00
     529.919     0.825000         2067         5.71
     567.807     0.850000         2129         6.67
     611.327     0.875000         2191         8.00
     633.343     0.887500         2223         8.89
     706.559     0.900000         2254        10.00
     893.951     0.912500         2285        11.43
    1028.607     0.925000         2318        13.33
    1113.087     0.937500         2351        16.00
    1126.399     0.943750         2364        17.78
    1145.855     0.950000         2379        20.00
    1177.599     0.956250         2396        22.86
    1212.415     0.962500         2411        26.67
    1228.799     0.968750         2426        32.00
    1242.111     0.971875         2434        35.56
    1267.711     0.975000         2442        40.00
    1274.879     0.978125         2450        45.71
    1299.455     0.981250         2458        53.33
    1345.535     0.984375         2466        64.00
    1353.727     0.985938         2469        71.11
    1370.111     0.987500         2473        80.00
    1388.543     0.989062         2477        91.43
    1412.095     0.990625         2482       106.67
    1415.167     0.992188         2485       128.00
    1421.311     0.992969         2487       142.22
    1423.359     0.993750         2489       160.00
    1443.839     0.994531         2491       182.86
    1465.343     0.995313         2493       213.33
    1471.487     0.996094         2495       256.00
    1472.511     0.996484         2497       284.44
    1472.511     0.996875         2497       320.00
    1473.535     0.997266         2498       365.71
    1475.583     0.997656         2499       426.67
    1476.607     0.998047         2500       512.00
    1476.607     0.998242         2500       568.89
    1478.655     0.998437         2501       640.00
    1478.655     0.998633         2501       731.43
    1488.895     0.998828         2502       853.33
    1488.895     0.999023         2502      1024.00
    1488.895     0.999121         2502      1137.78
    1495.039     0.999219         2503      1280.00
    1495.039     0.999316         2503      1462.86
    1495.039     0.999414         2503      1706.67
    1495.039     0.999512         2503      2048.00
    1495.039     0.999561         2503      2275.56
    1521.663     0.999609         2504      2560.00
    1521.663     1.000000         2504          inf
#[Mean    =      350.971, StdDeviation   =      310.665]
#[Max     =     1520.640, Total count    =         2504]
#[Buckets =           27, SubBuckets     =         2048]
-----------------------------------------------------------------------
  2989 requests in 1.00m, 0.89MB read
Requests/sec:     49.81  
Transfer/sec:     15.20KB
