Running 1m test @ http://10.111.78.179/?loopCount=25&base=6&exp=6
  1 threads and 1 connections

  Thread calibration: mean lat.: 91.257ms, rate sampling interval: 253ms

-----------------------------------------------------------------------
Test Results @ http://10.111.78.179/?loopCount=25&base=6&exp=6 
  Thread Stats   Avg      Stdev     99%   +/- Stdev
    Latency   250.16ms   61.90ms 383.23ms   63.34%
    Req/Sec    24.18      1.95    31.00     98.48%
  Latency Distribution (HdrHistogram - Recorded Latency)
 50.000%  242.82ms
 75.000%  288.26ms
 90.000%  346.62ms
 99.000%  383.23ms
 99.900%  389.89ms
 99.990%  389.89ms
 99.999%  389.89ms
100.000%  389.89ms

  Detailed Percentile spectrum:
       Value   Percentile   TotalCount 1/(1-Percentile)

     134.143     0.000000            2         1.00
     167.679     0.100000          125         1.11
     192.127     0.200000          249         1.25
     223.871     0.300000          376         1.43
     233.215     0.400000          499         1.67
     242.815     0.500000          624         2.00
     247.807     0.550000          686         2.22
     253.695     0.600000          748         2.50
     261.887     0.650000          809         2.86
     274.943     0.700000          871         3.33
     288.255     0.750000          933         4.00
     296.703     0.775000          965         4.44
     306.943     0.800000          996         5.00
     315.903     0.825000         1027         5.71
     327.679     0.850000         1058         6.67
     335.871     0.875000         1089         8.00
     340.479     0.887500         1105         8.89
     346.623     0.900000         1120        10.00
     353.023     0.912500         1137        11.43
     356.863     0.925000         1152        13.33
     361.471     0.937500         1167        16.00
     363.263     0.943750         1175        17.78
     366.079     0.950000         1182        20.00
     368.639     0.956250         1190        22.86
     369.919     0.962500         1199        26.67
     372.991     0.968750         1206        32.00
     375.295     0.971875         1210        35.56
     376.063     0.975000         1213        40.00
     376.319     0.978125         1217        45.71
     377.343     0.981250         1221        53.33
     380.671     0.984375         1226        64.00
     381.951     0.985938         1228        71.11
     382.207     0.987500         1229        80.00
     383.231     0.989062         1232        91.43
     383.999     0.990625         1234       106.67
     384.255     0.992188         1235       128.00
     386.047     0.992969         1237       142.22
     386.047     0.993750         1237       160.00
     387.583     0.994531         1239       182.86
     387.583     0.995313         1239       213.33
     388.607     0.996094         1241       256.00
     388.607     0.996484         1241       284.44
     388.607     0.996875         1241       320.00
     388.607     0.997266         1241       365.71
     389.631     0.997656         1242       426.67
     389.631     0.998047         1242       512.00
     389.631     0.998242         1242       568.89
     389.887     0.998437         1244       640.00
     389.887     1.000000         1244          inf
#[Mean    =      250.161, StdDeviation   =       61.898]
#[Max     =      389.632, Total count    =         1244]
#[Buckets =           27, SubBuckets     =         2048]
-----------------------------------------------------------------------
  1490 requests in 1.00m, 453.98KB read
Requests/sec:     24.83  
Transfer/sec:      7.57KB
