Running 1m test @ http://10.111.78.179/?loopCount=25&base=6&exp=6
  1 threads and 1 connections

  Thread calibration: mean lat.: 93.085ms, rate sampling interval: 263ms

-----------------------------------------------------------------------
Test Results @ http://10.111.78.179/?loopCount=25&base=6&exp=6 
  Thread Stats   Avg      Stdev     99%   +/- Stdev
    Latency   429.09ms  149.55ms 655.87ms   57.15%
    Req/Sec    24.04      2.00    26.00    100.00%
  Latency Distribution (HdrHistogram - Recorded Latency)
 50.000%  443.90ms
 75.000%  556.54ms
 90.000%  624.64ms
 99.000%  655.87ms
 99.900%  662.02ms
 99.990%  663.55ms
 99.999%  663.55ms
100.000%  663.55ms

  Detailed Percentile spectrum:
       Value   Percentile   TotalCount 1/(1-Percentile)

     147.455     0.000000            1         1.00
     205.823     0.100000          124         1.11
     273.151     0.200000          248         1.25
     331.263     0.300000          373         1.43
     394.751     0.400000          495         1.67
     443.903     0.500000          619         2.00
     464.639     0.550000          681         2.22
     495.615     0.600000          743         2.50
     519.423     0.650000          805         2.86
     534.015     0.700000          866         3.33
     556.543     0.750000          928         4.00
     571.903     0.775000          960         4.44
     590.335     0.800000          992         5.00
     598.527     0.825000         1022         5.71
     617.983     0.850000         1056         6.67
     622.591     0.875000         1089         8.00
     623.615     0.887500         1104         8.89
     624.639     0.900000         1119        10.00
     626.687     0.912500         1135        11.43
     628.223     0.925000         1148        13.33
     630.783     0.937500         1165        16.00
     631.807     0.943750         1168        17.78
     632.831     0.950000         1177        20.00
     634.879     0.956250         1183        22.86
     637.951     0.962500         1192        26.67
     640.511     0.968750         1199        32.00
     644.607     0.971875         1203        35.56
     647.167     0.975000         1208        40.00
     647.679     0.978125         1211        45.71
     650.751     0.981250         1215        53.33
     652.799     0.984375         1221        64.00
     652.799     0.985938         1221        71.11
     653.311     0.987500         1222        80.00
     654.847     0.989062         1224        91.43
     656.895     0.990625         1227       106.67
     657.919     0.992188         1228       128.00
     658.943     0.992969         1230       142.22
     658.943     0.993750         1230       160.00
     660.479     0.994531         1233       182.86
     660.479     0.995313         1233       213.33
     660.479     0.996094         1233       256.00
     660.479     0.996484         1233       284.44
     661.503     0.996875         1235       320.00
     661.503     0.997266         1235       365.71
     661.503     0.997656         1235       426.67
     661.503     0.998047         1235       512.00
     661.503     0.998242         1235       568.89
     662.015     0.998437         1236       640.00
     662.015     0.998633         1236       731.43
     662.015     0.998828         1236       853.33
     662.015     0.999023         1236      1024.00
     662.015     0.999121         1236      1137.78
     663.551     0.999219         1237      1280.00
     663.551     1.000000         1237          inf
#[Mean    =      429.088, StdDeviation   =      149.545]
#[Max     =      663.040, Total count    =         1237]
#[Buckets =           27, SubBuckets     =         2048]
-----------------------------------------------------------------------
  1483 requests in 1.00m, 451.85KB read
Requests/sec:     24.71  
Transfer/sec:      7.53KB
