Running 1m test @ http://10.111.78.179/?loopCount=25&base=6&exp=6
  1 threads and 1 connections

  Thread calibration: mean lat.: 95.466ms, rate sampling interval: 261ms

-----------------------------------------------------------------------
Test Results @ http://10.111.78.179/?loopCount=25&base=6&exp=6 
  Thread Stats   Avg      Stdev     99%   +/- Stdev
    Latency   323.48ms  101.88ms 490.24ms   60.27%
    Req/Sec    24.13      1.97    30.00     98.43%
  Latency Distribution (HdrHistogram - Recorded Latency)
 50.000%  334.08ms
 75.000%  414.72ms
 90.000%  453.63ms
 99.000%  490.24ms
 99.900%  498.43ms
 99.990%  500.48ms
 99.999%  500.48ms
100.000%  500.48ms

  Detailed Percentile spectrum:
       Value   Percentile   TotalCount 1/(1-Percentile)

     122.303     0.000000            1         1.00
     171.391     0.100000          126         1.11
     218.111     0.200000          249         1.25
     265.215     0.300000          373         1.43
     290.559     0.400000          499         1.67
     334.079     0.500000          622         2.00
     346.879     0.550000          684         2.22
     362.239     0.600000          746         2.50
     379.391     0.650000          807         2.86
     400.383     0.700000          871         3.33
     414.719     0.750000          931         4.00
     418.815     0.775000          963         4.44
     424.191     0.800000          996         5.00
     430.847     0.825000         1025         5.71
     439.551     0.850000         1056         6.67
     446.463     0.875000         1087         8.00
     450.815     0.887500         1102         8.89
     453.631     0.900000         1118        10.00
     458.495     0.912500         1133        11.43
     463.103     0.925000         1149        13.33
     468.991     0.937500         1164        16.00
     471.551     0.943750         1173        17.78
     473.599     0.950000         1181        20.00
     474.879     0.956250         1187        22.86
     476.671     0.962500         1195        26.67
     479.487     0.968750         1204        32.00
     480.767     0.971875         1210        35.56
     480.767     0.975000         1210        40.00
     482.303     0.978125         1214        45.71
     485.119     0.981250         1218        53.33
     486.911     0.984375         1222        64.00
     487.935     0.985938         1224        71.11
     488.959     0.987500         1226        80.00
     489.471     0.989062         1228        91.43
     490.751     0.990625         1230       106.67
     492.287     0.992188         1232       128.00
     493.311     0.992969         1234       142.22
     493.311     0.993750         1234       160.00
     493.823     0.994531         1235       182.86
     495.615     0.995313         1236       213.33
     496.639     0.996094         1237       256.00
     496.639     0.996484         1237       284.44
     497.407     0.996875         1238       320.00
     497.407     0.997266         1238       365.71
     497.663     0.997656         1239       426.67
     497.663     0.998047         1239       512.00
     497.663     0.998242         1239       568.89
     498.431     0.998437         1240       640.00
     498.431     0.998633         1240       731.43
     498.431     0.998828         1240       853.33
     498.431     0.999023         1240      1024.00
     498.431     0.999121         1240      1137.78
     500.479     0.999219         1241      1280.00
     500.479     1.000000         1241          inf
#[Mean    =      323.482, StdDeviation   =      101.876]
#[Max     =      500.224, Total count    =         1241]
#[Buckets =           27, SubBuckets     =         2048]
-----------------------------------------------------------------------
  1487 requests in 1.00m, 453.07KB read
Requests/sec:     24.78  
Transfer/sec:      7.55KB
