Running 1m test @ http://10.111.78.179/?loopCount=25&base=6&exp=6
  5 threads and 5 connections

  Thread calibration: mean lat.: 1060.640ms, rate sampling interval: 4595ms
  Thread calibration: mean lat.: 1446.769ms, rate sampling interval: 5488ms
  Thread calibration: mean lat.: 1163.368ms, rate sampling interval: 3698ms
  Thread calibration: mean lat.: 1362.096ms, rate sampling interval: 4878ms
  Thread calibration: mean lat.: 1438.973ms, rate sampling interval: 5246ms

-----------------------------------------------------------------------
Test Results @ http://10.111.78.179/?loopCount=25&base=6&exp=6 
  Thread Stats   Avg      Stdev     99%   +/- Stdev
    Latency    10.68s     4.62s   19.73s    59.58%
    Req/Sec     9.82      0.73    11.00     94.12%
  Latency Distribution (HdrHistogram - Recorded Latency)
 50.000%   10.85s 
 75.000%   14.59s 
 90.000%   16.81s 
 99.000%   19.73s 
 99.900%   20.56s 
 99.990%   20.71s 
 99.999%   20.71s 
100.000%   20.71s 

  Detailed Percentile spectrum:
       Value   Percentile   TotalCount 1/(1-Percentile)

    2201.599     0.000000            1         1.00
    4444.159     0.100000          258         1.11
    5779.455     0.200000          515         1.25
    7544.831     0.300000          773         1.43
    9150.463     0.400000         1030         1.67
   10846.207     0.500000         1288         2.00
   11550.719     0.550000         1417         2.22
   12328.959     0.600000         1546         2.50
   13090.815     0.650000         1673         2.86
   13860.863     0.700000         1802         3.33
   14589.951     0.750000         1932         4.00
   14811.135     0.775000         1995         4.44
   15097.855     0.800000         2060         5.00
   15564.799     0.825000         2123         5.71
   15974.399     0.850000         2188         6.67
   16375.807     0.875000         2254         8.00
   16523.263     0.887500         2284         8.89
   16809.983     0.900000         2318        10.00
   17137.663     0.912500         2348        11.43
   17367.039     0.925000         2382        13.33
   17678.335     0.937500         2415        16.00
   17743.871     0.943750         2432        17.78
   17874.943     0.950000         2446        20.00
   18104.319     0.956250         2461        22.86
   18284.543     0.962500         2478        26.67
   18497.535     0.968750         2494        32.00
   18563.071     0.971875         2505        35.56
   18628.607     0.975000         2509        40.00
   18759.679     0.978125         2517        45.71
   18907.135     0.981250         2525        53.33
   19316.735     0.984375         2533        64.00
   19415.039     0.985938         2537        71.11
   19496.959     0.987500         2541        80.00
   19628.031     0.989062         2546        91.43
   19906.559     0.990625         2549       106.67
   20054.015     0.992188         2553       128.00
   20119.551     0.992969         2555       142.22
   20217.855     0.993750         2557       160.00
   20283.391     0.994531         2559       182.86
   20299.775     0.995313         2561       213.33
   20332.543     0.996094         2563       256.00
   20365.311     0.996484         2564       284.44
   20414.463     0.996875         2565       320.00
   20463.615     0.997266         2567       365.71
   20463.615     0.997656         2567       426.67
   20496.383     0.998047         2568       512.00
   20545.535     0.998242         2569       568.89
   20545.535     0.998437         2569       640.00
   20561.919     0.998633         2570       731.43
   20561.919     0.998828         2570       853.33
   20627.455     0.999023         2571      1024.00
   20627.455     0.999121         2571      1137.78
   20627.455     0.999219         2571      1280.00
   20676.607     0.999316         2572      1462.86
   20676.607     0.999414         2572      1706.67
   20676.607     0.999512         2572      2048.00
   20676.607     0.999561         2572      2275.56
   20676.607     0.999609         2572      2560.00
   20709.375     0.999658         2573      2925.71
   20709.375     1.000000         2573          inf
#[Mean    =    10680.408, StdDeviation   =     4620.769]
#[Max     =    20692.992, Total count    =         2573]
#[Buckets =           27, SubBuckets     =         2048]
-----------------------------------------------------------------------
  3118 requests in 1.00m, 0.93MB read
Requests/sec:     51.96  
Transfer/sec:     15.85KB
