Running 1m test @ http://10.111.78.179/?loopCount=25&base=6&exp=6
  1 threads and 1 connections

  Thread calibration: mean lat.: 97.585ms, rate sampling interval: 270ms

-----------------------------------------------------------------------
Test Results @ http://10.111.78.179/?loopCount=25&base=6&exp=6 
  Thread Stats   Avg      Stdev     99%   +/- Stdev
    Latency   244.48ms   77.52ms 400.13ms   58.25%
    Req/Sec    24.41      1.81    29.00     96.76%
  Latency Distribution (HdrHistogram - Recorded Latency)
 50.000%  246.53ms
 75.000%  306.43ms
 90.000%  348.16ms
 99.000%  400.13ms
 99.900%  405.76ms
 99.990%  406.02ms
 99.999%  406.02ms
100.000%  406.02ms

  Detailed Percentile spectrum:
       Value   Percentile   TotalCount 1/(1-Percentile)

     103.743     0.000000            1         1.00
     138.751     0.100000          125         1.11
     159.359     0.200000          250         1.25
     188.799     0.300000          373         1.43
     225.407     0.400000          499         1.67
     246.527     0.500000          622         2.00
     259.071     0.550000          684         2.22
     274.943     0.600000          746         2.50
     283.903     0.650000          808         2.86
     296.191     0.700000          873         3.33
     306.687     0.750000          934         4.00
     311.807     0.775000          967         4.44
     316.159     0.800000          995         5.00
     323.583     0.825000         1027         5.71
     330.495     0.850000         1058         6.67
     336.127     0.875000         1089         8.00
     341.247     0.887500         1104         8.89
     348.159     0.900000         1120        10.00
     351.999     0.912500         1135        11.43
     355.839     0.925000         1150        13.33
     361.727     0.937500         1166        16.00
     365.311     0.943750         1174        17.78
     369.663     0.950000         1181        20.00
     374.783     0.956250         1191        22.86
     378.111     0.962500         1197        26.67
     383.999     0.968750         1205        32.00
     385.535     0.971875         1209        35.56
     386.047     0.975000         1213        40.00
     387.327     0.978125         1216        45.71
     393.215     0.981250         1220        53.33
     397.311     0.984375         1224        64.00
     398.591     0.985938         1228        71.11
     398.591     0.987500         1228        80.00
     400.127     0.989062         1231        91.43
     400.895     0.990625         1232       106.67
     402.687     0.992188         1234       128.00
     403.455     0.992969         1236       142.22
     403.455     0.993750         1236       160.00
     403.711     0.994531         1238       182.86
     403.711     0.995313         1238       213.33
     404.735     0.996094         1239       256.00
     404.735     0.996484         1239       284.44
     405.247     0.996875         1240       320.00
     405.247     0.997266         1240       365.71
     405.503     0.997656         1241       426.67
     405.503     0.998047         1241       512.00
     405.503     0.998242         1241       568.89
     405.759     0.998437         1242       640.00
     405.759     0.998633         1242       731.43
     405.759     0.998828         1242       853.33
     405.759     0.999023         1242      1024.00
     405.759     0.999121         1242      1137.78
     406.015     0.999219         1243      1280.00
     406.015     1.000000         1243          inf
#[Mean    =      244.476, StdDeviation   =       77.523]
#[Max     =      405.760, Total count    =         1243]
#[Buckets =           27, SubBuckets     =         2048]
-----------------------------------------------------------------------
  1490 requests in 1.00m, 453.98KB read
Requests/sec:     24.83  
Transfer/sec:      7.57KB
