Running 1m test @ http://10.111.78.179/?loopCount=25&base=6&exp=6
  5 threads and 5 connections

  Thread calibration: mean lat.: 1544.209ms, rate sampling interval: 6303ms
  Thread calibration: mean lat.: 1786.613ms, rate sampling interval: 6201ms
  Thread calibration: mean lat.: 1490.666ms, rate sampling interval: 5099ms
  Thread calibration: mean lat.: 1329.452ms, rate sampling interval: 4321ms
  Thread calibration: mean lat.: 1409.877ms, rate sampling interval: 5455ms

-----------------------------------------------------------------------
Test Results @ http://10.111.78.179/?loopCount=25&base=6&exp=6 
  Thread Stats   Avg      Stdev     99%   +/- Stdev
    Latency    10.42s     4.39s   19.35s    57.98%
    Req/Sec    10.07      0.72    12.00     97.73%
  Latency Distribution (HdrHistogram - Recorded Latency)
 50.000%   10.24s 
 75.000%   14.13s 
 90.000%   16.49s 
 99.000%   19.35s 
 99.900%   19.82s 
 99.990%   19.94s 
 99.999%   19.94s 
100.000%   19.94s 

  Detailed Percentile spectrum:
       Value   Percentile   TotalCount 1/(1-Percentile)

    2807.807     0.000000            1         1.00
    4481.023     0.100000          263         1.11
    5910.527     0.200000          527         1.25
    7389.183     0.300000          788         1.43
    8847.359     0.400000         1051         1.67
   10239.999     0.500000         1313         2.00
   10919.935     0.550000         1444         2.22
   11698.175     0.600000         1576         2.50
   12435.455     0.650000         1708         2.86
   13311.999     0.700000         1841         3.33
   14131.199     0.750000         1970         4.00
   14499.839     0.775000         2036         4.44
   14942.207     0.800000         2100         5.00
   15286.271     0.825000         2167         5.71
   15671.295     0.850000         2232         6.67
   16072.703     0.875000         2297         8.00
   16293.887     0.887500         2330         8.89
   16490.495     0.900000         2364        10.00
   16637.951     0.912500         2396        11.43
   16859.135     0.925000         2430        13.33
   17072.127     0.937500         2463        16.00
   17203.199     0.943750         2479        17.78
   17383.423     0.950000         2496        20.00
   17547.263     0.956250         2512        22.86
   17793.023     0.962500         2527        26.67
   18038.783     0.968750         2544        32.00
   18169.855     0.971875         2553        35.56
   18235.391     0.975000         2560        40.00
   18497.535     0.978125         2568        45.71
   18825.215     0.981250         2576        53.33
   19070.975     0.984375         2586        64.00
   19120.127     0.985938         2589        71.11
   19251.199     0.987500         2594        80.00
   19333.119     0.989062         2598        91.43
   19365.887     0.990625         2601       106.67
   19431.423     0.992188         2605       128.00
   19480.575     0.992969         2607       142.22
   19513.343     0.993750         2610       160.00
   19529.727     0.994531         2611       182.86
   19595.263     0.995313         2613       213.33
   19677.183     0.996094         2615       256.00
   19709.951     0.996484         2616       284.44
   19742.719     0.996875         2617       320.00
   19759.103     0.997266         2618       365.71
   19775.487     0.997656         2620       426.67
   19775.487     0.998047         2620       512.00
   19808.255     0.998242         2621       568.89
   19808.255     0.998437         2621       640.00
   19824.639     0.998633         2622       731.43
   19824.639     0.998828         2622       853.33
   19873.791     0.999023         2624      1024.00
   19873.791     0.999121         2624      1137.78
   19873.791     0.999219         2624      1280.00
   19873.791     0.999316         2624      1462.86
   19873.791     0.999414         2624      1706.67
   19873.791     0.999512         2624      2048.00
   19873.791     0.999561         2624      2275.56
   19873.791     0.999609         2624      2560.00
   19939.327     0.999658         2625      2925.71
   19939.327     1.000000         2625          inf
#[Mean    =    10419.891, StdDeviation   =     4390.825]
#[Max     =    19922.944, Total count    =         2625]
#[Buckets =           27, SubBuckets     =         2048]
-----------------------------------------------------------------------
  3143 requests in 1.00m, 0.94MB read
Requests/sec:     52.38  
Transfer/sec:     15.98KB
