Running 1m test @ http://10.96.169.80/?loopCount=25&base=6&exp=6
  5 threads and 5 connections

  Thread calibration: mean lat.: 673.730ms, rate sampling interval: 2664ms
  Thread calibration: mean lat.: 536.252ms, rate sampling interval: 1995ms
  Thread calibration: mean lat.: 920.682ms, rate sampling interval: 3631ms
  Thread calibration: mean lat.: 586.196ms, rate sampling interval: 2078ms
  Thread calibration: mean lat.: 883.117ms, rate sampling interval: 3938ms

-----------------------------------------------------------------------
Test Results @ http://10.96.169.80/?loopCount=25&base=6&exp=6 
  Thread Stats   Avg      Stdev     99%   +/- Stdev
    Latency     5.76s     2.84s   11.36s    58.40%
    Req/Sec    11.87      1.70    16.00     88.04%
  Latency Distribution (HdrHistogram - Recorded Latency)
 50.000%    5.90s 
 75.000%    8.13s 
 90.000%    9.71s 
 99.000%   11.36s 
 99.900%   11.89s 
 99.990%   12.24s 
 99.999%   12.24s 
100.000%   12.24s 

  Detailed Percentile spectrum:
       Value   Percentile   TotalCount 1/(1-Percentile)

    1227.775     0.000000            1         1.00
    2067.455     0.100000          307         1.11
    2625.535     0.200000          612         1.25
    3436.543     0.300000          918         1.43
    4628.479     0.400000         1224         1.67
    5902.335     0.500000         1532         2.00
    6258.687     0.550000         1682         2.22
    6688.767     0.600000         1836         2.50
    7286.783     0.650000         1988         2.86
    7790.591     0.700000         2142         3.33
    8130.559     0.750000         2297         4.00
    8220.671     0.775000         2371         4.44
    8384.511     0.800000         2447         5.00
    8708.095     0.825000         2525         5.71
    8994.815     0.850000         2602         6.67
    9273.343     0.875000         2676         8.00
    9461.759     0.887500         2714         8.89
    9715.711     0.900000         2753        10.00
    9961.471     0.912500         2793        11.43
   10076.159     0.925000         2829        13.33
   10166.271     0.937500         2867        16.00
   10215.423     0.943750         2887        17.78
   10272.767     0.950000         2906        20.00
   10371.071     0.956250         2926        22.86
   10469.375     0.962500         2945        26.67
   10633.215     0.968750         2963        32.00
   10813.439     0.971875         2972        35.56
   10960.895     0.975000         2983        40.00
   11042.815     0.978125         2992        45.71
   11132.927     0.981250         3003        53.33
   11173.887     0.984375         3011        64.00
   11198.463     0.985938         3015        71.11
   11239.423     0.987500         3020        80.00
   11296.767     0.989062         3025        91.43
   11411.455     0.990625         3031       106.67
   11485.183     0.992188         3036       128.00
   11493.375     0.992969         3038       142.22
   11509.759     0.993750         3039       160.00
   11526.143     0.994531         3042       182.86
   11542.527     0.995313         3044       213.33
   11583.487     0.996094         3047       256.00
   11608.063     0.996484         3048       284.44
   11632.639     0.996875         3049       320.00
   11657.215     0.997266         3050       365.71
   11665.407     0.997656         3051       426.67
   11763.711     0.998047         3053       512.00
   11763.711     0.998242         3053       568.89
   11853.823     0.998437         3054       640.00
   11853.823     0.998633         3054       731.43
   11894.783     0.998828         3055       853.33
   11960.319     0.999023         3056      1024.00
   11960.319     0.999121         3056      1137.78
   11960.319     0.999219         3056      1280.00
   11960.319     0.999316         3056      1462.86
   12083.199     0.999414         3057      1706.67
   12083.199     0.999512         3057      2048.00
   12083.199     0.999561         3057      2275.56
   12083.199     0.999609         3057      2560.00
   12083.199     0.999658         3057      2925.71
   12238.847     0.999707         3058      3413.33
   12238.847     1.000000         3058          inf
#[Mean    =     5764.061, StdDeviation   =     2840.487]
#[Max     =    12230.656, Total count    =         3058]
#[Buckets =           27, SubBuckets     =         2048]
-----------------------------------------------------------------------
  3681 requests in 1.00m, 1.10MB read
Requests/sec:     61.34  
Transfer/sec:     18.71KB
