Running 1m test @ http://10.96.169.80/?loopCount=25&base=6&exp=6
  5 threads and 5 connections

  Thread calibration: mean lat.: 230.234ms, rate sampling interval: 829ms
  Thread calibration: mean lat.: 166.419ms, rate sampling interval: 647ms
  Thread calibration: mean lat.: 207.240ms, rate sampling interval: 849ms
  Thread calibration: mean lat.: 142.359ms, rate sampling interval: 566ms
  Thread calibration: mean lat.: 212.289ms, rate sampling interval: 963ms

-----------------------------------------------------------------------
Test Results @ http://10.96.169.80/?loopCount=25&base=6&exp=6 
  Thread Stats   Avg      Stdev     99%   +/- Stdev
    Latency   157.56ms  107.24ms 503.04ms   61.89%
    Req/Sec     9.52      1.94    15.00     93.41%
  Latency Distribution (HdrHistogram - Recorded Latency)
 50.000%  134.53ms
 75.000%  198.78ms
 90.000%  293.38ms
 99.000%  503.04ms
 99.900%  601.60ms
 99.990%  680.96ms
 99.999%  680.96ms
100.000%  680.96ms

  Detailed Percentile spectrum:
       Value   Percentile   TotalCount 1/(1-Percentile)

      21.455     0.000000            1         1.00
      40.959     0.100000          253         1.11
      45.055     0.200000          501         1.25
      78.079     0.300000          751         1.43
     117.311     0.400000         1002         1.67
     134.527     0.500000         1252         2.00
     174.207     0.550000         1377         2.22
     179.711     0.600000         1505         2.50
     182.911     0.650000         1627         2.86
     189.183     0.700000         1753         3.33
     199.039     0.750000         1878         4.00
     216.447     0.775000         1941         4.44
     228.607     0.800000         2003         5.00
     258.303     0.825000         2065         5.71
     278.271     0.850000         2130         6.67
     284.671     0.875000         2194         8.00
     288.255     0.887500         2222         8.89
     293.375     0.900000         2255        10.00
     297.727     0.912500         2284        11.43
     315.647     0.925000         2316        13.33
     328.703     0.937500         2347        16.00
     362.495     0.943750         2363        17.78
     377.343     0.950000         2379        20.00
     380.927     0.956250         2394        22.86
     385.791     0.962500         2411        26.67
     391.679     0.968750         2425        32.00
     397.823     0.971875         2433        35.56
     415.743     0.975000         2441        40.00
     425.983     0.978125         2449        45.71
     474.879     0.981250         2457        53.33
     479.999     0.984375         2464        64.00
     484.351     0.985938         2468        71.11
     486.911     0.987500         2473        80.00
     489.983     0.989062         2476        91.43
     506.111     0.990625         2480       106.67
     530.943     0.992188         2484       128.00
     535.551     0.992969         2486       142.22
     562.175     0.993750         2488       160.00
     577.023     0.994531         2490       182.86
     583.167     0.995313         2492       213.33
     585.727     0.996094         2494       256.00
     588.287     0.996484         2495       284.44
     590.335     0.996875         2496       320.00
     593.407     0.997266         2497       365.71
     593.919     0.997656         2498       426.67
     600.063     0.998047         2499       512.00
     600.063     0.998242         2499       568.89
     601.599     0.998437         2500       640.00
     601.599     0.998633         2500       731.43
     606.207     0.998828         2501       853.33
     606.207     0.999023         2501      1024.00
     606.207     0.999121         2501      1137.78
     622.079     0.999219         2502      1280.00
     622.079     0.999316         2502      1462.86
     622.079     0.999414         2502      1706.67
     622.079     0.999512         2502      2048.00
     622.079     0.999561         2502      2275.56
     680.959     0.999609         2503      2560.00
     680.959     1.000000         2503          inf
#[Mean    =      157.563, StdDeviation   =      107.245]
#[Max     =      680.448, Total count    =         2503]
#[Buckets =           27, SubBuckets     =         2048]
-----------------------------------------------------------------------
  2992 requests in 1.00m, 0.89MB read
Requests/sec:     49.86  
Transfer/sec:     15.21KB
