Running 1m test @ http://10.96.169.80/?loopCount=25&base=6&exp=6
  5 threads and 5 connections

  Thread calibration: mean lat.: 112.124ms, rate sampling interval: 434ms
  Thread calibration: mean lat.: 112.996ms, rate sampling interval: 445ms
  Thread calibration: mean lat.: 163.229ms, rate sampling interval: 694ms
  Thread calibration: mean lat.: 118.469ms, rate sampling interval: 471ms
  Thread calibration: mean lat.: 137.955ms, rate sampling interval: 553ms

-----------------------------------------------------------------------
Test Results @ http://10.96.169.80/?loopCount=25&base=6&exp=6 
  Thread Stats   Avg      Stdev     99%   +/- Stdev
    Latency   156.73ms  126.70ms 555.52ms   86.12%
    Req/Sec     9.52      2.55    17.00     90.51%
  Latency Distribution (HdrHistogram - Recorded Latency)
 50.000%  139.01ms
 75.000%  226.82ms
 90.000%  341.25ms
 99.000%  555.52ms
 99.900%  839.68ms
 99.990%  856.06ms
 99.999%  856.06ms
100.000%  856.06ms

  Detailed Percentile spectrum:
       Value   Percentile   TotalCount 1/(1-Percentile)

      22.351     0.000000            1         1.00
      40.863     0.100000          255         1.11
      41.759     0.200000          502         1.25
      67.647     0.300000          750         1.43
      89.983     0.400000         1000         1.67
     139.007     0.500000         1250         2.00
     142.847     0.550000         1379         2.22
     149.119     0.600000         1501         2.50
     155.903     0.650000         1625         2.86
     182.527     0.700000         1750         3.33
     226.815     0.750000         1875         4.00
     239.999     0.775000         1938         4.44
     244.479     0.800000         2001         5.00
     250.239     0.825000         2063         5.71
     261.887     0.850000         2125         6.67
     294.911     0.875000         2188         8.00
     332.543     0.887500         2219         8.89
     341.247     0.900000         2250        10.00
     346.879     0.912500         2282        11.43
     355.327     0.925000         2313        13.33
     378.367     0.937500         2344        16.00
     391.167     0.943750         2360        17.78
     423.935     0.950000         2375        20.00
     439.807     0.956250         2391        22.86
     447.487     0.962500         2407        26.67
     456.959     0.968750         2423        32.00
     473.343     0.971875         2430        35.56
     483.071     0.975000         2438        40.00
     504.319     0.978125         2446        45.71
     536.575     0.981250         2455        53.33
     542.719     0.984375         2461        64.00
     545.279     0.985938         2466        71.11
     547.839     0.987500         2469        80.00
     551.935     0.989062         2473        91.43
     578.559     0.990625         2477       106.67
     594.431     0.992188         2481       128.00
     637.439     0.992969         2483       142.22
     643.583     0.993750         2485       160.00
     646.143     0.994531         2487       182.86
     654.335     0.995313         2489       213.33
     719.359     0.996094         2491       256.00
     736.767     0.996484         2492       284.44
     747.519     0.996875         2493       320.00
     755.199     0.997266         2494       365.71
     779.775     0.997656         2495       426.67
     796.671     0.998047         2496       512.00
     796.671     0.998242         2496       568.89
     836.607     0.998437         2497       640.00
     836.607     0.998633         2497       731.43
     839.679     0.998828         2498       853.33
     839.679     0.999023         2498      1024.00
     839.679     0.999121         2498      1137.78
     843.263     0.999219         2499      1280.00
     843.263     0.999316         2499      1462.86
     843.263     0.999414         2499      1706.67
     843.263     0.999512         2499      2048.00
     843.263     0.999561         2499      2275.56
     856.063     0.999609         2500      2560.00
     856.063     1.000000         2500          inf
#[Mean    =      156.725, StdDeviation   =      126.703]
#[Max     =      855.552, Total count    =         2500]
#[Buckets =           27, SubBuckets     =         2048]
-----------------------------------------------------------------------
  2992 requests in 1.00m, 0.89MB read
Requests/sec:     49.86  
Transfer/sec:     15.21KB
