Running 1m test @ http://10.96.169.80/?loopCount=25&base=6&exp=6
  1 threads and 1 connections

  Thread calibration: mean lat.: 2747.547ms, rate sampling interval: 11698ms

-----------------------------------------------------------------------
Test Results @ http://10.96.169.80/?loopCount=25&base=6&exp=6 
  Thread Stats   Avg      Stdev     99%   +/- Stdev
    Latency    24.34s    10.66s   42.47s    57.39%
    Req/Sec     6.50      0.50     7.00    100.00%
  Latency Distribution (HdrHistogram - Recorded Latency)
 50.000%   24.13s 
 75.000%   33.62s 
 90.000%   38.93s 
 99.000%   42.47s 
 99.900%   42.86s 
 99.990%   42.86s 
 99.999%   42.86s 
100.000%   42.86s 

  Detailed Percentile spectrum:
       Value   Percentile   TotalCount 1/(1-Percentile)

    6688.767     0.000000            1         1.00
    9658.367     0.100000           35         1.11
   13090.815     0.200000           69         1.25
   16596.991     0.300000          104         1.43
   20119.551     0.400000          138         1.67
   24133.631     0.500000          173         2.00
   26345.471     0.550000          190         2.22
   28262.399     0.600000          207         2.50
   30162.943     0.650000          225         2.86
   32079.871     0.700000          242         3.33
   33619.967     0.750000          259         4.00
   34635.775     0.775000          268         4.44
   35520.511     0.800000          276         5.00
   36470.783     0.825000          285         5.71
   37486.591     0.850000          294         6.67
   37978.111     0.875000          302         8.00
   38469.631     0.887500          307         8.89
   38928.383     0.900000          311        10.00
   39256.063     0.912500          315        11.43
   39845.887     0.925000          320        13.33
   40206.335     0.937500          324        16.00
   40402.943     0.943750          326        17.78
   40730.623     0.950000          328        20.00
   40959.999     0.956250          330        22.86
   41320.447     0.962500          333        26.67
   41648.127     0.968750          335        32.00
   41811.967     0.971875          336        35.56
   41877.503     0.975000          337        40.00
   42041.343     0.978125          338        45.71
   42106.879     0.981250          339        53.33
   42336.255     0.984375          340        64.00
   42401.791     0.985938          341        71.11
   42401.791     0.987500          341        80.00
   42467.327     0.989062          342        91.43
   42467.327     0.990625          342       106.67
   42631.167     0.992188          343       128.00
   42631.167     0.992969          343       142.22
   42631.167     0.993750          343       160.00
   42795.007     0.994531          344       182.86
   42795.007     0.995313          344       213.33
   42795.007     0.996094          344       256.00
   42795.007     0.996484          344       284.44
   42795.007     0.996875          344       320.00
   42860.543     0.997266          345       365.71
   42860.543     1.000000          345          inf
#[Mean    =    24335.767, StdDeviation   =    10656.218]
#[Max     =    42827.776, Total count    =          345]
#[Buckets =           27, SubBuckets     =         2048]
-----------------------------------------------------------------------
  428 requests in 1.00m, 130.76KB read
Requests/sec:      7.13  
Transfer/sec:      2.18KB
