Running 1m test @ http://10.96.169.80/?loopCount=25&base=6&exp=6
  5 threads and 5 connections

  Thread calibration: mean lat.: 468.148ms, rate sampling interval: 1761ms
  Thread calibration: mean lat.: 527.948ms, rate sampling interval: 1810ms
  Thread calibration: mean lat.: 1248.301ms, rate sampling interval: 4251ms
  Thread calibration: mean lat.: 968.381ms, rate sampling interval: 3907ms
  Thread calibration: mean lat.: 1086.101ms, rate sampling interval: 3870ms

-----------------------------------------------------------------------
Test Results @ http://10.96.169.80/?loopCount=25&base=6&exp=6 
  Thread Stats   Avg      Stdev     99%   +/- Stdev
    Latency     5.90s     2.69s   11.12s    54.79%
    Req/Sec    11.97      1.82    16.00     82.22%
  Latency Distribution (HdrHistogram - Recorded Latency)
 50.000%    5.56s 
 75.000%    8.24s 
 90.000%    9.72s 
 99.000%   11.12s 
 99.900%   11.73s 
 99.990%   11.79s 
 99.999%   11.79s 
100.000%   11.79s 

  Detailed Percentile spectrum:
       Value   Percentile   TotalCount 1/(1-Percentile)

     888.319     0.000000            1         1.00
    2662.399     0.100000          311         1.11
    3020.799     0.200000          621         1.25
    3858.431     0.300000          931         1.43
    4743.167     0.400000         1242         1.67
    5562.367     0.500000         1553         2.00
    6045.695     0.550000         1707         2.22
    6651.903     0.600000         1862         2.50
    7237.631     0.650000         2017         2.86
    7811.071     0.700000         2173         3.33
    8241.151     0.750000         2330         4.00
    8396.799     0.775000         2405         4.44
    8806.399     0.800000         2484         5.00
    9093.119     0.825000         2564         5.71
    9273.343     0.850000         2638         6.67
    9535.487     0.875000         2716         8.00
    9625.599     0.887500         2760         8.89
    9715.711     0.900000         2794        10.00
    9797.631     0.912500         2833        11.43
    9871.359     0.925000         2876        13.33
    9953.279     0.937500         2911        16.00
   10059.775     0.943750         2929        17.78
   10280.959     0.950000         2950        20.00
   10371.071     0.956250         2968        22.86
   10452.991     0.962500         2988        26.67
   10551.295     0.968750         3009        32.00
   10616.831     0.971875         3016        35.56
   10731.519     0.975000         3027        40.00
   10772.479     0.978125         3036        45.71
   10813.439     0.981250         3045        53.33
   10878.975     0.984375         3055        64.00
   10911.743     0.985938         3061        71.11
   10985.471     0.987500         3065        80.00
   11051.007     0.989062         3070        91.43
   11149.311     0.990625         3074       106.67
   11239.423     0.992188         3080       128.00
   11272.191     0.992969         3082       142.22
   11411.455     0.993750         3084       160.00
   11591.679     0.994531         3088       182.86
   11616.255     0.995313         3089       213.33
   11649.023     0.996094         3091       256.00
   11673.599     0.996484         3093       284.44
   11681.791     0.996875         3094       320.00
   11698.175     0.997266         3097       365.71
   11698.175     0.997656         3097       426.67
   11698.175     0.998047         3097       512.00
   11706.367     0.998242         3098       568.89
   11722.751     0.998437         3099       640.00
   11722.751     0.998633         3099       731.43
   11730.943     0.998828         3100       853.33
   11730.943     0.999023         3100      1024.00
   11747.327     0.999121         3101      1137.78
   11747.327     0.999219         3101      1280.00
   11747.327     0.999316         3101      1462.86
   11755.519     0.999414         3102      1706.67
   11755.519     0.999512         3102      2048.00
   11755.519     0.999561         3102      2275.56
   11755.519     0.999609         3102      2560.00
   11755.519     0.999658         3102      2925.71
   11788.287     0.999707         3103      3413.33
   11788.287     1.000000         3103          inf
#[Mean    =     5903.132, StdDeviation   =     2690.916]
#[Max     =    11780.096, Total count    =         3103]
#[Buckets =           27, SubBuckets     =         2048]
-----------------------------------------------------------------------
  3722 requests in 1.00m, 1.11MB read
Requests/sec:     62.03  
Transfer/sec:     18.92KB
