Running 1m test @ http://10.96.169.80/?loopCount=25&base=6&exp=6
  1 threads and 1 connections

  Thread calibration: mean lat.: 3171.744ms, rate sampling interval: 12984ms

-----------------------------------------------------------------------
Test Results @ http://10.96.169.80/?loopCount=25&base=6&exp=6 
  Thread Stats   Avg      Stdev     99%   +/- Stdev
    Latency    25.24s    10.88s   44.30s    57.14%
    Req/Sec     6.33      0.47     7.00    100.00%
  Latency Distribution (HdrHistogram - Recorded Latency)
 50.000%   25.23s 
 75.000%   34.50s 
 90.000%   40.37s 
 99.000%   44.30s 
 99.900%   44.50s 
 99.990%   44.50s 
 99.999%   44.50s 
100.000%   44.50s 

  Detailed Percentile spectrum:
       Value   Percentile   TotalCount 1/(1-Percentile)

    7401.471     0.000000            1         1.00
   10551.295     0.100000           33         1.11
   13565.951     0.200000           65         1.25
   17088.511     0.300000           97         1.43
   21299.199     0.400000          129         1.67
   25231.359     0.500000          161         2.00
   27328.511     0.550000          178         2.22
   28803.071     0.600000          194         2.50
   30851.071     0.650000          210         2.86
   32817.151     0.700000          226         3.33
   34504.703     0.750000          242         4.00
   35454.975     0.775000          250         4.44
   36438.015     0.800000          258         5.00
   37355.519     0.825000          266         5.71
   38502.399     0.850000          274         6.67
   39485.439     0.875000          282         8.00
   39944.191     0.887500          286         8.89
   40370.175     0.900000          290        10.00
   40828.927     0.912500          294        11.43
   41451.519     0.925000          298        13.33
   42008.575     0.937500          302        16.00
   42303.487     0.943750          304        17.78
   42532.863     0.950000          306        20.00
   42860.543     0.956250          308        22.86
   43155.455     0.962500          310        26.67
   43483.135     0.968750          312        32.00
   43548.671     0.971875          313        35.56
   43679.743     0.975000          314        40.00
   43778.047     0.978125          315        45.71
   43843.583     0.981250          316        53.33
   43974.655     0.984375          317        64.00
   44138.495     0.985938          318        71.11
   44138.495     0.987500          318        80.00
   44302.335     0.989062          319        91.43
   44302.335     0.990625          319       106.67
   44367.871     0.992188          320       128.00
   44367.871     0.992969          320       142.22
   44367.871     0.993750          320       160.00
   44433.407     0.994531          321       182.86
   44433.407     0.995313          321       213.33
   44433.407     0.996094          321       256.00
   44433.407     0.996484          321       284.44
   44433.407     0.996875          321       320.00
   44498.943     0.997266          322       365.71
   44498.943     1.000000          322          inf
#[Mean    =    25236.480, StdDeviation   =    10883.707]
#[Max     =    44466.176, Total count    =          322]
#[Buckets =           27, SubBuckets     =         2048]
-----------------------------------------------------------------------
  387 requests in 1.00m, 118.26KB read
Requests/sec:      6.45  
Transfer/sec:      1.97KB
