Running 1m test @ http://10.96.169.80/?loopCount=25&base=6&exp=6
  5 threads and 5 connections

  Thread calibration: mean lat.: 930.851ms, rate sampling interval: 3801ms
  Thread calibration: mean lat.: 1134.375ms, rate sampling interval: 4089ms
  Thread calibration: mean lat.: 798.800ms, rate sampling interval: 3633ms
  Thread calibration: mean lat.: 648.592ms, rate sampling interval: 2693ms
  Thread calibration: mean lat.: 608.568ms, rate sampling interval: 2170ms

-----------------------------------------------------------------------
Test Results @ http://10.96.169.80/?loopCount=25&base=6&exp=6 
  Thread Stats   Avg      Stdev     99%   +/- Stdev
    Latency     5.47s     2.17s    9.40s    60.58%
    Req/Sec    12.28      1.64    16.00     84.81%
  Latency Distribution (HdrHistogram - Recorded Latency)
 50.000%    5.48s 
 75.000%    7.33s 
 90.000%    8.61s 
 99.000%    9.40s 
 99.900%    9.61s 
 99.990%    9.67s 
 99.999%    9.67s 
100.000%    9.67s 

  Detailed Percentile spectrum:
       Value   Percentile   TotalCount 1/(1-Percentile)

    1076.223     0.000000            1         1.00
    2824.191     0.100000          321         1.11
    3354.623     0.200000          641         1.25
    3921.919     0.300000          962         1.43
    4337.663     0.400000         1284         1.67
    5476.351     0.500000         1603         2.00
    5799.935     0.550000         1765         2.22
    6131.711     0.600000         1924         2.50
    6582.271     0.650000         2083         2.86
    7012.351     0.700000         2245         3.33
    7331.839     0.750000         2403         4.00
    7462.911     0.775000         2485         4.44
    7700.479     0.800000         2564         5.00
    7909.375     0.825000         2646         5.71
    8052.735     0.850000         2726         6.67
    8290.303     0.875000         2809         8.00
    8429.567     0.887500         2844         8.89
    8609.791     0.900000         2885        10.00
    8757.247     0.912500         2924        11.43
    8863.743     0.925000         2966        13.33
    8929.279     0.937500         3005        16.00
    8994.815     0.943750         3024        17.78
    9035.775     0.950000         3044        20.00
    9084.927     0.956250         3065        22.86
    9166.847     0.962500         3085        26.67
    9215.999     0.968750         3106        32.00
    9240.575     0.971875         3114        35.56
    9273.343     0.975000         3126        40.00
    9289.727     0.978125         3136        45.71
    9322.495     0.981250         3145        53.33
    9355.263     0.984375         3157        64.00
    9363.455     0.985938         3160        71.11
    9379.839     0.987500         3164        80.00
    9396.223     0.989062         3172        91.43
    9420.799     0.990625         3179       106.67
    9420.799     0.992188         3179       128.00
    9445.375     0.992969         3185       142.22
    9445.375     0.993750         3185       160.00
    9453.567     0.994531         3188       182.86
    9469.951     0.995313         3191       213.33
    9478.143     0.996094         3192       256.00
    9494.527     0.996484         3193       284.44
    9502.719     0.996875         3194       320.00
    9527.295     0.997266         3196       365.71
    9543.679     0.997656         3197       426.67
    9551.871     0.998047         3198       512.00
    9568.255     0.998242         3199       568.89
    9568.255     0.998437         3199       640.00
    9592.831     0.998633         3200       731.43
    9609.215     0.998828         3201       853.33
    9609.215     0.999023         3201      1024.00
    9641.983     0.999121         3202      1137.78
    9641.983     0.999219         3202      1280.00
    9641.983     0.999316         3202      1462.86
    9650.175     0.999414         3203      1706.67
    9650.175     0.999512         3203      2048.00
    9650.175     0.999561         3203      2275.56
    9650.175     0.999609         3203      2560.00
    9650.175     0.999658         3203      2925.71
    9666.559     0.999707         3204      3413.33
    9666.559     1.000000         3204          inf
#[Mean    =     5473.959, StdDeviation   =     2166.638]
#[Max     =     9658.368, Total count    =         3204]
#[Buckets =           27, SubBuckets     =         2048]
-----------------------------------------------------------------------
  3810 requests in 1.00m, 1.13MB read
Requests/sec:     63.49  
Transfer/sec:     19.36KB
