Running 1m test @ http://10.96.169.80/?loopCount=25&base=6&exp=6
  1 threads and 1 connections

  Thread calibration: mean lat.: 3309.450ms, rate sampling interval: 12812ms

-----------------------------------------------------------------------
Test Results @ http://10.96.169.80/?loopCount=25&base=6&exp=6 
  Thread Stats   Avg      Stdev     99%   +/- Stdev
    Latency    24.46s    10.32s   42.47s    57.26%
    Req/Sec     6.67      0.47     7.00    100.00%
  Latency Distribution (HdrHistogram - Recorded Latency)
 50.000%   24.02s 
 75.000%   33.13s 
 90.000%   38.99s 
 99.000%   42.47s 
 99.900%   42.93s 
 99.990%   42.93s 
 99.999%   42.93s 
100.000%   42.93s 

  Detailed Percentile spectrum:
       Value   Percentile   TotalCount 1/(1-Percentile)

    7098.367     0.000000            1         1.00
   10412.031     0.100000           36         1.11
   13492.223     0.200000           71         1.25
   17383.423     0.300000          106         1.43
   20791.295     0.400000          141         1.67
   24018.943     0.500000          176         2.00
   25968.639     0.550000          194         2.22
   27607.039     0.600000          211         2.50
   29687.807     0.650000          229         2.86
   31408.127     0.700000          246         3.33
   33259.519     0.750000          264         4.00
   34340.863     0.775000          273         4.44
   35323.903     0.800000          281         5.00
   36241.407     0.825000          290         5.71
   37388.287     0.850000          299         6.67
   38240.255     0.875000          308         8.00
   38666.239     0.887500          312         8.89
   38993.919     0.900000          316        10.00
   39387.135     0.912500          321        11.43
   39845.887     0.925000          325        13.33
   40239.103     0.937500          330        16.00
   40468.479     0.943750          332        17.78
   40697.855     0.950000          334        20.00
   40927.231     0.956250          336        22.86
   41222.143     0.962500          338        26.67
   41713.663     0.968750          341        32.00
   41844.735     0.971875          342        35.56
   41943.039     0.975000          343        40.00
   42074.111     0.978125          344        45.71
   42237.951     0.981250          345        53.33
   42401.791     0.984375          346        64.00
   42467.327     0.985938          347        71.11
   42467.327     0.987500          347        80.00
   42532.863     0.989062          348        91.43
   42532.863     0.990625          348       106.67
   42696.703     0.992188          349       128.00
   42696.703     0.992969          349       142.22
   42696.703     0.993750          349       160.00
   42762.239     0.994531          350       182.86
   42762.239     0.995313          350       213.33
   42762.239     0.996094          350       256.00
   42762.239     0.996484          350       284.44
   42762.239     0.996875          350       320.00
   42926.079     0.997266          351       365.71
   42926.079     1.000000          351          inf
#[Mean    =    24462.531, StdDeviation   =    10319.084]
#[Max     =    42893.312, Total count    =          351]
#[Buckets =           27, SubBuckets     =         2048]
-----------------------------------------------------------------------
  425 requests in 1.00m, 129.86KB read
Requests/sec:      7.08  
Transfer/sec:      2.16KB
