Running 1m test @ http://10.96.169.80/?loopCount=25&base=6&exp=6
  5 threads and 5 connections

  Thread calibration: mean lat.: 118.531ms, rate sampling interval: 496ms
  Thread calibration: mean lat.: 106.554ms, rate sampling interval: 388ms
  Thread calibration: mean lat.: 109.268ms, rate sampling interval: 493ms
  Thread calibration: mean lat.: 105.917ms, rate sampling interval: 359ms
  Thread calibration: mean lat.: 98.281ms, rate sampling interval: 341ms

-----------------------------------------------------------------------
Test Results @ http://10.96.169.80/?loopCount=25&base=6&exp=6 
  Thread Stats   Avg      Stdev     99%   +/- Stdev
    Latency   168.17ms  137.22ms 659.46ms   86.73%
    Req/Sec     9.51      3.11    18.00     77.04%
  Latency Distribution (HdrHistogram - Recorded Latency)
 50.000%  151.29ms
 75.000%  235.65ms
 90.000%  353.79ms
 99.000%  659.46ms
 99.900%  836.61ms
 99.990%  956.41ms
 99.999%  956.41ms
100.000%  956.41ms

  Detailed Percentile spectrum:
       Value   Percentile   TotalCount 1/(1-Percentile)

      21.919     0.000000            1         1.00
      40.767     0.100000          261         1.11
      41.599     0.200000          499         1.25
      78.719     0.300000          746         1.43
     101.439     0.400000          996         1.67
     151.295     0.500000         1244         2.00
     155.135     0.550000         1368         2.22
     160.383     0.600000         1492         2.50
     169.087     0.650000         1616         2.86
     192.767     0.700000         1741         3.33
     235.647     0.750000         1867         4.00
     251.007     0.775000         1929         4.44
     255.103     0.800000         1990         5.00
     263.167     0.825000         2055         5.71
     278.783     0.850000         2114         6.67
     306.687     0.875000         2176         8.00
     348.159     0.887500         2207         8.89
     353.791     0.900000         2238        10.00
     361.215     0.912500         2269        11.43
     372.479     0.925000         2300        13.33
     410.879     0.937500         2331        16.00
     447.999     0.943750         2347        17.78
     455.167     0.950000         2362        20.00
     464.895     0.956250         2378        22.86
     488.191     0.962500         2393        26.67
     547.327     0.968750         2409        32.00
     552.447     0.971875         2417        35.56
     556.031     0.975000         2424        40.00
     566.783     0.978125         2432        45.71
     586.751     0.981250         2440        53.33
     636.927     0.984375         2448        64.00
     646.143     0.985938         2452        71.11
     653.311     0.987500         2455        80.00
     655.871     0.989062         2459        91.43
     666.111     0.990625         2463       106.67
     675.327     0.992188         2467       128.00
     693.759     0.992969         2469       142.22
     696.319     0.993750         2471       160.00
     701.439     0.994531         2473       182.86
     749.055     0.995313         2475       213.33
     756.223     0.996094         2478       256.00
     756.223     0.996484         2478       284.44
     756.735     0.996875         2479       320.00
     757.759     0.997266         2480       365.71
     759.295     0.997656         2481       426.67
     761.343     0.998047         2482       512.00
     761.343     0.998242         2482       568.89
     776.703     0.998437         2483       640.00
     776.703     0.998633         2483       731.43
     836.607     0.998828         2484       853.33
     836.607     0.999023         2484      1024.00
     836.607     0.999121         2484      1137.78
     896.511     0.999219         2485      1280.00
     896.511     0.999316         2485      1462.86
     896.511     0.999414         2485      1706.67
     896.511     0.999512         2485      2048.00
     896.511     0.999561         2485      2275.56
     956.415     0.999609         2486      2560.00
     956.415     1.000000         2486          inf
#[Mean    =      168.173, StdDeviation   =      137.225]
#[Max     =      955.904, Total count    =         2486]
#[Buckets =           27, SubBuckets     =         2048]
-----------------------------------------------------------------------
  2981 requests in 1.00m, 0.89MB read
Requests/sec:     49.68  
Transfer/sec:     15.15KB
