Running 1m test @ http://10.96.169.80/?loopCount=25&base=6&exp=6
  5 threads and 5 connections

  Thread calibration: mean lat.: 171.721ms, rate sampling interval: 610ms
  Thread calibration: mean lat.: 157.057ms, rate sampling interval: 614ms
  Thread calibration: mean lat.: 129.094ms, rate sampling interval: 541ms
  Thread calibration: mean lat.: 161.474ms, rate sampling interval: 636ms
  Thread calibration: mean lat.: 114.115ms, rate sampling interval: 418ms

-----------------------------------------------------------------------
Test Results @ http://10.96.169.80/?loopCount=25&base=6&exp=6 
  Thread Stats   Avg      Stdev     99%   +/- Stdev
    Latency   154.72ms  105.83ms 485.12ms   60.08%
    Req/Sec     9.53      2.30    16.00     82.26%
  Latency Distribution (HdrHistogram - Recorded Latency)
 50.000%  152.19ms
 75.000%  202.62ms
 90.000%  280.83ms
 99.000%  485.12ms
 99.900%  620.54ms
 99.990%  679.93ms
 99.999%  679.93ms
100.000%  679.93ms

  Detailed Percentile spectrum:
       Value   Percentile   TotalCount 1/(1-Percentile)

      21.583     0.000000            1         1.00
      40.799     0.100000          267         1.11
      43.039     0.200000          500         1.25
      83.903     0.300000          750         1.43
     110.207     0.400000         1002         1.67
     152.191     0.500000         1250         2.00
     165.631     0.550000         1378         2.22
     169.727     0.600000         1510         2.50
     173.823     0.650000         1628         2.86
     181.631     0.700000         1750         3.33
     202.623     0.750000         1875         4.00
     211.455     0.775000         1938         4.44
     222.847     0.800000         2001         5.00
     262.399     0.825000         2063         5.71
     268.543     0.850000         2126         6.67
     272.639     0.875000         2188         8.00
     276.223     0.887500         2220         8.89
     280.831     0.900000         2251        10.00
     289.023     0.912500         2282        11.43
     309.503     0.925000         2313        13.33
     343.039     0.937500         2344        16.00
     362.751     0.943750         2360        17.78
     367.359     0.950000         2378        20.00
     370.431     0.956250         2391        22.86
     378.879     0.962500         2407        26.67
     385.535     0.968750         2422        32.00
     403.455     0.971875         2430        35.56
     416.511     0.975000         2438        40.00
     462.079     0.978125         2446        45.71
     466.175     0.981250         2454        53.33
     470.015     0.984375         2461        64.00
     476.415     0.985938         2465        71.11
     478.719     0.987500         2469        80.00
     483.071     0.989062         2473        91.43
     495.103     0.990625         2477       106.67
     511.743     0.992188         2481       128.00
     522.239     0.992969         2483       142.22
     529.919     0.993750         2485       160.00
     564.735     0.994531         2487       182.86
     568.831     0.995313         2489       213.33
     570.879     0.996094         2491       256.00
     572.927     0.996484         2492       284.44
     574.975     0.996875         2493       320.00
     580.607     0.997266         2494       365.71
     582.143     0.997656         2495       426.67
     588.799     0.998047         2496       512.00
     588.799     0.998242         2496       568.89
     589.311     0.998437         2497       640.00
     589.311     0.998633         2497       731.43
     620.543     0.998828         2498       853.33
     620.543     0.999023         2498      1024.00
     620.543     0.999121         2498      1137.78
     666.623     0.999219         2499      1280.00
     666.623     0.999316         2499      1462.86
     666.623     0.999414         2499      1706.67
     666.623     0.999512         2499      2048.00
     666.623     0.999561         2499      2275.56
     679.935     0.999609         2500      2560.00
     679.935     1.000000         2500          inf
#[Mean    =      154.725, StdDeviation   =      105.828]
#[Max     =      679.424, Total count    =         2500]
#[Buckets =           27, SubBuckets     =         2048]
-----------------------------------------------------------------------
  2990 requests in 1.00m, 0.89MB read
Requests/sec:     49.83  
Transfer/sec:     15.20KB
