Running 1m test @ http://10.96.169.80/?loopCount=25&base=6&exp=6
  5 threads and 5 connections

  Thread calibration: mean lat.: 1186.964ms, rate sampling interval: 4571ms
  Thread calibration: mean lat.: 1375.393ms, rate sampling interval: 4972ms
  Thread calibration: mean lat.: 1164.922ms, rate sampling interval: 3870ms
  Thread calibration: mean lat.: 538.361ms, rate sampling interval: 2766ms
  Thread calibration: mean lat.: 632.905ms, rate sampling interval: 2359ms

-----------------------------------------------------------------------
Test Results @ http://10.96.169.80/?loopCount=25&base=6&exp=6 
  Thread Stats   Avg      Stdev     99%   +/- Stdev
    Latency     6.21s     3.53s   16.92s    68.07%
    Req/Sec    11.94      1.75    15.00     83.10%
  Latency Distribution (HdrHistogram - Recorded Latency)
 50.000%    5.50s 
 75.000%    8.07s 
 90.000%   11.33s 
 99.000%   16.92s 
 99.900%   17.58s 
 99.990%   17.73s 
 99.999%   17.73s 
100.000%   17.73s 

  Detailed Percentile spectrum:
       Value   Percentile   TotalCount 1/(1-Percentile)

    1339.391     0.000000            1         1.00
    2392.063     0.100000          309         1.11
    2891.775     0.200000          617         1.25
    4009.983     0.300000          925         1.43
    4579.327     0.400000         1234         1.67
    5500.927     0.500000         1542         2.00
    5746.687     0.550000         1696         2.22
    6119.423     0.600000         1852         2.50
    6885.375     0.650000         2004         2.86
    7581.695     0.700000         2161         3.33
    8073.215     0.750000         2315         4.00
    8339.455     0.775000         2389         4.44
    9256.959     0.800000         2466         5.00
    9584.639     0.825000         2545         5.71
    9871.359     0.850000         2621         6.67
   10297.343     0.875000         2698         8.00
   10739.711     0.887500         2736         8.89
   11329.535     0.900000         2774        10.00
   12091.391     0.912500         2813        11.43
   12328.959     0.925000         2851        13.33
   12582.911     0.937500         2892        16.00
   12746.751     0.943750         2909        17.78
   13074.431     0.950000         2928        20.00
   13344.767     0.956250         2949        22.86
   13893.631     0.962500         2967        26.67
   14925.823     0.968750         2986        32.00
   15523.839     0.971875         2996        35.56
   15835.135     0.975000         3005        40.00
   15908.863     0.978125         3015        45.71
   15998.975     0.981250         3025        53.33
   16277.503     0.984375         3034        64.00
   16605.183     0.985938         3039        71.11
   16793.599     0.987500         3044        80.00
   16859.135     0.989062         3049        91.43
   16941.055     0.990625         3054       106.67
   16990.207     0.992188         3060       128.00
   17006.591     0.992969         3061       142.22
   17022.975     0.993750         3064       160.00
   17104.895     0.994531         3066       182.86
   17235.967     0.995313         3068       213.33
   17334.271     0.996094         3070       256.00
   17399.807     0.996484         3072       284.44
   17432.575     0.996875         3073       320.00
   17465.343     0.997266         3076       365.71
   17465.343     0.997656         3076       426.67
   17465.343     0.998047         3076       512.00
   17498.111     0.998242         3077       568.89
   17563.647     0.998437         3078       640.00
   17563.647     0.998633         3078       731.43
   17580.031     0.998828         3079       853.33
   17580.031     0.999023         3079      1024.00
   17645.567     0.999121         3080      1137.78
   17645.567     0.999219         3080      1280.00
   17645.567     0.999316         3080      1462.86
   17661.951     0.999414         3081      1706.67
   17661.951     0.999512         3081      2048.00
   17661.951     0.999561         3081      2275.56
   17661.951     0.999609         3081      2560.00
   17661.951     0.999658         3081      2925.71
   17727.487     0.999707         3082      3413.33
   17727.487     1.000000         3082          inf
#[Mean    =     6206.754, StdDeviation   =     3528.697]
#[Max     =    17711.104, Total count    =         3082]
#[Buckets =           27, SubBuckets     =         2048]
-----------------------------------------------------------------------
  3678 requests in 1.00m, 1.10MB read
Requests/sec:     61.30  
Transfer/sec:     18.69KB
