Running 1m test @ http://10.96.169.80/?loopCount=25&base=6&exp=6
  5 threads and 5 connections

  Thread calibration: mean lat.: 1109.256ms, rate sampling interval: 4902ms
  Thread calibration: mean lat.: 996.174ms, rate sampling interval: 4141ms
  Thread calibration: mean lat.: 723.891ms, rate sampling interval: 2506ms
  Thread calibration: mean lat.: 1098.891ms, rate sampling interval: 3938ms
  Thread calibration: mean lat.: 1157.995ms, rate sampling interval: 4296ms

-----------------------------------------------------------------------
Test Results @ http://10.96.169.80/?loopCount=25&base=6&exp=6 
  Thread Stats   Avg      Stdev     99%   +/- Stdev
    Latency     6.78s     2.89s   12.80s    58.48%
    Req/Sec    11.72      1.88    17.00     90.62%
  Latency Distribution (HdrHistogram - Recorded Latency)
 50.000%    6.79s 
 75.000%    8.99s 
 90.000%   10.98s 
 99.000%   12.80s 
 99.900%   13.05s 
 99.990%   13.16s 
 99.999%   13.16s 
100.000%   13.16s 

  Detailed Percentile spectrum:
       Value   Percentile   TotalCount 1/(1-Percentile)

    1455.103     0.000000            1         1.00
    2824.191     0.100000          306         1.11
    3770.367     0.200000          610         1.25
    4829.183     0.300000          915         1.43
    5869.567     0.400000         1220         1.67
    6787.071     0.500000         1527         2.00
    7237.631     0.550000         1677         2.22
    7426.047     0.600000         1830         2.50
    7852.031     0.650000         1985         2.86
    8343.551     0.700000         2135         3.33
    8994.815     0.750000         2288         4.00
    9363.455     0.775000         2363         4.44
    9592.831     0.800000         2440         5.00
    9920.511     0.825000         2519         5.71
   10280.959     0.850000         2592         6.67
   10674.175     0.875000         2669         8.00
   10805.247     0.887500         2707         8.89
   10985.471     0.900000         2747        10.00
   11116.543     0.912500         2785        11.43
   11190.271     0.925000         2822        13.33
   11345.919     0.937500         2860        16.00
   11444.223     0.943750         2878        17.78
   11501.567     0.950000         2897        20.00
   11624.447     0.956250         2916        22.86
   12083.199     0.962500         2936        26.67
   12156.927     0.968750         2956        32.00
   12197.887     0.971875         2964        35.56
   12238.847     0.975000         2974        40.00
   12296.191     0.978125         2984        45.71
   12402.687     0.981250         2992        53.33
   12517.375     0.984375         3002        64.00
   12599.295     0.985938         3007        71.11
   12738.559     0.987500         3011        80.00
   12779.519     0.989062         3016        91.43
   12812.287     0.990625         3022       106.67
   12836.863     0.992188         3028       128.00
   12836.863     0.992969         3028       142.22
   12853.247     0.993750         3030       160.00
   12861.439     0.994531         3034       182.86
   12877.823     0.995313         3038       213.33
   12877.823     0.996094         3038       256.00
   12894.207     0.996484         3039       284.44
   12902.399     0.996875         3041       320.00
   12902.399     0.997266         3041       365.71
   12918.783     0.997656         3042       426.67
   12935.167     0.998047         3044       512.00
   12935.167     0.998242         3044       568.89
   13025.279     0.998437         3045       640.00
   13025.279     0.998633         3045       731.43
   13049.855     0.998828         3046       853.33
   13115.391     0.999023         3047      1024.00
   13115.391     0.999121         3047      1137.78
   13115.391     0.999219         3047      1280.00
   13115.391     0.999316         3047      1462.86
   13123.583     0.999414         3048      1706.67
   13123.583     0.999512         3048      2048.00
   13123.583     0.999561         3048      2275.56
   13123.583     0.999609         3048      2560.00
   13123.583     0.999658         3048      2925.71
   13156.351     0.999707         3049      3413.33
   13156.351     1.000000         3049          inf
#[Mean    =     6781.736, StdDeviation   =     2886.083]
#[Max     =    13148.160, Total count    =         3049]
#[Buckets =           27, SubBuckets     =         2048]
-----------------------------------------------------------------------
  3639 requests in 1.00m, 1.08MB read
Requests/sec:     60.65  
Transfer/sec:     18.50KB
