Running 1m test @ http://10.96.169.80/?loopCount=25&base=6&exp=6
  1 threads and 1 connections

  Thread calibration: mean lat.: 3310.448ms, rate sampling interval: 12959ms

-----------------------------------------------------------------------
Test Results @ http://10.96.169.80/?loopCount=25&base=6&exp=6 
  Thread Stats   Avg      Stdev     99%   +/- Stdev
    Latency    26.18s    10.74s   44.17s    58.20%
    Req/Sec     6.00      0.00     6.00    100.00%
  Latency Distribution (HdrHistogram - Recorded Latency)
 50.000%   26.46s 
 75.000%   34.80s 
 90.000%   41.32s 
 99.000%   44.17s 
 99.900%   44.47s 
 99.990%   44.47s 
 99.999%   44.47s 
100.000%   44.47s 

  Detailed Percentile spectrum:
       Value   Percentile   TotalCount 1/(1-Percentile)

    7397.375     0.000000            1         1.00
   11239.423     0.100000           33         1.11
   14958.591     0.200000           65         1.25
   18563.071     0.300000           97         1.43
   22953.983     0.400000          130         1.67
   26460.159     0.500000          162         2.00
   28246.015     0.550000          178         2.22
   30294.015     0.600000          194         2.50
   31850.495     0.650000          210         2.86
   33374.207     0.700000          227         3.33
   34865.151     0.750000          243         4.00
   35815.423     0.775000          251         4.44
   37126.143     0.800000          259         5.00
   38371.327     0.825000          267         5.71
   39354.367     0.850000          275         6.67
   40337.407     0.875000          283         8.00
   40763.391     0.887500          287         8.89
   41320.447     0.900000          291        10.00
   41680.895     0.912500          295        11.43
   42106.879     0.925000          299        13.33
   42467.327     0.937500          303        16.00
   42729.471     0.943750          305        17.78
   42795.007     0.950000          307        20.00
   42893.311     0.956250          309        22.86
   43122.687     0.962500          311        26.67
   43352.063     0.968750          313        32.00
   43417.599     0.971875          314        35.56
   43548.671     0.975000          315        40.00
   43646.975     0.978125          316        45.71
   43778.047     0.981250          317        53.33
   43941.887     0.984375          318        64.00
   44007.423     0.985938          319        71.11
   44007.423     0.987500          319        80.00
   44171.263     0.989062          320        91.43
   44171.263     0.990625          320       106.67
   44236.799     0.992188          321       128.00
   44236.799     0.992969          321       142.22
   44236.799     0.993750          321       160.00
   44302.335     0.994531          322       182.86
   44302.335     0.995313          322       213.33
   44302.335     0.996094          322       256.00
   44302.335     0.996484          322       284.44
   44302.335     0.996875          322       320.00
   44466.175     0.997266          323       365.71
   44466.175     1.000000          323          inf
#[Mean    =    26178.544, StdDeviation   =    10742.452]
#[Max     =    44433.408, Total count    =          323]
#[Buckets =           27, SubBuckets     =         2048]
-----------------------------------------------------------------------
  388 requests in 1.00m, 118.55KB read
Requests/sec:      6.47  
Transfer/sec:      1.98KB
