Running 1m test @ http://10.96.169.80/?loopCount=25&base=6&exp=6
  1 threads and 1 connections

  Thread calibration: mean lat.: 2690.280ms, rate sampling interval: 12165ms

-----------------------------------------------------------------------
Test Results @ http://10.96.169.80/?loopCount=25&base=6&exp=6 
  Thread Stats   Avg      Stdev     99%   +/- Stdev
    Latency    24.62s    10.52s   42.83s    58.19%
    Req/Sec     6.25      0.43     7.00    100.00%
  Latency Distribution (HdrHistogram - Recorded Latency)
 50.000%   24.15s 
 75.000%   34.01s 
 90.000%   39.35s 
 99.000%   42.83s 
 99.900%   43.12s 
 99.990%   43.12s 
 99.999%   43.12s 
100.000%   43.12s 

  Detailed Percentile spectrum:
       Value   Percentile   TotalCount 1/(1-Percentile)

    6823.935     0.000000            1         1.00
   10477.567     0.100000           35         1.11
   14032.895     0.200000           69         1.25
   17367.039     0.300000          103         1.43
   20299.775     0.400000          137         1.67
   24150.015     0.500000          171         2.00
   26427.391     0.550000          189         2.22
   28147.711     0.600000          206         2.50
   29966.335     0.650000          223         2.86
   31883.263     0.700000          240         3.33
   34013.183     0.750000          257         4.00
   34930.687     0.775000          266         4.44
   35651.583     0.800000          274         5.00
   36470.783     0.825000          283         5.71
   37748.735     0.850000          291         6.67
   38699.007     0.875000          300         8.00
   39026.687     0.887500          304         8.89
   39354.367     0.900000          308        10.00
   40042.495     0.912500          313        11.43
   40402.943     0.925000          317        13.33
   40763.391     0.937500          321        16.00
   40959.999     0.943750          323        17.78
   41189.375     0.950000          325        20.00
   41385.983     0.956250          328        22.86
   41582.591     0.962500          330        26.67
   41811.967     0.968750          332        32.00
   41975.807     0.971875          333        35.56
   42106.879     0.975000          334        40.00
   42205.183     0.978125          335        45.71
   42467.327     0.981250          336        53.33
   42532.863     0.984375          337        64.00
   42663.935     0.985938          338        71.11
   42663.935     0.987500          338        80.00
   42827.775     0.989062          339        91.43
   42827.775     0.990625          339       106.67
   42893.311     0.992188          340       128.00
   42893.311     0.992969          340       142.22
   42893.311     0.993750          340       160.00
   43057.151     0.994531          341       182.86
   43057.151     0.995313          341       213.33
   43057.151     0.996094          341       256.00
   43057.151     0.996484          341       284.44
   43057.151     0.996875          341       320.00
   43122.687     0.997266          342       365.71
   43122.687     1.000000          342          inf
#[Mean    =    24619.409, StdDeviation   =    10520.923]
#[Max     =    43089.920, Total count    =          342]
#[Buckets =           27, SubBuckets     =         2048]
-----------------------------------------------------------------------
  422 requests in 1.00m, 128.93KB read
Requests/sec:      7.03  
Transfer/sec:      2.15KB
