Running 1m test @ http://10.96.169.80/?loopCount=25&base=6&exp=6
  5 threads and 5 connections

  Thread calibration: mean lat.: 124.851ms, rate sampling interval: 506ms
  Thread calibration: mean lat.: 113.704ms, rate sampling interval: 481ms
  Thread calibration: mean lat.: 183.042ms, rate sampling interval: 693ms
  Thread calibration: mean lat.: 148.456ms, rate sampling interval: 678ms
  Thread calibration: mean lat.: 128.690ms, rate sampling interval: 538ms

-----------------------------------------------------------------------
Test Results @ http://10.96.169.80/?loopCount=25&base=6&exp=6 
  Thread Stats   Avg      Stdev     99%   +/- Stdev
    Latency   171.78ms  141.73ms 646.14ms   83.93%
    Req/Sec     9.51      2.54    17.00     88.58%
  Latency Distribution (HdrHistogram - Recorded Latency)
 50.000%  141.70ms
 75.000%  244.86ms
 90.000%  358.91ms
 99.000%  646.14ms
 99.900%  783.36ms
 99.990%  844.29ms
 99.999%  844.29ms
100.000%  844.29ms

  Detailed Percentile spectrum:
       Value   Percentile   TotalCount 1/(1-Percentile)

      21.663     0.000000            1         1.00
      40.735     0.100000          251         1.11
      41.567     0.200000          505         1.25
      69.055     0.300000          753         1.43
      95.103     0.400000         1004         1.67
     141.695     0.500000         1260         2.00
     146.559     0.550000         1379         2.22
     154.751     0.600000         1505         2.50
     178.559     0.650000         1630         2.86
     219.391     0.700000         1755         3.33
     244.863     0.750000         1881         4.00
     250.495     0.775000         1943         4.44
     259.199     0.800000         2006         5.00
     284.159     0.825000         2069         5.71
     335.615     0.850000         2134         6.67
     344.063     0.875000         2195         8.00
     348.415     0.887500         2226         8.89
     359.167     0.900000         2257        10.00
     382.207     0.912500         2288        11.43
     422.655     0.925000         2319        13.33
     443.135     0.937500         2351        16.00
     448.511     0.943750         2367        17.78
     455.423     0.950000         2382        20.00
     467.199     0.956250         2398        22.86
     496.127     0.962500         2413        26.67
     537.087     0.968750         2429        32.00
     543.231     0.971875         2437        35.56
     549.887     0.975000         2445        40.00
     556.031     0.978125         2453        45.71
     578.047     0.981250         2460        53.33
     603.135     0.984375         2468        64.00
     632.319     0.985938         2472        71.11
     639.999     0.987500         2476        80.00
     643.583     0.989062         2480        91.43
     647.679     0.990625         2485       106.67
     654.847     0.992188         2488       128.00
     660.991     0.992969         2490       142.22
     663.551     0.993750         2492       160.00
     692.223     0.994531         2494       182.86
     723.455     0.995313         2496       213.33
     735.743     0.996094         2498       256.00
     737.279     0.996484         2499       284.44
     751.615     0.996875         2500       320.00
     753.663     0.997266         2501       365.71
     754.175     0.997656         2502       426.67
     755.711     0.998047         2503       512.00
     755.711     0.998242         2503       568.89
     783.359     0.998437         2504       640.00
     783.359     0.998633         2504       731.43
     784.383     0.998828         2505       853.33
     784.383     0.999023         2505      1024.00
     784.383     0.999121         2505      1137.78
     842.239     0.999219         2506      1280.00
     842.239     0.999316         2506      1462.86
     842.239     0.999414         2506      1706.67
     842.239     0.999512         2506      2048.00
     842.239     0.999561         2506      2275.56
     844.287     0.999609         2507      2560.00
     844.287     1.000000         2507          inf
#[Mean    =      171.782, StdDeviation   =      141.731]
#[Max     =      843.776, Total count    =         2507]
#[Buckets =           27, SubBuckets     =         2048]
-----------------------------------------------------------------------
  2995 requests in 1.00m, 0.89MB read
Requests/sec:     49.91  
Transfer/sec:     15.22KB
