Running 1m test @ http://10.102.244.59/?loopCount=25&base=6&exp=6
  1 threads and 1 connections

  Thread calibration: mean lat.: 1759.495ms, rate sampling interval: 6270ms

-----------------------------------------------------------------------
Test Results @ http://10.102.244.59/?loopCount=25&base=6&exp=6 
  Thread Stats   Avg      Stdev     99%   +/- Stdev
    Latency    11.45s     4.60s   19.25s    59.51%
    Req/Sec    16.43      0.73    17.00    100.00%
  Latency Distribution (HdrHistogram - Recorded Latency)
 50.000%   11.33s 
 75.000%   15.54s 
 90.000%   17.81s 
 99.000%   19.25s 
 99.900%   19.30s 
 99.990%   19.32s 
 99.999%   19.32s 
100.000%   19.32s 

  Detailed Percentile spectrum:
       Value   Percentile   TotalCount 1/(1-Percentile)

    3377.151     0.000000            1         1.00
    5255.167     0.100000           86         1.11
    6918.143     0.200000          171         1.25
    8142.847     0.300000          256         1.43
    9756.671     0.400000          341         1.67
   11329.535     0.500000          427         2.00
   12419.071     0.550000          469         2.22
   13246.463     0.600000          512         2.50
   13967.359     0.650000          554         2.86
   14721.023     0.700000          597         3.33
   15540.223     0.750000          639         4.00
   15826.943     0.775000          662         4.44
   16211.967     0.800000          682         5.00
   16678.911     0.825000          703         5.71
   17006.591     0.850000          725         6.67
   17465.343     0.875000          746         8.00
   17547.263     0.887500          757         8.89
   17809.407     0.900000          768        10.00
   17891.327     0.912500          778        11.43
   18006.015     0.925000          790        13.33
   18202.623     0.937500          799        16.00
   18317.311     0.943750          805        17.78
   18431.999     0.950000          810        20.00
   18579.455     0.956250          818        22.86
   18677.759     0.962500          821        26.67
   18825.215     0.968750          828        32.00
   18841.599     0.971875          829        35.56
   18923.519     0.975000          832        40.00
   18956.287     0.978125          834        45.71
   19005.439     0.981250          837        53.33
   19054.591     0.984375          839        64.00
   19152.895     0.985938          841        71.11
   19202.047     0.987500          842        80.00
   19251.199     0.989062          849        91.43
   19251.199     0.990625          849       106.67
   19251.199     0.992188          849       128.00
   19251.199     0.992969          849       142.22
   19251.199     0.993750          849       160.00
   19251.199     0.994531          849       182.86
   19251.199     0.995313          849       213.33
   19251.199     0.996094          849       256.00
   19300.351     0.996484          851       284.44
   19300.351     0.996875          851       320.00
   19300.351     0.997266          851       365.71
   19300.351     0.997656          851       426.67
   19300.351     0.998047          851       512.00
   19300.351     0.998242          851       568.89
   19300.351     0.998437          851       640.00
   19300.351     0.998633          851       731.43
   19316.735     0.998828          852       853.33
   19316.735     1.000000          852          inf
#[Mean    =    11453.847, StdDeviation   =     4602.437]
#[Max     =    19300.352, Total count    =          852]
#[Buckets =           27, SubBuckets     =         2048]
-----------------------------------------------------------------------
  1017 requests in 1.00m, 309.87KB read
Requests/sec:     16.95  
Transfer/sec:      5.16KB
