Running 1m test @ http://10.102.244.59/?loopCount=25&base=6&exp=6
  1 threads and 1 connections

  Thread calibration: mean lat.: 1449.155ms, rate sampling interval: 5279ms

-----------------------------------------------------------------------
Test Results @ http://10.102.244.59/?loopCount=25&base=6&exp=6 
  Thread Stats   Avg      Stdev     99%   +/- Stdev
    Latency    10.76s     4.80s   19.25s    59.25%
    Req/Sec    16.22      0.63    17.00    100.00%
  Latency Distribution (HdrHistogram - Recorded Latency)
 50.000%   10.49s 
 75.000%   14.75s 
 90.000%   17.61s 
 99.000%   19.25s 
 99.900%   19.51s 
 99.990%   19.51s 
 99.999%   19.51s 
100.000%   19.51s 

  Detailed Percentile spectrum:
       Value   Percentile   TotalCount 1/(1-Percentile)

    2772.991     0.000000            1         1.00
    4349.951     0.100000           84         1.11
    5910.527     0.200000          170         1.25
    7094.271     0.300000          250         1.43
    8871.935     0.400000          333         1.67
   10493.951     0.500000          416         2.00
   11632.639     0.550000          459         2.22
   12451.839     0.600000          501         2.50
   13033.471     0.650000          541         2.86
   13787.135     0.700000          583         3.33
   14745.599     0.750000          624         4.00
   15196.159     0.775000          645         4.44
   15613.951     0.800000          667         5.00
   16187.391     0.825000          687         5.71
   16842.751     0.850000          709         6.67
   17235.967     0.875000          729         8.00
   17448.959     0.887500          739         8.89
   17612.799     0.900000          750        10.00
   17858.559     0.912500          762        11.43
   18087.935     0.925000          770        13.33
   18399.231     0.937500          780        16.00
   18448.383     0.943750          786        17.78
   18563.071     0.950000          791        20.00
   18726.911     0.956250          797        22.86
   18907.135     0.962500          801        26.67
   19021.823     0.968750          807        32.00
   19103.743     0.971875          810        35.56
   19152.895     0.975000          813        40.00
   19169.279     0.978125          819        45.71
   19169.279     0.981250          819        53.33
   19169.279     0.984375          819        64.00
   19185.663     0.985938          821        71.11
   19218.431     0.987500          822        80.00
   19251.199     0.989062          824        91.43
   19267.583     0.990625          826       106.67
   19267.583     0.992188          826       128.00
   19300.351     0.992969          827       142.22
   19300.351     0.993750          827       160.00
   19431.423     0.994531          829       182.86
   19431.423     0.995313          829       213.33
   19431.423     0.996094          829       256.00
   19464.191     0.996484          830       284.44
   19464.191     0.996875          830       320.00
   19464.191     0.997266          830       365.71
   19513.343     0.997656          832       426.67
   19513.343     1.000000          832          inf
#[Mean    =    10755.084, StdDeviation   =     4802.454]
#[Max     =    19496.960, Total count    =          832]
#[Buckets =           27, SubBuckets     =         2048]
-----------------------------------------------------------------------
  1012 requests in 1.00m, 308.35KB read
Requests/sec:     16.86  
Transfer/sec:      5.14KB
