Running 1m test @ http://10.102.244.59/?loopCount=25&base=6&exp=6
  5 threads and 5 connections

  Thread calibration: mean lat.: 65.394ms, rate sampling interval: 244ms
  Thread calibration: mean lat.: 66.716ms, rate sampling interval: 239ms
  Thread calibration: mean lat.: 67.418ms, rate sampling interval: 239ms
  Thread calibration: mean lat.: 64.961ms, rate sampling interval: 241ms
  Thread calibration: mean lat.: 66.046ms, rate sampling interval: 245ms

-----------------------------------------------------------------------
Test Results @ http://10.102.244.59/?loopCount=25&base=6&exp=6 
  Thread Stats   Avg      Stdev     99%   +/- Stdev
    Latency    69.09ms   42.38ms 218.88ms   75.93%
    Req/Sec     9.67      2.64    16.00     91.00%
  Latency Distribution (HdrHistogram - Recorded Latency)
 50.000%   45.50ms
 75.000%  110.33ms
 90.000%  125.82ms
 99.000%  218.88ms
 99.900%  231.17ms
 99.990%  323.84ms
 99.999%  323.84ms
100.000%  323.84ms

  Detailed Percentile spectrum:
       Value   Percentile   TotalCount 1/(1-Percentile)

      21.775     0.000000            1         1.00
      40.575     0.100000          272         1.11
      41.023     0.200000          504         1.25
      41.567     0.300000          762         1.43
      42.367     0.400000         1005         1.67
      45.503     0.500000         1253         2.00
      46.463     0.550000         1376         2.22
      51.167     0.600000         1502         2.50
      58.975     0.650000         1626         2.86
      70.207     0.700000         1751         3.33
     110.335     0.750000         1879         4.00
     112.063     0.775000         1942         4.44
     113.791     0.800000         2002         5.00
     116.927     0.825000         2065         5.71
     119.231     0.850000         2126         6.67
     121.535     0.875000         2189         8.00
     122.879     0.887500         2221         8.89
     125.823     0.900000         2251        10.00
     128.575     0.912500         2283        11.43
     130.559     0.925000         2315        13.33
     134.783     0.937500         2345        16.00
     137.727     0.943750         2361        17.78
     141.951     0.950000         2377        20.00
     145.151     0.956250         2393        22.86
     150.911     0.962500         2408        26.67
     156.543     0.968750         2423        32.00
     167.039     0.971875         2431        35.56
     193.535     0.975000         2439        40.00
     211.071     0.978125         2447        45.71
     213.375     0.981250         2455        53.33
     214.399     0.984375         2463        64.00
     215.807     0.985938         2467        71.11
     216.703     0.987500         2470        80.00
     217.599     0.989062         2474        91.43
     219.647     0.990625         2478       106.67
     221.311     0.992188         2482       128.00
     221.823     0.992969         2484       142.22
     224.255     0.993750         2486       160.00
     226.815     0.994531         2489       182.86
     226.943     0.995313         2490       213.33
     228.479     0.996094         2492       256.00
     228.735     0.996484         2493       284.44
     229.375     0.996875         2494       320.00
     229.503     0.997266         2495       365.71
     229.887     0.997656         2496       426.67
     231.039     0.998047         2497       512.00
     231.039     0.998242         2497       568.89
     231.167     0.998437         2498       640.00
     231.167     0.998633         2498       731.43
     232.831     0.998828         2499       853.33
     232.831     0.999023         2499      1024.00
     232.831     0.999121         2499      1137.78
     266.495     0.999219         2500      1280.00
     266.495     0.999316         2500      1462.86
     266.495     0.999414         2500      1706.67
     266.495     0.999512         2500      2048.00
     266.495     0.999561         2500      2275.56
     323.839     0.999609         2501      2560.00
     323.839     1.000000         2501          inf
#[Mean    =       69.094, StdDeviation   =       42.377]
#[Max     =      323.584, Total count    =         2501]
#[Buckets =           27, SubBuckets     =         2048]
-----------------------------------------------------------------------
  2994 requests in 1.00m, 0.89MB read
Requests/sec:     49.90  
Transfer/sec:     15.21KB
