Running 1m test @ http://10.102.244.59/?loopCount=25&base=6&exp=6
  1 threads and 1 connections

  Thread calibration: mean lat.: 1297.329ms, rate sampling interval: 4833ms

-----------------------------------------------------------------------
Test Results @ http://10.102.244.59/?loopCount=25&base=6&exp=6 
  Thread Stats   Avg      Stdev     99%   +/- Stdev
    Latency     8.97s     3.50s   14.46s    57.59%
    Req/Sec    18.80      0.87    20.00    100.00%
  Latency Distribution (HdrHistogram - Recorded Latency)
 50.000%    8.97s 
 75.000%   11.98s 
 90.000%   13.74s 
 99.000%   14.46s 
 99.900%   14.63s 
 99.990%   14.63s 
 99.999%   14.63s 
100.000%   14.63s 

  Detailed Percentile spectrum:
       Value   Percentile   TotalCount 1/(1-Percentile)

    2803.711     0.000000            4         1.00
    4182.015     0.100000           96         1.11
    5308.415     0.200000          191         1.25
    6365.183     0.300000          287         1.43
    7536.639     0.400000          383         1.67
    8970.239     0.500000          479         2.00
    9658.367     0.550000          526         2.22
   10469.375     0.600000          577         2.50
   11165.695     0.650000          622         2.86
   11649.023     0.700000          673         3.33
   11984.895     0.750000          719         4.00
   12255.231     0.775000          742         4.44
   12623.871     0.800000          765         5.00
   13008.895     0.825000          789         5.71
   13352.959     0.850000          813         6.67
   13590.527     0.875000          836         8.00
   13729.791     0.887500          852         8.89
   13737.983     0.900000          860        10.00
   13811.711     0.912500          885        11.43
   13811.711     0.925000          885        13.33
   13950.975     0.937500          896        16.00
   14106.623     0.943750          903        17.78
   14196.735     0.950000          908        20.00
   14368.767     0.956250          914        22.86
   14393.343     0.962500          932        26.67
   14393.343     0.968750          932        32.00
   14393.343     0.971875          932        35.56
   14393.343     0.975000          932        40.00
   14401.535     0.978125          935        45.71
   14426.111     0.981250          940        53.33
   14442.495     0.984375          943        64.00
   14442.495     0.985938          943        71.11
   14450.687     0.987500          944        80.00
   14458.879     0.989062          947        91.43
   14458.879     0.990625          947       106.67
   14491.647     0.992188          949       128.00
   14491.647     0.992969          949       142.22
   14508.031     0.993750          951       160.00
   14508.031     0.994531          951       182.86
   14508.031     0.995313          951       213.33
   14540.799     0.996094          952       256.00
   14540.799     0.996484          952       284.44
   14581.759     0.996875          953       320.00
   14581.759     0.997266          953       365.71
   14581.759     0.997656          953       426.67
   14630.911     0.998047          955       512.00
   14630.911     1.000000          955          inf
#[Mean    =     8965.372, StdDeviation   =     3496.852]
#[Max     =    14622.720, Total count    =          955]
#[Buckets =           27, SubBuckets     =         2048]
-----------------------------------------------------------------------
  1134 requests in 1.00m, 345.52KB read
Requests/sec:     18.90  
Transfer/sec:      5.76KB
