Running 1m test @ http://10.102.244.59/?loopCount=25&base=6&exp=6
  5 threads and 5 connections

  Thread calibration: mean lat.: 1053.767ms, rate sampling interval: 3028ms
  Thread calibration: mean lat.: 686.237ms, rate sampling interval: 2666ms
  Thread calibration: mean lat.: 1017.783ms, rate sampling interval: 4067ms
  Thread calibration: mean lat.: 902.804ms, rate sampling interval: 3397ms
  Thread calibration: mean lat.: 968.772ms, rate sampling interval: 3117ms

-----------------------------------------------------------------------
Test Results @ http://10.102.244.59/?loopCount=25&base=6&exp=6 
  Thread Stats   Avg      Stdev     99%   +/- Stdev
    Latency     6.73s     3.25s   14.55s    64.24%
    Req/Sec    11.42      1.21    14.00     88.16%
  Latency Distribution (HdrHistogram - Recorded Latency)
 50.000%    6.48s 
 75.000%    9.08s 
 90.000%   11.17s 
 99.000%   14.55s 
 99.900%   14.91s 
 99.990%   14.93s 
 99.999%   14.93s 
100.000%   14.93s 

  Detailed Percentile spectrum:
       Value   Percentile   TotalCount 1/(1-Percentile)

    1288.191     0.000000            1         1.00
    2662.399     0.100000          297         1.11
    3573.759     0.200000          593         1.25
    4575.231     0.300000          890         1.43
    5480.447     0.400000         1188         1.67
    6483.967     0.500000         1482         2.00
    6885.375     0.550000         1629         2.22
    7438.335     0.600000         1777         2.50
    7962.623     0.650000         1925         2.86
    8568.831     0.700000         2073         3.33
    9076.735     0.750000         2223         4.00
    9347.071     0.775000         2295         4.44
    9633.791     0.800000         2371         5.00
    9854.975     0.825000         2444         5.71
   10297.343     0.850000         2517         6.67
   10657.791     0.875000         2591         8.00
   10977.279     0.887500         2631         8.89
   11165.695     0.900000         2665        10.00
   11550.719     0.912500         2702        11.43
   11862.015     0.925000         2739        13.33
   12247.039     0.937500         2776        16.00
   12369.919     0.943750         2795        17.78
   12869.631     0.950000         2813        20.00
   12951.551     0.956250         2832        22.86
   13271.039     0.962500         2850        26.67
   13451.263     0.968750         2869        32.00
   13549.567     0.971875         2878        35.56
   13721.599     0.975000         2887        40.00
   13893.631     0.978125         2897        45.71
   14188.543     0.981250         2906        53.33
   14254.079     0.984375         2915        64.00
   14295.039     0.985938         2921        71.11
   14344.191     0.987500         2924        80.00
   14409.727     0.989062         2929        91.43
   14573.567     0.990625         2935       106.67
   14598.143     0.992188         2938       128.00
   14688.255     0.992969         2941       142.22
   14712.831     0.993750         2943       160.00
   14811.135     0.994531         2945       182.86
   14860.287     0.995313         2949       213.33
   14868.479     0.996094         2952       256.00
   14868.479     0.996484         2952       284.44
   14868.479     0.996875         2952       320.00
   14884.863     0.997266         2953       365.71
   14893.055     0.997656         2956       426.67
   14893.055     0.998047         2956       512.00
   14893.055     0.998242         2956       568.89
   14901.247     0.998437         2957       640.00
   14901.247     0.998633         2957       731.43
   14909.439     0.998828         2958       853.33
   14917.631     0.999023         2959      1024.00
   14917.631     0.999121         2959      1137.78
   14917.631     0.999219         2959      1280.00
   14917.631     0.999316         2959      1462.86
   14925.823     0.999414         2961      1706.67
   14925.823     1.000000         2961          inf
#[Mean    =     6731.181, StdDeviation   =     3248.899]
#[Max     =    14917.632, Total count    =         2961]
#[Buckets =           27, SubBuckets     =         2048]
-----------------------------------------------------------------------
  3566 requests in 1.00m, 1.06MB read
Requests/sec:     59.43  
Transfer/sec:     18.12KB
