Running 1m test @ http://10.102.244.59/?loopCount=25&base=6&exp=6
  5 threads and 5 connections

  Thread calibration: mean lat.: 714.464ms, rate sampling interval: 2971ms
  Thread calibration: mean lat.: 728.235ms, rate sampling interval: 2826ms
  Thread calibration: mean lat.: 1057.091ms, rate sampling interval: 4163ms
  Thread calibration: mean lat.: 583.630ms, rate sampling interval: 2619ms
  Thread calibration: mean lat.: 865.070ms, rate sampling interval: 3162ms

-----------------------------------------------------------------------
Test Results @ http://10.102.244.59/?loopCount=25&base=6&exp=6 
  Thread Stats   Avg      Stdev     99%   +/- Stdev
    Latency     6.28s     3.01s   14.50s    63.52%
    Req/Sec    11.72      1.02    13.00     97.47%
  Latency Distribution (HdrHistogram - Recorded Latency)
 50.000%    5.97s 
 75.000%    8.55s 
 90.000%    9.99s 
 99.000%   14.50s 
 99.900%   15.30s 
 99.990%   15.46s 
 99.999%   15.46s 
100.000%   15.46s 

  Detailed Percentile spectrum:
       Value   Percentile   TotalCount 1/(1-Percentile)

    1303.551     0.000000            1         1.00
    2555.903     0.100000          304         1.11
    3260.415     0.200000          607         1.25
    4190.207     0.300000          910         1.43
    5111.807     0.400000         1213         1.67
    5967.871     0.500000         1516         2.00
    6463.487     0.550000         1668         2.22
    7184.383     0.600000         1822         2.50
    7684.095     0.650000         1971         2.86
    8081.407     0.700000         2124         3.33
    8552.447     0.750000         2276         4.00
    8708.095     0.775000         2351         4.44
    8970.239     0.800000         2426         5.00
    9142.271     0.825000         2502         5.71
    9404.415     0.850000         2578         6.67
    9633.791     0.875000         2654         8.00
    9895.935     0.887500         2692         8.89
    9994.239     0.900000         2729        10.00
   10289.151     0.912500         2767        11.43
   10461.183     0.925000         2808        13.33
   10657.791     0.937500         2844        16.00
   10723.327     0.943750         2862        17.78
   10985.471     0.950000         2881        20.00
   11501.567     0.956250         2900        22.86
   12394.495     0.962500         2919        26.67
   12918.783     0.968750         2938        32.00
   13066.239     0.971875         2948        35.56
   13279.231     0.975000         2957        40.00
   13475.839     0.978125         2966        45.71
   13819.903     0.981250         2977        53.33
   14106.623     0.984375         2985        64.00
   14229.503     0.985938         2990        71.11
   14327.807     0.987500         2995        80.00
   14393.343     0.989062         3000        91.43
   14614.527     0.990625         3004       106.67
   14721.023     0.992188         3009       128.00
   14794.751     0.992969         3011       142.22
   14884.863     0.993750         3014       160.00
   15024.127     0.994531         3016       182.86
   15048.703     0.995313         3018       213.33
   15073.279     0.996094         3021       256.00
   15089.663     0.996484         3023       284.44
   15089.663     0.996875         3023       320.00
   15114.239     0.997266         3024       365.71
   15122.431     0.997656         3025       426.67
   15155.199     0.998047         3028       512.00
   15155.199     0.998242         3028       568.89
   15155.199     0.998437         3028       640.00
   15155.199     0.998633         3028       731.43
   15302.655     0.998828         3029       853.33
   15425.535     0.999023         3030      1024.00
   15425.535     0.999121         3030      1137.78
   15425.535     0.999219         3030      1280.00
   15425.535     0.999316         3030      1462.86
   15458.303     0.999414         3032      1706.67
   15458.303     1.000000         3032          inf
#[Mean    =     6282.019, StdDeviation   =     3010.951]
#[Max     =    15450.112, Total count    =         3032]
#[Buckets =           27, SubBuckets     =         2048]
-----------------------------------------------------------------------
  3657 requests in 1.00m, 1.09MB read
Requests/sec:     60.94  
Transfer/sec:     18.58KB
