Running 1m test @ http://10.102.244.59/?loopCount=25&base=6&exp=6
  5 threads and 5 connections

  Thread calibration: mean lat.: 104.971ms, rate sampling interval: 460ms
  Thread calibration: mean lat.: 80.354ms, rate sampling interval: 278ms
  Thread calibration: mean lat.: 71.960ms, rate sampling interval: 236ms
  Thread calibration: mean lat.: 80.962ms, rate sampling interval: 282ms
  Thread calibration: mean lat.: 101.842ms, rate sampling interval: 420ms

-----------------------------------------------------------------------
Test Results @ http://10.102.244.59/?loopCount=25&base=6&exp=6 
  Thread Stats   Avg      Stdev     99%   +/- Stdev
    Latency   115.77ms  106.39ms 513.02ms   88.17%
    Req/Sec     9.47      2.99    17.00     81.11%
  Latency Distribution (HdrHistogram - Recorded Latency)
 50.000%   81.09ms
 75.000%  136.96ms
 90.000%  238.46ms
 99.000%  513.02ms
 99.900%  714.24ms
 99.990%  812.54ms
 99.999%  812.54ms
100.000%  812.54ms

  Detailed Percentile spectrum:
       Value   Percentile   TotalCount 1/(1-Percentile)

      21.807     0.000000            1         1.00
      40.575     0.100000          261         1.11
      40.895     0.200000          518         1.25
      41.439     0.300000          756         1.43
      48.127     0.400000          998         1.67
      81.087     0.500000         1247         2.00
     102.143     0.550000         1372         2.22
     109.183     0.600000         1499         2.50
     113.535     0.650000         1623         2.86
     119.999     0.700000         1746         3.33
     136.959     0.750000         1871         4.00
     148.351     0.775000         1935         4.44
     183.679     0.800000         1996         5.00
     203.391     0.825000         2059         5.71
     209.407     0.850000         2120         6.67
     218.751     0.875000         2183         8.00
     226.175     0.887500         2214         8.89
     238.463     0.900000         2245        10.00
     256.511     0.912500         2276        11.43
     303.359     0.925000         2307        13.33
     315.391     0.937500         2339        16.00
     321.791     0.943750         2355        17.78
     335.359     0.950000         2370        20.00
     352.767     0.956250         2385        22.86
     400.383     0.962500         2401        26.67
     410.879     0.968750         2417        32.00
     415.487     0.971875         2424        35.56
     420.863     0.975000         2432        40.00
     428.031     0.978125         2440        45.71
     443.647     0.981250         2448        53.33
     498.175     0.984375         2456        64.00
     501.247     0.985938         2459        71.11
     505.087     0.987500         2463        80.00
     510.975     0.989062         2467        91.43
     516.095     0.990625         2471       106.67
     522.751     0.992188         2475       128.00
     541.695     0.992969         2478       142.22
     544.767     0.993750         2479       160.00
     595.967     0.994531         2481       182.86
     601.599     0.995313         2483       213.33
     609.791     0.996094         2485       256.00
     611.327     0.996484         2486       284.44
     611.839     0.996875         2487       320.00
     625.151     0.997266         2488       365.71
     655.871     0.997656         2489       426.67
     692.735     0.998047         2490       512.00
     692.735     0.998242         2490       568.89
     710.143     0.998437         2491       640.00
     710.143     0.998633         2491       731.43
     714.239     0.998828         2492       853.33
     714.239     0.999023         2492      1024.00
     714.239     0.999121         2492      1137.78
     752.639     0.999219         2493      1280.00
     752.639     0.999316         2493      1462.86
     752.639     0.999414         2493      1706.67
     752.639     0.999512         2493      2048.00
     752.639     0.999561         2493      2275.56
     812.543     0.999609         2494      2560.00
     812.543     1.000000         2494          inf
#[Mean    =      115.770, StdDeviation   =      106.388]
#[Max     =      812.032, Total count    =         2494]
#[Buckets =           27, SubBuckets     =         2048]
-----------------------------------------------------------------------
  2987 requests in 1.00m, 0.89MB read
Requests/sec:     49.78  
Transfer/sec:     15.18KB
