Running 1m test @ http://10.102.244.59/?loopCount=25&base=6&exp=6
  1 threads and 1 connections

  Thread calibration: mean lat.: 1675.995ms, rate sampling interval: 5480ms

-----------------------------------------------------------------------
Test Results @ http://10.102.244.59/?loopCount=25&base=6&exp=6 
  Thread Stats   Avg      Stdev     99%   +/- Stdev
    Latency    10.43s     4.31s   17.94s    60.00%
    Req/Sec    17.00      0.47    18.00    100.00%
  Latency Distribution (HdrHistogram - Recorded Latency)
 50.000%   10.09s 
 75.000%   14.19s 
 90.000%   16.59s 
 99.000%   17.94s 
 99.900%   18.01s 
 99.990%   18.02s 
 99.999%   18.02s 
100.000%   18.02s 

  Detailed Percentile spectrum:
       Value   Percentile   TotalCount 1/(1-Percentile)

    3016.703     0.000000            1         1.00
    4411.391     0.100000           88         1.11
    6008.831     0.200000          176         1.25
    7626.751     0.300000          263         1.43
    8822.783     0.400000          350         1.67
   10092.543     0.500000          438         2.00
   10969.087     0.550000          482         2.22
   11681.791     0.600000          527         2.50
   12640.255     0.650000          570         2.86
   13508.607     0.700000          613         3.33
   14229.503     0.750000          658         4.00
   14434.303     0.775000          682         4.44
   14712.831     0.800000          701         5.00
   15228.927     0.825000          723         5.71
   15794.175     0.850000          744         6.67
   16211.967     0.875000          766         8.00
   16433.151     0.887500          778         8.89
   16588.799     0.900000          789        10.00
   16793.599     0.912500          799        11.43
   17039.359     0.925000          811        13.33
   17203.199     0.937500          821        16.00
   17235.967     0.943750          828        17.78
   17285.119     0.950000          832        20.00
   17432.575     0.956250          838        22.86
   17514.495     0.962500          844        26.67
   17563.647     0.968750          848        32.00
   17612.799     0.971875          851        35.56
   17760.255     0.975000          855        40.00
   17793.023     0.978125          856        45.71
   17858.559     0.981250          860        53.33
   17891.327     0.984375          862        64.00
   17907.711     0.985938          864        71.11
   17940.479     0.987500          868        80.00
   17940.479     0.989062          868        91.43
   17940.479     0.990625          868       106.67
   17956.863     0.992188          870       128.00
   17956.863     0.992969          870       142.22
   17956.863     0.993750          870       160.00
   17989.631     0.994531          872       182.86
   17989.631     0.995313          872       213.33
   17989.631     0.996094          872       256.00
   17989.631     0.996484          872       284.44
   18006.015     0.996875          874       320.00
   18006.015     0.997266          874       365.71
   18006.015     0.997656          874       426.67
   18006.015     0.998047          874       512.00
   18006.015     0.998242          874       568.89
   18006.015     0.998437          874       640.00
   18006.015     0.998633          874       731.43
   18006.015     0.998828          874       853.33
   18022.399     0.999023          875      1024.00
   18022.399     1.000000          875          inf
#[Mean    =    10433.874, StdDeviation   =     4311.402]
#[Max     =    18006.016, Total count    =          875]
#[Buckets =           27, SubBuckets     =         2048]
-----------------------------------------------------------------------
  1049 requests in 1.00m, 319.63KB read
Requests/sec:     17.48  
Transfer/sec:      5.33KB
