Running 1m test @ http://10.102.244.59/?loopCount=25&base=6&exp=6
  1 threads and 1 connections

  Thread calibration: mean lat.: 1646.698ms, rate sampling interval: 5488ms

-----------------------------------------------------------------------
Test Results @ http://10.102.244.59/?loopCount=25&base=6&exp=6 
  Thread Stats   Avg      Stdev     99%   +/- Stdev
    Latency    11.62s     4.87s   19.84s    56.71%
    Req/Sec    16.11      0.31    17.00    100.00%
  Latency Distribution (HdrHistogram - Recorded Latency)
 50.000%   11.62s 
 75.000%   15.84s 
 90.000%   18.38s 
 99.000%   19.84s 
 99.900%   20.05s 
 99.990%   20.09s 
 99.999%   20.09s 
100.000%   20.09s 

  Detailed Percentile spectrum:
       Value   Percentile   TotalCount 1/(1-Percentile)

    3211.263     0.000000            1         1.00
    5025.791     0.100000           83         1.11
    6393.855     0.200000          167         1.25
    8196.095     0.300000          249         1.43
    9707.519     0.400000          331         1.67
   11616.255     0.500000          414         2.00
   12435.455     0.550000          456         2.22
   13467.647     0.600000          498         2.50
   14065.663     0.650000          538         2.86
   14999.551     0.700000          579         3.33
   15843.327     0.750000          621         4.00
   16334.847     0.775000          641         4.44
   16752.639     0.800000          663         5.00
   17154.047     0.825000          683         5.71
   17530.879     0.850000          704         6.67
   17989.631     0.875000          724         8.00
   18219.007     0.887500          736         8.89
   18382.847     0.900000          745        10.00
   18513.919     0.912500          755        11.43
   18841.599     0.925000          766        13.33
   18956.287     0.937500          776        16.00
   19103.743     0.943750          781        17.78
   19202.047     0.950000          787        20.00
   19251.199     0.956250          791        22.86
   19365.887     0.962500          796        26.67
   19496.959     0.968750          802        32.00
   19578.879     0.971875          805        35.56
   19660.799     0.975000          808        40.00
   19677.183     0.978125          810        45.71
   19775.487     0.981250          813        53.33
   19791.871     0.984375          815        64.00
   19808.255     0.985938          817        71.11
   19808.255     0.987500          817        80.00
   19841.023     0.989062          819        91.43
   19857.407     0.990625          820       106.67
   19906.559     0.992188          821       128.00
   19955.711     0.992969          823       142.22
   19955.711     0.993750          823       160.00
   19955.711     0.994531          823       182.86
   20004.863     0.995313          824       213.33
   20004.863     0.996094          824       256.00
   20054.015     0.996484          826       284.44
   20054.015     0.996875          826       320.00
   20054.015     0.997266          826       365.71
   20054.015     0.997656          826       426.67
   20054.015     0.998047          826       512.00
   20054.015     0.998242          826       568.89
   20054.015     0.998437          826       640.00
   20054.015     0.998633          826       731.43
   20086.783     0.998828          827       853.33
   20086.783     1.000000          827          inf
#[Mean    =    11618.625, StdDeviation   =     4872.640]
#[Max     =    20070.400, Total count    =          827]
#[Buckets =           27, SubBuckets     =         2048]
-----------------------------------------------------------------------
  998 requests in 1.00m, 304.09KB read
Requests/sec:     16.63  
Transfer/sec:      5.07KB
