Running 1m test @ http://10.102.244.59/?loopCount=25&base=6&exp=6
  5 threads and 5 connections

  Thread calibration: mean lat.: 500.656ms, rate sampling interval: 2099ms
  Thread calibration: mean lat.: 994.402ms, rate sampling interval: 3821ms
  Thread calibration: mean lat.: 1003.954ms, rate sampling interval: 3420ms
  Thread calibration: mean lat.: 674.076ms, rate sampling interval: 3135ms
  Thread calibration: mean lat.: 744.803ms, rate sampling interval: 3428ms

-----------------------------------------------------------------------
Test Results @ http://10.102.244.59/?loopCount=25&base=6&exp=6 
  Thread Stats   Avg      Stdev     99%   +/- Stdev
    Latency     5.77s     2.32s   10.31s    60.99%
    Req/Sec    12.10      0.94    14.00     97.47%
  Latency Distribution (HdrHistogram - Recorded Latency)
 50.000%    5.68s 
 75.000%    7.75s 
 90.000%    8.90s 
 99.000%   10.31s 
 99.900%   10.66s 
 99.990%   10.68s 
 99.999%   10.68s 
100.000%   10.68s 

  Detailed Percentile spectrum:
       Value   Percentile   TotalCount 1/(1-Percentile)

    1279.999     0.000000            1         1.00
    2506.751     0.100000          317         1.11
    3561.471     0.200000          633         1.25
    4325.375     0.300000          950         1.43
    5042.175     0.400000         1266         1.67
    5677.055     0.500000         1582         2.00
    6098.943     0.550000         1740         2.22
    6438.911     0.600000         1899         2.50
    6889.471     0.650000         2059         2.86
    7294.975     0.700000         2215         3.33
    7745.535     0.750000         2374         4.00
    7946.239     0.775000         2452         4.44
    8097.791     0.800000         2532         5.00
    8327.167     0.825000         2611         5.71
    8470.527     0.850000         2691         6.67
    8667.135     0.875000         2770         8.00
    8806.399     0.887500         2808         8.89
    8904.703     0.900000         2848        10.00
    9068.543     0.912500         2887        11.43
    9183.231     0.925000         2926        13.33
    9289.727     0.937500         2968        16.00
    9330.687     0.943750         2986        17.78
    9371.647     0.950000         3006        20.00
    9412.607     0.956250         3025        22.86
    9551.871     0.962500         3045        26.67
    9732.095     0.968750         3066        32.00
    9756.671     0.971875         3075        35.56
    9781.247     0.975000         3085        40.00
    9830.399     0.978125         3096        45.71
    9977.855     0.981250         3106        53.33
   10133.503     0.984375         3114        64.00
   10207.231     0.985938         3119        71.11
   10231.807     0.987500         3125        80.00
   10264.575     0.989062         3130        91.43
   10330.111     0.990625         3135       106.67
   10444.799     0.992188         3139       128.00
   10461.183     0.992969         3141       142.22
   10493.951     0.993750         3144       160.00
   10502.143     0.994531         3146       182.86
   10534.911     0.995313         3149       213.33
   10567.679     0.996094         3152       256.00
   10567.679     0.996484         3152       284.44
   10600.447     0.996875         3155       320.00
   10600.447     0.997266         3155       365.71
   10608.639     0.997656         3156       426.67
   10633.215     0.998047         3157       512.00
   10641.407     0.998242         3158       568.89
   10649.599     0.998437         3159       640.00
   10649.599     0.998633         3159       731.43
   10657.791     0.998828         3161       853.33
   10657.791     0.999023         3161      1024.00
   10657.791     0.999121         3161      1137.78
   10657.791     0.999219         3161      1280.00
   10657.791     0.999316         3161      1462.86
   10665.983     0.999414         3162      1706.67
   10665.983     0.999512         3162      2048.00
   10665.983     0.999561         3162      2275.56
   10665.983     0.999609         3162      2560.00
   10665.983     0.999658         3162      2925.71
   10682.367     0.999707         3163      3413.33
   10682.367     1.000000         3163          inf
#[Mean    =     5774.677, StdDeviation   =     2316.410]
#[Max     =    10674.176, Total count    =         3163]
#[Buckets =           27, SubBuckets     =         2048]
-----------------------------------------------------------------------
  3781 requests in 1.00m, 1.13MB read
Requests/sec:     63.01  
Transfer/sec:     19.21KB
