Running 1m test @ http://10.102.244.59/?loopCount=25&base=6&exp=6
  5 threads and 5 connections

  Thread calibration: mean lat.: 72.178ms, rate sampling interval: 235ms
  Thread calibration: mean lat.: 72.166ms, rate sampling interval: 236ms
  Thread calibration: mean lat.: 86.096ms, rate sampling interval: 403ms
  Thread calibration: mean lat.: 82.838ms, rate sampling interval: 261ms
  Thread calibration: mean lat.: 70.653ms, rate sampling interval: 225ms

-----------------------------------------------------------------------
Test Results @ http://10.102.244.59/?loopCount=25&base=6&exp=6 
  Thread Stats   Avg      Stdev     99%   +/- Stdev
    Latency    70.80ms   46.55ms 219.13ms   86.37%
    Req/Sec     9.39      2.76    17.00     90.21%
  Latency Distribution (HdrHistogram - Recorded Latency)
 50.000%   42.21ms
 75.000%  103.23ms
 90.000%  125.25ms
 99.000%  219.13ms
 99.900%  304.89ms
 99.990%  338.94ms
 99.999%  338.94ms
100.000%  338.94ms

  Detailed Percentile spectrum:
       Value   Percentile   TotalCount 1/(1-Percentile)

      21.839     0.000000            1         1.00
      40.575     0.100000          256         1.11
      40.863     0.200000          533         1.25
      41.151     0.300000          757         1.43
      41.567     0.400000         1002         1.67
      42.207     0.500000         1260         2.00
      42.943     0.550000         1381         2.22
      49.407     0.600000         1502         2.50
      64.991     0.650000         1627         2.86
     101.055     0.700000         1752         3.33
     103.231     0.750000         1877         4.00
     105.791     0.775000         1940         4.44
     109.247     0.800000         2003         5.00
     110.335     0.825000         2066         5.71
     113.215     0.850000         2128         6.67
     118.719     0.875000         2191         8.00
     120.703     0.887500         2221         8.89
     125.247     0.900000         2254        10.00
     128.767     0.912500         2284        11.43
     135.295     0.925000         2315        13.33
     144.639     0.937500         2346        16.00
     149.247     0.943750         2362        17.78
     158.719     0.950000         2377        20.00
     198.911     0.956250         2393        22.86
     203.263     0.962500         2409        26.67
     205.567     0.968750         2424        32.00
     206.847     0.971875         2432        35.56
     207.359     0.975000         2440        40.00
     209.791     0.978125         2449        45.71
     211.327     0.981250         2456        53.33
     215.167     0.984375         2463        64.00
     216.831     0.985938         2467        71.11
     217.983     0.987500         2471        80.00
     218.879     0.989062         2475        91.43
     219.903     0.990625         2479       106.67
     221.439     0.992188         2484       128.00
     221.951     0.992969         2485       142.22
     222.591     0.993750         2487       160.00
     222.975     0.994531         2489       182.86
     241.535     0.995313         2491       213.33
     247.295     0.996094         2493       256.00
     266.239     0.996484         2494       284.44
     278.527     0.996875         2495       320.00
     300.799     0.997266         2496       365.71
     301.311     0.997656         2497       426.67
     302.591     0.998047         2498       512.00
     302.591     0.998242         2498       568.89
     304.895     0.998437         2499       640.00
     304.895     0.998633         2499       731.43
     306.431     0.998828         2500       853.33
     306.431     0.999023         2500      1024.00
     306.431     0.999121         2500      1137.78
     325.631     0.999219         2501      1280.00
     325.631     0.999316         2501      1462.86
     325.631     0.999414         2501      1706.67
     325.631     0.999512         2501      2048.00
     325.631     0.999561         2501      2275.56
     338.943     0.999609         2502      2560.00
     338.943     1.000000         2502          inf
#[Mean    =       70.801, StdDeviation   =       46.548]
#[Max     =      338.688, Total count    =         2502]
#[Buckets =           27, SubBuckets     =         2048]
-----------------------------------------------------------------------
  2995 requests in 1.00m, 0.89MB read
Requests/sec:     49.91  
Transfer/sec:     15.22KB
