Running 1m test @ http://10.102.244.59/?loopCount=25&base=6&exp=6
  5 threads and 5 connections

  Thread calibration: mean lat.: 71.140ms, rate sampling interval: 250ms
  Thread calibration: mean lat.: 87.797ms, rate sampling interval: 305ms
  Thread calibration: mean lat.: 70.611ms, rate sampling interval: 261ms
  Thread calibration: mean lat.: 85.693ms, rate sampling interval: 257ms
  Thread calibration: mean lat.: 73.636ms, rate sampling interval: 251ms

-----------------------------------------------------------------------
Test Results @ http://10.102.244.59/?loopCount=25&base=6&exp=6 
  Thread Stats   Avg      Stdev     99%   +/- Stdev
    Latency    92.69ms   69.32ms 336.89ms   87.75%
    Req/Sec     9.50      3.29    16.00     83.62%
  Latency Distribution (HdrHistogram - Recorded Latency)
 50.000%   58.05ms
 75.000%  121.86ms
 90.000%  197.50ms
 99.000%  336.89ms
 99.900%  529.41ms
 99.990%  544.77ms
 99.999%  544.77ms
100.000%  544.77ms

  Detailed Percentile spectrum:
       Value   Percentile   TotalCount 1/(1-Percentile)

      21.711     0.000000            1         1.00
      40.703     0.100000          251         1.11
      41.343     0.200000          504         1.25
      42.271     0.300000          748         1.43
      46.623     0.400000          997         1.67
      58.047     0.500000         1245         2.00
      67.455     0.550000         1369         2.22
      98.623     0.600000         1494         2.50
     114.175     0.650000         1620         2.86
     117.631     0.700000         1743         3.33
     121.855     0.750000         1868         4.00
     123.455     0.775000         1929         4.44
     128.575     0.800000         1992         5.00
     133.503     0.825000         2054         5.71
     143.999     0.850000         2116         6.67
     158.591     0.875000         2178         8.00
     170.239     0.887500         2209         8.89
     198.143     0.900000         2241        10.00
     214.399     0.912500         2272        11.43
     217.599     0.925000         2304        13.33
     223.103     0.937500         2335        16.00
     226.303     0.943750         2350        17.78
     229.631     0.950000         2365        20.00
     231.807     0.956250         2381        22.86
     235.775     0.962500         2396        26.67
     245.119     0.968750         2412        32.00
     253.055     0.971875         2419        35.56
     258.943     0.975000         2427        40.00
     286.975     0.978125         2435        45.71
     313.343     0.981250         2444        53.33
     316.671     0.984375         2451        64.00
     319.487     0.985938         2455        71.11
     323.071     0.987500         2458        80.00
     331.263     0.989062         2462        91.43
     338.687     0.990625         2466       106.67
     345.343     0.992188         2470       128.00
     352.255     0.992969         2472       142.22
     362.239     0.993750         2474       160.00
     363.775     0.994531         2476       182.86
     415.999     0.995313         2479       213.33
     417.535     0.996094         2480       256.00
     420.351     0.996484         2481       284.44
     421.631     0.996875         2482       320.00
     422.655     0.997266         2483       365.71
     424.447     0.997656         2484       426.67
     484.607     0.998047         2485       512.00
     484.607     0.998242         2485       568.89
     512.255     0.998437         2486       640.00
     512.255     0.998633         2486       731.43
     529.407     0.998828         2487       853.33
     529.407     0.999023         2487      1024.00
     529.407     0.999121         2487      1137.78
     540.671     0.999219         2488      1280.00
     540.671     0.999316         2488      1462.86
     540.671     0.999414         2488      1706.67
     540.671     0.999512         2488      2048.00
     540.671     0.999561         2488      2275.56
     544.767     0.999609         2489      2560.00
     544.767     1.000000         2489          inf
#[Mean    =       92.688, StdDeviation   =       69.323]
#[Max     =      544.256, Total count    =         2489]
#[Buckets =           27, SubBuckets     =         2048]
-----------------------------------------------------------------------
  2984 requests in 1.00m, 0.89MB read
Requests/sec:     49.73  
Transfer/sec:     15.17KB
