Running 1m test @ http://10.102.244.59/?loopCount=25&base=6&exp=6
  5 threads and 5 connections

  Thread calibration: mean lat.: 526.133ms, rate sampling interval: 2465ms
  Thread calibration: mean lat.: 851.293ms, rate sampling interval: 2715ms
  Thread calibration: mean lat.: 801.500ms, rate sampling interval: 2516ms
  Thread calibration: mean lat.: 1072.005ms, rate sampling interval: 3491ms
  Thread calibration: mean lat.: 806.764ms, rate sampling interval: 3426ms

-----------------------------------------------------------------------
Test Results @ http://10.102.244.59/?loopCount=25&base=6&exp=6 
  Thread Stats   Avg      Stdev     99%   +/- Stdev
    Latency     5.47s     2.49s   11.78s    65.57%
    Req/Sec    12.25      1.07    14.00     96.47%
  Latency Distribution (HdrHistogram - Recorded Latency)
 50.000%    5.45s 
 75.000%    7.13s 
 90.000%    8.87s 
 99.000%   11.78s 
 99.900%   12.21s 
 99.990%   12.24s 
 99.999%   12.24s 
100.000%   12.24s 

  Detailed Percentile spectrum:
       Value   Percentile   TotalCount 1/(1-Percentile)

     984.575     0.000000            1         1.00
    2355.199     0.100000          319         1.11
    3022.847     0.200000          639         1.25
    3813.375     0.300000          955         1.43
    4698.111     0.400000         1275         1.67
    5451.775     0.500000         1592         2.00
    5771.263     0.550000         1753         2.22
    6135.807     0.600000         1911         2.50
    6438.911     0.650000         2074         2.86
    6737.919     0.700000         2230         3.33
    7127.039     0.750000         2388         4.00
    7254.015     0.775000         2468         4.44
    7487.487     0.800000         2547         5.00
    7626.751     0.825000         2627         5.71
    8007.679     0.850000         2706         6.67
    8388.607     0.875000         2786         8.00
    8503.295     0.887500         2826         8.89
    8871.935     0.900000         2866        10.00
    9052.159     0.912500         2906        11.43
    9256.959     0.925000         2945        13.33
    9592.831     0.937500         2985        16.00
    9814.015     0.943750         3004        17.78
   10051.583     0.950000         3024        20.00
   10239.999     0.956250         3044        22.86
   10584.063     0.962500         3064        26.67
   10854.399     0.968750         3084        32.00
   10944.511     0.971875         3094        35.56
   11051.007     0.975000         3104        40.00
   11190.271     0.978125         3114        45.71
   11362.303     0.981250         3124        53.33
   11501.567     0.984375         3134        64.00
   11616.255     0.985938         3139        71.11
   11689.983     0.987500         3144        80.00
   11747.327     0.989062         3150        91.43
   11821.055     0.990625         3156       106.67
   11829.247     0.992188         3160       128.00
   11837.439     0.992969         3161       142.22
   11870.207     0.993750         3164       160.00
   11886.591     0.994531         3166       182.86
   11911.167     0.995313         3170       213.33
   11927.551     0.996094         3171       256.00
   11968.511     0.996484         3172       284.44
   12050.431     0.996875         3174       320.00
   12075.007     0.997266         3175       365.71
   12115.967     0.997656         3176       426.67
   12140.543     0.998047         3178       512.00
   12140.543     0.998242         3178       568.89
   12206.079     0.998437         3180       640.00
   12206.079     0.998633         3180       731.43
   12206.079     0.998828         3180       853.33
   12206.079     0.999023         3180      1024.00
   12214.271     0.999121         3181      1137.78
   12214.271     0.999219         3181      1280.00
   12214.271     0.999316         3181      1462.86
   12222.463     0.999414         3182      1706.67
   12222.463     0.999512         3182      2048.00
   12222.463     0.999561         3182      2275.56
   12222.463     0.999609         3182      2560.00
   12222.463     0.999658         3182      2925.71
   12238.847     0.999707         3183      3413.33
   12238.847     1.000000         3183          inf
#[Mean    =     5466.475, StdDeviation   =     2486.012]
#[Max     =    12230.656, Total count    =         3183]
#[Buckets =           27, SubBuckets     =         2048]
-----------------------------------------------------------------------
  3806 requests in 1.00m, 1.13MB read
Requests/sec:     63.43  
Transfer/sec:     19.34KB
