Running 1m test @ http://10.102.244.59/?loopCount=25&base=6&exp=6
  5 threads and 5 connections

  Thread calibration: mean lat.: 653.854ms, rate sampling interval: 2400ms
  Thread calibration: mean lat.: 900.514ms, rate sampling interval: 2904ms
  Thread calibration: mean lat.: 773.373ms, rate sampling interval: 3000ms
  Thread calibration: mean lat.: 935.542ms, rate sampling interval: 3813ms
  Thread calibration: mean lat.: 499.900ms, rate sampling interval: 2162ms

-----------------------------------------------------------------------
Test Results @ http://10.102.244.59/?loopCount=25&base=6&exp=6 
  Thread Stats   Avg      Stdev     99%   +/- Stdev
    Latency     5.75s     2.55s   12.12s    63.39%
    Req/Sec    12.16      1.21    15.00     95.51%
  Latency Distribution (HdrHistogram - Recorded Latency)
 50.000%    5.62s 
 75.000%    7.63s 
 90.000%    8.85s 
 99.000%   12.12s 
 99.900%   12.94s 
 99.990%   12.99s 
 99.999%   12.99s 
100.000%   12.99s 

  Detailed Percentile spectrum:
       Value   Percentile   TotalCount 1/(1-Percentile)

    1544.191     0.000000            1         1.00
    2301.951     0.100000          313         1.11
    3178.495     0.200000          626         1.25
    4061.183     0.300000          939         1.43
    4911.103     0.400000         1253         1.67
    5619.711     0.500000         1565         2.00
    6135.807     0.550000         1723         2.22
    6479.871     0.600000         1882         2.50
    6897.663     0.650000         2035         2.86
    7352.319     0.700000         2192         3.33
    7626.751     0.750000         2351         4.00
    7892.991     0.775000         2426         4.44
    8146.943     0.800000         2505         5.00
    8237.055     0.825000         2584         5.71
    8486.911     0.850000         2662         6.67
    8691.711     0.875000         2743         8.00
    8757.247     0.887500         2778         8.89
    8847.359     0.900000         2817        10.00
    8978.431     0.912500         2858        11.43
    9314.303     0.925000         2896        13.33
    9510.911     0.937500         2935        16.00
    9658.367     0.943750         2954        17.78
    9920.511     0.950000         2975        20.00
   10371.071     0.956250         2994        22.86
   10543.103     0.962500         3013        26.67
   10723.327     0.968750         3034        32.00
   10919.935     0.971875         3042        35.56
   11042.815     0.975000         3053        40.00
   11198.463     0.978125         3062        45.71
   11542.527     0.981250         3072        53.33
   11862.015     0.984375         3082        64.00
   11952.127     0.985938         3086        71.11
   12017.663     0.987500         3091        80.00
   12083.199     0.989062         3097        91.43
   12197.887     0.990625         3101       106.67
   12386.303     0.992188         3106       128.00
   12460.031     0.992969         3108       142.22
   12558.335     0.993750         3111       160.00
   12640.255     0.994531         3113       182.86
   12779.519     0.995313         3116       213.33
   12877.823     0.996094         3118       256.00
   12886.015     0.996484         3119       284.44
   12894.207     0.996875         3122       320.00
   12894.207     0.997266         3122       365.71
   12910.591     0.997656         3123       426.67
   12918.783     0.998047         3126       512.00
   12918.783     0.998242         3126       568.89
   12918.783     0.998437         3126       640.00
   12918.783     0.998633         3126       731.43
   12943.359     0.998828         3127       853.33
   12943.359     0.999023         3127      1024.00
   12951.551     0.999121         3128      1137.78
   12951.551     0.999219         3128      1280.00
   12951.551     0.999316         3128      1462.86
   12967.935     0.999414         3129      1706.67
   12967.935     0.999512         3129      2048.00
   12967.935     0.999561         3129      2275.56
   12967.935     0.999609         3129      2560.00
   12967.935     0.999658         3129      2925.71
   12992.511     0.999707         3130      3413.33
   12992.511     1.000000         3130          inf
#[Mean    =     5749.233, StdDeviation   =     2545.632]
#[Max     =    12984.320, Total count    =         3130]
#[Buckets =           27, SubBuckets     =         2048]
-----------------------------------------------------------------------
  3751 requests in 1.00m, 1.12MB read
Requests/sec:     62.51  
Transfer/sec:     19.06KB
