Running 1m test @ http://10.102.244.59/?loopCount=25&base=6&exp=6
  5 threads and 5 connections

  Thread calibration: mean lat.: 70.155ms, rate sampling interval: 263ms
  Thread calibration: mean lat.: 90.001ms, rate sampling interval: 312ms
  Thread calibration: mean lat.: 71.600ms, rate sampling interval: 264ms
  Thread calibration: mean lat.: 75.143ms, rate sampling interval: 284ms
  Thread calibration: mean lat.: 79.974ms, rate sampling interval: 270ms

-----------------------------------------------------------------------
Test Results @ http://10.102.244.59/?loopCount=25&base=6&exp=6 
  Thread Stats   Avg      Stdev     99%   +/- Stdev
    Latency    73.29ms   42.85ms 227.58ms   75.14%
    Req/Sec     9.55      2.58    15.00     88.44%
  Latency Distribution (HdrHistogram - Recorded Latency)
 50.000%   57.38ms
 75.000%   95.68ms
 90.000%  134.14ms
 99.000%  227.58ms
 99.900%  254.85ms
 99.990%  260.61ms
 99.999%  260.61ms
100.000%  260.61ms

  Detailed Percentile spectrum:
       Value   Percentile   TotalCount 1/(1-Percentile)

      22.527     0.000000            1         1.00
      40.863     0.100000          250         1.11
      41.599     0.200000          500         1.25
      42.367     0.300000          759         1.43
      43.679     0.400000         1002         1.67
      57.375     0.500000         1250         2.00
      58.495     0.550000         1375         2.22
      61.055     0.600000         1499         2.50
      65.919     0.650000         1627         2.86
      71.679     0.700000         1749         3.33
      95.679     0.750000         1874         4.00
     124.223     0.775000         1938         4.44
     125.887     0.800000         2000         5.00
     127.039     0.825000         2063         5.71
     129.023     0.850000         2124         6.67
     131.327     0.875000         2189         8.00
     133.119     0.887500         2217         8.89
     134.271     0.900000         2252        10.00
     136.063     0.912500         2284        11.43
     139.007     0.925000         2311        13.33
     143.359     0.937500         2344        16.00
     145.023     0.943750         2358        17.78
     147.583     0.950000         2375        20.00
     150.143     0.956250         2390        22.86
     155.519     0.962500         2405        26.67
     158.847     0.968750         2420        32.00
     163.967     0.971875         2428        35.56
     167.807     0.975000         2436        40.00
     171.135     0.978125         2444        45.71
     187.903     0.981250         2452        53.33
     224.255     0.984375         2459        64.00
     224.639     0.985938         2464        71.11
     225.023     0.987500         2467        80.00
     227.199     0.989062         2472        91.43
     228.095     0.990625         2476       106.67
     230.143     0.992188         2479       128.00
     230.655     0.992969         2481       142.22
     231.167     0.993750         2484       160.00
     231.295     0.994531         2485       182.86
     233.087     0.995313         2487       213.33
     233.855     0.996094         2489       256.00
     236.031     0.996484         2490       284.44
     237.183     0.996875         2491       320.00
     237.823     0.997266         2492       365.71
     238.463     0.997656         2493       426.67
     248.191     0.998047         2494       512.00
     248.191     0.998242         2494       568.89
     248.831     0.998437         2495       640.00
     248.831     0.998633         2495       731.43
     254.847     0.998828         2496       853.33
     254.847     0.999023         2496      1024.00
     254.847     0.999121         2496      1137.78
     258.815     0.999219         2497      1280.00
     258.815     0.999316         2497      1462.86
     258.815     0.999414         2497      1706.67
     258.815     0.999512         2497      2048.00
     258.815     0.999561         2497      2275.56
     260.607     0.999609         2498      2560.00
     260.607     1.000000         2498          inf
#[Mean    =       73.288, StdDeviation   =       42.853]
#[Max     =      260.480, Total count    =         2498]
#[Buckets =           27, SubBuckets     =         2048]
-----------------------------------------------------------------------
  2993 requests in 1.00m, 0.89MB read
Requests/sec:     49.88  
Transfer/sec:     15.21KB
