Running 1m test @ http://10.101.163.15/?loopCount=25&base=6&exp=6
  1 threads and 1 connections

  Thread calibration: mean lat.: 903.553ms, rate sampling interval: 3346ms

-----------------------------------------------------------------------
Test Results @ http://10.101.163.15/?loopCount=25&base=6&exp=6 
  Thread Stats   Avg      Stdev     99%   +/- Stdev
    Latency     5.70s     2.08s    9.24s    59.19%
    Req/Sec    20.93      0.70    22.00    100.00%
  Latency Distribution (HdrHistogram - Recorded Latency)
 50.000%    5.63s 
 75.000%    7.50s 
 90.000%    8.57s 
 99.000%    9.24s 
 99.900%    9.34s 
 99.990%    9.38s 
 99.999%    9.38s 
100.000%    9.38s 

  Detailed Percentile spectrum:
       Value   Percentile   TotalCount 1/(1-Percentile)

    2008.063     0.000000            1         1.00
    2856.959     0.100000          107         1.11
    3637.247     0.200000          216         1.25
    4243.455     0.300000          320         1.43
    4886.527     0.400000          427         1.67
    5627.903     0.500000          534         2.00
    5935.103     0.550000          588         2.22
    6463.487     0.600000          640         2.50
    6901.759     0.650000          694         2.86
    7143.423     0.700000          748         3.33
    7503.871     0.750000          804         4.00
    7729.151     0.775000          829         4.44
    7929.855     0.800000          853         5.00
    8126.463     0.825000          880         5.71
    8196.095     0.850000          914         6.67
    8380.415     0.875000          934         8.00
    8503.295     0.887500          949         8.89
    8568.831     0.900000          962        10.00
    8634.367     0.912500          976        11.43
    8732.671     0.925000          988        13.33
    8773.631     0.937500         1000        16.00
    8863.743     0.943750         1007        17.78
    8896.511     0.950000         1013        20.00
    8912.895     0.956250         1021        22.86
    8978.431     0.962500         1027        26.67
    9035.775     0.968750         1033        32.00
    9052.159     0.971875         1038        35.56
    9101.311     0.975000         1041        40.00
    9134.079     0.978125         1043        45.71
    9175.039     0.981250         1047        53.33
    9215.999     0.984375         1050        64.00
    9240.575     0.985938         1061        71.11
    9240.575     0.987500         1061        80.00
    9240.575     0.989062         1061        91.43
    9240.575     0.990625         1061       106.67
    9240.575     0.992188         1061       128.00
    9240.575     0.992969         1061       142.22
    9240.575     0.993750         1061       160.00
    9240.575     0.994531         1061       182.86
    9248.767     0.995313         1062       213.33
    9248.767     0.996094         1062       256.00
    9289.727     0.996484         1064       284.44
    9289.727     0.996875         1064       320.00
    9289.727     0.997266         1064       365.71
    9289.727     0.997656         1064       426.67
    9289.727     0.998047         1064       512.00
    9338.879     0.998242         1065       568.89
    9338.879     0.998437         1065       640.00
    9338.879     0.998633         1065       731.43
    9338.879     0.998828         1065       853.33
    9338.879     0.999023         1065      1024.00
    9379.839     0.999121         1066      1137.78
    9379.839     1.000000         1066          inf
#[Mean    =     5700.893, StdDeviation   =     2075.624]
#[Max     =     9371.648, Total count    =         1066]
#[Buckets =           27, SubBuckets     =         2048]
-----------------------------------------------------------------------
  1265 requests in 1.00m, 385.43KB read
Requests/sec:     21.08  
Transfer/sec:      6.42KB
