Running 1m test @ http://10.101.163.15/?loopCount=25&base=6&exp=6
  5 threads and 5 connections

  Thread calibration: mean lat.: 133.180ms, rate sampling interval: 468ms
  Thread calibration: mean lat.: 122.964ms, rate sampling interval: 458ms
  Thread calibration: mean lat.: 93.219ms, rate sampling interval: 281ms
  Thread calibration: mean lat.: 99.404ms, rate sampling interval: 433ms
  Thread calibration: mean lat.: 113.843ms, rate sampling interval: 453ms

-----------------------------------------------------------------------
Test Results @ http://10.101.163.15/?loopCount=25&base=6&exp=6 
  Thread Stats   Avg      Stdev     99%   +/- Stdev
    Latency   109.63ms   74.79ms 341.25ms   84.42%
    Req/Sec     9.49      2.39    15.00     77.80%
  Latency Distribution (HdrHistogram - Recorded Latency)
 50.000%  106.56ms
 75.000%  139.13ms
 90.000%  225.15ms
 99.000%  341.25ms
 99.900%  426.75ms
 99.990%  442.11ms
 99.999%  442.11ms
100.000%  442.11ms

  Detailed Percentile spectrum:
       Value   Percentile   TotalCount 1/(1-Percentile)

      21.183     0.000000            1         1.00
      40.927     0.100000          267         1.11
      41.631     0.200000          507         1.25
      48.575     0.300000          751         1.43
      61.663     0.400000         1003         1.67
     106.559     0.500000         1252         2.00
     121.087     0.550000         1379         2.22
     123.775     0.600000         1503         2.50
     129.215     0.650000         1630         2.86
     132.095     0.700000         1753         3.33
     139.135     0.750000         1878         4.00
     142.207     0.775000         1941         4.44
     149.887     0.800000         2004         5.00
     159.615     0.825000         2065         5.71
     170.879     0.850000         2128         6.67
     220.159     0.875000         2192         8.00
     222.079     0.887500         2222         8.89
     225.151     0.900000         2253        10.00
     228.095     0.912500         2284        11.43
     231.935     0.925000         2319        13.33
     238.591     0.937500         2347        16.00
     240.767     0.943750         2363        17.78
     246.015     0.950000         2378        20.00
     254.591     0.956250         2394        22.86
     264.191     0.962500         2411        26.67
     289.279     0.968750         2425        32.00
     315.135     0.971875         2433        35.56
     322.303     0.975000         2442        40.00
     324.095     0.978125         2449        45.71
     327.935     0.981250         2458        53.33
     330.239     0.984375         2464        64.00
     332.031     0.985938         2469        71.11
     333.311     0.987500         2473        80.00
     334.335     0.989062         2476        91.43
     342.783     0.990625         2480       106.67
     346.623     0.992188         2484       128.00
     348.671     0.992969         2486       142.22
     355.583     0.993750         2488       160.00
     364.543     0.994531         2490       182.86
     382.975     0.995313         2492       213.33
     420.607     0.996094         2494       256.00
     420.863     0.996484         2495       284.44
     423.423     0.996875         2496       320.00
     423.935     0.997266         2497       365.71
     424.447     0.997656         2498       426.67
     425.471     0.998047         2499       512.00
     425.471     0.998242         2499       568.89
     426.751     0.998437         2500       640.00
     426.751     0.998633         2500       731.43
     438.015     0.998828         2501       853.33
     438.015     0.999023         2501      1024.00
     438.015     0.999121         2501      1137.78
     440.063     0.999219         2502      1280.00
     440.063     0.999316         2502      1462.86
     440.063     0.999414         2502      1706.67
     440.063     0.999512         2502      2048.00
     440.063     0.999561         2502      2275.56
     442.111     0.999609         2503      2560.00
     442.111     1.000000         2503          inf
#[Mean    =      109.629, StdDeviation   =       74.787]
#[Max     =      441.856, Total count    =         2503]
#[Buckets =           27, SubBuckets     =         2048]
-----------------------------------------------------------------------
  2994 requests in 1.00m, 0.89MB read
Requests/sec:     49.89  
Transfer/sec:     15.22KB
