Running 1m test @ http://10.101.163.15/?loopCount=25&base=6&exp=6
  1 threads and 1 connections

  Thread calibration: mean lat.: 556.394ms, rate sampling interval: 2067ms

-----------------------------------------------------------------------
Test Results @ http://10.101.163.15/?loopCount=25&base=6&exp=6 
  Thread Stats   Avg      Stdev     99%   +/- Stdev
    Latency     5.50s     2.39s    9.67s    60.43%
    Req/Sec    20.04      1.65    24.00     87.50%
  Latency Distribution (HdrHistogram - Recorded Latency)
 50.000%    5.75s 
 75.000%    7.26s 
 90.000%    8.59s 
 99.000%    9.67s 
 99.900%    9.90s 
 99.990%    9.93s 
 99.999%    9.93s 
100.000%    9.93s 

  Detailed Percentile spectrum:
       Value   Percentile   TotalCount 1/(1-Percentile)

    1238.015     0.000000            1         1.00
    1955.839     0.100000          104         1.11
    2871.295     0.200000          207         1.25
    4007.935     0.300000          310         1.43
    4943.871     0.400000          413         1.67
    5754.879     0.500000          516         2.00
    6246.399     0.550000          568         2.22
    6651.903     0.600000          622         2.50
    6942.719     0.650000          672         2.86
    7135.231     0.700000          722         3.33
    7262.207     0.750000          774         4.00
    7606.271     0.775000          800         4.44
    7790.591     0.800000          831         5.00
    7913.471     0.825000          852         5.71
    8110.079     0.850000          878         6.67
    8396.799     0.875000          903         8.00
    8544.255     0.887500          916         8.89
    8585.215     0.900000          928        10.00
    8634.367     0.912500          944        11.43
    8749.055     0.925000          954        13.33
    8912.895     0.937500          967        16.00
    9043.967     0.943750          974        17.78
    9183.231     0.950000          984        20.00
    9191.423     0.956250          986        22.86
    9240.575     0.962500          994        26.67
    9273.343     0.968750         1001        32.00
    9363.455     0.971875         1003        35.56
    9437.183     0.975000         1013        40.00
    9437.183     0.978125         1013        45.71
    9437.183     0.981250         1013        53.33
    9494.527     0.984375         1015        64.00
    9601.023     0.985938         1017        71.11
    9666.559     0.987500         1021        80.00
    9666.559     0.989062         1021        91.43
    9699.327     0.990625         1022       106.67
    9756.671     0.992188         1025       128.00
    9756.671     0.992969         1025       142.22
    9756.671     0.993750         1025       160.00
    9805.823     0.994531         1026       182.86
    9814.015     0.995313         1027       213.33
    9814.015     0.996094         1027       256.00
    9838.591     0.996484         1028       284.44
    9838.591     0.996875         1028       320.00
    9904.127     0.997266         1030       365.71
    9904.127     0.997656         1030       426.67
    9904.127     0.998047         1030       512.00
    9904.127     0.998242         1030       568.89
    9904.127     0.998437         1030       640.00
    9904.127     0.998633         1030       731.43
    9904.127     0.998828         1030       853.33
    9904.127     0.999023         1030      1024.00
    9928.703     0.999121         1031      1137.78
    9928.703     1.000000         1031          inf
#[Mean    =     5498.946, StdDeviation   =     2385.232]
#[Max     =     9920.512, Total count    =         1031]
#[Buckets =           27, SubBuckets     =         2048]
-----------------------------------------------------------------------
  1250 requests in 1.00m, 380.87KB read
Requests/sec:     20.83  
Transfer/sec:      6.35KB
