Running 1m test @ http://10.101.163.15/?loopCount=25&base=6&exp=6
  5 threads and 5 connections

  Thread calibration: mean lat.: 98.298ms, rate sampling interval: 356ms
  Thread calibration: mean lat.: 179.296ms, rate sampling interval: 769ms
  Thread calibration: mean lat.: 138.225ms, rate sampling interval: 562ms
  Thread calibration: mean lat.: 150.975ms, rate sampling interval: 553ms
  Thread calibration: mean lat.: 154.112ms, rate sampling interval: 582ms

-----------------------------------------------------------------------
Test Results @ http://10.101.163.15/?loopCount=25&base=6&exp=6 
  Thread Stats   Avg      Stdev     99%   +/- Stdev
    Latency   109.37ms   62.71ms 296.19ms   63.49%
    Req/Sec     9.59      1.71    14.00     92.74%
  Latency Distribution (HdrHistogram - Recorded Latency)
 50.000%   96.51ms
 75.000%  157.57ms
 90.000%  187.65ms
 99.000%  296.19ms
 99.900%  403.71ms
 99.990%  475.90ms
 99.999%  475.90ms
100.000%  475.90ms

  Detailed Percentile spectrum:
       Value   Percentile   TotalCount 1/(1-Percentile)

      22.095     0.000000            1         1.00
      41.183     0.100000          253         1.11
      58.207     0.200000          501         1.25
      68.735     0.300000          751         1.43
      82.431     0.400000         1001         1.67
      96.511     0.500000         1252         2.00
      99.839     0.550000         1378         2.22
     105.151     0.600000         1502         2.50
     109.823     0.650000         1626         2.86
     118.463     0.700000         1751         3.33
     157.567     0.750000         1878         4.00
     171.135     0.775000         1941         4.44
     173.951     0.800000         2002         5.00
     176.895     0.825000         2064         5.71
     178.175     0.850000         2127         6.67
     181.887     0.875000         2189         8.00
     184.063     0.887500         2220         8.89
     187.647     0.900000         2251        10.00
     191.231     0.912500         2285        11.43
     195.199     0.925000         2314        13.33
     203.391     0.937500         2345        16.00
     206.719     0.943750         2361        17.78
     213.503     0.950000         2376        20.00
     219.519     0.956250         2392        22.86
     241.919     0.962500         2408        26.67
     272.127     0.968750         2423        32.00
     274.175     0.971875         2431        35.56
     276.223     0.975000         2439        40.00
     279.807     0.978125         2447        45.71
     283.135     0.981250         2455        53.33
     285.183     0.984375         2462        64.00
     287.487     0.985938         2466        71.11
     289.791     0.987500         2470        80.00
     291.327     0.989062         2474        91.43
     299.519     0.990625         2478       106.67
     314.623     0.992188         2482       128.00
     322.303     0.992969         2484       142.22
     358.911     0.993750         2486       160.00
     371.711     0.994531         2488       182.86
     373.759     0.995313         2490       213.33
     380.671     0.996094         2492       256.00
     381.183     0.996484         2493       284.44
     384.511     0.996875         2494       320.00
     393.215     0.997266         2495       365.71
     393.727     0.997656         2496       426.67
     397.567     0.998047         2497       512.00
     397.567     0.998242         2497       568.89
     403.711     0.998437         2498       640.00
     403.711     0.998633         2498       731.43
     406.015     0.998828         2499       853.33
     406.015     0.999023         2499      1024.00
     406.015     0.999121         2499      1137.78
     416.255     0.999219         2500      1280.00
     416.255     0.999316         2500      1462.86
     416.255     0.999414         2500      1706.67
     416.255     0.999512         2500      2048.00
     416.255     0.999561         2500      2275.56
     475.903     0.999609         2501      2560.00
     475.903     1.000000         2501          inf
#[Mean    =      109.374, StdDeviation   =       62.713]
#[Max     =      475.648, Total count    =         2501]
#[Buckets =           27, SubBuckets     =         2048]
-----------------------------------------------------------------------
  2990 requests in 1.00m, 0.89MB read
Requests/sec:     49.83  
Transfer/sec:     15.19KB
