Running 1m test @ http://10.101.163.15/?loopCount=25&base=6&exp=6
  5 threads and 5 connections

  Thread calibration: mean lat.: 120.923ms, rate sampling interval: 405ms
  Thread calibration: mean lat.: 94.303ms, rate sampling interval: 325ms
  Thread calibration: mean lat.: 112.240ms, rate sampling interval: 389ms
  Thread calibration: mean lat.: 94.756ms, rate sampling interval: 332ms
  Thread calibration: mean lat.: 83.172ms, rate sampling interval: 310ms

-----------------------------------------------------------------------
Test Results @ http://10.101.163.15/?loopCount=25&base=6&exp=6 
  Thread Stats   Avg      Stdev     99%   +/- Stdev
    Latency   112.42ms   63.35ms 304.38ms   76.59%
    Req/Sec     9.62      2.46    16.00     81.96%
  Latency Distribution (HdrHistogram - Recorded Latency)
 50.000%   89.86ms
 75.000%  157.31ms
 90.000%  181.12ms
 99.000%  304.38ms
 99.900%  370.43ms
 99.990%  378.88ms
 99.999%  378.88ms
100.000%  378.88ms

  Detailed Percentile spectrum:
       Value   Percentile   TotalCount 1/(1-Percentile)

      23.775     0.000000            1         1.00
      48.351     0.100000          251         1.11
      57.567     0.200000          502         1.25
      70.207     0.300000          755         1.43
      82.303     0.400000         1004         1.67
      89.855     0.500000         1254         2.00
      97.087     0.550000         1380         2.22
     102.975     0.600000         1505         2.50
     141.695     0.650000         1630         2.86
     153.983     0.700000         1765         3.33
     157.311     0.750000         1890         4.00
     158.463     0.775000         1943         4.44
     161.535     0.800000         2010         5.00
     163.199     0.825000         2071         5.71
     167.423     0.850000         2131         6.67
     173.055     0.875000         2194         8.00
     177.535     0.887500         2225         8.89
     181.375     0.900000         2257        10.00
     188.159     0.912500         2288        11.43
     202.367     0.925000         2319        13.33
     238.463     0.937500         2351        16.00
     252.287     0.943750         2366        17.78
     254.847     0.950000         2382        20.00
     258.815     0.956250         2398        22.86
     261.503     0.962500         2414        26.67
     264.959     0.968750         2430        32.00
     267.007     0.971875         2437        35.56
     269.567     0.975000         2445        40.00
     272.127     0.978125         2454        45.71
     275.711     0.981250         2460        53.33
     280.063     0.984375         2468        64.00
     284.671     0.985938         2472        71.11
     292.607     0.987500         2476        80.00
     301.311     0.989062         2480        91.43
     309.503     0.990625         2484       106.67
     352.767     0.992188         2489       128.00
     354.303     0.992969         2490       142.22
     355.583     0.993750         2493       160.00
     357.631     0.994531         2495       182.86
     359.679     0.995313         2496       213.33
     361.727     0.996094         2498       256.00
     363.263     0.996484         2500       284.44
     363.263     0.996875         2500       320.00
     364.287     0.997266         2501       365.71
     366.335     0.997656         2502       426.67
     367.103     0.998047         2503       512.00
     367.103     0.998242         2503       568.89
     370.431     0.998437         2504       640.00
     370.431     0.998633         2504       731.43
     370.943     0.998828         2505       853.33
     370.943     0.999023         2505      1024.00
     370.943     0.999121         2505      1137.78
     372.479     0.999219         2506      1280.00
     372.479     0.999316         2506      1462.86
     372.479     0.999414         2506      1706.67
     372.479     0.999512         2506      2048.00
     372.479     0.999561         2506      2275.56
     378.879     0.999609         2507      2560.00
     378.879     1.000000         2507          inf
#[Mean    =      112.419, StdDeviation   =       63.347]
#[Max     =      378.624, Total count    =         2507]
#[Buckets =           27, SubBuckets     =         2048]
-----------------------------------------------------------------------
  2995 requests in 1.00m, 0.89MB read
Requests/sec:     49.91  
Transfer/sec:     15.22KB
