Running 1m test @ http://10.101.163.15/?loopCount=25&base=6&exp=6
  5 threads and 5 connections

  Thread calibration: mean lat.: 357.810ms, rate sampling interval: 1399ms
  Thread calibration: mean lat.: 434.017ms, rate sampling interval: 1477ms
  Thread calibration: mean lat.: 193.708ms, rate sampling interval: 715ms
  Thread calibration: mean lat.: 168.493ms, rate sampling interval: 646ms
  Thread calibration: mean lat.: 673.223ms, rate sampling interval: 2158ms

-----------------------------------------------------------------------
Test Results @ http://10.101.163.15/?loopCount=25&base=6&exp=6 
  Thread Stats   Avg      Stdev     99%   +/- Stdev
    Latency     1.26s   917.02ms   3.65s    68.18%
    Req/Sec    13.90      2.50    19.00     81.86%
  Latency Distribution (HdrHistogram - Recorded Latency)
 50.000%  938.49ms
 75.000%    1.86s 
 90.000%    2.69s 
 99.000%    3.65s 
 99.900%    4.09s 
 99.990%    4.13s 
 99.999%    4.13s 
100.000%    4.13s 

  Detailed Percentile spectrum:
       Value   Percentile   TotalCount 1/(1-Percentile)

      32.623     0.000000            1         1.00
     311.295     0.100000          361         1.11
     496.127     0.200000          721         1.25
     644.607     0.300000         1081         1.43
     782.847     0.400000         1443         1.67
     938.495     0.500000         1801         2.00
    1021.951     0.550000         1982         2.22
    1125.375     0.600000         2164         2.50
    1455.103     0.650000         2342         2.86
    1702.911     0.700000         2524         3.33
    1858.559     0.750000         2704         4.00
    2020.351     0.775000         2792         4.44
    2213.887     0.800000         2882         5.00
    2320.383     0.825000         2972         5.71
    2443.263     0.850000         3062         6.67
    2537.471     0.875000         3152         8.00
    2594.815     0.887500         3198         8.89
    2689.023     0.900000         3242        10.00
    2781.183     0.912500         3287        11.43
    2834.431     0.925000         3335        13.33
    2889.727     0.937500         3378        16.00
    2922.495     0.943750         3400        17.78
    2955.263     0.950000         3423        20.00
    2992.127     0.956250         3447        22.86
    3047.423     0.962500         3468        26.67
    3295.231     0.968750         3490        32.00
    3354.623     0.971875         3502        35.56
    3409.919     0.975000         3512        40.00
    3446.783     0.978125         3524        45.71
    3475.455     0.981250         3535        53.33
    3506.175     0.984375         3547        64.00
    3528.703     0.985938         3552        71.11
    3553.279     0.987500         3558        80.00
    3606.527     0.989062         3563        91.43
    3696.639     0.990625         3569       106.67
    3907.583     0.992188         3574       128.00
    3938.303     0.992969         3577       142.22
    3966.975     0.993750         3580       160.00
    4022.271     0.994531         3583       182.86
    4048.895     0.995313         3587       213.33
    4050.943     0.996094         3588       256.00
    4059.135     0.996484         3590       284.44
    4063.231     0.996875         3591       320.00
    4071.423     0.997266         3594       365.71
    4071.423     0.997656         3594       426.67
    4073.471     0.998047         3595       512.00
    4075.519     0.998242         3596       568.89
    4085.759     0.998437         3597       640.00
    4089.855     0.998633         3598       731.43
    4089.855     0.998828         3598       853.33
    4095.999     0.999023         3599      1024.00
    4095.999     0.999121         3599      1137.78
    4100.095     0.999219         3600      1280.00
    4100.095     0.999316         3600      1462.86
    4100.095     0.999414         3600      1706.67
    4102.143     0.999512         3601      2048.00
    4102.143     0.999561         3601      2275.56
    4102.143     0.999609         3601      2560.00
    4102.143     0.999658         3601      2925.71
    4102.143     0.999707         3601      3413.33
    4128.767     0.999756         3602      4096.00
    4128.767     1.000000         3602          inf
#[Mean    =     1263.298, StdDeviation   =      917.017]
#[Max     =     4126.720, Total count    =         3602]
#[Buckets =           27, SubBuckets     =         2048]
-----------------------------------------------------------------------
  4310 requests in 1.00m, 1.28MB read
Requests/sec:     71.83  
Transfer/sec:     21.90KB
