Running 1m test @ http://10.101.163.15/?loopCount=25&base=6&exp=6
  5 threads and 5 connections

  Thread calibration: mean lat.: 127.051ms, rate sampling interval: 482ms
  Thread calibration: mean lat.: 95.668ms, rate sampling interval: 314ms
  Thread calibration: mean lat.: 98.056ms, rate sampling interval: 317ms
  Thread calibration: mean lat.: 199.332ms, rate sampling interval: 760ms
  Thread calibration: mean lat.: 141.892ms, rate sampling interval: 527ms

-----------------------------------------------------------------------
Test Results @ http://10.101.163.15/?loopCount=25&base=6&exp=6 
  Thread Stats   Avg      Stdev     99%   +/- Stdev
    Latency   156.29ms  125.73ms 775.68ms   89.90%
    Req/Sec     9.50      2.45    15.00     77.16%
  Latency Distribution (HdrHistogram - Recorded Latency)
 50.000%  141.31ms
 75.000%  201.98ms
 90.000%  281.60ms
 99.000%  775.68ms
 99.900%  967.68ms
 99.990%    1.07s 
 99.999%    1.07s 
100.000%    1.07s 

  Detailed Percentile spectrum:
       Value   Percentile   TotalCount 1/(1-Percentile)

      24.335     0.000000            1         1.00
      49.535     0.100000          250         1.11
      58.559     0.200000          500         1.25
      73.151     0.300000          755         1.43
      90.943     0.400000          999         1.67
     141.311     0.500000         1252         2.00
     145.535     0.550000         1376         2.22
     150.655     0.600000         1499         2.50
     158.591     0.650000         1623         2.86
     173.439     0.700000         1748         3.33
     201.983     0.750000         1872         4.00
     238.719     0.775000         1935         4.44
     243.455     0.800000         1999         5.00
     248.575     0.825000         2061         5.71
     253.951     0.850000         2122         6.67
     261.887     0.875000         2184         8.00
     271.359     0.887500         2216         8.89
     281.855     0.900000         2248        10.00
     296.191     0.912500         2278        11.43
     338.943     0.925000         2309        13.33
     344.831     0.937500         2341        16.00
     347.903     0.943750         2356        17.78
     352.511     0.950000         2372        20.00
     356.607     0.956250         2387        22.86
     361.471     0.962500         2403        26.67
     379.647     0.968750         2418        32.00
     386.559     0.971875         2426        35.56
     439.295     0.975000         2434        40.00
     444.927     0.978125         2442        45.71
     452.863     0.981250         2450        53.33
     458.751     0.984375         2457        64.00
     567.295     0.985938         2461        71.11
     686.079     0.987500         2465        80.00
     764.927     0.989062         2470        91.43
     784.383     0.990625         2473       106.67
     843.263     0.992188         2477       128.00
     848.383     0.992969         2479       142.22
     854.015     0.993750         2481       160.00
     905.215     0.994531         2483       182.86
     944.127     0.995313         2485       213.33
     947.199     0.996094         2487       256.00
     957.439     0.996484         2488       284.44
     958.975     0.996875         2489       320.00
     959.999     0.997266         2490       365.71
     964.095     0.997656         2491       426.67
     965.119     0.998047         2492       512.00
     965.119     0.998242         2492       568.89
     966.143     0.998437         2493       640.00
     966.143     0.998633         2493       731.43
     967.679     0.998828         2494       853.33
     967.679     0.999023         2494      1024.00
     967.679     0.999121         2494      1137.78
    1027.071     0.999219         2495      1280.00
    1027.071     0.999316         2495      1462.86
    1027.071     0.999414         2495      1706.67
    1027.071     0.999512         2495      2048.00
    1027.071     0.999561         2495      2275.56
    1069.055     0.999609         2496      2560.00
    1069.055     1.000000         2496          inf
#[Mean    =      156.294, StdDeviation   =      125.726]
#[Max     =     1068.032, Total count    =         2496]
#[Buckets =           27, SubBuckets     =         2048]
-----------------------------------------------------------------------
  2986 requests in 1.00m, 0.89MB read
Requests/sec:     49.76  
Transfer/sec:     15.18KB
