Running 1m test @ http://10.101.163.15/?loopCount=25&base=6&exp=6
  1 threads and 1 connections

  Thread calibration: mean lat.: 516.370ms, rate sampling interval: 1992ms

-----------------------------------------------------------------------
Test Results @ http://10.101.163.15/?loopCount=25&base=6&exp=6 
  Thread Stats   Avg      Stdev     99%   +/- Stdev
    Latency     5.31s     2.35s    9.47s    64.23%
    Req/Sec    20.44      1.77    23.00     96.00%
  Latency Distribution (HdrHistogram - Recorded Latency)
 50.000%    5.56s 
 75.000%    7.20s 
 90.000%    8.27s 
 99.000%    9.47s 
 99.900%    9.51s 
 99.990%    9.54s 
 99.999%    9.54s 
100.000%    9.54s 

  Detailed Percentile spectrum:
       Value   Percentile   TotalCount 1/(1-Percentile)

    1146.879     0.000000            1         1.00
    1795.071     0.100000          104         1.11
    3004.415     0.200000          210         1.25
    3864.575     0.300000          312         1.43
    4616.191     0.400000          416         1.67
    5562.367     0.500000          520         2.00
    5955.583     0.550000          572         2.22
    6455.295     0.600000          624         2.50
    6578.175     0.650000          679         2.86
    6926.335     0.700000          728         3.33
    7204.863     0.750000          786         4.00
    7340.031     0.775000          806         4.44
    7405.567     0.800000          833         5.00
    7528.447     0.825000          858         5.71
    7892.991     0.850000          884         6.67
    8048.639     0.875000          910         8.00
    8151.039     0.887500          923         8.89
    8273.919     0.900000          937        10.00
    8527.871     0.912500          949        11.43
    8716.287     0.925000          963        13.33
    8880.127     0.937500          977        16.00
    9027.583     0.943750          983        17.78
    9101.311     0.950000          988        20.00
    9224.191     0.956250          996        22.86
    9256.959     0.962500         1002        26.67
    9314.303     0.968750         1008        32.00
    9338.879     0.971875         1011        35.56
    9363.455     0.975000         1014        40.00
    9371.647     0.978125         1018        45.71
    9379.839     0.981250         1024        53.33
    9379.839     0.984375         1024        64.00
    9469.951     0.985938         1030        71.11
    9469.951     0.987500         1030        80.00
    9469.951     0.989062         1030        91.43
    9494.527     0.990625         1033       106.67
    9494.527     0.992188         1033       128.00
    9494.527     0.992969         1033       142.22
    9502.719     0.993750         1034       160.00
    9510.911     0.994531         1039       182.86
    9510.911     0.995313         1039       213.33
    9510.911     0.996094         1039       256.00
    9510.911     0.996484         1039       284.44
    9510.911     0.996875         1039       320.00
    9510.911     0.997266         1039       365.71
    9510.911     0.997656         1039       426.67
    9510.911     0.998047         1039       512.00
    9510.911     0.998242         1039       568.89
    9510.911     0.998437         1039       640.00
    9510.911     0.998633         1039       731.43
    9510.911     0.998828         1039       853.33
    9510.911     0.999023         1039      1024.00
    9535.487     0.999121         1040      1137.78
    9535.487     1.000000         1040          inf
#[Mean    =     5313.498, StdDeviation   =     2346.970]
#[Max     =     9527.296, Total count    =         1040]
#[Buckets =           27, SubBuckets     =         2048]
-----------------------------------------------------------------------
  1261 requests in 1.00m, 384.22KB read
Requests/sec:     21.02  
Transfer/sec:      6.40KB
