Running 1m test @ http://10.101.163.15/?loopCount=25&base=6&exp=6
  5 threads and 5 connections

  Thread calibration: mean lat.: 605.131ms, rate sampling interval: 3239ms
  Thread calibration: mean lat.: 342.414ms, rate sampling interval: 1475ms
  Thread calibration: mean lat.: 601.802ms, rate sampling interval: 2897ms
  Thread calibration: mean lat.: 464.787ms, rate sampling interval: 1568ms
  Thread calibration: mean lat.: 425.561ms, rate sampling interval: 1347ms

-----------------------------------------------------------------------
Test Results @ http://10.101.163.15/?loopCount=25&base=6&exp=6 
  Thread Stats   Avg      Stdev     99%   +/- Stdev
    Latency     4.18s     2.06s   10.33s    71.13%
    Req/Sec    12.92      2.15    19.00     90.98%
  Latency Distribution (HdrHistogram - Recorded Latency)
 50.000%    3.68s 
 75.000%    5.44s 
 90.000%    7.27s 
 99.000%   10.33s 
 99.900%   11.15s 
 99.990%   11.36s 
 99.999%   11.36s 
100.000%   11.36s 

  Detailed Percentile spectrum:
       Value   Percentile   TotalCount 1/(1-Percentile)

     816.639     0.000000            1         1.00
    1840.127     0.100000          333         1.11
    2531.327     0.200000          666         1.25
    2879.487     0.300000         1002         1.43
    3248.127     0.400000         1329         1.67
    3676.159     0.500000         1662         2.00
    3903.487     0.550000         1828         2.22
    4145.151     0.600000         1994         2.50
    4386.815     0.650000         2160         2.86
    4874.239     0.700000         2328         3.33
    5435.391     0.750000         2492         4.00
    5623.807     0.775000         2576         4.44
    5844.991     0.800000         2659         5.00
    6070.271     0.825000         2741         5.71
    6508.543     0.850000         2824         6.67
    7053.311     0.875000         2907         8.00
    7155.711     0.887500         2950         8.89
    7274.495     0.900000         2992        10.00
    7380.991     0.912500         3036        11.43
    7487.487     0.925000         3074        13.33
    7671.807     0.937500         3115        16.00
    7749.631     0.943750         3139        17.78
    7860.223     0.950000         3157        20.00
    8339.455     0.956250         3178        22.86
    8978.431     0.962500         3200        26.67
    9125.887     0.968750         3219        32.00
    9338.879     0.971875         3229        35.56
    9691.135     0.975000         3239        40.00
    9797.631     0.978125         3251        45.71
    9879.551     0.981250         3260        53.33
    9969.663     0.984375         3273        64.00
    9994.239     0.985938         3276        71.11
   10043.391     0.987500         3282        80.00
   10215.423     0.989062         3286        91.43
   10354.687     0.990625         3291       106.67
   10477.567     0.992188         3299       128.00
   10477.567     0.992969         3299       142.22
   10502.143     0.993750         3302       160.00
   10526.719     0.994531         3304       182.86
   10756.095     0.995313         3307       213.33
   10862.591     0.996094         3310       256.00
   11010.047     0.996484         3311       284.44
   11051.007     0.996875         3313       320.00
   11051.007     0.997266         3313       365.71
   11075.583     0.997656         3315       426.67
   11083.775     0.998047         3317       512.00
   11083.775     0.998242         3317       568.89
   11083.775     0.998437         3317       640.00
   11108.351     0.998633         3318       731.43
   11149.311     0.998828         3319       853.33
   11149.311     0.999023         3319      1024.00
   11198.463     0.999121         3320      1137.78
   11198.463     0.999219         3320      1280.00
   11198.463     0.999316         3320      1462.86
   11321.343     0.999414         3321      1706.67
   11321.343     0.999512         3321      2048.00
   11321.343     0.999561         3321      2275.56
   11321.343     0.999609         3321      2560.00
   11321.343     0.999658         3321      2925.71
   11362.303     0.999707         3322      3413.33
   11362.303     1.000000         3322          inf
#[Mean    =     4176.154, StdDeviation   =     2064.802]
#[Max     =    11354.112, Total count    =         3322]
#[Buckets =           27, SubBuckets     =         2048]
-----------------------------------------------------------------------
  3964 requests in 1.00m, 1.18MB read
Requests/sec:     66.06  
Transfer/sec:     20.14KB
