Running 1m test @ http://10.101.163.15/?loopCount=25&base=6&exp=6
  5 threads and 5 connections

  Thread calibration: mean lat.: 265.426ms, rate sampling interval: 1477ms
  Thread calibration: mean lat.: 434.807ms, rate sampling interval: 1878ms
  Thread calibration: mean lat.: 327.177ms, rate sampling interval: 1829ms
  Thread calibration: mean lat.: 583.017ms, rate sampling interval: 2959ms
  Thread calibration: mean lat.: 243.801ms, rate sampling interval: 712ms

-----------------------------------------------------------------------
Test Results @ http://10.101.163.15/?loopCount=25&base=6&exp=6 
  Thread Stats   Avg      Stdev     99%   +/- Stdev
    Latency     2.69s     1.03s    4.79s    63.54%
    Req/Sec    13.47      2.64    21.00     83.14%
  Latency Distribution (HdrHistogram - Recorded Latency)
 50.000%    2.65s 
 75.000%    3.37s 
 90.000%    4.16s 
 99.000%    4.79s 
 99.900%    4.94s 
 99.990%    5.05s 
 99.999%    5.05s 
100.000%    5.05s 

  Detailed Percentile spectrum:
       Value   Percentile   TotalCount 1/(1-Percentile)

     316.927     0.000000            1         1.00
    1295.359     0.100000          350         1.11
    1797.119     0.200000          701         1.25
    2129.919     0.300000         1051         1.43
    2463.743     0.400000         1399         1.67
    2646.015     0.500000         1749         2.00
    2744.319     0.550000         1924         2.22
    2871.295     0.600000         2099         2.50
    3008.511     0.650000         2274         2.86
    3133.439     0.700000         2448         3.33
    3373.055     0.750000         2623         4.00
    3557.375     0.775000         2711         4.44
    3725.311     0.800000         2798         5.00
    3868.671     0.825000         2886         5.71
    3973.119     0.850000         2973         6.67
    4067.327     0.875000         3060         8.00
    4112.383     0.887500         3107         8.89
    4155.391     0.900000         3149        10.00
    4192.255     0.912500         3192        11.43
    4235.263     0.925000         3235        13.33
    4308.991     0.937500         3279        16.00
    4378.623     0.943750         3301        17.78
    4452.351     0.950000         3323        20.00
    4509.695     0.956250         3345        22.86
    4562.943     0.962500         3366        26.67
    4648.959     0.968750         3389        32.00
    4673.535     0.971875         3399        35.56
    4698.111     0.975000         3410        40.00
    4722.687     0.978125         3422        45.71
    4747.263     0.981250         3432        53.33
    4759.551     0.984375         3443        64.00
    4767.743     0.985938         3449        71.11
    4775.935     0.987500         3457        80.00
    4784.127     0.989062         3460        91.43
    4796.415     0.990625         3468       106.67
    4808.703     0.992188         3472       128.00
    4812.799     0.992969         3473       142.22
    4820.991     0.993750         3477       160.00
    4833.279     0.994531         3478       182.86
    4841.471     0.995313         3481       213.33
    4853.759     0.996094         3484       256.00
    4861.951     0.996484         3486       284.44
    4866.047     0.996875         3487       320.00
    4886.527     0.997266         3489       365.71
    4886.527     0.997656         3489       426.67
    4894.719     0.998047         3491       512.00
    4894.719     0.998242         3491       568.89
    4907.007     0.998437         3492       640.00
    4923.391     0.998633         3493       731.43
    4923.391     0.998828         3493       853.33
    4939.775     0.999023         3494      1024.00
    4939.775     0.999121         3494      1137.78
    4943.871     0.999219         3495      1280.00
    4943.871     0.999316         3495      1462.86
    4943.871     0.999414         3495      1706.67
    4947.967     0.999512         3496      2048.00
    4947.967     0.999561         3496      2275.56
    4947.967     0.999609         3496      2560.00
    4947.967     0.999658         3496      2925.71
    4947.967     0.999707         3496      3413.33
    5054.463     0.999756         3497      4096.00
    5054.463     1.000000         3497          inf
#[Mean    =     2689.293, StdDeviation   =     1034.337]
#[Max     =     5050.368, Total count    =         3497]
#[Buckets =           27, SubBuckets     =         2048]
-----------------------------------------------------------------------
  4164 requests in 1.00m, 1.24MB read
Requests/sec:     69.39  
Transfer/sec:     21.16KB
