Running 1m test @ http://10.101.163.15/?loopCount=25&base=6&exp=6
  5 threads and 5 connections

  Thread calibration: mean lat.: 85.550ms, rate sampling interval: 281ms
  Thread calibration: mean lat.: 89.685ms, rate sampling interval: 300ms
  Thread calibration: mean lat.: 85.243ms, rate sampling interval: 281ms
  Thread calibration: mean lat.: 96.855ms, rate sampling interval: 470ms
  Thread calibration: mean lat.: 94.306ms, rate sampling interval: 317ms

-----------------------------------------------------------------------
Test Results @ http://10.101.163.15/?loopCount=25&base=6&exp=6 
  Thread Stats   Avg      Stdev     99%   +/- Stdev
    Latency   103.91ms   65.82ms 340.73ms   88.87%
    Req/Sec     9.58      2.58    16.00     79.05%
  Latency Distribution (HdrHistogram - Recorded Latency)
 50.000%   74.62ms
 75.000%  140.29ms
 90.000%  174.21ms
 99.000%  340.73ms
 99.900%  448.00ms
 99.990%  466.94ms
 99.999%  466.94ms
100.000%  466.94ms

  Detailed Percentile spectrum:
       Value   Percentile   TotalCount 1/(1-Percentile)

      22.207     0.000000            1         1.00
      45.503     0.100000          250         1.11
      53.087     0.200000          506         1.25
      54.975     0.300000          751         1.43
      65.919     0.400000         1000         1.67
      74.623     0.500000         1250         2.00
      82.495     0.550000         1374         2.22
     118.207     0.600000         1499         2.50
     133.375     0.650000         1627         2.86
     135.807     0.700000         1753         3.33
     140.287     0.750000         1874         4.00
     142.079     0.775000         1938         4.44
     144.511     0.800000         2003         5.00
     149.247     0.825000         2061         5.71
     154.495     0.850000         2124         6.67
     161.279     0.875000         2186         8.00
     165.887     0.887500         2218         8.89
     174.335     0.900000         2249        10.00
     187.903     0.912500         2280        11.43
     230.271     0.925000         2311        13.33
     236.671     0.937500         2343        16.00
     238.975     0.943750         2358        17.78
     242.559     0.950000         2374        20.00
     246.015     0.956250         2389        22.86
     250.495     0.962500         2407        26.67
     252.927     0.968750         2420        32.00
     256.255     0.971875         2429        35.56
     260.735     0.975000         2437        40.00
     263.935     0.978125         2444        45.71
     279.551     0.981250         2452        53.33
     316.671     0.984375         2459        64.00
     333.055     0.985938         2463        71.11
     336.895     0.987500         2468        80.00
     337.919     0.989062         2471        91.43
     342.015     0.990625         2475       106.67
     350.719     0.992188         2479       128.00
     353.535     0.992969         2481       142.22
     358.655     0.993750         2483       160.00
     361.983     0.994531         2485       182.86
     378.879     0.995313         2487       213.33
     388.863     0.996094         2489       256.00
     395.775     0.996484         2490       284.44
     433.919     0.996875         2491       320.00
     435.199     0.997266         2492       365.71
     437.247     0.997656         2493       426.67
     438.271     0.998047         2494       512.00
     438.271     0.998242         2494       568.89
     440.063     0.998437         2495       640.00
     440.063     0.998633         2495       731.43
     447.999     0.998828         2496       853.33
     447.999     0.999023         2496      1024.00
     447.999     0.999121         2496      1137.78
     454.143     0.999219         2497      1280.00
     454.143     0.999316         2497      1462.86
     454.143     0.999414         2497      1706.67
     454.143     0.999512         2497      2048.00
     454.143     0.999561         2497      2275.56
     466.943     0.999609         2498      2560.00
     466.943     1.000000         2498          inf
#[Mean    =      103.907, StdDeviation   =       65.821]
#[Max     =      466.688, Total count    =         2498]
#[Buckets =           27, SubBuckets     =         2048]
-----------------------------------------------------------------------
  2993 requests in 1.00m, 0.89MB read
Requests/sec:     49.88  
Transfer/sec:     15.21KB
