Running 1m test @ http://10.101.163.15/?loopCount=25&base=6&exp=6
  1 threads and 1 connections

  Thread calibration: mean lat.: 603.314ms, rate sampling interval: 2197ms

-----------------------------------------------------------------------
Test Results @ http://10.101.163.15/?loopCount=25&base=6&exp=6 
  Thread Stats   Avg      Stdev     99%   +/- Stdev
    Latency     5.01s     2.23s    8.72s    57.51%
    Req/Sec    20.73      1.05    23.00     90.91%
  Latency Distribution (HdrHistogram - Recorded Latency)
 50.000%    5.03s 
 75.000%    7.03s 
 90.000%    8.16s 
 99.000%    8.72s 
 99.900%    8.81s 
 99.990%    8.81s 
 99.999%    8.81s 
100.000%    8.81s 

  Detailed Percentile spectrum:
       Value   Percentile   TotalCount 1/(1-Percentile)

    1134.591     0.000000            1         1.00
    1974.271     0.100000          106         1.11
    2557.951     0.200000          213         1.25
    3551.231     0.300000          321         1.43
    4171.775     0.400000          425         1.67
    5033.983     0.500000          531         2.00
    5611.519     0.550000          585         2.22
    5873.663     0.600000          636         2.50
    6184.959     0.650000          691         2.86
    6438.911     0.700000          742         3.33
    7036.927     0.750000          802         4.00
    7077.887     0.775000          824         4.44
    7258.111     0.800000          850         5.00
    7409.663     0.825000          874         5.71
    7663.615     0.850000          903         6.67
    7897.087     0.875000          927         8.00
    8069.119     0.887500          940         8.89
    8163.327     0.900000          955        10.00
    8286.207     0.912500          967        11.43
    8331.263     0.925000          983        13.33
    8470.527     0.937500          993        16.00
    8486.911     0.943750         1005        17.78
    8495.103     0.950000         1018        20.00
    8495.103     0.956250         1018        22.86
    8503.295     0.962500         1022        26.67
    8511.487     0.968750         1026        32.00
    8519.679     0.971875         1031        35.56
    8527.871     0.975000         1033        40.00
    8593.407     0.978125         1039        45.71
    8617.983     0.981250         1040        53.33
    8691.711     0.984375         1044        64.00
    8716.287     0.985938         1049        71.11
    8716.287     0.987500         1049        80.00
    8716.287     0.989062         1049        91.43
    8732.671     0.990625         1053       106.67
    8732.671     0.992188         1053       128.00
    8732.671     0.992969         1053       142.22
    8732.671     0.993750         1053       160.00
    8749.055     0.994531         1054       182.86
    8757.247     0.995313         1055       213.33
    8757.247     0.996094         1055       256.00
    8781.823     0.996484         1056       284.44
    8781.823     0.996875         1056       320.00
    8790.015     0.997266         1057       365.71
    8790.015     0.997656         1057       426.67
    8790.015     0.998047         1057       512.00
    8806.399     0.998242         1059       568.89
    8806.399     1.000000         1059          inf
#[Mean    =     5010.587, StdDeviation   =     2229.253]
#[Max     =     8798.208, Total count    =         1059]
#[Buckets =           27, SubBuckets     =         2048]
-----------------------------------------------------------------------
  1280 requests in 1.00m, 390.00KB read
Requests/sec:     21.33  
Transfer/sec:      6.50KB
