Running 1m test @ http://10.101.163.15/?loopCount=25&base=6&exp=6
  5 threads and 5 connections

  Thread calibration: mean lat.: 555.577ms, rate sampling interval: 2009ms
  Thread calibration: mean lat.: 445.387ms, rate sampling interval: 1419ms
  Thread calibration: mean lat.: 145.101ms, rate sampling interval: 456ms
  Thread calibration: mean lat.: 206.859ms, rate sampling interval: 671ms
  Thread calibration: mean lat.: 201.104ms, rate sampling interval: 625ms

-----------------------------------------------------------------------
Test Results @ http://10.101.163.15/?loopCount=25&base=6&exp=6 
  Thread Stats   Avg      Stdev     99%   +/- Stdev
    Latency     1.52s     1.37s    5.34s    74.13%
    Req/Sec    13.69      3.36    21.00     81.00%
  Latency Distribution (HdrHistogram - Recorded Latency)
 50.000%  944.13ms
 75.000%    2.59s 
 90.000%    3.37s 
 99.000%    5.34s 
 99.900%    5.66s 
 99.990%    5.73s 
 99.999%    5.73s 
100.000%    5.73s 

  Detailed Percentile spectrum:
       Value   Percentile   TotalCount 1/(1-Percentile)

      24.351     0.000000            1         1.00
     188.159     0.100000          358         1.11
     330.495     0.200000          716         1.25
     500.991     0.300000         1075         1.43
     667.647     0.400000         1433         1.67
     944.127     0.500000         1790         2.00
    1094.655     0.550000         1969         2.22
    1504.255     0.600000         2148         2.50
    1965.055     0.650000         2327         2.86
    2385.919     0.700000         2506         3.33
    2588.671     0.750000         2685         4.00
    2738.175     0.775000         2775         4.44
    2803.711     0.800000         2866         5.00
    2902.015     0.825000         2954         5.71
    2990.079     0.850000         3045         6.67
    3190.783     0.875000         3132         8.00
    3291.135     0.887500         3178         8.89
    3377.151     0.900000         3223        10.00
    3473.407     0.912500         3266        11.43
    3635.199     0.925000         3312        13.33
    3796.991     0.937500         3357        16.00
    3876.863     0.943750         3378        17.78
    4143.103     0.950000         3401        20.00
    4259.839     0.956250         3424        22.86
    4661.247     0.962500         3445        26.67
    5021.695     0.968750         3468        32.00
    5144.575     0.971875         3479        35.56
    5197.823     0.975000         3490        40.00
    5242.879     0.978125         3501        45.71
    5267.455     0.981250         3512        53.33
    5296.127     0.984375         3524        64.00
    5304.319     0.985938         3531        71.11
    5316.607     0.987500         3536        80.00
    5328.895     0.989062         3540        91.43
    5345.279     0.990625         3546       106.67
    5365.759     0.992188         3552       128.00
    5382.143     0.992969         3554       142.22
    5419.007     0.993750         3557       160.00
    5472.255     0.994531         3560       182.86
    5513.215     0.995313         3563       213.33
    5558.271     0.996094         3566       256.00
    5582.847     0.996484         3567       284.44
    5586.943     0.996875         3568       320.00
    5611.519     0.997266         3570       365.71
    5631.999     0.997656         3571       426.67
    5652.479     0.998047         3573       512.00
    5652.479     0.998242         3573       568.89
    5656.575     0.998437         3574       640.00
    5660.671     0.998633         3575       731.43
    5660.671     0.998828         3575       853.33
    5681.151     0.999023         3576      1024.00
    5681.151     0.999121         3576      1137.78
    5685.247     0.999219         3577      1280.00
    5685.247     0.999316         3577      1462.86
    5685.247     0.999414         3577      1706.67
    5709.823     0.999512         3578      2048.00
    5709.823     0.999561         3578      2275.56
    5709.823     0.999609         3578      2560.00
    5709.823     0.999658         3578      2925.71
    5709.823     0.999707         3578      3413.33
    5734.399     0.999756         3579      4096.00
    5734.399     1.000000         3579          inf
#[Mean    =     1523.156, StdDeviation   =     1366.402]
#[Max     =     5730.304, Total count    =         3579]
#[Buckets =           27, SubBuckets     =         2048]
-----------------------------------------------------------------------
  4302 requests in 1.00m, 1.28MB read
Requests/sec:     71.69  
Transfer/sec:     21.86KB
