Running 1m test @ http://10.101.163.15/?loopCount=25&base=6&exp=6
  1 threads and 1 connections

  Thread calibration: mean lat.: 1087.349ms, rate sampling interval: 3633ms

-----------------------------------------------------------------------
Test Results @ http://10.101.163.15/?loopCount=25&base=6&exp=6 
  Thread Stats   Avg      Stdev     99%   +/- Stdev
    Latency     6.43s     2.55s   10.20s    54.50%
    Req/Sec    20.38      1.15    23.00     92.31%
  Latency Distribution (HdrHistogram - Recorded Latency)
 50.000%    6.63s 
 75.000%    8.94s 
 90.000%    9.54s 
 99.000%   10.20s 
 99.900%   10.24s 
 99.990%   10.24s 
 99.999%   10.24s 
100.000%   10.24s 

  Detailed Percentile spectrum:
       Value   Percentile   TotalCount 1/(1-Percentile)

    2000.895     0.000000            1         1.00
    2658.303     0.100000          105         1.11
    3706.879     0.200000          210         1.25
    4595.711     0.300000          317         1.43
    5586.943     0.400000          419         1.67
    6631.423     0.500000          526         2.00
    7155.711     0.550000          575         2.22
    7831.551     0.600000          627         2.50
    8155.135     0.650000          681         2.86
    8429.567     0.700000          731         3.33
    8937.471     0.750000          791         4.00
    9060.351     0.775000          813         4.44
    9134.079     0.800000          837         5.00
    9207.807     0.825000          879         5.71
    9248.767     0.850000          894         6.67
    9388.031     0.875000          914         8.00
    9510.911     0.887500          927         8.89
    9543.679     0.900000          943        10.00
    9674.751     0.912500          958        11.43
    9723.903     0.925000          966        13.33
    9838.591     0.937500          979        16.00
    9871.359     0.943750          986        17.78
    9887.743     0.950000         1003        20.00
    9887.743     0.956250         1003        22.86
    9895.935     0.962500         1007        26.67
    9904.127     0.968750         1012        32.00
    9912.319     0.971875         1015        35.56
    9969.663     0.975000         1018        40.00
   10067.967     0.978125         1023        45.71
   10092.543     0.981250         1025        53.33
   10141.695     0.984375         1028        64.00
   10199.039     0.985938         1036        71.11
   10199.039     0.987500         1036        80.00
   10199.039     0.989062         1036        91.43
   10199.039     0.990625         1036       106.67
   10199.039     0.992188         1036       128.00
   10207.231     0.992969         1037       142.22
   10215.423     0.993750         1039       160.00
   10215.423     0.994531         1039       182.86
   10239.999     0.995313         1044       213.33
   10239.999     1.000000         1044          inf
#[Mean    =     6425.796, StdDeviation   =     2548.882]
#[Max     =    10231.808, Total count    =         1044]
#[Buckets =           27, SubBuckets     =         2048]
-----------------------------------------------------------------------
  1244 requests in 1.00m, 379.04KB read
Requests/sec:     20.73  
Transfer/sec:      6.32KB
