Running 1m test @ http://10.101.163.15/?loopCount=25&base=6&exp=6
  5 threads and 5 connections

  Thread calibration: mean lat.: 296.270ms, rate sampling interval: 1360ms
  Thread calibration: mean lat.: 440.603ms, rate sampling interval: 1750ms
  Thread calibration: mean lat.: 779.930ms, rate sampling interval: 2934ms
  Thread calibration: mean lat.: 937.418ms, rate sampling interval: 3059ms
  Thread calibration: mean lat.: 628.187ms, rate sampling interval: 2291ms

-----------------------------------------------------------------------
Test Results @ http://10.101.163.15/?loopCount=25&base=6&exp=6 
  Thread Stats   Avg      Stdev     99%   +/- Stdev
    Latency     3.07s     1.68s    6.86s    69.66%
    Req/Sec    13.34      2.10    19.00     86.44%
  Latency Distribution (HdrHistogram - Recorded Latency)
 50.000%    2.76s 
 75.000%    4.37s 
 90.000%    5.24s 
 99.000%    6.86s 
 99.900%    7.23s 
 99.990%    7.28s 
 99.999%    7.28s 
100.000%    7.28s 

  Detailed Percentile spectrum:
       Value   Percentile   TotalCount 1/(1-Percentile)

      37.279     0.000000            1         1.00
    1256.447     0.100000          347         1.11
    1678.335     0.200000          690         1.25
    1993.727     0.300000         1035         1.43
    2256.895     0.400000         1384         1.67
    2764.799     0.500000         1722         2.00
    3061.759     0.550000         1895         2.22
    3342.335     0.600000         2067         2.50
    3768.319     0.650000         2240         2.86
    4093.951     0.700000         2413         3.33
    4374.527     0.750000         2585         4.00
    4493.311     0.775000         2670         4.44
    4612.095     0.800000         2756         5.00
    4767.743     0.825000         2844         5.71
    4984.831     0.850000         2928         6.67
    5103.615     0.875000         3015         8.00
    5165.055     0.887500         3058         8.89
    5242.879     0.900000         3100        10.00
    5398.527     0.912500         3144        11.43
    5791.743     0.925000         3186        13.33
    6148.095     0.937500         3229        16.00
    6209.535     0.943750         3252        17.78
    6246.399     0.950000         3272        20.00
    6303.743     0.956250         3294        22.86
    6373.375     0.962500         3317        26.67
    6471.679     0.968750         3337        32.00
    6524.927     0.971875         3348        35.56
    6627.327     0.975000         3358        40.00
    6688.767     0.978125         3371        45.71
    6729.727     0.981250         3380        53.33
    6766.591     0.984375         3391        64.00
    6803.455     0.985938         3396        71.11
    6819.839     0.987500         3401        80.00
    6840.319     0.989062         3408        91.43
    6864.895     0.990625         3412       106.67
    6897.663     0.992188         3418       128.00
    6922.239     0.992969         3421       142.22
    6930.431     0.993750         3423       160.00
    7053.311     0.994531         3426       182.86
    7081.983     0.995313         3428       213.33
    7131.135     0.996094         3431       256.00
    7143.423     0.996484         3432       284.44
    7172.095     0.996875         3434       320.00
    7176.191     0.997266         3435       365.71
    7184.383     0.997656         3436       426.67
    7204.863     0.998047         3438       512.00
    7204.863     0.998242         3438       568.89
    7213.055     0.998437         3439       640.00
    7221.247     0.998633         3440       731.43
    7221.247     0.998828         3440       853.33
    7229.439     0.999023         3441      1024.00
    7229.439     0.999121         3441      1137.78
    7249.919     0.999219         3442      1280.00
    7249.919     0.999316         3442      1462.86
    7249.919     0.999414         3442      1706.67
    7258.111     0.999512         3443      2048.00
    7258.111     0.999561         3443      2275.56
    7258.111     0.999609         3443      2560.00
    7258.111     0.999658         3443      2925.71
    7258.111     0.999707         3443      3413.33
    7282.687     0.999756         3444      4096.00
    7282.687     1.000000         3444          inf
#[Mean    =     3065.199, StdDeviation   =     1680.831]
#[Max     =     7278.592, Total count    =         3444]
#[Buckets =           27, SubBuckets     =         2048]
-----------------------------------------------------------------------
  4095 requests in 1.00m, 1.22MB read
Requests/sec:     68.24  
Transfer/sec:     20.81KB
