Running 1m test @ http://10.102.255.30/?loopCount=25&base=6&exp=6
  5 threads and 5 connections

  Thread calibration: mean lat.: 740.222ms, rate sampling interval: 2590ms
  Thread calibration: mean lat.: 884.828ms, rate sampling interval: 2875ms
  Thread calibration: mean lat.: 927.635ms, rate sampling interval: 3305ms
  Thread calibration: mean lat.: 744.725ms, rate sampling interval: 2473ms
  Thread calibration: mean lat.: 550.334ms, rate sampling interval: 2096ms

-----------------------------------------------------------------------
Test Results @ http://10.102.255.30/?loopCount=25&base=6&exp=6 
  Thread Stats   Avg      Stdev     99%   +/- Stdev
    Latency     5.27s     2.39s   11.00s    59.85%
    Req/Sec    12.14      1.21    15.00     95.74%
  Latency Distribution (HdrHistogram - Recorded Latency)
 50.000%    5.28s 
 75.000%    7.21s 
 90.000%    8.34s 
 99.000%   11.00s 
 99.900%   11.30s 
 99.990%   11.35s 
 99.999%   11.35s 
100.000%   11.35s 

  Detailed Percentile spectrum:
       Value   Percentile   TotalCount 1/(1-Percentile)

    1297.407     0.000000            1         1.00
    2083.839     0.100000          317         1.11
    2680.831     0.200000          633         1.25
    3588.095     0.300000          949         1.43
    4521.983     0.400000         1265         1.67
    5283.839     0.500000         1586         2.00
    5631.999     0.550000         1739         2.22
    5988.351     0.600000         1897         2.50
    6381.567     0.650000         2055         2.86
    6893.567     0.700000         2214         3.33
    7208.959     0.750000         2377         4.00
    7421.951     0.775000         2452         4.44
    7577.599     0.800000         2530         5.00
    7704.575     0.825000         2609         5.71
    7901.183     0.850000         2687         6.67
    8130.559     0.875000         2767         8.00
    8200.191     0.887500         2807         8.89
    8339.455     0.900000         2845        10.00
    8462.335     0.912500         2887        11.43
    8552.447     0.925000         2925        13.33
    8806.399     0.937500         2964        16.00
    8888.319     0.943750         2985        17.78
    9060.351     0.950000         3004        20.00
    9117.695     0.956250         3024        22.86
    9166.847     0.962500         3043        26.67
    9404.415     0.968750         3063        32.00
    9609.215     0.971875         3074        35.56
    9666.559     0.975000         3082        40.00
    9871.359     0.978125         3092        45.71
   10158.079     0.981250         3102        53.33
   10534.911     0.984375         3112        64.00
   10862.591     0.985938         3118        71.11
   10944.511     0.987500         3123        80.00
   10977.279     0.989062         3127        91.43
   11026.431     0.990625         3134       106.67
   11051.007     0.992188         3138       128.00
   11116.543     0.992969         3139       142.22
   11173.887     0.993750         3142       160.00
   11190.271     0.994531         3144       182.86
   11223.039     0.995313         3147       213.33
   11247.615     0.996094         3149       256.00
   11255.807     0.996484         3150       284.44
   11263.999     0.996875         3152       320.00
   11272.191     0.997266         3155       365.71
   11272.191     0.997656         3155       426.67
   11272.191     0.998047         3155       512.00
   11288.575     0.998242         3157       568.89
   11288.575     0.998437         3157       640.00
   11288.575     0.998633         3157       731.43
   11296.767     0.998828         3158       853.33
   11296.767     0.999023         3158      1024.00
   11321.343     0.999121         3159      1137.78
   11321.343     0.999219         3159      1280.00
   11321.343     0.999316         3159      1462.86
   11345.919     0.999414         3160      1706.67
   11345.919     0.999512         3160      2048.00
   11345.919     0.999561         3160      2275.56
   11345.919     0.999609         3160      2560.00
   11345.919     0.999658         3160      2925.71
   11354.111     0.999707         3161      3413.33
   11354.111     1.000000         3161          inf
#[Mean    =     5271.669, StdDeviation   =     2385.570]
#[Max     =    11345.920, Total count    =         3161]
#[Buckets =           27, SubBuckets     =         2048]
-----------------------------------------------------------------------
  3796 requests in 1.00m, 1.13MB read
Requests/sec:     63.26  
Transfer/sec:     19.29KB
