Running 1m test @ http://10.102.255.30/?loopCount=25&base=6&exp=6
  5 threads and 5 connections

  Thread calibration: mean lat.: 860.134ms, rate sampling interval: 3131ms
  Thread calibration: mean lat.: 613.716ms, rate sampling interval: 2123ms
  Thread calibration: mean lat.: 1154.356ms, rate sampling interval: 4542ms
  Thread calibration: mean lat.: 1139.417ms, rate sampling interval: 3911ms
  Thread calibration: mean lat.: 796.311ms, rate sampling interval: 2242ms

-----------------------------------------------------------------------
Test Results @ http://10.102.255.30/?loopCount=25&base=6&exp=6 
  Thread Stats   Avg      Stdev     99%   +/- Stdev
    Latency     5.91s     2.38s   11.34s    64.15%
    Req/Sec    12.33      0.93    14.00     98.80%
  Latency Distribution (HdrHistogram - Recorded Latency)
 50.000%    5.96s 
 75.000%    7.68s 
 90.000%    8.72s 
 99.000%   11.34s 
 99.900%   11.69s 
 99.990%   11.72s 
 99.999%   11.72s 
100.000%   11.72s 

  Detailed Percentile spectrum:
       Value   Percentile   TotalCount 1/(1-Percentile)

    1000.959     0.000000            1         1.00
    2646.015     0.100000          320         1.11
    3706.879     0.200000          640         1.25
    4362.239     0.300000          960         1.43
    5226.495     0.400000         1280         1.67
    5963.775     0.500000         1600         2.00
    6361.087     0.550000         1762         2.22
    6750.207     0.600000         1920         2.50
    6987.775     0.650000         2086         2.86
    7286.783     0.700000         2239         3.33
    7679.999     0.750000         2400         4.00
    7811.071     0.775000         2478         4.44
    7958.527     0.800000         2559         5.00
    8220.671     0.825000         2639         5.71
    8511.487     0.850000         2721         6.67
    8617.983     0.875000         2803         8.00
    8675.327     0.887500         2844         8.89
    8724.479     0.900000         2888        10.00
    8757.247     0.912500         2920        11.43
    8912.895     0.925000         2958        13.33
    9150.463     0.937500         2998        16.00
    9609.215     0.943750         3021        17.78
    9953.279     0.950000         3038        20.00
   10420.223     0.956250         3059        22.86
   10575.871     0.962500         3078        26.67
   10903.551     0.968750         3099        32.00
   11026.431     0.971875         3108        35.56
   11116.543     0.975000         3118        40.00
   11190.271     0.978125         3128        45.71
   11223.039     0.981250         3140        53.33
   11255.807     0.984375         3149        64.00
   11272.191     0.985938         3154        71.11
   11280.383     0.987500         3158        80.00
   11321.343     0.989062         3163        91.43
   11386.879     0.990625         3168       106.67
   11452.415     0.992188         3174       128.00
   11476.991     0.992969         3176       142.22
   11485.183     0.993750         3178       160.00
   11534.335     0.994531         3180       182.86
   11583.487     0.995313         3184       213.33
   11608.063     0.996094         3185       256.00
   11616.255     0.996484         3186       284.44
   11649.023     0.996875         3188       320.00
   11657.215     0.997266         3189       365.71
   11665.407     0.997656         3190       426.67
   11673.599     0.998047         3191       512.00
   11681.791     0.998242         3193       568.89
   11681.791     0.998437         3193       640.00
   11681.791     0.998633         3193       731.43
   11689.983     0.998828         3195       853.33
   11689.983     0.999023         3195      1024.00
   11689.983     0.999121         3195      1137.78
   11689.983     0.999219         3195      1280.00
   11689.983     0.999316         3195      1462.86
   11714.559     0.999414         3196      1706.67
   11714.559     0.999512         3196      2048.00
   11714.559     0.999561         3196      2275.56
   11714.559     0.999609         3196      2560.00
   11714.559     0.999658         3196      2925.71
   11722.751     0.999707         3197      3413.33
   11722.751     1.000000         3197          inf
#[Mean    =     5905.436, StdDeviation   =     2381.750]
#[Max     =    11714.560, Total count    =         3197]
#[Buckets =           27, SubBuckets     =         2048]
-----------------------------------------------------------------------
  3808 requests in 1.00m, 1.13MB read
Requests/sec:     63.46  
Transfer/sec:     19.35KB
