Running 1m test @ http://10.102.255.30/?loopCount=25&base=6&exp=6
  1 threads and 1 connections

  Thread calibration: mean lat.: 1328.501ms, rate sampling interval: 5410ms

-----------------------------------------------------------------------
Test Results @ http://10.102.255.30/?loopCount=25&base=6&exp=6 
  Thread Stats   Avg      Stdev     99%   +/- Stdev
    Latency    10.84s     4.75s   18.97s    57.60%
    Req/Sec    16.33      0.67    17.00    100.00%
  Latency Distribution (HdrHistogram - Recorded Latency)
 50.000%   10.79s 
 75.000%   14.97s 
 90.000%   17.79s 
 99.000%   18.97s 
 99.900%   19.09s 
 99.990%   19.14s 
 99.999%   19.14s 
100.000%   19.14s 

  Detailed Percentile spectrum:
       Value   Percentile   TotalCount 1/(1-Percentile)

    2842.623     0.000000            2         1.00
    4501.503     0.100000           86         1.11
    5849.087     0.200000          170         1.25
    7467.007     0.300000          254         1.43
    9117.695     0.400000          337         1.67
   10788.863     0.500000          427         2.00
   11370.495     0.550000          464         2.22
   12075.007     0.600000          507         2.50
   13164.543     0.650000          549         2.86
   14221.311     0.700000          593         3.33
   14974.975     0.750000          632         4.00
   15278.079     0.775000          653         4.44
   15851.519     0.800000          674         5.00
   16269.311     0.825000          695         5.71
   16859.135     0.850000          717         6.67
   17219.583     0.875000          739         8.00
   17432.575     0.887500          750         8.89
   17793.023     0.900000          758        10.00
   17956.863     0.912500          770        11.43
   18087.935     0.925000          779        13.33
   18169.855     0.937500          792        16.00
   18235.391     0.943750          798        17.78
   18284.543     0.950000          801        20.00
   18399.231     0.956250          809        22.86
   18415.615     0.962500          811        26.67
   18513.919     0.968750          816        32.00
   18563.071     0.971875          819        35.56
   18612.223     0.975000          821        40.00
   18644.991     0.978125          825        45.71
   18743.295     0.981250          827        53.33
   18776.063     0.984375          829        64.00
   18857.983     0.985938          831        71.11
   18907.135     0.987500          833        80.00
   18907.135     0.989062          833        91.43
   19005.439     0.990625          836       106.67
   19005.439     0.992188          836       128.00
   19021.823     0.992969          838       142.22
   19021.823     0.993750          838       160.00
   19021.823     0.994531          838       182.86
   19038.207     0.995313          840       213.33
   19038.207     0.996094          840       256.00
   19038.207     0.996484          840       284.44
   19038.207     0.996875          840       320.00
   19038.207     0.997266          840       365.71
   19087.359     0.997656          841       426.67
   19087.359     0.998047          841       512.00
   19087.359     0.998242          841       568.89
   19087.359     0.998437          841       640.00
   19087.359     0.998633          841       731.43
   19136.511     0.998828          842       853.33
   19136.511     1.000000          842          inf
#[Mean    =    10837.290, StdDeviation   =     4749.115]
#[Max     =    19120.128, Total count    =          842]
#[Buckets =           27, SubBuckets     =         2048]
-----------------------------------------------------------------------
  1020 requests in 1.00m, 310.79KB read
Requests/sec:     17.00  
Transfer/sec:      5.18KB
