Running 1m test @ http://10.102.255.30/?loopCount=25&base=6&exp=6
  5 threads and 5 connections

  Thread calibration: mean lat.: 80.882ms, rate sampling interval: 320ms
  Thread calibration: mean lat.: 91.594ms, rate sampling interval: 358ms
  Thread calibration: mean lat.: 88.703ms, rate sampling interval: 322ms
  Thread calibration: mean lat.: 75.157ms, rate sampling interval: 311ms
  Thread calibration: mean lat.: 73.321ms, rate sampling interval: 308ms

-----------------------------------------------------------------------
Test Results @ http://10.102.255.30/?loopCount=25&base=6&exp=6 
  Thread Stats   Avg      Stdev     99%   +/- Stdev
    Latency    92.80ms   60.74ms 288.00ms   76.93%
    Req/Sec     9.53      2.53    16.00     92.62%
  Latency Distribution (HdrHistogram - Recorded Latency)
 50.000%   81.98ms
 75.000%  120.57ms
 90.000%  170.62ms
 99.000%  288.00ms
 99.900%  375.04ms
 99.990%  387.33ms
 99.999%  387.33ms
100.000%  387.33ms

  Detailed Percentile spectrum:
       Value   Percentile   TotalCount 1/(1-Percentile)

      23.039     0.000000            1         1.00
      40.959     0.100000          261         1.11
      41.599     0.200000          509         1.25
      42.367     0.300000          752         1.43
      51.967     0.400000         1001         1.67
      81.983     0.500000         1251         2.00
      87.039     0.550000         1377         2.22
      89.727     0.600000         1504         2.50
      93.951     0.650000         1626         2.86
     102.143     0.700000         1751         3.33
     120.575     0.750000         1877         4.00
     153.471     0.775000         1940         4.44
     155.263     0.800000         2004         5.00
     157.695     0.825000         2066         5.71
     161.407     0.850000         2131         6.67
     163.839     0.875000         2190         8.00
     165.759     0.887500         2220         8.89
     170.623     0.900000         2252        10.00
     174.079     0.912500         2284        11.43
     179.327     0.925000         2315        13.33
     183.295     0.937500         2345        16.00
     188.287     0.943750         2361        17.78
     195.583     0.950000         2376        20.00
     203.007     0.956250         2392        22.86
     227.455     0.962500         2408        26.67
     254.591     0.968750         2424        32.00
     258.303     0.971875         2433        35.56
     259.839     0.975000         2439        40.00
     263.935     0.978125         2448        45.71
     265.983     0.981250         2455        53.33
     270.591     0.984375         2462        64.00
     273.407     0.985938         2466        71.11
     275.967     0.987500         2470        80.00
     286.207     0.989062         2474        91.43
     289.535     0.990625         2478       106.67
     299.519     0.992188         2482       128.00
     306.431     0.992969         2484       142.22
     313.087     0.993750         2486       160.00
     357.375     0.994531         2488       182.86
     360.447     0.995313         2490       213.33
     366.079     0.996094         2493       256.00
     366.079     0.996484         2493       284.44
     367.615     0.996875         2494       320.00
     373.247     0.997266         2495       365.71
     373.759     0.997656         2496       426.67
     374.015     0.998047         2497       512.00
     374.015     0.998242         2497       568.89
     375.039     0.998437         2498       640.00
     375.039     0.998633         2498       731.43
     377.599     0.998828         2499       853.33
     377.599     0.999023         2499      1024.00
     377.599     0.999121         2499      1137.78
     378.623     0.999219         2500      1280.00
     378.623     0.999316         2500      1462.86
     378.623     0.999414         2500      1706.67
     378.623     0.999512         2500      2048.00
     378.623     0.999561         2500      2275.56
     387.327     0.999609         2501      2560.00
     387.327     1.000000         2501          inf
#[Mean    =       92.799, StdDeviation   =       60.739]
#[Max     =      387.072, Total count    =         2501]
#[Buckets =           27, SubBuckets     =         2048]
-----------------------------------------------------------------------
  2993 requests in 1.00m, 0.89MB read
Requests/sec:     49.88  
Transfer/sec:     15.21KB
