Running 1m test @ http://10.102.255.30/?loopCount=25&base=6&exp=6
  5 threads and 5 connections

  Thread calibration: mean lat.: 81.340ms, rate sampling interval: 262ms
  Thread calibration: mean lat.: 86.308ms, rate sampling interval: 363ms
  Thread calibration: mean lat.: 86.293ms, rate sampling interval: 280ms
  Thread calibration: mean lat.: 82.257ms, rate sampling interval: 270ms
  Thread calibration: mean lat.: 84.800ms, rate sampling interval: 277ms

-----------------------------------------------------------------------
Test Results @ http://10.102.255.30/?loopCount=25&base=6&exp=6 
  Thread Stats   Avg      Stdev     99%   +/- Stdev
    Latency    87.99ms   57.93ms 294.14ms   84.81%
    Req/Sec     9.57      2.80    17.00     83.33%
  Latency Distribution (HdrHistogram - Recorded Latency)
 50.000%   81.09ms
 75.000%  108.74ms
 90.000%  180.48ms
 99.000%  294.14ms
 99.900%  398.59ms
 99.990%  475.90ms
 99.999%  475.90ms
100.000%  475.90ms

  Detailed Percentile spectrum:
       Value   Percentile   TotalCount 1/(1-Percentile)

      21.455     0.000000            1         1.00
      40.607     0.100000          261         1.11
      40.991     0.200000          520         1.25
      41.567     0.300000          755         1.43
      43.519     0.400000         1002         1.67
      81.087     0.500000         1251         2.00
      89.791     0.550000         1376         2.22
      95.231     0.600000         1502         2.50
      98.687     0.650000         1626         2.86
     102.655     0.700000         1751         3.33
     108.735     0.750000         1876         4.00
     110.975     0.775000         1939         4.44
     116.863     0.800000         2001         5.00
     123.071     0.825000         2064         5.71
     131.327     0.850000         2126         6.67
     176.383     0.875000         2189         8.00
     178.047     0.887500         2221         8.89
     180.479     0.900000         2251        10.00
     182.655     0.912500         2283        11.43
     185.087     0.925000         2315        13.33
     187.391     0.937500         2346        16.00
     188.543     0.943750         2361        17.78
     190.335     0.950000         2376        20.00
     194.943     0.956250         2392        22.86
     199.295     0.962500         2408        26.67
     202.879     0.968750         2423        32.00
     205.695     0.971875         2431        35.56
     216.191     0.975000         2439        40.00
     224.511     0.978125         2447        45.71
     275.967     0.981250         2455        53.33
     279.551     0.984375         2462        64.00
     281.599     0.985938         2467        71.11
     287.743     0.987500         2470        80.00
     289.791     0.989062         2474        91.43
     297.471     0.990625         2479       106.67
     303.871     0.992188         2482       128.00
     306.687     0.992969         2484       142.22
     309.503     0.993750         2486       160.00
     316.159     0.994531         2488       182.86
     329.983     0.995313         2490       213.33
     356.607     0.996094         2492       256.00
     375.807     0.996484         2493       284.44
     381.183     0.996875         2494       320.00
     387.583     0.997266         2495       365.71
     389.119     0.997656         2496       426.67
     392.959     0.998047         2497       512.00
     392.959     0.998242         2497       568.89
     398.591     0.998437         2498       640.00
     398.591     0.998633         2498       731.43
     410.623     0.998828         2499       853.33
     410.623     0.999023         2499      1024.00
     410.623     0.999121         2499      1137.78
     416.767     0.999219         2500      1280.00
     416.767     0.999316         2500      1462.86
     416.767     0.999414         2500      1706.67
     416.767     0.999512         2500      2048.00
     416.767     0.999561         2500      2275.56
     475.903     0.999609         2501      2560.00
     475.903     1.000000         2501          inf
#[Mean    =       87.989, StdDeviation   =       57.930]
#[Max     =      475.648, Total count    =         2501]
#[Buckets =           27, SubBuckets     =         2048]
-----------------------------------------------------------------------
  2993 requests in 1.00m, 0.89MB read
Requests/sec:     49.88  
Transfer/sec:     15.21KB
