Running 1m test @ http://10.102.255.30/?loopCount=25&base=6&exp=6
  1 threads and 1 connections

  Thread calibration: mean lat.: 1553.676ms, rate sampling interval: 5521ms

-----------------------------------------------------------------------
Test Results @ http://10.102.255.30/?loopCount=25&base=6&exp=6 
  Thread Stats   Avg      Stdev     99%   +/- Stdev
    Latency    11.32s     4.91s   19.38s    56.39%
    Req/Sec    16.33      0.94    17.00     88.89%
  Latency Distribution (HdrHistogram - Recorded Latency)
 50.000%   11.28s 
 75.000%   15.63s 
 90.000%   18.06s 
 99.000%   19.38s 
 99.900%   19.51s 
 99.990%   19.56s 
 99.999%   19.56s 
100.000%   19.56s 

  Detailed Percentile spectrum:
       Value   Percentile   TotalCount 1/(1-Percentile)

    3110.911     0.000000            1         1.00
    4558.847     0.100000           84         1.11
    6135.807     0.200000          168         1.25
    7778.303     0.300000          253         1.43
    9396.223     0.400000          335         1.67
   11280.383     0.500000          419         2.00
   12427.263     0.550000          461         2.22
   13352.959     0.600000          503         2.50
   13950.975     0.650000          546         2.86
   14614.527     0.700000          586         3.33
   15630.335     0.750000          629         4.00
   16220.159     0.775000          649         4.44
   16637.951     0.800000          670         5.00
   16990.207     0.825000          691         5.71
   17350.655     0.850000          713         6.67
   17612.799     0.875000          734         8.00
   17842.175     0.887500          743         8.89
   18087.935     0.900000          754        10.00
   18268.159     0.912500          765        11.43
   18546.687     0.925000          775        13.33
   18595.839     0.937500          788        16.00
   18628.607     0.943750          791        17.78
   18792.447     0.950000          797        20.00
   18825.215     0.956250          801        22.86
   19021.823     0.962500          806        26.67
   19185.663     0.968750          812        32.00
   19218.431     0.971875          814        35.56
   19234.815     0.975000          821        40.00
   19234.815     0.978125          821        45.71
   19267.583     0.981250          823        53.33
   19283.967     0.984375          825        64.00
   19300.351     0.985938          826        71.11
   19349.503     0.987500          828        80.00
   19349.503     0.989062          828        91.43
   19382.271     0.990625          830       106.67
   19398.655     0.992188          832       128.00
   19398.655     0.992969          832       142.22
   19398.655     0.993750          832       160.00
   19431.423     0.994531          833       182.86
   19464.191     0.995313          835       213.33
   19464.191     0.996094          835       256.00
   19464.191     0.996484          835       284.44
   19464.191     0.996875          835       320.00
   19464.191     0.997266          835       365.71
   19513.343     0.997656          836       426.67
   19513.343     0.998047          836       512.00
   19513.343     0.998242          836       568.89
   19513.343     0.998437          836       640.00
   19513.343     0.998633          836       731.43
   19562.495     0.998828          837       853.33
   19562.495     1.000000          837          inf
#[Mean    =    11319.719, StdDeviation   =     4906.535]
#[Max     =    19546.112, Total count    =          837]
#[Buckets =           27, SubBuckets     =         2048]
-----------------------------------------------------------------------
  1010 requests in 1.00m, 307.75KB read
Requests/sec:     16.83  
Transfer/sec:      5.13KB
