Running 1m test @ http://10.102.255.30/?loopCount=25&base=6&exp=6
  1 threads and 1 connections

  Thread calibration: mean lat.: 1637.276ms, rate sampling interval: 6008ms

-----------------------------------------------------------------------
Test Results @ http://10.102.255.30/?loopCount=25&base=6&exp=6 
  Thread Stats   Avg      Stdev     99%   +/- Stdev
    Latency    11.45s     4.40s   18.89s    60.00%
    Req/Sec    16.62      0.86    18.00    100.00%
  Latency Distribution (HdrHistogram - Recorded Latency)
 50.000%   11.35s 
 75.000%   15.17s 
 90.000%   17.58s 
 99.000%   18.89s 
 99.900%   19.12s 
 99.990%   19.12s 
 99.999%   19.12s 
100.000%   19.12s 

  Detailed Percentile spectrum:
       Value   Percentile   TotalCount 1/(1-Percentile)

    3356.671     0.000000            1         1.00
    4956.159     0.100000           86         1.11
    7241.727     0.200000          172         1.25
    8921.087     0.300000          258         1.43
    9928.703     0.400000          343         1.67
   11354.111     0.500000          429         2.00
   12173.311     0.550000          471         2.22
   12935.167     0.600000          514         2.50
   13565.951     0.650000          556         2.86
   14557.183     0.700000          599         3.33
   15220.735     0.750000          642         4.00
   15597.567     0.775000          663         4.44
   16113.663     0.800000          685         5.00
   16531.455     0.825000          707         5.71
   16941.055     0.850000          727         6.67
   17203.199     0.875000          752         8.00
   17350.655     0.887500          759         8.89
   17580.031     0.900000          771        10.00
   17629.183     0.912500          782        11.43
   17793.023     0.925000          791        13.33
   17907.711     0.937500          802        16.00
   18022.399     0.943750          810        17.78
   18169.855     0.950000          814        20.00
   18284.543     0.956250          818        22.86
   18431.999     0.962500          826        26.67
   18448.383     0.968750          830        32.00
   18464.767     0.971875          831        35.56
   18530.303     0.975000          835        40.00
   18612.223     0.978125          837        45.71
   18661.375     0.981250          839        53.33
   18808.831     0.984375          843        64.00
   18808.831     0.985938          843        71.11
   18890.751     0.987500          846        80.00
   18890.751     0.989062          846        91.43
   18923.519     0.990625          847       106.67
   18956.287     0.992188          849       128.00
   18956.287     0.992969          849       142.22
   19005.439     0.993750          850       160.00
   19054.591     0.994531          851       182.86
   19054.591     0.995313          851       213.33
   19087.359     0.996094          853       256.00
   19087.359     0.996484          853       284.44
   19087.359     0.996875          853       320.00
   19087.359     0.997266          853       365.71
   19087.359     0.997656          853       426.67
   19120.127     0.998047          855       512.00
   19120.127     1.000000          855          inf
#[Mean    =    11454.616, StdDeviation   =     4400.647]
#[Max     =    19103.744, Total count    =          855]
#[Buckets =           27, SubBuckets     =         2048]
-----------------------------------------------------------------------
  1021 requests in 1.00m, 311.09KB read
Requests/sec:     17.02  
Transfer/sec:      5.18KB
