Running 1m test @ http://10.102.255.30/?loopCount=25&base=6&exp=6
  5 threads and 5 connections

  Thread calibration: mean lat.: 90.855ms, rate sampling interval: 321ms
  Thread calibration: mean lat.: 84.701ms, rate sampling interval: 331ms
  Thread calibration: mean lat.: 83.385ms, rate sampling interval: 306ms
  Thread calibration: mean lat.: 82.000ms, rate sampling interval: 318ms
  Thread calibration: mean lat.: 94.018ms, rate sampling interval: 330ms

-----------------------------------------------------------------------
Test Results @ http://10.102.255.30/?loopCount=25&base=6&exp=6 
  Thread Stats   Avg      Stdev     99%   +/- Stdev
    Latency    86.44ms   52.57ms 251.65ms   74.29%
    Req/Sec     9.70      2.51    15.00     78.48%
  Latency Distribution (HdrHistogram - Recorded Latency)
 50.000%   74.69ms
 75.000%  119.74ms
 90.000%  157.70ms
 99.000%  251.65ms
 99.900%  290.30ms
 99.990%  350.46ms
 99.999%  350.46ms
100.000%  350.46ms

  Detailed Percentile spectrum:
       Value   Percentile   TotalCount 1/(1-Percentile)

      22.623     0.000000            1         1.00
      40.671     0.100000          258         1.11
      41.119     0.200000          501         1.25
      41.727     0.300000          759         1.43
      56.479     0.400000         1003         1.67
      74.687     0.500000         1253         2.00
      80.895     0.550000         1383         2.22
      81.983     0.600000         1505         2.50
      86.783     0.650000         1629         2.86
      93.951     0.700000         1757         3.33
     119.743     0.750000         1879         4.00
     145.535     0.775000         1949         4.44
     146.431     0.800000         2006         5.00
     148.479     0.825000         2071         5.71
     151.423     0.850000         2131         6.67
     154.623     0.875000         2192         8.00
     155.903     0.887500         2224         8.89
     157.695     0.900000         2255        10.00
     160.511     0.912500         2288        11.43
     163.711     0.925000         2319        13.33
     169.727     0.937500         2349        16.00
     172.415     0.943750         2366        17.78
     175.743     0.950000         2380        20.00
     180.607     0.956250         2397        22.86
     188.287     0.962500         2412        26.67
     190.847     0.968750         2427        32.00
     194.431     0.971875         2435        35.56
     208.639     0.975000         2443        40.00
     247.039     0.978125         2451        45.71
     248.319     0.981250         2460        53.33
     249.087     0.984375         2466        64.00
     249.855     0.985938         2470        71.11
     250.623     0.987500         2474        80.00
     251.519     0.989062         2478        91.43
     252.031     0.990625         2482       106.67
     254.463     0.992188         2486       128.00
     255.359     0.992969         2488       142.22
     257.279     0.993750         2490       160.00
     258.559     0.994531         2492       182.86
     261.375     0.995313         2494       213.33
     263.935     0.996094         2496       256.00
     264.959     0.996484         2497       284.44
     267.519     0.996875         2498       320.00
     270.591     0.997266         2499       365.71
     271.103     0.997656         2500       426.67
     280.063     0.998047         2501       512.00
     280.063     0.998242         2501       568.89
     290.303     0.998437         2502       640.00
     290.303     0.998633         2502       731.43
     290.559     0.998828         2503       853.33
     290.559     0.999023         2503      1024.00
     290.559     0.999121         2503      1137.78
     349.695     0.999219         2504      1280.00
     349.695     0.999316         2504      1462.86
     349.695     0.999414         2504      1706.67
     349.695     0.999512         2504      2048.00
     349.695     0.999561         2504      2275.56
     350.463     0.999609         2505      2560.00
     350.463     1.000000         2505          inf
#[Mean    =       86.443, StdDeviation   =       52.573]
#[Max     =      350.208, Total count    =         2505]
#[Buckets =           27, SubBuckets     =         2048]
-----------------------------------------------------------------------
  2995 requests in 1.00m, 0.89MB read
Requests/sec:     49.91  
Transfer/sec:     15.22KB
