Running 1m test @ http://10.102.255.30/?loopCount=25&base=6&exp=6
  5 threads and 5 connections

  Thread calibration: mean lat.: 72.512ms, rate sampling interval: 285ms
  Thread calibration: mean lat.: 74.378ms, rate sampling interval: 286ms
  Thread calibration: mean lat.: 62.147ms, rate sampling interval: 266ms
  Thread calibration: mean lat.: 63.085ms, rate sampling interval: 266ms
  Thread calibration: mean lat.: 67.624ms, rate sampling interval: 272ms

-----------------------------------------------------------------------
Test Results @ http://10.102.255.30/?loopCount=25&base=6&exp=6 
  Thread Stats   Avg      Stdev     99%   +/- Stdev
    Latency    77.56ms   51.36ms 252.16ms   77.05%
    Req/Sec     9.65      2.79    15.00     85.32%
  Latency Distribution (HdrHistogram - Recorded Latency)
 50.000%   64.80ms
 75.000%   88.89ms
 90.000%  142.85ms
 99.000%  252.16ms
 99.900%  451.84ms
 99.990%  466.43ms
 99.999%  466.43ms
100.000%  466.43ms

  Detailed Percentile spectrum:
       Value   Percentile   TotalCount 1/(1-Percentile)

      22.079     0.000000            1         1.00
      40.895     0.100000          255         1.11
      41.567     0.200000          502         1.25
      42.111     0.300000          753         1.43
      43.007     0.400000         1001         1.67
      64.799     0.500000         1253         2.00
      65.663     0.550000         1377         2.22
      66.879     0.600000         1501         2.50
      70.335     0.650000         1630         2.86
      75.967     0.700000         1752         3.33
      88.895     0.750000         1876         4.00
     118.783     0.775000         1939         4.44
     133.503     0.800000         2010         5.00
     134.655     0.825000         2068         5.71
     137.215     0.850000         2132         6.67
     139.007     0.875000         2189         8.00
     141.567     0.887500         2220         8.89
     142.847     0.900000         2252        10.00
     145.023     0.912500         2283        11.43
     149.887     0.925000         2315        13.33
     153.855     0.937500         2345        16.00
     156.543     0.943750         2362        17.78
     159.103     0.950000         2376        20.00
     163.455     0.956250         2392        22.86
     167.807     0.962500         2408        26.67
     175.103     0.968750         2423        32.00
     185.343     0.971875         2431        35.56
     205.567     0.975000         2439        40.00
     232.447     0.978125         2447        45.71
     236.927     0.981250         2455        53.33
     242.431     0.984375         2462        64.00
     244.479     0.985938         2466        71.11
     248.063     0.987500         2470        80.00
     250.495     0.989062         2474        91.43
     252.671     0.990625         2478       106.67
     264.959     0.992188         2482       128.00
     267.007     0.992969         2484       142.22
     291.839     0.993750         2486       160.00
     331.775     0.994531         2488       182.86
     336.383     0.995313         2490       213.33
     351.487     0.996094         2492       256.00
     354.047     0.996484         2493       284.44
     355.583     0.996875         2494       320.00
     359.423     0.997266         2495       365.71
     360.447     0.997656         2496       426.67
     392.191     0.998047         2497       512.00
     392.191     0.998242         2497       568.89
     451.839     0.998437         2498       640.00
     451.839     0.998633         2498       731.43
     452.607     0.998828         2499       853.33
     452.607     0.999023         2499      1024.00
     452.607     0.999121         2499      1137.78
     462.079     0.999219         2500      1280.00
     462.079     0.999316         2500      1462.86
     462.079     0.999414         2500      1706.67
     462.079     0.999512         2500      2048.00
     462.079     0.999561         2500      2275.56
     466.431     0.999609         2501      2560.00
     466.431     1.000000         2501          inf
#[Mean    =       77.556, StdDeviation   =       51.358]
#[Max     =      466.176, Total count    =         2501]
#[Buckets =           27, SubBuckets     =         2048]
-----------------------------------------------------------------------
  2995 requests in 1.00m, 0.89MB read
Requests/sec:     49.91  
Transfer/sec:     15.22KB
