Running 1m test @ http://10.102.255.30/?loopCount=25&base=6&exp=6
  1 threads and 1 connections

  Thread calibration: mean lat.: 1208.850ms, rate sampling interval: 5193ms

-----------------------------------------------------------------------
Test Results @ http://10.102.255.30/?loopCount=25&base=6&exp=6 
  Thread Stats   Avg      Stdev     99%   +/- Stdev
    Latency    11.40s     4.78s   19.61s    59.78%
    Req/Sec    16.11      0.99    18.00    100.00%
  Latency Distribution (HdrHistogram - Recorded Latency)
 50.000%   11.44s 
 75.000%   15.61s 
 90.000%   17.84s 
 99.000%   19.61s 
 99.900%   19.66s 
 99.990%   19.71s 
 99.999%   19.71s 
100.000%   19.71s 

  Detailed Percentile spectrum:
       Value   Percentile   TotalCount 1/(1-Percentile)

    3063.807     0.000000            1         1.00
    4698.111     0.100000           84         1.11
    6635.519     0.200000          168         1.25
    7901.183     0.300000          251         1.43
    9486.335     0.400000          334         1.67
   11436.031     0.500000          417         2.00
   12533.759     0.550000          459         2.22
   13541.375     0.600000          500         2.50
   14131.199     0.650000          543         2.86
   14745.599     0.700000          585         3.33
   15613.951     0.750000          626         4.00
   15794.175     0.775000          649         4.44
   16252.927     0.800000          667         5.00
   16736.255     0.825000          689         5.71
   16941.055     0.850000          709         6.67
   17383.423     0.875000          729         8.00
   17661.951     0.887500          740         8.89
   17842.175     0.900000          750        10.00
   18186.239     0.912500          761        11.43
   18399.231     0.925000          771        13.33
   18579.455     0.937500          782        16.00
   18644.991     0.943750          787        17.78
   18825.215     0.950000          793        20.00
   18956.287     0.956250          797        22.86
   19038.207     0.962500          803        26.67
   19169.279     0.968750          807        32.00
   19251.199     0.971875          810        35.56
   19333.119     0.975000          813        40.00
   19398.655     0.978125          816        45.71
   19431.423     0.981250          818        53.33
   19496.959     0.984375          821        64.00
   19546.111     0.985938          822        71.11
   19595.263     0.987500          823        80.00
   19611.647     0.989062          829        91.43
   19611.647     0.990625          829       106.67
   19611.647     0.992188          829       128.00
   19611.647     0.992969          829       142.22
   19611.647     0.993750          829       160.00
   19611.647     0.994531          829       182.86
   19628.031     0.995313          830       213.33
   19628.031     0.996094          830       256.00
   19660.799     0.996484          832       284.44
   19660.799     0.996875          832       320.00
   19660.799     0.997266          832       365.71
   19660.799     0.997656          832       426.67
   19660.799     0.998047          832       512.00
   19660.799     0.998242          832       568.89
   19660.799     0.998437          832       640.00
   19660.799     0.998633          832       731.43
   19709.951     0.998828          833       853.33
   19709.951     1.000000          833          inf
#[Mean    =    11400.812, StdDeviation   =     4783.237]
#[Max     =    19693.568, Total count    =          833]
#[Buckets =           27, SubBuckets     =         2048]
-----------------------------------------------------------------------
  1006 requests in 1.00m, 306.53KB read
Requests/sec:     16.77  
Transfer/sec:      5.11KB
