Running 1m test @ http://10.102.255.30/?loopCount=25&base=6&exp=6
  1 threads and 1 connections

  Thread calibration: mean lat.: 2105.437ms, rate sampling interval: 7237ms

-----------------------------------------------------------------------
Test Results @ http://10.102.255.30/?loopCount=25&base=6&exp=6 
  Thread Stats   Avg      Stdev     99%   +/- Stdev
    Latency    12.92s     4.77s   20.91s    58.59%
    Req/Sec    16.00      0.82    17.00    100.00%
  Latency Distribution (HdrHistogram - Recorded Latency)
 50.000%   13.42s 
 75.000%   17.04s 
 90.000%   19.12s 
 99.000%   20.91s 
 99.900%   21.18s 
 99.990%   21.18s 
 99.999%   21.18s 
100.000%   21.18s 

  Detailed Percentile spectrum:
       Value   Percentile   TotalCount 1/(1-Percentile)

    4059.135     0.000000            1         1.00
    5959.679     0.100000           83         1.11
    7802.879     0.200000          165         1.25
    9846.783     0.300000          247         1.43
   11657.215     0.400000          332         1.67
   13418.495     0.500000          412         2.00
   14196.735     0.550000          454         2.22
   14876.671     0.600000          494         2.50
   15622.143     0.650000          535         2.86
   16195.583     0.700000          575         3.33
   17039.359     0.750000          617         4.00
   17334.271     0.775000          638         4.44
   17727.487     0.800000          660         5.00
   17989.631     0.825000          678         5.71
   18399.231     0.850000          698         6.67
   18530.303     0.875000          720         8.00
   18759.679     0.887500          729         8.89
   19120.127     0.900000          740        10.00
   19398.655     0.912500          751        11.43
   19611.647     0.925000          760        13.33
   19873.791     0.937500          771        16.00
   19972.095     0.943750          776        17.78
   20021.247     0.950000          780        20.00
   20283.391     0.956250          786        22.86
   20381.695     0.962500          791        26.67
   20496.383     0.968750          796        32.00
   20578.303     0.971875          799        35.56
   20611.071     0.975000          801        40.00
   20643.839     0.978125          804        45.71
   20692.991     0.981250          806        53.33
   20774.911     0.984375          809        64.00
   20807.679     0.985938          810        71.11
   20856.831     0.987500          811        80.00
   20905.983     0.989062          813        91.43
   20938.751     0.990625          814       106.67
   20987.903     0.992188          815       128.00
   21053.439     0.992969          817       142.22
   21053.439     0.993750          817       160.00
   21053.439     0.994531          817       182.86
   21086.207     0.995313          818       213.33
   21086.207     0.996094          818       256.00
   21135.359     0.996484          819       284.44
   21135.359     0.996875          819       320.00
   21135.359     0.997266          819       365.71
   21184.511     0.997656          821       426.67
   21184.511     1.000000          821          inf
#[Mean    =    12924.566, StdDeviation   =     4766.887]
#[Max     =    21168.128, Total count    =          821]
#[Buckets =           27, SubBuckets     =         2048]
-----------------------------------------------------------------------
  969 requests in 1.00m, 295.27KB read
Requests/sec:     16.15  
Transfer/sec:      4.92KB
