Running 1m test @ http://10.102.255.30/?loopCount=25&base=6&exp=6
  5 threads and 5 connections

  Thread calibration: mean lat.: 584.662ms, rate sampling interval: 2547ms
  Thread calibration: mean lat.: 448.778ms, rate sampling interval: 1582ms
  Thread calibration: mean lat.: 577.608ms, rate sampling interval: 2224ms
  Thread calibration: mean lat.: 624.498ms, rate sampling interval: 2087ms
  Thread calibration: mean lat.: 383.809ms, rate sampling interval: 2016ms

-----------------------------------------------------------------------
Test Results @ http://10.102.255.30/?loopCount=25&base=6&exp=6 
  Thread Stats   Avg      Stdev     99%   +/- Stdev
    Latency     5.03s     2.17s    8.85s    60.11%
    Req/Sec    12.18      1.11    15.00     89.08%
  Latency Distribution (HdrHistogram - Recorded Latency)
 50.000%    5.09s 
 75.000%    6.84s 
 90.000%    7.91s 
 99.000%    8.85s 
 99.900%    9.13s 
 99.990%    9.24s 
 99.999%    9.24s 
100.000%    9.24s 

  Detailed Percentile spectrum:
       Value   Percentile   TotalCount 1/(1-Percentile)

     812.543     0.000000            1         1.00
    2017.279     0.100000          319         1.11
    2848.767     0.200000          639         1.25
    3553.279     0.300000          956         1.43
    4239.359     0.400000         1277         1.67
    5087.231     0.500000         1592         2.00
    5488.639     0.550000         1752         2.22
    5775.359     0.600000         1911         2.50
    6062.079     0.650000         2072         2.86
    6504.447     0.700000         2229         3.33
    6840.319     0.750000         2388         4.00
    7024.639     0.775000         2468         4.44
    7180.287     0.800000         2550         5.00
    7446.527     0.825000         2629         5.71
    7585.791     0.850000         2708         6.67
    7774.207     0.875000         2786         8.00
    7815.167     0.887500         2827         8.89
    7913.471     0.900000         2866        10.00
    8110.079     0.912500         2906        11.43
    8216.575     0.925000         2946        13.33
    8339.455     0.937500         2985        16.00
    8454.143     0.943750         3007        17.78
    8552.447     0.950000         3028        20.00
    8732.671     0.956250         3045        22.86
    8765.439     0.962500         3069        26.67
    8781.823     0.968750         3089        32.00
    8790.015     0.971875         3099        35.56
    8798.207     0.975000         3107        40.00
    8806.399     0.978125         3118        45.71
    8814.591     0.981250         3126        53.33
    8822.783     0.984375         3137        64.00
    8830.975     0.985938         3144        71.11
    8839.167     0.987500         3147        80.00
    8847.359     0.989062         3155        91.43
    8847.359     0.990625         3155       106.67
    8871.935     0.992188         3160       128.00
    8880.127     0.992969         3162       142.22
    8888.319     0.993750         3165       160.00
    8921.087     0.994531         3167       182.86
    9043.967     0.995313         3170       213.33
    9060.351     0.996094         3172       256.00
    9076.735     0.996484         3174       284.44
    9093.119     0.996875         3175       320.00
    9101.311     0.997266         3176       365.71
    9109.503     0.997656         3177       426.67
    9117.695     0.998047         3178       512.00
    9125.887     0.998242         3179       568.89
    9134.079     0.998437         3181       640.00
    9134.079     0.998633         3181       731.43
    9134.079     0.998828         3181       853.33
    9134.079     0.999023         3181      1024.00
    9191.423     0.999121         3182      1137.78
    9191.423     0.999219         3182      1280.00
    9191.423     0.999316         3182      1462.86
    9224.191     0.999414         3183      1706.67
    9224.191     0.999512         3183      2048.00
    9224.191     0.999561         3183      2275.56
    9224.191     0.999609         3183      2560.00
    9224.191     0.999658         3183      2925.71
    9240.575     0.999707         3184      3413.33
    9240.575     1.000000         3184          inf
#[Mean    =     5034.691, StdDeviation   =     2165.425]
#[Max     =     9232.384, Total count    =         3184]
#[Buckets =           27, SubBuckets     =         2048]
-----------------------------------------------------------------------
  3839 requests in 1.00m, 1.14MB read
Requests/sec:     63.98  
Transfer/sec:     19.50KB
