Running 1m test @ http://10.102.255.30/?loopCount=25&base=6&exp=6
  5 threads and 5 connections

  Thread calibration: mean lat.: 62.348ms, rate sampling interval: 190ms
  Thread calibration: mean lat.: 82.116ms, rate sampling interval: 303ms
  Thread calibration: mean lat.: 70.210ms, rate sampling interval: 292ms
  Thread calibration: mean lat.: 81.967ms, rate sampling interval: 310ms
  Thread calibration: mean lat.: 82.867ms, rate sampling interval: 317ms

-----------------------------------------------------------------------
Test Results @ http://10.102.255.30/?loopCount=25&base=6&exp=6 
  Thread Stats   Avg      Stdev     99%   +/- Stdev
    Latency    88.79ms   54.50ms 258.82ms   73.57%
    Req/Sec     9.45      3.09    17.00     81.88%
  Latency Distribution (HdrHistogram - Recorded Latency)
 50.000%   78.40ms
 75.000%  126.40ms
 90.000%  161.66ms
 99.000%  258.82ms
 99.900%  346.11ms
 99.990%  356.10ms
 99.999%  356.10ms
100.000%  356.10ms

  Detailed Percentile spectrum:
       Value   Percentile   TotalCount 1/(1-Percentile)

      22.095     0.000000            1         1.00
      40.639     0.100000          264         1.11
      41.183     0.200000          502         1.25
      41.919     0.300000          755         1.43
      63.903     0.400000          999         1.67
      78.399     0.500000         1249         2.00
      81.151     0.550000         1376         2.22
      82.303     0.600000         1500         2.50
      88.383     0.650000         1624         2.86
      94.911     0.700000         1748         3.33
     126.399     0.750000         1873         4.00
     147.071     0.775000         1939         4.44
     149.247     0.800000         2002         5.00
     150.655     0.825000         2061         5.71
     153.599     0.850000         2123         6.67
     156.799     0.875000         2186         8.00
     158.847     0.887500         2218         8.89
     161.919     0.900000         2251        10.00
     165.631     0.912500         2280        11.43
     169.087     0.925000         2311        13.33
     174.975     0.937500         2342        16.00
     179.327     0.943750         2357        17.78
     181.887     0.950000         2373        20.00
     187.135     0.956250         2388        22.86
     191.103     0.962500         2404        26.67
     206.079     0.968750         2420        32.00
     246.015     0.971875         2427        35.56
     247.423     0.975000         2436        40.00
     248.575     0.978125         2443        45.71
     250.367     0.981250         2451        53.33
     252.159     0.984375         2458        64.00
     253.311     0.985938         2462        71.11
     254.591     0.987500         2466        80.00
     257.535     0.989062         2470        91.43
     259.071     0.990625         2474       106.67
     260.351     0.992188         2478       128.00
     261.247     0.992969         2480       142.22
     262.911     0.993750         2482       160.00
     265.215     0.994531         2485       182.86
     266.495     0.995313         2486       213.33
     268.287     0.996094         2488       256.00
     271.103     0.996484         2489       284.44
     275.967     0.996875         2490       320.00
     280.063     0.997266         2491       365.71
     280.831     0.997656         2492       426.67
     281.599     0.998047         2493       512.00
     281.599     0.998242         2493       568.89
     292.351     0.998437         2494       640.00
     292.351     0.998633         2494       731.43
     346.111     0.998828         2495       853.33
     346.111     0.999023         2495      1024.00
     346.111     0.999121         2495      1137.78
     348.415     0.999219         2496      1280.00
     348.415     0.999316         2496      1462.86
     348.415     0.999414         2496      1706.67
     348.415     0.999512         2496      2048.00
     348.415     0.999561         2496      2275.56
     356.095     0.999609         2497      2560.00
     356.095     1.000000         2497          inf
#[Mean    =       88.789, StdDeviation   =       54.500]
#[Max     =      355.840, Total count    =         2497]
#[Buckets =           27, SubBuckets     =         2048]
-----------------------------------------------------------------------
  2992 requests in 1.00m, 0.89MB read
Requests/sec:     49.86  
Transfer/sec:     15.20KB
