Running 1m test @ http://10.102.255.30/?loopCount=25&base=6&exp=6
  5 threads and 5 connections

  Thread calibration: mean lat.: 999.523ms, rate sampling interval: 3743ms
  Thread calibration: mean lat.: 799.891ms, rate sampling interval: 2850ms
  Thread calibration: mean lat.: 754.591ms, rate sampling interval: 2324ms
  Thread calibration: mean lat.: 685.608ms, rate sampling interval: 2174ms
  Thread calibration: mean lat.: 599.698ms, rate sampling interval: 2065ms

-----------------------------------------------------------------------
Test Results @ http://10.102.255.30/?loopCount=25&base=6&exp=6 
  Thread Stats   Avg      Stdev     99%   +/- Stdev
    Latency     5.46s     2.28s    9.87s    60.75%
    Req/Sec    12.15      1.00    14.00     96.94%
  Latency Distribution (HdrHistogram - Recorded Latency)
 50.000%    5.46s 
 75.000%    7.33s 
 90.000%    8.61s 
 99.000%    9.87s 
 99.900%   10.17s 
 99.990%   10.21s 
 99.999%   10.21s 
100.000%   10.21s 

  Detailed Percentile spectrum:
       Value   Percentile   TotalCount 1/(1-Percentile)

    1188.863     0.000000            1         1.00
    2242.559     0.100000          317         1.11
    3235.839     0.200000          633         1.25
    3983.359     0.300000          950         1.43
    4694.015     0.400000         1266         1.67
    5464.063     0.500000         1581         2.00
    5758.975     0.550000         1740         2.22
    6098.943     0.600000         1900         2.50
    6574.079     0.650000         2056         2.86
    6963.199     0.700000         2215         3.33
    7331.839     0.750000         2373         4.00
    7557.119     0.775000         2452         4.44
    7733.247     0.800000         2530         5.00
    7880.703     0.825000         2609         5.71
    8183.807     0.850000         2688         6.67
    8396.799     0.875000         2767         8.00
    8511.487     0.887500         2808         8.89
    8609.791     0.900000         2847        10.00
    8667.135     0.912500         2888        11.43
    8716.287     0.925000         2929        13.33
    8773.631     0.937500         2967        16.00
    8806.399     0.943750         2988        17.78
    8978.431     0.950000         3004        20.00
    9207.807     0.956250         3025        22.86
    9314.303     0.962500         3045        26.67
    9453.567     0.968750         3065        32.00
    9535.487     0.971875         3075        35.56
    9560.063     0.975000         3086        40.00
    9674.751     0.978125         3093        45.71
    9715.711     0.981250         3103        53.33
    9764.863     0.984375         3115        64.00
    9781.247     0.985938         3119        71.11
    9846.783     0.987500         3125        80.00
    9863.167     0.989062         3128        91.43
    9887.743     0.990625         3133       106.67
    9904.127     0.992188         3140       128.00
    9904.127     0.992969         3140       142.22
    9920.511     0.993750         3146       160.00
    9920.511     0.994531         3146       182.86
    9969.663     0.995313         3149       213.33
    9994.239     0.996094         3150       256.00
   10067.967     0.996484         3151       284.44
   10092.543     0.996875         3154       320.00
   10092.543     0.997266         3154       365.71
   10108.927     0.997656         3155       426.67
   10117.119     0.998047         3156       512.00
   10133.503     0.998242         3157       568.89
   10141.695     0.998437         3158       640.00
   10141.695     0.998633         3158       731.43
   10174.463     0.998828         3160       853.33
   10174.463     0.999023         3160      1024.00
   10174.463     0.999121         3160      1137.78
   10174.463     0.999219         3160      1280.00
   10174.463     0.999316         3160      1462.86
   10190.847     0.999414         3161      1706.67
   10190.847     0.999512         3161      2048.00
   10190.847     0.999561         3161      2275.56
   10190.847     0.999609         3161      2560.00
   10190.847     0.999658         3161      2925.71
   10207.231     0.999707         3162      3413.33
   10207.231     1.000000         3162          inf
#[Mean    =     5456.098, StdDeviation   =     2282.084]
#[Max     =    10199.040, Total count    =         3162]
#[Buckets =           27, SubBuckets     =         2048]
-----------------------------------------------------------------------
  3803 requests in 1.00m, 1.13MB read
Requests/sec:     63.38  
Transfer/sec:     19.32KB
