Running 1m test @ http://10.102.255.30/?loopCount=25&base=6&exp=6
  5 threads and 5 connections

  Thread calibration: mean lat.: 294.771ms, rate sampling interval: 1236ms
  Thread calibration: mean lat.: 831.722ms, rate sampling interval: 2760ms
  Thread calibration: mean lat.: 844.840ms, rate sampling interval: 3108ms
  Thread calibration: mean lat.: 441.244ms, rate sampling interval: 1639ms
  Thread calibration: mean lat.: 715.096ms, rate sampling interval: 2179ms

-----------------------------------------------------------------------
Test Results @ http://10.102.255.30/?loopCount=25&base=6&exp=6 
  Thread Stats   Avg      Stdev     99%   +/- Stdev
    Latency     5.25s     2.56s   11.65s    63.78%
    Req/Sec    12.04      1.38    15.00     94.44%
  Latency Distribution (HdrHistogram - Recorded Latency)
 50.000%    5.28s 
 75.000%    7.07s 
 90.000%    8.72s 
 99.000%   11.65s 
 99.900%   12.22s 
 99.990%   12.46s 
 99.999%   12.46s 
100.000%   12.46s 

  Detailed Percentile spectrum:
       Value   Percentile   TotalCount 1/(1-Percentile)

     573.951     0.000000            1         1.00
    1923.071     0.100000          314         1.11
    2721.791     0.200000          629         1.25
    3420.159     0.300000          941         1.43
    4378.623     0.400000         1255         1.67
    5275.647     0.500000         1569         2.00
    5652.479     0.550000         1725         2.22
    6029.311     0.600000         1882         2.50
    6344.703     0.650000         2041         2.86
    6725.631     0.700000         2196         3.33
    7069.695     0.750000         2354         4.00
    7258.111     0.775000         2432         4.44
    7458.815     0.800000         2511         5.00
    7725.055     0.825000         2588         5.71
    8019.967     0.850000         2667         6.67
    8286.207     0.875000         2746         8.00
    8478.719     0.887500         2784         8.89
    8724.479     0.900000         2824        10.00
    8888.319     0.912500         2865        11.43
    9003.007     0.925000         2903        13.33
    9281.535     0.937500         2940        16.00
    9412.607     0.943750         2961        17.78
    9494.527     0.950000         2983        20.00
    9551.871     0.956250         2999        22.86
    9830.399     0.962500         3019        26.67
   10158.079     0.968750         3039        32.00
   10428.415     0.971875         3048        35.56
   10665.983     0.975000         3058        40.00
   10797.055     0.978125         3068        45.71
   10928.127     0.981250         3079        53.33
   11141.119     0.984375         3087        64.00
   11214.847     0.985938         3092        71.11
   11313.151     0.987500         3097        80.00
   11534.335     0.989062         3102        91.43
   11714.559     0.990625         3107       106.67
   11894.783     0.992188         3112       128.00
   11968.511     0.992969         3114       142.22
   12025.855     0.993750         3118       160.00
   12034.047     0.994531         3120       182.86
   12058.623     0.995313         3122       213.33
   12115.967     0.996094         3124       256.00
   12124.159     0.996484         3125       284.44
   12181.503     0.996875         3127       320.00
   12189.695     0.997266         3131       365.71
   12189.695     0.997656         3131       426.67
   12189.695     0.998047         3131       512.00
   12189.695     0.998242         3131       568.89
   12206.079     0.998437         3132       640.00
   12206.079     0.998633         3132       731.43
   12222.463     0.998828         3133       853.33
   12222.463     0.999023         3133      1024.00
   12427.263     0.999121         3135      1137.78
   12427.263     0.999219         3135      1280.00
   12427.263     0.999316         3135      1462.86
   12427.263     0.999414         3135      1706.67
   12427.263     0.999512         3135      2048.00
   12427.263     0.999561         3135      2275.56
   12427.263     0.999609         3135      2560.00
   12427.263     0.999658         3135      2925.71
   12460.031     0.999707         3136      3413.33
   12460.031     1.000000         3136          inf
#[Mean    =     5246.964, StdDeviation   =     2555.619]
#[Max     =    12451.840, Total count    =         3136]
#[Buckets =           27, SubBuckets     =         2048]
-----------------------------------------------------------------------
  3790 requests in 1.00m, 1.13MB read
Requests/sec:     63.16  
Transfer/sec:     19.26KB
