Running 1m test @ http://10.110.188.59/?loopCount=25&base=6&exp=6
  5 threads and 5 connections

  Thread calibration: mean lat.: 970.028ms, rate sampling interval: 2746ms
  Thread calibration: mean lat.: 1195.816ms, rate sampling interval: 4689ms
  Thread calibration: mean lat.: 669.548ms, rate sampling interval: 1901ms
  Thread calibration: mean lat.: 737.051ms, rate sampling interval: 2072ms
  Thread calibration: mean lat.: 639.403ms, rate sampling interval: 2181ms

-----------------------------------------------------------------------
Test Results @ http://10.110.188.59/?loopCount=25&base=6&exp=6 
  Thread Stats   Avg      Stdev     99%   +/- Stdev
    Latency     6.20s     2.95s   12.32s    62.97%
    Req/Sec    11.63      2.08    17.00     88.00%
  Latency Distribution (HdrHistogram - Recorded Latency)
 50.000%    6.16s 
 75.000%    8.69s 
 90.000%   10.00s 
 99.000%   12.32s 
 99.900%   12.66s 
 99.990%   12.82s 
 99.999%   12.82s 
100.000%   12.82s 

  Detailed Percentile spectrum:
       Value   Percentile   TotalCount 1/(1-Percentile)

     894.975     0.000000            1         1.00
    2164.735     0.100000          303         1.11
    3573.759     0.200000          606         1.25
    4040.703     0.300000          911         1.43
    4833.279     0.400000         1216         1.67
    6156.287     0.500000         1515         2.00
    6598.655     0.550000         1667         2.22
    6971.391     0.600000         1818         2.50
    7606.271     0.650000         1971         2.86
    8232.959     0.700000         2121         3.33
    8691.711     0.750000         2279         4.00
    8871.935     0.775000         2349         4.44
    9175.039     0.800000         2425         5.00
    9338.879     0.825000         2500         5.71
    9437.183     0.850000         2578         6.67
    9568.255     0.875000         2655         8.00
    9691.135     0.887500         2691         8.89
   10002.431     0.900000         2727        10.00
   10289.151     0.912500         2767        11.43
   10592.255     0.925000         2803        13.33
   10862.591     0.937500         2842        16.00
   10944.511     0.943750         2860        17.78
   11108.351     0.950000         2879        20.00
   11354.111     0.956250         2898        22.86
   11493.375     0.962500         2917        26.67
   11829.247     0.968750         2936        32.00
   11911.167     0.971875         2945        35.56
   12009.471     0.975000         2956        40.00
   12050.431     0.978125         2965        45.71
   12099.583     0.981250         2974        53.33
   12173.311     0.984375         2984        64.00
   12206.079     0.985938         2989        71.11
   12238.847     0.987500         2995        80.00
   12271.615     0.989062         2997        91.43
   12345.343     0.990625         3002       106.67
   12394.495     0.992188         3008       128.00
   12419.071     0.992969         3009       142.22
   12451.839     0.993750         3013       160.00
   12460.031     0.994531         3014       182.86
   12484.607     0.995313         3017       213.33
   12492.799     0.996094         3019       256.00
   12533.759     0.996484         3020       284.44
   12541.951     0.996875         3021       320.00
   12574.719     0.997266         3023       365.71
   12574.719     0.997656         3023       426.67
   12632.063     0.998047         3025       512.00
   12632.063     0.998242         3025       568.89
   12656.639     0.998437         3026       640.00
   12656.639     0.998633         3026       731.43
   12664.831     0.998828         3027       853.33
   12689.407     0.999023         3028      1024.00
   12689.407     0.999121         3028      1137.78
   12689.407     0.999219         3028      1280.00
   12689.407     0.999316         3028      1462.86
   12787.711     0.999414         3029      1706.67
   12787.711     0.999512         3029      2048.00
   12787.711     0.999561         3029      2275.56
   12787.711     0.999609         3029      2560.00
   12787.711     0.999658         3029      2925.71
   12820.479     0.999707         3030      3413.33
   12820.479     1.000000         3030          inf
#[Mean    =     6197.544, StdDeviation   =     2951.491]
#[Max     =    12812.288, Total count    =         3030]
#[Buckets =           27, SubBuckets     =         2048]
-----------------------------------------------------------------------
  3672 requests in 1.00m, 1.09MB read
Requests/sec:     61.20  
Transfer/sec:     18.66KB
