Running 1m test @ http://10.110.188.59/?loopCount=25&base=6&exp=6
  1 threads and 1 connections

  Thread calibration: mean lat.: 2995.700ms, rate sampling interval: 12017ms

-----------------------------------------------------------------------
Test Results @ http://10.110.188.59/?loopCount=25&base=6&exp=6 
  Thread Stats   Avg      Stdev     99%   +/- Stdev
    Latency    25.21s    10.62s   43.09s    56.85%
    Req/Sec     6.00      0.00     6.00    100.00%
  Latency Distribution (HdrHistogram - Recorded Latency)
 50.000%   25.17s 
 75.000%   34.11s 
 90.000%   40.21s 
 99.000%   43.09s 
 99.900%   43.45s 
 99.990%   43.45s 
 99.999%   43.45s 
100.000%   43.45s 

  Detailed Percentile spectrum:
       Value   Percentile   TotalCount 1/(1-Percentile)

    6934.527     0.000000            1         1.00
   10625.023     0.100000           34         1.11
   14245.887     0.200000           68         1.25
   17858.559     0.300000          101         1.43
   22003.711     0.400000          135         1.67
   25165.823     0.500000          168         2.00
   26804.223     0.550000          185         2.22
   28409.855     0.600000          202         2.50
   30621.695     0.650000          219         2.86
   32325.631     0.700000          236         3.33
   34111.487     0.750000          252         4.00
   35258.367     0.775000          261         4.44
   36241.407     0.800000          269         5.00
   37257.215     0.825000          278         5.71
   38141.951     0.850000          286         6.67
   39157.759     0.875000          294         8.00
   39944.191     0.887500          299         8.89
   40271.871     0.900000          303        10.00
   40632.319     0.912500          307        11.43
   41058.303     0.925000          311        13.33
   41582.591     0.937500          315        16.00
   41975.807     0.943750          318        17.78
   42041.343     0.950000          320        20.00
   42139.647     0.956250          322        22.86
   42401.791     0.962500          324        26.67
   42565.631     0.968750          326        32.00
   42598.399     0.971875          327        35.56
   42696.703     0.975000          328        40.00
   42827.775     0.978125          329        45.71
   42893.311     0.981250          330        53.33
   42958.847     0.984375          331        64.00
   43024.383     0.985938          332        71.11
   43024.383     0.987500          332        80.00
   43089.919     0.989062          333        91.43
   43089.919     0.990625          333       106.67
   43155.455     0.992188          334       128.00
   43155.455     0.992969          334       142.22
   43155.455     0.993750          334       160.00
   43188.223     0.994531          335       182.86
   43188.223     0.995313          335       213.33
   43188.223     0.996094          335       256.00
   43188.223     0.996484          335       284.44
   43188.223     0.996875          335       320.00
   43450.367     0.997266          336       365.71
   43450.367     1.000000          336          inf
#[Mean    =    25207.540, StdDeviation   =    10619.568]
#[Max     =    43417.600, Total count    =          336]
#[Buckets =           27, SubBuckets     =         2048]
-----------------------------------------------------------------------
  413 requests in 1.00m, 126.18KB read
Requests/sec:      6.88  
Transfer/sec:      2.10KB
