Running 1m test @ http://10.110.188.59/?loopCount=25&base=6&exp=6
  5 threads and 5 connections

  Thread calibration: mean lat.: 138.830ms, rate sampling interval: 518ms
  Thread calibration: mean lat.: 108.486ms, rate sampling interval: 394ms
  Thread calibration: mean lat.: 110.650ms, rate sampling interval: 511ms
  Thread calibration: mean lat.: 108.333ms, rate sampling interval: 342ms
  Thread calibration: mean lat.: 102.698ms, rate sampling interval: 350ms

-----------------------------------------------------------------------
Test Results @ http://10.110.188.59/?loopCount=25&base=6&exp=6 
  Thread Stats   Avg      Stdev     99%   +/- Stdev
    Latency   120.56ms   91.98ms 461.05ms   87.02%
    Req/Sec     9.38      2.81    17.00     78.75%
  Latency Distribution (HdrHistogram - Recorded Latency)
 50.000%   95.49ms
 75.000%  159.62ms
 90.000%  251.01ms
 99.000%  461.05ms
 99.900%  597.50ms
 99.990%  657.41ms
 99.999%  657.41ms
100.000%  657.41ms

  Detailed Percentile spectrum:
       Value   Percentile   TotalCount 1/(1-Percentile)

      21.775     0.000000            1         1.00
      40.671     0.100000          254         1.11
      41.375     0.200000          504         1.25
      42.495     0.300000          753         1.43
      77.055     0.400000         1000         1.67
      95.487     0.500000         1249         2.00
     103.743     0.550000         1374         2.22
     136.319     0.600000         1500         2.50
     151.039     0.650000         1627         2.86
     155.135     0.700000         1749         3.33
     159.615     0.750000         1874         4.00
     163.199     0.775000         1937         4.44
     167.679     0.800000         1998         5.00
     176.383     0.825000         2061         5.71
     192.511     0.850000         2123         6.67
     208.127     0.875000         2186         8.00
     247.935     0.887500         2217         8.89
     251.135     0.900000         2248        10.00
     254.591     0.912500         2279        11.43
     258.303     0.925000         2311        13.33
     264.191     0.937500         2341        16.00
     268.543     0.943750         2358        17.78
     276.735     0.950000         2374        20.00
     292.863     0.956250         2388        22.86
     318.207     0.962500         2404        26.67
     352.255     0.968750         2419        32.00
     357.375     0.971875         2427        35.56
     361.471     0.975000         2435        40.00
     367.871     0.978125         2443        45.71
     389.119     0.981250         2451        53.33
     415.487     0.984375         2458        64.00
     447.999     0.985938         2462        71.11
     456.447     0.987500         2467        80.00
     459.007     0.989062         2470        91.43
     466.431     0.990625         2474       106.67
     490.239     0.992188         2478       128.00
     496.895     0.992969         2480       142.22
     505.343     0.993750         2482       160.00
     538.623     0.994531         2484       182.86
     548.863     0.995313         2486       213.33
     556.031     0.996094         2488       256.00
     557.567     0.996484         2489       284.44
     558.079     0.996875         2490       320.00
     560.127     0.997266         2491       365.71
     564.735     0.997656         2492       426.67
     572.415     0.998047         2493       512.00
     572.415     0.998242         2493       568.89
     585.727     0.998437         2494       640.00
     585.727     0.998633         2494       731.43
     597.503     0.998828         2495       853.33
     597.503     0.999023         2495      1024.00
     597.503     0.999121         2495      1137.78
     648.703     0.999219         2496      1280.00
     648.703     0.999316         2496      1462.86
     648.703     0.999414         2496      1706.67
     648.703     0.999512         2496      2048.00
     648.703     0.999561         2496      2275.56
     657.407     0.999609         2497      2560.00
     657.407     1.000000         2497          inf
#[Mean    =      120.559, StdDeviation   =       91.977]
#[Max     =      656.896, Total count    =         2497]
#[Buckets =           27, SubBuckets     =         2048]
-----------------------------------------------------------------------
  2992 requests in 1.00m, 0.89MB read
Requests/sec:     49.86  
Transfer/sec:     15.21KB
