Running 1m test @ http://10.110.188.59/?loopCount=25&base=6&exp=6
  5 threads and 5 connections

  Thread calibration: mean lat.: 154.140ms, rate sampling interval: 612ms
  Thread calibration: mean lat.: 123.885ms, rate sampling interval: 386ms
  Thread calibration: mean lat.: 191.758ms, rate sampling interval: 743ms
  Thread calibration: mean lat.: 170.377ms, rate sampling interval: 632ms
  Thread calibration: mean lat.: 111.298ms, rate sampling interval: 438ms

-----------------------------------------------------------------------
Test Results @ http://10.110.188.59/?loopCount=25&base=6&exp=6 
  Thread Stats   Avg      Stdev     99%   +/- Stdev
    Latency   182.74ms  133.42ms 674.30ms   69.60%
    Req/Sec     9.49      2.85    18.00     86.60%
  Latency Distribution (HdrHistogram - Recorded Latency)
 50.000%  169.34ms
 75.000%  262.91ms
 90.000%  365.57ms
 99.000%  674.30ms
 99.900%  882.69ms
 99.990%  965.12ms
 99.999%  965.12ms
100.000%  965.12ms

  Detailed Percentile spectrum:
       Value   Percentile   TotalCount 1/(1-Percentile)

      24.591     0.000000            1         1.00
      41.183     0.100000          251         1.11
      56.927     0.200000          500         1.25
     100.543     0.300000          750         1.43
     123.711     0.400000          999         1.67
     169.343     0.500000         1252         2.00
     173.823     0.550000         1376         2.22
     179.711     0.600000         1499         2.50
     190.335     0.650000         1625         2.86
     213.119     0.700000         1749         3.33
     262.911     0.750000         1874         4.00
     269.055     0.775000         1938         4.44
     273.919     0.800000         1999         5.00
     281.343     0.825000         2061         5.71
     295.935     0.850000         2123         6.67
     321.535     0.875000         2185         8.00
     352.511     0.887500         2217         8.89
     365.567     0.900000         2249        10.00
     370.943     0.912500         2280        11.43
     377.599     0.925000         2310        13.33
     390.143     0.937500         2342        16.00
     405.503     0.943750         2357        17.78
     415.487     0.950000         2373        20.00
     458.495     0.956250         2388        22.86
     470.783     0.962500         2405        26.67
     478.207     0.968750         2419        32.00
     482.047     0.971875         2427        35.56
     521.471     0.975000         2435        40.00
     570.367     0.978125         2443        45.71
     584.703     0.981250         2451        53.33
     614.399     0.984375         2460        64.00
     630.271     0.985938         2462        71.11
     657.407     0.987500         2466        80.00
     672.255     0.989062         2470        91.43
     674.303     0.990625         2474       106.67
     681.983     0.992188         2478       128.00
     692.735     0.992969         2480       142.22
     709.119     0.993750         2482       160.00
     714.751     0.994531         2484       182.86
     763.391     0.995313         2486       213.33
     770.047     0.996094         2489       256.00
     770.047     0.996484         2489       284.44
     774.143     0.996875         2490       320.00
     775.167     0.997266         2491       365.71
     821.759     0.997656         2492       426.67
     845.311     0.998047         2493       512.00
     845.311     0.998242         2493       568.89
     872.447     0.998437         2494       640.00
     872.447     0.998633         2494       731.43
     882.687     0.998828         2495       853.33
     882.687     0.999023         2495      1024.00
     882.687     0.999121         2495      1137.78
     904.703     0.999219         2496      1280.00
     904.703     0.999316         2496      1462.86
     904.703     0.999414         2496      1706.67
     904.703     0.999512         2496      2048.00
     904.703     0.999561         2496      2275.56
     965.119     0.999609         2497      2560.00
     965.119     1.000000         2497          inf
#[Mean    =      182.741, StdDeviation   =      133.424]
#[Max     =      964.608, Total count    =         2497]
#[Buckets =           27, SubBuckets     =         2048]
-----------------------------------------------------------------------
  2985 requests in 1.00m, 0.89MB read
Requests/sec:     49.74  
Transfer/sec:     15.17KB
