Running 1m test @ http://10.110.188.59/?loopCount=25&base=6&exp=6
  5 threads and 5 connections

  Thread calibration: mean lat.: 820.477ms, rate sampling interval: 2240ms
  Thread calibration: mean lat.: 831.423ms, rate sampling interval: 3104ms
  Thread calibration: mean lat.: 1356.613ms, rate sampling interval: 4575ms
  Thread calibration: mean lat.: 1214.570ms, rate sampling interval: 4093ms
  Thread calibration: mean lat.: 683.968ms, rate sampling interval: 2947ms

-----------------------------------------------------------------------
Test Results @ http://10.110.188.59/?loopCount=25&base=6&exp=6 
  Thread Stats   Avg      Stdev     99%   +/- Stdev
    Latency     7.41s     3.16s   12.65s    58.66%
    Req/Sec    11.29      1.83    15.00     88.16%
  Latency Distribution (HdrHistogram - Recorded Latency)
 50.000%    7.39s 
 75.000%   10.16s 
 90.000%   11.48s 
 99.000%   12.65s 
 99.900%   13.16s 
 99.990%   13.22s 
 99.999%   13.22s 
100.000%   13.22s 

  Detailed Percentile spectrum:
       Value   Percentile   TotalCount 1/(1-Percentile)

    1544.191     0.000000            1         1.00
    2785.279     0.100000          299         1.11
    4124.671     0.200000          595         1.25
    5382.143     0.300000          893         1.43
    6672.383     0.400000         1191         1.67
    7389.183     0.500000         1489         2.00
    7901.183     0.550000         1637         2.22
    8691.711     0.600000         1787         2.50
    9478.143     0.650000         1934         2.86
    9961.471     0.700000         2084         3.33
   10166.271     0.750000         2236         4.00
   10338.303     0.775000         2309         4.44
   10534.911     0.800000         2380         5.00
   10780.671     0.825000         2460         5.71
   10928.127     0.850000         2529         6.67
   11124.735     0.875000         2605         8.00
   11304.959     0.887500         2642         8.89
   11476.991     0.900000         2679        10.00
   11608.063     0.912500         2715        11.43
   11796.479     0.925000         2754        13.33
   12075.007     0.937500         2790        16.00
   12124.159     0.943750         2812        17.78
   12173.311     0.950000         2828        20.00
   12230.655     0.956250         2846        22.86
   12287.999     0.962500         2867        26.67
   12337.151     0.968750         2885        32.00
   12369.919     0.971875         2894        35.56
   12402.687     0.975000         2902        40.00
   12443.647     0.978125         2911        45.71
   12509.183     0.981250         2921        53.33
   12582.911     0.984375         2931        64.00
   12591.103     0.985938         2934        71.11
   12615.679     0.987500         2940        80.00
   12632.063     0.989062         2943        91.43
   12673.023     0.990625         2948       106.67
   12705.791     0.992188         2952       128.00
   12722.175     0.992969         2955       142.22
   12754.943     0.993750         2957       160.00
   12779.519     0.994531         2959       182.86
   12918.783     0.995313         2962       213.33
   12976.127     0.996094         2964       256.00
   13000.703     0.996484         2965       284.44
   13025.279     0.996875         2966       320.00
   13049.855     0.997266         2968       365.71
   13082.623     0.997656         2969       426.67
   13115.391     0.998047         2970       512.00
   13115.391     0.998242         2970       568.89
   13139.967     0.998437         2971       640.00
   13139.967     0.998633         2971       731.43
   13164.543     0.998828         2973       853.33
   13164.543     0.999023         2973      1024.00
   13164.543     0.999121         2973      1137.78
   13164.543     0.999219         2973      1280.00
   13164.543     0.999316         2973      1462.86
   13189.119     0.999414         2974      1706.67
   13189.119     0.999512         2974      2048.00
   13189.119     0.999561         2974      2275.56
   13189.119     0.999609         2974      2560.00
   13189.119     0.999658         2974      2925.71
   13221.887     0.999707         2975      3413.33
   13221.887     1.000000         2975          inf
#[Mean    =     7409.987, StdDeviation   =     3157.233]
#[Max     =    13213.696, Total count    =         2975]
#[Buckets =           27, SubBuckets     =         2048]
-----------------------------------------------------------------------
  3570 requests in 1.00m, 1.06MB read
Requests/sec:     59.50  
Transfer/sec:     18.15KB
