Running 1m test @ http://10.110.188.59/?loopCount=25&base=6&exp=6
  1 threads and 1 connections

  Thread calibration: mean lat.: 2913.280ms, rate sampling interval: 12206ms

-----------------------------------------------------------------------
Test Results @ http://10.110.188.59/?loopCount=25&base=6&exp=6 
  Thread Stats   Avg      Stdev     99%   +/- Stdev
    Latency    25.22s    10.28s   42.99s    56.40%
    Req/Sec     6.00      0.00     6.00    100.00%
  Latency Distribution (HdrHistogram - Recorded Latency)
 50.000%   25.25s 
 75.000%   34.11s 
 90.000%   39.26s 
 99.000%   42.99s 
 99.900%   43.35s 
 99.990%   43.35s 
 99.999%   43.35s 
100.000%   43.35s 

  Detailed Percentile spectrum:
       Value   Percentile   TotalCount 1/(1-Percentile)

    7167.999     0.000000            1         1.00
   11214.847     0.100000           35         1.11
   14467.071     0.200000           69         1.25
   18366.463     0.300000          104         1.43
   21905.407     0.400000          138         1.67
   25247.743     0.500000          172         2.00
   26935.295     0.550000          190         2.22
   28753.919     0.600000          207         2.50
   30261.247     0.650000          224         2.86
   32194.559     0.700000          241         3.33
   34111.487     0.750000          258         4.00
   35356.671     0.775000          267         4.44
   36077.567     0.800000          276         5.00
   36765.695     0.825000          284         5.71
   37519.359     0.850000          293         6.67
   38371.327     0.875000          301         8.00
   38928.383     0.887500          306         8.89
   39256.063     0.900000          310        10.00
   39747.583     0.912500          314        11.43
   40370.175     0.925000          319        13.33
   40796.159     0.937500          323        16.00
   41025.535     0.943750          325        17.78
   41353.215     0.950000          327        20.00
   41484.287     0.956250          329        22.86
   41943.039     0.962500          332        26.67
   42172.415     0.968750          334        32.00
   42336.255     0.971875          335        35.56
   42401.791     0.975000          336        40.00
   42532.863     0.978125          337        45.71
   42631.167     0.981250          338        53.33
   42762.239     0.984375          339        64.00
   42827.775     0.985938          340        71.11
   42827.775     0.987500          340        80.00
   42991.615     0.989062          341        91.43
   42991.615     0.990625          341       106.67
   43155.455     0.992188          342       128.00
   43155.455     0.992969          342       142.22
   43155.455     0.993750          342       160.00
   43220.991     0.994531          343       182.86
   43220.991     0.995313          343       213.33
   43220.991     0.996094          343       256.00
   43220.991     0.996484          343       284.44
   43220.991     0.996875          343       320.00
   43352.063     0.997266          344       365.71
   43352.063     1.000000          344          inf
#[Mean    =    25222.132, StdDeviation   =    10279.251]
#[Max     =    43319.296, Total count    =          344]
#[Buckets =           27, SubBuckets     =         2048]
-----------------------------------------------------------------------
  415 requests in 1.00m, 126.80KB read
Requests/sec:      6.92  
Transfer/sec:      2.11KB
