Running 1m test @ http://10.110.188.59/?loopCount=25&base=6&exp=6
  1 threads and 1 connections

  Thread calibration: mean lat.: 3386.002ms, rate sampling interval: 12410ms

-----------------------------------------------------------------------
Test Results @ http://10.110.188.59/?loopCount=25&base=6&exp=6 
  Thread Stats   Avg      Stdev     99%   +/- Stdev
    Latency    24.47s    10.24s   41.62s    57.72%
    Req/Sec     7.00      0.00     7.00    100.00%
  Latency Distribution (HdrHistogram - Recorded Latency)
 50.000%   24.18s 
 75.000%   33.52s 
 90.000%   38.83s 
 99.000%   41.62s 
 99.900%   42.04s 
 99.990%   42.04s 
 99.999%   42.04s 
100.000%   42.04s 

  Detailed Percentile spectrum:
       Value   Percentile   TotalCount 1/(1-Percentile)

    6955.007     0.000000            1         1.00
   10199.039     0.100000           37         1.11
   13819.903     0.200000           74         1.25
   17645.567     0.300000          111         1.43
   20971.519     0.400000          148         1.67
   24182.783     0.500000          185         2.00
   25985.023     0.550000          203         2.22
   27705.343     0.600000          222         2.50
   29687.807     0.650000          240         2.86
   31440.895     0.700000          259         3.33
   33521.663     0.750000          277         4.00
   34471.935     0.775000          286         4.44
   35160.063     0.800000          296         5.00
   36012.031     0.825000          305         5.71
   37027.839     0.850000          314         6.67
   37879.807     0.875000          323         8.00
   38469.631     0.887500          328         8.89
   38961.151     0.900000          333        10.00
   39223.295     0.912500          337        11.43
   39649.279     0.925000          342        13.33
   39976.959     0.937500          346        16.00
   40140.799     0.943750          349        17.78
   40337.407     0.950000          351        20.00
   40402.943     0.956250          353        22.86
   40730.623     0.962500          356        26.67
   40894.463     0.968750          358        32.00
   40959.999     0.971875          359        35.56
   41123.839     0.975000          360        40.00
   41254.911     0.978125          361        45.71
   41484.287     0.981250          363        53.33
   41549.823     0.984375          364        64.00
   41549.823     0.985938          364        71.11
   41615.359     0.987500          365        80.00
   41615.359     0.989062          365        91.43
   41648.127     0.990625          366       106.67
   41811.967     0.992188          367       128.00
   41811.967     0.992969          367       142.22
   41811.967     0.993750          367       160.00
   41811.967     0.994531          367       182.86
   41877.503     0.995313          368       213.33
   41877.503     0.996094          368       256.00
   41877.503     0.996484          368       284.44
   41877.503     0.996875          368       320.00
   41877.503     0.997266          368       365.71
   42041.343     0.997656          369       426.67
   42041.343     1.000000          369          inf
#[Mean    =    24467.822, StdDeviation   =    10241.931]
#[Max     =    42008.576, Total count    =          369]
#[Buckets =           27, SubBuckets     =         2048]
-----------------------------------------------------------------------
  446 requests in 1.00m, 136.24KB read
Requests/sec:      7.43  
Transfer/sec:      2.27KB
