Running 1m test @ http://10.110.188.59/?loopCount=25&base=6&exp=6
  5 threads and 5 connections

  Thread calibration: mean lat.: 110.815ms, rate sampling interval: 485ms
  Thread calibration: mean lat.: 165.585ms, rate sampling interval: 651ms
  Thread calibration: mean lat.: 109.001ms, rate sampling interval: 484ms
  Thread calibration: mean lat.: 180.583ms, rate sampling interval: 737ms
  Thread calibration: mean lat.: 117.513ms, rate sampling interval: 501ms

-----------------------------------------------------------------------
Test Results @ http://10.110.188.59/?loopCount=25&base=6&exp=6 
  Thread Stats   Avg      Stdev     99%   +/- Stdev
    Latency   144.19ms  111.31ms 523.01ms   85.15%
    Req/Sec     9.56      2.32    16.00     82.81%
  Latency Distribution (HdrHistogram - Recorded Latency)
 50.000%  133.38ms
 75.000%  189.57ms
 90.000%  284.67ms
 99.000%  523.01ms
 99.900%  753.15ms
 99.990%  852.48ms
 99.999%  852.48ms
100.000%  852.48ms

  Detailed Percentile spectrum:
       Value   Percentile   TotalCount 1/(1-Percentile)

      22.623     0.000000            1         1.00
      40.703     0.100000          260         1.11
      41.343     0.200000          504         1.25
      47.967     0.300000          750         1.43
      90.431     0.400000         1000         1.67
     133.375     0.500000         1249         2.00
     146.303     0.550000         1374         2.22
     149.887     0.600000         1503         2.50
     154.879     0.650000         1624         2.86
     162.687     0.700000         1750         3.33
     189.567     0.750000         1874         4.00
     201.215     0.775000         1937         4.44
     241.023     0.800000         2000         5.00
     247.167     0.825000         2061         5.71
     253.055     0.850000         2124         6.67
     259.967     0.875000         2187         8.00
     267.519     0.887500         2217         8.89
     285.695     0.900000         2249        10.00
     295.679     0.912500         2280        11.43
     341.247     0.925000         2312        13.33
     347.135     0.937500         2343        16.00
     349.439     0.943750         2358        17.78
     352.511     0.950000         2374        20.00
     359.679     0.956250         2389        22.86
     383.743     0.962500         2405        26.67
     397.567     0.968750         2420        32.00
     431.615     0.971875         2428        35.56
     445.695     0.975000         2436        40.00
     449.791     0.978125         2444        45.71
     455.423     0.981250         2452        53.33
     458.751     0.984375         2459        64.00
     463.103     0.985938         2463        71.11
     490.239     0.987500         2467        80.00
     498.431     0.989062         2471        91.43
     544.767     0.990625         2475       106.67
     553.471     0.992188         2479       128.00
     555.007     0.992969         2481       142.22
     558.079     0.993750         2483       160.00
     561.151     0.994531         2485       182.86
     581.631     0.995313         2487       213.33
     613.375     0.996094         2489       256.00
     641.535     0.996484         2490       284.44
     652.287     0.996875         2491       320.00
     657.407     0.997266         2492       365.71
     672.255     0.997656         2493       426.67
     732.159     0.998047         2494       512.00
     732.159     0.998242         2494       568.89
     744.959     0.998437         2495       640.00
     744.959     0.998633         2495       731.43
     753.151     0.998828         2496       853.33
     753.151     0.999023         2496      1024.00
     753.151     0.999121         2496      1137.78
     792.063     0.999219         2497      1280.00
     792.063     0.999316         2497      1462.86
     792.063     0.999414         2497      1706.67
     792.063     0.999512         2497      2048.00
     792.063     0.999561         2497      2275.56
     852.479     0.999609         2498      2560.00
     852.479     1.000000         2498          inf
#[Mean    =      144.185, StdDeviation   =      111.313]
#[Max     =      851.968, Total count    =         2498]
#[Buckets =           27, SubBuckets     =         2048]
-----------------------------------------------------------------------
  2987 requests in 1.00m, 0.89MB read
Requests/sec:     49.78  
Transfer/sec:     15.18KB
