Running 1m test @ http://10.110.188.59/?loopCount=25&base=6&exp=6
  5 threads and 5 connections

  Thread calibration: mean lat.: 505.859ms, rate sampling interval: 1934ms
  Thread calibration: mean lat.: 739.795ms, rate sampling interval: 1926ms
  Thread calibration: mean lat.: 700.066ms, rate sampling interval: 2246ms
  Thread calibration: mean lat.: 757.601ms, rate sampling interval: 2580ms
  Thread calibration: mean lat.: 1024.993ms, rate sampling interval: 3495ms

-----------------------------------------------------------------------
Test Results @ http://10.110.188.59/?loopCount=25&base=6&exp=6 
  Thread Stats   Avg      Stdev     99%   +/- Stdev
    Latency     4.50s     2.46s    9.66s    62.29%
    Req/Sec    12.49      2.07    17.00     82.86%
  Latency Distribution (HdrHistogram - Recorded Latency)
 50.000%    4.16s 
 75.000%    5.96s 
 90.000%    8.65s 
 99.000%    9.66s 
 99.900%    9.88s 
 99.990%    9.93s 
 99.999%    9.93s 
100.000%    9.93s 

  Detailed Percentile spectrum:
       Value   Percentile   TotalCount 1/(1-Percentile)

     579.583     0.000000            1         1.00
    1653.759     0.100000          326         1.11
    2079.743     0.200000          652         1.25
    2709.503     0.300000          977         1.43
    3579.903     0.400000         1303         1.67
    4155.391     0.500000         1628         2.00
    4407.295     0.550000         1791         2.22
    4800.511     0.600000         1958         2.50
    5107.711     0.650000         2122         2.86
    5464.063     0.700000         2280         3.33
    5959.679     0.750000         2443         4.00
    6389.759     0.775000         2526         4.44
    6811.647     0.800000         2605         5.00
    7110.655     0.825000         2688         5.71
    7688.191     0.850000         2768         6.67
    8126.463     0.875000         2849         8.00
    8527.871     0.887500         2894         8.89
    8667.135     0.900000         2934        10.00
    8847.359     0.912500         2975        11.43
    9027.583     0.925000         3017        13.33
    9175.039     0.937500         3053        16.00
    9224.191     0.943750         3077        17.78
    9248.767     0.950000         3099        20.00
    9273.343     0.956250         3119        22.86
    9289.727     0.962500         3134        26.67
    9330.687     0.968750         3157        32.00
    9363.455     0.971875         3165        35.56
    9445.375     0.975000         3176        40.00
    9478.143     0.978125         3186        45.71
    9527.295     0.981250         3196        53.33
    9576.447     0.984375         3206        64.00
    9601.023     0.985938         3213        71.11
    9625.599     0.987500         3217        80.00
    9650.175     0.989062         3221        91.43
    9666.559     0.990625         3226       106.67
    9699.327     0.992188         3232       128.00
    9715.711     0.992969         3236       142.22
    9715.711     0.993750         3236       160.00
    9740.287     0.994531         3241       182.86
    9740.287     0.995313         3241       213.33
    9756.671     0.996094         3244       256.00
    9764.863     0.996484         3246       284.44
    9764.863     0.996875         3246       320.00
    9781.247     0.997266         3248       365.71
    9789.439     0.997656         3249       426.67
    9805.823     0.998047         3250       512.00
    9830.399     0.998242         3251       568.89
    9830.399     0.998437         3251       640.00
    9854.975     0.998633         3252       731.43
    9879.551     0.998828         3253       853.33
    9879.551     0.999023         3253      1024.00
    9887.743     0.999121         3254      1137.78
    9887.743     0.999219         3254      1280.00
    9887.743     0.999316         3254      1462.86
    9904.127     0.999414         3255      1706.67
    9904.127     0.999512         3255      2048.00
    9904.127     0.999561         3255      2275.56
    9904.127     0.999609         3255      2560.00
    9904.127     0.999658         3255      2925.71
    9928.703     0.999707         3256      3413.33
    9928.703     1.000000         3256          inf
#[Mean    =     4503.503, StdDeviation   =     2456.782]
#[Max     =     9920.512, Total count    =         3256]
#[Buckets =           27, SubBuckets     =         2048]
-----------------------------------------------------------------------
  3898 requests in 1.00m, 1.16MB read
Requests/sec:     64.96  
Transfer/sec:     19.81KB
