Running 1m test @ http://10.110.188.59/?loopCount=25&base=6&exp=6
  5 threads and 5 connections

  Thread calibration: mean lat.: 106.026ms, rate sampling interval: 369ms
  Thread calibration: mean lat.: 113.620ms, rate sampling interval: 490ms
  Thread calibration: mean lat.: 82.823ms, rate sampling interval: 309ms
  Thread calibration: mean lat.: 94.908ms, rate sampling interval: 323ms
  Thread calibration: mean lat.: 113.468ms, rate sampling interval: 391ms

-----------------------------------------------------------------------
Test Results @ http://10.110.188.59/?loopCount=25&base=6&exp=6 
  Thread Stats   Avg      Stdev     99%   +/- Stdev
    Latency   209.51ms  217.10ms 983.04ms   86.97%
    Req/Sec     9.53      3.03    17.00     84.54%
  Latency Distribution (HdrHistogram - Recorded Latency)
 50.000%  150.01ms
 75.000%  251.39ms
 90.000%  540.67ms
 99.000%  983.04ms
 99.900%    1.25s 
 99.990%    1.26s 
 99.999%    1.26s 
100.000%    1.26s 

  Detailed Percentile spectrum:
       Value   Percentile   TotalCount 1/(1-Percentile)

      21.791     0.000000            1         1.00
      40.863     0.100000          251         1.11
      42.079     0.200000          505         1.25
      79.167     0.300000          749         1.43
     102.271     0.400000          998         1.67
     150.015     0.500000         1250         2.00
     154.367     0.550000         1375         2.22
     161.407     0.600000         1497         2.50
     187.647     0.650000         1623         2.86
     232.191     0.700000         1746         3.33
     251.391     0.750000         1871         4.00
     260.351     0.775000         1934         4.44
     284.159     0.800000         1997         5.00
     342.783     0.825000         2058         5.71
     359.423     0.850000         2120         6.67
     447.487     0.875000         2183         8.00
     464.127     0.887500         2214         8.89
     540.671     0.900000         2245        10.00
     563.199     0.912500         2276        11.43
     626.687     0.925000         2307        13.33
     660.991     0.937500         2339        16.00
     682.495     0.943750         2354        17.78
     698.879     0.950000         2370        20.00
     744.447     0.956250         2385        22.86
     755.199     0.962500         2401        26.67
     845.823     0.968750         2417        32.00
     862.207     0.971875         2424        35.56
     895.487     0.975000         2433        40.00
     932.351     0.978125         2440        45.71
     950.271     0.981250         2448        53.33
     955.391     0.984375         2457        64.00
     957.439     0.985938         2459        71.11
     962.047     0.987500         2463        80.00
     971.263     0.989062         2467        91.43
    1010.175     0.990625         2471       106.67
    1041.407     0.992188         2475       128.00
    1051.647     0.992969         2477       142.22
    1053.695     0.993750         2479       160.00
    1071.103     0.994531         2481       182.86
    1085.439     0.995313         2483       213.33
    1131.519     0.996094         2485       256.00
    1141.759     0.996484         2487       284.44
    1141.759     0.996875         2487       320.00
    1145.855     0.997266         2488       365.71
    1154.047     0.997656         2489       426.67
    1188.863     0.998047         2490       512.00
    1188.863     0.998242         2490       568.89
    1202.175     0.998437         2491       640.00
    1202.175     0.998633         2491       731.43
    1245.183     0.998828         2492       853.33
    1245.183     0.999023         2492      1024.00
    1245.183     0.999121         2492      1137.78
    1248.255     0.999219         2493      1280.00
    1248.255     0.999316         2493      1462.86
    1248.255     0.999414         2493      1706.67
    1248.255     0.999512         2493      2048.00
    1248.255     0.999561         2493      2275.56
    1262.591     0.999609         2494      2560.00
    1262.591     1.000000         2494          inf
#[Mean    =      209.514, StdDeviation   =      217.098]
#[Max     =     1261.568, Total count    =         2494]
#[Buckets =           27, SubBuckets     =         2048]
-----------------------------------------------------------------------
  2985 requests in 1.00m, 0.89MB read
Requests/sec:     49.75  
Transfer/sec:     15.17KB
