Running 1m test @ http://10.110.188.59/?loopCount=25&base=6&exp=6
  1 threads and 1 connections

  Thread calibration: mean lat.: 2797.412ms, rate sampling interval: 12156ms

-----------------------------------------------------------------------
Test Results @ http://10.110.188.59/?loopCount=25&base=6&exp=6 
  Thread Stats   Avg      Stdev     99%   +/- Stdev
    Latency    25.54s    10.52s   43.38s    57.10%
    Req/Sec     6.00      0.00     6.00    100.00%
  Latency Distribution (HdrHistogram - Recorded Latency)
 50.000%   25.35s 
 75.000%   34.70s 
 90.000%   39.98s 
 99.000%   43.38s 
 99.900%   43.88s 
 99.990%   43.88s 
 99.999%   43.88s 
100.000%   43.88s 

  Detailed Percentile spectrum:
       Value   Percentile   TotalCount 1/(1-Percentile)

    7348.223     0.000000            1         1.00
   11231.231     0.100000           34         1.11
   14409.727     0.200000           67         1.25
   18006.015     0.300000          100         1.43
   21495.807     0.400000          133         1.67
   25346.047     0.500000          166         2.00
   27181.055     0.550000          183         2.22
   29540.351     0.600000          199         2.50
   31866.879     0.650000          216         2.86
   33243.135     0.700000          232         3.33
   34766.847     0.750000          249         4.00
   35454.975     0.775000          257         4.44
   36306.943     0.800000          265         5.00
   37257.215     0.825000          274         5.71
   38240.255     0.850000          282         6.67
   39223.295     0.875000          290         8.00
   39649.279     0.887500          294         8.89
   39976.959     0.900000          298        10.00
   40501.247     0.912500          303        11.43
   40894.463     0.925000          307        13.33
   41189.375     0.937500          311        16.00
   41385.983     0.943750          313        17.78
   41549.823     0.950000          315        20.00
   41844.735     0.956250          317        22.86
   41975.807     0.962500          319        26.67
   42270.719     0.968750          321        32.00
   42434.559     0.971875          322        35.56
   42598.399     0.975000          323        40.00
   42663.935     0.978125          324        45.71
   42827.775     0.981250          325        53.33
   43057.151     0.984375          326        64.00
   43220.991     0.985938          327        71.11
   43220.991     0.987500          327        80.00
   43384.831     0.989062          328        91.43
   43384.831     0.990625          328       106.67
   43646.975     0.992188          329       128.00
   43646.975     0.992969          329       142.22
   43646.975     0.993750          329       160.00
   43810.815     0.994531          330       182.86
   43810.815     0.995313          330       213.33
   43810.815     0.996094          330       256.00
   43810.815     0.996484          330       284.44
   43810.815     0.996875          330       320.00
   43876.351     0.997266          331       365.71
   43876.351     1.000000          331          inf
#[Mean    =    25537.954, StdDeviation   =    10517.325]
#[Max     =    43843.584, Total count    =          331]
#[Buckets =           27, SubBuckets     =         2048]
-----------------------------------------------------------------------
  403 requests in 1.00m, 123.13KB read
Requests/sec:      6.72  
Transfer/sec:      2.05KB
