Running 1m test @ http://10.110.188.59/?loopCount=25&base=6&exp=6
  5 threads and 5 connections

  Thread calibration: mean lat.: 1176.708ms, rate sampling interval: 4206ms
  Thread calibration: mean lat.: 924.115ms, rate sampling interval: 3188ms
  Thread calibration: mean lat.: 842.762ms, rate sampling interval: 3237ms
  Thread calibration: mean lat.: 1109.571ms, rate sampling interval: 3528ms
  Thread calibration: mean lat.: 981.019ms, rate sampling interval: 3469ms

-----------------------------------------------------------------------
Test Results @ http://10.110.188.59/?loopCount=25&base=6&exp=6 
  Thread Stats   Avg      Stdev     99%   +/- Stdev
    Latency     5.94s     2.65s   12.80s    61.49%
    Req/Sec    11.97      1.69    15.00     86.96%
  Latency Distribution (HdrHistogram - Recorded Latency)
 50.000%    5.96s 
 75.000%    7.82s 
 90.000%    9.28s 
 99.000%   12.80s 
 99.900%   13.48s 
 99.990%   13.55s 
 99.999%   13.55s 
100.000%   13.55s 

  Detailed Percentile spectrum:
       Value   Percentile   TotalCount 1/(1-Percentile)

    1302.527     0.000000            1         1.00
    2547.711     0.100000          313         1.11
    3217.407     0.200000          626         1.25
    4247.551     0.300000          937         1.43
    4939.775     0.400000         1250         1.67
    5955.583     0.500000         1562         2.00
    6242.303     0.550000         1717         2.22
    6578.175     0.600000         1874         2.50
    7090.175     0.650000         2029         2.86
    7368.703     0.700000         2186         3.33
    7819.263     0.750000         2342         4.00
    8138.751     0.775000         2421         4.44
    8355.839     0.800000         2497         5.00
    8560.639     0.825000         2575         5.71
    8790.015     0.850000         2657         6.67
    9060.351     0.875000         2732         8.00
    9191.423     0.887500         2775         8.89
    9281.535     0.900000         2809        10.00
    9428.991     0.912500         2848        11.43
    9650.175     0.925000         2888        13.33
    9863.167     0.937500         2926        16.00
   10092.543     0.943750         2946        17.78
   10379.263     0.950000         2966        20.00
   10600.447     0.956250         2987        22.86
   10690.559     0.962500         3005        26.67
   11591.679     0.968750         3024        32.00
   11804.671     0.971875         3034        35.56
   11976.703     0.975000         3044        40.00
   12034.047     0.978125         3053        45.71
   12197.887     0.981250         3063        53.33
   12312.575     0.984375         3073        64.00
   12402.687     0.985938         3078        71.11
   12484.607     0.987500         3082        80.00
   12656.639     0.989062         3087        91.43
   12853.247     0.990625         3092       106.67
   12935.167     0.992188         3097       128.00
   12976.127     0.992969         3100       142.22
   13033.471     0.993750         3102       160.00
   13107.199     0.994531         3104       182.86
   13303.807     0.995313         3107       213.33
   13328.383     0.996094         3109       256.00
   13352.959     0.996484         3112       284.44
   13352.959     0.996875         3112       320.00
   13377.535     0.997266         3113       365.71
   13402.111     0.997656         3114       426.67
   13434.879     0.998047         3115       512.00
   13459.455     0.998242         3116       568.89
   13475.839     0.998437         3117       640.00
   13475.839     0.998633         3117       731.43
   13484.031     0.998828         3118       853.33
   13484.031     0.999023         3118      1024.00
   13500.415     0.999121         3119      1137.78
   13500.415     0.999219         3119      1280.00
   13500.415     0.999316         3119      1462.86
   13524.991     0.999414         3120      1706.67
   13524.991     0.999512         3120      2048.00
   13524.991     0.999561         3120      2275.56
   13524.991     0.999609         3120      2560.00
   13524.991     0.999658         3120      2925.71
   13549.567     0.999707         3121      3413.33
   13549.567     1.000000         3121          inf
#[Mean    =     5936.029, StdDeviation   =     2648.260]
#[Max     =    13541.376, Total count    =         3121]
#[Buckets =           27, SubBuckets     =         2048]
-----------------------------------------------------------------------
  3717 requests in 1.00m, 1.11MB read
Requests/sec:     61.94  
Transfer/sec:     18.89KB
