Running 1m test @ http://10.110.188.59/?loopCount=25&base=6&exp=6
  5 threads and 5 connections

  Thread calibration: mean lat.: 178.930ms, rate sampling interval: 792ms
  Thread calibration: mean lat.: 162.816ms, rate sampling interval: 608ms
  Thread calibration: mean lat.: 173.217ms, rate sampling interval: 864ms
  Thread calibration: mean lat.: 137.824ms, rate sampling interval: 518ms
  Thread calibration: mean lat.: 126.931ms, rate sampling interval: 512ms

-----------------------------------------------------------------------
Test Results @ http://10.110.188.59/?loopCount=25&base=6&exp=6 
  Thread Stats   Avg      Stdev     99%   +/- Stdev
    Latency   186.59ms  153.57ms 752.13ms   83.82%
    Req/Sec     9.43      2.36    15.00     78.99%
  Latency Distribution (HdrHistogram - Recorded Latency)
 50.000%  156.16ms
 75.000%  257.02ms
 90.000%  388.86ms
 99.000%  752.13ms
 99.900%  855.04ms
 99.990%  963.58ms
 99.999%  963.58ms
100.000%  963.58ms

  Detailed Percentile spectrum:
       Value   Percentile   TotalCount 1/(1-Percentile)

      22.127     0.000000            1         1.00
      40.831     0.100000          251         1.11
      41.983     0.200000          504         1.25
      90.815     0.300000          751         1.43
     113.023     0.400000         1002         1.67
     156.159     0.500000         1252         2.00
     159.615     0.550000         1378         2.22
     167.551     0.600000         1503         2.50
     193.663     0.650000         1627         2.86
     234.751     0.700000         1753         3.33
     257.023     0.750000         1880         4.00
     263.679     0.775000         1942         4.44
     274.943     0.800000         2003         5.00
     298.751     0.825000         2066         5.71
     349.439     0.850000         2128         6.67
     358.143     0.875000         2192         8.00
     364.543     0.887500         2224         8.89
     388.863     0.900000         2254        10.00
     409.343     0.912500         2285        11.43
     451.583     0.925000         2318        13.33
     460.799     0.937500         2347        16.00
     468.991     0.943750         2363        17.78
     477.183     0.950000         2378        20.00
     511.487     0.956250         2394        22.86
     552.447     0.962500         2411        26.67
     563.199     0.968750         2426        32.00
     573.951     0.971875         2433        35.56
     608.255     0.975000         2441        40.00
     653.311     0.978125         2449        45.71
     665.599     0.981250         2457        53.33
     680.959     0.984375         2464        64.00
     697.855     0.985938         2468        71.11
     711.679     0.987500         2472        80.00
     749.567     0.989062         2476        91.43
     757.759     0.990625         2480       106.67
     767.999     0.992188         2484       128.00
     772.095     0.992969         2486       142.22
     779.263     0.993750         2488       160.00
     782.335     0.994531         2490       182.86
     788.991     0.995313         2492       213.33
     794.623     0.996094         2494       256.00
     805.375     0.996484         2495       284.44
     843.775     0.996875         2496       320.00
     849.407     0.997266         2497       365.71
     852.479     0.997656         2498       426.67
     853.503     0.998047         2499       512.00
     853.503     0.998242         2499       568.89
     855.039     0.998437         2500       640.00
     855.039     0.998633         2500       731.43
     864.767     0.998828         2501       853.33
     864.767     0.999023         2501      1024.00
     864.767     0.999121         2501      1137.78
     903.679     0.999219         2502      1280.00
     903.679     0.999316         2502      1462.86
     903.679     0.999414         2502      1706.67
     903.679     0.999512         2502      2048.00
     903.679     0.999561         2502      2275.56
     963.583     0.999609         2503      2560.00
     963.583     1.000000         2503          inf
#[Mean    =      186.592, StdDeviation   =      153.571]
#[Max     =      963.072, Total count    =         2503]
#[Buckets =           27, SubBuckets     =         2048]
-----------------------------------------------------------------------
  2991 requests in 1.00m, 0.89MB read
Requests/sec:     49.84  
Transfer/sec:     15.20KB
