Running 1m test @ http://10.110.188.59/?loopCount=25&base=6&exp=6
  5 threads and 5 connections

  Thread calibration: mean lat.: 1237.646ms, rate sampling interval: 4575ms
  Thread calibration: mean lat.: 823.970ms, rate sampling interval: 2340ms
  Thread calibration: mean lat.: 649.937ms, rate sampling interval: 1852ms
  Thread calibration: mean lat.: 938.282ms, rate sampling interval: 4042ms
  Thread calibration: mean lat.: 1461.194ms, rate sampling interval: 5337ms

-----------------------------------------------------------------------
Test Results @ http://10.110.188.59/?loopCount=25&base=6&exp=6 
  Thread Stats   Avg      Stdev     99%   +/- Stdev
    Latency     6.34s     2.78s   11.51s    63.34%
    Req/Sec    11.69      1.87    16.00     85.90%
  Latency Distribution (HdrHistogram - Recorded Latency)
 50.000%    6.18s 
 75.000%    8.41s 
 90.000%   10.53s 
 99.000%   11.51s 
 99.900%   11.89s 
 99.990%   12.10s 
 99.999%   12.10s 
100.000%   12.10s 

  Detailed Percentile spectrum:
       Value   Percentile   TotalCount 1/(1-Percentile)

     790.015     0.000000            1         1.00
    2871.295     0.100000          309         1.11
    3764.223     0.200000          617         1.25
    4706.303     0.300000          925         1.43
    5337.087     0.400000         1234         1.67
    6180.863     0.500000         1542         2.00
    6795.263     0.550000         1697         2.22
    7237.631     0.600000         1850         2.50
    7700.479     0.650000         2005         2.86
    7962.623     0.700000         2159         3.33
    8413.183     0.750000         2312         4.00
    8699.903     0.775000         2389         4.44
    9043.967     0.800000         2469         5.00
    9224.191     0.825000         2545         5.71
    9650.175     0.850000         2620         6.67
   10158.079     0.875000         2697         8.00
   10428.415     0.887500         2738         8.89
   10526.719     0.900000         2774        10.00
   10608.639     0.912500         2817        11.43
   10657.791     0.925000         2854        13.33
   10706.943     0.937500         2892        16.00
   10747.903     0.943750         2912        17.78
   10772.479     0.950000         2930        20.00
   10813.439     0.956250         2950        22.86
   10878.975     0.962500         2968        26.67
   10960.895     0.968750         2986        32.00
   11075.583     0.971875         2996        35.56
   11124.735     0.975000         3006        40.00
   11165.695     0.978125         3015        45.71
   11223.039     0.981250         3025        53.33
   11296.767     0.984375         3034        64.00
   11362.303     0.985938         3039        71.11
   11436.031     0.987500         3044        80.00
   11501.567     0.989062         3050        91.43
   11526.143     0.990625         3054       106.67
   11583.487     0.992188         3058       128.00
   11608.063     0.992969         3061       142.22
   11632.639     0.993750         3063       160.00
   11657.215     0.994531         3066       182.86
   11673.599     0.995313         3068       213.33
   11722.751     0.996094         3070       256.00
   11739.135     0.996484         3072       284.44
   11763.711     0.996875         3073       320.00
   11788.287     0.997266         3074       365.71
   11862.015     0.997656         3076       426.67
   11862.015     0.998047         3076       512.00
   11878.399     0.998242         3078       568.89
   11878.399     0.998437         3078       640.00
   11878.399     0.998633         3078       731.43
   11886.591     0.998828         3079       853.33
   11886.591     0.999023         3079      1024.00
   11894.783     0.999121         3080      1137.78
   11894.783     0.999219         3080      1280.00
   11894.783     0.999316         3080      1462.86
   11911.167     0.999414         3081      1706.67
   11911.167     0.999512         3081      2048.00
   11911.167     0.999561         3081      2275.56
   11911.167     0.999609         3081      2560.00
   11911.167     0.999658         3081      2925.71
   12099.583     0.999707         3082      3413.33
   12099.583     1.000000         3082          inf
#[Mean    =     6335.543, StdDeviation   =     2780.644]
#[Max     =    12091.392, Total count    =         3082]
#[Buckets =           27, SubBuckets     =         2048]
-----------------------------------------------------------------------
  3685 requests in 1.00m, 1.10MB read
Requests/sec:     61.41  
Transfer/sec:     18.73KB
