Running 1m test @ http://10.110.211.94/?loopCount=25&base=6&exp=6
  5 threads and 5 connections

  Thread calibration: mean lat.: 99.596ms, rate sampling interval: 422ms
  Thread calibration: mean lat.: 75.864ms, rate sampling interval: 246ms
  Thread calibration: mean lat.: 94.618ms, rate sampling interval: 409ms
  Thread calibration: mean lat.: 93.673ms, rate sampling interval: 416ms
  Thread calibration: mean lat.: 128.250ms, rate sampling interval: 614ms

-----------------------------------------------------------------------
Test Results @ http://10.110.211.94/?loopCount=25&base=6&exp=6 
  Thread Stats   Avg      Stdev     99%   +/- Stdev
    Latency   104.77ms   68.31ms 332.54ms   83.49%
    Req/Sec     9.64      2.25    16.00     92.08%
  Latency Distribution (HdrHistogram - Recorded Latency)
 50.000%   81.28ms
 75.000%  124.35ms
 90.000%  210.30ms
 99.000%  332.54ms
 99.900%  417.28ms
 99.990%  422.91ms
 99.999%  422.91ms
100.000%  422.91ms

  Detailed Percentile spectrum:
       Value   Percentile   TotalCount 1/(1-Percentile)

      22.975     0.000000            1         1.00
      41.535     0.100000          252         1.11
      49.439     0.200000          501         1.25
      57.439     0.300000          755         1.43
      65.503     0.400000         1003         1.67
      81.279     0.500000         1252         2.00
     104.959     0.550000         1379         2.22
     107.327     0.600000         1501         2.50
     113.471     0.650000         1626         2.86
     116.159     0.700000         1752         3.33
     124.351     0.750000         1877         4.00
     130.431     0.775000         1939         4.44
     139.647     0.800000         2002         5.00
     154.879     0.825000         2064         5.71
     172.287     0.850000         2126         6.67
     204.799     0.875000         2190         8.00
     206.975     0.887500         2221         8.89
     210.303     0.900000         2251        10.00
     212.479     0.912500         2283        11.43
     215.935     0.925000         2314        13.33
     222.847     0.937500         2345        16.00
     225.023     0.943750         2361        17.78
     229.887     0.950000         2376        20.00
     242.943     0.956250         2392        22.86
     257.407     0.962500         2408        26.67
     274.175     0.968750         2423        32.00
     304.639     0.971875         2431        35.56
     306.431     0.975000         2439        40.00
     311.551     0.978125         2447        45.71
     314.367     0.981250         2455        53.33
     318.463     0.984375         2463        64.00
     322.047     0.985938         2466        71.11
     325.119     0.987500         2470        80.00
     331.519     0.989062         2474        91.43
     338.431     0.990625         2478       106.67
     348.671     0.992188         2482       128.00
     356.095     0.992969         2484       142.22
     357.631     0.993750         2486       160.00
     360.447     0.994531         2488       182.86
     379.135     0.995313         2490       213.33
     404.223     0.996094         2492       256.00
     404.479     0.996484         2493       284.44
     406.783     0.996875         2494       320.00
     409.343     0.997266         2495       365.71
     412.927     0.997656         2496       426.67
     413.183     0.998047         2497       512.00
     413.183     0.998242         2497       568.89
     417.279     0.998437         2498       640.00
     417.279     0.998633         2498       731.43
     419.583     0.998828         2499       853.33
     419.583     0.999023         2499      1024.00
     419.583     0.999121         2499      1137.78
     422.655     0.999219         2500      1280.00
     422.655     0.999316         2500      1462.86
     422.655     0.999414         2500      1706.67
     422.655     0.999512         2500      2048.00
     422.655     0.999561         2500      2275.56
     422.911     0.999609         2501      2560.00
     422.911     1.000000         2501          inf
#[Mean    =      104.767, StdDeviation   =       68.310]
#[Max     =      422.656, Total count    =         2501]
#[Buckets =           27, SubBuckets     =         2048]
-----------------------------------------------------------------------
  2992 requests in 1.00m, 0.89MB read
Requests/sec:     49.86  
Transfer/sec:     15.21KB
