Running 1m test @ http://10.110.211.94/?loopCount=25&base=6&exp=6
  5 threads and 5 connections

  Thread calibration: mean lat.: 515.304ms, rate sampling interval: 1647ms
  Thread calibration: mean lat.: 478.960ms, rate sampling interval: 1938ms
  Thread calibration: mean lat.: 381.035ms, rate sampling interval: 1286ms
  Thread calibration: mean lat.: 216.692ms, rate sampling interval: 929ms
  Thread calibration: mean lat.: 494.186ms, rate sampling interval: 1641ms

-----------------------------------------------------------------------
Test Results @ http://10.110.211.94/?loopCount=25&base=6&exp=6 
  Thread Stats   Avg      Stdev     99%   +/- Stdev
    Latency     3.14s     2.05s   10.56s    77.55%
    Req/Sec    13.05      2.49    19.00     86.93%
  Latency Distribution (HdrHistogram - Recorded Latency)
 50.000%    2.83s 
 75.000%    3.82s 
 90.000%    5.71s 
 99.000%   10.56s 
 99.900%   11.07s 
 99.990%   11.11s 
 99.999%   11.11s 
100.000%   11.11s 

  Detailed Percentile spectrum:
       Value   Percentile   TotalCount 1/(1-Percentile)

      35.967     0.000000            1         1.00
     990.719     0.100000          338         1.11
    1615.871     0.200000          675         1.25
    1966.079     0.300000         1012         1.43
    2430.975     0.400000         1349         1.67
    2830.335     0.500000         1687         2.00
    2969.599     0.550000         1858         2.22
    3280.895     0.600000         2024         2.50
    3477.503     0.650000         2194         2.86
    3590.143     0.700000         2361         3.33
    3821.567     0.750000         2529         4.00
    3911.679     0.775000         2616         4.44
    4020.223     0.800000         2698         5.00
    4206.591     0.825000         2782         5.71
    4607.999     0.850000         2867         6.67
    5038.079     0.875000         2951         8.00
    5242.879     0.887500         2993         8.89
    5709.823     0.900000         3035        10.00
    5976.063     0.912500         3078        11.43
    6246.399     0.925000         3120        13.33
    6578.175     0.937500         3162        16.00
    6885.375     0.943750         3183        17.78
    7282.687     0.950000         3204        20.00
    7974.911     0.956250         3225        22.86
    8904.703     0.962500         3246        26.67
    9453.567     0.968750         3267        32.00
    9609.215     0.971875         3278        35.56
    9674.751     0.975000         3289        40.00
    9756.671     0.978125         3300        45.71
    9830.399     0.981250         3309        53.33
    9953.279     0.984375         3320        64.00
   10190.847     0.985938         3325        71.11
   10362.879     0.987500         3330        80.00
   10493.951     0.989062         3336        91.43
   10616.831     0.990625         3341       106.67
   10797.055     0.992188         3346       128.00
   10903.551     0.992969         3349       142.22
   10936.319     0.993750         3352       160.00
   10952.703     0.994531         3354       182.86
   10985.471     0.995313         3358       213.33
   11001.855     0.996094         3359       256.00
   11018.239     0.996484         3361       284.44
   11026.431     0.996875         3363       320.00
   11026.431     0.997266         3363       365.71
   11051.007     0.997656         3367       426.67
   11051.007     0.998047         3367       512.00
   11051.007     0.998242         3367       568.89
   11051.007     0.998437         3367       640.00
   11067.391     0.998633         3369       731.43
   11067.391     0.998828         3369       853.33
   11067.391     0.999023         3369      1024.00
   11083.775     0.999121         3371      1137.78
   11083.775     0.999219         3371      1280.00
   11083.775     0.999316         3371      1462.86
   11083.775     0.999414         3371      1706.67
   11083.775     0.999512         3371      2048.00
   11083.775     0.999561         3371      2275.56
   11083.775     0.999609         3371      2560.00
   11083.775     0.999658         3371      2925.71
   11108.351     0.999707         3372      3413.33
   11108.351     1.000000         3372          inf
#[Mean    =     3141.225, StdDeviation   =     2051.387]
#[Max     =    11100.160, Total count    =         3372]
#[Buckets =           27, SubBuckets     =         2048]
-----------------------------------------------------------------------
  4068 requests in 1.00m, 1.21MB read
Requests/sec:     67.80  
Transfer/sec:     20.67KB
