Running 1m test @ http://10.110.211.94/?loopCount=25&base=6&exp=6
  5 threads and 5 connections

  Thread calibration: mean lat.: 781.019ms, rate sampling interval: 2699ms
  Thread calibration: mean lat.: 959.628ms, rate sampling interval: 3284ms
  Thread calibration: mean lat.: 834.506ms, rate sampling interval: 2865ms
  Thread calibration: mean lat.: 1295.818ms, rate sampling interval: 4444ms
  Thread calibration: mean lat.: 805.339ms, rate sampling interval: 3033ms

-----------------------------------------------------------------------
Test Results @ http://10.110.211.94/?loopCount=25&base=6&exp=6 
  Thread Stats   Avg      Stdev     99%   +/- Stdev
    Latency     3.34s     1.85s    8.82s    76.53%
    Req/Sec    13.22      1.62    17.00     85.71%
  Latency Distribution (HdrHistogram - Recorded Latency)
 50.000%    2.85s 
 75.000%    3.97s 
 90.000%    6.37s 
 99.000%    8.82s 
 99.900%    9.38s 
 99.990%    9.45s 
 99.999%    9.45s 
100.000%    9.45s 

  Detailed Percentile spectrum:
       Value   Percentile   TotalCount 1/(1-Percentile)

    1107.967     0.000000            1         1.00
    1546.239     0.100000          345         1.11
    1869.823     0.200000          688         1.25
    2103.295     0.300000         1036         1.43
    2375.679     0.400000         1377         1.67
    2848.767     0.500000         1719         2.00
    3026.943     0.550000         1891         2.22
    3182.591     0.600000         2063         2.50
    3459.071     0.650000         2236         2.86
    3694.591     0.700000         2411         3.33
    3973.119     0.750000         2579         4.00
    4493.311     0.775000         2665         4.44
    4640.767     0.800000         2751         5.00
    4743.167     0.825000         2840         5.71
    5128.191     0.850000         2923         6.67
    6053.887     0.875000         3009         8.00
    6258.687     0.887500         3052         8.89
    6369.279     0.900000         3096        10.00
    6459.391     0.912500         3140        11.43
    6688.767     0.925000         3181        13.33
    7110.655     0.937500         3224        16.00
    7278.591     0.943750         3245        17.78
    7499.775     0.950000         3267        20.00
    7610.367     0.956250         3290        22.86
    8011.775     0.962500         3310        26.67
    8220.671     0.968750         3331        32.00
    8404.991     0.971875         3345        35.56
    8445.951     0.975000         3353        40.00
    8478.719     0.978125         3364        45.71
    8503.295     0.981250         3375        53.33
    8544.255     0.984375         3385        64.00
    8626.175     0.985938         3391        71.11
    8716.287     0.987500         3396        80.00
    8773.631     0.989062         3401        91.43
    8880.127     0.990625         3407       106.67
    8937.471     0.992188         3412       128.00
    8978.431     0.992969         3414       142.22
    9060.351     0.993750         3417       160.00
    9084.927     0.994531         3420       182.86
    9109.503     0.995313         3423       213.33
    9191.423     0.996094         3425       256.00
    9215.999     0.996484         3426       284.44
    9281.535     0.996875         3428       320.00
    9338.879     0.997266         3430       365.71
    9338.879     0.997656         3430       426.67
    9355.263     0.998047         3432       512.00
    9355.263     0.998242         3432       568.89
    9371.647     0.998437         3434       640.00
    9371.647     0.998633         3434       731.43
    9371.647     0.998828         3434       853.33
    9379.839     0.999023         3435      1024.00
    9379.839     0.999121         3435      1137.78
    9396.223     0.999219         3436      1280.00
    9396.223     0.999316         3436      1462.86
    9396.223     0.999414         3436      1706.67
    9420.799     0.999512         3437      2048.00
    9420.799     0.999561         3437      2275.56
    9420.799     0.999609         3437      2560.00
    9420.799     0.999658         3437      2925.71
    9420.799     0.999707         3437      3413.33
    9445.375     0.999756         3438      4096.00
    9445.375     1.000000         3438          inf
#[Mean    =     3341.446, StdDeviation   =     1854.318]
#[Max     =     9437.184, Total count    =         3438]
#[Buckets =           27, SubBuckets     =         2048]
-----------------------------------------------------------------------
  4064 requests in 1.00m, 1.21MB read
Requests/sec:     67.72  
Transfer/sec:     20.65KB
