Running 1m test @ http://10.110.211.94/?loopCount=25&base=6&exp=6
  1 threads and 1 connections

  Thread calibration: mean lat.: 556.927ms, rate sampling interval: 1995ms

-----------------------------------------------------------------------
Test Results @ http://10.110.211.94/?loopCount=25&base=6&exp=6 
  Thread Stats   Avg      Stdev     99%   +/- Stdev
    Latency     4.10s     1.77s    7.11s    56.93%
    Req/Sec    21.52      1.33    23.00     88.00%
  Latency Distribution (HdrHistogram - Recorded Latency)
 50.000%    4.12s 
 75.000%    5.61s 
 90.000%    6.49s 
 99.000%    7.11s 
 99.900%    7.20s 
 99.990%    7.20s 
 99.999%    7.20s 
100.000%    7.20s 

  Detailed Percentile spectrum:
       Value   Percentile   TotalCount 1/(1-Percentile)

    1030.143     0.000000            1         1.00
    1638.399     0.100000          111         1.11
    2138.111     0.200000          220         1.25
    2922.495     0.300000          331         1.43
    3657.727     0.400000          441         1.67
    4118.527     0.500000          548         2.00
    4476.927     0.550000          603         2.22
    4628.479     0.600000          659         2.50
    5230.591     0.650000          715         2.86
    5312.511     0.700000          769         3.33
    5611.519     0.750000          824         4.00
    5652.479     0.775000          853         4.44
    5820.415     0.800000          878         5.00
    6082.559     0.825000          909         5.71
    6111.231     0.850000          938         6.67
    6352.895     0.875000          960         8.00
    6479.871     0.887500          973         8.89
    6492.159     0.900000          987        10.00
    6610.943     0.912500         1005        11.43
    6619.135     0.925000         1016        13.33
    6729.727     0.937500         1030        16.00
    6733.823     0.943750         1035        17.78
    6819.839     0.950000         1042        20.00
    6856.703     0.956250         1050        22.86
    6864.895     0.962500         1055        26.67
    6885.375     0.968750         1062        32.00
    6967.295     0.971875         1066        35.56
    7049.215     0.975000         1073        40.00
    7049.215     0.978125         1073        45.71
    7053.311     0.981250         1078        53.33
    7061.503     0.984375         1080        64.00
    7073.791     0.985938         1081        71.11
    7090.175     0.987500         1084        80.00
    7114.751     0.989062         1088        91.43
    7114.751     0.990625         1088       106.67
    7114.751     0.992188         1088       128.00
    7139.327     0.992969         1089       142.22
    7143.423     0.993750         1090       160.00
    7163.903     0.994531         1092       182.86
    7163.903     0.995313         1092       213.33
    7163.903     0.996094         1092       256.00
    7184.383     0.996484         1093       284.44
    7184.383     0.996875         1093       320.00
    7196.671     0.997266         1094       365.71
    7196.671     0.997656         1094       426.67
    7196.671     0.998047         1094       512.00
    7200.767     0.998242         1095       568.89
    7200.767     0.998437         1095       640.00
    7200.767     0.998633         1095       731.43
    7200.767     0.998828         1095       853.33
    7200.767     0.999023         1095      1024.00
    7204.863     0.999121         1096      1137.78
    7204.863     1.000000         1096          inf
#[Mean    =     4095.457, StdDeviation   =     1766.555]
#[Max     =     7200.768, Total count    =         1096]
#[Buckets =           27, SubBuckets     =         2048]
-----------------------------------------------------------------------
  1320 requests in 1.00m, 402.19KB read
Requests/sec:     22.00  
Transfer/sec:      6.70KB
