Running 1m test @ http://10.110.211.94/?loopCount=25&base=6&exp=6
  1 threads and 1 connections

  Thread calibration: mean lat.: 407.387ms, rate sampling interval: 1445ms

-----------------------------------------------------------------------
Test Results @ http://10.110.211.94/?loopCount=25&base=6&exp=6 
  Thread Stats   Avg      Stdev     99%   +/- Stdev
    Latency     3.94s     1.94s    7.54s    64.14%
    Req/Sec    21.15      1.29    23.00    100.00%
  Latency Distribution (HdrHistogram - Recorded Latency)
 50.000%    3.68s 
 75.000%    5.67s 
 90.000%    6.83s 
 99.000%    7.54s 
 99.900%    7.59s 
 99.990%    7.59s 
 99.999%    7.59s 
100.000%    7.59s 

  Detailed Percentile spectrum:
       Value   Percentile   TotalCount 1/(1-Percentile)

     845.823     0.000000            2         1.00
    1428.479     0.100000          109         1.11
    2065.407     0.200000          217         1.25
    2398.207     0.300000          325         1.43
    2963.455     0.400000          433         1.67
    3676.159     0.500000          541         2.00
    3897.343     0.550000          597         2.22
    4362.239     0.600000          650         2.50
    4915.199     0.650000          704         2.86
    5267.455     0.700000          758         3.33
    5672.959     0.750000          813         4.00
    5840.895     0.775000          843         4.44
    5939.199     0.800000          866         5.00
    6234.111     0.825000          899         5.71
    6336.511     0.850000          921         6.67
    6561.791     0.875000          948         8.00
    6692.863     0.887500          961         8.89
    6828.031     0.900000          974        10.00
    6942.719     0.912500          991        11.43
    7098.367     0.925000         1002        13.33
    7159.807     0.937500         1018        16.00
    7176.191     0.943750         1023        17.78
    7311.359     0.950000         1029        20.00
    7409.663     0.956250         1035        22.86
    7430.143     0.962500         1042        26.67
    7475.199     0.968750         1051        32.00
    7483.391     0.971875         1057        35.56
    7483.391     0.975000         1057        40.00
    7487.487     0.978125         1059        45.71
    7491.583     0.981250         1063        53.33
    7516.159     0.984375         1067        64.00
    7516.159     0.985938         1067        71.11
    7528.447     0.987500         1069        80.00
    7536.639     0.989062         1071        91.43
    7557.119     0.990625         1072       106.67
    7577.599     0.992188         1075       128.00
    7577.599     0.992969         1075       142.22
    7581.695     0.993750         1080       160.00
    7581.695     0.994531         1080       182.86
    7581.695     0.995313         1080       213.33
    7581.695     0.996094         1080       256.00
    7581.695     0.996484         1080       284.44
    7581.695     0.996875         1080       320.00
    7581.695     0.997266         1080       365.71
    7581.695     0.997656         1080       426.67
    7581.695     0.998047         1080       512.00
    7585.791     0.998242         1082       568.89
    7585.791     1.000000         1082          inf
#[Mean    =     3943.601, StdDeviation   =     1944.119]
#[Max     =     7581.696, Total count    =         1082]
#[Buckets =           27, SubBuckets     =         2048]
-----------------------------------------------------------------------
  1310 requests in 1.00m, 399.14KB read
Requests/sec:     21.83  
Transfer/sec:      6.65KB
