Running 1m test @ http://10.110.211.94/?loopCount=25&base=6&exp=6
  5 threads and 5 connections

  Thread calibration: mean lat.: 143.829ms, rate sampling interval: 545ms
  Thread calibration: mean lat.: 969.507ms, rate sampling interval: 4403ms
  Thread calibration: mean lat.: 146.372ms, rate sampling interval: 619ms
  Thread calibration: mean lat.: 529.914ms, rate sampling interval: 2699ms
  Thread calibration: mean lat.: 271.486ms, rate sampling interval: 1177ms

-----------------------------------------------------------------------
Test Results @ http://10.110.211.94/?loopCount=25&base=6&exp=6 
  Thread Stats   Avg      Stdev     99%   +/- Stdev
    Latency     3.28s     2.65s   11.48s    79.03%
    Req/Sec    13.52      3.02    21.00     80.58%
  Latency Distribution (HdrHistogram - Recorded Latency)
 50.000%    2.71s 
 75.000%    3.59s 
 90.000%    8.43s 
 99.000%   11.48s 
 99.900%   11.66s 
 99.990%   11.71s 
 99.999%   11.71s 
100.000%   11.71s 

  Detailed Percentile spectrum:
       Value   Percentile   TotalCount 1/(1-Percentile)

      39.935     0.000000            1         1.00
     778.751     0.100000          344         1.11
    1455.103     0.200000          688         1.25
    1806.335     0.300000         1034         1.43
    2353.151     0.400000         1377         1.67
    2707.455     0.500000         1720         2.00
    2942.975     0.550000         1893         2.22
    3071.999     0.600000         2063         2.50
    3221.503     0.650000         2236         2.86
    3414.015     0.700000         2407         3.33
    3586.047     0.750000         2580         4.00
    3672.063     0.775000         2667         4.44
    3780.607     0.800000         2751         5.00
    3958.783     0.825000         2838         5.71
    4427.775     0.850000         2923         6.67
    6823.935     0.875000         3009         8.00
    7413.759     0.887500         3052         8.89
    8437.759     0.900000         3096        10.00
    8994.815     0.912500         3138        11.43
    9183.231     0.925000         3181        13.33
    9609.215     0.937500         3225        16.00
    9682.943     0.943750         3250        17.78
    9723.903     0.950000         3268        20.00
    9928.703     0.956250         3288        22.86
   10313.727     0.962500         3311        26.67
   10641.407     0.968750         3331        32.00
   10706.943     0.971875         3342        35.56
   10756.095     0.975000         3354        40.00
   10788.863     0.978125         3363        45.71
   10846.207     0.981250         3374        53.33
   11214.847     0.984375         3385        64.00
   11395.071     0.985938         3390        71.11
   11444.223     0.987500         3397        80.00
   11468.799     0.989062         3402        91.43
   11476.991     0.990625         3406       106.67
   11501.567     0.992188         3413       128.00
   11509.759     0.992969         3414       142.22
   11526.143     0.993750         3419       160.00
   11534.335     0.994531         3420       182.86
   11542.527     0.995313         3422       213.33
   11591.679     0.996094         3427       256.00
   11591.679     0.996484         3427       284.44
   11599.871     0.996875         3428       320.00
   11608.063     0.997266         3429       365.71
   11624.447     0.997656         3432       426.67
   11624.447     0.998047         3432       512.00
   11624.447     0.998242         3432       568.89
   11632.639     0.998437         3433       640.00
   11649.023     0.998633         3434       731.43
   11649.023     0.998828         3434       853.33
   11657.215     0.999023         3435      1024.00
   11657.215     0.999121         3435      1137.78
   11665.407     0.999219         3436      1280.00
   11665.407     0.999316         3436      1462.86
   11665.407     0.999414         3436      1706.67
   11681.791     0.999512         3437      2048.00
   11681.791     0.999561         3437      2275.56
   11681.791     0.999609         3437      2560.00
   11681.791     0.999658         3437      2925.71
   11681.791     0.999707         3437      3413.33
   11706.367     0.999756         3438      4096.00
   11706.367     1.000000         3438          inf
#[Mean    =     3279.404, StdDeviation   =     2646.898]
#[Max     =    11698.176, Total count    =         3438]
#[Buckets =           27, SubBuckets     =         2048]
-----------------------------------------------------------------------
  4118 requests in 1.00m, 1.23MB read
Requests/sec:     68.63  
Transfer/sec:     20.93KB
