Running 1m test @ http://10.110.211.94/?loopCount=25&base=6&exp=6
  5 threads and 5 connections

  Thread calibration: mean lat.: 93.787ms, rate sampling interval: 322ms
  Thread calibration: mean lat.: 91.808ms, rate sampling interval: 302ms
  Thread calibration: mean lat.: 95.899ms, rate sampling interval: 304ms
  Thread calibration: mean lat.: 80.762ms, rate sampling interval: 282ms
  Thread calibration: mean lat.: 92.515ms, rate sampling interval: 286ms

-----------------------------------------------------------------------
Test Results @ http://10.110.211.94/?loopCount=25&base=6&exp=6 
  Thread Stats   Avg      Stdev     99%   +/- Stdev
    Latency   157.19ms  136.78ms 767.49ms   88.95%
    Req/Sec     9.49      3.09    17.00     85.87%
  Latency Distribution (HdrHistogram - Recorded Latency)
 50.000%  133.50ms
 75.000%  194.05ms
 90.000%  331.52ms
 99.000%  767.49ms
 99.900%  911.87ms
 99.990%  942.08ms
 99.999%  942.08ms
100.000%  942.08ms

  Detailed Percentile spectrum:
       Value   Percentile   TotalCount 1/(1-Percentile)

      22.591     0.000000            1         1.00
      41.215     0.100000          256         1.11
      56.735     0.200000          500         1.25
      77.247     0.300000          751         1.43
      91.647     0.400000         1000         1.67
     133.503     0.500000         1250         2.00
     137.599     0.550000         1375         2.22
     142.207     0.600000         1500         2.50
     149.631     0.650000         1624         2.86
     167.551     0.700000         1752         3.33
     194.047     0.750000         1875         4.00
     215.807     0.775000         1936         4.44
     237.311     0.800000         2001         5.00
     243.839     0.825000         2061         5.71
     252.415     0.850000         2124         6.67
     272.895     0.875000         2186         8.00
     291.583     0.887500         2217         8.89
     333.055     0.900000         2249        10.00
     339.711     0.912500         2281        11.43
     347.135     0.925000         2311        13.33
     368.383     0.937500         2343        16.00
     389.631     0.943750         2358        17.78
     418.559     0.950000         2374        20.00
     438.015     0.956250         2389        22.86
     449.535     0.962500         2406        26.67
     468.223     0.968750         2420        32.00
     485.887     0.971875         2428        35.56
     540.159     0.975000         2436        40.00
     553.983     0.978125         2444        45.71
     685.055     0.981250         2452        53.33
     734.207     0.984375         2460        64.00
     738.815     0.985938         2464        71.11
     745.471     0.987500         2467        80.00
     759.295     0.989062         2471        91.43
     791.551     0.990625         2475       106.67
     808.447     0.992188         2479       128.00
     825.855     0.992969         2481       142.22
     834.559     0.993750         2483       160.00
     841.727     0.994531         2486       182.86
     842.239     0.995313         2487       213.33
     847.359     0.996094         2489       256.00
     848.895     0.996484         2490       284.44
     850.431     0.996875         2491       320.00
     851.967     0.997266         2492       365.71
     855.551     0.997656         2493       426.67
     858.111     0.998047         2494       512.00
     858.111     0.998242         2494       568.89
     884.223     0.998437         2495       640.00
     884.223     0.998633         2495       731.43
     911.871     0.998828         2496       853.33
     911.871     0.999023         2496      1024.00
     911.871     0.999121         2496      1137.78
     938.495     0.999219         2497      1280.00
     938.495     0.999316         2497      1462.86
     938.495     0.999414         2497      1706.67
     938.495     0.999512         2497      2048.00
     938.495     0.999561         2497      2275.56
     942.079     0.999609         2498      2560.00
     942.079     1.000000         2498          inf
#[Mean    =      157.186, StdDeviation   =      136.778]
#[Max     =      941.568, Total count    =         2498]
#[Buckets =           27, SubBuckets     =         2048]
-----------------------------------------------------------------------
  2993 requests in 1.00m, 0.89MB read
Requests/sec:     49.88  
Transfer/sec:     15.21KB
