Running 1m test @ http://10.110.211.94/?loopCount=25&base=6&exp=6
  5 threads and 5 connections

  Thread calibration: mean lat.: 72.516ms, rate sampling interval: 219ms
  Thread calibration: mean lat.: 69.103ms, rate sampling interval: 209ms
  Thread calibration: mean lat.: 83.743ms, rate sampling interval: 253ms
  Thread calibration: mean lat.: 87.027ms, rate sampling interval: 245ms
  Thread calibration: mean lat.: 75.996ms, rate sampling interval: 234ms

-----------------------------------------------------------------------
Test Results @ http://10.110.211.94/?loopCount=25&base=6&exp=6 
  Thread Stats   Avg      Stdev     99%   +/- Stdev
    Latency    95.32ms   58.18ms 307.45ms   86.41%
    Req/Sec     9.51      2.97    18.00     82.52%
  Latency Distribution (HdrHistogram - Recorded Latency)
 50.000%   79.68ms
 75.000%  110.46ms
 90.000%  189.31ms
 99.000%  307.45ms
 99.900%  414.72ms
 99.990%  425.98ms
 99.999%  425.98ms
100.000%  425.98ms

  Detailed Percentile spectrum:
       Value   Percentile   TotalCount 1/(1-Percentile)

      21.471     0.000000            1         1.00
      42.431     0.100000          252         1.11
      50.047     0.200000          501         1.25
      57.695     0.300000          753         1.43
      65.311     0.400000         1001         1.67
      79.679     0.500000         1251         2.00
      94.079     0.550000         1377         2.22
     100.927     0.600000         1502         2.50
     103.167     0.650000         1626         2.86
     107.839     0.700000         1751         3.33
     110.463     0.750000         1876         4.00
     115.007     0.775000         1939         4.44
     118.463     0.800000         2001         5.00
     124.607     0.825000         2065         5.71
     137.087     0.850000         2126         6.67
     149.375     0.875000         2190         8.00
     158.207     0.887500         2220         8.89
     189.311     0.900000         2253        10.00
     191.615     0.912500         2284        11.43
     195.071     0.925000         2314        13.33
     200.063     0.937500         2345        16.00
     203.519     0.943750         2361        17.78
     208.255     0.950000         2376        20.00
     214.527     0.956250         2392        22.86
     223.487     0.962500         2408        26.67
     233.855     0.968750         2423        32.00
     240.511     0.971875         2431        35.56
     256.511     0.975000         2439        40.00
     282.367     0.978125         2447        45.71
     290.815     0.981250         2455        53.33
     294.655     0.984375         2462        64.00
     296.191     0.985938         2466        71.11
     299.775     0.987500         2470        80.00
     302.847     0.989062         2474        91.43
     308.735     0.990625         2478       106.67
     323.839     0.992188         2482       128.00
     324.607     0.992969         2485       142.22
     325.631     0.993750         2486       160.00
     341.247     0.994531         2488       182.86
     357.375     0.995313         2490       213.33
     389.887     0.996094         2492       256.00
     396.031     0.996484         2493       284.44
     399.359     0.996875         2494       320.00
     399.871     0.997266         2495       365.71
     410.879     0.997656         2496       426.67
     413.695     0.998047         2497       512.00
     413.695     0.998242         2497       568.89
     414.719     0.998437         2498       640.00
     414.719     0.998633         2498       731.43
     423.423     0.998828         2499       853.33
     423.423     0.999023         2499      1024.00
     423.423     0.999121         2499      1137.78
     424.959     0.999219         2500      1280.00
     424.959     0.999316         2500      1462.86
     424.959     0.999414         2500      1706.67
     424.959     0.999512         2500      2048.00
     424.959     0.999561         2500      2275.56
     425.983     0.999609         2501      2560.00
     425.983     1.000000         2501          inf
#[Mean    =       95.322, StdDeviation   =       58.181]
#[Max     =      425.728, Total count    =         2501]
#[Buckets =           27, SubBuckets     =         2048]
-----------------------------------------------------------------------
  2993 requests in 1.00m, 0.89MB read
Requests/sec:     49.88  
Transfer/sec:     15.21KB
