Running 1m test @ http://10.110.211.94/?loopCount=25&base=6&exp=6
  1 threads and 1 connections

  Thread calibration: mean lat.: 732.946ms, rate sampling interval: 2519ms

-----------------------------------------------------------------------
Test Results @ http://10.110.211.94/?loopCount=25&base=6&exp=6 
  Thread Stats   Avg      Stdev     99%   +/- Stdev
    Latency     5.19s     2.30s    9.06s    59.15%
    Req/Sec    20.63      1.04    22.00     94.74%
  Latency Distribution (HdrHistogram - Recorded Latency)
 50.000%    5.03s 
 75.000%    7.34s 
 90.000%    8.57s 
 99.000%    9.06s 
 99.900%    9.14s 
 99.990%    9.14s 
 99.999%    9.14s 
100.000%    9.14s 

  Detailed Percentile spectrum:
       Value   Percentile   TotalCount 1/(1-Percentile)

    1358.847     0.000000            1         1.00
    2160.639     0.100000          107         1.11
    2977.791     0.200000          211         1.25
    3614.719     0.300000          318         1.43
    4198.399     0.400000          422         1.67
    5025.791     0.500000          530         2.00
    5304.319     0.550000          581         2.22
    5533.695     0.600000          634         2.50
    6180.863     0.650000          686         2.86
    6664.191     0.700000          739         3.33
    7348.223     0.750000          796         4.00
    7495.679     0.775000          821         4.44
    7794.687     0.800000          844         5.00
    8130.559     0.825000          872         5.71
    8351.743     0.850000          900         6.67
    8462.335     0.875000          925         8.00
    8503.295     0.887500          939         8.89
    8568.831     0.900000          950        10.00
    8585.215     0.912500          964        11.43
    8634.367     0.925000          978        13.33
    8683.519     0.937500          992        16.00
    8765.439     0.943750          997        17.78
    8781.823     0.950000         1007        20.00
    8847.359     0.956250         1013        22.86
    8880.127     0.962500         1017        26.67
    8921.087     0.968750         1023        32.00
    8962.047     0.971875         1028        35.56
    8970.239     0.975000         1030        40.00
    8978.431     0.978125         1032        45.71
    9019.391     0.981250         1040        53.33
    9019.391     0.984375         1040        64.00
    9027.583     0.985938         1041        71.11
    9052.159     0.987500         1043        80.00
    9060.351     0.989062         1045        91.43
    9076.735     0.990625         1047       106.67
    9076.735     0.992188         1047       128.00
    9101.311     0.992969         1049       142.22
    9101.311     0.993750         1049       160.00
    9117.695     0.994531         1051       182.86
    9117.695     0.995313         1051       213.33
    9117.695     0.996094         1051       256.00
    9134.079     0.996484         1053       284.44
    9134.079     0.996875         1053       320.00
    9134.079     0.997266         1053       365.71
    9134.079     0.997656         1053       426.67
    9134.079     0.998047         1053       512.00
    9142.271     0.998242         1055       568.89
    9142.271     1.000000         1055          inf
#[Mean    =     5192.387, StdDeviation   =     2301.015]
#[Max     =     9134.080, Total count    =         1055]
#[Buckets =           27, SubBuckets     =         2048]
-----------------------------------------------------------------------
  1271 requests in 1.00m, 387.27KB read
Requests/sec:     21.18  
Transfer/sec:      6.45KB
