Running 1m test @ http://10.110.211.94/?loopCount=25&base=6&exp=6
  5 threads and 5 connections

  Thread calibration: mean lat.: 99.648ms, rate sampling interval: 336ms
  Thread calibration: mean lat.: 101.838ms, rate sampling interval: 382ms
  Thread calibration: mean lat.: 121.107ms, rate sampling interval: 494ms
  Thread calibration: mean lat.: 90.761ms, rate sampling interval: 307ms
  Thread calibration: mean lat.: 118.361ms, rate sampling interval: 551ms

-----------------------------------------------------------------------
Test Results @ http://10.110.211.94/?loopCount=25&base=6&exp=6 
  Thread Stats   Avg      Stdev     99%   +/- Stdev
    Latency   139.58ms  107.20ms 560.13ms   84.33%
    Req/Sec     9.46      2.72    16.00     84.94%
  Latency Distribution (HdrHistogram - Recorded Latency)
 50.000%  112.13ms
 75.000%  168.06ms
 90.000%  264.45ms
 99.000%  560.13ms
 99.900%  665.60ms
 99.990%  676.35ms
 99.999%  676.35ms
100.000%  676.35ms

  Detailed Percentile spectrum:
       Value   Percentile   TotalCount 1/(1-Percentile)

      24.415     0.000000            1         1.00
      40.927     0.100000          257         1.11
      42.079     0.200000          500         1.25
      76.863     0.300000          750         1.43
      90.623     0.400000          999         1.67
     112.127     0.500000         1248         2.00
     140.031     0.550000         1373         2.22
     143.999     0.600000         1502         2.50
     149.503     0.650000         1622         2.86
     155.519     0.700000         1747         3.33
     168.063     0.750000         1872         4.00
     179.583     0.775000         1934         4.44
     195.199     0.800000         1996         5.00
     217.343     0.825000         2059         5.71
     244.223     0.850000         2123         6.67
     251.391     0.875000         2184         8.00
     256.511     0.887500         2215         8.89
     264.447     0.900000         2246        10.00
     279.295     0.912500         2277        11.43
     300.287     0.925000         2308        13.33
     341.503     0.937500         2340        16.00
     344.831     0.943750         2356        17.78
     349.695     0.950000         2371        20.00
     355.583     0.956250         2386        22.86
     370.175     0.962500         2402        26.67
     405.247     0.968750         2418        32.00
     424.447     0.971875         2425        35.56
     447.487     0.975000         2433        40.00
     453.375     0.978125         2442        45.71
     484.095     0.981250         2449        53.33
     517.887     0.984375         2457        64.00
     537.599     0.985938         2460        71.11
     543.743     0.987500         2465        80.00
     552.447     0.989062         2468        91.43
     574.975     0.990625         2472       106.67
     595.967     0.992188         2476       128.00
     604.159     0.992969         2478       142.22
     614.399     0.993750         2480       160.00
     618.495     0.994531         2482       182.86
     641.535     0.995313         2484       213.33
     643.583     0.996094         2486       256.00
     646.143     0.996484         2487       284.44
     654.335     0.996875         2488       320.00
     655.359     0.997266         2489       365.71
     655.871     0.997656         2490       426.67
     658.943     0.998047         2491       512.00
     658.943     0.998242         2491       568.89
     664.575     0.998437         2492       640.00
     664.575     0.998633         2492       731.43
     665.599     0.998828         2493       853.33
     665.599     0.999023         2493      1024.00
     665.599     0.999121         2493      1137.78
     674.815     0.999219         2494      1280.00
     674.815     0.999316         2494      1462.86
     674.815     0.999414         2494      1706.67
     674.815     0.999512         2494      2048.00
     674.815     0.999561         2494      2275.56
     676.351     0.999609         2495      2560.00
     676.351     1.000000         2495          inf
#[Mean    =      139.582, StdDeviation   =      107.197]
#[Max     =      675.840, Total count    =         2495]
#[Buckets =           27, SubBuckets     =         2048]
-----------------------------------------------------------------------
  2989 requests in 1.00m, 0.89MB read
Requests/sec:     49.81  
Transfer/sec:     15.19KB
