Running 1m test @ http://10.110.211.94/?loopCount=25&base=6&exp=6
  1 threads and 1 connections

  Thread calibration: mean lat.: 661.444ms, rate sampling interval: 2457ms

-----------------------------------------------------------------------
Test Results @ http://10.110.211.94/?loopCount=25&base=6&exp=6 
  Thread Stats   Avg      Stdev     99%   +/- Stdev
    Latency     5.34s     2.18s    8.70s    56.71%
    Req/Sec    20.80      1.17    23.00     90.00%
  Latency Distribution (HdrHistogram - Recorded Latency)
 50.000%    5.41s 
 75.000%    7.33s 
 90.000%    8.04s 
 99.000%    8.70s 
 99.900%    8.81s 
 99.990%    8.81s 
 99.999%    8.81s 
100.000%    8.81s 

  Detailed Percentile spectrum:
       Value   Percentile   TotalCount 1/(1-Percentile)

    1424.383     0.000000            1         1.00
    2062.335     0.100000          107         1.11
    2996.223     0.200000          215         1.25
    3907.583     0.300000          320         1.43
    4476.927     0.400000          427         1.67
    5410.815     0.500000          537         2.00
    6143.999     0.550000          586         2.22
    6426.623     0.600000          639         2.50
    6717.439     0.650000          695         2.86
    7028.735     0.700000          746         3.33
    7327.743     0.750000          799         4.00
    7401.471     0.775000          827         4.44
    7544.831     0.800000          854         5.00
    7745.535     0.825000          880         5.71
    7864.319     0.850000          907         6.67
    7909.375     0.875000          936         8.00
    7938.047     0.887500          946         8.89
    8040.447     0.900000          959        10.00
    8245.247     0.912500          976        11.43
    8282.111     0.925000          990        13.33
    8388.607     0.937500         1004        16.00
    8413.183     0.943750         1007        17.78
    8454.143     0.950000         1020        20.00
    8454.143     0.956250         1020        22.86
    8527.871     0.962500         1026        26.67
    8617.983     0.968750         1034        32.00
    8642.559     0.971875         1037        35.56
    8650.751     0.975000         1039        40.00
    8658.943     0.978125         1044        45.71
    8667.135     0.981250         1051        53.33
    8667.135     0.984375         1051        64.00
    8667.135     0.985938         1051        71.11
    8675.327     0.987500         1053        80.00
    8699.903     0.989062         1054        91.43
    8740.863     0.990625         1056       106.67
    8749.055     0.992188         1058       128.00
    8749.055     0.992969         1058       142.22
    8765.439     0.993750         1060       160.00
    8765.439     0.994531         1060       182.86
    8806.399     0.995313         1062       213.33
    8806.399     0.996094         1062       256.00
    8806.399     0.996484         1062       284.44
    8806.399     0.996875         1062       320.00
    8814.591     0.997266         1065       365.71
    8814.591     1.000000         1065          inf
#[Mean    =     5339.265, StdDeviation   =     2182.440]
#[Max     =     8806.400, Total count    =         1065]
#[Buckets =           27, SubBuckets     =         2048]
-----------------------------------------------------------------------
  1279 requests in 1.00m, 389.70KB read
Requests/sec:     21.31  
Transfer/sec:      6.49KB
