Running 1m test @ http://10.110.211.94/?loopCount=25&base=6&exp=6
  1 threads and 1 connections

  Thread calibration: mean lat.: 677.462ms, rate sampling interval: 2271ms

-----------------------------------------------------------------------
Test Results @ http://10.110.211.94/?loopCount=25&base=6&exp=6 
  Thread Stats   Avg      Stdev     99%   +/- Stdev
    Latency     4.71s     2.03s    8.47s    60.90%
    Req/Sec    20.82      1.27    22.00     95.45%
  Latency Distribution (HdrHistogram - Recorded Latency)
 50.000%    4.78s 
 75.000%    6.38s 
 90.000%    7.69s 
 99.000%    8.47s 
 99.900%    8.51s 
 99.990%    8.51s 
 99.999%    8.51s 
100.000%    8.51s 

  Detailed Percentile spectrum:
       Value   Percentile   TotalCount 1/(1-Percentile)

    1258.495     0.000000            1         1.00
    1826.815     0.100000          108         1.11
    2596.863     0.200000          215         1.25
    3483.647     0.300000          322         1.43
    4104.191     0.400000          429         1.67
    4780.031     0.500000          535         2.00
    5025.791     0.550000          589         2.22
    5251.071     0.600000          645         2.50
    5472.255     0.650000          695         2.86
    5746.687     0.700000          749         3.33
    6377.471     0.750000          806         4.00
    6496.255     0.775000          831         4.44
    6574.079     0.800000          856         5.00
    6795.263     0.825000          882         5.71
    6930.431     0.850000          909         6.67
    7401.471     0.875000          936         8.00
    7520.255     0.887500          949         8.89
    7692.287     0.900000          963        10.00
    7868.415     0.912500          976        11.43
    7991.295     0.925000          989        13.33
    8122.367     0.937500         1007        16.00
    8134.655     0.943750         1012        17.78
    8282.111     0.950000         1016        20.00
    8310.783     0.956250         1023        22.86
    8404.991     0.962500         1030        26.67
    8445.951     0.968750         1038        32.00
    8454.143     0.971875         1044        35.56
    8454.143     0.975000         1044        40.00
    8462.335     0.978125         1055        45.71
    8462.335     0.981250         1055        53.33
    8462.335     0.984375         1055        64.00
    8462.335     0.985938         1055        71.11
    8470.527     0.987500         1063        80.00
    8470.527     0.989062         1063        91.43
    8470.527     0.990625         1063       106.67
    8470.527     0.992188         1063       128.00
    8470.527     0.992969         1063       142.22
    8470.527     0.993750         1063       160.00
    8503.295     0.994531         1066       182.86
    8503.295     0.995313         1066       213.33
    8503.295     0.996094         1066       256.00
    8503.295     0.996484         1066       284.44
    8503.295     0.996875         1066       320.00
    8511.487     0.997266         1069       365.71
    8511.487     1.000000         1069          inf
#[Mean    =     4708.993, StdDeviation   =     2031.015]
#[Max     =     8503.296, Total count    =         1069]
#[Buckets =           27, SubBuckets     =         2048]
-----------------------------------------------------------------------
  1287 requests in 1.00m, 392.14KB read
Requests/sec:     21.45  
Transfer/sec:      6.54KB
