Running 1m test @ http://10.110.211.94/?loopCount=25&base=6&exp=6
  5 threads and 5 connections

  Thread calibration: mean lat.: 807.017ms, rate sampling interval: 2422ms
  Thread calibration: mean lat.: 520.985ms, rate sampling interval: 2087ms
  Thread calibration: mean lat.: 538.672ms, rate sampling interval: 1486ms
  Thread calibration: mean lat.: 281.273ms, rate sampling interval: 1121ms
  Thread calibration: mean lat.: 663.773ms, rate sampling interval: 2670ms

-----------------------------------------------------------------------
Test Results @ http://10.110.211.94/?loopCount=25&base=6&exp=6 
  Thread Stats   Avg      Stdev     99%   +/- Stdev
    Latency     3.59s     2.15s    9.76s    67.30%
    Req/Sec    13.15      2.19    18.00     91.30%
  Latency Distribution (HdrHistogram - Recorded Latency)
 50.000%    3.24s 
 75.000%    4.72s 
 90.000%    6.22s 
 99.000%    9.76s 
 99.900%   10.20s 
 99.990%   10.32s 
 99.999%   10.32s 
100.000%   10.32s 

  Detailed Percentile spectrum:
       Value   Percentile   TotalCount 1/(1-Percentile)

     488.703     0.000000            1         1.00
    1203.199     0.100000          339         1.11
    1703.935     0.200000          678         1.25
    2172.927     0.300000         1014         1.43
    2508.799     0.400000         1358         1.67
    3241.983     0.500000         1690         2.00
    3493.887     0.550000         1861         2.22
    3766.271     0.600000         2028         2.50
    3956.735     0.650000         2197         2.86
    4214.783     0.700000         2368         3.33
    4722.687     0.750000         2535         4.00
    5115.903     0.775000         2620         4.44
    5574.655     0.800000         2704         5.00
    5742.591     0.825000         2789         5.71
    5853.183     0.850000         2874         6.67
    5955.583     0.875000         2960         8.00
    6041.599     0.887500         3000         8.89
    6225.919     0.900000         3042        10.00
    6615.039     0.912500         3085        11.43
    7077.887     0.925000         3127        13.33
    7708.671     0.937500         3168        16.00
    7901.183     0.943750         3190        17.78
    8142.847     0.950000         3211        20.00
    8282.111     0.956250         3232        22.86
    8978.431     0.962500         3253        26.67
    9068.543     0.968750         3274        32.00
    9125.887     0.971875         3284        35.56
    9322.495     0.975000         3297        40.00
    9379.839     0.978125         3308        45.71
    9428.991     0.981250         3316        53.33
    9568.255     0.984375         3327        64.00
    9609.215     0.985938         3333        71.11
    9650.175     0.987500         3337        80.00
    9748.479     0.989062         3343        91.43
    9797.631     0.990625         3348       106.67
    9846.783     0.992188         3353       128.00
    9871.359     0.992969         3356       142.22
    9879.551     0.993750         3358       160.00
    9920.511     0.994531         3361       182.86
   10018.815     0.995313         3364       213.33
   10051.583     0.996094         3366       256.00
   10108.927     0.996484         3368       284.44
   10125.311     0.996875         3369       320.00
   10133.503     0.997266         3370       365.71
   10149.887     0.997656         3372       426.67
   10158.079     0.998047         3373       512.00
   10166.271     0.998242         3374       568.89
   10166.271     0.998437         3374       640.00
   10199.039     0.998633         3376       731.43
   10199.039     0.998828         3376       853.33
   10199.039     0.999023         3376      1024.00
   10231.807     0.999121         3377      1137.78
   10231.807     0.999219         3377      1280.00
   10231.807     0.999316         3377      1462.86
   10280.959     0.999414         3378      1706.67
   10280.959     0.999512         3378      2048.00
   10280.959     0.999561         3378      2275.56
   10280.959     0.999609         3378      2560.00
   10280.959     0.999658         3378      2925.71
   10321.919     0.999707         3379      3413.33
   10321.919     1.000000         3379          inf
#[Mean    =     3588.998, StdDeviation   =     2146.583]
#[Max     =    10313.728, Total count    =         3379]
#[Buckets =           27, SubBuckets     =         2048]
-----------------------------------------------------------------------
  4052 requests in 1.00m, 1.21MB read
Requests/sec:     67.53  
Transfer/sec:     20.59KB
