Running 1m test @ http://10.110.211.94/?loopCount=25&base=6&exp=6
  5 threads and 5 connections

  Thread calibration: mean lat.: 127.278ms, rate sampling interval: 480ms
  Thread calibration: mean lat.: 156.451ms, rate sampling interval: 539ms
  Thread calibration: mean lat.: 113.360ms, rate sampling interval: 433ms
  Thread calibration: mean lat.: 151.568ms, rate sampling interval: 535ms
  Thread calibration: mean lat.: 322.445ms, rate sampling interval: 1234ms

-----------------------------------------------------------------------
Test Results @ http://10.110.211.94/?loopCount=25&base=6&exp=6 
  Thread Stats   Avg      Stdev     99%   +/- Stdev
    Latency     1.39s   991.46ms   4.06s    69.67%
    Req/Sec    13.77      3.52    23.00     81.76%
  Latency Distribution (HdrHistogram - Recorded Latency)
 50.000%    1.09s 
 75.000%    2.06s 
 90.000%    2.75s 
 99.000%    4.06s 
 99.900%    4.21s 
 99.990%    4.26s 
 99.999%    4.26s 
100.000%    4.26s 

  Detailed Percentile spectrum:
       Value   Percentile   TotalCount 1/(1-Percentile)

      24.623     0.000000            1         1.00
     315.647     0.100000          359         1.11
     532.479     0.200000          719         1.25
     690.175     0.300000         1077         1.43
     846.847     0.400000         1435         1.67
    1090.559     0.500000         1792         2.00
    1292.287     0.550000         1972         2.22
    1455.103     0.600000         2151         2.50
    1662.975     0.650000         2331         2.86
    1884.159     0.700000         2509         3.33
    2057.215     0.750000         2688         4.00
    2138.111     0.775000         2780         4.44
    2217.983     0.800000         2868         5.00
    2387.967     0.825000         2957         5.71
    2545.663     0.850000         3048         6.67
    2646.015     0.875000         3139         8.00
    2695.167     0.887500         3183         8.89
    2754.559     0.900000         3226        10.00
    2834.431     0.912500         3271        11.43
    2963.455     0.925000         3316        13.33
    3188.735     0.937500         3360        16.00
    3325.951     0.943750         3383        17.78
    3534.847     0.950000         3405        20.00
    3612.671     0.956250         3428        22.86
    3692.543     0.962500         3450        26.67
    3768.319     0.968750         3472        32.00
    3821.567     0.971875         3485        35.56
    3848.191     0.975000         3495        40.00
    3864.575     0.978125         3506        45.71
    3889.151     0.981250         3518        53.33
    3905.535     0.984375         3528        64.00
    3928.063     0.985938         3534        71.11
    3956.735     0.987500         3540        80.00
    4028.415     0.989062         3545        91.43
    4063.231     0.990625         3551       106.67
    4095.999     0.992188         3556       128.00
    4116.479     0.992969         3559       142.22
    4139.007     0.993750         3562       160.00
    4147.199     0.994531         3566       182.86
    4159.487     0.995313         3568       213.33
    4161.535     0.996094         3570       256.00
    4173.823     0.996484         3572       284.44
    4175.871     0.996875         3573       320.00
    4186.111     0.997266         3575       365.71
    4188.159     0.997656         3576       426.67
    4190.207     0.998047         3577       512.00
    4194.303     0.998242         3578       568.89
    4202.495     0.998437         3579       640.00
    4206.591     0.998633         3580       731.43
    4206.591     0.998828         3580       853.33
    4210.687     0.999023         3581      1024.00
    4210.687     0.999121         3581      1137.78
    4214.783     0.999219         3582      1280.00
    4214.783     0.999316         3582      1462.86
    4214.783     0.999414         3582      1706.67
    4239.359     0.999512         3583      2048.00
    4239.359     0.999561         3583      2275.56
    4239.359     0.999609         3583      2560.00
    4239.359     0.999658         3583      2925.71
    4239.359     0.999707         3583      3413.33
    4259.839     0.999756         3584      4096.00
    4259.839     1.000000         3584          inf
#[Mean    =     1389.636, StdDeviation   =      991.460]
#[Max     =     4255.744, Total count    =         3584]
#[Buckets =           27, SubBuckets     =         2048]
-----------------------------------------------------------------------
  4306 requests in 1.00m, 1.28MB read
Requests/sec:     71.76  
Transfer/sec:     21.88KB
