Running 1m test @ http://10.110.211.94/?loopCount=25&base=6&exp=6
  5 threads and 5 connections

  Thread calibration: mean lat.: 77.680ms, rate sampling interval: 254ms
  Thread calibration: mean lat.: 115.772ms, rate sampling interval: 441ms
  Thread calibration: mean lat.: 155.696ms, rate sampling interval: 634ms
  Thread calibration: mean lat.: 81.895ms, rate sampling interval: 253ms
  Thread calibration: mean lat.: 105.690ms, rate sampling interval: 415ms

-----------------------------------------------------------------------
Test Results @ http://10.110.211.94/?loopCount=25&base=6&exp=6 
  Thread Stats   Avg      Stdev     99%   +/- Stdev
    Latency   105.66ms   73.25ms 399.36ms   85.44%
    Req/Sec     9.38      2.53    15.00     91.05%
  Latency Distribution (HdrHistogram - Recorded Latency)
 50.000%   83.65ms
 75.000%  123.90ms
 90.000%  211.46ms
 99.000%  399.36ms
 99.900%  526.85ms
 99.990%  536.06ms
 99.999%  536.06ms
100.000%  536.06ms

  Detailed Percentile spectrum:
       Value   Percentile   TotalCount 1/(1-Percentile)

      24.527     0.000000            1         1.00
      40.991     0.100000          256         1.11
      49.023     0.200000          500         1.25
      57.567     0.300000          750         1.43
      66.495     0.400000         1000         1.67
      83.647     0.500000         1252         2.00
     107.263     0.550000         1376         2.22
     110.335     0.600000         1503         2.50
     114.047     0.650000         1627         2.86
     117.951     0.700000         1751         3.33
     123.903     0.750000         1875         4.00
     128.191     0.775000         1938         4.44
     133.887     0.800000         2000         5.00
     147.199     0.825000         2064         5.71
     159.871     0.850000         2126         6.67
     183.039     0.875000         2188         8.00
     207.615     0.887500         2219         8.89
     211.455     0.900000         2250        10.00
     214.783     0.912500         2284        11.43
     218.111     0.925000         2314        13.33
     224.383     0.937500         2344        16.00
     232.191     0.943750         2361        17.78
     239.359     0.950000         2375        20.00
     259.455     0.956250         2391        22.86
     281.599     0.962500         2407        26.67
     309.759     0.968750         2423        32.00
     313.599     0.971875         2431        35.56
     315.903     0.975000         2438        40.00
     318.719     0.978125         2446        45.71
     325.887     0.981250         2454        53.33
     331.007     0.984375         2461        64.00
     351.231     0.985938         2465        71.11
     357.887     0.987500         2469        80.00
     368.383     0.989062         2473        91.43
     408.831     0.990625         2477       106.67
     414.719     0.992188         2481       128.00
     415.999     0.992969         2483       142.22
     425.215     0.993750         2485       160.00
     428.799     0.994531         2487       182.86
     434.687     0.995313         2489       213.33
     439.039     0.996094         2491       256.00
     452.607     0.996484         2492       284.44
     458.239     0.996875         2493       320.00
     481.279     0.997266         2494       365.71
     508.927     0.997656         2495       426.67
     513.791     0.998047         2496       512.00
     513.791     0.998242         2496       568.89
     518.143     0.998437         2497       640.00
     518.143     0.998633         2497       731.43
     526.847     0.998828         2498       853.33
     526.847     0.999023         2498      1024.00
     526.847     0.999121         2498      1137.78
     533.503     0.999219         2499      1280.00
     533.503     0.999316         2499      1462.86
     533.503     0.999414         2499      1706.67
     533.503     0.999512         2499      2048.00
     533.503     0.999561         2499      2275.56
     536.063     0.999609         2500      2560.00
     536.063     1.000000         2500          inf
#[Mean    =      105.657, StdDeviation   =       73.247]
#[Max     =      535.552, Total count    =         2500]
#[Buckets =           27, SubBuckets     =         2048]
-----------------------------------------------------------------------
  2992 requests in 1.00m, 0.89MB read
Requests/sec:     49.86  
Transfer/sec:     15.21KB
