Running 1m test @ http://10.102.207.185/?loopCount=25&base=6&exp=6
  5 threads and 5 connections

  Thread calibration: mean lat.: 1842.429ms, rate sampling interval: 6189ms
  Thread calibration: mean lat.: 1713.866ms, rate sampling interval: 5664ms
  Thread calibration: mean lat.: 1904.603ms, rate sampling interval: 6688ms
  Thread calibration: mean lat.: 1665.976ms, rate sampling interval: 5971ms
  Thread calibration: mean lat.: 1740.544ms, rate sampling interval: 6017ms

-----------------------------------------------------------------------
Test Results @ http://10.102.207.185/?loopCount=25&base=6&exp=6 
  Thread Stats   Avg      Stdev     99%   +/- Stdev
    Latency    11.34s     4.67s   19.51s    58.09%
    Req/Sec     9.69      0.51    11.00    100.00%
  Latency Distribution (HdrHistogram - Recorded Latency)
 50.000%   11.33s 
 75.000%   15.34s 
 90.000%   17.83s 
 99.000%   19.51s 
 99.900%   19.69s 
 99.990%   19.79s 
 99.999%   19.79s 
100.000%   19.79s 

  Detailed Percentile spectrum:
       Value   Percentile   TotalCount 1/(1-Percentile)

    3174.399     0.000000            1         1.00
    4911.103     0.100000          255         1.11
    6569.983     0.200000          509         1.25
    7991.295     0.300000          763         1.43
    9715.711     0.400000         1017         1.67
   11329.535     0.500000         1271         2.00
   12181.503     0.550000         1400         2.22
   13017.087     0.600000         1525         2.50
   13688.831     0.650000         1653         2.86
   14360.575     0.700000         1779         3.33
   15343.615     0.750000         1906         4.00
   15785.983     0.775000         1970         4.44
   16138.239     0.800000         2033         5.00
   16588.799     0.825000         2097         5.71
   17088.511     0.850000         2165         6.67
   17416.191     0.875000         2225         8.00
   17629.183     0.887500         2256         8.89
   17825.791     0.900000         2287        10.00
   18055.167     0.912500         2321        11.43
   18284.543     0.925000         2352        13.33
   18448.383     0.937500         2385        16.00
   18530.303     0.943750         2399        17.78
   18628.607     0.950000         2414        20.00
   18841.599     0.956250         2431        22.86
   18956.287     0.962500         2446        26.67
   19070.975     0.968750         2463        32.00
   19120.127     0.971875         2471        35.56
   19152.895     0.975000         2478        40.00
   19251.199     0.978125         2487        45.71
   19349.503     0.981250         2496        53.33
   19398.655     0.984375         2503        64.00
   19415.039     0.985938         2506        71.11
   19447.807     0.987500         2512        80.00
   19496.959     0.989062         2515        91.43
   19562.495     0.990625         2518       106.67
   19595.263     0.992188         2524       128.00
   19595.263     0.992969         2524       142.22
   19611.647     0.993750         2530       160.00
   19611.647     0.994531         2530       182.86
   19611.647     0.995313         2530       213.33
   19628.031     0.996094         2533       256.00
   19628.031     0.996484         2533       284.44
   19660.799     0.996875         2536       320.00
   19660.799     0.997266         2536       365.71
   19660.799     0.997656         2536       426.67
   19677.183     0.998047         2537       512.00
   19677.183     0.998242         2537       568.89
   19693.567     0.998437         2538       640.00
   19693.567     0.998633         2538       731.43
   19709.951     0.998828         2539       853.33
   19709.951     0.999023         2539      1024.00
   19709.951     0.999121         2539      1137.78
   19759.103     0.999219         2540      1280.00
   19759.103     0.999316         2540      1462.86
   19759.103     0.999414         2540      1706.67
   19759.103     0.999512         2540      2048.00
   19759.103     0.999561         2540      2275.56
   19791.871     0.999609         2541      2560.00
   19791.871     1.000000         2541          inf
#[Mean    =    11343.691, StdDeviation   =     4665.518]
#[Max     =    19775.488, Total count    =         2541]
#[Buckets =           27, SubBuckets     =         2048]
-----------------------------------------------------------------------
  3036 requests in 1.00m, 0.90MB read
Requests/sec:     50.60  
Transfer/sec:     15.44KB
