Running 1m test @ http://10.106.106.124/?loopCount=25&base=6&exp=6
  5 threads and 5 connections

  Thread calibration: mean lat.: 302.880ms, rate sampling interval: 847ms
  Thread calibration: mean lat.: 145.664ms, rate sampling interval: 427ms
  Thread calibration: mean lat.: 195.971ms, rate sampling interval: 658ms
  Thread calibration: mean lat.: 220.867ms, rate sampling interval: 606ms
  Thread calibration: mean lat.: 277.894ms, rate sampling interval: 1256ms

-----------------------------------------------------------------------
Test Results @ http://10.106.106.124/?loopCount=25&base=6&exp=6 
  Thread Stats   Avg      Stdev     99%   +/- Stdev
    Latency   510.70ms  366.24ms   1.74s    78.69%
    Req/Sec    14.48      2.51    21.00     82.26%
  Latency Distribution (HdrHistogram - Recorded Latency)
 50.000%  434.94ms
 75.000%  672.77ms
 90.000%  920.58ms
 99.000%    1.74s 
 99.900%    1.97s 
 99.990%    2.11s 
 99.999%    2.11s 
100.000%    2.11s 

  Detailed Percentile spectrum:
       Value   Percentile   TotalCount 1/(1-Percentile)

      29.887     0.000000            1         1.00
     140.799     0.100000          375         1.11
     213.375     0.200000          749         1.25
     273.919     0.300000         1123         1.43
     360.703     0.400000         1496         1.67
     434.943     0.500000         1870         2.00
     476.415     0.550000         2057         2.22
     530.943     0.600000         2245         2.50
     582.655     0.650000         2433         2.86
     628.223     0.700000         2618         3.33
     672.767     0.750000         2807         4.00
     697.855     0.775000         2901         4.44
     720.383     0.800000         2994         5.00
     741.375     0.825000         3087         5.71
     766.975     0.850000         3179         6.67
     804.351     0.875000         3273         8.00
     847.871     0.887500         3320         8.89
     920.575     0.900000         3366        10.00
    1009.663     0.912500         3413        11.43
    1128.447     0.925000         3460        13.33
    1271.807     0.937500         3507        16.00
    1307.647     0.943750         3530        17.78
    1337.343     0.950000         3554        20.00
    1370.111     0.956250         3578        22.86
    1422.335     0.962500         3600        26.67
    1562.623     0.968750         3625        32.00
    1601.535     0.971875         3635        35.56
    1625.087     0.975000         3647        40.00
    1650.687     0.978125         3659        45.71
    1669.119     0.981250         3670        53.33
    1688.575     0.984375         3683        64.00
    1704.959     0.985938         3688        71.11
    1714.175     0.987500         3694        80.00
    1730.559     0.989062         3700        91.43
    1737.727     0.990625         3705       106.67
    1769.471     0.992188         3711       128.00
    1821.695     0.992969         3714       142.22
    1850.367     0.993750         3717       160.00
    1862.655     0.994531         3720       182.86
    1872.895     0.995313         3723       213.33
    1875.967     0.996094         3726       256.00
    1878.015     0.996484         3727       284.44
    1898.495     0.996875         3729       320.00
    1904.639     0.997266         3730       365.71
    1938.431     0.997656         3732       426.67
    1941.503     0.998047         3733       512.00
    1947.647     0.998242         3734       568.89
    1949.695     0.998437         3735       640.00
    1949.695     0.998633         3735       731.43
    1972.223     0.998828         3736       853.33
    1993.727     0.999023         3737      1024.00
    1993.727     0.999121         3737      1137.78
    2037.759     0.999219         3738      1280.00
    2037.759     0.999316         3738      1462.86
    2037.759     0.999414         3738      1706.67
    2074.623     0.999512         3739      2048.00
    2074.623     0.999561         3739      2275.56
    2074.623     0.999609         3739      2560.00
    2074.623     0.999658         3739      2925.71
    2074.623     0.999707         3739      3413.33
    2113.535     0.999756         3740      4096.00
    2113.535     1.000000         3740          inf
#[Mean    =      510.698, StdDeviation   =      366.239]
#[Max     =     2111.488, Total count    =         3740]
#[Buckets =           27, SubBuckets     =         2048]
-----------------------------------------------------------------------
  4472 requests in 1.00m, 1.33MB read
Requests/sec:     74.53  
Transfer/sec:     22.72KB
