Running 1m test @ http://10.102.244.59/?loopCount=25&base=6&exp=6
  5 threads and 5 connections

  Thread calibration: mean lat.: 52.564ms, rate sampling interval: 211ms
  Thread calibration: mean lat.: 53.962ms, rate sampling interval: 235ms
  Thread calibration: mean lat.: 48.572ms, rate sampling interval: 120ms
  Thread calibration: mean lat.: 42.305ms, rate sampling interval: 87ms
  Thread calibration: mean lat.: 54.633ms, rate sampling interval: 239ms

-----------------------------------------------------------------------
Test Results @ http://10.102.244.59/?loopCount=25&base=6&exp=6 
  Thread Stats   Avg      Stdev     99%   +/- Stdev
    Latency    47.82ms   20.26ms 122.75ms   90.72%
    Req/Sec     9.56      3.41    16.00     84.51%
  Latency Distribution (HdrHistogram - Recorded Latency)
 50.000%   41.92ms
 75.000%   43.10ms
 90.000%   54.08ms
 99.000%  122.75ms
 99.900%  133.50ms
 99.990%  205.31ms
 99.999%  205.31ms
100.000%  205.31ms

  Detailed Percentile spectrum:
       Value   Percentile   TotalCount 1/(1-Percentile)

      22.735     0.000000            1         1.00
      39.327     0.100000          252         1.11
      40.735     0.200000          505         1.25
      41.183     0.300000          773         1.43
      41.567     0.400000         1019         1.67
      41.919     0.500000         1251         2.00
      42.111     0.550000         1396         2.22
      42.303     0.600000         1508         2.50
      42.527     0.650000         1626         2.86
      42.815     0.700000         1761         3.33
      43.103     0.750000         1886         4.00
      43.295     0.775000         1948         4.44
      43.519     0.800000         2001         5.00
      44.095     0.825000         2065         5.71
      45.919     0.850000         2125         6.67
      50.239     0.875000         2188         8.00
      52.959     0.887500         2219         8.89
      54.079     0.900000         2251        10.00
      61.567     0.912500         2282        11.43
     105.407     0.925000         2313        13.33
     107.263     0.937500         2344        16.00
     108.351     0.943750         2361        17.78
     109.375     0.950000         2375        20.00
     111.359     0.956250         2392        22.86
     113.599     0.962500         2407        26.67
     114.879     0.968750         2422        32.00
     115.519     0.971875         2430        35.56
     116.351     0.975000         2438        40.00
     117.567     0.978125         2446        45.71
     118.847     0.981250         2455        53.33
     119.295     0.984375         2461        64.00
     120.639     0.985938         2465        71.11
     121.983     0.987500         2469        80.00
     122.687     0.989062         2474        91.43
     123.455     0.990625         2477       106.67
     125.311     0.992188         2481       128.00
     125.631     0.992969         2483       142.22
     126.271     0.993750         2485       160.00
     126.783     0.994531         2487       182.86
     127.231     0.995313         2489       213.33
     129.343     0.996094         2491       256.00
     129.663     0.996484         2492       284.44
     130.495     0.996875         2493       320.00
     131.967     0.997266         2494       365.71
     132.095     0.997656         2495       426.67
     132.351     0.998047         2496       512.00
     132.351     0.998242         2496       568.89
     132.607     0.998437         2497       640.00
     132.607     0.998633         2497       731.43
     133.503     0.998828         2498       853.33
     133.503     0.999023         2498      1024.00
     133.503     0.999121         2498      1137.78
     135.551     0.999219         2499      1280.00
     135.551     0.999316         2499      1462.86
     135.551     0.999414         2499      1706.67
     135.551     0.999512         2499      2048.00
     135.551     0.999561         2499      2275.56
     205.311     0.999609         2500      2560.00
     205.311     1.000000         2500          inf
#[Mean    =       47.823, StdDeviation   =       20.264]
#[Max     =      205.184, Total count    =         2500]
#[Buckets =           27, SubBuckets     =         2048]
-----------------------------------------------------------------------
  2995 requests in 1.00m, 0.89MB read
Requests/sec:     49.91  
Transfer/sec:     15.21KB
