Running 1m test @ http://10.107.164.151/?loopCount=25&base=6&exp=6
  5 threads and 5 connections

  Thread calibration: mean lat.: 137.984ms, rate sampling interval: 349ms
  Thread calibration: mean lat.: 212.806ms, rate sampling interval: 680ms
  Thread calibration: mean lat.: 187.142ms, rate sampling interval: 698ms
  Thread calibration: mean lat.: 312.650ms, rate sampling interval: 1113ms
  Thread calibration: mean lat.: 209.060ms, rate sampling interval: 559ms

-----------------------------------------------------------------------
Test Results @ http://10.107.164.151/?loopCount=25&base=6&exp=6 
  Thread Stats   Avg      Stdev     99%   +/- Stdev
    Latency     1.82s     1.36s    4.57s    55.95%
    Req/Sec     8.68      1.97    14.00     88.33%
  Latency Distribution (HdrHistogram - Recorded Latency)
 50.000%    1.47s 
 75.000%    3.07s 
 90.000%    3.75s 
 99.000%    4.57s 
 99.900%    4.95s 
 99.990%    4.96s 
 99.999%    4.96s 
100.000%    4.96s 

  Detailed Percentile spectrum:
       Value   Percentile   TotalCount 1/(1-Percentile)

      41.535     0.000000            1         1.00
     190.079     0.100000          232         1.11
     441.087     0.200000          464         1.25
     750.591     0.300000          696         1.43
    1063.935     0.400000          928         1.67
    1465.343     0.500000         1160         2.00
    1868.799     0.550000         1275         2.22
    2246.655     0.600000         1391         2.50
    2465.791     0.650000         1507         2.86
    2766.847     0.700000         1625         3.33
    3065.855     0.750000         1741         4.00
    3166.207     0.775000         1797         4.44
    3256.319     0.800000         1856         5.00
    3348.479     0.825000         1919         5.71
    3461.119     0.850000         1971         6.67
    3647.487     0.875000         2030         8.00
    3676.159     0.887500         2058         8.89
    3753.983     0.900000         2089        10.00
    3780.607     0.912500         2116        11.43
    3948.543     0.925000         2146        13.33
    4048.895     0.937500         2176        16.00
    4063.231     0.943750         2189        17.78
    4149.247     0.950000         2203        20.00
    4167.679     0.956250         2219        22.86
    4263.935     0.962500         2233        26.67
    4366.335     0.968750         2247        32.00
    4374.527     0.971875         2254        35.56
    4452.351     0.975000         2261        40.00
    4472.831     0.978125         2268        45.71
    4550.655     0.981250         2279        53.33
    4554.751     0.984375         2284        64.00
    4558.847     0.985938         2291        71.11
    4558.847     0.987500         2291        80.00
    4567.039     0.989062         2294        91.43
    4575.231     0.990625         2297       106.67
    4583.423     0.992188         2300       128.00
    4648.959     0.992969         2303       142.22
    4661.247     0.993750         2304       160.00
    4747.263     0.994531         2306       182.86
    4767.743     0.995313         2308       213.33
    4771.839     0.996094         2309       256.00
    4857.855     0.996484         2310       284.44
    4861.951     0.996875         2311       320.00
    4874.239     0.997266         2312       365.71
    4878.335     0.997656         2313       426.67
    4890.623     0.998047         2314       512.00
    4890.623     0.998242         2314       568.89
    4947.967     0.998437         2315       640.00
    4947.967     0.998633         2315       731.43
    4952.063     0.998828         2316       853.33
    4952.063     0.999023         2316      1024.00
    4952.063     0.999121         2316      1137.78
    4960.255     0.999219         2318      1280.00
    4960.255     1.000000         2318          inf
#[Mean    =     1823.964, StdDeviation   =     1357.536]
#[Max     =     4956.160, Total count    =         2318]
#[Buckets =           27, SubBuckets     =         2048]
-----------------------------------------------------------------------
  2806 requests in 1.00m, 856.33KB read
Requests/sec:     46.76  
Transfer/sec:     14.27KB
