Running 1m test @ http://10.100.134.99/?loopCount=25&base=6&exp=6
  1 threads and 1 connections

  Thread calibration: mean lat.: 2804.054ms, rate sampling interval: 8822ms

-----------------------------------------------------------------------
Test Results @ http://10.100.134.99/?loopCount=25&base=6&exp=6 
  Thread Stats   Avg      Stdev     99%   +/- Stdev
    Latency    13.50s     4.69s   20.22s    55.56%
    Req/Sec    16.40      1.20    18.00    100.00%
  Latency Distribution (HdrHistogram - Recorded Latency)
 50.000%   14.20s 
 75.000%   17.83s 
 90.000%   19.40s 
 99.000%   20.22s 
 99.900%   20.61s 
 99.990%   20.68s 
 99.999%   20.68s 
100.000%   20.68s 

  Detailed Percentile spectrum:
       Value   Percentile   TotalCount 1/(1-Percentile)

    4501.503     0.000000            1         1.00
    6737.919     0.100000           85         1.11
    8437.759     0.200000          170         1.25
    9715.711     0.300000          254         1.43
   12124.159     0.400000          339         1.67
   14204.927     0.500000          423         2.00
   15171.583     0.550000          468         2.22
   16015.359     0.600000          508         2.50
   16859.135     0.650000          550         2.86
   17006.591     0.700000          594         3.33
   17825.791     0.750000          638         4.00
   18120.703     0.775000          662         4.44
   18268.159     0.800000          685         5.00
   18399.231     0.825000          698         5.71
   18710.527     0.850000          720         6.67
   19333.119     0.875000          741         8.00
   19365.887     0.887500          753         8.89
   19431.423     0.900000          763        10.00
   19562.495     0.912500          772        11.43
   19709.951     0.925000          789        13.33
   19726.335     0.937500          794        16.00
   19857.407     0.943750          800        17.78
   19906.559     0.950000          810        20.00
   19906.559     0.956250          810        22.86
   19955.711     0.962500          815        26.67
   20070.399     0.968750          820        32.00
   20086.783     0.971875          829        35.56
   20086.783     0.975000          829        40.00
   20086.783     0.978125          829        45.71
   20103.167     0.981250          834        53.33
   20103.167     0.984375          834        64.00
   20119.551     0.985938          835        71.11
   20168.703     0.987500          837        80.00
   20168.703     0.989062          837        91.43
   20283.391     0.990625          839       106.67
   20414.463     0.992188          840       128.00
   20463.615     0.992969          842       142.22
   20463.615     0.993750          842       160.00
   20463.615     0.994531          842       182.86
   20512.767     0.995313          843       213.33
   20512.767     0.996094          843       256.00
   20561.919     0.996484          844       284.44
   20561.919     0.996875          844       320.00
   20561.919     0.997266          844       365.71
   20611.071     0.997656          845       426.67
   20611.071     0.998047          845       512.00
   20611.071     0.998242          845       568.89
   20611.071     0.998437          845       640.00
   20611.071     0.998633          845       731.43
   20676.607     0.998828          846       853.33
   20676.607     1.000000          846          inf
#[Mean    =    13504.580, StdDeviation   =     4692.874]
#[Max     =    20660.224, Total count    =          846]
#[Buckets =           27, SubBuckets     =         2048]
-----------------------------------------------------------------------
  984 requests in 1.00m, 299.88KB read
Requests/sec:     16.40  
Transfer/sec:      5.00KB
