Running 1m test @ http://10.96.158.146/?loopCount=25&base=6&exp=6
  5 threads and 5 connections

  Thread calibration: mean lat.: 1998.096ms, rate sampling interval: 6283ms
  Thread calibration: mean lat.: 1769.609ms, rate sampling interval: 6029ms
  Thread calibration: mean lat.: 1869.893ms, rate sampling interval: 6438ms
  Thread calibration: mean lat.: 917.565ms, rate sampling interval: 3842ms
  Thread calibration: mean lat.: 1264.802ms, rate sampling interval: 4038ms

-----------------------------------------------------------------------
Test Results @ http://10.96.158.146/?loopCount=25&base=6&exp=6 
  Thread Stats   Avg      Stdev     99%   +/- Stdev
    Latency    11.09s     5.41s   22.28s    60.45%
    Req/Sec     9.72      1.44    14.00     91.49%
  Latency Distribution (HdrHistogram - Recorded Latency)
 50.000%   10.09s 
 75.000%   15.03s 
 90.000%   19.64s 
 99.000%   22.28s 
 99.900%   22.76s 
 99.990%   22.89s 
 99.999%   22.89s 
100.000%   22.89s 

  Detailed Percentile spectrum:
       Value   Percentile   TotalCount 1/(1-Percentile)

    1994.751     0.000000            1         1.00
    4730.879     0.100000          251         1.11
    5758.975     0.200000          502         1.25
    7426.047     0.300000          752         1.43
    8839.167     0.400000         1003         1.67
   10092.543     0.500000         1253         2.00
   10919.935     0.550000         1379         2.22
   11894.783     0.600000         1504         2.50
   12804.095     0.650000         1630         2.86
   14032.895     0.700000         1755         3.33
   15032.319     0.750000         1880         4.00
   15777.791     0.775000         1943         4.44
   16556.031     0.800000         2005         5.00
   17170.431     0.825000         2068         5.71
   17940.479     0.850000         2132         6.67
   18677.759     0.875000         2193         8.00
   19136.511     0.887500         2225         8.89
   19644.415     0.900000         2257        10.00
   20070.399     0.912500         2289        11.43
   20365.311     0.925000         2319        13.33
   20643.839     0.937500         2351        16.00
   20840.447     0.943750         2366        17.78
   21020.671     0.950000         2381        20.00
   21184.511     0.956250         2397        22.86
   21430.271     0.962500         2414        26.67
   21807.103     0.968750         2428        32.00
   21889.023     0.971875         2438        35.56
   21954.559     0.975000         2445        40.00
   22003.711     0.978125         2453        45.71
   22085.631     0.981250         2461        53.33
   22118.399     0.984375         2467        64.00
   22183.935     0.985938         2471        71.11
   22249.471     0.987500         2476        80.00
   22282.239     0.989062         2481        91.43
   22315.007     0.990625         2483       106.67
   22380.543     0.992188         2488       128.00
   22396.927     0.992969         2489       142.22
   22429.695     0.993750         2492       160.00
   22495.231     0.994531         2493       182.86
   22577.151     0.995313         2495       213.33
   22691.839     0.996094         2498       256.00
   22691.839     0.996484         2498       284.44
   22708.223     0.996875         2499       320.00
   22724.607     0.997266         2502       365.71
   22724.607     0.997656         2502       426.67
   22724.607     0.998047         2502       512.00
   22724.607     0.998242         2502       568.89
   22757.375     0.998437         2503       640.00
   22757.375     0.998633         2503       731.43
   22839.295     0.998828         2504       853.33
   22839.295     0.999023         2504      1024.00
   22839.295     0.999121         2504      1137.78
   22855.679     0.999219         2505      1280.00
   22855.679     0.999316         2505      1462.86
   22855.679     0.999414         2505      1706.67
   22855.679     0.999512         2505      2048.00
   22855.679     0.999561         2505      2275.56
   22888.447     0.999609         2506      2560.00
   22888.447     1.000000         2506          inf
#[Mean    =    11093.604, StdDeviation   =     5406.497]
#[Max     =    22872.064, Total count    =         2506]
#[Buckets =           27, SubBuckets     =         2048]
-----------------------------------------------------------------------
  3022 requests in 1.00m, 0.90MB read
Requests/sec:     50.36  
Transfer/sec:     15.36KB
