Running 1m test @ http://10.99.199.129/?loopCount=25&base=6&exp=6
  1 threads and 1 connections

  Thread calibration: mean lat.: 2428.741ms, rate sampling interval: 7245ms

-----------------------------------------------------------------------
Test Results @ http://10.99.199.129/?loopCount=25&base=6&exp=6 
  Thread Stats   Avg      Stdev     99%   +/- Stdev
    Latency     9.53s     3.38s   14.59s    53.33%
    Req/Sec    18.83      0.69    20.00    100.00%
  Latency Distribution (HdrHistogram - Recorded Latency)
 50.000%    9.64s 
 75.000%   12.50s 
 90.000%   14.23s 
 99.000%   14.59s 
 99.900%   14.61s 
 99.990%   14.61s 
 99.999%   14.61s 
100.000%   14.61s 

  Detailed Percentile spectrum:
       Value   Percentile   TotalCount 1/(1-Percentile)

    3692.543     0.000000            1         1.00
    4886.527     0.100000          101         1.11
    5779.455     0.200000          199         1.25
    6897.663     0.300000          296         1.43
    8462.335     0.400000          391         1.67
    9641.983     0.500000          490         2.00
   10477.567     0.550000          538         2.22
   11296.767     0.600000          591         2.50
   11673.599     0.650000          642         2.86
   11935.743     0.700000          687         3.33
   12500.991     0.750000          734         4.00
   12763.135     0.775000          759         4.44
   13123.583     0.800000          782         5.00
   13516.799     0.825000          811         5.71
   13656.063     0.850000          832         6.67
   13893.631     0.875000          859         8.00
   13975.551     0.887500          869         8.89
   14229.503     0.900000          887        10.00
   14245.887     0.912500          901        11.43
   14254.079     0.925000          909        13.33
   14270.463     0.937500          922        16.00
   14278.655     0.943750          924        17.78
   14319.615     0.950000          936        20.00
   14319.615     0.956250          936        22.86
   14327.807     0.962500          941        26.67
   14344.191     0.968750          949        32.00
   14368.767     0.971875          951        35.56
   14409.727     0.975000          953        40.00
   14467.071     0.978125          958        45.71
   14475.263     0.981250          959        53.33
   14483.455     0.984375          963        64.00
   14491.647     0.985938          964        71.11
   14508.031     0.987500          965        80.00
   14589.951     0.989062          969        91.43
   14589.951     0.990625          969       106.67
   14606.335     0.992188          976       128.00
   14606.335     0.992969          976       142.22
   14606.335     0.993750          976       160.00
   14606.335     0.994531          976       182.86
   14606.335     0.995313          976       213.33
   14606.335     0.996094          976       256.00
   14606.335     0.996484          976       284.44
   14606.335     0.996875          976       320.00
   14606.335     0.997266          976       365.71
   14606.335     0.997656          976       426.67
   14606.335     0.998047          976       512.00
   14606.335     0.998242          976       568.89
   14606.335     0.998437          976       640.00
   14606.335     0.998633          976       731.43
   14606.335     0.998828          976       853.33
   14614.527     0.999023          977      1024.00
   14614.527     1.000000          977          inf
#[Mean    =     9528.163, StdDeviation   =     3382.310]
#[Max     =    14606.336, Total count    =          977]
#[Buckets =           27, SubBuckets     =         2048]
-----------------------------------------------------------------------
  1134 requests in 1.00m, 345.55KB read
Requests/sec:     18.90  
Transfer/sec:      5.76KB
