Running 1m test @ http://10.97.218.196/?loopCount=25&base=6&exp=6
  1 threads and 1 connections

  Thread calibration: mean lat.: 664.263ms, rate sampling interval: 2081ms

-----------------------------------------------------------------------
Test Results @ http://10.97.218.196/?loopCount=25&base=6&exp=6 
  Thread Stats   Avg      Stdev     99%   +/- Stdev
    Latency     3.66s     1.32s    5.98s    63.10%
    Req/Sec    22.04      1.51    24.00     91.67%
  Latency Distribution (HdrHistogram - Recorded Latency)
 50.000%    3.67s 
 75.000%    4.70s 
 90.000%    5.48s 
 99.000%    5.98s 
 99.900%    6.08s 
 99.990%    6.13s 
 99.999%    6.13s 
100.000%    6.13s 

  Detailed Percentile spectrum:
       Value   Percentile   TotalCount 1/(1-Percentile)

    1068.031     0.000000            2         1.00
    1950.719     0.100000          113         1.11
    2353.151     0.200000          225         1.25
    2824.191     0.300000          339         1.43
    3428.351     0.400000          456         1.67
    3670.015     0.500000          562         2.00
    3903.487     0.550000          618         2.22
    4106.239     0.600000          674         2.50
    4235.263     0.650000          735         2.86
    4452.351     0.700000          788         3.33
    4702.207     0.750000          845         4.00
    4718.591     0.775000          876         4.44
    4878.335     0.800000          900         5.00
    5017.599     0.825000          926         5.71
    5345.279     0.850000          954         6.67
    5464.063     0.875000          987         8.00
    5472.255     0.887500         1003         8.89
    5476.351     0.900000         1011        10.00
    5636.095     0.912500         1024        11.43
    5648.383     0.925000         1040        13.33
    5746.687     0.937500         1053        16.00
    5750.783     0.943750         1059        17.78
    5754.879     0.950000         1067        20.00
    5758.975     0.956250         1075        22.86
    5763.071     0.962500         1082        26.67
    5771.263     0.968750         1087        32.00
    5795.839     0.971875         1092        35.56
    5804.031     0.975000         1094        40.00
    5857.279     0.978125         1098        45.71
    5873.663     0.981250         1104        53.33
    5877.759     0.984375         1105        64.00
    5951.487     0.985938         1107        71.11
    5980.159     0.987500         1109        80.00
    5984.255     0.989062         1115        91.43
    5984.255     0.990625         1115       106.67
    5984.255     0.992188         1115       128.00
    5984.255     0.992969         1115       142.22
    5984.255     0.993750         1115       160.00
    5992.447     0.994531         1116       182.86
    6045.695     0.995313         1118       213.33
    6045.695     0.996094         1118       256.00
    6057.983     0.996484         1120       284.44
    6057.983     0.996875         1120       320.00
    6057.983     0.997266         1120       365.71
    6057.983     0.997656         1120       426.67
    6057.983     0.998047         1120       512.00
    6078.463     0.998242         1121       568.89
    6078.463     0.998437         1121       640.00
    6078.463     0.998633         1121       731.43
    6078.463     0.998828         1121       853.33
    6078.463     0.999023         1121      1024.00
    6127.615     0.999121         1122      1137.78
    6127.615     1.000000         1122          inf
#[Mean    =     3659.308, StdDeviation   =     1321.857]
#[Max     =     6123.520, Total count    =         1122]
#[Buckets =           27, SubBuckets     =         2048]
-----------------------------------------------------------------------
  1345 requests in 1.00m, 409.81KB read
Requests/sec:     22.42  
Transfer/sec:      6.83KB
