Running 1m test @ http://10.105.168.171/?loopCount=25&base=6&exp=6
  5 threads and 5 connections

  Thread calibration: mean lat.: 129.758ms, rate sampling interval: 513ms
  Thread calibration: mean lat.: 109.359ms, rate sampling interval: 389ms
  Thread calibration: mean lat.: 112.012ms, rate sampling interval: 466ms
  Thread calibration: mean lat.: 107.156ms, rate sampling interval: 408ms
  Thread calibration: mean lat.: 133.289ms, rate sampling interval: 522ms

-----------------------------------------------------------------------
Test Results @ http://10.105.168.171/?loopCount=25&base=6&exp=6 
  Thread Stats   Avg      Stdev     99%   +/- Stdev
    Latency   678.15ms  373.92ms   1.50s    60.51%
    Req/Sec    14.45      2.90    21.00     82.33%
  Latency Distribution (HdrHistogram - Recorded Latency)
 50.000%  661.50ms
 75.000%  996.86ms
 90.000%    1.19s 
 99.000%    1.50s 
 99.900%    1.60s 
 99.990%    1.65s 
 99.999%    1.65s 
100.000%    1.65s 

  Detailed Percentile spectrum:
       Value   Percentile   TotalCount 1/(1-Percentile)

      32.991     0.000000            1         1.00
     186.111     0.100000          373         1.11
     308.735     0.200000          746         1.25
     421.631     0.300000         1119         1.43
     527.871     0.400000         1492         1.67
     661.503     0.500000         1869         2.00
     708.607     0.550000         2054         2.22
     760.319     0.600000         2238         2.50
     845.311     0.650000         2425         2.86
     921.599     0.700000         2611         3.33
     996.863     0.750000         2800         4.00
    1027.071     0.775000         2893         4.44
    1050.623     0.800000         2984         5.00
    1080.319     0.825000         3080         5.71
    1113.087     0.850000         3172         6.67
    1147.903     0.875000         3265         8.00
    1165.311     0.887500         3314         8.89
    1189.887     0.900000         3358        10.00
    1220.607     0.912500         3404        11.43
    1249.279     0.925000         3451        13.33
    1276.927     0.937500         3497        16.00
    1291.263     0.943750         3521        17.78
    1298.431     0.950000         3544        20.00
    1311.743     0.956250         3569        22.86
    1320.959     0.962500         3591        26.67
    1332.223     0.968750         3615        32.00
    1336.319     0.971875         3626        35.56
    1345.535     0.975000         3637        40.00
    1359.871     0.978125         3651        45.71
    1377.279     0.981250         3661        53.33
    1412.095     0.984375         3672        64.00
    1443.839     0.985938         3678        71.11
    1461.247     0.987500         3684        80.00
    1491.967     0.989062         3690        91.43
    1510.399     0.990625         3696       106.67
    1514.495     0.992188         3701       128.00
    1518.591     0.992969         3704       142.22
    1525.759     0.993750         3707       160.00
    1541.119     0.994531         3710       182.86
    1546.239     0.995313         3713       213.33
    1551.359     0.996094         3716       256.00
    1565.695     0.996484         3717       284.44
    1571.839     0.996875         3720       320.00
    1571.839     0.997266         3720       365.71
    1586.175     0.997656         3722       426.67
    1593.343     0.998047         3723       512.00
    1595.391     0.998242         3725       568.89
    1595.391     0.998437         3725       640.00
    1595.391     0.998633         3725       731.43
    1597.439     0.998828         3726       853.33
    1617.919     0.999023         3727      1024.00
    1617.919     0.999121         3727      1137.78
    1620.991     0.999219         3728      1280.00
    1620.991     0.999316         3728      1462.86
    1620.991     0.999414         3728      1706.67
    1635.327     0.999512         3729      2048.00
    1635.327     0.999561         3729      2275.56
    1635.327     0.999609         3729      2560.00
    1635.327     0.999658         3729      2925.71
    1635.327     0.999707         3729      3413.33
    1645.567     0.999756         3730      4096.00
    1645.567     1.000000         3730          inf
#[Mean    =      678.149, StdDeviation   =      373.922]
#[Max     =     1644.544, Total count    =         3730]
#[Buckets =           27, SubBuckets     =         2048]
-----------------------------------------------------------------------
  4464 requests in 1.00m, 1.33MB read
Requests/sec:     74.39  
Transfer/sec:     22.67KB
