Running 1m test @ http://10.110.211.94/?loopCount=25&base=6&exp=6
  5 threads and 5 connections

  Thread calibration: mean lat.: 83.698ms, rate sampling interval: 335ms
  Thread calibration: mean lat.: 69.309ms, rate sampling interval: 251ms
  Thread calibration: mean lat.: 87.388ms, rate sampling interval: 420ms
  Thread calibration: mean lat.: 86.832ms, rate sampling interval: 389ms
  Thread calibration: mean lat.: 71.507ms, rate sampling interval: 243ms

-----------------------------------------------------------------------
Test Results @ http://10.110.211.94/?loopCount=25&base=6&exp=6 
  Thread Stats   Avg      Stdev     99%   +/- Stdev
    Latency   101.81ms   76.51ms 359.68ms   83.95%
    Req/Sec     9.46      2.83    16.00     83.62%
  Latency Distribution (HdrHistogram - Recorded Latency)
 50.000%   74.56ms
 75.000%  152.45ms
 90.000%  210.05ms
 99.000%  359.68ms
 99.900%  424.70ms
 99.990%  474.11ms
 99.999%  474.11ms
100.000%  474.11ms

  Detailed Percentile spectrum:
       Value   Percentile   TotalCount 1/(1-Percentile)

      21.855     0.000000            1         1.00
      40.575     0.100000          251         1.11
      40.991     0.200000          500         1.25
      41.567     0.300000          757         1.43
      45.567     0.400000         1000         1.67
      74.559     0.500000         1250         2.00
      85.183     0.550000         1376         2.22
      94.591     0.600000         1500         2.50
     103.359     0.650000         1625         2.86
     118.911     0.700000         1750         3.33
     152.831     0.750000         1875         4.00
     162.175     0.775000         1937         4.44
     166.399     0.800000         2000         5.00
     170.879     0.825000         2063         5.71
     178.943     0.850000         2126         6.67
     190.591     0.875000         2187         8.00
     201.983     0.887500         2218         8.89
     211.199     0.900000         2251        10.00
     225.919     0.912500         2281        11.43
     247.807     0.925000         2312        13.33
     261.119     0.937500         2344        16.00
     262.399     0.943750         2359        17.78
     266.495     0.950000         2377        20.00
     269.567     0.956250         2390        22.86
     273.407     0.962500         2407        26.67
     277.247     0.968750         2421        32.00
     280.831     0.971875         2429        35.56
     286.207     0.975000         2437        40.00
     299.519     0.978125         2445        45.71
     307.967     0.981250         2453        53.33
     316.415     0.984375         2460        64.00
     325.119     0.985938         2464        71.11
     329.983     0.987500         2468        80.00
     358.143     0.989062         2472        91.43
     359.935     0.990625         2476       106.67
     364.543     0.992188         2480       128.00
     366.847     0.992969         2482       142.22
     371.455     0.993750         2484       160.00
     371.711     0.994531         2486       182.86
     372.223     0.995313         2488       213.33
     374.015     0.996094         2490       256.00
     376.319     0.996484         2491       284.44
     377.599     0.996875         2492       320.00
     380.415     0.997266         2493       365.71
     386.559     0.997656         2494       426.67
     386.815     0.998047         2495       512.00
     386.815     0.998242         2495       568.89
     388.863     0.998437         2496       640.00
     388.863     0.998633         2496       731.43
     424.703     0.998828         2497       853.33
     424.703     0.999023         2497      1024.00
     424.703     0.999121         2497      1137.78
     472.319     0.999219         2498      1280.00
     472.319     0.999316         2498      1462.86
     472.319     0.999414         2498      1706.67
     472.319     0.999512         2498      2048.00
     472.319     0.999561         2498      2275.56
     474.111     0.999609         2499      2560.00
     474.111     1.000000         2499          inf
#[Mean    =      101.807, StdDeviation   =       76.505]
#[Max     =      473.856, Total count    =         2499]
#[Buckets =           27, SubBuckets     =         2048]
-----------------------------------------------------------------------
  2994 requests in 1.00m, 0.89MB read
Requests/sec:     49.90  
Transfer/sec:     15.21KB
