Running 1m test @ http://10.102.62.147/?loopCount=25&base=6&exp=6
  5 threads and 5 connections

  Thread calibration: mean lat.: 57.384ms, rate sampling interval: 167ms
  Thread calibration: mean lat.: 54.227ms, rate sampling interval: 156ms
  Thread calibration: mean lat.: 55.294ms, rate sampling interval: 155ms
  Thread calibration: mean lat.: 59.197ms, rate sampling interval: 181ms
  Thread calibration: mean lat.: 56.328ms, rate sampling interval: 172ms

-----------------------------------------------------------------------
Test Results @ http://10.102.62.147/?loopCount=25&base=6&exp=6 
  Thread Stats   Avg      Stdev     99%   +/- Stdev
    Latency    45.59ms   11.98ms  81.15ms   76.60%
    Req/Sec     9.44      2.86    12.00     86.00%
  Latency Distribution (HdrHistogram - Recorded Latency)
 50.000%   41.69ms
 75.000%   42.91ms
 90.000%   64.61ms
 99.000%   81.15ms
 99.900%   96.00ms
 99.990%  150.27ms
 99.999%  150.27ms
100.000%  150.27ms

  Detailed Percentile spectrum:
       Value   Percentile   TotalCount 1/(1-Percentile)

      21.599     0.000000            1         1.00
      38.495     0.100000          251         1.11
      40.671     0.200000          506         1.25
      41.087     0.300000          770         1.43
      41.407     0.400000         1024         1.67
      41.695     0.500000         1261         2.00
      41.887     0.550000         1391         2.22
      42.047     0.600000         1511         2.50
      42.239     0.650000         1632         2.86
      42.463     0.700000         1754         3.33
      42.911     0.750000         1875         4.00
      43.423     0.775000         1938         4.44
      47.615     0.800000         2000         5.00
      58.335     0.825000         2064         5.71
      61.119     0.850000         2127         6.67
      61.887     0.875000         2191         8.00
      62.367     0.887500         2219         8.89
      64.607     0.900000         2250        10.00
      66.431     0.912500         2283        11.43
      68.607     0.925000         2313        13.33
      69.823     0.937500         2345        16.00
      70.591     0.943750         2360        17.78
      72.255     0.950000         2375        20.00
      73.791     0.956250         2391        22.86
      75.583     0.962500         2408        26.67
      77.055     0.968750         2423        32.00
      77.119     0.971875         2430        35.56
      77.247     0.975000         2438        40.00
      77.439     0.978125         2447        45.71
      77.695     0.981250         2454        53.33
      78.143     0.984375         2463        64.00
      78.463     0.985938         2465        71.11
      79.039     0.987500         2469        80.00
      81.023     0.989062         2474        91.43
      81.343     0.990625         2477       106.67
      81.919     0.992188         2481       128.00
      82.495     0.992969         2483       142.22
      82.879     0.993750         2485       160.00
      84.095     0.994531         2487       182.86
      86.655     0.995313         2489       213.33
      89.279     0.996094         2491       256.00
      90.943     0.996484         2492       284.44
      91.967     0.996875         2493       320.00
      93.951     0.997266         2494       365.71
      94.143     0.997656         2495       426.67
      95.103     0.998047         2496       512.00
      95.103     0.998242         2496       568.89
      95.167     0.998437         2497       640.00
      95.167     0.998633         2497       731.43
      95.999     0.998828         2498       853.33
      95.999     0.999023         2498      1024.00
      95.999     0.999121         2498      1137.78
     148.863     0.999219         2499      1280.00
     148.863     0.999316         2499      1462.86
     148.863     0.999414         2499      1706.67
     148.863     0.999512         2499      2048.00
     148.863     0.999561         2499      2275.56
     150.271     0.999609         2500      2560.00
     150.271     1.000000         2500          inf
#[Mean    =       45.589, StdDeviation   =       11.979]
#[Max     =      150.144, Total count    =         2500]
#[Buckets =           27, SubBuckets     =         2048]
-----------------------------------------------------------------------
  2995 requests in 1.00m, 0.89MB read
Requests/sec:     49.91  
Transfer/sec:     15.21KB
