Running 1m test @ http://10.96.158.146/?loopCount=25&base=6&exp=6
  5 threads and 5 connections

  Thread calibration: mean lat.: 168.655ms, rate sampling interval: 725ms
  Thread calibration: mean lat.: 375.852ms, rate sampling interval: 944ms
  Thread calibration: mean lat.: 523.791ms, rate sampling interval: 1362ms
  Thread calibration: mean lat.: 339.204ms, rate sampling interval: 1064ms
  Thread calibration: mean lat.: 609.766ms, rate sampling interval: 1523ms

-----------------------------------------------------------------------
Test Results @ http://10.96.158.146/?loopCount=25&base=6&exp=6 
  Thread Stats   Avg      Stdev     99%   +/- Stdev
    Latency     2.03s     1.52s    5.17s    64.69%
    Req/Sec     8.65      1.78    12.00     92.31%
  Latency Distribution (HdrHistogram - Recorded Latency)
 50.000%    1.54s 
 75.000%    3.46s 
 90.000%    4.26s 
 99.000%    5.17s 
 99.900%    5.34s 
 99.990%    5.35s 
 99.999%    5.35s 
100.000%    5.35s 

  Detailed Percentile spectrum:
       Value   Percentile   TotalCount 1/(1-Percentile)

      56.863     0.000000            1         1.00
     453.631     0.100000          229         1.11
     640.511     0.200000          458         1.25
     767.999     0.300000          684         1.43
     985.087     0.400000          911         1.67
    1538.047     0.500000         1139         2.00
    1757.183     0.550000         1253         2.22
    2265.087     0.600000         1367         2.50
    2840.575     0.650000         1481         2.86
    3158.015     0.700000         1595         3.33
    3463.167     0.750000         1708         4.00
    3565.567     0.775000         1765         4.44
    3747.839     0.800000         1825         5.00
    3842.047     0.825000         1884         5.71
    3866.623     0.850000         1938         6.67
    4139.007     0.875000         1994         8.00
    4171.775     0.887500         2021         8.89
    4263.935     0.900000         2054        10.00
    4362.239     0.912500         2079        11.43
    4460.543     0.925000         2107        13.33
    4546.559     0.937500         2139        16.00
    4562.943     0.943750         2150        17.78
    4653.055     0.950000         2164        20.00
    4743.167     0.956250         2181        22.86
    4763.647     0.962500         2193        26.67
    4845.567     0.968750         2206        32.00
    4853.759     0.971875         2214        35.56
    4939.775     0.975000         2223        40.00
    4952.063     0.978125         2229        45.71
    5058.559     0.981250         2236        53.33
    5156.863     0.984375         2246        64.00
    5156.863     0.985938         2246        71.11
    5160.959     0.987500         2250        80.00
    5165.055     0.989062         2254        91.43
    5169.151     0.990625         2256       106.67
    5238.783     0.992188         2264       128.00
    5238.783     0.992969         2264       142.22
    5238.783     0.993750         2264       160.00
    5242.879     0.994531         2268       182.86
    5242.879     0.995313         2268       213.33
    5246.975     0.996094         2270       256.00
    5246.975     0.996484         2270       284.44
    5246.975     0.996875         2270       320.00
    5251.071     0.997266         2272       365.71
    5251.071     0.997656         2272       426.67
    5259.263     0.998047         2273       512.00
    5259.263     0.998242         2273       568.89
    5263.359     0.998437         2274       640.00
    5263.359     0.998633         2274       731.43
    5337.087     0.998828         2275       853.33
    5337.087     0.999023         2275      1024.00
    5337.087     0.999121         2275      1137.78
    5349.375     0.999219         2276      1280.00
    5349.375     0.999316         2276      1462.86
    5349.375     0.999414         2276      1706.67
    5349.375     0.999512         2276      2048.00
    5349.375     0.999561         2276      2275.56
    5353.471     0.999609         2277      2560.00
    5353.471     1.000000         2277          inf
#[Mean    =     2033.576, StdDeviation   =     1518.188]
#[Max     =     5349.376, Total count    =         2277]
#[Buckets =           27, SubBuckets     =         2048]
-----------------------------------------------------------------------
  2744 requests in 1.00m, 837.37KB read
Requests/sec:     45.73  
Transfer/sec:     13.95KB
