Running 1m test @ http://10.108.10.66/?loopCount=25&base=6&exp=6
  1 threads and 1 connections

  Thread calibration: mean lat.: 3143.011ms, rate sampling interval: 11509ms

-----------------------------------------------------------------------
Test Results @ http://10.108.10.66/?loopCount=25&base=6&exp=6 
  Thread Stats   Avg      Stdev     99%   +/- Stdev
    Latency    20.72s     8.21s   34.11s    55.91%
    Req/Sec    10.25      0.43    11.00    100.00%
  Latency Distribution (HdrHistogram - Recorded Latency)
 50.000%   20.68s 
 75.000%   28.44s 
 90.000%   32.33s 
 99.000%   34.11s 
 99.900%   34.21s 
 99.990%   34.21s 
 99.999%   34.21s 
100.000%   34.21s 

  Detailed Percentile spectrum:
       Value   Percentile   TotalCount 1/(1-Percentile)

    6541.311     0.000000            1         1.00
    9445.375     0.100000           56         1.11
   12222.463     0.200000          112         1.25
   14712.831     0.300000          168         1.43
   17760.255     0.400000          224         1.67
   20676.607     0.500000          282         2.00
   21659.647     0.550000          307         2.22
   23117.823     0.600000          335         2.50
   25001.983     0.650000          363         2.86
   26460.159     0.700000          391         3.33
   28442.623     0.750000          419         4.00
   29278.207     0.775000          433         4.44
   29818.879     0.800000          454         5.00
   30162.943     0.825000          462         5.71
   30916.607     0.850000          475         6.67
   31571.967     0.875000          489         8.00
   31981.567     0.887500          496         8.89
   32374.783     0.900000          503        10.00
   32620.543     0.912500          510        11.43
   32915.455     0.925000          517        13.33
   33062.911     0.937500          524        16.00
   33095.679     0.943750          527        17.78
   33177.599     0.950000          531        20.00
   33259.519     0.956250          534        22.86
   33472.511     0.962500          538        26.67
   33652.735     0.968750          541        32.00
   33718.271     0.971875          543        35.56
   33816.575     0.975000          545        40.00
   33882.111     0.978125          546        45.71
   33980.415     0.981250          548        53.33
   34045.951     0.984375          550        64.00
   34078.719     0.985938          551        71.11
   34111.487     0.987500          552        80.00
   34111.487     0.989062          552        91.43
   34177.023     0.990625          554       106.67
   34177.023     0.992188          554       128.00
   34209.791     0.992969          558       142.22
   34209.791     1.000000          558          inf
#[Mean    =    20721.268, StdDeviation   =     8207.679]
#[Max     =    34177.024, Total count    =          558]
#[Buckets =           27, SubBuckets     =         2048]
-----------------------------------------------------------------------
  645 requests in 1.00m, 196.74KB read
Requests/sec:     10.75  
Transfer/sec:      3.28KB
