Running 1m test @ http://10.105.168.171/?loopCount=25&base=6&exp=6
  1 threads and 1 connections

  Thread calibration: mean lat.: 541.883ms, rate sampling interval: 2014ms

-----------------------------------------------------------------------
Test Results @ http://10.105.168.171/?loopCount=25&base=6&exp=6 
  Thread Stats   Avg      Stdev     99%   +/- Stdev
    Latency     3.81s     1.54s    6.24s    57.91%
    Req/Sec    21.83      1.52    25.00     91.67%
  Latency Distribution (HdrHistogram - Recorded Latency)
 50.000%    3.86s 
 75.000%    5.13s 
 90.000%    5.91s 
 99.000%    6.24s 
 99.900%    6.32s 
 99.990%    6.33s 
 99.999%    6.33s 
100.000%    6.33s 

  Detailed Percentile spectrum:
       Value   Percentile   TotalCount 1/(1-Percentile)

    1052.671     0.000000            1         1.00
    1744.895     0.100000          113         1.11
    2101.247     0.200000          225         1.25
    2625.535     0.300000          336         1.43
    3174.399     0.400000          448         1.67
    3858.431     0.500000          560         2.00
    4231.167     0.550000          618         2.22
    4640.767     0.600000          675         2.50
    4759.551     0.650000          730         2.86
    4993.023     0.700000          786         3.33
    5132.287     0.750000          847         4.00
    5152.767     0.775000          869         4.44
    5324.799     0.800000          897         5.00
    5369.855     0.825000          929         5.71
    5648.383     0.850000          952         6.67
    5853.183     0.875000          983         8.00
    5902.335     0.887500          998         8.89
    5906.431     0.900000         1009        10.00
    5967.871     0.912500         1023        11.43
    6012.927     0.925000         1039        13.33
    6045.695     0.937500         1052        16.00
    6049.791     0.943750         1065        17.78
    6049.791     0.950000         1065        20.00
    6119.423     0.956250         1072        22.86
    6152.191     0.962500         1078        26.67
    6197.247     0.968750         1085        32.00
    6205.439     0.971875         1089        35.56
    6213.631     0.975000         1096        40.00
    6213.631     0.978125         1096        45.71
    6217.727     0.981250         1106        53.33
    6217.727     0.984375         1106        64.00
    6217.727     0.985938         1106        71.11
    6217.727     0.987500         1106        80.00
    6238.207     0.989062         1108        91.43
    6270.975     0.990625         1110       106.67
    6287.359     0.992188         1112       128.00
    6287.359     0.992969         1112       142.22
    6311.935     0.993750         1114       160.00
    6311.935     0.994531         1114       182.86
    6311.935     0.995313         1114       213.33
    6316.031     0.996094         1115       256.00
    6324.223     0.996484         1118       284.44
    6324.223     0.996875         1118       320.00
    6324.223     0.997266         1118       365.71
    6324.223     0.997656         1118       426.67
    6324.223     0.998047         1118       512.00
    6324.223     0.998242         1118       568.89
    6324.223     0.998437         1118       640.00
    6324.223     0.998633         1118       731.43
    6324.223     0.998828         1118       853.33
    6324.223     0.999023         1118      1024.00
    6332.415     0.999121         1119      1137.78
    6332.415     1.000000         1119          inf
#[Mean    =     3810.250, StdDeviation   =     1536.887]
#[Max     =     6328.320, Total count    =         1119]
#[Buckets =           27, SubBuckets     =         2048]
-----------------------------------------------------------------------
  1342 requests in 1.00m, 408.90KB read
Requests/sec:     22.37  
Transfer/sec:      6.81KB
