Running 1m test @ http://10.108.208.72/?loopCount=25&base=6&exp=6
  1 threads and 1 connections

  Thread calibration: mean lat.: 57.006ms, rate sampling interval: 148ms

-----------------------------------------------------------------------
Test Results @ http://10.108.208.72/?loopCount=25&base=6&exp=6 
  Thread Stats   Avg      Stdev     99%   +/- Stdev
    Latency   114.62ms   62.64ms 258.69ms   61.96%
    Req/Sec    24.84      3.27    27.00     68.55%
  Latency Distribution (HdrHistogram - Recorded Latency)
 50.000%  103.55ms
 75.000%  143.87ms
 90.000%  223.10ms
 99.000%  258.69ms
 99.900%  263.17ms
 99.990%  264.19ms
 99.999%  264.19ms
100.000%  264.19ms

  Detailed Percentile spectrum:
       Value   Percentile   TotalCount 1/(1-Percentile)

      24.735     0.000000            1         1.00
      43.999     0.100000          125         1.11
      52.543     0.200000          251         1.25
      70.079     0.300000          375         1.43
      90.111     0.400000          500         1.67
     103.551     0.500000          624         2.00
     111.999     0.550000          689         2.22
     117.183     0.600000          748         2.50
     123.839     0.650000          811         2.86
     129.087     0.700000          873         3.33
     143.871     0.750000          935         4.00
     157.055     0.775000          966         4.44
     167.935     0.800000          997         5.00
     183.423     0.825000         1028         5.71
     196.607     0.850000         1060         6.67
     212.863     0.875000         1091         8.00
     219.263     0.887500         1106         8.89
     224.127     0.900000         1122        10.00
     228.479     0.912500         1137        11.43
     233.471     0.925000         1153        13.33
     239.487     0.937500         1169        16.00
     240.255     0.943750         1176        17.78
     242.303     0.950000         1185        20.00
     244.479     0.956250         1192        22.86
     247.295     0.962500         1201        26.67
     248.831     0.968750         1208        32.00
     249.343     0.971875         1211        35.56
     251.263     0.975000         1215        40.00
     252.671     0.978125         1220        45.71
     253.311     0.981250         1223        53.33
     255.231     0.984375         1227        64.00
     256.383     0.985938         1229        71.11
     257.791     0.987500         1231        80.00
     258.559     0.989062         1233        91.43
     258.815     0.990625         1235       106.67
     260.095     0.992188         1237       128.00
     260.735     0.992969         1239       142.22
     260.735     0.993750         1239       160.00
     261.503     0.994531         1240       182.86
     262.399     0.995313         1241       213.33
     262.655     0.996094         1242       256.00
     262.655     0.996484         1242       284.44
     262.911     0.996875         1244       320.00
     262.911     0.997266         1244       365.71
     262.911     0.997656         1244       426.67
     262.911     0.998047         1244       512.00
     262.911     0.998242         1244       568.89
     263.167     0.998437         1245       640.00
     263.167     0.998633         1245       731.43
     263.167     0.998828         1245       853.33
     263.167     0.999023         1245      1024.00
     263.167     0.999121         1245      1137.78
     264.191     0.999219         1246      1280.00
     264.191     1.000000         1246          inf
#[Mean    =      114.616, StdDeviation   =       62.644]
#[Max     =      263.936, Total count    =         1246]
#[Buckets =           27, SubBuckets     =         2048]
-----------------------------------------------------------------------
  1493 requests in 1.00m, 454.90KB read
Requests/sec:     24.88  
Transfer/sec:      7.58KB
