Running 1m test @ http://10.102.62.147/?loopCount=25&base=6&exp=6
  1 threads and 1 connections

  Thread calibration: mean lat.: 806.493ms, rate sampling interval: 2951ms

-----------------------------------------------------------------------
Test Results @ http://10.102.62.147/?loopCount=25&base=6&exp=6 
  Thread Stats   Avg      Stdev     99%   +/- Stdev
    Latency     7.09s     3.23s   12.89s    56.96%
    Req/Sec    18.94      1.48    22.00     87.50%
  Latency Distribution (HdrHistogram - Recorded Latency)
 50.000%    7.08s 
 75.000%    9.80s 
 90.000%   11.96s 
 99.000%   12.89s 
 99.900%   13.15s 
 99.990%   13.15s 
 99.999%   13.15s 
100.000%   13.15s 

  Detailed Percentile spectrum:
       Value   Percentile   TotalCount 1/(1-Percentile)

    1680.383     0.000000            3         1.00
    2848.767     0.100000           97         1.11
    3610.623     0.200000          193         1.25
    4845.567     0.300000          290         1.43
    5693.439     0.400000          385         1.67
    7077.887     0.500000          483         2.00
    7610.367     0.550000          531         2.22
    8298.495     0.600000          578         2.50
    8716.287     0.650000          626         2.86
    9379.839     0.700000          674         3.33
    9797.631     0.750000          726         4.00
   10051.583     0.775000          747         4.44
   10354.687     0.800000          770         5.00
   10674.175     0.825000          794         5.71
   10813.439     0.850000          818         6.67
   10952.703     0.875000          842         8.00
   11485.183     0.887500          854         8.89
   11960.319     0.900000          867        10.00
   12009.471     0.912500          883        11.43
   12042.239     0.925000          890        13.33
   12222.463     0.937500          905        16.00
   12238.847     0.943750          909        17.78
   12279.807     0.950000          921        20.00
   12279.807     0.956250          921        22.86
   12451.839     0.962500          927        26.67
   12484.607     0.968750          932        32.00
   12533.759     0.971875          935        35.56
   12697.599     0.975000          938        40.00
   12853.247     0.978125          942        45.71
   12877.823     0.981250          944        53.33
   12886.015     0.984375          954        64.00
   12886.015     0.985938          954        71.11
   12886.015     0.987500          954        80.00
   12886.015     0.989062          954        91.43
   12886.015     0.990625          954       106.67
   12902.399     0.992188          956       128.00
   12902.399     0.992969          956       142.22
   12902.399     0.993750          956       160.00
   12918.783     0.994531          958       182.86
   12918.783     0.995313          958       213.33
   12959.743     0.996094          959       256.00
   12959.743     0.996484          959       284.44
   12959.743     0.996875          959       320.00
   13090.815     0.997266          960       365.71
   13090.815     0.997656          960       426.67
   13148.159     0.998047          962       512.00
   13148.159     1.000000          962          inf
#[Mean    =     7092.929, StdDeviation   =     3231.720]
#[Max     =    13139.968, Total count    =          962]
#[Buckets =           27, SubBuckets     =         2048]
-----------------------------------------------------------------------
  1170 requests in 1.00m, 356.50KB read
Requests/sec:     19.50  
Transfer/sec:      5.94KB
