Running 1m test @ http://10.100.134.99/?loopCount=25&base=6&exp=6
  1 threads and 1 connections

  Thread calibration: mean lat.: 2475.406ms, rate sampling interval: 7589ms

-----------------------------------------------------------------------
Test Results @ http://10.100.134.99/?loopCount=25&base=6&exp=6 
  Thread Stats   Avg      Stdev     99%   +/- Stdev
    Latency    11.25s     3.38s   16.06s    61.14%
    Req/Sec    18.17      1.34    20.00    100.00%
  Latency Distribution (HdrHistogram - Recorded Latency)
 50.000%   11.83s 
 75.000%   14.27s 
 90.000%   15.52s 
 99.000%   16.06s 
 99.900%   16.10s 
 99.990%   16.10s 
 99.999%   16.10s 
100.000%   16.10s 

  Detailed Percentile spectrum:
       Value   Percentile   TotalCount 1/(1-Percentile)

    4018.175     0.000000            1         1.00
    6078.463     0.100000           95         1.11
    8101.887     0.200000          190         1.25
    9371.647     0.300000          285         1.43
   10633.215     0.400000          380         1.67
   11829.247     0.500000          475         2.00
   12238.847     0.550000          525         2.22
   12632.063     0.600000          573         2.50
   13049.855     0.650000          617         2.86
   13705.215     0.700000          666         3.33
   14270.463     0.750000          711         4.00
   14450.687     0.775000          734         4.44
   14581.759     0.800000          758         5.00
   14999.551     0.825000          782         5.71
   15286.271     0.850000          813         6.67
   15450.111     0.875000          829         8.00
   15523.839     0.887500          860         8.89
   15523.839     0.900000          860        10.00
   15540.223     0.912500          869        11.43
   15572.991     0.925000          876        13.33
   15638.527     0.937500          889        16.00
   15712.255     0.943750          894        17.78
   15736.831     0.950000          902        20.00
   15761.407     0.956250          909        22.86
   15785.983     0.962500          917        26.67
   15794.175     0.968750          921        32.00
   15794.175     0.971875          921        35.56
   15826.943     0.975000          929        40.00
   15826.943     0.978125          929        45.71
   15835.135     0.981250          930        53.33
   15949.823     0.984375          934        64.00
   15949.823     0.985938          934        71.11
   16048.127     0.987500          937        80.00
   16048.127     0.989062          937        91.43
   16064.511     0.990625          939       106.67
   16072.703     0.992188          941       128.00
   16072.703     0.992969          941       142.22
   16097.279     0.993750          947       160.00
   16097.279     1.000000          947          inf
#[Mean    =    11252.920, StdDeviation   =     3376.676]
#[Max     =    16089.088, Total count    =          947]
#[Buckets =           27, SubBuckets     =         2048]
-----------------------------------------------------------------------
  1097 requests in 1.00m, 334.29KB read
Requests/sec:     18.28  
Transfer/sec:      5.57KB
