Running 1m test @ http://10.110.211.94/?loopCount=25&base=6&exp=6
  5 threads and 5 connections

  Thread calibration: mean lat.: 66.178ms, rate sampling interval: 227ms
  Thread calibration: mean lat.: 62.456ms, rate sampling interval: 211ms
  Thread calibration: mean lat.: 68.113ms, rate sampling interval: 260ms
  Thread calibration: mean lat.: 62.017ms, rate sampling interval: 196ms
  Thread calibration: mean lat.: 61.928ms, rate sampling interval: 210ms

-----------------------------------------------------------------------
Test Results @ http://10.110.211.94/?loopCount=25&base=6&exp=6 
  Thread Stats   Avg      Stdev     99%   +/- Stdev
    Latency   105.10ms   86.10ms 432.64ms   83.67%
    Req/Sec     9.57      3.46    19.00     77.37%
  Latency Distribution (HdrHistogram - Recorded Latency)
 50.000%   67.97ms
 75.000%  128.32ms
 90.000%  214.65ms
 99.000%  432.64ms
 99.900%  504.06ms
 99.990%  601.09ms
 99.999%  601.09ms
100.000%  601.09ms

  Detailed Percentile spectrum:
       Value   Percentile   TotalCount 1/(1-Percentile)

      21.759     0.000000            1         1.00
      40.703     0.100000          268         1.11
      41.279     0.200000          506         1.25
      45.183     0.300000          756         1.43
      54.527     0.400000         1002         1.67
      67.967     0.500000         1253         2.00
      89.279     0.550000         1381         2.22
      97.471     0.600000         1505         2.50
     104.895     0.650000         1629         2.86
     112.447     0.700000         1754         3.33
     128.319     0.750000         1879         4.00
     138.751     0.775000         1942         4.44
     150.783     0.800000         2004         5.00
     187.519     0.825000         2067         5.71
     194.431     0.850000         2130         6.67
     201.087     0.875000         2193         8.00
     206.719     0.887500         2224         8.89
     214.655     0.900000         2257        10.00
     229.631     0.912500         2286        11.43
     246.015     0.925000         2318        13.33
     287.487     0.937500         2350        16.00
     290.559     0.943750         2366        17.78
     295.935     0.950000         2380        20.00
     301.567     0.956250         2396        22.86
     306.687     0.962500         2412        26.67
     316.415     0.968750         2428        32.00
     322.815     0.971875         2435        35.56
     334.847     0.975000         2443        40.00
     355.327     0.978125         2451        45.71
     387.071     0.981250         2459        53.33
     395.519     0.984375         2466        64.00
     400.895     0.985938         2470        71.11
     409.855     0.987500         2474        80.00
     430.591     0.989062         2478        91.43
     434.175     0.990625         2482       106.67
     441.087     0.992188         2486       128.00
     444.159     0.992969         2488       142.22
     452.095     0.993750         2490       160.00
     487.679     0.994531         2492       182.86
     489.215     0.995313         2494       213.33
     491.519     0.996094         2496       256.00
     492.543     0.996484         2497       284.44
     492.799     0.996875         2498       320.00
     493.055     0.997266         2499       365.71
     494.079     0.997656         2500       426.67
     499.199     0.998047         2501       512.00
     499.199     0.998242         2501       568.89
     504.063     0.998437         2502       640.00
     504.063     0.998633         2502       731.43
     506.367     0.998828         2503       853.33
     506.367     0.999023         2503      1024.00
     506.367     0.999121         2503      1137.78
     541.695     0.999219         2504      1280.00
     541.695     0.999316         2504      1462.86
     541.695     0.999414         2504      1706.67
     541.695     0.999512         2504      2048.00
     541.695     0.999561         2504      2275.56
     601.087     0.999609         2505      2560.00
     601.087     1.000000         2505          inf
#[Mean    =      105.099, StdDeviation   =       86.098]
#[Max     =      600.576, Total count    =         2505]
#[Buckets =           27, SubBuckets     =         2048]
-----------------------------------------------------------------------
  2995 requests in 1.00m, 0.89MB read
Requests/sec:     49.91  
Transfer/sec:     15.22KB
