Running 1m test @ http://10.100.134.99/?loopCount=25&base=6&exp=6
  5 threads and 5 connections

  Thread calibration: mean lat.: 56.240ms, rate sampling interval: 193ms
  Thread calibration: mean lat.: 60.390ms, rate sampling interval: 226ms
  Thread calibration: mean lat.: 53.417ms, rate sampling interval: 167ms
  Thread calibration: mean lat.: 58.931ms, rate sampling interval: 217ms
  Thread calibration: mean lat.: 60.976ms, rate sampling interval: 230ms

-----------------------------------------------------------------------
Test Results @ http://10.100.134.99/?loopCount=25&base=6&exp=6 
  Thread Stats   Avg      Stdev     99%   +/- Stdev
    Latency    44.14ms   11.94ms  97.60ms   91.60%
    Req/Sec     9.51      2.30    13.00     75.18%
  Latency Distribution (HdrHistogram - Recorded Latency)
 50.000%   41.76ms
 75.000%   42.78ms
 90.000%   49.28ms
 99.000%   97.60ms
 99.900%  171.77ms
 99.990%  192.13ms
 99.999%  192.13ms
100.000%  192.13ms

  Detailed Percentile spectrum:
       Value   Percentile   TotalCount 1/(1-Percentile)

      21.679     0.000000            1         1.00
      39.583     0.100000          250         1.11
      40.799     0.200000          511         1.25
      41.183     0.300000          771         1.43
      41.503     0.400000         1032         1.67
      41.759     0.500000         1255         2.00
      41.951     0.550000         1391         2.22
      42.143     0.600000         1510         2.50
      42.335     0.650000         1637         2.86
      42.559     0.700000         1763         3.33
      42.783     0.750000         1879         4.00
      42.943     0.775000         1939         4.44
      43.103     0.800000         2005         5.00
      43.295     0.825000         2064         5.71
      43.615     0.850000         2128         6.67
      44.959     0.875000         2188         8.00
      47.679     0.887500         2218         8.89
      49.279     0.900000         2251        10.00
      50.399     0.912500         2281        11.43
      51.967     0.925000         2312        13.33
      55.263     0.937500         2343        16.00
      64.799     0.943750         2359        17.78
      66.303     0.950000         2375        20.00
      67.519     0.956250         2390        22.86
      69.119     0.962500         2406        26.67
      72.895     0.968750         2421        32.00
      73.727     0.971875         2429        35.56
      74.367     0.975000         2437        40.00
      80.703     0.978125         2445        45.71
      81.343     0.981250         2453        53.33
      82.559     0.984375         2460        64.00
      89.023     0.985938         2464        71.11
      95.039     0.987500         2468        80.00
      97.471     0.989062         2473        91.43
      97.727     0.990625         2477       106.67
      98.111     0.992188         2480       128.00
     107.391     0.992969         2482       142.22
     109.439     0.993750         2484       160.00
     111.551     0.994531         2486       182.86
     112.063     0.995313         2488       213.33
     119.999     0.996094         2490       256.00
     129.407     0.996484         2491       284.44
     131.711     0.996875         2492       320.00
     166.527     0.997266         2493       365.71
     169.855     0.997656         2494       426.67
     170.111     0.998047         2495       512.00
     170.111     0.998242         2495       568.89
     171.647     0.998437         2496       640.00
     171.647     0.998633         2496       731.43
     171.775     0.998828         2497       853.33
     171.775     0.999023         2497      1024.00
     171.775     0.999121         2497      1137.78
     188.031     0.999219         2498      1280.00
     188.031     0.999316         2498      1462.86
     188.031     0.999414         2498      1706.67
     188.031     0.999512         2498      2048.00
     188.031     0.999561         2498      2275.56
     192.127     0.999609         2499      2560.00
     192.127     1.000000         2499          inf
#[Mean    =       44.144, StdDeviation   =       11.941]
#[Max     =      192.000, Total count    =         2499]
#[Buckets =           27, SubBuckets     =         2048]
-----------------------------------------------------------------------
  2994 requests in 1.00m, 0.89MB read
Requests/sec:     49.90  
Transfer/sec:     15.20KB
