Running 1m test @ http://10.102.62.147/?loopCount=25&base=6&exp=6
  1 threads and 1 connections

  Thread calibration: mean lat.: 1310.399ms, rate sampling interval: 4472ms

-----------------------------------------------------------------------
Test Results @ http://10.102.62.147/?loopCount=25&base=6&exp=6 
  Thread Stats   Avg      Stdev     99%   +/- Stdev
    Latency     7.14s     2.61s   11.54s    59.57%
    Req/Sec    19.82      1.27    22.00    100.00%
  Latency Distribution (HdrHistogram - Recorded Latency)
 50.000%    7.39s 
 75.000%    9.12s 
 90.000%   10.71s 
 99.000%   11.54s 
 99.900%   11.55s 
 99.990%   11.55s 
 99.999%   11.55s 
100.000%   11.55s 

  Detailed Percentile spectrum:
       Value   Percentile   TotalCount 1/(1-Percentile)

    2533.375     0.000000            1         1.00
    3164.159     0.100000          103         1.11
    4431.871     0.200000          205         1.25
    5554.175     0.300000          314         1.43
    6492.159     0.400000          415         1.67
    7389.183     0.500000          513         2.00
    7970.815     0.550000          565         2.22
    8196.095     0.600000          615         2.50
    8445.951     0.650000          666         2.86
    8716.287     0.700000          717         3.33
    9117.695     0.750000          771         4.00
    9265.151     0.775000          796         4.44
    9625.599     0.800000          823         5.00
    9912.319     0.825000          857         5.71
   10018.815     0.850000          876         6.67
   10330.111     0.875000          899         8.00
   10436.607     0.887500          910         8.89
   10706.943     0.900000          922        10.00
   11010.047     0.912500          935        11.43
   11051.007     0.925000          952        13.33
   11075.583     0.937500          960        16.00
   11124.735     0.943750          970        17.78
   11157.503     0.950000          973        20.00
   11419.647     0.956250          981        22.86
   11509.759     0.962500          990        26.67
   11526.143     0.968750          993        32.00
   11534.335     0.971875         1002        35.56
   11534.335     0.975000         1002        40.00
   11534.335     0.978125         1002        45.71
   11542.527     0.981250         1017        53.33
   11542.527     0.984375         1017        64.00
   11542.527     0.985938         1017        71.11
   11542.527     0.987500         1017        80.00
   11542.527     0.989062         1017        91.43
   11542.527     0.990625         1017       106.67
   11542.527     0.992188         1017       128.00
   11542.527     0.992969         1017       142.22
   11550.719     0.993750         1024       160.00
   11550.719     1.000000         1024          inf
#[Mean    =     7141.755, StdDeviation   =     2611.508]
#[Max     =    11542.528, Total count    =         1024]
#[Buckets =           27, SubBuckets     =         2048]
-----------------------------------------------------------------------
  1211 requests in 1.00m, 368.99KB read
Requests/sec:     20.18  
Transfer/sec:      6.15KB
