Running 1m test @ http://10.102.207.185/?loopCount=25&base=6&exp=6
  1 threads and 1 connections

  Thread calibration: mean lat.: 3052.644ms, rate sampling interval: 10649ms

-----------------------------------------------------------------------
Test Results @ http://10.102.207.185/?loopCount=25&base=6&exp=6 
  Thread Stats   Avg      Stdev     99%   +/- Stdev
    Latency    19.73s     8.18s   33.29s    57.48%
    Req/Sec    10.75      0.43    11.00    100.00%
  Latency Distribution (HdrHistogram - Recorded Latency)
 50.000%   19.58s 
 75.000%   26.77s 
 90.000%   31.11s 
 99.000%   33.29s 
 99.900%   33.59s 
 99.990%   33.62s 
 99.999%   33.62s 
100.000%   33.62s 

  Detailed Percentile spectrum:
       Value   Percentile   TotalCount 1/(1-Percentile)

    5865.471     0.000000            2         1.00
    8642.559     0.100000           56         1.11
   11051.007     0.200000          112         1.25
   13926.399     0.300000          167         1.43
   16531.455     0.400000          222         1.67
   19578.879     0.500000          278         2.00
   21184.511     0.550000          306         2.22
   22626.303     0.600000          333         2.50
   24084.479     0.650000          361         2.86
   25640.959     0.700000          389         3.33
   26771.455     0.750000          417         4.00
   27410.431     0.775000          431         4.44
   28033.023     0.800000          448         5.00
   28606.463     0.825000          458         5.71
   29638.655     0.850000          472         6.67
   30474.239     0.875000          486         8.00
   30769.151     0.887500          493         8.89
   31113.215     0.900000          500        10.00
   31735.807     0.912500          507        11.43
   32161.791     0.925000          514        13.33
   32505.855     0.937500          522        16.00
   32522.239     0.943750          526        17.78
   32604.159     0.950000          528        20.00
   32718.847     0.956250          531        22.86
   32931.839     0.962500          535        26.67
   33030.143     0.968750          538        32.00
   33193.983     0.971875          541        35.56
   33210.367     0.975000          546        40.00
   33210.367     0.978125          546        45.71
   33210.367     0.981250          546        53.33
   33243.135     0.984375          547        64.00
   33292.287     0.985938          549        71.11
   33292.287     0.987500          549        80.00
   33292.287     0.989062          549        91.43
   33325.055     0.990625          550       106.67
   33374.207     0.992188          551       128.00
   33439.743     0.992969          552       142.22
   33439.743     0.993750          552       160.00
   33439.743     0.994531          552       182.86
   33488.895     0.995313          553       213.33
   33488.895     0.996094          553       256.00
   33587.199     0.996484          554       284.44
   33587.199     0.996875          554       320.00
   33587.199     0.997266          554       365.71
   33587.199     0.997656          554       426.67
   33587.199     0.998047          554       512.00
   33619.967     0.998242          555       568.89
   33619.967     1.000000          555          inf
#[Mean    =    19725.897, StdDeviation   =     8180.088]
#[Max     =    33587.200, Total count    =          555]
#[Buckets =           27, SubBuckets     =         2048]
-----------------------------------------------------------------------
  658 requests in 1.00m, 200.68KB read
Requests/sec:     10.97  
Transfer/sec:      3.34KB
