Running 1m test @ http://10.97.218.196/?loopCount=25&base=6&exp=6
  1 threads and 1 connections

  Thread calibration: mean lat.: 392.496ms, rate sampling interval: 1687ms

-----------------------------------------------------------------------
Test Results @ http://10.97.218.196/?loopCount=25&base=6&exp=6 
  Thread Stats   Avg      Stdev     99%   +/- Stdev
    Latency     3.54s     1.47s    6.14s    59.73%
    Req/Sec    21.93      1.41    24.00     96.55%
  Latency Distribution (HdrHistogram - Recorded Latency)
 50.000%    3.42s 
 75.000%    4.82s 
 90.000%    5.66s 
 99.000%    6.14s 
 99.900%    6.15s 
 99.990%    6.17s 
 99.999%    6.17s 
100.000%    6.17s 

  Detailed Percentile spectrum:
       Value   Percentile   TotalCount 1/(1-Percentile)

     923.135     0.000000            1         1.00
    1592.319     0.100000          112         1.11
    2148.351     0.200000          224         1.25
    2662.399     0.300000          336         1.43
    3188.735     0.400000          449         1.67
    3422.207     0.500000          561         2.00
    3514.367     0.550000          617         2.22
    3737.599     0.600000          672         2.50
    4268.031     0.650000          730         2.86
    4468.735     0.700000          784         3.33
    4816.895     0.750000          841         4.00
    4882.431     0.775000          870         4.44
    5119.999     0.800000          896         5.00
    5304.319     0.825000          926         5.71
    5402.623     0.850000          953         6.67
    5550.079     0.875000          983         8.00
    5574.655     0.887500          994         8.89
    5660.671     0.900000         1009        10.00
    5689.343     0.912500         1024        11.43
    5783.551     0.925000         1045        13.33
    5787.647     0.937500         1054        16.00
    5791.743     0.943750         1061        17.78
    5812.223     0.950000         1066        20.00
    5840.895     0.956250         1072        22.86
    6021.119     0.962500         1078        26.67
    6107.135     0.968750         1086        32.00
    6115.327     0.971875         1092        35.56
    6115.327     0.975000         1092        40.00
    6119.423     0.978125         1098        45.71
    6123.519     0.981250         1099        53.33
    6131.711     0.984375         1103        64.00
    6139.903     0.985938         1114        71.11
    6139.903     0.987500         1114        80.00
    6139.903     0.989062         1114        91.43
    6139.903     0.990625         1114       106.67
    6139.903     0.992188         1114       128.00
    6139.903     0.992969         1114       142.22
    6139.903     0.993750         1114       160.00
    6139.903     0.994531         1114       182.86
    6143.999     0.995313         1117       213.33
    6143.999     0.996094         1117       256.00
    6143.999     0.996484         1117       284.44
    6143.999     0.996875         1117       320.00
    6143.999     0.997266         1117       365.71
    6152.191     0.997656         1119       426.67
    6152.191     0.998047         1119       512.00
    6152.191     0.998242         1119       568.89
    6152.191     0.998437         1119       640.00
    6152.191     0.998633         1119       731.43
    6152.191     0.998828         1119       853.33
    6152.191     0.999023         1119      1024.00
    6168.575     0.999121         1120      1137.78
    6168.575     1.000000         1120          inf
#[Mean    =     3541.352, StdDeviation   =     1467.712]
#[Max     =     6164.480, Total count    =         1120]
#[Buckets =           27, SubBuckets     =         2048]
-----------------------------------------------------------------------
  1346 requests in 1.00m, 410.12KB read
Requests/sec:     22.43  
Transfer/sec:      6.83KB
