Running 1m test @ http://10.108.208.72/?loopCount=25&base=6&exp=6
  5 threads and 5 connections

  Thread calibration: mean lat.: 201.903ms, rate sampling interval: 756ms
  Thread calibration: mean lat.: 220.558ms, rate sampling interval: 967ms
  Thread calibration: mean lat.: 155.545ms, rate sampling interval: 535ms
  Thread calibration: mean lat.: 127.430ms, rate sampling interval: 378ms
  Thread calibration: mean lat.: 129.535ms, rate sampling interval: 372ms

-----------------------------------------------------------------------
Test Results @ http://10.108.208.72/?loopCount=25&base=6&exp=6 
  Thread Stats   Avg      Stdev     99%   +/- Stdev
    Latency   144.47ms   73.31ms 373.25ms   77.25%
    Req/Sec     9.50      1.80    13.00     88.24%
  Latency Distribution (HdrHistogram - Recorded Latency)
 50.000%  159.49ms
 75.000%  179.46ms
 90.000%  261.63ms
 99.000%  373.25ms
 99.900%  473.60ms
 99.990%  476.93ms
 99.999%  476.93ms
100.000%  476.93ms

  Detailed Percentile spectrum:
       Value   Percentile   TotalCount 1/(1-Percentile)

      21.519     0.000000            1         1.00
      71.039     0.100000          250         1.11
      79.295     0.200000          500         1.25
      86.847     0.300000          753         1.43
      93.503     0.400000          999         1.67
     159.487     0.500000         1249         2.00
     162.047     0.550000         1374         2.22
     166.399     0.600000         1503         2.50
     169.983     0.650000         1629         2.86
     175.231     0.700000         1750         3.33
     179.455     0.750000         1877         4.00
     182.271     0.775000         1936         4.44
     184.319     0.800000         2000         5.00
     187.135     0.825000         2061         5.71
     191.999     0.850000         2123         6.67
     257.919     0.875000         2185         8.00
     260.095     0.887500         2218         8.89
     261.631     0.900000         2248        10.00
     264.447     0.912500         2281        11.43
     267.519     0.925000         2311        13.33
     270.335     0.937500         2341        16.00
     272.895     0.943750         2357        17.78
     276.223     0.950000         2374        20.00
     278.271     0.956250         2388        22.86
     282.367     0.962500         2405        26.67
     285.183     0.968750         2419        32.00
     286.207     0.971875         2427        35.56
     290.047     0.975000         2435        40.00
     292.095     0.978125         2444        45.71
     299.519     0.981250         2451        53.33
     361.215     0.984375         2458        64.00
     363.775     0.985938         2462        71.11
     366.079     0.987500         2466        80.00
     370.175     0.989062         2470        91.43
     379.135     0.990625         2474       106.67
     386.303     0.992188         2478       128.00
     387.327     0.992969         2480       142.22
     391.423     0.993750         2482       160.00
     392.959     0.994531         2484       182.86
     458.239     0.995313         2486       213.33
     463.615     0.996094         2488       256.00
     464.895     0.996484         2489       284.44
     465.919     0.996875         2490       320.00
     467.711     0.997266         2491       365.71
     471.807     0.997656         2492       426.67
     472.063     0.998047         2493       512.00
     472.063     0.998242         2493       568.89
     473.087     0.998437         2494       640.00
     473.087     0.998633         2494       731.43
     473.599     0.998828         2495       853.33
     473.599     0.999023         2495      1024.00
     473.599     0.999121         2495      1137.78
     474.367     0.999219         2496      1280.00
     474.367     0.999316         2496      1462.86
     474.367     0.999414         2496      1706.67
     474.367     0.999512         2496      2048.00
     474.367     0.999561         2496      2275.56
     476.927     0.999609         2497      2560.00
     476.927     1.000000         2497          inf
#[Mean    =      144.467, StdDeviation   =       73.305]
#[Max     =      476.672, Total count    =         2497]
#[Buckets =           27, SubBuckets     =         2048]
-----------------------------------------------------------------------
  2988 requests in 1.00m, 0.89MB read
Requests/sec:     49.80  
Transfer/sec:     15.18KB
