Running 1m test @ http://10.104.199.0/?loopCount=25&base=6&exp=6
  5 threads and 5 connections

  Thread calibration: mean lat.: 49.413ms, rate sampling interval: 133ms
  Thread calibration: mean lat.: 52.272ms, rate sampling interval: 166ms
  Thread calibration: mean lat.: 50.722ms, rate sampling interval: 138ms
  Thread calibration: mean lat.: 55.828ms, rate sampling interval: 172ms
  Thread calibration: mean lat.: 72.842ms, rate sampling interval: 341ms

-----------------------------------------------------------------------
Test Results @ http://10.104.199.0/?loopCount=25&base=6&exp=6 
  Thread Stats   Avg      Stdev     99%   +/- Stdev
    Latency    47.73ms   20.77ms 120.83ms   87.96%
    Req/Sec     9.62      3.47    17.00     82.77%
  Latency Distribution (HdrHistogram - Recorded Latency)
 50.000%   41.50ms
 75.000%   42.30ms
 90.000%   69.25ms
 99.000%  120.83ms
 99.900%  164.99ms
 99.990%  179.58ms
 99.999%  179.58ms
100.000%  179.58ms

  Detailed Percentile spectrum:
       Value   Percentile   TotalCount 1/(1-Percentile)

      21.455     0.000000            1         1.00
      38.847     0.100000          250         1.11
      40.639     0.200000          513         1.25
      41.023     0.300000          773         1.43
      41.279     0.400000         1025         1.67
      41.503     0.500000         1254         2.00
      41.631     0.550000         1380         2.22
      41.759     0.600000         1501         2.50
      41.919     0.650000         1647         2.86
      42.079     0.700000         1756         3.33
      42.303     0.750000         1880         4.00
      42.463     0.775000         1951         4.44
      42.623     0.800000         2007         5.00
      42.879     0.825000         2064         5.71
      43.871     0.850000         2126         6.67
      50.367     0.875000         2189         8.00
      61.183     0.887500         2219         8.89
      69.247     0.900000         2251        10.00
      85.247     0.912500         2282        11.43
      96.895     0.925000         2313        13.33
     105.343     0.937500         2344        16.00
     106.367     0.943750         2360        17.78
     107.455     0.950000         2375        20.00
     108.479     0.956250         2391        22.86
     110.783     0.962500         2407        26.67
     113.151     0.968750         2422        32.00
     113.727     0.971875         2430        35.56
     114.495     0.975000         2438        40.00
     116.031     0.978125         2446        45.71
     116.543     0.981250         2454        53.33
     118.719     0.984375         2461        64.00
     119.039     0.985938         2465        71.11
     119.743     0.987500         2469        80.00
     120.639     0.989062         2474        91.43
     120.959     0.990625         2477       106.67
     122.751     0.992188         2481       128.00
     123.647     0.992969         2484       142.22
     123.839     0.993750         2485       160.00
     124.799     0.994531         2488       182.86
     127.679     0.995313         2489       213.33
     131.711     0.996094         2492       256.00
     131.711     0.996484         2492       284.44
     159.103     0.996875         2493       320.00
     159.999     0.997266         2494       365.71
     161.407     0.997656         2495       426.67
     162.175     0.998047         2496       512.00
     162.175     0.998242         2496       568.89
     164.351     0.998437         2497       640.00
     164.351     0.998633         2497       731.43
     164.991     0.998828         2498       853.33
     164.991     0.999023         2498      1024.00
     164.991     0.999121         2498      1137.78
     165.631     0.999219         2499      1280.00
     165.631     0.999316         2499      1462.86
     165.631     0.999414         2499      1706.67
     165.631     0.999512         2499      2048.00
     165.631     0.999561         2499      2275.56
     179.583     0.999609         2500      2560.00
     179.583     1.000000         2500          inf
#[Mean    =       47.730, StdDeviation   =       20.766]
#[Max     =      179.456, Total count    =         2500]
#[Buckets =           27, SubBuckets     =         2048]
-----------------------------------------------------------------------
  2995 requests in 1.00m, 0.89MB read
Requests/sec:     49.91  
Transfer/sec:     15.21KB
