Running 1m test @ http://10.96.158.146/?loopCount=25&base=6&exp=6
  5 threads and 5 connections

  Thread calibration: mean lat.: 404.286ms, rate sampling interval: 1180ms
  Thread calibration: mean lat.: 318.005ms, rate sampling interval: 1150ms
  Thread calibration: mean lat.: 124.161ms, rate sampling interval: 491ms
  Thread calibration: mean lat.: 417.539ms, rate sampling interval: 1289ms
  Thread calibration: mean lat.: 253.388ms, rate sampling interval: 884ms

-----------------------------------------------------------------------
Test Results @ http://10.96.158.146/?loopCount=25&base=6&exp=6 
  Thread Stats   Avg      Stdev     99%   +/- Stdev
    Latency   932.96ms  974.96ms   3.85s    80.79%
    Req/Sec     9.26      1.77    14.00     90.00%
  Latency Distribution (HdrHistogram - Recorded Latency)
 50.000%  548.35ms
 75.000%    1.46s 
 90.000%    2.44s 
 99.000%    3.85s 
 99.900%    4.36s 
 99.990%    4.55s 
 99.999%    4.55s 
100.000%    4.55s 

  Detailed Percentile spectrum:
       Value   Percentile   TotalCount 1/(1-Percentile)

      40.639     0.000000            1         1.00
     125.759     0.100000          239         1.11
     146.815     0.200000          475         1.25
     246.911     0.300000          713         1.43
     437.247     0.400000          951         1.67
     548.351     0.500000         1189         2.00
     635.903     0.550000         1311         2.22
     659.967     0.600000         1426         2.50
     754.175     0.650000         1544         2.86
     947.199     0.700000         1662         3.33
    1457.151     0.750000         1781         4.00
    1650.687     0.775000         1840         4.44
    1854.463     0.800000         1901         5.00
    2036.735     0.825000         1959         5.71
    2150.399     0.850000         2018         6.67
    2277.375     0.875000         2078         8.00
    2351.103     0.887500         2107         8.89
    2443.263     0.900000         2137        10.00
    2547.711     0.912500         2167        11.43
    2652.159     0.925000         2196        13.33
    2846.719     0.937500         2226        16.00
    2951.167     0.943750         2241        17.78
    3045.375     0.950000         2256        20.00
    3231.743     0.956250         2271        22.86
    3248.127     0.962500         2286        26.67
    3342.335     0.968750         2300        32.00
    3448.831     0.971875         2309        35.56
    3536.895     0.975000         2315        40.00
    3547.135     0.978125         2324        45.71
    3553.279     0.981250         2332        53.33
    3635.199     0.984375         2337        64.00
    3653.631     0.985938         2341        71.11
    3762.175     0.987500         2345        80.00
    3846.143     0.989062         2350        91.43
    3854.335     0.990625         2352       106.67
    3954.687     0.992188         2357       128.00
    3958.783     0.992969         2359       142.22
    3960.831     0.993750         2360       160.00
    3962.879     0.994531         2362       182.86
    4030.463     0.995313         2363       213.33
    4040.703     0.996094         2365       256.00
    4050.943     0.996484         2366       284.44
    4052.991     0.996875         2367       320.00
    4136.959     0.997266         2368       365.71
    4155.391     0.997656         2369       426.67
    4259.839     0.998047         2370       512.00
    4259.839     0.998242         2370       568.89
    4349.951     0.998437         2371       640.00
    4349.951     0.998633         2371       731.43
    4358.143     0.998828         2372       853.33
    4358.143     0.999023         2372      1024.00
    4358.143     0.999121         2372      1137.78
    4362.239     0.999219         2373      1280.00
    4362.239     0.999316         2373      1462.86
    4362.239     0.999414         2373      1706.67
    4362.239     0.999512         2373      2048.00
    4362.239     0.999561         2373      2275.56
    4550.655     0.999609         2374      2560.00
    4550.655     1.000000         2374          inf
#[Mean    =      932.957, StdDeviation   =      974.959]
#[Max     =     4546.560, Total count    =         2374]
#[Buckets =           27, SubBuckets     =         2048]
-----------------------------------------------------------------------
  2846 requests in 1.00m, 868.36KB read
Requests/sec:     47.43  
Transfer/sec:     14.47KB
