Running 1m test @ http://10.102.244.59/?loopCount=25&base=6&exp=6
  1 threads and 1 connections

  Thread calibration: mean lat.: 2049.507ms, rate sampling interval: 7860ms

-----------------------------------------------------------------------
Test Results @ http://10.102.244.59/?loopCount=25&base=6&exp=6 
  Thread Stats   Avg      Stdev     99%   +/- Stdev
    Latency    10.41s     3.32s   15.88s    59.45%
    Req/Sec    18.33      0.75    19.00    100.00%
  Latency Distribution (HdrHistogram - Recorded Latency)
 50.000%   10.48s 
 75.000%   13.23s 
 90.000%   14.96s 
 99.000%   15.88s 
 99.900%   15.94s 
 99.990%   15.94s 
 99.999%   15.94s 
100.000%   15.94s 

  Detailed Percentile spectrum:
       Value   Percentile   TotalCount 1/(1-Percentile)

    4014.079     0.000000            1         1.00
    5804.031     0.100000           96         1.11
    6971.391     0.200000          192         1.25
    8388.607     0.300000          286         1.43
    9576.447     0.400000          382         1.67
   10477.567     0.500000          478         2.00
   10960.895     0.550000          524         2.22
   11771.903     0.600000          573         2.50
   12328.959     0.650000          623         2.86
   12632.063     0.700000          667         3.33
   13230.079     0.750000          720         4.00
   13443.071     0.775000          738         4.44
   13565.951     0.800000          762         5.00
   13975.551     0.825000          787         5.71
   14319.615     0.850000          811         6.67
   14434.303     0.875000          833         8.00
   14819.327     0.887500          846         8.89
   14958.591     0.900000          858        10.00
   15056.895     0.912500          871        11.43
   15204.351     0.925000          881        13.33
   15515.647     0.937500          894        16.00
   15556.607     0.943750          905        17.78
   15556.607     0.950000          905        20.00
   15704.063     0.956250          911        22.86
   15777.791     0.962500          917        26.67
   15818.751     0.968750          924        32.00
   15851.519     0.971875          933        35.56
   15851.519     0.975000          933        40.00
   15851.519     0.978125          933        45.71
   15867.903     0.981250          936        53.33
   15876.095     0.984375          938        64.00
   15884.287     0.985938          942        71.11
   15884.287     0.987500          942        80.00
   15884.287     0.989062          942        91.43
   15892.479     0.990625          944       106.67
   15925.247     0.992188          946       128.00
   15925.247     0.992969          946       142.22
   15933.439     0.993750          947       160.00
   15933.439     0.994531          947       182.86
   15941.631     0.995313          952       213.33
   15941.631     1.000000          952          inf
#[Mean    =    10409.372, StdDeviation   =     3324.771]
#[Max     =    15933.440, Total count    =          952]
#[Buckets =           27, SubBuckets     =         2048]
-----------------------------------------------------------------------
  1101 requests in 1.00m, 335.48KB read
Requests/sec:     18.35  
Transfer/sec:      5.59KB
