Running 1m test @ http://10.100.185.202/?loopCount=25&base=6&exp=6
  5 threads and 5 connections

  Thread calibration: mean lat.: 202.978ms, rate sampling interval: 669ms
  Thread calibration: mean lat.: 223.067ms, rate sampling interval: 834ms
  Thread calibration: mean lat.: 154.224ms, rate sampling interval: 586ms
  Thread calibration: mean lat.: 144.450ms, rate sampling interval: 568ms
  Thread calibration: mean lat.: 160.705ms, rate sampling interval: 565ms

-----------------------------------------------------------------------
Test Results @ http://10.100.185.202/?loopCount=25&base=6&exp=6 
  Thread Stats   Avg      Stdev     99%   +/- Stdev
    Latency    80.92ms   50.07ms 247.42ms   83.98%
    Req/Sec     9.39      1.36    13.00     89.85%
  Latency Distribution (HdrHistogram - Recorded Latency)
 50.000%   61.38ms
 75.000%  100.74ms
 90.000%  151.42ms
 99.000%  247.42ms
 99.900%  310.53ms
 99.990%  390.40ms
 99.999%  390.40ms
100.000%  390.40ms

  Detailed Percentile spectrum:
       Value   Percentile   TotalCount 1/(1-Percentile)

      21.487     0.000000            1         1.00
      40.671     0.100000          262         1.11
      41.279     0.200000          505         1.25
      45.151     0.300000          751         1.43
      53.343     0.400000         1000         1.67
      61.375     0.500000         1249         2.00
      66.239     0.550000         1376         2.22
      84.607     0.600000         1500         2.50
      89.215     0.650000         1624         2.86
      93.759     0.700000         1751         3.33
     100.735     0.750000         1873         4.00
     102.271     0.775000         1936         4.44
     107.391     0.800000         1998         5.00
     114.559     0.825000         2061         5.71
     126.143     0.850000         2123         6.67
     134.015     0.875000         2185         8.00
     143.487     0.887500         2217         8.89
     151.679     0.900000         2248        10.00
     168.191     0.912500         2279        11.43
     182.911     0.925000         2310        13.33
     186.879     0.937500         2342        16.00
     188.543     0.943750         2357        17.78
     191.103     0.950000         2375        20.00
     192.639     0.956250         2388        22.86
     194.559     0.962500         2404        26.67
     199.679     0.968750         2419        32.00
     202.495     0.971875         2427        35.56
     204.031     0.975000         2435        40.00
     208.127     0.978125         2443        45.71
     215.679     0.981250         2451        53.33
     226.047     0.984375         2458        64.00
     227.967     0.985938         2462        71.11
     231.423     0.987500         2466        80.00
     235.391     0.989062         2470        91.43
     251.647     0.990625         2474       106.67
     282.623     0.992188         2478       128.00
     284.159     0.992969         2480       142.22
     284.415     0.993750         2482       160.00
     289.535     0.994531         2485       182.86
     290.303     0.995313         2487       213.33
     293.631     0.996094         2488       256.00
     295.423     0.996484         2490       284.44
     295.423     0.996875         2490       320.00
     301.055     0.997266         2492       365.71
     301.055     0.997656         2492       426.67
     303.871     0.998047         2493       512.00
     303.871     0.998242         2493       568.89
     306.431     0.998437         2494       640.00
     306.431     0.998633         2494       731.43
     310.527     0.998828         2495       853.33
     310.527     0.999023         2495      1024.00
     310.527     0.999121         2495      1137.78
     313.599     0.999219         2496      1280.00
     313.599     0.999316         2496      1462.86
     313.599     0.999414         2496      1706.67
     313.599     0.999512         2496      2048.00
     313.599     0.999561         2496      2275.56
     390.399     0.999609         2497      2560.00
     390.399     1.000000         2497          inf
#[Mean    =       80.921, StdDeviation   =       50.068]
#[Max     =      390.144, Total count    =         2497]
#[Buckets =           27, SubBuckets     =         2048]
-----------------------------------------------------------------------
  2992 requests in 1.00m, 0.89MB read
Requests/sec:     49.86  
Transfer/sec:     15.20KB
