Running 1m test @ http://10.104.199.0/?loopCount=25&base=6&exp=6
  1 threads and 1 connections

  Thread calibration: mean lat.: 2910.779ms, rate sampling interval: 8945ms

-----------------------------------------------------------------------
Test Results @ http://10.104.199.0/?loopCount=25&base=6&exp=6 
  Thread Stats   Avg      Stdev     99%   +/- Stdev
    Latency    14.87s     4.97s   22.43s    58.92%
    Req/Sec    15.60      1.50    17.00     80.00%
  Latency Distribution (HdrHistogram - Recorded Latency)
 50.000%   15.42s 
 75.000%   19.51s 
 90.000%   21.45s 
 99.000%   22.43s 
 99.900%   22.51s 
 99.990%   22.51s 
 99.999%   22.51s 
100.000%   22.51s 

  Detailed Percentile spectrum:
       Value   Percentile   TotalCount 1/(1-Percentile)

    5050.367     0.000000            1         1.00
    7999.487     0.100000           82         1.11
    9633.791     0.200000          163         1.25
   11034.623     0.300000          245         1.43
   13475.839     0.400000          326         1.67
   15417.343     0.500000          408         2.00
   16203.775     0.550000          448         2.22
   16891.903     0.600000          494         2.50
   17580.031     0.650000          529         2.86
   18628.607     0.700000          573         3.33
   19513.343     0.750000          610         4.00
   19709.951     0.775000          634         4.44
   19775.487     0.800000          652         5.00
   20185.087     0.825000          671         5.71
   20578.303     0.850000          694         6.67
   21037.055     0.875000          712         8.00
   21331.967     0.887500          723         8.89
   21446.655     0.900000          732        10.00
   21659.647     0.912500          742        11.43
   21807.103     0.925000          758        13.33
   21987.327     0.937500          764        16.00
   22085.631     0.943750          771        17.78
   22118.399     0.950000          773        20.00
   22167.551     0.956250          783        22.86
   22167.551     0.962500          783        26.67
   22282.239     0.968750          789        32.00
   22298.623     0.971875          791        35.56
   22315.007     0.975000          793        40.00
   22331.391     0.978125          798        45.71
   22331.391     0.981250          798        53.33
   22396.927     0.984375          802        64.00
   22396.927     0.985938          802        71.11
   22413.311     0.987500          803        80.00
   22429.695     0.989062          805        91.43
   22462.463     0.990625          807       106.67
   22462.463     0.992188          807       128.00
   22495.231     0.992969          809       142.22
   22495.231     0.993750          809       160.00
   22495.231     0.994531          809       182.86
   22511.615     0.995313          813       213.33
   22511.615     1.000000          813          inf
#[Mean    =    14867.634, StdDeviation   =     4967.269]
#[Max     =    22495.232, Total count    =          813]
#[Buckets =           27, SubBuckets     =         2048]
-----------------------------------------------------------------------
  937 requests in 1.00m, 285.58KB read
Requests/sec:     15.62  
Transfer/sec:      4.76KB
