Running 1m test @ http://10.106.127.105/?loopCount=25&base=6&exp=6
  1 threads and 1 connections

  Thread calibration: mean lat.: 2337.328ms, rate sampling interval: 7282ms

-----------------------------------------------------------------------
Test Results @ http://10.106.127.105/?loopCount=25&base=6&exp=6 
  Thread Stats   Avg      Stdev     99%   +/- Stdev
    Latency     9.20s     2.23s   13.28s    62.87%
    Req/Sec    20.00      1.63    22.00     83.33%
  Latency Distribution (HdrHistogram - Recorded Latency)
 50.000%    9.38s 
 75.000%   10.86s 
 90.000%   12.08s 
 99.000%   13.28s 
 99.900%   13.29s 
 99.990%   13.29s 
 99.999%   13.29s 
100.000%   13.29s 

  Detailed Percentile spectrum:
       Value   Percentile   TotalCount 1/(1-Percentile)

    4089.855     0.000000            1         1.00
    5730.303     0.100000          103         1.11
    7053.311     0.200000          204         1.25
    7925.759     0.300000          306         1.43
    8888.319     0.400000          409         1.67
    9379.839     0.500000          510         2.00
    9961.471     0.550000          560         2.22
   10141.695     0.600000          617         2.50
   10551.295     0.650000          667         2.86
   10649.599     0.700000          724         3.33
   10862.591     0.750000          769         4.00
   10944.511     0.775000          795         4.44
   11288.575     0.800000          817         5.00
   11427.839     0.825000          843         5.71
   11485.183     0.850000          866         6.67
   11673.599     0.875000          891         8.00
   11878.399     0.887500          911         8.89
   12075.007     0.900000          924        10.00
   12099.583     0.912500          929        11.43
   12345.343     0.925000          946        13.33
   12419.071     0.937500          956        16.00
   12509.183     0.943750          961        17.78
   12656.639     0.950000          975        20.00
   12656.639     0.956250          975        22.86
   12779.519     0.962500          984        26.67
   12795.903     0.968750          991        32.00
   12795.903     0.971875          991        35.56
   12910.591     0.975000          994        40.00
   12935.167     0.978125          996        45.71
   13033.471     0.981250          999        53.33
   13189.119     0.984375         1003        64.00
   13254.655     0.985938         1005        71.11
   13262.847     0.987500         1006        80.00
   13279.231     0.989062         1010        91.43
   13279.231     0.990625         1010       106.67
   13287.423     0.992188         1018       128.00
   13287.423     1.000000         1018          inf
#[Mean    =     9198.638, StdDeviation   =     2225.697]
#[Max     =    13279.232, Total count    =         1018]
#[Buckets =           27, SubBuckets     =         2048]
-----------------------------------------------------------------------
  1168 requests in 1.00m, 355.91KB read
Requests/sec:     19.46  
Transfer/sec:      5.93KB
