Running 1m test @ http://10.96.158.146/?loopCount=25&base=6&exp=6
  5 threads and 5 connections

  Thread calibration: mean lat.: 1916.055ms, rate sampling interval: 6324ms
  Thread calibration: mean lat.: 1475.919ms, rate sampling interval: 4521ms
  Thread calibration: mean lat.: 1406.789ms, rate sampling interval: 4734ms
  Thread calibration: mean lat.: 1563.327ms, rate sampling interval: 5849ms
  Thread calibration: mean lat.: 1810.352ms, rate sampling interval: 6438ms

-----------------------------------------------------------------------
Test Results @ http://10.96.158.146/?loopCount=25&base=6&exp=6 
  Thread Stats   Avg      Stdev     99%   +/- Stdev
    Latency    11.13s     4.78s   21.53s    63.80%
    Req/Sec     9.88      1.20    13.00     97.67%
  Latency Distribution (HdrHistogram - Recorded Latency)
 50.000%   11.12s 
 75.000%   14.30s 
 90.000%   18.02s 
 99.000%   21.53s 
 99.900%   22.15s 
 99.990%   22.18s 
 99.999%   22.18s 
100.000%   22.18s 

  Detailed Percentile spectrum:
       Value   Percentile   TotalCount 1/(1-Percentile)

    2316.287     0.000000            1         1.00
    4591.615     0.100000          257         1.11
    6492.159     0.200000          513         1.25
    8044.543     0.300000          769         1.43
    9633.791     0.400000         1025         1.67
   11116.543     0.500000         1283         2.00
   11591.679     0.550000         1411         2.22
   12173.311     0.600000         1537         2.50
   13033.471     0.650000         1667         2.86
   13623.295     0.700000         1793         3.33
   14303.231     0.750000         1921         4.00
   14548.991     0.775000         1985         4.44
   15106.047     0.800000         2050         5.00
   15753.215     0.825000         2113         5.71
   16711.679     0.850000         2177         6.67
   17317.887     0.875000         2241         8.00
   17743.871     0.887500         2275         8.89
   18022.399     0.900000         2306        10.00
   18399.231     0.912500         2338        11.43
   18776.063     0.925000         2370        13.33
   19333.119     0.937500         2404        16.00
   19513.343     0.943750         2419        17.78
   19726.335     0.950000         2433        20.00
   19988.479     0.956250         2450        22.86
   20381.695     0.962500         2465        26.67
   20725.759     0.968750         2482        32.00
   20840.447     0.971875         2490        35.56
   20905.983     0.975000         2497        40.00
   21037.055     0.978125         2505        45.71
   21217.279     0.981250         2515        53.33
   21282.815     0.984375         2521        64.00
   21331.967     0.985938         2526        71.11
   21397.503     0.987500         2530        80.00
   21430.271     0.989062         2533        91.43
   21561.343     0.990625         2537       106.67
   21594.111     0.992188         2541       128.00
   21643.263     0.992969         2543       142.22
   21659.647     0.993750         2545       160.00
   21676.031     0.994531         2548       182.86
   21692.415     0.995313         2550       213.33
   21741.567     0.996094         2551       256.00
   21790.719     0.996484         2552       284.44
   21823.487     0.996875         2553       320.00
   21856.255     0.997266         2554       365.71
   21889.023     0.997656         2555       426.67
   21905.407     0.998047         2556       512.00
   22020.095     0.998242         2557       568.89
   22020.095     0.998437         2557       640.00
   22151.167     0.998633         2558       731.43
   22151.167     0.998828         2558       853.33
   22167.551     0.999023         2559      1024.00
   22167.551     0.999121         2559      1137.78
   22167.551     0.999219         2559      1280.00
   22183.935     0.999316         2561      1462.86
   22183.935     1.000000         2561          inf
#[Mean    =    11126.742, StdDeviation   =     4782.036]
#[Max     =    22167.552, Total count    =         2561]
#[Buckets =           27, SubBuckets     =         2048]
-----------------------------------------------------------------------
  3070 requests in 1.00m, 0.91MB read
Requests/sec:     51.16  
Transfer/sec:     15.61KB
