Running 1m test @ http://10.103.77.142/?loopCount=25&base=6&exp=6
  5 threads and 5 connections

  Thread calibration: mean lat.: 1796.085ms, rate sampling interval: 5890ms
  Thread calibration: mean lat.: 1880.534ms, rate sampling interval: 6152ms
  Thread calibration: mean lat.: 1700.509ms, rate sampling interval: 6025ms
  Thread calibration: mean lat.: 1511.960ms, rate sampling interval: 5570ms
  Thread calibration: mean lat.: 1616.174ms, rate sampling interval: 5869ms

-----------------------------------------------------------------------
Test Results @ http://10.103.77.142/?loopCount=25&base=6&exp=6 
  Thread Stats   Avg      Stdev     99%   +/- Stdev
    Latency    11.30s     4.64s   20.04s    59.13%
    Req/Sec     9.75      0.80    11.00    100.00%
  Latency Distribution (HdrHistogram - Recorded Latency)
 50.000%   11.35s 
 75.000%   15.20s 
 90.000%   17.58s 
 99.000%   20.04s 
 99.900%   20.71s 
 99.990%   20.97s 
 99.999%   20.97s 
100.000%   20.97s 

  Detailed Percentile spectrum:
       Value   Percentile   TotalCount 1/(1-Percentile)

    3258.367     0.000000            1         1.00
    4800.511     0.100000          256         1.11
    6451.199     0.200000          511         1.25
    8146.943     0.300000          766         1.43
    9773.055     0.400000         1022         1.67
   11354.111     0.500000         1276         2.00
   12206.079     0.550000         1405         2.22
   13000.703     0.600000         1535         2.50
   13697.023     0.650000         1660         2.86
   14303.231     0.700000         1792         3.33
   15204.351     0.750000         1915         4.00
   15540.223     0.775000         1978         4.44
   15900.671     0.800000         2046         5.00
   16318.463     0.825000         2106         5.71
   16736.255     0.850000         2173         6.67
   17203.199     0.875000         2233         8.00
   17383.423     0.887500         2267         8.89
   17580.031     0.900000         2298        10.00
   17956.863     0.912500         2330        11.43
   18137.087     0.925000         2361        13.33
   18415.615     0.937500         2397        16.00
   18513.919     0.943750         2412        17.78
   18628.607     0.950000         2425        20.00
   18776.063     0.956250         2442        22.86
   18972.671     0.962500         2459        26.67
   19103.743     0.968750         2475        32.00
   19169.279     0.971875         2482        35.56
   19234.815     0.975000         2490        40.00
   19316.735     0.978125         2497        45.71
   19480.575     0.981250         2507        53.33
   19578.879     0.984375         2513        64.00
   19628.031     0.985938         2518        71.11
   19775.487     0.987500         2521        80.00
   20021.247     0.989062         2525        91.43
   20070.399     0.990625         2531       106.67
   20119.551     0.992188         2535       128.00
   20119.551     0.992969         2535       142.22
   20152.319     0.993750         2538       160.00
   20168.703     0.994531         2539       182.86
   20283.391     0.995313         2541       213.33
   20316.159     0.996094         2543       256.00
   20348.927     0.996484         2545       284.44
   20348.927     0.996875         2545       320.00
   20561.919     0.997266         2546       365.71
   20676.607     0.997656         2547       426.67
   20692.991     0.998047         2548       512.00
   20692.991     0.998242         2548       568.89
   20709.375     0.998437         2549       640.00
   20709.375     0.998633         2549       731.43
   20791.295     0.998828         2550       853.33
   20791.295     0.999023         2550      1024.00
   20791.295     0.999121         2550      1137.78
   20840.447     0.999219         2551      1280.00
   20840.447     0.999316         2551      1462.86
   20840.447     0.999414         2551      1706.67
   20840.447     0.999512         2551      2048.00
   20840.447     0.999561         2551      2275.56
   20971.519     0.999609         2552      2560.00
   20971.519     1.000000         2552          inf
#[Mean    =    11302.321, StdDeviation   =     4637.545]
#[Max     =    20955.136, Total count    =         2552]
#[Buckets =           27, SubBuckets     =         2048]
-----------------------------------------------------------------------
  3047 requests in 1.00m, 0.91MB read
Requests/sec:     50.78  
Transfer/sec:     15.49KB
