Running 1m test @ http://10.96.169.80/?loopCount=25&base=6&exp=6
  5 threads and 5 connections

  Thread calibration: mean lat.: 63.519ms, rate sampling interval: 216ms
  Thread calibration: mean lat.: 74.072ms, rate sampling interval: 317ms
  Thread calibration: mean lat.: 76.268ms, rate sampling interval: 322ms
  Thread calibration: mean lat.: 87.042ms, rate sampling interval: 381ms
  Thread calibration: mean lat.: 69.121ms, rate sampling interval: 307ms

-----------------------------------------------------------------------
Test Results @ http://10.96.169.80/?loopCount=25&base=6&exp=6 
  Thread Stats   Avg      Stdev     99%   +/- Stdev
    Latency    46.86ms   15.77ms 110.59ms   85.77%
    Req/Sec     9.53      1.53    13.00     86.60%
  Latency Distribution (HdrHistogram - Recorded Latency)
 50.000%   42.24ms
 75.000%   48.38ms
 90.000%   61.85ms
 99.000%  110.59ms
 99.900%  167.42ms
 99.990%  172.54ms
 99.999%  172.54ms
100.000%  172.54ms

  Detailed Percentile spectrum:
       Value   Percentile   TotalCount 1/(1-Percentile)

      22.399     0.000000            1         1.00
      38.847     0.100000          254         1.11
      40.767     0.200000          503         1.25
      41.311     0.300000          759         1.43
      41.759     0.400000         1003         1.67
      42.239     0.500000         1260         2.00
      42.527     0.550000         1379         2.22
      42.879     0.600000         1505         2.50
      43.455     0.650000         1627         2.86
      45.151     0.700000         1751         3.33
      48.383     0.750000         1876         4.00
      49.343     0.775000         1940         4.44
      50.399     0.800000         2003         5.00
      51.711     0.825000         2064         5.71
      54.303     0.850000         2126         6.67
      57.215     0.875000         2189         8.00
      59.071     0.887500         2221         8.89
      61.855     0.900000         2251        10.00
      65.919     0.912500         2284        11.43
      67.327     0.925000         2314        13.33
      68.223     0.937500         2346        16.00
      69.247     0.943750         2363        17.78
      71.615     0.950000         2376        20.00
      74.047     0.956250         2392        22.86
      80.767     0.962500         2408        26.67
      84.991     0.968750         2426        32.00
      85.375     0.971875         2431        35.56
      87.103     0.975000         2439        40.00
      89.151     0.978125         2447        45.71
      90.687     0.981250         2455        53.33
      95.423     0.984375         2462        64.00
      97.087     0.985938         2466        71.11
      98.559     0.987500         2470        80.00
     102.015     0.989062         2474        91.43
     112.831     0.990625         2478       106.67
     153.215     0.992188         2482       128.00
     153.855     0.992969         2484       142.22
     156.031     0.993750         2486       160.00
     156.287     0.994531         2488       182.86
     158.335     0.995313         2490       213.33
     158.847     0.996094         2492       256.00
     161.151     0.996484         2493       284.44
     161.279     0.996875         2494       320.00
     161.535     0.997266         2495       365.71
     162.559     0.997656         2496       426.67
     162.815     0.998047         2497       512.00
     162.815     0.998242         2497       568.89
     167.423     0.998437         2498       640.00
     167.423     0.998633         2498       731.43
     170.623     0.998828         2499       853.33
     170.623     0.999023         2499      1024.00
     170.623     0.999121         2499      1137.78
     172.159     0.999219         2500      1280.00
     172.159     0.999316         2500      1462.86
     172.159     0.999414         2500      1706.67
     172.159     0.999512         2500      2048.00
     172.159     0.999561         2500      2275.56
     172.543     0.999609         2501      2560.00
     172.543     1.000000         2501          inf
#[Mean    =       46.862, StdDeviation   =       15.771]
#[Max     =      172.416, Total count    =         2501]
#[Buckets =           27, SubBuckets     =         2048]
-----------------------------------------------------------------------
  2995 requests in 1.00m, 0.89MB read
Requests/sec:     49.91  
Transfer/sec:     15.21KB
