Running 1m test @ http://10.96.164.126/?loopCount=25&base=6&exp=6
  5 threads and 5 connections

  Thread calibration: mean lat.: 54.008ms, rate sampling interval: 183ms
  Thread calibration: mean lat.: 51.705ms, rate sampling interval: 178ms
  Thread calibration: mean lat.: 54.707ms, rate sampling interval: 206ms
  Thread calibration: mean lat.: 59.623ms, rate sampling interval: 187ms
  Thread calibration: mean lat.: 51.986ms, rate sampling interval: 166ms

-----------------------------------------------------------------------
Test Results @ http://10.96.164.126/?loopCount=25&base=6&exp=6 
  Thread Stats   Avg      Stdev     99%   +/- Stdev
    Latency    46.13ms   18.21ms 112.45ms   87.88%
    Req/Sec     9.52      2.60    16.00     82.23%
  Latency Distribution (HdrHistogram - Recorded Latency)
 50.000%   41.57ms
 75.000%   42.30ms
 90.000%   53.18ms
 99.000%  112.45ms
 99.900%  152.96ms
 99.990%  157.82ms
 99.999%  157.82ms
100.000%  157.82ms

  Detailed Percentile spectrum:
       Value   Percentile   TotalCount 1/(1-Percentile)

      21.695     0.000000            1         1.00
      38.399     0.100000          255         1.11
      40.575     0.200000          511         1.25
      40.927     0.300000          766         1.43
      41.279     0.400000         1005         1.67
      41.567     0.500000         1260         2.00
      41.695     0.550000         1381         2.22
      41.823     0.600000         1504         2.50
      41.983     0.650000         1637         2.86
      42.143     0.700000         1763         3.33
      42.303     0.750000         1892         4.00
      42.399     0.775000         1947         4.44
      42.527     0.800000         2015         5.00
      42.623     0.825000         2067         5.71
      42.783     0.850000         2136         6.67
      43.103     0.875000         2190         8.00
      43.839     0.887500         2220         8.89
      53.183     0.900000         2250        10.00
      81.663     0.912500         2282        11.43
      93.183     0.925000         2314        13.33
      94.463     0.937500         2344        16.00
      96.063     0.943750         2360        17.78
      97.343     0.950000         2375        20.00
      98.239     0.956250         2392        22.86
     100.799     0.962500         2407        26.67
     103.167     0.968750         2422        32.00
     103.679     0.971875         2430        35.56
     105.151     0.975000         2438        40.00
     107.007     0.978125         2446        45.71
     108.927     0.981250         2455        53.33
     109.887     0.984375         2461        64.00
     110.079     0.985938         2465        71.11
     110.783     0.987500         2469        80.00
     112.191     0.989062         2473        91.43
     112.575     0.990625         2477       106.67
     113.023     0.992188         2481       128.00
     113.151     0.992969         2483       142.22
     113.919     0.993750         2486       160.00
     113.983     0.994531         2487       182.86
     115.263     0.995313         2489       213.33
     123.711     0.996094         2491       256.00
     123.839     0.996484         2492       284.44
     148.991     0.996875         2493       320.00
     149.503     0.997266         2494       365.71
     150.271     0.997656         2495       426.67
     150.399     0.998047         2496       512.00
     150.399     0.998242         2496       568.89
     151.039     0.998437         2497       640.00
     151.039     0.998633         2497       731.43
     152.959     0.998828         2498       853.33
     152.959     0.999023         2498      1024.00
     152.959     0.999121         2498      1137.78
     153.471     0.999219         2499      1280.00
     153.471     0.999316         2499      1462.86
     153.471     0.999414         2499      1706.67
     153.471     0.999512         2499      2048.00
     153.471     0.999561         2499      2275.56
     157.823     0.999609         2500      2560.00
     157.823     1.000000         2500          inf
#[Mean    =       46.132, StdDeviation   =       18.214]
#[Max     =      157.696, Total count    =         2500]
#[Buckets =           27, SubBuckets     =         2048]
-----------------------------------------------------------------------
  2995 requests in 1.00m, 0.89MB read
Requests/sec:     49.91  
Transfer/sec:     15.21KB
