Running 1m test @ http://10.106.106.124/?loopCount=25&base=6&exp=6
  5 threads and 5 connections

  Thread calibration: mean lat.: 543.351ms, rate sampling interval: 1709ms
  Thread calibration: mean lat.: 735.311ms, rate sampling interval: 2160ms
  Thread calibration: mean lat.: 654.866ms, rate sampling interval: 2070ms
  Thread calibration: mean lat.: 1133.210ms, rate sampling interval: 3289ms
  Thread calibration: mean lat.: 861.469ms, rate sampling interval: 2619ms

-----------------------------------------------------------------------
Test Results @ http://10.106.106.124/?loopCount=25&base=6&exp=6 
  Thread Stats   Avg      Stdev     99%   +/- Stdev
    Latency     1.37s   705.15ms   2.94s    65.70%
    Req/Sec    14.31      1.30    17.00     87.27%
  Latency Distribution (HdrHistogram - Recorded Latency)
 50.000%    1.35s 
 75.000%    1.65s 
 90.000%    2.55s 
 99.000%    2.94s 
 99.900%    3.04s 
 99.990%    3.08s 
 99.999%    3.08s 
100.000%    3.08s 

  Detailed Percentile spectrum:
       Value   Percentile   TotalCount 1/(1-Percentile)

      40.127     0.000000            1         1.00
     421.887     0.100000          370         1.11
     727.039     0.200000          740         1.25
    1058.815     0.300000         1112         1.43
    1202.175     0.400000         1480         1.67
    1349.631     0.500000         1851         2.00
    1412.095     0.550000         2035         2.22
    1474.559     0.600000         2220         2.50
    1526.783     0.650000         2407         2.86
    1586.175     0.700000         2592         3.33
    1650.687     0.750000         2775         4.00
    1705.983     0.775000         2868         4.44
    1769.471     0.800000         2960         5.00
    1970.175     0.825000         3053         5.71
    2172.927     0.850000         3146         6.67
    2410.495     0.875000         3239         8.00
    2486.271     0.887500         3286         8.89
    2545.663     0.900000         3330        10.00
    2605.055     0.912500         3377        11.43
    2646.015     0.925000         3424        13.33
    2693.119     0.937500         3470        16.00
    2723.839     0.943750         3492        17.78
    2766.847     0.950000         3517        20.00
    2803.711     0.956250         3540        22.86
    2834.431     0.962500         3567        26.67
    2856.959     0.968750         3585        32.00
    2871.295     0.971875         3597        35.56
    2883.583     0.975000         3612        40.00
    2889.727     0.978125         3620        45.71
    2904.063     0.981250         3633        53.33
    2912.255     0.984375         3644        64.00
    2916.351     0.985938         3649        71.11
    2926.591     0.987500         3654        80.00
    2934.783     0.989062         3660        91.43
    2942.975     0.990625         3666       106.67
    2957.311     0.992188         3673       128.00
    2959.359     0.992969         3674       142.22
    2967.551     0.993750         3678       160.00
    2969.599     0.994531         3680       182.86
    2983.935     0.995313         3683       213.33
    2988.031     0.996094         3686       256.00
    2990.079     0.996484         3688       284.44
    2996.223     0.996875         3689       320.00
    3000.319     0.997266         3691       365.71
    3008.511     0.997656         3692       426.67
    3016.703     0.998047         3693       512.00
    3018.751     0.998242         3694       568.89
    3022.847     0.998437         3695       640.00
    3022.847     0.998633         3695       731.43
    3043.327     0.998828         3696       853.33
    3045.375     0.999023         3697      1024.00
    3045.375     0.999121         3697      1137.78
    3049.471     0.999219         3698      1280.00
    3049.471     0.999316         3698      1462.86
    3049.471     0.999414         3698      1706.67
    3069.951     0.999512         3699      2048.00
    3069.951     0.999561         3699      2275.56
    3069.951     0.999609         3699      2560.00
    3069.951     0.999658         3699      2925.71
    3069.951     0.999707         3699      3413.33
    3076.095     0.999756         3700      4096.00
    3076.095     1.000000         3700          inf
#[Mean    =     1372.679, StdDeviation   =      705.150]
#[Max     =     3074.048, Total count    =         3700]
#[Buckets =           27, SubBuckets     =         2048]
-----------------------------------------------------------------------
  4356 requests in 1.00m, 1.30MB read
Requests/sec:     72.59  
Transfer/sec:     22.13KB
