Running 1m test @ http://10.104.199.0/?loopCount=25&base=6&exp=6
  1 threads and 1 connections

  Thread calibration: mean lat.: 2266.694ms, rate sampling interval: 6705ms

-----------------------------------------------------------------------
Test Results @ http://10.104.199.0/?loopCount=25&base=6&exp=6 
  Thread Stats   Avg      Stdev     99%   +/- Stdev
    Latency     9.99s     3.41s   16.06s    55.44%
    Req/Sec    18.43      0.73    19.00    100.00%
  Latency Distribution (HdrHistogram - Recorded Latency)
 50.000%    9.89s 
 75.000%   13.03s 
 90.000%   14.59s 
 99.000%   16.06s 
 99.900%   16.14s 
 99.990%   16.15s 
 99.999%   16.15s 
100.000%   16.15s 

  Detailed Percentile spectrum:
       Value   Percentile   TotalCount 1/(1-Percentile)

    3659.775     0.000000            1         1.00
    5279.743     0.100000           95         1.11
    6299.647     0.200000          188         1.25
    7720.959     0.300000          282         1.43
    8945.663     0.400000          377         1.67
    9887.743     0.500000          470         2.00
   10330.111     0.550000          516         2.22
   10960.895     0.600000          565         2.50
   11509.759     0.650000          612         2.86
   12394.495     0.700000          661         3.33
   13033.471     0.750000          704         4.00
   13287.423     0.775000          727         4.44
   13729.791     0.800000          753         5.00
   14000.127     0.825000          774         5.71
   14335.999     0.850000          799         6.67
   14508.031     0.875000          825         8.00
   14581.759     0.887500          838         8.89
   14589.951     0.900000          848        10.00
   14663.679     0.912500          859        11.43
   14712.831     0.925000          872        13.33
   15056.895     0.937500          880        16.00
   15228.927     0.943750          886        17.78
   15269.887     0.950000          893        20.00
   15286.271     0.956250          900        22.86
   15433.727     0.962500          904        26.67
   15515.647     0.968750          912        32.00
   15515.647     0.971875          912        35.56
   15646.719     0.975000          915        40.00
   15745.023     0.978125          918        45.71
   15826.943     0.981250          921        53.33
   15933.439     0.984375          924        64.00
   15974.399     0.985938          925        71.11
   16023.551     0.987500          927        80.00
   16056.319     0.989062          929        91.43
   16064.511     0.990625          930       106.67
   16105.471     0.992188          932       128.00
   16105.471     0.992969          932       142.22
   16138.239     0.993750          937       160.00
   16138.239     0.994531          937       182.86
   16138.239     0.995313          937       213.33
   16138.239     0.996094          937       256.00
   16138.239     0.996484          937       284.44
   16138.239     0.996875          937       320.00
   16138.239     0.997266          937       365.71
   16138.239     0.997656          937       426.67
   16138.239     0.998047          937       512.00
   16138.239     0.998242          937       568.89
   16138.239     0.998437          937       640.00
   16138.239     0.998633          937       731.43
   16138.239     0.998828          937       853.33
   16154.623     0.999023          938      1024.00
   16154.623     1.000000          938          inf
#[Mean    =     9987.413, StdDeviation   =     3405.749]
#[Max     =    16146.432, Total count    =          938]
#[Buckets =           27, SubBuckets     =         2048]
-----------------------------------------------------------------------
  1096 requests in 1.00m, 333.97KB read
Requests/sec:     18.27  
Transfer/sec:      5.57KB
