Running 1m test @ http://10.108.208.72/?loopCount=25&base=6&exp=6
  5 threads and 5 connections

  Thread calibration: mean lat.: 712.269ms, rate sampling interval: 3008ms
  Thread calibration: mean lat.: 574.320ms, rate sampling interval: 2164ms
  Thread calibration: mean lat.: 829.031ms, rate sampling interval: 3000ms
  Thread calibration: mean lat.: 659.383ms, rate sampling interval: 2969ms
  Thread calibration: mean lat.: 817.706ms, rate sampling interval: 2314ms

-----------------------------------------------------------------------
Test Results @ http://10.108.208.72/?loopCount=25&base=6&exp=6 
  Thread Stats   Avg      Stdev     99%   +/- Stdev
    Latency     4.44s     1.86s    8.95s    63.01%
    Req/Sec    12.66      1.04    15.00     95.65%
  Latency Distribution (HdrHistogram - Recorded Latency)
 50.000%    4.16s 
 75.000%    5.98s 
 90.000%    6.81s 
 99.000%    8.95s 
 99.900%    9.31s 
 99.990%    9.36s 
 99.999%    9.36s 
100.000%    9.36s 

  Detailed Percentile spectrum:
       Value   Percentile   TotalCount 1/(1-Percentile)

    1214.463     0.000000            1         1.00
    2011.135     0.100000          331         1.11
    2619.391     0.200000          661         1.25
    3207.167     0.300000          991         1.43
    3678.207     0.400000         1321         1.67
    4157.439     0.500000         1653         2.00
    4673.535     0.550000         1816         2.22
    4968.447     0.600000         1981         2.50
    5304.319     0.650000         2147         2.86
    5595.135     0.700000         2313         3.33
    5980.159     0.750000         2481         4.00
    6049.791     0.775000         2564         4.44
    6148.095     0.800000         2641         5.00
    6299.647     0.825000         2726         5.71
    6447.103     0.850000         2809         6.67
    6631.423     0.875000         2892         8.00
    6725.631     0.887500         2930         8.89
    6811.647     0.900000         2971        10.00
    7098.367     0.912500         3013        11.43
    7254.015     0.925000         3055        13.33
    7331.839     0.937500         3096        16.00
    7380.991     0.943750         3116        17.78
    7569.407     0.950000         3136        20.00
    7782.399     0.956250         3157        22.86
    7929.855     0.962500         3178        26.67
    8019.967     0.968750         3199        32.00
    8081.407     0.971875         3209        35.56
    8216.575     0.975000         3220        40.00
    8380.415     0.978125         3229        45.71
    8560.639     0.981250         3240        53.33
    8626.175     0.984375         3251        64.00
    8650.751     0.985938         3256        71.11
    8798.207     0.987500         3260        80.00
    8847.359     0.989062         3265        91.43
    8994.815     0.990625         3271       106.67
    9084.927     0.992188         3276       128.00
    9101.311     0.992969         3280       142.22
    9109.503     0.993750         3281       160.00
    9117.695     0.994531         3283       182.86
    9134.079     0.995313         3286       213.33
    9175.039     0.996094         3290       256.00
    9175.039     0.996484         3290       284.44
    9199.615     0.996875         3291       320.00
    9207.807     0.997266         3292       365.71
    9273.343     0.997656         3294       426.67
    9281.535     0.998047         3295       512.00
    9306.111     0.998242         3296       568.89
    9306.111     0.998437         3296       640.00
    9314.303     0.998633         3298       731.43
    9314.303     0.998828         3298       853.33
    9314.303     0.999023         3298      1024.00
    9330.687     0.999121         3300      1137.78
    9330.687     0.999219         3300      1280.00
    9330.687     0.999316         3300      1462.86
    9330.687     0.999414         3300      1706.67
    9330.687     0.999512         3300      2048.00
    9330.687     0.999561         3300      2275.56
    9330.687     0.999609         3300      2560.00
    9330.687     0.999658         3300      2925.71
    9363.455     0.999707         3301      3413.33
    9363.455     1.000000         3301          inf
#[Mean    =     4436.486, StdDeviation   =     1858.003]
#[Max     =     9355.264, Total count    =         3301]
#[Buckets =           27, SubBuckets     =         2048]
-----------------------------------------------------------------------
  3937 requests in 1.00m, 1.17MB read
Requests/sec:     65.61  
Transfer/sec:     20.00KB
