Running 1m test @ http://10.97.57.202/?loopCount=25&base=6&exp=6
  5 threads and 5 connections

  Thread calibration: mean lat.: 408.401ms, rate sampling interval: 1481ms
  Thread calibration: mean lat.: 129.935ms, rate sampling interval: 451ms
  Thread calibration: mean lat.: 261.981ms, rate sampling interval: 697ms
  Thread calibration: mean lat.: 354.550ms, rate sampling interval: 1065ms
  Thread calibration: mean lat.: 226.424ms, rate sampling interval: 680ms

-----------------------------------------------------------------------
Test Results @ http://10.97.57.202/?loopCount=25&base=6&exp=6 
  Thread Stats   Avg      Stdev     99%   +/- Stdev
    Latency   192.57ms  153.86ms 849.92ms   87.95%
    Req/Sec     9.61      1.57    13.00     90.39%
  Latency Distribution (HdrHistogram - Recorded Latency)
 50.000%  139.01ms
 75.000%  234.75ms
 90.000%  343.04ms
 99.000%  849.92ms
 99.900%  948.22ms
 99.990%  953.34ms
 99.999%  953.34ms
100.000%  953.34ms

  Detailed Percentile spectrum:
       Value   Percentile   TotalCount 1/(1-Percentile)

      30.735     0.000000            1         1.00
      48.767     0.100000          253         1.11
     114.943     0.200000          505         1.25
     121.087     0.300000          757         1.43
     128.639     0.400000         1006         1.67
     139.007     0.500000         1259         2.00
     143.231     0.550000         1383         2.22
     151.935     0.600000         1509         2.50
     218.367     0.650000         1636         2.86
     226.175     0.700000         1760         3.33
     234.751     0.750000         1886         4.00
     240.511     0.775000         1950         4.44
     247.039     0.800000         2013         5.00
     314.879     0.825000         2077         5.71
     321.279     0.850000         2140         6.67
     327.935     0.875000         2200         8.00
     334.591     0.887500         2234         8.89
     343.039     0.900000         2263        10.00
     415.487     0.912500         2297        11.43
     421.631     0.925000         2329        13.33
     428.799     0.937500         2357        16.00
     434.943     0.943750         2373        17.78
     441.599     0.950000         2389        20.00
     515.327     0.956250         2406        22.86
     526.847     0.962500         2420        26.67
     619.519     0.968750         2436        32.00
     631.807     0.971875         2444        35.56
     648.191     0.975000         2452        40.00
     729.087     0.978125         2460        45.71
     817.151     0.981250         2467        53.33
     841.215     0.984375         2476        64.00
     842.751     0.985938         2479        71.11
     847.359     0.987500         2483        80.00
     849.407     0.989062         2487        91.43
     850.431     0.990625         2491       106.67
     857.087     0.992188         2495       128.00
     914.431     0.992969         2497       142.22
     915.967     0.993750         2500       160.00
     920.575     0.994531         2501       182.86
     926.207     0.995313         2503       213.33
     928.767     0.996094         2505       256.00
     929.279     0.996484         2506       284.44
     929.791     0.996875         2507       320.00
     935.423     0.997266         2508       365.71
     936.447     0.997656         2509       426.67
     945.151     0.998047         2510       512.00
     945.151     0.998242         2510       568.89
     948.223     0.998437         2511       640.00
     948.223     0.998633         2511       731.43
     949.759     0.998828         2512       853.33
     949.759     0.999023         2512      1024.00
     949.759     0.999121         2512      1137.78
     951.295     0.999219         2513      1280.00
     951.295     0.999316         2513      1462.86
     951.295     0.999414         2513      1706.67
     951.295     0.999512         2513      2048.00
     951.295     0.999561         2513      2275.56
     953.343     0.999609         2514      2560.00
     953.343     1.000000         2514          inf
#[Mean    =      192.570, StdDeviation   =      153.857]
#[Max     =      952.832, Total count    =         2514]
#[Buckets =           27, SubBuckets     =         2048]
-----------------------------------------------------------------------
  2988 requests in 1.00m, 0.89MB read
Requests/sec:     49.79  
Transfer/sec:     15.19KB
