Running 1m test @ http://10.111.175.232/?loopCount=25&base=6&exp=6
  5 threads and 5 connections

  Thread calibration: mean lat.: 119.685ms, rate sampling interval: 377ms
  Thread calibration: mean lat.: 285.095ms, rate sampling interval: 1043ms
  Thread calibration: mean lat.: 283.117ms, rate sampling interval: 808ms
  Thread calibration: mean lat.: 99.133ms, rate sampling interval: 336ms
  Thread calibration: mean lat.: 318.669ms, rate sampling interval: 993ms

-----------------------------------------------------------------------
Test Results @ http://10.111.175.232/?loopCount=25&base=6&exp=6 
  Thread Stats   Avg      Stdev     99%   +/- Stdev
    Latency    75.09ms   54.69ms 264.45ms   88.35%
    Req/Sec    14.43      1.89    20.00     85.84%
  Latency Distribution (HdrHistogram - Recorded Latency)
 50.000%   56.96ms
 75.000%   87.23ms
 90.000%  140.03ms
 99.000%  264.45ms
 99.900%  492.03ms
 99.990%  523.26ms
 99.999%  523.26ms
100.000%  523.26ms

  Detailed Percentile spectrum:
       Value   Percentile   TotalCount 1/(1-Percentile)

      21.279     0.000000            1         1.00
      40.447     0.100000          384         1.11
      41.055     0.200000          778         1.25
      41.663     0.300000         1140         1.43
      45.759     0.400000         1506         1.67
      56.959     0.500000         1881         2.00
      61.215     0.550000         2069         2.22
      65.215     0.600000         2258         2.50
      70.655     0.650000         2445         2.86
      77.119     0.700000         2633         3.33
      87.231     0.750000         2821         4.00
      90.879     0.775000         2915         4.44
      97.087     0.800000         3009         5.00
     103.871     0.825000         3104         5.71
     113.023     0.850000         3199         6.67
     124.415     0.875000         3291         8.00
     131.455     0.887500         3339         8.89
     140.031     0.900000         3385        10.00
     150.271     0.912500         3433        11.43
     163.199     0.925000         3479        13.33
     172.799     0.937500         3526        16.00
     180.863     0.943750         3550        17.78
     188.415     0.950000         3574        20.00
     195.199     0.956250         3597        22.86
     200.191     0.962500         3620        26.67
     207.487     0.968750         3644        32.00
     214.015     0.971875         3656        35.56
     223.359     0.975000         3667        40.00
     229.887     0.978125         3679        45.71
     238.207     0.981250         3691        53.33
     246.911     0.984375         3703        64.00
     254.719     0.985938         3709        71.11
     257.663     0.987500         3714        80.00
     262.655     0.989062         3720        91.43
     273.151     0.990625         3726       106.67
     288.511     0.992188         3732       128.00
     293.119     0.992969         3735       142.22
     299.775     0.993750         3738       160.00
     335.615     0.994531         3741       182.86
     363.519     0.995313         3744       213.33
     445.951     0.996094         3748       256.00
     445.951     0.996484         3748       284.44
     464.639     0.996875         3750       320.00
     471.039     0.997266         3751       365.71
     478.719     0.997656         3753       426.67
     487.423     0.998047         3754       512.00
     489.983     0.998242         3755       568.89
     490.239     0.998437         3756       640.00
     490.239     0.998633         3756       731.43
     492.031     0.998828         3757       853.33
     498.943     0.999023         3758      1024.00
     498.943     0.999121         3758      1137.78
     504.575     0.999219         3759      1280.00
     504.575     0.999316         3759      1462.86
     504.575     0.999414         3759      1706.67
     521.983     0.999512         3760      2048.00
     521.983     0.999561         3760      2275.56
     521.983     0.999609         3760      2560.00
     521.983     0.999658         3760      2925.71
     521.983     0.999707         3760      3413.33
     523.263     0.999756         3761      4096.00
     523.263     1.000000         3761          inf
#[Mean    =       75.091, StdDeviation   =       54.692]
#[Max     =      523.008, Total count    =         3761]
#[Buckets =           27, SubBuckets     =         2048]
-----------------------------------------------------------------------
  4492 requests in 1.00m, 1.34MB read
Requests/sec:     74.86  
Transfer/sec:     22.81KB
