Running 1m test @ http://10.97.218.196/?loopCount=25&base=6&exp=6
  5 threads and 5 connections

  Thread calibration: mean lat.: 381.743ms, rate sampling interval: 1133ms
  Thread calibration: mean lat.: 146.308ms, rate sampling interval: 406ms
  Thread calibration: mean lat.: 306.311ms, rate sampling interval: 1254ms
  Thread calibration: mean lat.: 169.503ms, rate sampling interval: 500ms
  Thread calibration: mean lat.: 303.177ms, rate sampling interval: 1127ms

-----------------------------------------------------------------------
Test Results @ http://10.97.218.196/?loopCount=25&base=6&exp=6 
  Thread Stats   Avg      Stdev     99%   +/- Stdev
    Latency     1.12s   780.59ms   3.00s    69.29%
    Req/Sec    14.38      2.74    20.00     85.39%
  Latency Distribution (HdrHistogram - Recorded Latency)
 50.000%  899.58ms
 75.000%    1.50s 
 90.000%    2.55s 
 99.000%    3.00s 
 99.900%    3.11s 
 99.990%    3.15s 
 99.999%    3.15s 
100.000%    3.15s 

  Detailed Percentile spectrum:
       Value   Percentile   TotalCount 1/(1-Percentile)

      21.599     0.000000            1         1.00
     289.535     0.100000          367         1.11
     468.735     0.200000          734         1.25
     665.599     0.300000         1101         1.43
     785.919     0.400000         1468         1.67
     899.583     0.500000         1835         2.00
     952.831     0.550000         2018         2.22
    1001.983     0.600000         2201         2.50
    1078.271     0.650000         2385         2.86
    1323.007     0.700000         2567         3.33
    1500.159     0.750000         2750         4.00
    1561.599     0.775000         2845         4.44
    1651.711     0.800000         2935         5.00
    1845.247     0.825000         3025         5.71
    2238.463     0.850000         3118         6.67
    2404.351     0.875000         3208         8.00
    2486.271     0.887500         3254         8.89
    2553.855     0.900000         3301        10.00
    2621.439     0.912500         3346        11.43
    2695.167     0.925000         3392        13.33
    2744.319     0.937500         3438        16.00
    2772.991     0.943750         3460        17.78
    2805.759     0.950000         3484        20.00
    2832.383     0.956250         3506        22.86
    2842.623     0.962500         3529        26.67
    2863.103     0.968750         3553        32.00
    2871.295     0.971875         3566        35.56
    2885.631     0.975000         3576        40.00
    2895.871     0.978125         3586        45.71
    2924.543     0.981250         3598        53.33
    2961.407     0.984375         3610        64.00
    2971.647     0.985938         3616        71.11
    2977.791     0.987500         3622        80.00
    2992.127     0.989062         3626        91.43
    3002.367     0.990625         3632       106.67
    3012.607     0.992188         3638       128.00
    3020.799     0.992969         3641       142.22
    3037.183     0.993750         3644       160.00
    3053.567     0.994531         3646       182.86
    3063.807     0.995313         3649       213.33
    3069.951     0.996094         3652       256.00
    3080.191     0.996484         3654       284.44
    3086.335     0.996875         3655       320.00
    3088.383     0.997266         3656       365.71
    3100.671     0.997656         3658       426.67
    3106.815     0.998047         3659       512.00
    3110.911     0.998242         3661       568.89
    3110.911     0.998437         3661       640.00
    3110.911     0.998633         3661       731.43
    3112.959     0.998828         3662       853.33
    3119.103     0.999023         3663      1024.00
    3119.103     0.999121         3663      1137.78
    3123.199     0.999219         3664      1280.00
    3123.199     0.999316         3664      1462.86
    3123.199     0.999414         3664      1706.67
    3137.535     0.999512         3665      2048.00
    3137.535     0.999561         3665      2275.56
    3137.535     0.999609         3665      2560.00
    3137.535     0.999658         3665      2925.71
    3137.535     0.999707         3665      3413.33
    3149.823     0.999756         3666      4096.00
    3149.823     1.000000         3666          inf
#[Mean    =     1121.681, StdDeviation   =      780.594]
#[Max     =     3147.776, Total count    =         3666]
#[Buckets =           27, SubBuckets     =         2048]
-----------------------------------------------------------------------
  4379 requests in 1.00m, 1.30MB read
Requests/sec:     72.97  
Transfer/sec:     22.24KB
