Running 1m test @ http://10.107.164.151/?loopCount=25&base=6&exp=6
  1 threads and 1 connections

  Thread calibration: mean lat.: 3278.166ms, rate sampling interval: 11526ms

-----------------------------------------------------------------------
Test Results @ http://10.107.164.151/?loopCount=25&base=6&exp=6 
  Thread Stats   Avg      Stdev     99%   +/- Stdev
    Latency    21.69s     8.65s   35.62s    57.87%
    Req/Sec     9.75      0.43    10.00    100.00%
  Latency Distribution (HdrHistogram - Recorded Latency)
 50.000%   21.68s 
 75.000%   29.18s 
 90.000%   33.47s 
 99.000%   35.62s 
 99.900%   35.85s 
 99.990%   35.91s 
 99.999%   35.91s 
100.000%   35.91s 

  Detailed Percentile spectrum:
       Value   Percentile   TotalCount 1/(1-Percentile)

    6283.263     0.000000            2         1.00
    9093.119     0.100000           51         1.11
   12935.167     0.200000          102         1.25
   15908.863     0.300000          153         1.43
   18989.055     0.400000          204         1.67
   21676.031     0.500000          255         2.00
   23232.511     0.550000          280         2.22
   24821.759     0.600000          305         2.50
   26394.623     0.650000          331         2.86
   27869.183     0.700000          356         3.33
   29179.903     0.750000          381         4.00
   30162.943     0.775000          394         4.44
   30638.079     0.800000          407         5.00
   31539.199     0.825000          420         5.71
   32145.407     0.850000          432         6.67
   32833.535     0.875000          445         8.00
   33193.983     0.887500          451         8.89
   33488.895     0.900000          459        10.00
   33751.039     0.912500          464        11.43
   34144.255     0.925000          470        13.33
   34537.471     0.937500          478        16.00
   34635.775     0.943750          481        17.78
   34701.311     0.950000          484        20.00
   34766.847     0.956250          486        22.86
   34865.151     0.962500          489        26.67
   35028.991     0.968750          493        32.00
   35094.527     0.971875          494        35.56
   35192.831     0.975000          496        40.00
   35258.367     0.978125          497        45.71
   35389.439     0.981250          499        53.33
   35487.743     0.984375          501        64.00
   35487.743     0.985938          501        71.11
   35553.279     0.987500          502        80.00
   35618.815     0.989062          503        91.43
   35684.351     0.990625          504       106.67
   35749.887     0.992188          505       128.00
   35749.887     0.992969          505       142.22
   35749.887     0.993750          505       160.00
   35782.655     0.994531          506       182.86
   35782.655     0.995313          506       213.33
   35848.191     0.996094          507       256.00
   35848.191     0.996484          507       284.44
   35848.191     0.996875          507       320.00
   35848.191     0.997266          507       365.71
   35848.191     0.997656          507       426.67
   35913.727     0.998047          508       512.00
   35913.727     1.000000          508          inf
#[Mean    =    21688.034, StdDeviation   =     8647.569]
#[Max     =    35880.960, Total count    =          508]
#[Buckets =           27, SubBuckets     =         2048]
-----------------------------------------------------------------------
  602 requests in 1.00m, 183.66KB read
Requests/sec:     10.03  
Transfer/sec:      3.06KB
