Running 1m test @ http://10.100.134.99/?loopCount=25&base=6&exp=6
  5 threads and 5 connections

  Thread calibration: mean lat.: 293.021ms, rate sampling interval: 949ms
  Thread calibration: mean lat.: 740.791ms, rate sampling interval: 1925ms
  Thread calibration: mean lat.: 280.818ms, rate sampling interval: 935ms
  Thread calibration: mean lat.: 308.562ms, rate sampling interval: 985ms
  Thread calibration: mean lat.: 412.323ms, rate sampling interval: 1084ms

-----------------------------------------------------------------------
Test Results @ http://10.100.134.99/?loopCount=25&base=6&exp=6 
  Thread Stats   Avg      Stdev     99%   +/- Stdev
    Latency   242.46ms  276.79ms   1.09s    84.97%
    Req/Sec    14.56      1.32    18.00     89.38%
  Latency Distribution (HdrHistogram - Recorded Latency)
 50.000%   92.80ms
 75.000%  371.45ms
 90.000%  721.41ms
 99.000%    1.09s 
 99.900%    1.17s 
 99.990%    1.22s 
 99.999%    1.22s 
100.000%    1.22s 

  Detailed Percentile spectrum:
       Value   Percentile   TotalCount 1/(1-Percentile)

      21.775     0.000000            1         1.00
      40.767     0.100000          378         1.11
      41.919     0.200000          759         1.25
      52.735     0.300000         1134         1.43
      68.607     0.400000         1512         1.67
      92.799     0.500000         1890         2.00
     114.815     0.550000         2079         2.22
     150.143     0.600000         2269         2.50
     219.135     0.650000         2457         2.86
     306.943     0.700000         2646         3.33
     371.455     0.750000         2835         4.00
     398.591     0.775000         2930         4.44
     432.639     0.800000         3024         5.00
     474.879     0.825000         3119         5.71
     520.191     0.850000         3213         6.67
     621.567     0.875000         3309         8.00
     676.351     0.887500         3355         8.89
     721.407     0.900000         3402        10.00
     751.615     0.912500         3450        11.43
     786.431     0.925000         3497        13.33
     823.807     0.937500         3544        16.00
     846.847     0.943750         3569        17.78
     869.375     0.950000         3591        20.00
     908.287     0.956250         3615        22.86
     932.863     0.962500         3639        26.67
     958.463     0.968750         3662        32.00
     978.431     0.971875         3674        35.56
    1000.447     0.975000         3687        40.00
    1018.367     0.978125         3699        45.71
    1047.039     0.981250         3710        53.33
    1059.839     0.984375         3721        64.00
    1064.959     0.985938         3727        71.11
    1079.295     0.987500         3734        80.00
    1088.511     0.989062         3739        91.43
    1097.727     0.990625         3745       106.67
    1112.063     0.992188         3751       128.00
    1116.159     0.992969         3754       142.22
    1123.327     0.993750         3757       160.00
    1130.495     0.994531         3761       182.86
    1134.591     0.995313         3763       213.33
    1143.807     0.996094         3766       256.00
    1146.879     0.996484         3767       284.44
    1155.071     0.996875         3770       320.00
    1155.071     0.997266         3770       365.71
    1160.191     0.997656         3772       426.67
    1164.287     0.998047         3774       512.00
    1164.287     0.998242         3774       568.89
    1165.311     0.998437         3775       640.00
    1165.311     0.998633         3775       731.43
    1167.359     0.998828         3776       853.33
    1180.671     0.999023         3777      1024.00
    1180.671     0.999121         3777      1137.78
    1186.815     0.999219         3778      1280.00
    1186.815     0.999316         3778      1462.86
    1186.815     0.999414         3778      1706.67
    1202.175     0.999512         3779      2048.00
    1202.175     0.999561         3779      2275.56
    1202.175     0.999609         3779      2560.00
    1202.175     0.999658         3779      2925.71
    1202.175     0.999707         3779      3413.33
    1216.511     0.999756         3780      4096.00
    1216.511     1.000000         3780          inf
#[Mean    =      242.461, StdDeviation   =      276.786]
#[Max     =     1215.488, Total count    =         3780]
#[Buckets =           27, SubBuckets     =         2048]
-----------------------------------------------------------------------
  4491 requests in 1.00m, 1.34MB read
Requests/sec:     74.84  
Transfer/sec:     22.81KB
