Running 1m test @ http://10.102.207.185/?loopCount=25&base=6&exp=6
  1 threads and 1 connections

  Thread calibration: mean lat.: 3066.533ms, rate sampling interval: 10682ms

-----------------------------------------------------------------------
Test Results @ http://10.102.207.185/?loopCount=25&base=6&exp=6 
  Thread Stats   Avg      Stdev     99%   +/- Stdev
    Latency    20.79s     8.43s   34.73s    57.93%
    Req/Sec    10.00      0.00    10.00    100.00%
  Latency Distribution (HdrHistogram - Recorded Latency)
 50.000%   21.25s 
 75.000%   28.07s 
 90.000%   32.41s 
 99.000%   34.73s 
 99.900%   34.90s 
 99.990%   35.03s 
 99.999%   35.03s 
100.000%   35.03s 

  Detailed Percentile spectrum:
       Value   Percentile   TotalCount 1/(1-Percentile)

    6086.655     0.000000            1         1.00
    9125.887     0.100000           53         1.11
   12034.047     0.200000          105         1.25
   14868.479     0.300000          157         1.43
   17940.479     0.400000          210         1.67
   21250.047     0.500000          262         2.00
   22544.383     0.550000          288         2.22
   23904.255     0.600000          314         2.50
   25100.287     0.650000          340         2.86
   26787.839     0.700000          367         3.33
   28098.559     0.750000          393         4.00
   28721.151     0.775000          406         4.44
   29491.199     0.800000          419         5.00
   30277.631     0.825000          432         5.71
   30932.991     0.850000          445         6.67
   31604.735     0.875000          458         8.00
   32047.103     0.887500          465         8.89
   32407.551     0.900000          471        10.00
   32817.151     0.912500          478        11.43
   33210.367     0.925000          484        13.33
   33488.895     0.937500          491        16.00
   33587.199     0.943750          494        17.78
   33751.039     0.950000          497        20.00
   33914.879     0.956250          501        22.86
   34078.719     0.962500          504        26.67
   34275.327     0.968750          507        32.00
   34340.863     0.971875          509        35.56
   34373.631     0.975000          511        40.00
   34471.935     0.978125          513        45.71
   34504.703     0.981250          514        53.33
   34570.239     0.984375          515        64.00
   34635.775     0.985938          516        71.11
   34668.543     0.987500          517        80.00
   34734.079     0.989062          518        91.43
   34799.615     0.990625          519       106.67
   34799.615     0.992188          519       128.00
   34832.383     0.992969          520       142.22
   34832.383     0.993750          520       160.00
   34865.151     0.994531          521       182.86
   34865.151     0.995313          521       213.33
   34865.151     0.996094          521       256.00
   34897.919     0.996484          522       284.44
   34897.919     0.996875          522       320.00
   34897.919     0.997266          522       365.71
   34897.919     0.997656          522       426.67
   34897.919     0.998047          522       512.00
   35028.991     0.998242          523       568.89
   35028.991     1.000000          523          inf
#[Mean    =    20785.132, StdDeviation   =     8428.646]
#[Max     =    34996.224, Total count    =          523]
#[Buckets =           27, SubBuckets     =         2048]
-----------------------------------------------------------------------
  624 requests in 1.00m, 190.35KB read
Requests/sec:     10.40  
Transfer/sec:      3.17KB
