Running 1m test @ http://10.99.199.129/?loopCount=25&base=6&exp=6
  5 threads and 5 connections

  Thread calibration: mean lat.: 105.939ms, rate sampling interval: 348ms
  Thread calibration: mean lat.: 144.764ms, rate sampling interval: 640ms
  Thread calibration: mean lat.: 142.195ms, rate sampling interval: 486ms
  Thread calibration: mean lat.: 117.810ms, rate sampling interval: 427ms
  Thread calibration: mean lat.: 500.844ms, rate sampling interval: 1338ms

-----------------------------------------------------------------------
Test Results @ http://10.99.199.129/?loopCount=25&base=6&exp=6 
  Thread Stats   Avg      Stdev     99%   +/- Stdev
    Latency    69.53ms   41.61ms 235.01ms   87.23%
    Req/Sec    14.65      1.75    20.00     87.63%
  Latency Distribution (HdrHistogram - Recorded Latency)
 50.000%   55.87ms
 75.000%   80.25ms
 90.000%  115.97ms
 99.000%  235.01ms
 99.900%  337.92ms
 99.990%  369.66ms
 99.999%  369.66ms
100.000%  369.66ms

  Detailed Percentile spectrum:
       Value   Percentile   TotalCount 1/(1-Percentile)

      21.807     0.000000            1         1.00
      40.383     0.100000          376         1.11
      41.439     0.200000          758         1.25
      42.719     0.300000         1132         1.43
      46.367     0.400000         1504         1.67
      55.871     0.500000         1879         2.00
      61.567     0.550000         2068         2.22
      65.215     0.600000         2256         2.50
      70.143     0.650000         2447         2.86
      74.431     0.700000         2631         3.33
      80.255     0.750000         2821         4.00
      84.799     0.775000         2914         4.44
      88.255     0.800000         3008         5.00
      94.591     0.825000         3101         5.71
     101.759     0.850000         3195         6.67
     107.327     0.875000         3289         8.00
     110.847     0.887500         3336         8.89
     116.671     0.900000         3383        10.00
     125.311     0.912500         3430        11.43
     132.479     0.925000         3477        13.33
     141.183     0.937500         3524        16.00
     145.663     0.943750         3547        17.78
     152.319     0.950000         3571        20.00
     161.023     0.956250         3594        22.86
     169.343     0.962500         3618        26.67
     177.023     0.968750         3641        32.00
     182.911     0.971875         3653        35.56
     193.535     0.975000         3665        40.00
     198.143     0.978125         3676        45.71
     206.463     0.981250         3689        53.33
     214.655     0.984375         3700        64.00
     218.111     0.985938         3706        71.11
     228.607     0.987500         3712        80.00
     233.855     0.989062         3717        91.43
     236.927     0.990625         3723       106.67
     244.863     0.992188         3729       128.00
     254.335     0.992969         3732       142.22
     256.511     0.993750         3735       160.00
     262.399     0.994531         3738       182.86
     275.967     0.995313         3741       213.33
     280.575     0.996094         3744       256.00
     284.159     0.996484         3745       284.44
     288.511     0.996875         3747       320.00
     304.383     0.997266         3748       365.71
     311.551     0.997656         3750       426.67
     314.367     0.998047         3751       512.00
     319.487     0.998242         3752       568.89
     331.775     0.998437         3753       640.00
     331.775     0.998633         3753       731.43
     337.919     0.998828         3754       853.33
     341.503     0.999023         3755      1024.00
     341.503     0.999121         3755      1137.78
     348.927     0.999219         3756      1280.00
     348.927     0.999316         3756      1462.86
     348.927     0.999414         3756      1706.67
     359.423     0.999512         3757      2048.00
     359.423     0.999561         3757      2275.56
     359.423     0.999609         3757      2560.00
     359.423     0.999658         3757      2925.71
     359.423     0.999707         3757      3413.33
     369.663     0.999756         3758      4096.00
     369.663     1.000000         3758          inf
#[Mean    =       69.530, StdDeviation   =       41.613]
#[Max     =      369.408, Total count    =         3758]
#[Buckets =           27, SubBuckets     =         2048]
-----------------------------------------------------------------------
  4494 requests in 1.00m, 1.34MB read
Requests/sec:     74.89  
Transfer/sec:     22.82KB
