Running 1m test @ http://10.108.10.66/?loopCount=25&base=6&exp=6
  5 threads and 5 connections

  Thread calibration: mean lat.: 2276.570ms, rate sampling interval: 8376ms
  Thread calibration: mean lat.: 2320.516ms, rate sampling interval: 8536ms
  Thread calibration: mean lat.: 2288.067ms, rate sampling interval: 8724ms
  Thread calibration: mean lat.: 2040.583ms, rate sampling interval: 7929ms
  Thread calibration: mean lat.: 2436.120ms, rate sampling interval: 8732ms

-----------------------------------------------------------------------
Test Results @ http://10.108.10.66/?loopCount=25&base=6&exp=6 
  Thread Stats   Avg      Stdev     99%   +/- Stdev
    Latency    14.23s     5.52s   23.35s    58.73%
    Req/Sec     8.77      0.58    10.00    100.00%
  Latency Distribution (HdrHistogram - Recorded Latency)
 50.000%   14.63s 
 75.000%   18.97s 
 90.000%   21.40s 
 99.000%   23.35s 
 99.900%   24.12s 
 99.990%   24.26s 
 99.999%   24.26s 
100.000%   24.26s 

  Detailed Percentile spectrum:
       Value   Percentile   TotalCount 1/(1-Percentile)

    4300.799     0.000000            1         1.00
    6049.791     0.100000          233         1.11
    8413.183     0.200000          465         1.25
   10469.375     0.300000          698         1.43
   12525.567     0.400000          931         1.67
   14630.911     0.500000         1162         2.00
   15867.903     0.550000         1280         2.22
   16703.487     0.600000         1395         2.50
   17432.575     0.650000         1511         2.86
   18219.007     0.700000         1630         3.33
   18972.671     0.750000         1743         4.00
   19283.967     0.775000         1803         4.44
   19775.487     0.800000         1864         5.00
   20103.167     0.825000         1918         5.71
   20545.535     0.850000         1978         6.67
   20922.367     0.875000         2034         8.00
   21168.127     0.887500         2063         8.89
   21397.503     0.900000         2092        10.00
   21643.263     0.912500         2121        11.43
   21872.639     0.925000         2153        13.33
   22102.015     0.937500         2179        16.00
   22265.855     0.943750         2194        17.78
   22413.311     0.950000         2209        20.00
   22560.767     0.956250         2223        22.86
   22740.991     0.962500         2240        26.67
   22839.295     0.968750         2253        32.00
   22904.831     0.971875         2260        35.56
   22970.367     0.975000         2266        40.00
   23035.903     0.978125         2274        45.71
   23134.207     0.981250         2281        53.33
   23166.975     0.984375         2289        64.00
   23216.127     0.985938         2294        71.11
   23248.895     0.987500         2296        80.00
   23330.815     0.989062         2300        91.43
   23412.735     0.990625         2303       106.67
   23511.039     0.992188         2308       128.00
   23511.039     0.992969         2308       142.22
   23625.727     0.993750         2311       160.00
   23707.647     0.994531         2312       182.86
   23756.799     0.995313         2314       213.33
   23773.183     0.996094         2316       256.00
   23773.183     0.996484         2316       284.44
   23822.335     0.996875         2317       320.00
   23937.023     0.997266         2318       365.71
   24018.943     0.997656         2319       426.67
   24035.327     0.998047         2320       512.00
   24035.327     0.998242         2320       568.89
   24068.095     0.998437         2321       640.00
   24068.095     0.998633         2321       731.43
   24117.247     0.998828         2323       853.33
   24117.247     0.999023         2323      1024.00
   24117.247     0.999121         2323      1137.78
   24117.247     0.999219         2323      1280.00
   24117.247     0.999316         2323      1462.86
   24117.247     0.999414         2323      1706.67
   24117.247     0.999512         2323      2048.00
   24117.247     0.999561         2323      2275.56
   24264.703     0.999609         2324      2560.00
   24264.703     1.000000         2324          inf
#[Mean    =    14225.177, StdDeviation   =     5520.609]
#[Max     =    24248.320, Total count    =         2324]
#[Buckets =           27, SubBuckets     =         2048]
-----------------------------------------------------------------------
  2729 requests in 1.00m, 832.89KB read
Requests/sec:     45.48  
Transfer/sec:     13.88KB
