Running 1m test @ http://10.109.115.86/?loopCount=25&base=6&exp=6
  5 threads and 5 connections

  Thread calibration: mean lat.: 1371.912ms, rate sampling interval: 5623ms
  Thread calibration: mean lat.: 1714.827ms, rate sampling interval: 6041ms
  Thread calibration: mean lat.: 1887.299ms, rate sampling interval: 6553ms
  Thread calibration: mean lat.: 1387.692ms, rate sampling interval: 4968ms
  Thread calibration: mean lat.: 1644.097ms, rate sampling interval: 5844ms

-----------------------------------------------------------------------
Test Results @ http://10.109.115.86/?loopCount=25&base=6&exp=6 
  Thread Stats   Avg      Stdev     99%   +/- Stdev
    Latency    11.52s     4.82s   20.25s    58.34%
    Req/Sec     9.54      0.67    11.00    100.00%
  Latency Distribution (HdrHistogram - Recorded Latency)
 50.000%   11.30s 
 75.000%   15.59s 
 90.000%   18.28s 
 99.000%   20.25s 
 99.900%   20.76s 
 99.990%   20.81s 
 99.999%   20.81s 
100.000%   20.81s 

  Detailed Percentile spectrum:
       Value   Percentile   TotalCount 1/(1-Percentile)

    2875.391     0.000000            1         1.00
    5033.983     0.100000          251         1.11
    6619.135     0.200000          501         1.25
    8159.231     0.300000          753         1.43
    9764.863     0.400000         1003         1.67
   11304.959     0.500000         1251         2.00
   12353.535     0.550000         1376         2.22
   13197.311     0.600000         1501         2.50
   13959.167     0.650000         1626         2.86
   14729.215     0.700000         1751         3.33
   15589.375     0.750000         1877         4.00
   16007.167     0.775000         1940         4.44
   16441.343     0.800000         2001         5.00
   16875.519     0.825000         2066         5.71
   17334.271     0.850000         2128         6.67
   17842.175     0.875000         2189         8.00
   18038.783     0.887500         2221         8.89
   18284.543     0.900000         2252        10.00
   18481.151     0.912500         2286        11.43
   18726.911     0.925000         2314        13.33
   18923.519     0.937500         2347        16.00
   19005.439     0.943750         2363        17.78
   19136.511     0.950000         2376        20.00
   19267.583     0.956250         2392        22.86
   19365.887     0.962500         2409        26.67
   19447.807     0.968750         2423        32.00
   19546.111     0.971875         2431        35.56
   19611.647     0.975000         2439        40.00
   19693.567     0.978125         2448        45.71
   19808.255     0.981250         2456        53.33
   19890.175     0.984375         2462        64.00
   19922.943     0.985938         2466        71.11
   19988.479     0.987500         2470        80.00
   20070.399     0.989062         2474        91.43
   20299.775     0.990625         2478       106.67
   20348.927     0.992188         2482       128.00
   20381.695     0.992969         2484       142.22
   20447.231     0.993750         2486       160.00
   20529.151     0.994531         2488       182.86
   20561.919     0.995313         2490       213.33
   20594.687     0.996094         2492       256.00
   20611.071     0.996484         2493       284.44
   20660.223     0.996875         2495       320.00
   20660.223     0.997266         2495       365.71
   20692.991     0.997656         2496       426.67
   20725.759     0.998047         2497       512.00
   20725.759     0.998242         2497       568.89
   20758.527     0.998437         2498       640.00
   20758.527     0.998633         2498       731.43
   20774.911     0.998828         2499       853.33
   20774.911     0.999023         2499      1024.00
   20774.911     0.999121         2499      1137.78
   20807.679     0.999219         2501      1280.00
   20807.679     1.000000         2501          inf
#[Mean    =    11517.081, StdDeviation   =     4815.839]
#[Max     =    20791.296, Total count    =         2501]
#[Buckets =           27, SubBuckets     =         2048]
-----------------------------------------------------------------------
  3006 requests in 1.00m, 0.90MB read
Requests/sec:     50.09  
Transfer/sec:     15.28KB
