Running 1m test @ http://10.102.62.147/?loopCount=25&base=6&exp=6
  5 threads and 5 connections

  Thread calibration: mean lat.: 206.729ms, rate sampling interval: 815ms
  Thread calibration: mean lat.: 132.819ms, rate sampling interval: 506ms
  Thread calibration: mean lat.: 115.443ms, rate sampling interval: 481ms
  Thread calibration: mean lat.: 124.802ms, rate sampling interval: 544ms
  Thread calibration: mean lat.: 148.547ms, rate sampling interval: 521ms

-----------------------------------------------------------------------
Test Results @ http://10.102.62.147/?loopCount=25&base=6&exp=6 
  Thread Stats   Avg      Stdev     99%   +/- Stdev
    Latency   115.28ms   92.10ms 424.96ms   83.36%
    Req/Sec    14.40      1.83    19.00     89.06%
  Latency Distribution (HdrHistogram - Recorded Latency)
 50.000%   76.99ms
 75.000%  158.21ms
 90.000%  251.90ms
 99.000%  424.96ms
 99.900%  515.07ms
 99.990%  544.26ms
 99.999%  544.26ms
100.000%  544.26ms

  Detailed Percentile spectrum:
       Value   Percentile   TotalCount 1/(1-Percentile)

      21.695     0.000000            1         1.00
      40.799     0.100000          383         1.11
      41.823     0.200000          756         1.25
      49.151     0.300000         1126         1.43
      63.903     0.400000         1498         1.67
      76.991     0.500000         1876         2.00
      85.503     0.550000         2060         2.22
     100.479     0.600000         2249         2.50
     113.343     0.650000         2435         2.86
     135.423     0.700000         2623         3.33
     158.207     0.750000         2810         4.00
     173.311     0.775000         2903         4.44
     184.959     0.800000         2996         5.00
     200.063     0.825000         3090         5.71
     217.855     0.850000         3185         6.67
     236.031     0.875000         3278         8.00
     244.351     0.887500         3324         8.89
     251.903     0.900000         3371        10.00
     265.471     0.912500         3419        11.43
     274.687     0.925000         3467        13.33
     286.463     0.937500         3511        16.00
     298.239     0.943750         3536        17.78
     304.127     0.950000         3558        20.00
     313.855     0.956250         3582        22.86
     325.119     0.962500         3605        26.67
     340.735     0.968750         3629        32.00
     344.575     0.971875         3640        35.56
     357.887     0.975000         3652        40.00
     368.383     0.978125         3664        45.71
     377.599     0.981250         3675        53.33
     396.543     0.984375         3687        64.00
     401.407     0.985938         3693        71.11
     410.623     0.987500         3699        80.00
     423.167     0.989062         3705        91.43
     432.639     0.990625         3710       106.67
     442.879     0.992188         3716       128.00
     449.279     0.992969         3719       142.22
     458.239     0.993750         3722       160.00
     464.639     0.994531         3725       182.86
     473.855     0.995313         3728       213.33
     484.607     0.996094         3731       256.00
     490.239     0.996484         3732       284.44
     490.495     0.996875         3734       320.00
     492.543     0.997266         3735       365.71
     499.967     0.997656         3737       426.67
     507.647     0.998047         3738       512.00
     509.695     0.998242         3739       568.89
     510.975     0.998437         3740       640.00
     510.975     0.998633         3740       731.43
     515.071     0.998828         3741       853.33
     518.911     0.999023         3742      1024.00
     518.911     0.999121         3742      1137.78
     525.823     0.999219         3743      1280.00
     525.823     0.999316         3743      1462.86
     525.823     0.999414         3743      1706.67
     541.695     0.999512         3744      2048.00
     541.695     0.999561         3744      2275.56
     541.695     0.999609         3744      2560.00
     541.695     0.999658         3744      2925.71
     541.695     0.999707         3744      3413.33
     544.255     0.999756         3745      4096.00
     544.255     1.000000         3745          inf
#[Mean    =      115.277, StdDeviation   =       92.095]
#[Max     =      543.744, Total count    =         3745]
#[Buckets =           27, SubBuckets     =         2048]
-----------------------------------------------------------------------
  4480 requests in 1.00m, 1.33MB read
Requests/sec:     74.66  
Transfer/sec:     22.75KB
