Running 1m test @ http://10.102.62.147/?loopCount=25&base=6&exp=6
  5 threads and 5 connections

  Thread calibration: mean lat.: 59.500ms, rate sampling interval: 212ms
  Thread calibration: mean lat.: 57.126ms, rate sampling interval: 180ms
  Thread calibration: mean lat.: 50.124ms, rate sampling interval: 179ms
  Thread calibration: mean lat.: 60.583ms, rate sampling interval: 202ms
  Thread calibration: mean lat.: 54.199ms, rate sampling interval: 195ms

-----------------------------------------------------------------------
Test Results @ http://10.102.62.147/?loopCount=25&base=6&exp=6 
  Thread Stats   Avg      Stdev     99%   +/- Stdev
    Latency    50.09ms   22.00ms 116.42ms   78.98%
    Req/Sec     9.60      2.43    16.00     78.13%
  Latency Distribution (HdrHistogram - Recorded Latency)
 50.000%   41.89ms
 75.000%   43.23ms
 90.000%   90.82ms
 99.000%  116.42ms
 99.900%  128.19ms
 99.990%  187.26ms
 99.999%  187.26ms
100.000%  187.26ms

  Detailed Percentile spectrum:
       Value   Percentile   TotalCount 1/(1-Percentile)

      21.631     0.000000            1         1.00
      37.023     0.100000          250         1.11
      40.511     0.200000          509         1.25
      41.087     0.300000          761         1.43
      41.503     0.400000         1013         1.67
      41.887     0.500000         1254         2.00
      42.047     0.550000         1383         2.22
      42.271     0.600000         1509         2.50
      42.559     0.650000         1639         2.86
      42.847     0.700000         1758         3.33
      43.231     0.750000         1881         4.00
      43.679     0.775000         1939         4.44
      45.503     0.800000         1999         5.00
      67.135     0.825000         2061         5.71
      87.871     0.850000         2124         6.67
      89.599     0.875000         2187         8.00
      90.047     0.887500         2217         8.89
      90.879     0.900000         2250        10.00
      92.415     0.912500         2280        11.43
      94.463     0.925000         2311        13.33
      97.023     0.937500         2343        16.00
      97.919     0.943750         2359        17.78
     100.095     0.950000         2375        20.00
     102.015     0.956250         2390        22.86
     104.255     0.962500         2405        26.67
     105.599     0.968750         2420        32.00
     106.687     0.971875         2429        35.56
     107.583     0.975000         2436        40.00
     108.479     0.978125         2445        45.71
     109.759     0.981250         2452        53.33
     111.295     0.984375         2459        64.00
     113.215     0.985938         2463        71.11
     115.071     0.987500         2467        80.00
     116.351     0.989062         2472        91.43
     116.607     0.990625         2475       106.67
     116.927     0.992188         2480       128.00
     117.055     0.992969         2481       142.22
     117.951     0.993750         2483       160.00
     119.359     0.994531         2485       182.86
     121.215     0.995313         2487       213.33
     122.239     0.996094         2489       256.00
     122.751     0.996484         2490       284.44
     123.135     0.996875         2491       320.00
     123.391     0.997266         2492       365.71
     123.903     0.997656         2493       426.67
     123.967     0.998047         2494       512.00
     123.967     0.998242         2494       568.89
     128.063     0.998437         2495       640.00
     128.063     0.998633         2495       731.43
     128.191     0.998828         2496       853.33
     128.191     0.999023         2496      1024.00
     128.191     0.999121         2496      1137.78
     131.071     0.999219         2497      1280.00
     131.071     0.999316         2497      1462.86
     131.071     0.999414         2497      1706.67
     131.071     0.999512         2497      2048.00
     131.071     0.999561         2497      2275.56
     187.263     0.999609         2498      2560.00
     187.263     1.000000         2498          inf
#[Mean    =       50.088, StdDeviation   =       22.002]
#[Max     =      187.136, Total count    =         2498]
#[Buckets =           27, SubBuckets     =         2048]
-----------------------------------------------------------------------
  2993 requests in 1.00m, 0.89MB read
Requests/sec:     49.88  
Transfer/sec:     15.20KB
