Running 1m test @ http://10.100.185.202/?loopCount=25&base=6&exp=6
  5 threads and 5 connections

  Thread calibration: mean lat.: 1112.936ms, rate sampling interval: 3344ms
  Thread calibration: mean lat.: 414.385ms, rate sampling interval: 1568ms
  Thread calibration: mean lat.: 836.235ms, rate sampling interval: 2492ms
  Thread calibration: mean lat.: 258.550ms, rate sampling interval: 1166ms
  Thread calibration: mean lat.: 667.920ms, rate sampling interval: 2627ms

-----------------------------------------------------------------------
Test Results @ http://10.100.185.202/?loopCount=25&base=6&exp=6 
  Thread Stats   Avg      Stdev     99%   +/- Stdev
    Latency     1.19s   513.19ms   2.16s    64.39%
    Req/Sec    14.66      1.45    18.00     90.48%
  Latency Distribution (HdrHistogram - Recorded Latency)
 50.000%    1.23s 
 75.000%    1.58s 
 90.000%    1.89s 
 99.000%    2.16s 
 99.900%    2.26s 
 99.990%    2.29s 
 99.999%    2.29s 
100.000%    2.29s 

  Detailed Percentile spectrum:
       Value   Percentile   TotalCount 1/(1-Percentile)

      21.103     0.000000            1         1.00
     553.983     0.100000          379         1.11
     701.439     0.200000          756         1.25
     855.551     0.300000         1135         1.43
    1039.871     0.400000         1514         1.67
    1228.799     0.500000         1891         2.00
    1315.839     0.550000         2079         2.22
    1398.783     0.600000         2270         2.50
    1460.223     0.650000         2460         2.86
    1520.639     0.700000         2646         3.33
    1583.103     0.750000         2836         4.00
    1611.775     0.775000         2933         4.44
    1649.663     0.800000         3024         5.00
    1699.839     0.825000         3125         5.71
    1770.495     0.850000         3215         6.67
    1839.103     0.875000         3309         8.00
    1864.703     0.887500         3355         8.89
    1886.207     0.900000         3403        10.00
    1913.855     0.912500         3452        11.43
    1935.359     0.925000         3499        13.33
    1959.935     0.937500         3547        16.00
    1973.247     0.943750         3569        17.78
    1985.535     0.950000         3591        20.00
    2002.943     0.956250         3616        22.86
    2027.519     0.962500         3639        26.67
    2055.167     0.968750         3663        32.00
    2081.791     0.971875         3674        35.56
    2095.103     0.975000         3686        40.00
    2105.343     0.978125         3698        45.71
    2119.679     0.981250         3711        53.33
    2129.919     0.984375         3722        64.00
    2136.063     0.985938         3727        71.11
    2140.159     0.987500         3733        80.00
    2152.447     0.989062         3739        91.43
    2166.783     0.990625         3746       106.67
    2179.071     0.992188         3751       128.00
    2187.263     0.992969         3754       142.22
    2193.407     0.993750         3758       160.00
    2195.455     0.994531         3760       182.86
    2205.695     0.995313         3763       213.33
    2222.079     0.996094         3766       256.00
    2226.175     0.996484         3767       284.44
    2236.415     0.996875         3769       320.00
    2238.463     0.997266         3770       365.71
    2248.703     0.997656         3772       426.67
    2250.751     0.998047         3773       512.00
    2258.943     0.998242         3776       568.89
    2258.943     0.998437         3776       640.00
    2258.943     0.998633         3776       731.43
    2258.943     0.998828         3776       853.33
    2267.135     0.999023         3777      1024.00
    2267.135     0.999121         3777      1137.78
    2269.183     0.999219         3778      1280.00
    2269.183     0.999316         3778      1462.86
    2269.183     0.999414         3778      1706.67
    2271.231     0.999512         3779      2048.00
    2271.231     0.999561         3779      2275.56
    2271.231     0.999609         3779      2560.00
    2271.231     0.999658         3779      2925.71
    2271.231     0.999707         3779      3413.33
    2293.759     0.999756         3780      4096.00
    2293.759     1.000000         3780          inf
#[Mean    =     1194.767, StdDeviation   =      513.191]
#[Max     =     2291.712, Total count    =         3780]
#[Buckets =           27, SubBuckets     =         2048]
-----------------------------------------------------------------------
  4446 requests in 1.00m, 1.32MB read
Requests/sec:     74.09  
Transfer/sec:     22.58KB
