Running 1m test @ http://10.96.158.146/?loopCount=25&base=6&exp=6
  5 threads and 5 connections

  Thread calibration: mean lat.: 1696.080ms, rate sampling interval: 6336ms
  Thread calibration: mean lat.: 1994.008ms, rate sampling interval: 7004ms
  Thread calibration: mean lat.: 1436.696ms, rate sampling interval: 5451ms
  Thread calibration: mean lat.: 1612.793ms, rate sampling interval: 5562ms
  Thread calibration: mean lat.: 1564.691ms, rate sampling interval: 5857ms

-----------------------------------------------------------------------
Test Results @ http://10.96.158.146/?loopCount=25&base=6&exp=6 
  Thread Stats   Avg      Stdev     99%   +/- Stdev
    Latency    11.77s     4.75s   19.66s    57.83%
    Req/Sec     9.44      0.59    11.00    100.00%
  Latency Distribution (HdrHistogram - Recorded Latency)
 50.000%   11.78s 
 75.000%   15.96s 
 90.000%   18.24s 
 99.000%   19.66s 
 99.900%   19.87s 
 99.990%   19.91s 
 99.999%   19.91s 
100.000%   19.91s 

  Detailed Percentile spectrum:
       Value   Percentile   TotalCount 1/(1-Percentile)

    2938.879     0.000000            1         1.00
    5099.519     0.100000          253         1.11
    6774.783     0.200000          507         1.25
    8495.103     0.300000          759         1.43
   10280.959     0.400000         1012         1.67
   11780.095     0.500000         1265         2.00
   12623.871     0.550000         1392         2.22
   13475.839     0.600000         1518         2.50
   14327.807     0.650000         1646         2.86
   15187.967     0.700000         1771         3.33
   15958.015     0.750000         1898         4.00
   16326.655     0.775000         1961         4.44
   16629.759     0.800000         2024         5.00
   17055.743     0.825000         2091         5.71
   17547.263     0.850000         2151         6.67
   17891.327     0.875000         2215         8.00
   18087.935     0.887500         2246         8.89
   18235.391     0.900000         2278        10.00
   18366.463     0.912500         2310        11.43
   18563.071     0.925000         2341        13.33
   18759.679     0.937500         2375        16.00
   18857.983     0.943750         2389        17.78
   18939.903     0.950000         2404        20.00
   19005.439     0.956250         2423        22.86
   19152.895     0.962500         2437        26.67
   19300.351     0.968750         2454        32.00
   19365.887     0.971875         2459        35.56
   19415.039     0.975000         2468        40.00
   19447.807     0.978125         2475        45.71
   19546.111     0.981250         2483        53.33
   19595.263     0.984375         2492        64.00
   19628.031     0.985938         2501        71.11
   19628.031     0.987500         2501        80.00
   19644.415     0.989062         2503        91.43
   19677.183     0.990625         2510       106.67
   19693.567     0.992188         2512       128.00
   19726.335     0.992969         2514       142.22
   19742.719     0.993750         2516       160.00
   19759.103     0.994531         2519       182.86
   19759.103     0.995313         2519       213.33
   19775.487     0.996094         2522       256.00
   19775.487     0.996484         2522       284.44
   19791.871     0.996875         2524       320.00
   19791.871     0.997266         2524       365.71
   19808.255     0.997656         2525       426.67
   19857.407     0.998047         2526       512.00
   19857.407     0.998242         2526       568.89
   19873.791     0.998437         2527       640.00
   19873.791     0.998633         2527       731.43
   19890.175     0.998828         2529       853.33
   19890.175     0.999023         2529      1024.00
   19890.175     0.999121         2529      1137.78
   19890.175     0.999219         2529      1280.00
   19890.175     0.999316         2529      1462.86
   19890.175     0.999414         2529      1706.67
   19890.175     0.999512         2529      2048.00
   19890.175     0.999561         2529      2275.56
   19906.559     0.999609         2530      2560.00
   19906.559     1.000000         2530          inf
#[Mean    =    11768.973, StdDeviation   =     4748.925]
#[Max     =    19890.176, Total count    =         2530]
#[Buckets =           27, SubBuckets     =         2048]
-----------------------------------------------------------------------
  3025 requests in 1.00m, 0.90MB read
Requests/sec:     50.41  
Transfer/sec:     15.38KB
