Running 1m test @ http://10.111.175.232/?loopCount=25&base=6&exp=6
  5 threads and 5 connections

  Thread calibration: mean lat.: 476.695ms, rate sampling interval: 1465ms
  Thread calibration: mean lat.: 372.324ms, rate sampling interval: 1222ms
  Thread calibration: mean lat.: 164.584ms, rate sampling interval: 696ms
  Thread calibration: mean lat.: 354.257ms, rate sampling interval: 1094ms
  Thread calibration: mean lat.: 263.256ms, rate sampling interval: 904ms

-----------------------------------------------------------------------
Test Results @ http://10.111.175.232/?loopCount=25&base=6&exp=6 
  Thread Stats   Avg      Stdev     99%   +/- Stdev
    Latency    87.37ms   67.66ms 346.88ms   88.51%
    Req/Sec    14.51      1.07    17.00     89.39%
  Latency Distribution (HdrHistogram - Recorded Latency)
 50.000%   64.57ms
 75.000%   98.18ms
 90.000%  173.18ms
 99.000%  346.88ms
 99.900%  385.79ms
 99.990%  412.67ms
 99.999%  412.67ms
100.000%  412.67ms

  Detailed Percentile spectrum:
       Value   Percentile   TotalCount 1/(1-Percentile)

      21.615     0.000000            1         1.00
      40.447     0.100000          378         1.11
      41.183     0.200000          750         1.25
      45.023     0.300000         1125         1.43
      53.663     0.400000         1499         1.67
      64.575     0.500000         1872         2.00
      71.103     0.550000         2060         2.22
      76.159     0.600000         2247         2.50
      81.791     0.650000         2435         2.86
      88.639     0.700000         2621         3.33
      98.175     0.750000         2808         4.00
     106.495     0.775000         2903         4.44
     112.575     0.800000         2997         5.00
     119.487     0.825000         3089         5.71
     132.095     0.850000         3184         6.67
     146.175     0.875000         3276         8.00
     158.335     0.887500         3323         8.89
     173.183     0.900000         3370        10.00
     189.311     0.912500         3418        11.43
     209.407     0.925000         3464        13.33
     232.575     0.937500         3510        16.00
     244.735     0.943750         3534        17.78
     251.775     0.950000         3557        20.00
     269.567     0.956250         3581        22.86
     279.039     0.962500         3604        26.67
     292.095     0.968750         3627        32.00
     297.983     0.971875         3639        35.56
     303.871     0.975000         3651        40.00
     312.063     0.978125         3663        45.71
     316.671     0.981250         3674        53.33
     328.191     0.984375         3686        64.00
     331.519     0.985938         3692        71.11
     338.431     0.987500         3698        80.00
     342.783     0.989062         3704        91.43
     348.415     0.990625         3709       106.67
     353.279     0.992188         3715       128.00
     355.583     0.992969         3718       142.22
     356.863     0.993750         3721       160.00
     359.167     0.994531         3724       182.86
     362.239     0.995313         3727       213.33
     369.919     0.996094         3730       256.00
     374.783     0.996484         3731       284.44
     377.855     0.996875         3733       320.00
     378.623     0.997266         3734       365.71
     381.183     0.997656         3736       426.67
     381.439     0.998047         3737       512.00
     382.207     0.998242         3738       568.89
     382.719     0.998437         3739       640.00
     382.719     0.998633         3739       731.43
     385.791     0.998828         3740       853.33
     403.455     0.999023         3741      1024.00
     403.455     0.999121         3741      1137.78
     407.039     0.999219         3742      1280.00
     407.039     0.999316         3742      1462.86
     407.039     0.999414         3742      1706.67
     407.295     0.999512         3743      2048.00
     407.295     0.999561         3743      2275.56
     407.295     0.999609         3743      2560.00
     407.295     0.999658         3743      2925.71
     407.295     0.999707         3743      3413.33
     412.671     0.999756         3744      4096.00
     412.671     1.000000         3744          inf
#[Mean    =       87.373, StdDeviation   =       67.663]
#[Max     =      412.416, Total count    =         3744]
#[Buckets =           27, SubBuckets     =         2048]
-----------------------------------------------------------------------
  4487 requests in 1.00m, 1.34MB read
Requests/sec:     74.78  
Transfer/sec:     22.79KB
