Running 1m test @ http://10.97.57.202/?loopCount=25&base=6&exp=6
  5 threads and 5 connections

  Thread calibration: mean lat.: 1230.987ms, rate sampling interval: 3774ms
  Thread calibration: mean lat.: 1195.780ms, rate sampling interval: 3891ms
  Thread calibration: mean lat.: 993.677ms, rate sampling interval: 3485ms
  Thread calibration: mean lat.: 1294.102ms, rate sampling interval: 3850ms
  Thread calibration: mean lat.: 1284.286ms, rate sampling interval: 3883ms

-----------------------------------------------------------------------
Test Results @ http://10.97.57.202/?loopCount=25&base=6&exp=6 
  Thread Stats   Avg      Stdev     99%   +/- Stdev
    Latency     6.13s     2.38s   10.65s    58.18%
    Req/Sec    12.10      0.85    14.00     92.06%
  Latency Distribution (HdrHistogram - Recorded Latency)
 50.000%    6.14s 
 75.000%    8.20s 
 90.000%    9.33s 
 99.000%   10.65s 
 99.900%   10.89s 
 99.990%   10.92s 
 99.999%   10.92s 
100.000%   10.92s 

  Detailed Percentile spectrum:
       Value   Percentile   TotalCount 1/(1-Percentile)

    1935.359     0.000000            1         1.00
    2920.447     0.100000          315         1.11
    3651.583     0.200000          630         1.25
    4382.719     0.300000          945         1.43
    5271.551     0.400000         1260         1.67
    6139.903     0.500000         1575         2.00
    6512.639     0.550000         1731         2.22
    6979.583     0.600000         1895         2.50
    7290.879     0.650000         2046         2.86
    7819.263     0.700000         2203         3.33
    8200.191     0.750000         2361         4.00
    8380.415     0.775000         2439         4.44
    8552.447     0.800000         2520         5.00
    8716.287     0.825000         2599         5.71
    8847.359     0.850000         2677         6.67
    9125.887     0.875000         2754         8.00
    9240.575     0.887500         2795         8.89
    9338.879     0.900000         2834        10.00
    9469.951     0.912500         2872        11.43
    9609.215     0.925000         2913        13.33
    9715.711     0.937500         2954        16.00
    9748.479     0.943750         2971        17.78
    9814.015     0.950000         2990        20.00
    9994.239     0.956250         3010        22.86
   10158.079     0.962500         3029        26.67
   10346.495     0.968750         3050        32.00
   10387.455     0.971875         3059        35.56
   10461.183     0.975000         3069        40.00
   10510.335     0.978125         3081        45.71
   10543.103     0.981250         3088        53.33
   10600.447     0.984375         3099        64.00
   10608.639     0.985938         3103        71.11
   10616.831     0.987500         3109        80.00
   10641.407     0.989062         3114        91.43
   10657.791     0.990625         3118       106.67
   10690.559     0.992188         3124       128.00
   10715.135     0.992969         3125       142.22
   10756.095     0.993750         3128       160.00
   10788.863     0.994531         3130       182.86
   10846.207     0.995313         3137       213.33
   10846.207     0.996094         3137       256.00
   10846.207     0.996484         3137       284.44
   10862.591     0.996875         3138       320.00
   10870.783     0.997266         3141       365.71
   10870.783     0.997656         3141       426.67
   10870.783     0.998047         3141       512.00
   10878.975     0.998242         3142       568.89
   10887.167     0.998437         3145       640.00
   10887.167     0.998633         3145       731.43
   10887.167     0.998828         3145       853.33
   10887.167     0.999023         3145      1024.00
   10887.167     0.999121         3145      1137.78
   10887.167     0.999219         3145      1280.00
   10887.167     0.999316         3145      1462.86
   10919.935     0.999414         3147      1706.67
   10919.935     1.000000         3147          inf
#[Mean    =     6131.549, StdDeviation   =     2382.853]
#[Max     =    10911.744, Total count    =         3147]
#[Buckets =           27, SubBuckets     =         2048]
-----------------------------------------------------------------------
  3739 requests in 1.00m, 1.11MB read
Requests/sec:     62.31  
Transfer/sec:     18.99KB
