Running 1m test @ http://10.106.127.105/?loopCount=25&base=6&exp=6
  1 threads and 1 connections

  Thread calibration: mean lat.: 2448.067ms, rate sampling interval: 7852ms

-----------------------------------------------------------------------
Test Results @ http://10.106.127.105/?loopCount=25&base=6&exp=6 
  Thread Stats   Avg      Stdev     99%   +/- Stdev
    Latency    10.73s     3.17s   15.51s    59.92%
    Req/Sec    18.67      1.60    20.00     83.33%
  Latency Distribution (HdrHistogram - Recorded Latency)
 50.000%   11.05s 
 75.000%   13.59s 
 90.000%   14.85s 
 99.000%   15.51s 
 99.900%   15.62s 
 99.990%   15.62s 
 99.999%   15.62s 
100.000%   15.62s 

  Detailed Percentile spectrum:
       Value   Percentile   TotalCount 1/(1-Percentile)

    4147.199     0.000000            1         1.00
    6078.463     0.100000           97         1.11
    7614.463     0.200000          194         1.25
    9134.079     0.300000          294         1.43
    9953.279     0.400000          386         1.67
   11051.007     0.500000          483         2.00
   11436.031     0.550000          532         2.22
   11870.207     0.600000          578         2.50
   12550.143     0.650000          633         2.86
   13180.927     0.700000          682         3.33
   13590.527     0.750000          725         4.00
   13713.407     0.775000          750         4.44
   13942.783     0.800000          771         5.00
   14049.279     0.825000          800         5.71
   14114.815     0.850000          819         6.67
   14475.263     0.875000          848         8.00
   14573.567     0.887500          855         8.89
   14852.095     0.900000          869        10.00
   15024.127     0.912500          879        11.43
   15048.703     0.925000          892        13.33
   15065.087     0.937500          904        16.00
   15081.471     0.943750          912        17.78
   15089.663     0.950000          915        20.00
   15130.623     0.956250          921        22.86
   15294.463     0.962500          935        26.67
   15294.463     0.968750          935        32.00
   15327.231     0.971875          939        35.56
   15327.231     0.975000          939        40.00
   15351.807     0.978125          942        45.71
   15441.919     0.981250          946        53.33
   15458.303     0.984375          948        64.00
   15474.687     0.985938          950        71.11
   15482.879     0.987500          951        80.00
   15507.455     0.989062          953        91.43
   15523.839     0.990625          956       106.67
   15523.839     0.992188          956       128.00
   15564.799     0.992969          957       142.22
   15564.799     0.993750          957       160.00
   15613.951     0.994531          961       182.86
   15613.951     0.995313          961       213.33
   15613.951     0.996094          961       256.00
   15613.951     0.996484          961       284.44
   15613.951     0.996875          961       320.00
   15613.951     0.997266          961       365.71
   15613.951     0.997656          961       426.67
   15622.143     0.998047          963       512.00
   15622.143     1.000000          963          inf
#[Mean    =    10728.113, StdDeviation   =     3166.479]
#[Max     =    15613.952, Total count    =          963]
#[Buckets =           27, SubBuckets     =         2048]
-----------------------------------------------------------------------
  1109 requests in 1.00m, 337.93KB read
Requests/sec:     18.48  
Transfer/sec:      5.63KB
