Running 1m test @ http://10.100.185.202/?loopCount=25&base=6&exp=6
  5 threads and 5 connections

  Thread calibration: mean lat.: 74.039ms, rate sampling interval: 259ms
  Thread calibration: mean lat.: 101.449ms, rate sampling interval: 423ms
  Thread calibration: mean lat.: 93.171ms, rate sampling interval: 427ms
  Thread calibration: mean lat.: 82.128ms, rate sampling interval: 318ms
  Thread calibration: mean lat.: 78.262ms, rate sampling interval: 273ms

-----------------------------------------------------------------------
Test Results @ http://10.100.185.202/?loopCount=25&base=6&exp=6 
  Thread Stats   Avg      Stdev     99%   +/- Stdev
    Latency    93.43ms   79.98ms 419.58ms   87.96%
    Req/Sec     9.49      2.46    16.00     87.61%
  Latency Distribution (HdrHistogram - Recorded Latency)
 50.000%   59.58ms
 75.000%  118.27ms
 90.000%  210.05ms
 99.000%  419.58ms
 99.900%  649.73ms
 99.990%  714.24ms
 99.999%  714.24ms
100.000%  714.24ms

  Detailed Percentile spectrum:
       Value   Percentile   TotalCount 1/(1-Percentile)

      21.551     0.000000            1         1.00
      40.735     0.100000          252         1.11
      41.535     0.200000          501         1.25
      44.639     0.300000          750         1.43
      50.143     0.400000         1000         1.67
      59.583     0.500000         1250         2.00
      65.535     0.550000         1376         2.22
      73.471     0.600000         1501         2.50
      87.807     0.650000         1625         2.86
     110.911     0.700000         1750         3.33
     118.335     0.750000         1875         4.00
     121.343     0.775000         1937         4.44
     126.335     0.800000         2000         5.00
     134.271     0.825000         2063         5.71
     145.535     0.850000         2125         6.67
     166.143     0.875000         2187         8.00
     185.599     0.887500         2218         8.89
     210.047     0.900000         2251        10.00
     213.631     0.912500         2281        11.43
     219.391     0.925000         2313        13.33
     228.607     0.937500         2343        16.00
     231.167     0.943750         2359        17.78
     236.927     0.950000         2375        20.00
     250.751     0.956250         2390        22.86
     264.703     0.962500         2406        26.67
     310.783     0.968750         2421        32.00
     314.623     0.971875         2429        35.56
     319.231     0.975000         2437        40.00
     324.351     0.978125         2445        45.71
     337.663     0.981250         2453        53.33
     357.887     0.984375         2460        64.00
     378.879     0.985938         2464        71.11
     411.391     0.987500         2469        80.00
     416.255     0.989062         2472        91.43
     425.727     0.990625         2476       106.67
     444.927     0.992188         2480       128.00
     446.975     0.992969         2482       142.22
     475.647     0.993750         2484       160.00
     506.879     0.994531         2486       182.86
     513.535     0.995313         2489       213.33
     523.519     0.996094         2490       256.00
     528.895     0.996484         2491       284.44
     538.623     0.996875         2492       320.00
     566.783     0.997266         2493       365.71
     593.919     0.997656         2494       426.67
     619.007     0.998047         2495       512.00
     619.007     0.998242         2495       568.89
     634.879     0.998437         2496       640.00
     634.879     0.998633         2496       731.43
     649.727     0.998828         2497       853.33
     649.727     0.999023         2497      1024.00
     649.727     0.999121         2497      1137.78
     667.647     0.999219         2498      1280.00
     667.647     0.999316         2498      1462.86
     667.647     0.999414         2498      1706.67
     667.647     0.999512         2498      2048.00
     667.647     0.999561         2498      2275.56
     714.239     0.999609         2499      2560.00
     714.239     1.000000         2499          inf
#[Mean    =       93.433, StdDeviation   =       79.979]
#[Max     =      713.728, Total count    =         2499]
#[Buckets =           27, SubBuckets     =         2048]
-----------------------------------------------------------------------
  2994 requests in 1.00m, 0.89MB read
Requests/sec:     49.89  
Transfer/sec:     15.21KB
