Running 1m test @ http://10.111.175.232/?loopCount=25&base=6&exp=6
  1 threads and 1 connections

  Thread calibration: mean lat.: 1136.904ms, rate sampling interval: 3610ms

-----------------------------------------------------------------------
Test Results @ http://10.111.175.232/?loopCount=25&base=6&exp=6 
  Thread Stats   Avg      Stdev     99%   +/- Stdev
    Latency     5.66s     2.10s    9.34s    60.25%
    Req/Sec    20.62      1.60    22.00     92.31%
  Latency Distribution (HdrHistogram - Recorded Latency)
 50.000%    5.68s 
 75.000%    7.28s 
 90.000%    8.57s 
 99.000%    9.34s 
 99.900%    9.46s 
 99.990%    9.50s 
 99.999%    9.50s 
100.000%    9.50s 

  Detailed Percentile spectrum:
       Value   Percentile   TotalCount 1/(1-Percentile)

    1849.343     0.000000            1         1.00
    2695.167     0.100000          106         1.11
    3274.751     0.200000          213         1.25
    4689.919     0.300000          318         1.43
    5222.399     0.400000          425         1.67
    5681.151     0.500000          531         2.00
    5877.759     0.550000          583         2.22
    6250.495     0.600000          641         2.50
    6680.575     0.650000          690         2.86
    7077.887     0.700000          742         3.33
    7278.591     0.750000          797         4.00
    7499.775     0.775000          822         4.44
    7679.999     0.800000          850         5.00
    7729.151     0.825000          876         5.71
    7872.511     0.850000          904         6.67
    8331.263     0.875000          933         8.00
    8462.335     0.887500          940         8.89
    8568.831     0.900000          954        10.00
    8749.055     0.912500          973        11.43
    8847.359     0.925000          981        13.33
    9068.543     0.937500          999        16.00
    9076.735     0.943750         1000        17.78
    9134.079     0.950000         1007        20.00
    9150.463     0.956250         1016        22.86
    9191.423     0.962500         1020        26.67
    9207.807     0.968750         1027        32.00
    9248.767     0.971875         1031        35.56
    9281.535     0.975000         1033        40.00
    9306.111     0.978125         1041        45.71
    9306.111     0.981250         1041        53.33
    9314.303     0.984375         1044        64.00
    9322.495     0.985938         1047        71.11
    9322.495     0.987500         1047        80.00
    9338.879     0.989062         1048        91.43
    9371.647     0.990625         1050       106.67
    9420.799     0.992188         1052       128.00
    9420.799     0.992969         1052       142.22
    9461.759     0.993750         1058       160.00
    9461.759     0.994531         1058       182.86
    9461.759     0.995313         1058       213.33
    9461.759     0.996094         1058       256.00
    9461.759     0.996484         1058       284.44
    9461.759     0.996875         1058       320.00
    9461.759     0.997266         1058       365.71
    9461.759     0.997656         1058       426.67
    9461.759     0.998047         1058       512.00
    9461.759     0.998242         1058       568.89
    9461.759     0.998437         1058       640.00
    9461.759     0.998633         1058       731.43
    9461.759     0.998828         1058       853.33
    9461.759     0.999023         1058      1024.00
    9502.719     0.999121         1059      1137.78
    9502.719     1.000000         1059          inf
#[Mean    =     5662.494, StdDeviation   =     2102.183]
#[Max     =     9494.528, Total count    =         1059]
#[Buckets =           27, SubBuckets     =         2048]
-----------------------------------------------------------------------
  1262 requests in 1.00m, 384.52KB read
Requests/sec:     21.03  
Transfer/sec:      6.41KB
