Running 1m test @ http://10.106.127.105/?loopCount=25&base=6&exp=6
  5 threads and 5 connections

  Thread calibration: mean lat.: 328.629ms, rate sampling interval: 957ms
  Thread calibration: mean lat.: 186.385ms, rate sampling interval: 565ms
  Thread calibration: mean lat.: 244.843ms, rate sampling interval: 748ms
  Thread calibration: mean lat.: 429.556ms, rate sampling interval: 1369ms
  Thread calibration: mean lat.: 330.793ms, rate sampling interval: 1228ms

-----------------------------------------------------------------------
Test Results @ http://10.106.127.105/?loopCount=25&base=6&exp=6 
  Thread Stats   Avg      Stdev     99%   +/- Stdev
    Latency    78.28ms   52.34ms 297.98ms   87.92%
    Req/Sec    14.48      1.05    17.00     92.55%
  Latency Distribution (HdrHistogram - Recorded Latency)
 50.000%   60.77ms
 75.000%   90.30ms
 90.000%  138.88ms
 99.000%  297.98ms
 99.900%  362.49ms
 99.990%  391.93ms
 99.999%  391.93ms
100.000%  391.93ms

  Detailed Percentile spectrum:
       Value   Percentile   TotalCount 1/(1-Percentile)

      21.407     0.000000            1         1.00
      40.511     0.100000          382         1.11
      41.407     0.200000          753         1.25
      44.447     0.300000         1127         1.43
      52.735     0.400000         1506         1.67
      60.767     0.500000         1879         2.00
      66.623     0.550000         2062         2.22
      73.535     0.600000         2251         2.50
      78.591     0.650000         2437         2.86
      84.799     0.700000         2625         3.33
      90.303     0.750000         2812         4.00
      94.463     0.775000         2906         4.44
     100.671     0.800000         3000         5.00
     109.055     0.825000         3093         5.71
     116.799     0.850000         3188         6.67
     124.671     0.875000         3281         8.00
     130.111     0.887500         3328         8.89
     139.775     0.900000         3375        10.00
     150.527     0.912500         3421        11.43
     158.719     0.925000         3469        13.33
     175.999     0.937500         3515        16.00
     184.319     0.943750         3539        17.78
     189.567     0.950000         3563        20.00
     199.167     0.956250         3585        22.86
     209.279     0.962500         3609        26.67
     216.191     0.968750         3632        32.00
     223.999     0.971875         3644        35.56
     231.807     0.975000         3656        40.00
     243.455     0.978125         3667        45.71
     253.695     0.981250         3679        53.33
     270.591     0.984375         3691        64.00
     277.759     0.985938         3697        71.11
     286.719     0.987500         3703        80.00
     293.631     0.989062         3708        91.43
     301.567     0.990625         3714       106.67
     310.015     0.992188         3720       128.00
     315.135     0.992969         3723       142.22
     320.767     0.993750         3727       160.00
     323.583     0.994531         3729       182.86
     326.655     0.995313         3732       213.33
     332.543     0.996094         3736       256.00
     332.543     0.996484         3736       284.44
     335.615     0.996875         3738       320.00
     337.663     0.997266         3739       365.71
     343.295     0.997656         3741       426.67
     349.183     0.998047         3743       512.00
     349.183     0.998242         3743       568.89
     357.119     0.998437         3744       640.00
     357.119     0.998633         3744       731.43
     362.495     0.998828         3745       853.33
     363.007     0.999023         3746      1024.00
     363.007     0.999121         3746      1137.78
     365.823     0.999219         3747      1280.00
     365.823     0.999316         3747      1462.86
     365.823     0.999414         3747      1706.67
     389.375     0.999512         3748      2048.00
     389.375     0.999561         3748      2275.56
     389.375     0.999609         3748      2560.00
     389.375     0.999658         3748      2925.71
     389.375     0.999707         3748      3413.33
     391.935     0.999756         3749      4096.00
     391.935     1.000000         3749          inf
#[Mean    =       78.281, StdDeviation   =       52.342]
#[Max     =      391.680, Total count    =         3749]
#[Buckets =           27, SubBuckets     =         2048]
-----------------------------------------------------------------------
  4488 requests in 1.00m, 1.34MB read
Requests/sec:     74.79  
Transfer/sec:     22.79KB
