Running 1m test @ http://10.97.57.202/?loopCount=25&base=6&exp=6
  5 threads and 5 connections

  Thread calibration: mean lat.: 181.453ms, rate sampling interval: 686ms
  Thread calibration: mean lat.: 171.596ms, rate sampling interval: 539ms
  Thread calibration: mean lat.: 128.349ms, rate sampling interval: 342ms
  Thread calibration: mean lat.: 192.605ms, rate sampling interval: 536ms
  Thread calibration: mean lat.: 205.788ms, rate sampling interval: 549ms

-----------------------------------------------------------------------
Test Results @ http://10.97.57.202/?loopCount=25&base=6&exp=6 
  Thread Stats   Avg      Stdev     99%   +/- Stdev
    Latency   243.02ms  138.51ms 648.19ms   70.36%
    Req/Sec     9.45      2.03    14.00     87.85%
  Latency Distribution (HdrHistogram - Recorded Latency)
 50.000%  243.71ms
 75.000%  341.50ms
 90.000%  445.18ms
 99.000%  648.19ms
 99.900%  752.64ms
 99.990%  768.00ms
 99.999%  768.00ms
100.000%  768.00ms

  Detailed Percentile spectrum:
       Value   Percentile   TotalCount 1/(1-Percentile)

      40.543     0.000000            1         1.00
      70.079     0.100000          249         1.11
     140.031     0.200000          498         1.25
     153.599     0.300000          746         1.43
     167.039     0.400000          994         1.67
     243.711     0.500000         1242         2.00
     249.215     0.550000         1367         2.22
     257.535     0.600000         1493         2.50
     263.935     0.650000         1616         2.86
     273.151     0.700000         1742         3.33
     341.503     0.750000         1863         4.00
     347.135     0.775000         1925         4.44
     353.023     0.800000         1987         5.00
     358.911     0.825000         2051         5.71
     366.079     0.850000         2112         6.67
     384.767     0.875000         2173         8.00
     440.831     0.887500         2204         8.89
     445.183     0.900000         2235        10.00
     451.583     0.912500         2266        11.43
     458.495     0.925000         2298        13.33
     466.687     0.937500         2328        16.00
     479.487     0.943750         2344        17.78
     540.159     0.950000         2359        20.00
     546.303     0.956250         2375        22.86
     552.447     0.962500         2390        26.67
     558.079     0.968750         2406        32.00
     560.639     0.971875         2414        35.56
     563.199     0.975000         2421        40.00
     566.271     0.978125         2429        45.71
     571.391     0.981250         2437        53.33
     637.439     0.984375         2445        64.00
     640.511     0.985938         2449        71.11
     642.559     0.987500         2452        80.00
     646.143     0.989062         2456        91.43
     649.215     0.990625         2460       106.67
     655.871     0.992188         2464       128.00
     657.919     0.992969         2466       142.22
     664.575     0.993750         2468       160.00
     666.111     0.994531         2470       182.86
     670.207     0.995313         2472       213.33
     670.719     0.996094         2474       256.00
     671.231     0.996484         2475       284.44
     673.791     0.996875         2476       320.00
     674.815     0.997266         2478       365.71
     674.815     0.997656         2478       426.67
     739.839     0.998047         2479       512.00
     739.839     0.998242         2479       568.89
     742.399     0.998437         2480       640.00
     742.399     0.998633         2480       731.43
     752.639     0.998828         2481       853.33
     752.639     0.999023         2481      1024.00
     752.639     0.999121         2481      1137.78
     765.951     0.999219         2482      1280.00
     765.951     0.999316         2482      1462.86
     765.951     0.999414         2482      1706.67
     765.951     0.999512         2482      2048.00
     765.951     0.999561         2482      2275.56
     767.999     0.999609         2483      2560.00
     767.999     1.000000         2483          inf
#[Mean    =      243.021, StdDeviation   =      138.509]
#[Max     =      767.488, Total count    =         2483]
#[Buckets =           27, SubBuckets     =         2048]
-----------------------------------------------------------------------
  2978 requests in 1.00m, 0.89MB read
Requests/sec:     49.63  
Transfer/sec:     15.14KB
