Running 1m test @ http://10.105.168.171/?loopCount=25&base=6&exp=6
  5 threads and 5 connections

  Thread calibration: mean lat.: 116.824ms, rate sampling interval: 509ms
  Thread calibration: mean lat.: 105.982ms, rate sampling interval: 504ms
  Thread calibration: mean lat.: 94.884ms, rate sampling interval: 342ms
  Thread calibration: mean lat.: 89.135ms, rate sampling interval: 319ms
  Thread calibration: mean lat.: 152.509ms, rate sampling interval: 515ms

-----------------------------------------------------------------------
Test Results @ http://10.105.168.171/?loopCount=25&base=6&exp=6 
  Thread Stats   Avg      Stdev     99%   +/- Stdev
    Latency   109.07ms   86.50ms 406.27ms   87.09%
    Req/Sec     9.28      2.04    15.00     86.74%
  Latency Distribution (HdrHistogram - Recorded Latency)
 50.000%   77.06ms
 75.000%  154.88ms
 90.000%  241.79ms
 99.000%  406.27ms
 99.900%  505.09ms
 99.990%  560.13ms
 99.999%  560.13ms
100.000%  560.13ms

  Detailed Percentile spectrum:
       Value   Percentile   TotalCount 1/(1-Percentile)

      21.407     0.000000            1         1.00
      40.735     0.100000          259         1.11
      41.823     0.200000          500         1.25
      45.791     0.300000          749         1.43
      59.167     0.400000          998         1.67
      77.055     0.500000         1248         2.00
      85.311     0.550000         1373         2.22
      93.823     0.600000         1497         2.50
     114.239     0.650000         1623         2.86
     131.071     0.700000         1747         3.33
     154.879     0.750000         1875         4.00
     159.103     0.775000         1934         4.44
     162.943     0.800000         2000         5.00
     168.703     0.825000         2059         5.71
     176.895     0.850000         2121         6.67
     197.503     0.875000         2184         8.00
     216.575     0.887500         2215         8.89
     241.791     0.900000         2246        10.00
     253.567     0.912500         2277        11.43
     259.967     0.925000         2309        13.33
     267.007     0.937500         2340        16.00
     276.479     0.943750         2356        17.78
     285.951     0.950000         2372        20.00
     297.215     0.956250         2386        22.86
     327.423     0.962500         2402        26.67
     352.255     0.968750         2418        32.00
     355.839     0.971875         2425        35.56
     359.679     0.975000         2433        40.00
     363.007     0.978125         2441        45.71
     367.359     0.981250         2449        53.33
     378.367     0.984375         2457        64.00
     381.951     0.985938         2460        71.11
     387.071     0.987500         2464        80.00
     394.751     0.989062         2468        91.43
     421.375     0.990625         2473       106.67
     446.207     0.992188         2476       128.00
     452.095     0.992969         2478       142.22
     453.631     0.993750         2481       160.00
     453.887     0.994531         2482       182.86
     457.983     0.995313         2484       213.33
     464.895     0.996094         2486       256.00
     465.663     0.996484         2487       284.44
     467.711     0.996875         2488       320.00
     472.575     0.997266         2489       365.71
     477.183     0.997656         2490       426.67
     481.023     0.998047         2491       512.00
     481.023     0.998242         2491       568.89
     496.639     0.998437         2492       640.00
     496.639     0.998633         2492       731.43
     505.087     0.998828         2493       853.33
     505.087     0.999023         2493      1024.00
     505.087     0.999121         2493      1137.78
     556.543     0.999219         2494      1280.00
     556.543     0.999316         2494      1462.86
     556.543     0.999414         2494      1706.67
     556.543     0.999512         2494      2048.00
     556.543     0.999561         2494      2275.56
     560.127     0.999609         2495      2560.00
     560.127     1.000000         2495          inf
#[Mean    =      109.074, StdDeviation   =       86.496]
#[Max     =      559.616, Total count    =         2495]
#[Buckets =           27, SubBuckets     =         2048]
-----------------------------------------------------------------------
  2988 requests in 1.00m, 0.89MB read
Requests/sec:     49.79  
Transfer/sec:     15.18KB
