Running 1m test @ http://10.111.78.179/?loopCount=25&base=6&exp=6
  1 threads and 1 connections

  Thread calibration: mean lat.: 93.125ms, rate sampling interval: 271ms

-----------------------------------------------------------------------
Test Results @ http://10.111.78.179/?loopCount=25&base=6&exp=6 
  Thread Stats   Avg      Stdev     99%   +/- Stdev
    Latency   220.21ms  122.64ms 398.59ms   52.86%
    Req/Sec    24.26      1.61    29.00     97.83%
  Latency Distribution (HdrHistogram - Recorded Latency)
 50.000%  255.74ms
 75.000%  329.73ms
 90.000%  361.98ms
 99.000%  398.59ms
 99.900%  407.55ms
 99.990%  407.81ms
 99.999%  407.81ms
100.000%  407.81ms

  Detailed Percentile spectrum:
       Value   Percentile   TotalCount 1/(1-Percentile)

      26.367     0.000000            1         1.00
      43.551     0.100000          125         1.11
      72.767     0.200000          249         1.25
     107.391     0.300000          373         1.43
     179.327     0.400000          498         1.67
     255.743     0.500000          622         2.00
     284.927     0.550000          684         2.22
     299.775     0.600000          748         2.50
     309.759     0.650000          809         2.86
     319.231     0.700000          873         3.33
     329.983     0.750000          933         4.00
     336.127     0.775000          965         4.44
     342.271     0.800000          996         5.00
     348.671     0.825000         1026         5.71
     352.511     0.850000         1057         6.67
     357.119     0.875000         1089         8.00
     359.423     0.887500         1104         8.89
     361.983     0.900000         1119        10.00
     364.543     0.912500         1135        11.43
     367.615     0.925000         1150        13.33
     371.199     0.937500         1167        16.00
     373.247     0.943750         1176        17.78
     375.039     0.950000         1182        20.00
     376.831     0.956250         1189        22.86
     379.903     0.962500         1199        26.67
     384.255     0.968750         1206        32.00
     385.279     0.971875         1209        35.56
     386.559     0.975000         1212        40.00
     388.863     0.978125         1216        45.71
     390.399     0.981250         1220        53.33
     392.959     0.984375         1224        64.00
     395.519     0.985938         1226        71.11
     396.543     0.987500         1228        80.00
     398.079     0.989062         1230        91.43
     399.359     0.990625         1232       106.67
     401.919     0.992188         1234       128.00
     402.687     0.992969         1235       142.22
     403.967     0.993750         1237       160.00
     403.967     0.994531         1237       182.86
     405.247     0.995313         1238       213.33
     405.503     0.996094         1239       256.00
     405.503     0.996484         1239       284.44
     406.527     0.996875         1240       320.00
     406.527     0.997266         1240       365.71
     406.783     0.997656         1241       426.67
     406.783     0.998047         1241       512.00
     406.783     0.998242         1241       568.89
     407.551     0.998437         1242       640.00
     407.551     0.998633         1242       731.43
     407.551     0.998828         1242       853.33
     407.551     0.999023         1242      1024.00
     407.551     0.999121         1242      1137.78
     407.807     0.999219         1243      1280.00
     407.807     1.000000         1243          inf
#[Mean    =      220.210, StdDeviation   =      122.636]
#[Max     =      407.552, Total count    =         1243]
#[Buckets =           27, SubBuckets     =         2048]
-----------------------------------------------------------------------
  1489 requests in 1.00m, 453.68KB read
Requests/sec:     24.82  
Transfer/sec:      7.56KB
