Running 1m test @ http://10.102.244.59/?loopCount=25&base=6&exp=6
  1 threads and 1 connections

  Thread calibration: mean lat.: 1666.260ms, rate sampling interval: 5742ms

-----------------------------------------------------------------------
Test Results @ http://10.102.244.59/?loopCount=25&base=6&exp=6 
  Thread Stats   Avg      Stdev     99%   +/- Stdev
    Latency     7.97s     2.62s   11.58s    58.47%
    Req/Sec    19.88      1.45    22.00     87.50%
  Latency Distribution (HdrHistogram - Recorded Latency)
 50.000%    8.45s 
 75.000%   10.35s 
 90.000%   11.18s 
 99.000%   11.58s 
 99.900%   11.61s 
 99.990%   11.61s 
 99.999%   11.61s 
100.000%   11.61s 

  Detailed Percentile spectrum:
       Value   Percentile   TotalCount 1/(1-Percentile)

    2912.255     0.000000            2         1.00
    3866.623     0.100000          104         1.11
    5197.823     0.200000          208         1.25
    6283.263     0.300000          313         1.43
    7688.191     0.400000          415         1.67
    8445.951     0.500000          517         2.00
    8790.015     0.550000          570         2.22
    8994.815     0.600000          625         2.50
    9527.295     0.650000          675         2.86
    9846.783     0.700000          728         3.33
   10346.495     0.750000          775         4.00
   10510.335     0.775000          804         4.44
   10575.871     0.800000          828         5.00
   10739.711     0.825000          857         5.71
   10944.511     0.850000          882         6.67
   11100.159     0.875000          905         8.00
   11132.927     0.887500          917         8.89
   11182.079     0.900000          930        10.00
   11239.423     0.912500          944        11.43
   11255.807     0.925000          957        13.33
   11345.919     0.937500          969        16.00
   11501.567     0.943750          978        17.78
   11534.335     0.950000          985        20.00
   11567.103     0.956250          991        22.86
   11575.295     0.962500         1000        26.67
   11583.487     0.968750         1026        32.00
   11583.487     0.971875         1026        35.56
   11583.487     0.975000         1026        40.00
   11583.487     0.978125         1026        45.71
   11583.487     0.981250         1026        53.33
   11583.487     0.984375         1026        64.00
   11583.487     0.985938         1026        71.11
   11583.487     0.987500         1026        80.00
   11583.487     0.989062         1026        91.43
   11583.487     0.990625         1026       106.67
   11583.487     0.992188         1026       128.00
   11583.487     0.992969         1026       142.22
   11599.871     0.993750         1027       160.00
   11608.063     0.994531         1033       182.86
   11608.063     1.000000         1033          inf
#[Mean    =     7971.404, StdDeviation   =     2617.158]
#[Max     =    11599.872, Total count    =         1033]
#[Buckets =           27, SubBuckets     =         2048]
-----------------------------------------------------------------------
  1210 requests in 1.00m, 368.68KB read
Requests/sec:     20.17  
Transfer/sec:      6.14KB
