Running 1m test @ http://10.96.164.126/?loopCount=25&base=6&exp=6
  5 threads and 5 connections

  Thread calibration: mean lat.: 583.692ms, rate sampling interval: 1571ms
  Thread calibration: mean lat.: 632.528ms, rate sampling interval: 1730ms
  Thread calibration: mean lat.: 448.225ms, rate sampling interval: 1182ms
  Thread calibration: mean lat.: 336.200ms, rate sampling interval: 924ms
  Thread calibration: mean lat.: 438.720ms, rate sampling interval: 1141ms

-----------------------------------------------------------------------
Test Results @ http://10.96.164.126/?loopCount=25&base=6&exp=6 
  Thread Stats   Avg      Stdev     99%   +/- Stdev
    Latency   288.20ms  283.34ms   1.00s    79.08%
    Req/Sec    14.77      1.27    18.00     92.93%
  Latency Distribution (HdrHistogram - Recorded Latency)
 50.000%  140.54ms
 75.000%  510.21ms
 90.000%  739.84ms
 99.000%    1.00s 
 99.900%    1.09s 
 99.990%    1.12s 
 99.999%    1.12s 
100.000%    1.12s 

  Detailed Percentile spectrum:
       Value   Percentile   TotalCount 1/(1-Percentile)

      21.183     0.000000            1         1.00
      40.959     0.100000          388         1.11
      45.791     0.200000          761         1.25
      64.415     0.300000         1139         1.43
      89.343     0.400000         1519         1.67
     140.543     0.500000         1900         2.00
     179.455     0.550000         2088         2.22
     242.175     0.600000         2278         2.50
     354.559     0.650000         2468         2.86
     435.455     0.700000         2658         3.33
     510.207     0.750000         2848         4.00
     544.767     0.775000         2942         4.44
     587.775     0.800000         3037         5.00
     616.447     0.825000         3132         5.71
     645.631     0.850000         3227         6.67
     683.007     0.875000         3322         8.00
     709.631     0.887500         3369         8.89
     740.351     0.900000         3419        10.00
     766.463     0.912500         3464        11.43
     794.623     0.925000         3512        13.33
     816.639     0.937500         3559        16.00
     829.439     0.943750         3583        17.78
     847.871     0.950000         3607        20.00
     866.815     0.956250         3630        22.86
     890.367     0.962500         3656        26.67
     908.799     0.968750         3678        32.00
     920.575     0.971875         3690        35.56
     932.863     0.975000         3702        40.00
     951.807     0.978125         3713        45.71
     962.559     0.981250         3725        53.33
     979.455     0.984375         3737        64.00
     984.063     0.985938         3743        71.11
     993.279     0.987500         3749        80.00
    1001.471     0.989062         3755        91.43
    1006.591     0.990625         3761       106.67
    1021.439     0.992188         3767       128.00
    1026.047     0.992969         3771       142.22
    1029.119     0.993750         3773       160.00
    1035.263     0.994531         3776       182.86
    1042.943     0.995313         3779       213.33
    1044.479     0.996094         3782       256.00
    1047.039     0.996484         3783       284.44
    1054.719     0.996875         3785       320.00
    1056.767     0.997266         3787       365.71
    1058.815     0.997656         3788       426.67
    1070.079     0.998047         3789       512.00
    1073.151     0.998242         3790       568.89
    1087.487     0.998437         3791       640.00
    1087.487     0.998633         3791       731.43
    1089.535     0.998828         3793       853.33
    1089.535     0.999023         3793      1024.00
    1089.535     0.999121         3793      1137.78
    1092.607     0.999219         3794      1280.00
    1092.607     0.999316         3794      1462.86
    1092.607     0.999414         3794      1706.67
    1110.015     0.999512         3795      2048.00
    1110.015     0.999561         3795      2275.56
    1110.015     0.999609         3795      2560.00
    1110.015     0.999658         3795      2925.71
    1110.015     0.999707         3795      3413.33
    1115.135     0.999756         3796      4096.00
    1115.135     1.000000         3796          inf
#[Mean    =      288.203, StdDeviation   =      283.344]
#[Max     =     1114.112, Total count    =         3796]
#[Buckets =           27, SubBuckets     =         2048]
-----------------------------------------------------------------------
  4490 requests in 1.00m, 1.34MB read
Requests/sec:     74.83  
Transfer/sec:     22.80KB
