Running 1m test @ http://10.102.244.59/?loopCount=25&base=6&exp=6
  5 threads and 5 connections

  Thread calibration: mean lat.: 105.866ms, rate sampling interval: 361ms
  Thread calibration: mean lat.: 355.640ms, rate sampling interval: 855ms
  Thread calibration: mean lat.: 357.669ms, rate sampling interval: 1083ms
  Thread calibration: mean lat.: 296.173ms, rate sampling interval: 1139ms
  Thread calibration: mean lat.: 97.978ms, rate sampling interval: 368ms

-----------------------------------------------------------------------
Test Results @ http://10.102.244.59/?loopCount=25&base=6&exp=6 
  Thread Stats   Avg      Stdev     99%   +/- Stdev
    Latency    91.25ms   68.10ms 353.54ms   86.84%
    Req/Sec    14.48      1.89    19.00     89.29%
  Latency Distribution (HdrHistogram - Recorded Latency)
 50.000%   68.93ms
 75.000%  109.57ms
 90.000%  182.91ms
 99.000%  353.54ms
 99.900%  477.95ms
 99.990%  504.58ms
 99.999%  504.58ms
100.000%  504.58ms

  Detailed Percentile spectrum:
       Value   Percentile   TotalCount 1/(1-Percentile)

      21.631     0.000000            1         1.00
      40.703     0.100000          383         1.11
      41.567     0.200000          759         1.25
      47.071     0.300000         1129         1.43
      56.671     0.400000         1506         1.67
      68.927     0.500000         1881         2.00
      74.175     0.550000         2069         2.22
      80.767     0.600000         2258         2.50
      87.359     0.650000         2445         2.86
      97.535     0.700000         2634         3.33
     109.567     0.750000         2821         4.00
     117.567     0.775000         2916         4.44
     124.671     0.800000         3009         5.00
     136.703     0.825000         3103         5.71
     146.943     0.850000         3199         6.67
     163.455     0.875000         3293         8.00
     172.287     0.887500         3339         8.89
     182.911     0.900000         3385        10.00
     189.311     0.912500         3432        11.43
     202.111     0.925000         3480        13.33
     214.399     0.937500         3526        16.00
     220.543     0.943750         3550        17.78
     228.607     0.950000         3573        20.00
     239.103     0.956250         3597        22.86
     250.111     0.962500         3620        26.67
     263.679     0.968750         3645        32.00
     273.663     0.971875         3658        35.56
     285.439     0.975000         3667        40.00
     299.775     0.978125         3679        45.71
     307.967     0.981250         3691        53.33
     320.255     0.984375         3704        64.00
     332.031     0.985938         3709        71.11
     341.759     0.987500         3714        80.00
     349.439     0.989062         3720        91.43
     363.519     0.990625         3726       106.67
     388.095     0.992188         3732       128.00
     392.703     0.992969         3735       142.22
     411.903     0.993750         3738       160.00
     418.559     0.994531         3741       182.86
     422.655     0.995313         3744       213.33
     442.879     0.996094         3747       256.00
     443.647     0.996484         3748       284.44
     452.351     0.996875         3750       320.00
     452.607     0.997266         3751       365.71
     457.215     0.997656         3754       426.67
     457.215     0.998047         3754       512.00
     464.639     0.998242         3755       568.89
     477.695     0.998437         3756       640.00
     477.695     0.998633         3756       731.43
     477.951     0.998828         3757       853.33
     484.863     0.999023         3758      1024.00
     484.863     0.999121         3758      1137.78
     490.495     0.999219         3759      1280.00
     490.495     0.999316         3759      1462.86
     490.495     0.999414         3759      1706.67
     491.263     0.999512         3760      2048.00
     491.263     0.999561         3760      2275.56
     491.263     0.999609         3760      2560.00
     491.263     0.999658         3760      2925.71
     491.263     0.999707         3760      3413.33
     504.575     0.999756         3761      4096.00
     504.575     1.000000         3761          inf
#[Mean    =       91.248, StdDeviation   =       68.095]
#[Max     =      504.320, Total count    =         3761]
#[Buckets =           27, SubBuckets     =         2048]
-----------------------------------------------------------------------
  4495 requests in 1.00m, 1.34MB read
Requests/sec:     74.91  
Transfer/sec:     22.83KB
