Running 1m test @ http://10.103.77.142/?loopCount=25&base=6&exp=6
  5 threads and 5 connections

  Thread calibration: mean lat.: 1760.942ms, rate sampling interval: 5955ms
  Thread calibration: mean lat.: 1723.577ms, rate sampling interval: 6250ms
  Thread calibration: mean lat.: 1824.985ms, rate sampling interval: 6156ms
  Thread calibration: mean lat.: 1719.219ms, rate sampling interval: 5795ms
  Thread calibration: mean lat.: 2052.631ms, rate sampling interval: 7278ms

-----------------------------------------------------------------------
Test Results @ http://10.103.77.142/?loopCount=25&base=6&exp=6 
  Thread Stats   Avg      Stdev     99%   +/- Stdev
    Latency    12.06s     5.04s   21.35s    57.90%
    Req/Sec     9.46      0.64    11.00    100.00%
  Latency Distribution (HdrHistogram - Recorded Latency)
 50.000%   12.03s 
 75.000%   16.40s 
 90.000%   18.76s 
 99.000%   21.35s 
 99.900%   21.81s 
 99.990%   21.86s 
 99.999%   21.86s 
100.000%   21.86s 

  Detailed Percentile spectrum:
       Value   Percentile   TotalCount 1/(1-Percentile)

    3465.215     0.000000            1         1.00
    5074.943     0.100000          249         1.11
    6672.383     0.200000          497         1.25
    8650.751     0.300000          745         1.43
   10264.575     0.400000          993         1.67
   12025.855     0.500000         1242         2.00
   13148.159     0.550000         1367         2.22
   13860.863     0.600000         1491         2.50
   14704.639     0.650000         1614         2.86
   15532.031     0.700000         1738         3.33
   16400.383     0.750000         1862         4.00
   16809.983     0.775000         1924         4.44
   17170.431     0.800000         1988         5.00
   17547.263     0.825000         2048         5.71
   18022.399     0.850000         2112         6.67
   18382.847     0.875000         2173         8.00
   18546.687     0.887500         2203         8.89
   18759.679     0.900000         2234        10.00
   19005.439     0.912500         2265        11.43
   19234.815     0.925000         2297        13.33
   19644.415     0.937500         2329        16.00
   19890.175     0.943750         2343        17.78
   20103.167     0.950000         2359        20.00
   20267.007     0.956250         2374        22.86
   20447.231     0.962500         2389        26.67
   20676.607     0.968750         2405        32.00
   20774.911     0.971875         2414        35.56
   20873.215     0.975000         2421        40.00
   20971.519     0.978125         2429        45.71
   21037.055     0.981250         2438        53.33
   21184.511     0.984375         2444        64.00
   21282.815     0.985938         2449        71.11
   21299.199     0.987500         2451        80.00
   21331.967     0.989062         2455        91.43
   21381.119     0.990625         2460       106.67
   21413.887     0.992188         2463       128.00
   21430.271     0.992969         2465       142.22
   21446.655     0.993750         2467       160.00
   21479.423     0.994531         2469       182.86
   21512.191     0.995313         2471       213.33
   21577.727     0.996094         2473       256.00
   21610.495     0.996484         2474       284.44
   21626.879     0.996875         2475       320.00
   21659.647     0.997266         2476       365.71
   21708.799     0.997656         2477       426.67
   21741.567     0.998047         2478       512.00
   21741.567     0.998242         2478       568.89
   21790.719     0.998437         2479       640.00
   21790.719     0.998633         2479       731.43
   21807.103     0.998828         2480       853.33
   21807.103     0.999023         2480      1024.00
   21807.103     0.999121         2480      1137.78
   21823.487     0.999219         2481      1280.00
   21823.487     0.999316         2481      1462.86
   21823.487     0.999414         2481      1706.67
   21823.487     0.999512         2481      2048.00
   21823.487     0.999561         2481      2275.56
   21856.255     0.999609         2482      2560.00
   21856.255     1.000000         2482          inf
#[Mean    =    12056.662, StdDeviation   =     5041.892]
#[Max     =    21839.872, Total count    =         2482]
#[Buckets =           27, SubBuckets     =         2048]
-----------------------------------------------------------------------
  2961 requests in 1.00m, 0.88MB read
Requests/sec:     49.34  
Transfer/sec:     15.06KB
