Running 1m test @ http://10.100.185.202/?loopCount=25&base=6&exp=6
  5 threads and 5 connections

  Thread calibration: mean lat.: 70.779ms, rate sampling interval: 210ms
  Thread calibration: mean lat.: 72.988ms, rate sampling interval: 247ms
  Thread calibration: mean lat.: 83.484ms, rate sampling interval: 322ms
  Thread calibration: mean lat.: 77.208ms, rate sampling interval: 238ms
  Thread calibration: mean lat.: 77.686ms, rate sampling interval: 242ms

-----------------------------------------------------------------------
Test Results @ http://10.100.185.202/?loopCount=25&base=6&exp=6 
  Thread Stats   Avg      Stdev     99%   +/- Stdev
    Latency    87.78ms   70.35ms 373.76ms   88.04%
    Req/Sec     9.64      2.92    16.00     83.09%
  Latency Distribution (HdrHistogram - Recorded Latency)
 50.000%   58.37ms
 75.000%  105.02ms
 90.000%  192.51ms
 99.000%  373.76ms
 99.900%  527.87ms
 99.990%  598.53ms
 99.999%  598.53ms
100.000%  598.53ms

  Detailed Percentile spectrum:
       Value   Percentile   TotalCount 1/(1-Percentile)

      21.647     0.000000            1         1.00
      40.799     0.100000          257         1.11
      41.311     0.200000          501         1.25
      43.423     0.300000          750         1.43
      50.719     0.400000         1000         1.67
      58.367     0.500000         1250         2.00
      65.151     0.550000         1379         2.22
      73.343     0.600000         1502         2.50
      93.247     0.650000         1626         2.86
      97.535     0.700000         1751         3.33
     105.023     0.750000         1879         4.00
     106.687     0.775000         1938         4.44
     113.087     0.800000         2001         5.00
     119.359     0.825000         2063         5.71
     136.959     0.850000         2125         6.67
     154.111     0.875000         2188         8.00
     168.191     0.887500         2219         8.89
     192.511     0.900000         2250        10.00
     196.223     0.912500         2282        11.43
     203.135     0.925000         2314        13.33
     207.487     0.937500         2344        16.00
     213.503     0.943750         2361        17.78
     219.775     0.950000         2376        20.00
     232.959     0.956250         2391        22.86
     244.991     0.962500         2407        26.67
     262.399     0.968750         2422        32.00
     292.351     0.971875         2430        35.56
     297.471     0.975000         2438        40.00
     300.799     0.978125         2447        45.71
     305.151     0.981250         2455        53.33
     311.551     0.984375         2461        64.00
     326.655     0.985938         2465        71.11
     334.591     0.987500         2469        80.00
     346.111     0.989062         2473        91.43
     394.751     0.990625         2477       106.67
     400.639     0.992188         2481       128.00
     412.415     0.992969         2483       142.22
     455.423     0.993750         2485       160.00
     459.519     0.994531         2487       182.86
     475.391     0.995313         2489       213.33
     499.455     0.996094         2491       256.00
     502.015     0.996484         2492       284.44
     509.951     0.996875         2493       320.00
     511.743     0.997266         2494       365.71
     514.047     0.997656         2495       426.67
     518.399     0.998047         2496       512.00
     518.399     0.998242         2496       568.89
     518.655     0.998437         2497       640.00
     518.655     0.998633         2497       731.43
     527.871     0.998828         2498       853.33
     527.871     0.999023         2498      1024.00
     527.871     0.999121         2498      1137.78
     538.623     0.999219         2499      1280.00
     538.623     0.999316         2499      1462.86
     538.623     0.999414         2499      1706.67
     538.623     0.999512         2499      2048.00
     538.623     0.999561         2499      2275.56
     598.527     0.999609         2500      2560.00
     598.527     1.000000         2500          inf
#[Mean    =       87.781, StdDeviation   =       70.354]
#[Max     =      598.016, Total count    =         2500]
#[Buckets =           27, SubBuckets     =         2048]
-----------------------------------------------------------------------
  2995 requests in 1.00m, 0.89MB read
Requests/sec:     49.91  
Transfer/sec:     15.22KB
