Running 1m test @ http://10.107.164.151/?loopCount=25&base=6&exp=6
  1 threads and 1 connections

  Thread calibration: mean lat.: 3203.041ms, rate sampling interval: 11223ms

-----------------------------------------------------------------------
Test Results @ http://10.107.164.151/?loopCount=25&base=6&exp=6 
  Thread Stats   Avg      Stdev     99%   +/- Stdev
    Latency    21.58s     8.63s   35.75s    58.48%
    Req/Sec     9.50      0.50    10.00    100.00%
  Latency Distribution (HdrHistogram - Recorded Latency)
 50.000%   21.71s 
 75.000%   29.16s 
 90.000%   33.24s 
 99.000%   35.75s 
 99.900%   36.08s 
 99.990%   36.14s 
 99.999%   36.14s 
100.000%   36.14s 

  Detailed Percentile spectrum:
       Value   Percentile   TotalCount 1/(1-Percentile)

    6209.535     0.000000            1         1.00
    9322.495     0.100000           51         1.11
   12812.287     0.200000          101         1.25
   15933.439     0.300000          151         1.43
   18710.527     0.400000          201         1.67
   21708.799     0.500000          251         2.00
   23150.591     0.550000          276         2.22
   24723.455     0.600000          301         2.50
   26509.311     0.650000          326         2.86
   28000.255     0.700000          351         3.33
   29163.519     0.750000          376         4.00
   29818.879     0.775000          389         4.44
   30457.855     0.800000          401         5.00
   31129.599     0.825000          414         5.71
   31834.111     0.850000          426         6.67
   32522.239     0.875000          439         8.00
   32882.687     0.887500          445         8.89
   33243.135     0.900000          451        10.00
   33652.735     0.912500          459        11.43
   33914.879     0.925000          464        13.33
   34209.791     0.937500          470        16.00
   34373.631     0.943750          473        17.78
   34537.471     0.950000          476        20.00
   34799.615     0.956250          480        22.86
   34963.455     0.962500          483        26.67
   35160.063     0.968750          486        32.00
   35192.831     0.971875          487        35.56
   35323.903     0.975000          489        40.00
   35454.975     0.978125          491        45.71
   35520.511     0.981250          492        53.33
   35651.583     0.984375          494        64.00
   35651.583     0.985938          494        71.11
   35684.351     0.987500          495        80.00
   35749.887     0.989062          496        91.43
   35880.959     0.990625          497       106.67
   35946.495     0.992188          498       128.00
   35946.495     0.992969          498       142.22
   35946.495     0.993750          498       160.00
   36012.031     0.994531          499       182.86
   36012.031     0.995313          499       213.33
   36077.567     0.996094          500       256.00
   36077.567     0.996484          500       284.44
   36077.567     0.996875          500       320.00
   36077.567     0.997266          500       365.71
   36077.567     0.997656          500       426.67
   36143.103     0.998047          501       512.00
   36143.103     1.000000          501          inf
#[Mean    =    21584.559, StdDeviation   =     8630.095]
#[Max     =    36110.336, Total count    =          501]
#[Buckets =           27, SubBuckets     =         2048]
-----------------------------------------------------------------------
  596 requests in 1.00m, 181.84KB read
Requests/sec:      9.93  
Transfer/sec:      3.03KB
