Running 1m test @ http://10.97.57.202/?loopCount=25&base=6&exp=6
  5 threads and 5 connections

  Thread calibration: mean lat.: 120.495ms, rate sampling interval: 483ms
  Thread calibration: mean lat.: 123.154ms, rate sampling interval: 355ms
  Thread calibration: mean lat.: 106.969ms, rate sampling interval: 323ms
  Thread calibration: mean lat.: 136.906ms, rate sampling interval: 561ms
  Thread calibration: mean lat.: 118.846ms, rate sampling interval: 365ms

-----------------------------------------------------------------------
Test Results @ http://10.97.57.202/?loopCount=25&base=6&exp=6 
  Thread Stats   Avg      Stdev     99%   +/- Stdev
    Latency   181.87ms  114.85ms 641.02ms   72.40%
    Req/Sec     9.54      1.96    14.00     88.10%
  Latency Distribution (HdrHistogram - Recorded Latency)
 50.000%  152.57ms
 75.000%  244.10ms
 90.000%  343.81ms
 99.000%  641.02ms
 99.900%  663.55ms
 99.990%  734.72ms
 99.999%  734.72ms
100.000%  734.72ms

  Detailed Percentile spectrum:
       Value   Percentile   TotalCount 1/(1-Percentile)

      41.375     0.000000            1         1.00
      63.103     0.100000          250         1.11
      69.823     0.200000          504         1.25
     136.447     0.300000          754         1.43
     143.871     0.400000         1000         1.67
     152.575     0.500000         1254         2.00
     157.311     0.550000         1377         2.22
     162.687     0.600000         1500         2.50
     170.495     0.650000         1626         2.86
     237.695     0.700000         1751         3.33
     244.095     0.750000         1875         4.00
     247.167     0.775000         1941         4.44
     251.647     0.800000         2002         5.00
     255.103     0.825000         2063         5.71
     263.679     0.850000         2131         6.67
     335.103     0.875000         2189         8.00
     338.943     0.887500         2219         8.89
     343.807     0.900000         2253        10.00
     347.903     0.912500         2283        11.43
     351.999     0.925000         2316        13.33
     358.399     0.937500         2344        16.00
     361.983     0.943750         2363        17.78
     365.311     0.950000         2375        20.00
     372.223     0.956250         2391        22.86
     438.527     0.962500         2408        26.67
     451.071     0.968750         2422        32.00
     460.799     0.971875         2430        35.56
     534.527     0.975000         2438        40.00
     550.399     0.978125         2446        45.71
     559.103     0.981250         2454        53.33
     564.735     0.984375         2461        64.00
     569.343     0.985938         2465        71.11
     636.415     0.987500         2471        80.00
     637.951     0.989062         2473        91.43
     643.071     0.990625         2477       106.67
     646.655     0.992188         2481       128.00
     648.191     0.992969         2483       142.22
     649.727     0.993750         2485       160.00
     650.751     0.994531         2487       182.86
     653.823     0.995313         2489       213.33
     656.895     0.996094         2492       256.00
     656.895     0.996484         2492       284.44
     659.455     0.996875         2493       320.00
     659.967     0.997266         2495       365.71
     659.967     0.997656         2495       426.67
     660.479     0.998047         2496       512.00
     660.479     0.998242         2496       568.89
     660.991     0.998437         2497       640.00
     660.991     0.998633         2497       731.43
     663.551     0.998828         2498       853.33
     663.551     0.999023         2498      1024.00
     663.551     0.999121         2498      1137.78
     664.063     0.999219         2499      1280.00
     664.063     0.999316         2499      1462.86
     664.063     0.999414         2499      1706.67
     664.063     0.999512         2499      2048.00
     664.063     0.999561         2499      2275.56
     734.719     0.999609         2500      2560.00
     734.719     1.000000         2500          inf
#[Mean    =      181.873, StdDeviation   =      114.850]
#[Max     =      734.208, Total count    =         2500]
#[Buckets =           27, SubBuckets     =         2048]
-----------------------------------------------------------------------
  2995 requests in 1.00m, 0.89MB read
Requests/sec:     49.91  
Transfer/sec:     15.22KB
