Running 1m test @ http://10.97.57.202/?loopCount=25&base=6&exp=6
  1 threads and 1 connections

  Thread calibration: mean lat.: 74.415ms, rate sampling interval: 194ms

-----------------------------------------------------------------------
Test Results @ http://10.97.57.202/?loopCount=25&base=6&exp=6 
  Thread Stats   Avg      Stdev     99%   +/- Stdev
    Latency   209.27ms   49.44ms 303.10ms   62.63%
    Req/Sec    24.22      2.41    31.00     77.82%
  Latency Distribution (HdrHistogram - Recorded Latency)
 50.000%  217.21ms
 75.000%  236.54ms
 90.000%  277.25ms
 99.000%  303.10ms
 99.900%  305.66ms
 99.990%  305.92ms
 99.999%  305.92ms
100.000%  305.92ms

  Detailed Percentile spectrum:
       Value   Percentile   TotalCount 1/(1-Percentile)

     105.087     0.000000            1         1.00
     132.095     0.100000          125         1.11
     161.151     0.200000          250         1.25
     190.719     0.300000          375         1.43
     204.287     0.400000          499         1.67
     217.215     0.500000          625         2.00
     220.543     0.550000          688         2.22
     222.207     0.600000          750         2.50
     224.639     0.650000          814         2.86
     229.119     0.700000          876         3.33
     236.543     0.750000          937         4.00
     243.455     0.775000          967         4.44
     253.055     0.800000          998         5.00
     260.223     0.825000         1030         5.71
     268.031     0.850000         1061         6.67
     274.431     0.875000         1092         8.00
     275.967     0.887500         1109         8.89
     277.503     0.900000         1125        10.00
     278.783     0.912500         1138        11.43
     280.831     0.925000         1154        13.33
     283.647     0.937500         1171        16.00
     284.671     0.943750         1177        17.78
     285.951     0.950000         1185        20.00
     287.999     0.956250         1194        22.86
     289.279     0.962500         1201        26.67
     295.167     0.968750         1209        32.00
     295.935     0.971875         1212        35.56
     296.959     0.975000         1218        40.00
     299.007     0.978125         1222        45.71
     299.775     0.981250         1224        53.33
     301.055     0.984375         1229        64.00
     301.311     0.985938         1230        71.11
     302.335     0.987500         1232        80.00
     303.103     0.989062         1236        91.43
     303.103     0.990625         1236       106.67
     303.615     0.992188         1238       128.00
     303.871     0.992969         1239       142.22
     304.127     0.993750         1241       160.00
     304.127     0.994531         1241       182.86
     304.383     0.995313         1242       213.33
     304.639     0.996094         1243       256.00
     304.639     0.996484         1243       284.44
     304.895     0.996875         1244       320.00
     304.895     0.997266         1244       365.71
     305.151     0.997656         1245       426.67
     305.151     0.998047         1245       512.00
     305.151     0.998242         1245       568.89
     305.663     0.998437         1246       640.00
     305.663     0.998633         1246       731.43
     305.663     0.998828         1246       853.33
     305.663     0.999023         1246      1024.00
     305.663     0.999121         1246      1137.78
     305.919     0.999219         1247      1280.00
     305.919     1.000000         1247          inf
#[Mean    =      209.272, StdDeviation   =       49.442]
#[Max     =      305.664, Total count    =         1247]
#[Buckets =           27, SubBuckets     =         2048]
-----------------------------------------------------------------------
  1494 requests in 1.00m, 455.20KB read
Requests/sec:     24.90  
Transfer/sec:      7.59KB
