Running 1m test @ http://10.104.199.0/?loopCount=25&base=6&exp=6
  5 threads and 5 connections

  Thread calibration: mean lat.: 168.917ms, rate sampling interval: 556ms
  Thread calibration: mean lat.: 660.008ms, rate sampling interval: 1661ms
  Thread calibration: mean lat.: 412.174ms, rate sampling interval: 996ms
  Thread calibration: mean lat.: 422.226ms, rate sampling interval: 1135ms
  Thread calibration: mean lat.: 595.994ms, rate sampling interval: 1480ms

-----------------------------------------------------------------------
Test Results @ http://10.104.199.0/?loopCount=25&base=6&exp=6 
  Thread Stats   Avg      Stdev     99%   +/- Stdev
    Latency   202.57ms  212.54ms 883.20ms   84.40%
    Req/Sec    14.66      1.63    19.00     83.74%
  Latency Distribution (HdrHistogram - Recorded Latency)
 50.000%  106.43ms
 75.000%  278.78ms
 90.000%  519.17ms
 99.000%  883.20ms
 99.900%  970.24ms
 99.990%    1.03s 
 99.999%    1.03s 
100.000%    1.03s 

  Detailed Percentile spectrum:
       Value   Percentile   TotalCount 1/(1-Percentile)

      21.839     0.000000            1         1.00
      40.767     0.100000          380         1.11
      45.055     0.200000          754         1.25
      62.015     0.300000         1132         1.43
      79.871     0.400000         1508         1.67
     106.431     0.500000         1885         2.00
     126.847     0.550000         2074         2.22
     146.303     0.600000         2262         2.50
     175.743     0.650000         2452         2.86
     220.159     0.700000         2640         3.33
     278.783     0.750000         2828         4.00
     306.431     0.775000         2922         4.44
     339.455     0.800000         3016         5.00
     387.071     0.825000         3111         5.71
     430.591     0.850000         3205         6.67
     477.183     0.875000         3299         8.00
     501.247     0.887500         3346         8.89
     519.167     0.900000         3393        10.00
     547.327     0.912500         3441        11.43
     585.215     0.925000         3488        13.33
     657.919     0.937500         3535        16.00
     686.079     0.943750         3558        17.78
     717.311     0.950000         3583        20.00
     748.543     0.956250         3606        22.86
     778.751     0.962500         3629        26.67
     804.351     0.968750         3655        32.00
     809.983     0.971875         3664        35.56
     820.223     0.975000         3676        40.00
     836.607     0.978125         3688        45.71
     847.359     0.981250         3700        53.33
     862.719     0.984375         3712        64.00
     869.887     0.985938         3717        71.11
     871.423     0.987500         3723        80.00
     879.103     0.989062         3729        91.43
     887.295     0.990625         3735       106.67
     893.951     0.992188         3741       128.00
     900.607     0.992969         3744       142.22
     902.655     0.993750         3747       160.00
     906.751     0.994531         3751       182.86
     910.335     0.995313         3753       213.33
     923.647     0.996094         3756       256.00
     925.695     0.996484         3757       284.44
     928.255     0.996875         3759       320.00
     936.959     0.997266         3760       365.71
     939.007     0.997656         3762       426.67
     943.103     0.998047         3763       512.00
     943.615     0.998242         3764       568.89
     947.711     0.998437         3765       640.00
     947.711     0.998633         3765       731.43
     970.239     0.998828         3766       853.33
     973.823     0.999023         3767      1024.00
     973.823     0.999121         3767      1137.78
     977.407     0.999219         3768      1280.00
     977.407     0.999316         3768      1462.86
     977.407     0.999414         3768      1706.67
    1001.471     0.999512         3769      2048.00
    1001.471     0.999561         3769      2275.56
    1001.471     0.999609         3769      2560.00
    1001.471     0.999658         3769      2925.71
    1001.471     0.999707         3769      3413.33
    1027.583     0.999756         3770      4096.00
    1027.583     1.000000         3770          inf
#[Mean    =      202.573, StdDeviation   =      212.541]
#[Max     =     1027.072, Total count    =         3770]
#[Buckets =           27, SubBuckets     =         2048]
-----------------------------------------------------------------------
  4484 requests in 1.00m, 1.33MB read
Requests/sec:     74.73  
Transfer/sec:     22.77KB
