Running 1m test @ http://10.99.199.129/?loopCount=25&base=6&exp=6
  5 threads and 5 connections

  Thread calibration: mean lat.: 51.687ms, rate sampling interval: 163ms
  Thread calibration: mean lat.: 47.876ms, rate sampling interval: 129ms
  Thread calibration: mean lat.: 65.067ms, rate sampling interval: 241ms
  Thread calibration: mean lat.: 61.105ms, rate sampling interval: 218ms
  Thread calibration: mean lat.: 51.043ms, rate sampling interval: 166ms

-----------------------------------------------------------------------
Test Results @ http://10.99.199.129/?loopCount=25&base=6&exp=6 
  Thread Stats   Avg      Stdev     99%   +/- Stdev
    Latency    45.48ms   12.67ms  93.63ms   87.32%
    Req/Sec     9.67      2.94    15.00     90.98%
  Latency Distribution (HdrHistogram - Recorded Latency)
 50.000%   42.24ms
 75.000%   43.81ms
 90.000%   56.22ms
 99.000%   93.63ms
 99.900%  168.96ms
 99.990%  175.62ms
 99.999%  175.62ms
100.000%  175.62ms

  Detailed Percentile spectrum:
       Value   Percentile   TotalCount 1/(1-Percentile)

      22.671     0.000000            1         1.00
      39.583     0.100000          250         1.11
      40.959     0.200000          503         1.25
      41.439     0.300000          756         1.43
      41.855     0.400000         1009         1.67
      42.239     0.500000         1255         2.00
      42.495     0.550000         1386         2.22
      42.687     0.600000         1503         2.50
      42.943     0.650000         1630         2.86
      43.295     0.700000         1753         3.33
      43.807     0.750000         1876         4.00
      44.447     0.775000         1938         4.44
      46.431     0.800000         2000         5.00
      49.183     0.825000         2063         5.71
      50.399     0.850000         2126         6.67
      52.447     0.875000         2189         8.00
      54.623     0.887500         2219         8.89
      56.223     0.900000         2250        10.00
      59.295     0.912500         2282        11.43
      62.271     0.925000         2313        13.33
      65.183     0.937500         2344        16.00
      67.071     0.943750         2362        17.78
      67.775     0.950000         2375        20.00
      68.863     0.956250         2392        22.86
      69.311     0.962500         2407        26.67
      70.719     0.968750         2422        32.00
      73.983     0.971875         2430        35.56
      77.375     0.975000         2438        40.00
      85.183     0.978125         2447        45.71
      85.503     0.981250         2455        53.33
      89.215     0.984375         2461        64.00
      93.119     0.985938         2466        71.11
      93.503     0.987500         2469        80.00
      93.567     0.989062         2473        91.43
      93.695     0.990625         2478       106.67
     102.207     0.992188         2481       128.00
     105.087     0.992969         2483       142.22
     108.351     0.993750         2485       160.00
     110.079     0.994531         2487       182.86
     113.663     0.995313         2489       213.33
     119.487     0.996094         2491       256.00
     161.151     0.996484         2492       284.44
     163.327     0.996875         2493       320.00
     163.455     0.997266         2494       365.71
     165.375     0.997656         2495       426.67
     166.271     0.998047         2496       512.00
     166.271     0.998242         2496       568.89
     167.679     0.998437         2497       640.00
     167.679     0.998633         2497       731.43
     168.959     0.998828         2498       853.33
     168.959     0.999023         2498      1024.00
     168.959     0.999121         2498      1137.78
     171.135     0.999219         2499      1280.00
     171.135     0.999316         2499      1462.86
     171.135     0.999414         2499      1706.67
     171.135     0.999512         2499      2048.00
     171.135     0.999561         2499      2275.56
     175.615     0.999609         2500      2560.00
     175.615     1.000000         2500          inf
#[Mean    =       45.480, StdDeviation   =       12.674]
#[Max     =      175.488, Total count    =         2500]
#[Buckets =           27, SubBuckets     =         2048]
-----------------------------------------------------------------------
  2995 requests in 1.00m, 0.89MB read
Requests/sec:     49.91  
Transfer/sec:     15.21KB
