Running 1m test @ http://10.101.163.15/?loopCount=25&base=6&exp=6
  1 threads and 1 connections

  Thread calibration: mean lat.: 407.909ms, rate sampling interval: 1288ms

-----------------------------------------------------------------------
Test Results @ http://10.101.163.15/?loopCount=25&base=6&exp=6 
  Thread Stats   Avg      Stdev     99%   +/- Stdev
    Latency     3.84s     1.90s    7.13s    56.20%
    Req/Sec    21.32      1.67    24.00     86.84%
  Latency Distribution (HdrHistogram - Recorded Latency)
 50.000%    3.94s 
 75.000%    5.44s 
 90.000%    6.42s 
 99.000%    7.13s 
 99.900%    7.27s 
 99.990%    7.27s 
 99.999%    7.27s 
100.000%    7.27s 

  Detailed Percentile spectrum:
       Value   Percentile   TotalCount 1/(1-Percentile)

     831.487     0.000000            1         1.00
    1234.943     0.100000          109         1.11
    1698.815     0.200000          219         1.25
    2459.647     0.300000          331         1.43
    2949.119     0.400000          438         1.67
    3936.255     0.500000          545         2.00
    4292.607     0.550000          600         2.22
    4706.303     0.600000          654         2.50
    4898.815     0.650000          717         2.86
    5156.863     0.700000          764         3.33
    5435.391     0.750000          818         4.00
    5627.903     0.775000          852         4.44
    5922.815     0.800000          877         5.00
    6017.023     0.825000          903         5.71
    6070.271     0.850000          927         6.67
    6160.383     0.875000          953         8.00
    6348.799     0.887500          969         8.89
    6422.527     0.900000          985        10.00
    6627.327     0.912500          994        11.43
    6705.151     0.925000         1011        13.33
    6795.263     0.937500         1021        16.00
    6807.551     0.943750         1028        17.78
    6815.743     0.950000         1037        20.00
    6823.935     0.956250         1050        22.86
    6823.935     0.962500         1050        26.67
    6889.471     0.968750         1056        32.00
    6914.047     0.971875         1060        35.56
    6991.871     0.975000         1062        40.00
    7032.831     0.978125         1067        45.71
    7036.927     0.981250         1070        53.33
    7049.215     0.984375         1072        64.00
    7065.599     0.985938         1075        71.11
    7077.887     0.987500         1076        80.00
    7127.039     0.989062         1078        91.43
    7135.231     0.990625         1079       106.67
    7237.631     0.992188         1082       128.00
    7237.631     0.992969         1082       142.22
    7249.919     0.993750         1084       160.00
    7249.919     0.994531         1084       182.86
    7249.919     0.995313         1084       213.33
    7254.015     0.996094         1085       256.00
    7262.207     0.996484         1086       284.44
    7262.207     0.996875         1086       320.00
    7266.303     0.997266         1087       365.71
    7266.303     0.997656         1087       426.67
    7266.303     0.998047         1087       512.00
    7274.495     0.998242         1089       568.89
    7274.495     1.000000         1089          inf
#[Mean    =     3841.576, StdDeviation   =     1900.239]
#[Max     =     7270.400, Total count    =         1089]
#[Buckets =           27, SubBuckets     =         2048]
-----------------------------------------------------------------------
  1318 requests in 1.00m, 401.59KB read
Requests/sec:     21.97  
Transfer/sec:      6.69KB
