Running 1m test @ http://10.108.208.72/?loopCount=25&base=6&exp=6
  1 threads and 1 connections

  Thread calibration: mean lat.: 117.715ms, rate sampling interval: 301ms

-----------------------------------------------------------------------
Test Results @ http://10.108.208.72/?loopCount=25&base=6&exp=6 
  Thread Stats   Avg      Stdev     99%   +/- Stdev
    Latency   345.25ms  120.33ms 516.35ms   54.79%
    Req/Sec    24.46      1.50    26.00    100.00%
  Latency Distribution (HdrHistogram - Recorded Latency)
 50.000%  360.70ms
 75.000%  456.96ms
 90.000%  493.31ms
 99.000%  516.35ms
 99.900%  519.68ms
 99.990%  520.70ms
 99.999%  520.70ms
100.000%  520.70ms

  Detailed Percentile spectrum:
       Value   Percentile   TotalCount 1/(1-Percentile)

     154.367     0.000000            1         1.00
     172.799     0.100000          125         1.11
     197.631     0.200000          249         1.25
     258.559     0.300000          373         1.43
     297.471     0.400000          498         1.67
     360.703     0.500000          622         2.00
     384.767     0.550000          684         2.22
     410.623     0.600000          748         2.50
     435.199     0.650000          814         2.86
     446.975     0.700000          871         3.33
     457.215     0.750000          934         4.00
     464.127     0.775000          964         4.44
     474.111     0.800000          995         5.00
     482.559     0.825000         1026         5.71
     485.887     0.850000         1057         6.67
     489.983     0.875000         1089         8.00
     491.263     0.887500         1104         8.89
     493.311     0.900000         1123        10.00
     494.847     0.912500         1136        11.43
     496.895     0.925000         1150        13.33
     500.479     0.937500         1166        16.00
     502.783     0.943750         1174        17.78
     504.575     0.950000         1182        20.00
     506.367     0.956250         1192        22.86
     507.647     0.962500         1197        26.67
     510.975     0.968750         1205        32.00
     511.743     0.971875         1209        35.56
     512.767     0.975000         1212        40.00
     513.535     0.978125         1216        45.71
     514.047     0.981250         1220        53.33
     515.583     0.984375         1226        64.00
     515.583     0.985938         1226        71.11
     515.839     0.987500         1228        80.00
     516.351     0.989062         1231        91.43
     516.607     0.990625         1232       106.67
     517.375     0.992188         1234       128.00
     517.887     0.992969         1235       142.22
     518.399     0.993750         1237       160.00
     518.399     0.994531         1237       182.86
     518.911     0.995313         1238       213.33
     519.423     0.996094         1240       256.00
     519.423     0.996484         1240       284.44
     519.423     0.996875         1240       320.00
     519.423     0.997266         1240       365.71
     519.679     0.997656         1242       426.67
     519.679     0.998047         1242       512.00
     519.679     0.998242         1242       568.89
     519.679     0.998437         1242       640.00
     519.679     0.998633         1242       731.43
     519.679     0.998828         1242       853.33
     519.679     0.999023         1242      1024.00
     519.679     0.999121         1242      1137.78
     520.703     0.999219         1243      1280.00
     520.703     1.000000         1243          inf
#[Mean    =      345.255, StdDeviation   =      120.329]
#[Max     =      520.448, Total count    =         1243]
#[Buckets =           27, SubBuckets     =         2048]
-----------------------------------------------------------------------
  1488 requests in 1.00m, 453.38KB read
Requests/sec:     24.80  
Transfer/sec:      7.56KB
