Running 1m test @ http://10.110.211.94/?loopCount=25&base=6&exp=6
  5 threads and 5 connections

  Thread calibration: mean lat.: 141.752ms, rate sampling interval: 434ms
  Thread calibration: mean lat.: 551.981ms, rate sampling interval: 1613ms
  Thread calibration: mean lat.: 289.298ms, rate sampling interval: 831ms
  Thread calibration: mean lat.: 246.156ms, rate sampling interval: 777ms
  Thread calibration: mean lat.: 185.236ms, rate sampling interval: 662ms

-----------------------------------------------------------------------
Test Results @ http://10.110.211.94/?loopCount=25&base=6&exp=6 
  Thread Stats   Avg      Stdev     99%   +/- Stdev
    Latency   882.32ms  563.51ms   1.99s    56.44%
    Req/Sec    14.27      2.61    20.00     81.10%
  Latency Distribution (HdrHistogram - Recorded Latency)
 50.000%  843.26ms
 75.000%    1.35s 
 90.000%    1.67s 
 99.000%    1.99s 
 99.900%    2.09s 
 99.990%    2.15s 
 99.999%    2.15s 
100.000%    2.15s 

  Detailed Percentile spectrum:
       Value   Percentile   TotalCount 1/(1-Percentile)

      27.695     0.000000            1         1.00
     141.183     0.100000          368         1.11
     283.903     0.200000          736         1.25
     515.071     0.300000         1104         1.43
     643.071     0.400000         1472         1.67
     843.263     0.500000         1841         2.00
     927.743     0.550000         2024         2.22
    1005.055     0.600000         2208         2.50
    1108.991     0.650000         2392         2.86
    1222.655     0.700000         2576         3.33
    1347.583     0.750000         2763         4.00
    1426.431     0.775000         2852         4.44
    1479.679     0.800000         2946         5.00
    1518.591     0.825000         3037         5.71
    1568.767     0.850000         3129         6.67
    1615.871     0.875000         3221         8.00
    1640.447     0.887500         3266         8.89
    1674.239     0.900000         3312        10.00
    1698.815     0.912500         3359        11.43
    1757.183     0.925000         3404        13.33
    1830.911     0.937500         3450        16.00
    1847.295     0.943750         3474        17.78
    1865.727     0.950000         3497        20.00
    1883.135     0.956250         3519        22.86
    1896.447     0.962500         3542        26.67
    1915.903     0.968750         3567        32.00
    1925.119     0.971875         3578        35.56
    1935.359     0.975000         3588        40.00
    1947.647     0.978125         3603        45.71
    1956.863     0.981250         3612        53.33
    1966.079     0.984375         3623        64.00
    1972.223     0.985938         3630        71.11
    1978.367     0.987500         3634        80.00
    1984.511     0.989062         3640        91.43
    1999.871     0.990625         3647       106.67
    2009.087     0.992188         3652       128.00
    2014.207     0.992969         3655       142.22
    2017.279     0.993750         3657       160.00
    2025.471     0.994531         3660       182.86
    2032.639     0.995313         3663       213.33
    2047.999     0.996094         3667       256.00
    2049.023     0.996484         3669       284.44
    2049.023     0.996875         3669       320.00
    2051.071     0.997266         3670       365.71
    2056.191     0.997656         3672       426.67
    2073.599     0.998047         3673       512.00
    2074.623     0.998242         3674       568.89
    2080.767     0.998437         3675       640.00
    2080.767     0.998633         3675       731.43
    2088.959     0.998828         3676       853.33
    2099.199     0.999023         3677      1024.00
    2099.199     0.999121         3677      1137.78
    2121.727     0.999219         3678      1280.00
    2121.727     0.999316         3678      1462.86
    2121.727     0.999414         3678      1706.67
    2125.823     0.999512         3679      2048.00
    2125.823     0.999561         3679      2275.56
    2125.823     0.999609         3679      2560.00
    2125.823     0.999658         3679      2925.71
    2125.823     0.999707         3679      3413.33
    2150.399     0.999756         3680      4096.00
    2150.399     1.000000         3680          inf
#[Mean    =      882.323, StdDeviation   =      563.511]
#[Max     =     2148.352, Total count    =         3680]
#[Buckets =           27, SubBuckets     =         2048]
-----------------------------------------------------------------------
  4404 requests in 1.00m, 1.31MB read
Requests/sec:     73.39  
Transfer/sec:     22.37KB
