Running 1m test @ http://10.101.163.15/?loopCount=25&base=6&exp=6
  5 threads and 5 connections

  Thread calibration: mean lat.: 677.888ms, rate sampling interval: 2242ms
  Thread calibration: mean lat.: 817.000ms, rate sampling interval: 2299ms
  Thread calibration: mean lat.: 701.833ms, rate sampling interval: 2121ms
  Thread calibration: mean lat.: 318.346ms, rate sampling interval: 1135ms
  Thread calibration: mean lat.: 728.055ms, rate sampling interval: 2002ms

-----------------------------------------------------------------------
Test Results @ http://10.101.163.15/?loopCount=25&base=6&exp=6 
  Thread Stats   Avg      Stdev     99%   +/- Stdev
    Latency     3.04s     1.22s    5.84s    67.45%
    Req/Sec    13.40      1.78    17.00     91.04%
  Latency Distribution (HdrHistogram - Recorded Latency)
 50.000%    2.98s 
 75.000%    3.86s 
 90.000%    4.48s 
 99.000%    5.84s 
 99.900%    6.10s 
 99.990%    6.16s 
 99.999%    6.16s 
100.000%    6.16s 

  Detailed Percentile spectrum:
       Value   Percentile   TotalCount 1/(1-Percentile)

     438.783     0.000000            1         1.00
    1446.911     0.100000          347         1.11
    1955.839     0.200000          694         1.25
    2285.567     0.300000         1042         1.43
    2543.615     0.400000         1389         1.67
    2977.791     0.500000         1740         2.00
    3241.983     0.550000         1908         2.22
    3418.111     0.600000         2085         2.50
    3508.223     0.650000         2258         2.86
    3616.767     0.700000         2431         3.33
    3864.575     0.750000         2604         4.00
    3946.495     0.775000         2689         4.44
    4030.463     0.800000         2776         5.00
    4175.871     0.825000         2862         5.71
    4280.319     0.850000         2950         6.67
    4358.143     0.875000         3039         8.00
    4415.487     0.887500         3081         8.89
    4476.927     0.900000         3123        10.00
    4579.327     0.912500         3166        11.43
    4866.047     0.925000         3209        13.33
    5332.991     0.937500         3254        16.00
    5541.887     0.943750         3274        17.78
    5611.519     0.950000         3299        20.00
    5648.383     0.956250         3319        22.86
    5705.727     0.962500         3339        26.67
    5738.495     0.968750         3361        32.00
    5746.687     0.971875         3373        35.56
    5763.071     0.975000         3388        40.00
    5767.167     0.978125         3395        45.71
    5779.455     0.981250         3404        53.33
    5795.839     0.984375         3417        64.00
    5812.223     0.985938         3422        71.11
    5820.415     0.987500         3427        80.00
    5828.607     0.989062         3432        91.43
    5844.991     0.990625         3437       106.67
    5849.087     0.992188         3442       128.00
    5869.567     0.992969         3447       142.22
    5873.663     0.993750         3451       160.00
    5873.663     0.994531         3451       182.86
    5898.239     0.995313         3453       213.33
    5926.911     0.996094         3456       256.00
    5939.199     0.996484         3457       284.44
    5959.679     0.996875         3459       320.00
    5976.063     0.997266         3460       365.71
    5984.255     0.997656         3461       426.67
    6037.503     0.998047         3463       512.00
    6037.503     0.998242         3463       568.89
    6078.463     0.998437         3464       640.00
    6103.039     0.998633         3466       731.43
    6103.039     0.998828         3466       853.33
    6103.039     0.999023         3466      1024.00
    6103.039     0.999121         3466      1137.78
    6111.231     0.999219         3467      1280.00
    6111.231     0.999316         3467      1462.86
    6111.231     0.999414         3467      1706.67
    6131.711     0.999512         3468      2048.00
    6131.711     0.999561         3468      2275.56
    6131.711     0.999609         3468      2560.00
    6131.711     0.999658         3468      2925.71
    6131.711     0.999707         3468      3413.33
    6156.287     0.999756         3469      4096.00
    6156.287     1.000000         3469          inf
#[Mean    =     3038.639, StdDeviation   =     1216.149]
#[Max     =     6152.192, Total count    =         3469]
#[Buckets =           27, SubBuckets     =         2048]
-----------------------------------------------------------------------
  4145 requests in 1.00m, 1.23MB read
Requests/sec:     69.08  
Transfer/sec:     21.06KB
