Running 1m test @ http://10.108.208.72/?loopCount=25&base=6&exp=6
  1 threads and 1 connections

  Thread calibration: mean lat.: 49.702ms, rate sampling interval: 142ms

-----------------------------------------------------------------------
Test Results @ http://10.108.208.72/?loopCount=25&base=6&exp=6 
  Thread Stats   Avg      Stdev     99%   +/- Stdev
    Latency   219.92ms   68.40ms 343.30ms   61.33%
    Req/Sec    24.75      3.61    28.00     99.15%
  Latency Distribution (HdrHistogram - Recorded Latency)
 50.000%  207.74ms
 75.000%  280.32ms
 90.000%  324.35ms
 99.000%  343.30ms
 99.900%  347.39ms
 99.990%  348.16ms
 99.999%  348.16ms
100.000%  348.16ms

  Detailed Percentile spectrum:
       Value   Percentile   TotalCount 1/(1-Percentile)

      84.863     0.000000            1         1.00
     124.799     0.100000          125         1.11
     165.375     0.200000          251         1.25
     184.959     0.300000          374         1.43
     198.527     0.400000          499         1.67
     207.743     0.500000          622         2.00
     214.527     0.550000          688         2.22
     219.903     0.600000          747         2.50
     230.783     0.650000          809         2.86
     247.551     0.700000          871         3.33
     280.319     0.750000          933         4.00
     293.887     0.775000          965         4.44
     302.591     0.800000          998         5.00
     310.271     0.825000         1029         5.71
     316.159     0.850000         1060         6.67
     319.487     0.875000         1092         8.00
     321.023     0.887500         1106         8.89
     324.351     0.900000         1123        10.00
     326.399     0.912500         1137        11.43
     328.447     0.925000         1151        13.33
     330.751     0.937500         1168        16.00
     332.031     0.943750         1178        17.78
     332.799     0.950000         1184        20.00
     334.335     0.956250         1191        22.86
     335.615     0.962500         1198        26.67
     338.175     0.968750         1210        32.00
     338.175     0.971875         1210        35.56
     338.943     0.975000         1213        40.00
     339.199     0.978125         1217        45.71
     340.479     0.981250         1221        53.33
     341.247     0.984375         1225        64.00
     341.759     0.985938         1227        71.11
     342.527     0.987500         1229        80.00
     342.783     0.989062         1231        91.43
     343.551     0.990625         1234       106.67
     343.807     0.992188         1235       128.00
     344.319     0.992969         1236       142.22
     344.575     0.993750         1237       160.00
     344.831     0.994531         1238       182.86
     345.087     0.995313         1239       213.33
     345.855     0.996094         1240       256.00
     345.855     0.996484         1240       284.44
     346.111     0.996875         1241       320.00
     346.111     0.997266         1241       365.71
     346.367     0.997656         1242       426.67
     346.367     0.998047         1242       512.00
     346.367     0.998242         1242       568.89
     347.391     0.998437         1243       640.00
     347.391     0.998633         1243       731.43
     347.391     0.998828         1243       853.33
     347.391     0.999023         1243      1024.00
     347.391     0.999121         1243      1137.78
     348.159     0.999219         1244      1280.00
     348.159     1.000000         1244          inf
#[Mean    =      219.925, StdDeviation   =       68.405]
#[Max     =      347.904, Total count    =         1244]
#[Buckets =           27, SubBuckets     =         2048]
-----------------------------------------------------------------------
  1491 requests in 1.00m, 454.29KB read
Requests/sec:     24.85  
Transfer/sec:      7.57KB
