Running 1m test @ http://10.99.199.129/?loopCount=25&base=6&exp=6
  5 threads and 5 connections

  Thread calibration: mean lat.: 83.777ms, rate sampling interval: 270ms
  Thread calibration: mean lat.: 225.064ms, rate sampling interval: 891ms
  Thread calibration: mean lat.: 105.458ms, rate sampling interval: 428ms
  Thread calibration: mean lat.: 120.722ms, rate sampling interval: 498ms
  Thread calibration: mean lat.: 185.013ms, rate sampling interval: 705ms

-----------------------------------------------------------------------
Test Results @ http://10.99.199.129/?loopCount=25&base=6&exp=6 
  Thread Stats   Avg      Stdev     99%   +/- Stdev
    Latency    69.03ms   43.57ms 246.27ms   87.75%
    Req/Sec    14.61      1.83    19.00     83.68%
  Latency Distribution (HdrHistogram - Recorded Latency)
 50.000%   52.96ms
 75.000%   81.54ms
 90.000%  119.42ms
 99.000%  246.27ms
 99.900%  374.02ms
 99.990%  422.91ms
 99.999%  422.91ms
100.000%  422.91ms

  Detailed Percentile spectrum:
       Value   Percentile   TotalCount 1/(1-Percentile)

      21.999     0.000000            1         1.00
      40.479     0.100000          385         1.11
      41.343     0.200000          752         1.25
      42.463     0.300000         1137         1.43
      45.183     0.400000         1505         1.67
      52.959     0.500000         1880         2.00
      56.703     0.550000         2066         2.22
      61.759     0.600000         2253         2.50
      68.351     0.650000         2443         2.86
      74.431     0.700000         2629         3.33
      81.599     0.750000         2818         4.00
      85.183     0.775000         2912         4.44
      88.511     0.800000         3004         5.00
      93.823     0.825000         3099         5.71
     101.631     0.850000         3192         6.67
     110.719     0.875000         3286         8.00
     114.943     0.887500         3333         8.89
     119.423     0.900000         3380        10.00
     126.463     0.912500         3427        11.43
     134.015     0.925000         3475        13.33
     144.383     0.937500         3522        16.00
     146.431     0.943750         3544        17.78
     150.655     0.950000         3570        20.00
     154.751     0.956250         3591        22.86
     161.535     0.962500         3615        26.67
     175.871     0.968750         3638        32.00
     181.247     0.971875         3650        35.56
     185.087     0.975000         3662        40.00
     192.511     0.978125         3673        45.71
     198.783     0.981250         3685        53.33
     213.631     0.984375         3697        64.00
     219.519     0.985938         3703        71.11
     226.687     0.987500         3709        80.00
     236.543     0.989062         3714        91.43
     252.543     0.990625         3720       106.67
     283.647     0.992188         3726       128.00
     286.207     0.992969         3729       142.22
     287.999     0.993750         3732       160.00
     302.335     0.994531         3735       182.86
     311.551     0.995313         3738       213.33
     316.927     0.996094         3741       256.00
     317.183     0.996484         3742       284.44
     327.423     0.996875         3744       320.00
     344.063     0.997266         3745       365.71
     351.231     0.997656         3747       426.67
     353.791     0.998047         3748       512.00
     362.495     0.998242         3749       568.89
     368.383     0.998437         3750       640.00
     368.383     0.998633         3750       731.43
     374.015     0.998828         3751       853.33
     376.831     0.999023         3752      1024.00
     376.831     0.999121         3752      1137.78
     387.839     0.999219         3753      1280.00
     387.839     0.999316         3753      1462.86
     387.839     0.999414         3753      1706.67
     402.431     0.999512         3754      2048.00
     402.431     0.999561         3754      2275.56
     402.431     0.999609         3754      2560.00
     402.431     0.999658         3754      2925.71
     402.431     0.999707         3754      3413.33
     422.911     0.999756         3755      4096.00
     422.911     1.000000         3755          inf
#[Mean    =       69.027, StdDeviation   =       43.574]
#[Max     =      422.656, Total count    =         3755]
#[Buckets =           27, SubBuckets     =         2048]
-----------------------------------------------------------------------
  4494 requests in 1.00m, 1.34MB read
Requests/sec:     74.89  
Transfer/sec:     22.82KB
