Running 1m test @ http://10.106.106.124/?loopCount=25&base=6&exp=6
  5 threads and 5 connections

  Thread calibration: mean lat.: 118.424ms, rate sampling interval: 457ms
  Thread calibration: mean lat.: 217.602ms, rate sampling interval: 957ms
  Thread calibration: mean lat.: 130.309ms, rate sampling interval: 483ms
  Thread calibration: mean lat.: 262.781ms, rate sampling interval: 994ms
  Thread calibration: mean lat.: 139.789ms, rate sampling interval: 587ms

-----------------------------------------------------------------------
Test Results @ http://10.106.106.124/?loopCount=25&base=6&exp=6 
  Thread Stats   Avg      Stdev     99%   +/- Stdev
    Latency   110.24ms   93.61ms 474.11ms   87.67%
    Req/Sec     9.55      1.65    14.00     91.23%
  Latency Distribution (HdrHistogram - Recorded Latency)
 50.000%   88.51ms
 75.000%  128.13ms
 90.000%  228.22ms
 99.000%  474.11ms
 99.900%  593.41ms
 99.990%  674.82ms
 99.999%  674.82ms
100.000%  674.82ms

  Detailed Percentile spectrum:
       Value   Percentile   TotalCount 1/(1-Percentile)

      22.479     0.000000            1         1.00
      40.607     0.100000          254         1.11
      41.279     0.200000          504         1.25
      41.951     0.300000          756         1.43
      49.631     0.400000         1000         1.67
      88.511     0.500000         1249         2.00
      93.055     0.550000         1378         2.22
      97.727     0.600000         1499         2.50
     104.575     0.650000         1624         2.86
     113.471     0.700000         1749         3.33
     128.127     0.750000         1874         4.00
     157.823     0.775000         1936         4.44
     175.871     0.800000         1999         5.00
     182.015     0.825000         2061         5.71
     191.231     0.850000         2125         6.67
     201.983     0.875000         2186         8.00
     215.807     0.887500         2217         8.89
     230.399     0.900000         2249        10.00
     274.175     0.912500         2280        11.43
     281.087     0.925000         2312        13.33
     290.047     0.937500         2344        16.00
     292.095     0.943750         2359        17.78
     298.239     0.950000         2374        20.00
     306.943     0.956250         2389        22.86
     324.095     0.962500         2405        26.67
     373.503     0.968750         2421        32.00
     381.439     0.971875         2430        35.56
     384.511     0.975000         2436        40.00
     387.327     0.978125         2444        45.71
     397.311     0.981250         2452        53.33
     409.855     0.984375         2459        64.00
     415.487     0.985938         2463        71.11
     433.151     0.987500         2467        80.00
     439.551     0.989062         2471        91.43
     481.791     0.990625         2475       106.67
     491.263     0.992188         2479       128.00
     492.799     0.992969         2481       142.22
     494.847     0.993750         2483       160.00
     497.919     0.994531         2485       182.86
     498.687     0.995313         2487       213.33
     522.751     0.996094         2489       256.00
     524.799     0.996484         2490       284.44
     555.007     0.996875         2491       320.00
     582.655     0.997266         2492       365.71
     583.679     0.997656         2493       426.67
     584.191     0.998047         2494       512.00
     584.191     0.998242         2494       568.89
     586.751     0.998437         2495       640.00
     586.751     0.998633         2495       731.43
     593.407     0.998828         2496       853.33
     593.407     0.999023         2496      1024.00
     593.407     0.999121         2496      1137.78
     614.399     0.999219         2497      1280.00
     614.399     0.999316         2497      1462.86
     614.399     0.999414         2497      1706.67
     614.399     0.999512         2497      2048.00
     614.399     0.999561         2497      2275.56
     674.815     0.999609         2498      2560.00
     674.815     1.000000         2498          inf
#[Mean    =      110.240, StdDeviation   =       93.611]
#[Max     =      674.304, Total count    =         2498]
#[Buckets =           27, SubBuckets     =         2048]
-----------------------------------------------------------------------
  2993 requests in 1.00m, 0.89MB read
Requests/sec:     49.88  
Transfer/sec:     15.21KB
