Running 1m test @ http://10.96.164.126/?loopCount=25&base=6&exp=6
  5 threads and 5 connections

  Thread calibration: mean lat.: 51.397ms, rate sampling interval: 143ms
  Thread calibration: mean lat.: 48.237ms, rate sampling interval: 132ms
  Thread calibration: mean lat.: 57.840ms, rate sampling interval: 161ms
  Thread calibration: mean lat.: 48.504ms, rate sampling interval: 129ms
  Thread calibration: mean lat.: 55.998ms, rate sampling interval: 179ms

-----------------------------------------------------------------------
Test Results @ http://10.96.164.126/?loopCount=25&base=6&exp=6 
  Thread Stats   Avg      Stdev     99%   +/- Stdev
    Latency    44.88ms   11.40ms  87.49ms   86.16%
    Req/Sec     9.53      3.40    15.00     78.92%
  Latency Distribution (HdrHistogram - Recorded Latency)
 50.000%   41.95ms
 75.000%   42.91ms
 90.000%   63.46ms
 99.000%   87.49ms
 99.900%  142.72ms
 99.990%  144.00ms
 99.999%  144.00ms
100.000%  144.00ms

  Detailed Percentile spectrum:
       Value   Percentile   TotalCount 1/(1-Percentile)

      21.199     0.000000            1         1.00
      39.231     0.100000          252         1.11
      40.831     0.200000          510         1.25
      41.247     0.300000          757         1.43
      41.599     0.400000         1012         1.67
      41.951     0.500000         1271         2.00
      42.111     0.550000         1377         2.22
      42.271     0.600000         1500         2.50
      42.463     0.650000         1632         2.86
      42.655     0.700000         1750         3.33
      42.911     0.750000         1886         4.00
      43.039     0.775000         1938         4.44
      43.231     0.800000         2003         5.00
      43.519     0.825000         2064         5.71
      43.871     0.850000         2125         6.67
      51.007     0.875000         2188         8.00
      54.463     0.887500         2219         8.89
      63.455     0.900000         2250        10.00
      65.023     0.912500         2283        11.43
      65.983     0.925000         2316        13.33
      66.879     0.937500         2344        16.00
      68.991     0.943750         2360        17.78
      70.271     0.950000         2376        20.00
      71.999     0.956250         2391        22.86
      73.407     0.962500         2407        26.67
      74.495     0.968750         2423        32.00
      74.943     0.971875         2430        35.56
      76.415     0.975000         2439        40.00
      78.975     0.978125         2446        45.71
      79.743     0.981250         2455        53.33
      81.663     0.984375         2461        64.00
      82.239     0.985938         2465        71.11
      83.455     0.987500         2469        80.00
      85.119     0.989062         2473        91.43
      88.319     0.990625         2477       106.67
      91.519     0.992188         2481       128.00
      91.903     0.992969         2483       142.22
      94.271     0.993750         2485       160.00
      95.103     0.994531         2487       182.86
      96.703     0.995313         2489       213.33
     117.631     0.996094         2491       256.00
     117.695     0.996484         2492       284.44
     117.823     0.996875         2493       320.00
     122.495     0.997266         2494       365.71
     122.623     0.997656         2495       426.67
     125.375     0.998047         2496       512.00
     125.375     0.998242         2496       568.89
     136.831     0.998437         2497       640.00
     136.831     0.998633         2497       731.43
     142.719     0.998828         2498       853.33
     142.719     0.999023         2498      1024.00
     142.719     0.999121         2498      1137.78
     143.743     0.999219         2499      1280.00
     143.743     0.999316         2499      1462.86
     143.743     0.999414         2499      1706.67
     143.743     0.999512         2499      2048.00
     143.743     0.999561         2499      2275.56
     143.999     0.999609         2500      2560.00
     143.999     1.000000         2500          inf
#[Mean    =       44.878, StdDeviation   =       11.399]
#[Max     =      143.872, Total count    =         2500]
#[Buckets =           27, SubBuckets     =         2048]
-----------------------------------------------------------------------
  2995 requests in 1.00m, 0.89MB read
Requests/sec:     49.91  
Transfer/sec:     15.21KB
