Running 1m test @ http://10.111.175.232/?loopCount=25&base=6&exp=6
  5 threads and 5 connections

  Thread calibration: mean lat.: 45.944ms, rate sampling interval: 115ms
  Thread calibration: mean lat.: 49.520ms, rate sampling interval: 159ms
  Thread calibration: mean lat.: 50.928ms, rate sampling interval: 156ms
  Thread calibration: mean lat.: 45.815ms, rate sampling interval: 152ms
  Thread calibration: mean lat.: 48.978ms, rate sampling interval: 155ms

-----------------------------------------------------------------------
Test Results @ http://10.111.175.232/?loopCount=25&base=6&exp=6 
  Thread Stats   Avg      Stdev     99%   +/- Stdev
    Latency    44.87ms   14.20ms  96.70ms   86.96%
    Req/Sec     9.44      3.27    17.00     95.05%
  Latency Distribution (HdrHistogram - Recorded Latency)
 50.000%   41.38ms
 75.000%   42.08ms
 90.000%   57.31ms
 99.000%   96.70ms
 99.900%  126.27ms
 99.990%  135.04ms
 99.999%  135.04ms
100.000%  135.04ms

  Detailed Percentile spectrum:
       Value   Percentile   TotalCount 1/(1-Percentile)

      21.263     0.000000            1         1.00
      38.367     0.100000          254         1.11
      40.543     0.200000          516         1.25
      40.863     0.300000          753         1.43
      41.119     0.400000         1003         1.67
      41.375     0.500000         1271         2.00
      41.471     0.550000         1379         2.22
      41.599     0.600000         1515         2.50
      41.727     0.650000         1629         2.86
      41.887     0.700000         1763         3.33
      42.079     0.750000         1893         4.00
      42.175     0.775000         1948         4.44
      42.303     0.800000         2014         5.00
      42.463     0.825000         2065         5.71
      42.751     0.850000         2129         6.67
      45.663     0.875000         2189         8.00
      49.663     0.887500         2219         8.89
      57.311     0.900000         2251        10.00
      76.415     0.912500         2282        11.43
      77.887     0.925000         2313        13.33
      80.319     0.937500         2344        16.00
      80.959     0.943750         2361        17.78
      81.279     0.950000         2375        20.00
      81.791     0.956250         2392        22.86
      84.031     0.962500         2407        26.67
      86.207     0.968750         2422        32.00
      87.935     0.971875         2431        35.56
      89.279     0.975000         2438        40.00
      90.623     0.978125         2447        45.71
      92.031     0.981250         2454        53.33
      94.399     0.984375         2461        64.00
      95.231     0.985938         2465        71.11
      96.127     0.987500         2469        80.00
      96.511     0.989062         2473        91.43
      96.959     0.990625         2477       106.67
      99.583     0.992188         2481       128.00
     101.311     0.992969         2483       142.22
     104.127     0.993750         2485       160.00
     111.999     0.994531         2488       182.86
     114.879     0.995313         2489       213.33
     116.095     0.996094         2491       256.00
     120.063     0.996484         2493       284.44
     120.063     0.996875         2493       320.00
     120.959     0.997266         2494       365.71
     121.919     0.997656         2496       426.67
     121.919     0.998047         2496       512.00
     121.919     0.998242         2496       568.89
     125.951     0.998437         2497       640.00
     125.951     0.998633         2497       731.43
     126.271     0.998828         2498       853.33
     126.271     0.999023         2498      1024.00
     126.271     0.999121         2498      1137.78
     127.807     0.999219         2499      1280.00
     127.807     0.999316         2499      1462.86
     127.807     0.999414         2499      1706.67
     127.807     0.999512         2499      2048.00
     127.807     0.999561         2499      2275.56
     135.039     0.999609         2500      2560.00
     135.039     1.000000         2500          inf
#[Mean    =       44.869, StdDeviation   =       14.200]
#[Max     =      134.912, Total count    =         2500]
#[Buckets =           27, SubBuckets     =         2048]
-----------------------------------------------------------------------
  2995 requests in 1.00m, 0.89MB read
Requests/sec:     49.91  
Transfer/sec:     15.21KB
