Running 1m test @ http://10.106.127.105/?loopCount=25&base=6&exp=6
  5 threads and 5 connections

  Thread calibration: mean lat.: 56.717ms, rate sampling interval: 169ms
  Thread calibration: mean lat.: 52.461ms, rate sampling interval: 156ms
  Thread calibration: mean lat.: 54.813ms, rate sampling interval: 173ms
  Thread calibration: mean lat.: 61.856ms, rate sampling interval: 181ms
  Thread calibration: mean lat.: 78.982ms, rate sampling interval: 336ms

-----------------------------------------------------------------------
Test Results @ http://10.106.127.105/?loopCount=25&base=6&exp=6 
  Thread Stats   Avg      Stdev     99%   +/- Stdev
    Latency    46.81ms   13.51ms  85.38ms   76.64%
    Req/Sec     9.40      2.65    12.00     82.82%
  Latency Distribution (HdrHistogram - Recorded Latency)
 50.000%   42.24ms
 75.000%   44.58ms
 90.000%   66.82ms
 99.000%   85.38ms
 99.900%  151.42ms
 99.990%  167.29ms
 99.999%  167.29ms
100.000%  167.29ms

  Detailed Percentile spectrum:
       Value   Percentile   TotalCount 1/(1-Percentile)

      21.535     0.000000            1         1.00
      39.007     0.100000          251         1.11
      40.671     0.200000          506         1.25
      41.023     0.300000          750         1.43
      41.599     0.400000         1007         1.67
      42.239     0.500000         1253         2.00
      42.559     0.550000         1379         2.22
      42.879     0.600000         1501         2.50
      43.231     0.650000         1635         2.86
      43.583     0.700000         1757         3.33
      44.575     0.750000         1879         4.00
      47.615     0.775000         1938         4.44
      50.815     0.800000         2000         5.00
      62.239     0.825000         2063         5.71
      64.543     0.850000         2125         6.67
      65.599     0.875000         2188         8.00
      66.303     0.887500         2220         8.89
      66.815     0.900000         2250        10.00
      68.735     0.912500         2282        11.43
      71.551     0.925000         2313        13.33
      73.855     0.937500         2344        16.00
      74.751     0.943750         2360        17.78
      77.503     0.950000         2375        20.00
      78.975     0.956250         2391        22.86
      80.575     0.962500         2407        26.67
      81.087     0.968750         2422        32.00
      81.471     0.971875         2430        35.56
      81.855     0.975000         2438        40.00
      82.175     0.978125         2447        45.71
      82.559     0.981250         2454        53.33
      82.751     0.984375         2461        64.00
      83.839     0.985938         2465        71.11
      84.863     0.987500         2470        80.00
      85.055     0.989062         2474        91.43
      85.631     0.990625         2478       106.67
      86.207     0.992188         2481       128.00
      87.743     0.992969         2483       142.22
      88.319     0.993750         2485       160.00
      89.919     0.994531         2487       182.86
      91.199     0.995313         2489       213.33
      97.343     0.996094         2491       256.00
      97.983     0.996484         2492       284.44
      98.367     0.996875         2494       320.00
      98.367     0.997266         2494       365.71
      98.623     0.997656         2495       426.67
      98.751     0.998047         2496       512.00
      98.751     0.998242         2496       568.89
     107.967     0.998437         2497       640.00
     107.967     0.998633         2497       731.43
     151.423     0.998828         2498       853.33
     151.423     0.999023         2498      1024.00
     151.423     0.999121         2498      1137.78
     157.567     0.999219         2499      1280.00
     157.567     0.999316         2499      1462.86
     157.567     0.999414         2499      1706.67
     157.567     0.999512         2499      2048.00
     157.567     0.999561         2499      2275.56
     167.295     0.999609         2500      2560.00
     167.295     1.000000         2500          inf
#[Mean    =       46.814, StdDeviation   =       13.506]
#[Max     =      167.168, Total count    =         2500]
#[Buckets =           27, SubBuckets     =         2048]
-----------------------------------------------------------------------
  2995 requests in 1.00m, 0.89MB read
Requests/sec:     49.91  
Transfer/sec:     15.21KB
