Running 1m test @ http://10.104.225.39/?loopCount=25&base=6&exp=6
  1 threads and 1 connections

  Thread calibration: mean lat.: 1192.693ms, rate sampling interval: 3868ms

-----------------------------------------------------------------------
Test Results @ http://10.104.225.39/?loopCount=25&base=6&exp=6 
  Thread Stats   Avg      Stdev     99%   +/- Stdev
    Latency     7.98s     3.41s   12.76s    53.76%
    Req/Sec    19.00      1.15    22.00     91.67%
  Latency Distribution (HdrHistogram - Recorded Latency)
 50.000%    7.73s 
 75.000%   11.49s 
 90.000%   12.52s 
 99.000%   12.76s 
 99.900%   12.86s 
 99.990%   12.90s 
 99.999%   12.90s 
100.000%   12.90s 

  Detailed Percentile spectrum:
       Value   Percentile   TotalCount 1/(1-Percentile)

    2267.135     0.000000            1         1.00
    3342.335     0.100000           99         1.11
    4395.007     0.200000          197         1.25
    5505.023     0.300000          297         1.43
    6688.767     0.400000          394         1.67
    7729.151     0.500000          494         2.00
    8773.631     0.550000          545         2.22
    9412.607     0.600000          592         2.50
   10256.383     0.650000          640         2.86
   10854.399     0.700000          689         3.33
   11485.183     0.750000          741         4.00
   11624.447     0.775000          771         4.44
   11804.671     0.800000          788         5.00
   12001.279     0.825000          812         5.71
   12247.039     0.850000          843         6.67
   12378.111     0.875000          862         8.00
   12484.607     0.887500          874         8.89
   12517.375     0.900000          894        10.00
   12582.911     0.912500          898        11.43
   12623.871     0.925000          913        13.33
   12632.063     0.937500          929        16.00
   12632.063     0.943750          929        17.78
   12640.255     0.950000          939        20.00
   12656.639     0.956250          941        22.86
   12681.215     0.962500          953        26.67
   12689.407     0.968750          967        32.00
   12689.407     0.971875          967        35.56
   12689.407     0.975000          967        40.00
   12689.407     0.978125          967        45.71
   12689.407     0.981250          967        53.33
   12722.175     0.984375          969        64.00
   12763.135     0.985938          978        71.11
   12763.135     0.987500          978        80.00
   12763.135     0.989062          978        91.43
   12763.135     0.990625          978       106.67
   12763.135     0.992188          978       128.00
   12763.135     0.992969          978       142.22
   12763.135     0.993750          978       160.00
   12771.327     0.994531          980       182.86
   12771.327     0.995313          980       213.33
   12812.287     0.996094          982       256.00
   12812.287     0.996484          982       284.44
   12812.287     0.996875          982       320.00
   12812.287     0.997266          982       365.71
   12812.287     0.997656          982       426.67
   12861.439     0.998047          983       512.00
   12861.439     0.998242          983       568.89
   12861.439     0.998437          983       640.00
   12861.439     0.998633          983       731.43
   12861.439     0.998828          983       853.33
   12902.399     0.999023          984      1024.00
   12902.399     1.000000          984          inf
#[Mean    =     7979.026, StdDeviation   =     3405.873]
#[Max     =    12894.208, Total count    =          984]
#[Buckets =           27, SubBuckets     =         2048]
-----------------------------------------------------------------------
  1177 requests in 1.00m, 358.63KB read
Requests/sec:     19.62  
Transfer/sec:      5.98KB
