Running 1m test @ http://10.103.77.142/?loopCount=25&base=6&exp=6
  1 threads and 1 connections

  Thread calibration: mean lat.: 3176.377ms, rate sampling interval: 11517ms

-----------------------------------------------------------------------
Test Results @ http://10.103.77.142/?loopCount=25&base=6&exp=6 
  Thread Stats   Avg      Stdev     99%   +/- Stdev
    Latency    22.19s     9.00s   37.58s    58.80%
    Req/Sec     8.75      0.83    10.00    100.00%
  Latency Distribution (HdrHistogram - Recorded Latency)
 50.000%   21.91s 
 75.000%   30.10s 
 90.000%   35.42s 
 99.000%   37.58s 
 99.900%   37.81s 
 99.990%   37.81s 
 99.999%   37.81s 
100.000%   37.81s 

  Detailed Percentile spectrum:
       Value   Percentile   TotalCount 1/(1-Percentile)

    6574.079     0.000000            1         1.00
    9830.399     0.100000           47         1.11
   13156.351     0.200000           94         1.25
   16187.391     0.300000          140         1.43
   18972.671     0.400000          187         1.67
   21905.407     0.500000          233         2.00
   23314.431     0.550000          258         2.22
   24821.759     0.600000          280         2.50
   26148.863     0.650000          305         2.86
   27328.511     0.700000          327         3.33
   30097.407     0.750000          350         4.00
   30638.079     0.775000          362         4.44
   31588.351     0.800000          373         5.00
   32276.479     0.825000          385         5.71
   33406.975     0.850000          397         6.67
   34308.095     0.875000          408         8.00
   34832.383     0.887500          414         8.89
   35487.743     0.900000          421        10.00
   35946.495     0.912500          426        11.43
   36470.783     0.925000          432        13.33
   36732.927     0.937500          437        16.00
   36831.231     0.943750          440        17.78
   37126.143     0.950000          443        20.00
   37257.215     0.956250          447        22.86
   37289.983     0.962500          449        26.67
   37355.519     0.968750          455        32.00
   37355.519     0.971875          455        35.56
   37355.519     0.975000          455        40.00
   37388.287     0.978125          457        45.71
   37421.055     0.981250          458        53.33
   37453.823     0.984375          459        64.00
   37486.591     0.985938          460        71.11
   37584.895     0.987500          461        80.00
   37584.895     0.989062          461        91.43
   37650.431     0.990625          462       106.67
   37715.967     0.992188          463       128.00
   37715.967     0.992969          463       142.22
   37781.503     0.993750          465       160.00
   37781.503     0.994531          465       182.86
   37781.503     0.995313          465       213.33
   37781.503     0.996094          465       256.00
   37781.503     0.996484          465       284.44
   37781.503     0.996875          465       320.00
   37781.503     0.997266          465       365.71
   37781.503     0.997656          465       426.67
   37814.271     0.998047          466       512.00
   37814.271     1.000000          466          inf
#[Mean    =    22186.801, StdDeviation   =     9004.520]
#[Max     =    37781.504, Total count    =          466]
#[Buckets =           27, SubBuckets     =         2048]
-----------------------------------------------------------------------
  553 requests in 1.00m, 168.80KB read
Requests/sec:      9.22  
Transfer/sec:      2.81KB
