Running 1m test @ http://10.96.158.146/?loopCount=25&base=6&exp=6
  5 threads and 5 connections

  Thread calibration: mean lat.: 189.155ms, rate sampling interval: 689ms
  Thread calibration: mean lat.: 153.115ms, rate sampling interval: 425ms
  Thread calibration: mean lat.: 252.400ms, rate sampling interval: 891ms
  Thread calibration: mean lat.: 244.482ms, rate sampling interval: 888ms
  Thread calibration: mean lat.: 225.681ms, rate sampling interval: 696ms

-----------------------------------------------------------------------
Test Results @ http://10.96.158.146/?loopCount=25&base=6&exp=6 
  Thread Stats   Avg      Stdev     99%   +/- Stdev
    Latency   162.77ms   96.42ms 463.87ms   77.30%
    Req/Sec     9.60      1.33    12.00     90.05%
  Latency Distribution (HdrHistogram - Recorded Latency)
 50.000%  151.55ms
 75.000%  179.97ms
 90.000%  273.92ms
 99.000%  463.87ms
 99.900%  573.95ms
 99.990%  642.05ms
 99.999%  642.05ms
100.000%  642.05ms

  Detailed Percentile spectrum:
       Value   Percentile   TotalCount 1/(1-Percentile)

      41.503     0.000000            1         1.00
      68.735     0.100000          254         1.11
      74.239     0.200000          502         1.25
      79.423     0.300000          752         1.43
     142.719     0.400000         1003         1.67
     151.551     0.500000         1255         2.00
     156.671     0.550000         1377         2.22
     160.255     0.600000         1504         2.50
     165.759     0.650000         1630         2.86
     171.263     0.700000         1755         3.33
     179.967     0.750000         1879         4.00
     241.279     0.775000         1940         4.44
     247.295     0.800000         2002         5.00
     254.591     0.825000         2065         5.71
     260.095     0.850000         2128         6.67
     265.471     0.875000         2191         8.00
     267.775     0.887500         2222         8.89
     273.919     0.900000         2254        10.00
     280.063     0.912500         2284        11.43
     343.807     0.925000         2315        13.33
     349.695     0.937500         2348        16.00
     353.535     0.943750         2362        17.78
     358.143     0.950000         2377        20.00
     361.727     0.956250         2393        22.86
     368.383     0.962500         2410        26.67
     379.903     0.968750         2425        32.00
     440.575     0.971875         2432        35.56
     442.367     0.975000         2440        40.00
     445.439     0.978125         2448        45.71
     449.023     0.981250         2456        53.33
     454.911     0.984375         2463        64.00
     458.495     0.985938         2467        71.11
     459.519     0.987500         2472        80.00
     461.567     0.989062         2475        91.43
     467.199     0.990625         2479       106.67
     473.855     0.992188         2483       128.00
     476.671     0.992969         2485       142.22
     544.767     0.993750         2487       160.00
     550.399     0.994531         2490       182.86
     550.911     0.995313         2491       213.33
     556.031     0.996094         2493       256.00
     557.567     0.996484         2495       284.44
     557.567     0.996875         2495       320.00
     558.591     0.997266         2496       365.71
     563.711     0.997656         2497       426.67
     566.783     0.998047         2498       512.00
     566.783     0.998242         2498       568.89
     573.951     0.998437         2499       640.00
     573.951     0.998633         2499       731.43
     574.975     0.998828         2500       853.33
     574.975     0.999023         2500      1024.00
     574.975     0.999121         2500      1137.78
     640.511     0.999219         2501      1280.00
     640.511     0.999316         2501      1462.86
     640.511     0.999414         2501      1706.67
     640.511     0.999512         2501      2048.00
     640.511     0.999561         2501      2275.56
     642.047     0.999609         2502      2560.00
     642.047     1.000000         2502          inf
#[Mean    =      162.774, StdDeviation   =       96.419]
#[Max     =      641.536, Total count    =         2502]
#[Buckets =           27, SubBuckets     =         2048]
-----------------------------------------------------------------------
  2989 requests in 1.00m, 0.89MB read
Requests/sec:     49.81  
Transfer/sec:     15.19KB
