Running 1m test @ http://10.110.188.59/?loopCount=25&base=6&exp=6
  5 threads and 5 connections

  Thread calibration: mean lat.: 58.116ms, rate sampling interval: 214ms
  Thread calibration: mean lat.: 56.145ms, rate sampling interval: 212ms
  Thread calibration: mean lat.: 64.831ms, rate sampling interval: 268ms
  Thread calibration: mean lat.: 56.598ms, rate sampling interval: 211ms
  Thread calibration: mean lat.: 56.378ms, rate sampling interval: 210ms

-----------------------------------------------------------------------
Test Results @ http://10.110.188.59/?loopCount=25&base=6&exp=6 
  Thread Stats   Avg      Stdev     99%   +/- Stdev
    Latency    43.48ms    9.75ms  94.27ms   90.00%
    Req/Sec     9.61      1.79    14.00     88.20%
  Latency Distribution (HdrHistogram - Recorded Latency)
 50.000%   41.76ms
 75.000%   42.78ms
 90.000%   47.13ms
 99.000%   94.27ms
 99.900%  123.90ms
 99.990%  189.05ms
 99.999%  189.05ms
100.000%  189.05ms

  Detailed Percentile spectrum:
       Value   Percentile   TotalCount 1/(1-Percentile)

      22.527     0.000000            1         1.00
      38.975     0.100000          250         1.11
      40.703     0.200000          502         1.25
      41.087     0.300000          760         1.43
      41.439     0.400000         1012         1.67
      41.759     0.500000         1261         2.00
      41.919     0.550000         1393         2.22
      42.079     0.600000         1510         2.50
      42.239     0.650000         1628         2.86
      42.463     0.700000         1758         3.33
      42.783     0.750000         1879         4.00
      43.039     0.775000         1942         4.44
      43.487     0.800000         2002         5.00
      44.735     0.825000         2063         5.71
      45.375     0.850000         2128         6.67
      45.919     0.875000         2189         8.00
      46.431     0.887500         2220         8.89
      47.135     0.900000         2250        10.00
      48.223     0.912500         2282        11.43
      50.591     0.925000         2313        13.33
      53.727     0.937500         2345        16.00
      54.367     0.943750         2360        17.78
      55.423     0.950000         2375        20.00
      58.751     0.956250         2391        22.86
      64.799     0.962500         2407        26.67
      66.495     0.968750         2422        32.00
      67.519     0.971875         2430        35.56
      69.375     0.975000         2439        40.00
      71.295     0.978125         2446        45.71
      78.527     0.981250         2454        53.33
      89.343     0.984375         2462        64.00
      90.111     0.985938         2465        71.11
      91.967     0.987500         2469        80.00
      93.951     0.989062         2473        91.43
      97.023     0.990625         2477       106.67
      97.151     0.992188         2481       128.00
      97.279     0.992969         2483       142.22
      97.919     0.993750         2485       160.00
      98.047     0.994531         2488       182.86
      98.495     0.995313         2489       213.33
     104.319     0.996094         2491       256.00
     104.639     0.996484         2492       284.44
     104.831     0.996875         2493       320.00
     105.023     0.997266         2494       365.71
     105.663     0.997656         2495       426.67
     113.727     0.998047         2496       512.00
     113.727     0.998242         2496       568.89
     119.423     0.998437         2497       640.00
     119.423     0.998633         2497       731.43
     123.903     0.998828         2498       853.33
     123.903     0.999023         2498      1024.00
     123.903     0.999121         2498      1137.78
     129.087     0.999219         2499      1280.00
     129.087     0.999316         2499      1462.86
     129.087     0.999414         2499      1706.67
     129.087     0.999512         2499      2048.00
     129.087     0.999561         2499      2275.56
     189.055     0.999609         2500      2560.00
     189.055     1.000000         2500          inf
#[Mean    =       43.482, StdDeviation   =        9.748]
#[Max     =      188.928, Total count    =         2500]
#[Buckets =           27, SubBuckets     =         2048]
-----------------------------------------------------------------------
  2995 requests in 1.00m, 0.89MB read
Requests/sec:     49.91  
Transfer/sec:     15.21KB
