Running 1m test @ http://10.100.134.99/?loopCount=25&base=6&exp=6
  5 threads and 5 connections

  Thread calibration: mean lat.: 654.164ms, rate sampling interval: 2043ms
  Thread calibration: mean lat.: 692.481ms, rate sampling interval: 1763ms
  Thread calibration: mean lat.: 522.049ms, rate sampling interval: 1484ms
  Thread calibration: mean lat.: 376.461ms, rate sampling interval: 1231ms
  Thread calibration: mean lat.: 218.127ms, rate sampling interval: 664ms

-----------------------------------------------------------------------
Test Results @ http://10.100.134.99/?loopCount=25&base=6&exp=6 
  Thread Stats   Avg      Stdev     99%   +/- Stdev
    Latency   281.33ms  241.00ms 819.71ms   74.65%
    Req/Sec    14.73      1.47    18.00     91.00%
  Latency Distribution (HdrHistogram - Recorded Latency)
 50.000%  188.80ms
 75.000%  466.94ms
 90.000%  676.35ms
 99.000%  819.71ms
 99.900%  916.99ms
 99.990%  982.53ms
 99.999%  982.53ms
100.000%  982.53ms

  Detailed Percentile spectrum:
       Value   Percentile   TotalCount 1/(1-Percentile)

      22.015     0.000000            1         1.00
      43.359     0.100000          379         1.11
      64.735     0.200000          757         1.25
      88.191     0.300000         1135         1.43
     130.175     0.400000         1514         1.67
     188.799     0.500000         1892         2.00
     222.207     0.550000         2081         2.22
     262.655     0.600000         2271         2.50
     313.599     0.650000         2459         2.86
     378.879     0.700000         2649         3.33
     467.199     0.750000         2838         4.00
     517.119     0.775000         2932         4.44
     563.199     0.800000         3027         5.00
     596.479     0.825000         3121         5.71
     625.151     0.850000         3218         6.67
     648.703     0.875000         3314         8.00
     663.551     0.887500         3358         8.89
     676.351     0.900000         3406        10.00
     689.151     0.912500         3453        11.43
     702.975     0.925000         3501        13.33
     716.287     0.937500         3547        16.00
     724.991     0.943750         3572        17.78
     736.255     0.950000         3595        20.00
     746.495     0.956250         3619        22.86
     758.783     0.962500         3642        26.67
     771.583     0.968750         3666        32.00
     777.215     0.971875         3677        35.56
     782.847     0.975000         3689        40.00
     790.015     0.978125         3701        45.71
     795.647     0.981250         3715        53.33
     800.767     0.984375         3724        64.00
     805.375     0.985938         3730        71.11
     812.031     0.987500         3736        80.00
     817.151     0.989062         3742        91.43
     821.247     0.990625         3748       106.67
     834.559     0.992188         3754       128.00
     846.847     0.992969         3757       142.22
     850.943     0.993750         3760       160.00
     863.743     0.994531         3763       182.86
     867.839     0.995313         3766       213.33
     885.759     0.996094         3769       256.00
     887.295     0.996484         3770       284.44
     889.855     0.996875         3772       320.00
     890.367     0.997266         3774       365.71
     892.415     0.997656         3775       426.67
     895.999     0.998047         3776       512.00
     903.167     0.998242         3777       568.89
     914.943     0.998437         3778       640.00
     914.943     0.998633         3778       731.43
     916.991     0.998828         3779       853.33
     919.551     0.999023         3780      1024.00
     919.551     0.999121         3780      1137.78
     924.159     0.999219         3781      1280.00
     924.159     0.999316         3781      1462.86
     924.159     0.999414         3781      1706.67
     956.927     0.999512         3782      2048.00
     956.927     0.999561         3782      2275.56
     956.927     0.999609         3782      2560.00
     956.927     0.999658         3782      2925.71
     956.927     0.999707         3782      3413.33
     982.527     0.999756         3783      4096.00
     982.527     1.000000         3783          inf
#[Mean    =      281.327, StdDeviation   =      241.004]
#[Max     =      982.016, Total count    =         3783]
#[Buckets =           27, SubBuckets     =         2048]
-----------------------------------------------------------------------
  4487 requests in 1.00m, 1.34MB read
Requests/sec:     74.78  
Transfer/sec:     22.79KB
