Running 1m test @ http://10.96.169.80/?loopCount=25&base=6&exp=6
  5 threads and 5 connections

  Thread calibration: mean lat.: 299.959ms, rate sampling interval: 928ms
  Thread calibration: mean lat.: 122.001ms, rate sampling interval: 380ms
  Thread calibration: mean lat.: 163.668ms, rate sampling interval: 569ms
  Thread calibration: mean lat.: 168.970ms, rate sampling interval: 595ms
  Thread calibration: mean lat.: 386.990ms, rate sampling interval: 1259ms

-----------------------------------------------------------------------
Test Results @ http://10.96.169.80/?loopCount=25&base=6&exp=6 
  Thread Stats   Avg      Stdev     99%   +/- Stdev
    Latency    70.15ms   40.68ms 228.35ms   86.75%
    Req/Sec    14.63      1.49    18.00     91.37%
  Latency Distribution (HdrHistogram - Recorded Latency)
 50.000%   57.66ms
 75.000%   84.22ms
 90.000%  118.01ms
 99.000%  228.35ms
 99.900%  323.07ms
 99.990%  402.17ms
 99.999%  402.17ms
100.000%  402.17ms

  Detailed Percentile spectrum:
       Value   Percentile   TotalCount 1/(1-Percentile)

      21.599     0.000000            1         1.00
      40.351     0.100000          379         1.11
      41.151     0.200000          764         1.25
      42.207     0.300000         1126         1.43
      48.703     0.400000         1501         1.67
      57.663     0.500000         1876         2.00
      61.599     0.550000         2068         2.22
      66.943     0.600000         2251         2.50
      71.487     0.650000         2440         2.86
      77.055     0.700000         2627         3.33
      84.223     0.750000         2814         4.00
      89.151     0.775000         2908         4.44
      92.479     0.800000         3002         5.00
      97.919     0.825000         3095         5.71
     102.143     0.850000         3190         6.67
     108.543     0.875000         3283         8.00
     112.959     0.887500         3330         8.89
     118.015     0.900000         3376        10.00
     124.415     0.912500         3423        11.43
     130.175     0.925000         3471        13.33
     137.343     0.937500         3518        16.00
     142.591     0.943750         3541        17.78
     151.935     0.950000         3564        20.00
     157.951     0.956250         3587        22.86
     165.119     0.962500         3612        26.67
     171.007     0.968750         3635        32.00
     177.791     0.971875         3646        35.56
     189.311     0.975000         3658        40.00
     193.279     0.978125         3669        45.71
     201.471     0.981250         3681        53.33
     209.151     0.984375         3693        64.00
     215.167     0.985938         3699        71.11
     223.487     0.987500         3705        80.00
     225.279     0.989062         3710        91.43
     232.959     0.990625         3716       106.67
     237.567     0.992188         3722       128.00
     240.639     0.992969         3725       142.22
     246.015     0.993750         3728       160.00
     248.319     0.994531         3731       182.86
     256.767     0.995313         3734       213.33
     267.775     0.996094         3737       256.00
     269.567     0.996484         3738       284.44
     270.335     0.996875         3740       320.00
     274.687     0.997266         3741       365.71
     280.575     0.997656         3743       426.67
     283.135     0.998047         3744       512.00
     288.511     0.998242         3745       568.89
     297.727     0.998437         3746       640.00
     297.727     0.998633         3746       731.43
     323.071     0.998828         3747       853.33
     350.207     0.999023         3748      1024.00
     350.207     0.999121         3748      1137.78
     374.527     0.999219         3749      1280.00
     374.527     0.999316         3749      1462.86
     374.527     0.999414         3749      1706.67
     401.407     0.999512         3750      2048.00
     401.407     0.999561         3750      2275.56
     401.407     0.999609         3750      2560.00
     401.407     0.999658         3750      2925.71
     401.407     0.999707         3750      3413.33
     402.175     0.999756         3751      4096.00
     402.175     1.000000         3751          inf
#[Mean    =       70.154, StdDeviation   =       40.676]
#[Max     =      401.920, Total count    =         3751]
#[Buckets =           27, SubBuckets     =         2048]
-----------------------------------------------------------------------
  4487 requests in 1.00m, 1.34MB read
Requests/sec:     74.77  
Transfer/sec:     22.79KB
