Running 1m test @ http://10.96.164.126/?loopCount=25&base=6&exp=6
  5 threads and 5 connections

  Thread calibration: mean lat.: 438.401ms, rate sampling interval: 1268ms
  Thread calibration: mean lat.: 341.276ms, rate sampling interval: 1056ms
  Thread calibration: mean lat.: 459.306ms, rate sampling interval: 1335ms
  Thread calibration: mean lat.: 422.813ms, rate sampling interval: 1183ms
  Thread calibration: mean lat.: 236.309ms, rate sampling interval: 957ms

-----------------------------------------------------------------------
Test Results @ http://10.96.164.126/?loopCount=25&base=6&exp=6 
  Thread Stats   Avg      Stdev     99%   +/- Stdev
    Latency   177.21ms  175.78ms 913.92ms   87.55%
    Req/Sec    14.60      1.40    19.00     92.63%
  Latency Distribution (HdrHistogram - Recorded Latency)
 50.000%  116.10ms
 75.000%  218.75ms
 90.000%  385.28ms
 99.000%  913.92ms
 99.900%    1.03s 
 99.990%    1.04s 
 99.999%    1.04s 
100.000%    1.04s 

  Detailed Percentile spectrum:
       Value   Percentile   TotalCount 1/(1-Percentile)

      21.999     0.000000            1         1.00
      41.151     0.100000          379         1.11
      51.807     0.200000          756         1.25
      69.503     0.300000         1137         1.43
      87.295     0.400000         1511         1.67
     116.095     0.500000         1888         2.00
     131.199     0.550000         2077         2.22
     148.863     0.600000         2267         2.50
     167.423     0.650000         2455         2.86
     190.207     0.700000         2645         3.33
     218.751     0.750000         2832         4.00
     240.895     0.775000         2927         4.44
     268.799     0.800000         3021         5.00
     301.823     0.825000         3116         5.71
     327.679     0.850000         3210         6.67
     352.767     0.875000         3306         8.00
     367.359     0.887500         3353         8.89
     385.791     0.900000         3400        10.00
     407.039     0.912500         3446        11.43
     433.151     0.925000         3493        13.33
     482.303     0.937500         3540        16.00
     518.911     0.943750         3565        17.78
     548.351     0.950000         3588        20.00
     577.535     0.956250         3611        22.86
     601.087     0.962500         3635        26.67
     642.559     0.968750         3658        32.00
     666.111     0.971875         3670        35.56
     733.695     0.975000         3682        40.00
     770.047     0.978125         3694        45.71
     819.199     0.981250         3706        53.33
     851.967     0.984375         3717        64.00
     867.327     0.985938         3723        71.11
     882.687     0.987500         3731        80.00
     898.559     0.989062         3735        91.43
     924.671     0.990625         3741       106.67
     967.167     0.992188         3747       128.00
     982.527     0.992969         3750       142.22
     986.623     0.993750         3753       160.00
     990.719     0.994531         3756       182.86
     999.935     0.995313         3759       213.33
    1002.495     0.996094         3762       256.00
    1008.127     0.996484         3763       284.44
    1011.711     0.996875         3765       320.00
    1012.735     0.997266         3766       365.71
    1016.319     0.997656         3769       426.67
    1016.319     0.998047         3769       512.00
    1017.855     0.998242         3770       568.89
    1021.439     0.998437         3771       640.00
    1021.439     0.998633         3771       731.43
    1025.535     0.998828         3772       853.33
    1026.559     0.999023         3773      1024.00
    1026.559     0.999121         3773      1137.78
    1029.119     0.999219         3774      1280.00
    1029.119     0.999316         3774      1462.86
    1029.119     0.999414         3774      1706.67
    1035.775     0.999512         3775      2048.00
    1035.775     0.999561         3775      2275.56
    1035.775     0.999609         3775      2560.00
    1035.775     0.999658         3775      2925.71
    1035.775     0.999707         3775      3413.33
    1041.407     0.999756         3776      4096.00
    1041.407     1.000000         3776          inf
#[Mean    =      177.208, StdDeviation   =      175.777]
#[Max     =     1040.896, Total count    =         3776]
#[Buckets =           27, SubBuckets     =         2048]
-----------------------------------------------------------------------
  4495 requests in 1.00m, 1.34MB read
Requests/sec:     74.91  
Transfer/sec:     22.83KB
