Running 1m test @ http://10.111.175.232/?loopCount=25&base=6&exp=6
  5 threads and 5 connections

  Thread calibration: mean lat.: 47.132ms, rate sampling interval: 126ms
  Thread calibration: mean lat.: 48.273ms, rate sampling interval: 163ms
  Thread calibration: mean lat.: 49.652ms, rate sampling interval: 162ms
  Thread calibration: mean lat.: 46.854ms, rate sampling interval: 139ms
  Thread calibration: mean lat.: 52.841ms, rate sampling interval: 169ms

-----------------------------------------------------------------------
Test Results @ http://10.111.175.232/?loopCount=25&base=6&exp=6 
  Thread Stats   Avg      Stdev     99%   +/- Stdev
    Latency    46.76ms   17.75ms 107.39ms   82.36%
    Req/Sec     9.59      3.38    16.00     77.94%
  Latency Distribution (HdrHistogram - Recorded Latency)
 50.000%   41.57ms
 75.000%   42.46ms
 90.000%   81.66ms
 99.000%  107.39ms
 99.900%  135.17ms
 99.990%  143.10ms
 99.999%  143.10ms
100.000%  143.10ms

  Detailed Percentile spectrum:
       Value   Percentile   TotalCount 1/(1-Percentile)

      21.679     0.000000            1         1.00
      37.791     0.100000          250         1.11
      39.999     0.200000          502         1.25
      40.927     0.300000          758         1.43
      41.279     0.400000         1001         1.67
      41.567     0.500000         1260         2.00
      41.727     0.550000         1385         2.22
      41.887     0.600000         1525         2.50
      42.047     0.650000         1638         2.86
      42.239     0.700000         1763         3.33
      42.463     0.750000         1878         4.00
      42.623     0.775000         1942         4.44
      42.943     0.800000         2002         5.00
      44.191     0.825000         2063         5.71
      50.431     0.850000         2125         6.67
      67.519     0.875000         2188         8.00
      80.959     0.887500         2221         8.89
      81.663     0.900000         2251        10.00
      82.495     0.912500         2282        11.43
      85.119     0.925000         2314        13.33
      85.951     0.937500         2344        16.00
      87.231     0.943750         2360        17.78
      88.895     0.950000         2375        20.00
      90.367     0.956250         2391        22.86
      92.479     0.962500         2408        26.67
      95.039     0.968750         2422        32.00
      96.575     0.971875         2430        35.56
      99.007     0.975000         2438        40.00
     100.031     0.978125         2446        45.71
     101.567     0.981250         2455        53.33
     102.975     0.984375         2461        64.00
     103.615     0.985938         2465        71.11
     105.343     0.987500         2469        80.00
     107.263     0.989062         2474        91.43
     107.647     0.990625         2477       106.67
     109.375     0.992188         2481       128.00
     111.935     0.992969         2483       142.22
     116.543     0.993750         2485       160.00
     118.911     0.994531         2487       182.86
     120.063     0.995313         2489       213.33
     124.799     0.996094         2491       256.00
     125.247     0.996484         2492       284.44
     125.759     0.996875         2493       320.00
     126.143     0.997266         2494       365.71
     126.207     0.997656         2495       426.67
     126.591     0.998047         2496       512.00
     126.591     0.998242         2496       568.89
     129.791     0.998437         2497       640.00
     129.791     0.998633         2497       731.43
     135.167     0.998828         2498       853.33
     135.167     0.999023         2498      1024.00
     135.167     0.999121         2498      1137.78
     142.463     0.999219         2499      1280.00
     142.463     0.999316         2499      1462.86
     142.463     0.999414         2499      1706.67
     142.463     0.999512         2499      2048.00
     142.463     0.999561         2499      2275.56
     143.103     0.999609         2500      2560.00
     143.103     1.000000         2500          inf
#[Mean    =       46.763, StdDeviation   =       17.751]
#[Max     =      142.976, Total count    =         2500]
#[Buckets =           27, SubBuckets     =         2048]
-----------------------------------------------------------------------
  2995 requests in 1.00m, 0.89MB read
Requests/sec:     49.91  
Transfer/sec:     15.21KB
