Running 1m test @ http://10.102.255.30/?loopCount=25&base=6&exp=6
  1 threads and 1 connections

  Thread calibration: mean lat.: 1639.480ms, rate sampling interval: 4894ms

-----------------------------------------------------------------------
Test Results @ http://10.102.255.30/?loopCount=25&base=6&exp=6 
  Thread Stats   Avg      Stdev     99%   +/- Stdev
    Latency     9.24s     2.99s   13.55s    63.17%
    Req/Sec    19.40      1.74    22.00    100.00%
  Latency Distribution (HdrHistogram - Recorded Latency)
 50.000%    9.90s 
 75.000%   11.67s 
 90.000%   12.48s 
 99.000%   13.55s 
 99.900%   13.59s 
 99.990%   13.59s 
 99.999%   13.59s 
100.000%   13.59s 

  Detailed Percentile spectrum:
       Value   Percentile   TotalCount 1/(1-Percentile)

    2920.447     0.000000            4         1.00
    4243.455     0.100000          101         1.11
    6164.479     0.200000          197         1.25
    7995.391     0.300000          295         1.43
    9142.271     0.400000          394         1.67
    9895.935     0.500000          492         2.00
   10199.039     0.550000          542         2.22
   10412.031     0.600000          592         2.50
   11001.855     0.650000          640         2.86
   11436.031     0.700000          694         3.33
   11673.599     0.750000          745         4.00
   11788.287     0.775000          762         4.44
   12058.623     0.800000          787         5.00
   12148.735     0.825000          813         5.71
   12271.615     0.850000          836         6.67
   12312.575     0.875000          866         8.00
   12337.151     0.887500          873         8.89
   12476.415     0.900000          887        10.00
   12681.215     0.912500          897        11.43
   13164.543     0.925000          910        13.33
   13254.655     0.937500          923        16.00
   13361.151     0.943750          937        17.78
   13361.151     0.950000          937        20.00
   13377.535     0.956250          943        22.86
   13402.111     0.962500          947        26.67
   13434.879     0.968750          956        32.00
   13434.879     0.971875          956        35.56
   13467.647     0.975000          959        40.00
   13524.991     0.978125          965        45.71
   13524.991     0.981250          965        53.33
   13533.183     0.984375          972        64.00
   13533.183     0.985938          972        71.11
   13533.183     0.987500          972        80.00
   13549.567     0.989062          973        91.43
   13582.335     0.990625          975       106.67
   13590.527     0.992188          983       128.00
   13590.527     1.000000          983          inf
#[Mean    =     9240.113, StdDeviation   =     2986.224]
#[Max     =    13582.336, Total count    =          983]
#[Buckets =           27, SubBuckets     =         2048]
-----------------------------------------------------------------------
  1160 requests in 1.00m, 353.45KB read
Requests/sec:     19.33  
Transfer/sec:      5.89KB
