Running 1m test @ http://10.104.225.39/?loopCount=25&base=6&exp=6
  5 threads and 5 connections

  Thread calibration: mean lat.: 343.417ms, rate sampling interval: 982ms
  Thread calibration: mean lat.: 439.536ms, rate sampling interval: 1304ms
  Thread calibration: mean lat.: 184.171ms, rate sampling interval: 597ms
  Thread calibration: mean lat.: 163.669ms, rate sampling interval: 582ms
  Thread calibration: mean lat.: 101.223ms, rate sampling interval: 350ms

-----------------------------------------------------------------------
Test Results @ http://10.104.225.39/?loopCount=25&base=6&exp=6 
  Thread Stats   Avg      Stdev     99%   +/- Stdev
    Latency   162.51ms  178.81ms 862.21ms   86.08%
    Req/Sec    14.74      2.05    20.00     87.19%
  Latency Distribution (HdrHistogram - Recorded Latency)
 50.000%   88.64ms
 75.000%  190.46ms
 90.000%  398.08ms
 99.000%  862.21ms
 99.900%  925.70ms
 99.990%  977.92ms
 99.999%  977.92ms
100.000%  977.92ms

  Detailed Percentile spectrum:
       Value   Percentile   TotalCount 1/(1-Percentile)

      21.519     0.000000            1         1.00
      40.895     0.100000          380         1.11
      43.199     0.200000          755         1.25
      56.799     0.300000         1133         1.43
      71.295     0.400000         1509         1.67
      88.639     0.500000         1886         2.00
      98.687     0.550000         2076         2.22
     112.639     0.600000         2264         2.50
     131.583     0.650000         2453         2.86
     156.031     0.700000         2642         3.33
     190.847     0.750000         2831         4.00
     214.783     0.775000         2923         4.44
     248.447     0.800000         3017         5.00
     287.231     0.825000         3113         5.71
     322.559     0.850000         3206         6.67
     362.239     0.875000         3300         8.00
     380.415     0.887500         3347         8.89
     398.079     0.900000         3395        10.00
     421.375     0.912500         3442        11.43
     442.623     0.925000         3489        13.33
     472.319     0.937500         3536        16.00
     493.567     0.943750         3559        17.78
     535.551     0.950000         3583        20.00
     592.383     0.956250         3607        22.86
     654.847     0.962500         3630        26.67
     748.543     0.968750         3654        32.00
     769.023     0.971875         3666        35.56
     789.503     0.975000         3678        40.00
     805.887     0.978125         3689        45.71
     817.663     0.981250         3702        53.33
     838.143     0.984375         3713        64.00
     841.727     0.985938         3718        71.11
     848.383     0.987500         3724        80.00
     855.039     0.989062         3730        91.43
     868.351     0.990625         3736       106.67
     875.519     0.992188         3743       128.00
     876.543     0.992969         3745       142.22
     879.615     0.993750         3748       160.00
     881.663     0.994531         3751       182.86
     891.391     0.995313         3754       213.33
     894.975     0.996094         3757       256.00
     895.999     0.996484         3759       284.44
     899.071     0.996875         3760       320.00
     906.751     0.997266         3761       365.71
     915.967     0.997656         3763       426.67
     919.039     0.998047         3764       512.00
     920.063     0.998242         3765       568.89
     921.599     0.998437         3766       640.00
     921.599     0.998633         3766       731.43
     925.695     0.998828         3767       853.33
     933.887     0.999023         3768      1024.00
     933.887     0.999121         3768      1137.78
     945.151     0.999219         3769      1280.00
     945.151     0.999316         3769      1462.86
     945.151     0.999414         3769      1706.67
     951.807     0.999512         3770      2048.00
     951.807     0.999561         3770      2275.56
     951.807     0.999609         3770      2560.00
     951.807     0.999658         3770      2925.71
     951.807     0.999707         3770      3413.33
     977.919     0.999756         3771      4096.00
     977.919     1.000000         3771          inf
#[Mean    =      162.510, StdDeviation   =      178.806]
#[Max     =      977.408, Total count    =         3771]
#[Buckets =           27, SubBuckets     =         2048]
-----------------------------------------------------------------------
  4495 requests in 1.00m, 1.34MB read
Requests/sec:     74.91  
Transfer/sec:     22.83KB
