Running 1m test @ http://10.110.188.59/?loopCount=25&base=6&exp=6
  1 threads and 1 connections

  Thread calibration: mean lat.: 3116.646ms, rate sampling interval: 8798ms

-----------------------------------------------------------------------
Test Results @ http://10.110.188.59/?loopCount=25&base=6&exp=6 
  Thread Stats   Avg      Stdev     99%   +/- Stdev
    Latency    12.97s     3.70s   18.38s    65.49%
    Req/Sec    17.40      1.96    20.00     80.00%
  Latency Distribution (HdrHistogram - Recorded Latency)
 50.000%   13.62s 
 75.000%   16.04s 
 90.000%   17.14s 
 99.000%   18.38s 
 99.900%   18.53s 
 99.990%   18.53s 
 99.999%   18.53s 
100.000%   18.53s 

  Detailed Percentile spectrum:
       Value   Percentile   TotalCount 1/(1-Percentile)

    4829.183     0.000000            1         1.00
    7118.847     0.100000           91         1.11
    9461.759     0.200000          182         1.25
   10960.895     0.300000          274         1.43
   12451.839     0.400000          364         1.67
   13623.295     0.500000          455         2.00
   14286.847     0.550000          499         2.22
   14999.551     0.600000          554         2.50
   15540.223     0.650000          592         2.86
   15761.407     0.700000          636         3.33
   16039.935     0.750000          682         4.00
   16138.239     0.775000          704         4.44
   16367.615     0.800000          726         5.00
   16531.455     0.825000          749         5.71
   16826.367     0.850000          773         6.67
   17088.511     0.875000          801         8.00
   17104.895     0.887500          809         8.89
   17137.663     0.900000          822        10.00
   17219.583     0.912500          830        11.43
   17252.351     0.925000          846        13.33
   17432.575     0.937500          851        16.00
   17661.951     0.943750          856        17.78
   17711.103     0.950000          862        20.00
   17874.943     0.956250          869        22.86
   18071.551     0.962500          873        26.67
   18120.703     0.968750          879        32.00
   18153.471     0.971875          883        35.56
   18219.007     0.975000          885        40.00
   18300.927     0.978125          888        45.71
   18333.695     0.981250          894        53.33
   18333.695     0.984375          894        64.00
   18366.463     0.985938          896        71.11
   18366.463     0.987500          896        80.00
   18382.847     0.989062          898        91.43
   18415.615     0.990625          900       106.67
   18415.615     0.992188          900       128.00
   18464.767     0.992969          901       142.22
   18481.151     0.993750          903       160.00
   18481.151     0.994531          903       182.86
   18481.151     0.995313          903       213.33
   18513.919     0.996094          905       256.00
   18513.919     0.996484          905       284.44
   18513.919     0.996875          905       320.00
   18513.919     0.997266          905       365.71
   18513.919     0.997656          905       426.67
   18530.303     0.998047          907       512.00
   18530.303     1.000000          907          inf
#[Mean    =    12971.887, StdDeviation   =     3701.159]
#[Max     =    18513.920, Total count    =          907]
#[Buckets =           27, SubBuckets     =         2048]
-----------------------------------------------------------------------
  1037 requests in 1.00m, 316.03KB read
Requests/sec:     17.28  
Transfer/sec:      5.27KB
