Running 1m test @ http://10.100.185.202/?loopCount=25&base=6&exp=6
  1 threads and 1 connections

  Thread calibration: mean lat.: 503.001ms, rate sampling interval: 2035ms

-----------------------------------------------------------------------
Test Results @ http://10.100.185.202/?loopCount=25&base=6&exp=6 
  Thread Stats   Avg      Stdev     99%   +/- Stdev
    Latency     3.82s     1.69s    6.96s    55.88%
    Req/Sec    21.71      1.40    24.00     91.67%
  Latency Distribution (HdrHistogram - Recorded Latency)
 50.000%    3.91s 
 75.000%    5.23s 
 90.000%    6.14s 
 99.000%    6.96s 
 99.900%    6.98s 
 99.990%    6.99s 
 99.999%    6.99s 
100.000%    6.99s 

  Detailed Percentile spectrum:
       Value   Percentile   TotalCount 1/(1-Percentile)

    1276.927     0.000000            1         1.00
    1623.039     0.100000          113         1.11
    2028.543     0.200000          222         1.25
    2482.175     0.300000          332         1.43
    3106.815     0.400000          443         1.67
    3909.631     0.500000          555         2.00
    4079.615     0.550000          609         2.22
    4198.399     0.600000          665         2.50
    4628.479     0.650000          719         2.86
    5017.599     0.700000          775         3.33
    5226.495     0.750000          839         4.00
    5292.031     0.775000          861         4.44
    5636.095     0.800000          885         5.00
    5849.087     0.825000          914         5.71
    5890.047     0.850000          943         6.67
    5943.295     0.875000          972         8.00
    6008.831     0.887500          985         8.89
    6139.903     0.900000          996        10.00
    6242.303     0.912500         1014        11.43
    6258.687     0.925000         1025        13.33
    6569.983     0.937500         1038        16.00
    6639.615     0.943750         1048        17.78
    6643.711     0.950000         1053        20.00
    6676.479     0.956250         1060        22.86
    6713.343     0.962500         1066        26.67
    6737.919     0.968750         1079        32.00
    6737.919     0.971875         1079        35.56
    6737.919     0.975000         1079        40.00
    6836.223     0.978125         1082        45.71
    6934.527     0.981250         1088        53.33
    6950.911     0.984375         1089        64.00
    6955.007     0.985938         1094        71.11
    6955.007     0.987500         1094        80.00
    6955.007     0.989062         1094        91.43
    6971.391     0.990625         1096       106.67
    6975.487     0.992188         1098       128.00
    6979.583     0.992969         1099       142.22
    6983.679     0.993750         1105       160.00
    6983.679     0.994531         1105       182.86
    6983.679     0.995313         1105       213.33
    6983.679     0.996094         1105       256.00
    6983.679     0.996484         1105       284.44
    6983.679     0.996875         1105       320.00
    6983.679     0.997266         1105       365.71
    6983.679     0.997656         1105       426.67
    6983.679     0.998047         1105       512.00
    6983.679     0.998242         1105       568.89
    6983.679     0.998437         1105       640.00
    6983.679     0.998633         1105       731.43
    6983.679     0.998828         1105       853.33
    6983.679     0.999023         1105      1024.00
    6987.775     0.999121         1106      1137.78
    6987.775     1.000000         1106          inf
#[Mean    =     3818.409, StdDeviation   =     1685.623]
#[Max     =     6983.680, Total count    =         1106]
#[Buckets =           27, SubBuckets     =         2048]
-----------------------------------------------------------------------
  1324 requests in 1.00m, 403.42KB read
Requests/sec:     22.06  
Transfer/sec:      6.72KB
