Running 1m test @ http://10.109.115.86/?loopCount=25&base=6&exp=6
  1 threads and 1 connections

  Thread calibration: mean lat.: 3321.643ms, rate sampling interval: 11558ms

-----------------------------------------------------------------------
Test Results @ http://10.109.115.86/?loopCount=25&base=6&exp=6 
  Thread Stats   Avg      Stdev     99%   +/- Stdev
    Latency    21.91s     8.59s   35.78s    58.50%
    Req/Sec     9.50      0.50    10.00    100.00%
  Latency Distribution (HdrHistogram - Recorded Latency)
 50.000%   22.87s 
 75.000%   29.28s 
 90.000%   32.92s 
 99.000%   35.78s 
 99.900%   35.91s 
 99.990%   35.98s 
 99.999%   35.98s 
100.000%   35.98s 

  Detailed Percentile spectrum:
       Value   Percentile   TotalCount 1/(1-Percentile)

    6328.319     0.000000            1         1.00
    9560.063     0.100000           51         1.11
   13025.279     0.200000          102         1.25
   16031.743     0.300000          152         1.43
   19087.359     0.400000          203         1.67
   22872.063     0.500000          254         2.00
   24051.711     0.550000          279         2.22
   26034.175     0.600000          305         2.50
   27049.983     0.650000          330         2.86
   27918.335     0.700000          355         3.33
   29278.207     0.750000          380         4.00
   29966.335     0.775000          394         4.44
   30523.391     0.800000          405         5.00
   31293.439     0.825000          418         5.71
   31981.567     0.850000          431         6.67
   32489.471     0.875000          444         8.00
   32702.463     0.887500          450         8.89
   32980.991     0.900000          456        10.00
   33308.671     0.912500          463        11.43
   33751.039     0.925000          469        13.33
   34144.255     0.937500          475        16.00
   34373.631     0.943750          478        17.78
   34471.935     0.950000          481        20.00
   34734.079     0.956250          484        22.86
   35192.831     0.962500          488        26.67
   35356.671     0.968750          491        32.00
   35389.439     0.971875          493        35.56
   35454.975     0.975000          494        40.00
   35520.511     0.978125          495        45.71
   35651.583     0.981250          497        53.33
   35749.887     0.984375          500        64.00
   35749.887     0.985938          500        71.11
   35749.887     0.987500          500        80.00
   35782.655     0.989062          501        91.43
   35815.423     0.990625          502       106.67
   35880.959     0.992188          504       128.00
   35880.959     0.992969          504       142.22
   35880.959     0.993750          504       160.00
   35880.959     0.994531          504       182.86
   35880.959     0.995313          504       213.33
   35913.727     0.996094          505       256.00
   35913.727     0.996484          505       284.44
   35913.727     0.996875          505       320.00
   35913.727     0.997266          505       365.71
   35913.727     0.997656          505       426.67
   35979.263     0.998047          506       512.00
   35979.263     1.000000          506          inf
#[Mean    =    21907.371, StdDeviation   =     8593.905]
#[Max     =    35946.496, Total count    =          506]
#[Buckets =           27, SubBuckets     =         2048]
-----------------------------------------------------------------------
  597 requests in 1.00m, 182.17KB read
Requests/sec:      9.95  
Transfer/sec:      3.04KB
