Running 1m test @ http://10.96.169.80/?loopCount=25&base=6&exp=6
  5 threads and 5 connections

  Thread calibration: mean lat.: 61.844ms, rate sampling interval: 212ms
  Thread calibration: mean lat.: 48.618ms, rate sampling interval: 161ms
  Thread calibration: mean lat.: 61.636ms, rate sampling interval: 197ms
  Thread calibration: mean lat.: 66.762ms, rate sampling interval: 226ms
  Thread calibration: mean lat.: 56.668ms, rate sampling interval: 187ms

-----------------------------------------------------------------------
Test Results @ http://10.96.169.80/?loopCount=25&base=6&exp=6 
  Thread Stats   Avg      Stdev     99%   +/- Stdev
    Latency    46.23ms   16.17ms 101.82ms   81.72%
    Req/Sec     9.58      2.44    15.00     79.47%
  Latency Distribution (HdrHistogram - Recorded Latency)
 50.000%   41.73ms
 75.000%   42.72ms
 90.000%   72.77ms
 99.000%  101.82ms
 99.900%  185.60ms
 99.990%  203.13ms
 99.999%  203.13ms
100.000%  203.13ms

  Detailed Percentile spectrum:
       Value   Percentile   TotalCount 1/(1-Percentile)

      21.503     0.000000            1         1.00
      38.303     0.100000          251         1.11
      40.735     0.200000          516         1.25
      41.183     0.300000          760         1.43
      41.471     0.400000         1024         1.67
      41.727     0.500000         1261         2.00
      41.887     0.550000         1376         2.22
      42.047     0.600000         1502         2.50
      42.239     0.650000         1636         2.86
      42.463     0.700000         1769         3.33
      42.719     0.750000         1884         4.00
      42.911     0.775000         1938         4.44
      43.199     0.800000         2003         5.00
      43.903     0.825000         2064         5.71
      47.807     0.850000         2125         6.67
      69.311     0.875000         2188         8.00
      70.655     0.887500         2219         8.89
      72.767     0.900000         2250        10.00
      73.791     0.912500         2285        11.43
      74.879     0.925000         2315        13.33
      78.271     0.937500         2344        16.00
      80.639     0.943750         2360        17.78
      82.879     0.950000         2375        20.00
      84.223     0.956250         2391        22.86
      86.655     0.962500         2407        26.67
      89.279     0.968750         2423        32.00
      90.047     0.971875         2430        35.56
      92.863     0.975000         2438        40.00
      93.631     0.978125         2447        45.71
      94.783     0.981250         2454        53.33
      97.215     0.984375         2461        64.00
      97.919     0.985938         2465        71.11
      99.583     0.987500         2469        80.00
     101.695     0.989062         2473        91.43
     102.079     0.990625         2477       106.67
     106.111     0.992188         2481       128.00
     108.479     0.992969         2483       142.22
     109.183     0.993750         2485       160.00
     109.823     0.994531         2487       182.86
     110.399     0.995313         2489       213.33
     113.791     0.996094         2491       256.00
     114.751     0.996484         2492       284.44
     121.151     0.996875         2493       320.00
     123.519     0.997266         2494       365.71
     136.831     0.997656         2495       426.67
     150.271     0.998047         2496       512.00
     150.271     0.998242         2496       568.89
     183.423     0.998437         2497       640.00
     183.423     0.998633         2497       731.43
     185.599     0.998828         2498       853.33
     185.599     0.999023         2498      1024.00
     185.599     0.999121         2498      1137.78
     194.559     0.999219         2499      1280.00
     194.559     0.999316         2499      1462.86
     194.559     0.999414         2499      1706.67
     194.559     0.999512         2499      2048.00
     194.559     0.999561         2499      2275.56
     203.135     0.999609         2500      2560.00
     203.135     1.000000         2500          inf
#[Mean    =       46.226, StdDeviation   =       16.173]
#[Max     =      203.008, Total count    =         2500]
#[Buckets =           27, SubBuckets     =         2048]
-----------------------------------------------------------------------
  2995 requests in 1.00m, 0.89MB read
Requests/sec:     49.91  
Transfer/sec:     15.21KB
