Running 1m test @ http://10.104.225.39/?loopCount=25&base=6&exp=6
  5 threads and 5 connections

  Thread calibration: mean lat.: 46.896ms, rate sampling interval: 129ms
  Thread calibration: mean lat.: 43.940ms, rate sampling interval: 89ms
  Thread calibration: mean lat.: 45.531ms, rate sampling interval: 95ms
  Thread calibration: mean lat.: 42.460ms, rate sampling interval: 86ms
  Thread calibration: mean lat.: 43.133ms, rate sampling interval: 84ms

-----------------------------------------------------------------------
Test Results @ http://10.104.225.39/?loopCount=25&base=6&exp=6 
  Thread Stats   Avg      Stdev     99%   +/- Stdev
    Latency    45.53ms   12.47ms  87.42ms   81.20%
    Req/Sec     9.58      3.98    21.00     83.11%
  Latency Distribution (HdrHistogram - Recorded Latency)
 50.000%   42.21ms
 75.000%   43.65ms
 90.000%   66.43ms
 99.000%   87.42ms
 99.900%  115.46ms
 99.990%  137.73ms
 99.999%  137.73ms
100.000%  137.73ms

  Detailed Percentile spectrum:
       Value   Percentile   TotalCount 1/(1-Percentile)

      21.679     0.000000            1         1.00
      38.975     0.100000          250         1.11
      40.479     0.200000          501         1.25
      40.799     0.300000          767         1.43
      41.439     0.400000         1009         1.67
      42.207     0.500000         1254         2.00
      42.527     0.550000         1380         2.22
      42.783     0.600000         1503         2.50
      43.039     0.650000         1631         2.86
      43.327     0.700000         1750         3.33
      43.647     0.750000         1879         4.00
      43.935     0.775000         1939         4.44
      44.191     0.800000         2000         5.00
      44.767     0.825000         2063         5.71
      48.831     0.850000         2125         6.67
      64.863     0.875000         2190         8.00
      65.439     0.887500         2219         8.89
      66.431     0.900000         2250        10.00
      67.263     0.912500         2284        11.43
      68.735     0.925000         2313        13.33
      71.103     0.937500         2344        16.00
      72.831     0.943750         2360        17.78
      73.855     0.950000         2375        20.00
      74.751     0.956250         2391        22.86
      75.647     0.962500         2407        26.67
      77.951     0.968750         2422        32.00
      79.743     0.971875         2430        35.56
      80.767     0.975000         2439        40.00
      81.535     0.978125         2446        45.71
      82.751     0.981250         2454        53.33
      83.839     0.984375         2461        64.00
      84.671     0.985938         2465        71.11
      85.823     0.987500         2469        80.00
      86.975     0.989062         2474        91.43
      87.679     0.990625         2477       106.67
      90.047     0.992188         2481       128.00
      90.751     0.992969         2483       142.22
      91.967     0.993750         2485       160.00
      98.431     0.994531         2487       182.86
     103.103     0.995313         2489       213.33
     105.407     0.996094         2491       256.00
     105.599     0.996484         2492       284.44
     105.855     0.996875         2493       320.00
     106.623     0.997266         2494       365.71
     106.687     0.997656         2495       426.67
     107.135     0.998047         2496       512.00
     107.135     0.998242         2496       568.89
     110.335     0.998437         2497       640.00
     110.335     0.998633         2497       731.43
     115.455     0.998828         2498       853.33
     115.455     0.999023         2498      1024.00
     115.455     0.999121         2498      1137.78
     131.327     0.999219         2499      1280.00
     131.327     0.999316         2499      1462.86
     131.327     0.999414         2499      1706.67
     131.327     0.999512         2499      2048.00
     131.327     0.999561         2499      2275.56
     137.727     0.999609         2500      2560.00
     137.727     1.000000         2500          inf
#[Mean    =       45.533, StdDeviation   =       12.467]
#[Max     =      137.600, Total count    =         2500]
#[Buckets =           27, SubBuckets     =         2048]
-----------------------------------------------------------------------
  2995 requests in 1.00m, 0.89MB read
Requests/sec:     49.91  
Transfer/sec:     15.21KB
