Running 1m test @ http://10.110.211.94/?loopCount=25&base=6&exp=6
  5 threads and 5 connections

  Thread calibration: mean lat.: 403.196ms, rate sampling interval: 1176ms
  Thread calibration: mean lat.: 187.095ms, rate sampling interval: 749ms
  Thread calibration: mean lat.: 341.256ms, rate sampling interval: 890ms
  Thread calibration: mean lat.: 614.320ms, rate sampling interval: 1573ms
  Thread calibration: mean lat.: 771.895ms, rate sampling interval: 2125ms

-----------------------------------------------------------------------
Test Results @ http://10.110.211.94/?loopCount=25&base=6&exp=6 
  Thread Stats   Avg      Stdev     99%   +/- Stdev
    Latency     2.23s     1.14s    4.80s    66.30%
    Req/Sec    13.70      2.08    18.00     86.70%
  Latency Distribution (HdrHistogram - Recorded Latency)
 50.000%    1.95s 
 75.000%    3.06s 
 90.000%    3.71s 
 99.000%    4.80s 
 99.900%    4.90s 
 99.990%    4.96s 
 99.999%    4.96s 
100.000%    4.96s 

  Detailed Percentile spectrum:
       Value   Percentile   TotalCount 1/(1-Percentile)

     218.495     0.000000            1         1.00
     911.359     0.100000          356         1.11
    1124.351     0.200000          710         1.25
    1413.119     0.300000         1063         1.43
    1688.575     0.400000         1418         1.67
    1954.815     0.500000         1772         2.00
    2125.823     0.550000         1949         2.22
    2557.951     0.600000         2127         2.50
    2801.663     0.650000         2306         2.86
    2955.263     0.700000         2484         3.33
    3057.663     0.750000         2659         4.00
    3102.719     0.775000         2746         4.44
    3178.495     0.800000         2835         5.00
    3289.087     0.825000         2923         5.71
    3489.791     0.850000         3012         6.67
    3643.391     0.875000         3103         8.00
    3676.159     0.887500         3145         8.89
    3710.975     0.900000         3190        10.00
    3764.223     0.912500         3234        11.43
    3973.119     0.925000         3278        13.33
    4493.311     0.937500         3325        16.00
    4542.463     0.943750         3345        17.78
    4562.943     0.950000         3367        20.00
    4591.615     0.956250         3391        22.86
    4612.095     0.962500         3413        26.67
    4632.575     0.968750         3433        32.00
    4653.055     0.971875         3445        35.56
    4669.439     0.975000         3456        40.00
    4706.303     0.978125         3467        45.71
    4722.687     0.981250         3479        53.33
    4747.263     0.984375         3488        64.00
    4763.647     0.985938         3495        71.11
    4780.031     0.987500         3500        80.00
    4796.415     0.989062         3506        91.43
    4804.607     0.990625         3510       106.67
    4820.991     0.992188         3517       128.00
    4829.183     0.992969         3520       142.22
    4837.375     0.993750         3521       160.00
    4845.567     0.994531         3524       182.86
    4849.663     0.995313         3528       213.33
    4857.855     0.996094         3530       256.00
    4870.143     0.996484         3531       284.44
    4874.239     0.996875         3533       320.00
    4882.431     0.997266         3536       365.71
    4882.431     0.997656         3536       426.67
    4898.815     0.998047         3538       512.00
    4898.815     0.998242         3538       568.89
    4898.815     0.998437         3538       640.00
    4902.911     0.998633         3539       731.43
    4902.911     0.998828         3539       853.33
    4911.103     0.999023         3540      1024.00
    4911.103     0.999121         3540      1137.78
    4923.391     0.999219         3541      1280.00
    4923.391     0.999316         3541      1462.86
    4923.391     0.999414         3541      1706.67
    4939.775     0.999512         3542      2048.00
    4939.775     0.999561         3542      2275.56
    4939.775     0.999609         3542      2560.00
    4939.775     0.999658         3542      2925.71
    4939.775     0.999707         3542      3413.33
    4964.351     0.999756         3543      4096.00
    4964.351     1.000000         3543          inf
#[Mean    =     2225.111, StdDeviation   =     1139.647]
#[Max     =     4960.256, Total count    =         3543]
#[Buckets =           27, SubBuckets     =         2048]
-----------------------------------------------------------------------
  4243 requests in 1.00m, 1.26MB read
Requests/sec:     70.71  
Transfer/sec:     21.55KB
