Running 1m test @ http://10.102.244.59/?loopCount=25&base=6&exp=6
  1 threads and 1 connections

  Thread calibration: mean lat.: 1575.039ms, rate sampling interval: 5124ms

-----------------------------------------------------------------------
Test Results @ http://10.102.244.59/?loopCount=25&base=6&exp=6 
  Thread Stats   Avg      Stdev     99%   +/- Stdev
    Latency     8.69s     2.85s   13.48s    63.46%
    Req/Sec    19.33      1.49    21.00    100.00%
  Latency Distribution (HdrHistogram - Recorded Latency)
 50.000%    8.64s 
 75.000%   11.25s 
 90.000%   12.58s 
 99.000%   13.48s 
 99.900%   13.60s 
 99.990%   13.60s 
 99.999%   13.60s 
100.000%   13.60s 

  Detailed Percentile spectrum:
       Value   Percentile   TotalCount 1/(1-Percentile)

    3115.007     0.000000            2         1.00
    4714.495     0.100000          100         1.11
    6070.271     0.200000          202         1.25
    6995.967     0.300000          299         1.43
    7684.095     0.400000          396         1.67
    8642.559     0.500000          495         2.00
    9134.079     0.550000          544         2.22
    9592.831     0.600000          594         2.50
   10313.727     0.650000          645         2.86
   10977.279     0.700000          693         3.33
   11247.615     0.750000          741         4.00
   11345.919     0.775000          769         4.44
   11460.607     0.800000          792         5.00
   11788.287     0.825000          821         5.71
   11968.511     0.850000          840         6.67
   12320.767     0.875000          865         8.00
   12558.335     0.887500          879         8.89
   12591.103     0.900000          892        10.00
   12599.295     0.912500          903        11.43
   12722.175     0.925000          915        13.33
   12951.551     0.937500          927        16.00
   13090.815     0.943750          933        17.78
   13230.079     0.950000          939        20.00
   13320.191     0.956250          946        22.86
   13336.575     0.962500          952        26.67
   13377.535     0.968750          964        32.00
   13377.535     0.971875          964        35.56
   13377.535     0.975000          964        40.00
   13402.111     0.978125          968        45.71
   13418.495     0.981250          970        53.33
   13443.071     0.984375          975        64.00
   13443.071     0.985938          975        71.11
   13451.263     0.987500          977        80.00
   13475.839     0.989062          979        91.43
   13475.839     0.990625          979       106.67
   13484.031     0.992188          981       128.00
   13516.799     0.992969          982       142.22
   13516.799     0.993750          982       160.00
   13565.951     0.994531          984       182.86
   13565.951     0.995313          984       213.33
   13574.143     0.996094          986       256.00
   13574.143     0.996484          986       284.44
   13574.143     0.996875          986       320.00
   13574.143     0.997266          986       365.71
   13574.143     0.997656          986       426.67
   13598.719     0.998047          988       512.00
   13598.719     1.000000          988          inf
#[Mean    =     8686.103, StdDeviation   =     2853.970]
#[Max     =    13590.528, Total count    =          988]
#[Buckets =           27, SubBuckets     =         2048]
-----------------------------------------------------------------------
  1160 requests in 1.00m, 353.45KB read
Requests/sec:     19.33  
Transfer/sec:      5.89KB
