Running 1m test @ http://10.110.211.94/?loopCount=25&base=6&exp=6
  1 threads and 1 connections

  Thread calibration: mean lat.: 447.186ms, rate sampling interval: 2041ms

-----------------------------------------------------------------------
Test Results @ http://10.110.211.94/?loopCount=25&base=6&exp=6 
  Thread Stats   Avg      Stdev     99%   +/- Stdev
    Latency     4.09s     1.81s    7.12s    56.88%
    Req/Sec    21.71      1.17    24.00     87.50%
  Latency Distribution (HdrHistogram - Recorded Latency)
 50.000%    3.85s 
 75.000%    5.78s 
 90.000%    6.63s 
 99.000%    7.12s 
 99.900%    7.14s 
 99.990%    7.14s 
 99.999%    7.14s 
100.000%    7.14s 

  Detailed Percentile spectrum:
       Value   Percentile   TotalCount 1/(1-Percentile)

    1022.975     0.000000            1         1.00
    1725.439     0.100000          110         1.11
    2310.143     0.200000          221         1.25
    2756.607     0.300000          333         1.43
    3291.135     0.400000          439         1.67
    3850.239     0.500000          550         2.00
    4501.503     0.550000          611         2.22
    4771.839     0.600000          662         2.50
    5062.655     0.650000          717         2.86
    5365.759     0.700000          770         3.33
    5779.455     0.750000          823         4.00
    5943.295     0.775000          855         4.44
    6021.119     0.800000          879         5.00
    6213.631     0.825000          906         5.71
    6352.895     0.850000          933         6.67
    6553.599     0.875000          960         8.00
    6582.271     0.887500          975         8.89
    6631.423     0.900000          992        10.00
    6639.615     0.912500         1003        11.43
    6688.767     0.925000         1015        13.33
    6701.055     0.937500         1035        16.00
    6705.151     0.943750         1044        17.78
    6705.151     0.950000         1044        20.00
    6840.319     0.956250         1051        22.86
    6860.799     0.962500         1058        26.67
    6918.143     0.968750         1064        32.00
    6963.199     0.971875         1067        35.56
    6967.295     0.975000         1070        40.00
    6979.583     0.978125         1078        45.71
    6979.583     0.981250         1078        53.33
    6983.679     0.984375         1080        64.00
    7032.831     0.985938         1083        71.11
    7065.599     0.987500         1084        80.00
    7118.847     0.989062         1086        91.43
    7135.231     0.990625         1088       106.67
    7139.327     0.992188         1094       128.00
    7139.327     0.992969         1094       142.22
    7139.327     0.993750         1094       160.00
    7139.327     0.994531         1094       182.86
    7139.327     0.995313         1094       213.33
    7139.327     0.996094         1094       256.00
    7139.327     0.996484         1094       284.44
    7139.327     0.996875         1094       320.00
    7143.423     0.997266         1097       365.71
    7143.423     1.000000         1097          inf
#[Mean    =     4090.370, StdDeviation   =     1810.960]
#[Max     =     7139.328, Total count    =         1097]
#[Buckets =           27, SubBuckets     =         2048]
-----------------------------------------------------------------------
  1321 requests in 1.00m, 402.49KB read
Requests/sec:     22.02  
Transfer/sec:      6.71KB
