Running 1m test @ http://10.100.134.99/?loopCount=25&base=6&exp=6
  5 threads and 5 connections

  Thread calibration: mean lat.: 103.705ms, rate sampling interval: 399ms
  Thread calibration: mean lat.: 98.316ms, rate sampling interval: 319ms
  Thread calibration: mean lat.: 384.840ms, rate sampling interval: 1415ms
  Thread calibration: mean lat.: 300.751ms, rate sampling interval: 1005ms
  Thread calibration: mean lat.: 621.437ms, rate sampling interval: 1801ms

-----------------------------------------------------------------------
Test Results @ http://10.100.134.99/?loopCount=25&base=6&exp=6 
  Thread Stats   Avg      Stdev     99%   +/- Stdev
    Latency   119.27ms  106.35ms 652.80ms   89.32%
    Req/Sec    14.47      2.06    20.00     89.80%
  Latency Distribution (HdrHistogram - Recorded Latency)
 50.000%   84.54ms
 75.000%  151.81ms
 90.000%  233.09ms
 99.000%  652.80ms
 99.900%  712.19ms
 99.990%  736.26ms
 99.999%  736.26ms
100.000%  736.26ms

  Detailed Percentile spectrum:
       Value   Percentile   TotalCount 1/(1-Percentile)

      21.503     0.000000            1         1.00
      40.767     0.100000          377         1.11
      42.463     0.200000          751         1.25
      53.439     0.300000         1129         1.43
      68.031     0.400000         1503         1.67
      84.543     0.500000         1874         2.00
      93.311     0.550000         2061         2.22
     105.023     0.600000         2248         2.50
     119.423     0.650000         2437         2.86
     135.167     0.700000         2623         3.33
     151.807     0.750000         2810         4.00
     161.023     0.775000         2904         4.44
     172.031     0.800000         2997         5.00
     184.447     0.825000         3092         5.71
     199.807     0.850000         3185         6.67
     211.839     0.875000         3278         8.00
     221.055     0.887500         3325         8.89
     233.215     0.900000         3372        10.00
     244.479     0.912500         3419        11.43
     264.703     0.925000         3466        13.33
     282.367     0.937500         3512        16.00
     293.631     0.943750         3536        17.78
     303.359     0.950000         3559        20.00
     323.071     0.956250         3583        22.86
     353.535     0.962500         3606        26.67
     379.135     0.968750         3629        32.00
     394.239     0.971875         3641        35.56
     411.903     0.975000         3654        40.00
     434.431     0.978125         3665        45.71
     473.087     0.981250         3676        53.33
     541.695     0.984375         3688        64.00
     595.455     0.985938         3694        71.11
     617.983     0.987500         3700        80.00
     644.607     0.989062         3707        91.43
     656.895     0.990625         3711       106.67
     667.647     0.992188         3718       128.00
     669.695     0.992969         3720       142.22
     674.815     0.993750         3723       160.00
     679.423     0.994531         3726       182.86
     683.519     0.995313         3729       213.33
     686.079     0.996094         3732       256.00
     686.591     0.996484         3733       284.44
     694.783     0.996875         3736       320.00
     694.783     0.997266         3736       365.71
     702.975     0.997656         3738       426.67
     706.047     0.998047         3740       512.00
     706.047     0.998242         3740       568.89
     708.607     0.998437         3741       640.00
     708.607     0.998633         3741       731.43
     712.191     0.998828         3742       853.33
     717.311     0.999023         3743      1024.00
     717.311     0.999121         3743      1137.78
     722.431     0.999219         3744      1280.00
     722.431     0.999316         3744      1462.86
     722.431     0.999414         3744      1706.67
     728.063     0.999512         3745      2048.00
     728.063     0.999561         3745      2275.56
     728.063     0.999609         3745      2560.00
     728.063     0.999658         3745      2925.71
     728.063     0.999707         3745      3413.33
     736.255     0.999756         3746      4096.00
     736.255     1.000000         3746          inf
#[Mean    =      119.267, StdDeviation   =      106.352]
#[Max     =      735.744, Total count    =         3746]
#[Buckets =           27, SubBuckets     =         2048]
-----------------------------------------------------------------------
  4486 requests in 1.00m, 1.34MB read
Requests/sec:     74.76  
Transfer/sec:     22.78KB
