Running 1m test @ http://10.96.164.126/?loopCount=25&base=6&exp=6
  5 threads and 5 connections

  Thread calibration: mean lat.: 60.020ms, rate sampling interval: 202ms
  Thread calibration: mean lat.: 55.372ms, rate sampling interval: 179ms
  Thread calibration: mean lat.: 64.709ms, rate sampling interval: 230ms
  Thread calibration: mean lat.: 60.717ms, rate sampling interval: 235ms
  Thread calibration: mean lat.: 53.364ms, rate sampling interval: 172ms

-----------------------------------------------------------------------
Test Results @ http://10.96.164.126/?loopCount=25&base=6&exp=6 
  Thread Stats   Avg      Stdev     99%   +/- Stdev
    Latency    46.79ms   18.83ms 113.02ms   84.08%
    Req/Sec     9.42      2.49    14.00     77.59%
  Latency Distribution (HdrHistogram - Recorded Latency)
 50.000%   41.66ms
 75.000%   42.69ms
 90.000%   81.92ms
 99.000%  113.02ms
 99.900%  153.09ms
 99.990%  190.08ms
 99.999%  190.08ms
100.000%  190.08ms

  Detailed Percentile spectrum:
       Value   Percentile   TotalCount 1/(1-Percentile)

      21.583     0.000000            2         1.00
      36.959     0.100000          250         1.11
      39.871     0.200000          501         1.25
      40.959     0.300000          762         1.43
      41.343     0.400000         1017         1.67
      41.663     0.500000         1253         2.00
      41.823     0.550000         1381         2.22
      42.015     0.600000         1520         2.50
      42.175     0.650000         1643         2.86
      42.367     0.700000         1757         3.33
      42.687     0.750000         1882         4.00
      42.847     0.775000         1939         4.44
      43.103     0.800000         2003         5.00
      43.423     0.825000         2065         5.71
      45.055     0.850000         2125         6.67
      56.543     0.875000         2188         8.00
      76.991     0.887500         2219         8.89
      81.919     0.900000         2250        10.00
      88.703     0.912500         2282        11.43
      89.343     0.925000         2313        13.33
      90.175     0.937500         2346        16.00
      90.751     0.943750         2360        17.78
      91.967     0.950000         2375        20.00
      94.591     0.956250         2391        22.86
      97.791     0.962500         2407        26.67
     100.287     0.968750         2422        32.00
     100.991     0.971875         2430        35.56
     101.759     0.975000         2439        40.00
     102.591     0.978125         2446        45.71
     105.023     0.981250         2454        53.33
     106.687     0.984375         2461        64.00
     107.455     0.985938         2465        71.11
     108.671     0.987500         2469        80.00
     110.399     0.989062         2473        91.43
     113.215     0.990625         2477       106.67
     116.159     0.992188         2481       128.00
     116.543     0.992969         2483       142.22
     118.399     0.993750         2485       160.00
     120.383     0.994531         2487       182.86
     124.671     0.995313         2489       213.33
     128.063     0.996094         2491       256.00
     130.303     0.996484         2492       284.44
     141.823     0.996875         2493       320.00
     148.479     0.997266         2494       365.71
     150.015     0.997656         2495       426.67
     150.271     0.998047         2496       512.00
     150.271     0.998242         2496       568.89
     150.783     0.998437         2497       640.00
     150.783     0.998633         2497       731.43
     153.087     0.998828         2498       853.33
     153.087     0.999023         2498      1024.00
     153.087     0.999121         2498      1137.78
     157.055     0.999219         2499      1280.00
     157.055     0.999316         2499      1462.86
     157.055     0.999414         2499      1706.67
     157.055     0.999512         2499      2048.00
     157.055     0.999561         2499      2275.56
     190.079     0.999609         2500      2560.00
     190.079     1.000000         2500          inf
#[Mean    =       46.795, StdDeviation   =       18.827]
#[Max     =      189.952, Total count    =         2500]
#[Buckets =           27, SubBuckets     =         2048]
-----------------------------------------------------------------------
  2995 requests in 1.00m, 0.89MB read
Requests/sec:     49.91  
Transfer/sec:     15.21KB
