Running 1m test @ http://10.101.163.15/?loopCount=25&base=6&exp=6
  1 threads and 1 connections

  Thread calibration: mean lat.: 684.843ms, rate sampling interval: 2754ms

-----------------------------------------------------------------------
Test Results @ http://10.101.163.15/?loopCount=25&base=6&exp=6 
  Thread Stats   Avg      Stdev     99%   +/- Stdev
    Latency     5.92s     2.47s    9.99s    58.82%
    Req/Sec    20.22      0.97    22.00     94.44%
  Latency Distribution (HdrHistogram - Recorded Latency)
 50.000%    5.82s 
 75.000%    8.04s 
 90.000%    9.26s 
 99.000%    9.99s 
 99.900%   10.08s 
 99.990%   10.08s 
 99.999%   10.08s 
100.000%   10.08s 

  Detailed Percentile spectrum:
       Value   Percentile   TotalCount 1/(1-Percentile)

    1535.999     0.000000            1         1.00
    2195.455     0.100000          104         1.11
    3373.055     0.200000          212         1.25
    4534.271     0.300000          312         1.43
    5197.823     0.400000          415         1.67
    5824.511     0.500000          521         2.00
    6455.295     0.550000          572         2.22
    6799.359     0.600000          625         2.50
    7262.207     0.650000          675         2.86
    7589.887     0.700000          726         3.33
    8036.351     0.750000          780         4.00
    8241.151     0.775000          804         4.44
    8396.799     0.800000          832         5.00
    8527.871     0.825000          860         5.71
    8839.167     0.850000          884         6.67
    9101.311     0.875000          908         8.00
    9215.999     0.887500          922         8.89
    9256.959     0.900000          934        10.00
    9469.951     0.912500          947        11.43
    9584.639     0.925000          962        13.33
    9625.599     0.937500          974        16.00
    9633.791     0.943750          980        17.78
    9838.591     0.950000          992        20.00
    9838.591     0.956250          992        22.86
    9928.703     0.962500         1002        26.67
    9936.895     0.968750         1007        32.00
    9961.471     0.971875         1017        35.56
    9961.471     0.975000         1017        40.00
    9961.471     0.978125         1017        45.71
    9977.855     0.981250         1019        53.33
    9986.047     0.984375         1025        64.00
    9986.047     0.985938         1025        71.11
    9986.047     0.987500         1025        80.00
    9994.239     0.989062         1027        91.43
   10002.431     0.990625         1028       106.67
   10010.623     0.992188         1030       128.00
   10010.623     0.992969         1030       142.22
   10051.583     0.993750         1031       160.00
   10076.159     0.994531         1033       182.86
   10076.159     0.995313         1033       213.33
   10076.159     0.996094         1033       256.00
   10084.351     0.996484         1037       284.44
   10084.351     1.000000         1037          inf
#[Mean    =     5920.775, StdDeviation   =     2471.028]
#[Max     =    10076.160, Total count    =         1037]
#[Buckets =           27, SubBuckets     =         2048]
-----------------------------------------------------------------------
  1248 requests in 1.00m, 380.27KB read
Requests/sec:     20.80  
Transfer/sec:      6.34KB
