Running 1m test @ http://10.96.158.146/?loopCount=25&base=6&exp=6
  1 threads and 1 connections

  Thread calibration: mean lat.: 3706.332ms, rate sampling interval: 11132ms

-----------------------------------------------------------------------
Test Results @ http://10.96.158.146/?loopCount=25&base=6&exp=6 
  Thread Stats   Avg      Stdev     99%   +/- Stdev
    Latency    19.03s     6.65s   29.20s    54.15%
    Req/Sec    12.75      1.48    15.00    100.00%
  Latency Distribution (HdrHistogram - Recorded Latency)
 50.000%   20.00s 
 75.000%   24.92s 
 90.000%   27.92s 
 99.000%   29.20s 
 99.900%   29.31s 
 99.990%   29.34s 
 99.999%   29.34s 
100.000%   29.34s 

  Detailed Percentile spectrum:
       Value   Percentile   TotalCount 1/(1-Percentile)

    5906.431     0.000000            1         1.00
    9371.647     0.100000           67         1.11
   11542.527     0.200000          134         1.25
   14893.055     0.300000          199         1.43
   18055.167     0.400000          266         1.67
   20004.863     0.500000          333         2.00
   20611.071     0.550000          374         2.22
   21626.879     0.600000          400         2.50
   22315.007     0.650000          431         2.86
   23560.191     0.700000          468         3.33
   24920.063     0.750000          499         4.00
   25378.815     0.775000          514         4.44
   25755.647     0.800000          531         5.00
   25804.799     0.825000          547         5.71
   26492.927     0.850000          564         6.67
   27262.975     0.875000          581         8.00
   27688.959     0.887500          589         8.89
   27918.335     0.900000          597        10.00
   28147.711     0.912500          606        11.43
   28278.783     0.925000          635        13.33
   28278.783     0.937500          635        16.00
   28278.783     0.943750          635        17.78
   28278.783     0.950000          635        20.00
   28278.783     0.956250          635        22.86
   28491.775     0.962500          639        26.67
   28655.615     0.968750          643        32.00
   28753.919     0.971875          645        35.56
   28884.991     0.975000          647        40.00
   28999.679     0.978125          650        45.71
   29032.447     0.981250          651        53.33
   29130.751     0.984375          654        64.00
   29130.751     0.985938          654        71.11
   29179.903     0.987500          655        80.00
   29196.287     0.989062          657        91.43
   29196.287     0.990625          657       106.67
   29229.055     0.992188          659       128.00
   29229.055     0.992969          659       142.22
   29229.055     0.993750          659       160.00
   29278.207     0.994531          660       182.86
   29278.207     0.995313          660       213.33
   29310.975     0.996094          662       256.00
   29310.975     0.996484          662       284.44
   29310.975     0.996875          662       320.00
   29310.975     0.997266          662       365.71
   29310.975     0.997656          662       426.67
   29310.975     0.998047          662       512.00
   29310.975     0.998242          662       568.89
   29310.975     0.998437          662       640.00
   29343.743     0.998633          663       731.43
   29343.743     1.000000          663          inf
#[Mean    =    19025.457, StdDeviation   =     6654.723]
#[Max     =    29327.360, Total count    =          663]
#[Buckets =           27, SubBuckets     =         2048]
-----------------------------------------------------------------------
  766 requests in 1.00m, 233.56KB read
Requests/sec:     12.77  
Transfer/sec:      3.89KB
