Running 1m test @ http://10.96.169.80/?loopCount=25&base=6&exp=6
  5 threads and 5 connections

  Thread calibration: mean lat.: 460.205ms, rate sampling interval: 1201ms
  Thread calibration: mean lat.: 112.693ms, rate sampling interval: 411ms
  Thread calibration: mean lat.: 533.615ms, rate sampling interval: 1474ms
  Thread calibration: mean lat.: 518.753ms, rate sampling interval: 1364ms
  Thread calibration: mean lat.: 238.836ms, rate sampling interval: 833ms

-----------------------------------------------------------------------
Test Results @ http://10.96.169.80/?loopCount=25&base=6&exp=6 
  Thread Stats   Avg      Stdev     99%   +/- Stdev
    Latency   199.31ms  227.23ms   1.08s    88.18%
    Req/Sec    14.64      1.80    19.00     92.44%
  Latency Distribution (HdrHistogram - Recorded Latency)
 50.000%  115.26ms
 75.000%  218.88ms
 90.000%  466.94ms
 99.000%    1.08s 
 99.900%    1.24s 
 99.990%    1.27s 
 99.999%    1.27s 
100.000%    1.27s 

  Detailed Percentile spectrum:
       Value   Percentile   TotalCount 1/(1-Percentile)

      23.887     0.000000            1         1.00
      41.471     0.100000          384         1.11
      57.119     0.200000          757         1.25
      73.663     0.300000         1135         1.43
      93.183     0.400000         1514         1.67
     115.263     0.500000         1891         2.00
     128.255     0.550000         2080         2.22
     145.151     0.600000         2269         2.50
     164.351     0.650000         2459         2.86
     190.079     0.700000         2648         3.33
     218.879     0.750000         2836         4.00
     236.159     0.775000         2931         4.44
     263.167     0.800000         3025         5.00
     306.431     0.825000         3120         5.71
     355.583     0.850000         3214         6.67
     410.623     0.875000         3309         8.00
     436.223     0.887500         3356         8.89
     466.943     0.900000         3403        10.00
     514.047     0.912500         3451        11.43
     570.367     0.925000         3498        13.33
     630.783     0.937500         3545        16.00
     667.647     0.943750         3569        17.78
     706.047     0.950000         3592        20.00
     811.007     0.956250         3616        22.86
     903.167     0.962500         3640        26.67
     959.487     0.968750         3663        32.00
     990.207     0.971875         3676        35.56
    1001.471     0.975000         3687        40.00
    1023.487     0.978125         3701        45.71
    1034.751     0.981250         3713        53.33
    1049.599     0.984375         3722        64.00
    1054.719     0.985938         3729        71.11
    1067.007     0.987500         3734        80.00
    1075.199     0.989062         3740        91.43
    1090.559     0.990625         3746       106.67
    1116.159     0.992188         3752       128.00
    1147.903     0.992969         3755       142.22
    1153.023     0.993750         3758       160.00
    1158.143     0.994531         3761       182.86
    1167.359     0.995313         3764       213.33
    1183.743     0.996094         3767       256.00
    1184.767     0.996484         3768       284.44
    1191.935     0.996875         3770       320.00
    1192.959     0.997266         3771       365.71
    1220.607     0.997656         3773       426.67
    1231.871     0.998047         3776       512.00
    1231.871     0.998242         3776       568.89
    1231.871     0.998437         3776       640.00
    1231.871     0.998633         3776       731.43
    1240.063     0.998828         3777       853.33
    1242.111     0.999023         3778      1024.00
    1242.111     0.999121         3778      1137.78
    1243.135     0.999219         3779      1280.00
    1243.135     0.999316         3779      1462.86
    1243.135     0.999414         3779      1706.67
    1256.447     0.999512         3780      2048.00
    1256.447     0.999561         3780      2275.56
    1256.447     0.999609         3780      2560.00
    1256.447     0.999658         3780      2925.71
    1256.447     0.999707         3780      3413.33
    1266.687     0.999756         3781      4096.00
    1266.687     1.000000         3781          inf
#[Mean    =      199.307, StdDeviation   =      227.230]
#[Max     =     1265.664, Total count    =         3781]
#[Buckets =           27, SubBuckets     =         2048]
-----------------------------------------------------------------------
  4493 requests in 1.00m, 1.34MB read
Requests/sec:     74.88  
Transfer/sec:     22.82KB
