Running 1m test @ http://10.101.163.15/?loopCount=25&base=6&exp=6
  5 threads and 5 connections

  Thread calibration: mean lat.: 356.530ms, rate sampling interval: 1036ms
  Thread calibration: mean lat.: 392.059ms, rate sampling interval: 1230ms
  Thread calibration: mean lat.: 386.425ms, rate sampling interval: 1077ms
  Thread calibration: mean lat.: 181.178ms, rate sampling interval: 565ms
  Thread calibration: mean lat.: 753.381ms, rate sampling interval: 2013ms

-----------------------------------------------------------------------
Test Results @ http://10.101.163.15/?loopCount=25&base=6&exp=6 
  Thread Stats   Avg      Stdev     99%   +/- Stdev
    Latency     2.25s     1.05s    4.56s    65.07%
    Req/Sec    13.48      2.15    19.00     84.96%
  Latency Distribution (HdrHistogram - Recorded Latency)
 50.000%    2.17s 
 75.000%    2.93s 
 90.000%    3.63s 
 99.000%    4.56s 
 99.900%    4.76s 
 99.990%    4.80s 
 99.999%    4.80s 
100.000%    4.80s 

  Detailed Percentile spectrum:
       Value   Percentile   TotalCount 1/(1-Percentile)

      39.391     0.000000            1         1.00
     747.007     0.100000          353         1.11
    1364.991     0.200000          705         1.25
    1716.223     0.300000         1059         1.43
    1976.319     0.400000         1410         1.67
    2168.831     0.500000         1761         2.00
    2273.279     0.550000         1937         2.22
    2449.407     0.600000         2116         2.50
    2594.815     0.650000         2290         2.86
    2768.895     0.700000         2465         3.33
    2926.591     0.750000         2642         4.00
    3039.231     0.775000         2730         4.44
    3151.871     0.800000         2817         5.00
    3385.343     0.825000         2907         5.71
    3477.503     0.850000         2993         6.67
    3561.471     0.875000         3083         8.00
    3594.239     0.887500         3127         8.89
    3633.151     0.900000         3170        10.00
    3684.351     0.912500         3215        11.43
    3762.175     0.925000         3257        13.33
    3887.103     0.937500         3301        16.00
    4095.999     0.943750         3323        17.78
    4177.919     0.950000         3345        20.00
    4308.991     0.956250         3370        22.86
    4337.663     0.962500         3391        26.67
    4366.335     0.968750         3412        32.00
    4382.719     0.971875         3422        35.56
    4407.295     0.975000         3433        40.00
    4427.775     0.978125         3447        45.71
    4448.255     0.981250         3455        53.33
    4509.695     0.984375         3466        64.00
    4521.983     0.985938         3472        71.11
    4542.463     0.987500         3478        80.00
    4558.847     0.989062         3485        91.43
    4571.135     0.990625         3491       106.67
    4575.231     0.992188         3495       128.00
    4583.423     0.992969         3497       142.22
    4587.519     0.993750         3499       160.00
    4603.903     0.994531         3502       182.86
    4612.095     0.995313         3505       213.33
    4648.959     0.996094         3508       256.00
    4657.151     0.996484         3509       284.44
    4681.727     0.996875         3510       320.00
    4702.207     0.997266         3512       365.71
    4726.783     0.997656         3513       426.67
    4743.167     0.998047         3515       512.00
    4743.167     0.998242         3515       568.89
    4763.647     0.998437         3517       640.00
    4763.647     0.998633         3517       731.43
    4763.647     0.998828         3517       853.33
    4780.031     0.999023         3520      1024.00
    4780.031     0.999121         3520      1137.78
    4780.031     0.999219         3520      1280.00
    4780.031     0.999316         3520      1462.86
    4780.031     0.999414         3520      1706.67
    4780.031     0.999512         3520      2048.00
    4780.031     0.999561         3520      2275.56
    4780.031     0.999609         3520      2560.00
    4780.031     0.999658         3520      2925.71
    4780.031     0.999707         3520      3413.33
    4804.607     0.999756         3521      4096.00
    4804.607     1.000000         3521          inf
#[Mean    =     2245.225, StdDeviation   =     1046.964]
#[Max     =     4800.512, Total count    =         3521]
#[Buckets =           27, SubBuckets     =         2048]
-----------------------------------------------------------------------
  4226 requests in 1.00m, 1.26MB read
Requests/sec:     70.43  
Transfer/sec:     21.47KB
