Running 1m test @ http://10.103.77.142/?loopCount=25&base=6&exp=6
  1 threads and 1 connections

  Thread calibration: mean lat.: 2826.071ms, rate sampling interval: 10395ms

-----------------------------------------------------------------------
Test Results @ http://10.103.77.142/?loopCount=25&base=6&exp=6 
  Thread Stats   Avg      Stdev     99%   +/- Stdev
    Latency    21.10s     8.05s   34.57s    59.50%
    Req/Sec     9.75      1.09    11.00    100.00%
  Latency Distribution (HdrHistogram - Recorded Latency)
 50.000%   21.17s 
 75.000%   27.74s 
 90.000%   32.39s 
 99.000%   34.57s 
 99.900%   35.00s 
 99.990%   35.06s 
 99.999%   35.06s 
100.000%   35.06s 

  Detailed Percentile spectrum:
       Value   Percentile   TotalCount 1/(1-Percentile)

    5828.607     0.000000            1         1.00
    9814.015     0.100000           52         1.11
   13025.279     0.200000          104         1.25
   16113.663     0.300000          155         1.43
   18726.911     0.400000          207         1.67
   21168.127     0.500000          258         2.00
   22364.159     0.550000          284         2.22
   23724.031     0.600000          310         2.50
   24936.447     0.650000          337         2.86
   26001.407     0.700000          362         3.33
   27738.111     0.750000          387         4.00
   28999.679     0.775000          400         4.44
   29360.127     0.800000          414         5.00
   30064.639     0.825000          427         5.71
   30949.375     0.850000          439         6.67
   31719.423     0.875000          452         8.00
   32194.559     0.887500          458         8.89
   32407.551     0.900000          466        10.00
   32686.079     0.912500          471        11.43
   32997.375     0.925000          478        13.33
   33243.135     0.937500          484        16.00
   33341.439     0.943750          487        17.78
   33538.047     0.950000          491        20.00
   33718.271     0.956250          494        22.86
   33947.647     0.962500          497        26.67
   34111.487     0.968750          500        32.00
   34177.023     0.971875          504        35.56
   34177.023     0.975000          504        40.00
   34209.791     0.978125          505        45.71
   34242.559     0.981250          507        53.33
   34373.631     0.984375          508        64.00
   34439.167     0.985938          509        71.11
   34504.703     0.987500          510        80.00
   34570.239     0.989062          511        91.43
   34701.311     0.990625          512       106.67
   34701.311     0.992188          512       128.00
   34766.847     0.992969          513       142.22
   34766.847     0.993750          513       160.00
   34930.687     0.994531          514       182.86
   34930.687     0.995313          514       213.33
   34930.687     0.996094          514       256.00
   34996.223     0.996484          515       284.44
   34996.223     0.996875          515       320.00
   34996.223     0.997266          515       365.71
   34996.223     0.997656          515       426.67
   34996.223     0.998047          515       512.00
   35061.759     0.998242          516       568.89
   35061.759     1.000000          516          inf
#[Mean    =    21096.793, StdDeviation   =     8052.903]
#[Max     =    35028.992, Total count    =          516]
#[Buckets =           27, SubBuckets     =         2048]
-----------------------------------------------------------------------
  621 requests in 1.00m, 189.46KB read
Requests/sec:     10.35  
Transfer/sec:      3.16KB
