Running 1m test @ http://10.109.115.86/?loopCount=25&base=6&exp=6
  5 threads and 5 connections

  Thread calibration: mean lat.: 101.948ms, rate sampling interval: 363ms
  Thread calibration: mean lat.: 253.364ms, rate sampling interval: 990ms
  Thread calibration: mean lat.: 206.650ms, rate sampling interval: 753ms
  Thread calibration: mean lat.: 106.460ms, rate sampling interval: 443ms
  Thread calibration: mean lat.: 237.237ms, rate sampling interval: 962ms

-----------------------------------------------------------------------
Test Results @ http://10.109.115.86/?loopCount=25&base=6&exp=6 
  Thread Stats   Avg      Stdev     99%   +/- Stdev
    Latency   245.55ms  197.40ms 884.22ms   79.34%
    Req/Sec     9.66      1.94    13.00     86.30%
  Latency Distribution (HdrHistogram - Recorded Latency)
 50.000%  184.45ms
 75.000%  300.29ms
 90.000%  483.07ms
 99.000%  884.22ms
 99.900%    1.35s 
 99.990%    1.37s 
 99.999%    1.37s 
100.000%    1.37s 

  Detailed Percentile spectrum:
       Value   Percentile   TotalCount 1/(1-Percentile)

      23.343     0.000000            1         1.00
      72.639     0.100000          250         1.11
      89.471     0.200000          498         1.25
      99.007     0.300000          746         1.43
     166.911     0.400000          994         1.67
     184.447     0.500000         1242         2.00
     196.095     0.550000         1367         2.22
     260.863     0.600000         1490         2.50
     272.127     0.650000         1618         2.86
     282.879     0.700000         1744         3.33
     301.311     0.750000         1863         4.00
     365.055     0.775000         1927         4.44
     377.599     0.800000         1987         5.00
     390.143     0.825000         2049         5.71
     441.599     0.850000         2111         6.67
     471.551     0.875000         2173         8.00
     476.671     0.887500         2204         8.89
     483.071     0.900000         2235        10.00
     491.519     0.912500         2266        11.43
     566.783     0.925000         2299        13.33
     583.167     0.937500         2328        16.00
     592.383     0.943750         2345        17.78
     640.511     0.950000         2359        20.00
     674.303     0.956250         2376        22.86
     693.247     0.962500         2390        26.67
     738.303     0.968750         2406        32.00
     764.927     0.971875         2414        35.56
     773.119     0.975000         2421        40.00
     780.287     0.978125         2429        45.71
     795.647     0.981250         2437        53.33
     836.095     0.984375         2445        64.00
     867.839     0.985938         2449        71.11
     875.007     0.987500         2452        80.00
     878.591     0.989062         2456        91.43
     934.911     0.990625         2460       106.67
     965.631     0.992188         2464       128.00
    1027.071     0.992969         2466       142.22
    1141.759     0.993750         2468       160.00
    1196.031     0.994531         2470       182.86
    1231.871     0.995313         2472       213.33
    1271.807     0.996094         2474       256.00
    1276.927     0.996484         2475       284.44
    1277.951     0.996875         2476       320.00
    1331.199     0.997266         2477       365.71
    1332.223     0.997656         2478       426.67
    1333.247     0.998047         2479       512.00
    1333.247     0.998242         2479       568.89
    1337.343     0.998437         2480       640.00
    1337.343     0.998633         2480       731.43
    1345.535     0.998828         2481       853.33
    1345.535     0.999023         2481      1024.00
    1345.535     0.999121         2481      1137.78
    1366.015     0.999219         2482      1280.00
    1366.015     0.999316         2482      1462.86
    1366.015     0.999414         2482      1706.67
    1366.015     0.999512         2482      2048.00
    1366.015     0.999561         2482      2275.56
    1368.063     0.999609         2483      2560.00
    1368.063     1.000000         2483          inf
#[Mean    =      245.550, StdDeviation   =      197.398]
#[Max     =     1367.040, Total count    =         2483]
#[Buckets =           27, SubBuckets     =         2048]
-----------------------------------------------------------------------
  2963 requests in 1.00m, 0.88MB read
Requests/sec:     49.38  
Transfer/sec:     15.06KB
