Running 1m test @ http://10.106.106.124/?loopCount=25&base=6&exp=6
  5 threads and 5 connections

  Thread calibration: mean lat.: 97.352ms, rate sampling interval: 403ms
  Thread calibration: mean lat.: 75.112ms, rate sampling interval: 260ms
  Thread calibration: mean lat.: 154.099ms, rate sampling interval: 599ms
  Thread calibration: mean lat.: 93.366ms, rate sampling interval: 379ms
  Thread calibration: mean lat.: 110.381ms, rate sampling interval: 578ms

-----------------------------------------------------------------------
Test Results @ http://10.106.106.124/?loopCount=25&base=6&exp=6 
  Thread Stats   Avg      Stdev     99%   +/- Stdev
    Latency    72.59ms   48.89ms 235.90ms   87.96%
    Req/Sec     9.45      2.12    15.00     91.07%
  Latency Distribution (HdrHistogram - Recorded Latency)
 50.000%   42.33ms
 75.000%  104.51ms
 90.000%  125.12ms
 99.000%  235.90ms
 99.900%  329.98ms
 99.990%  403.97ms
 99.999%  403.97ms
100.000%  403.97ms

  Detailed Percentile spectrum:
       Value   Percentile   TotalCount 1/(1-Percentile)

      21.279     0.000000            1         1.00
      40.287     0.100000          252         1.11
      40.767     0.200000          501         1.25
      41.151     0.300000          761         1.43
      41.599     0.400000         1014         1.67
      42.335     0.500000         1251         2.00
      45.119     0.550000         1378         2.22
      56.447     0.600000         1501         2.50
      90.047     0.650000         1626         2.86
      97.471     0.700000         1752         3.33
     104.511     0.750000         1876         4.00
     106.175     0.775000         1941         4.44
     107.903     0.800000         2002         5.00
     110.079     0.825000         2064         5.71
     114.559     0.850000         2126         6.67
     118.975     0.875000         2189         8.00
     122.175     0.887500         2220         8.89
     125.119     0.900000         2251        10.00
     130.751     0.912500         2283        11.43
     134.527     0.925000         2314        13.33
     140.799     0.937500         2345        16.00
     150.655     0.943750         2361        17.78
     189.183     0.950000         2376        20.00
     191.359     0.956250         2393        22.86
     195.583     0.962500         2408        26.67
     200.959     0.968750         2423        32.00
     205.183     0.971875         2431        35.56
     206.975     0.975000         2439        40.00
     209.535     0.978125         2447        45.71
     212.223     0.981250         2455        53.33
     215.039     0.984375         2462        64.00
     219.135     0.985938         2466        71.11
     222.847     0.987500         2470        80.00
     231.295     0.989062         2474        91.43
     239.487     0.990625         2478       106.67
     288.511     0.992188         2482       128.00
     290.559     0.992969         2484       142.22
     292.607     0.993750         2486       160.00
     295.167     0.994531         2488       182.86
     297.983     0.995313         2490       213.33
     300.031     0.996094         2492       256.00
     300.543     0.996484         2493       284.44
     304.127     0.996875         2494       320.00
     305.407     0.997266         2495       365.71
     307.199     0.997656         2496       426.67
     322.815     0.998047         2497       512.00
     322.815     0.998242         2497       568.89
     329.983     0.998437         2498       640.00
     329.983     0.998633         2498       731.43
     333.311     0.998828         2499       853.33
     333.311     0.999023         2499      1024.00
     333.311     0.999121         2499      1137.78
     392.191     0.999219         2500      1280.00
     392.191     0.999316         2500      1462.86
     392.191     0.999414         2500      1706.67
     392.191     0.999512         2500      2048.00
     392.191     0.999561         2500      2275.56
     403.967     0.999609         2501      2560.00
     403.967     1.000000         2501          inf
#[Mean    =       72.593, StdDeviation   =       48.889]
#[Max     =      403.712, Total count    =         2501]
#[Buckets =           27, SubBuckets     =         2048]
-----------------------------------------------------------------------
  2995 requests in 1.00m, 0.89MB read
Requests/sec:     49.91  
Transfer/sec:     15.22KB
