Running 1m test @ http://10.104.199.0/?loopCount=25&base=6&exp=6
  5 threads and 5 connections

  Thread calibration: mean lat.: 161.342ms, rate sampling interval: 536ms
  Thread calibration: mean lat.: 294.124ms, rate sampling interval: 957ms
  Thread calibration: mean lat.: 365.802ms, rate sampling interval: 1045ms
  Thread calibration: mean lat.: 252.702ms, rate sampling interval: 885ms
  Thread calibration: mean lat.: 139.003ms, rate sampling interval: 468ms

-----------------------------------------------------------------------
Test Results @ http://10.104.199.0/?loopCount=25&base=6&exp=6 
  Thread Stats   Avg      Stdev     99%   +/- Stdev
    Latency    74.33ms   50.53ms 260.35ms   86.33%
    Req/Sec    14.37      1.47    19.00     89.27%
  Latency Distribution (HdrHistogram - Recorded Latency)
 50.000%   53.41ms
 75.000%   86.08ms
 90.000%  142.98ms
 99.000%  260.35ms
 99.900%  300.54ms
 99.990%  329.47ms
 99.999%  329.47ms
100.000%  329.47ms

  Detailed Percentile spectrum:
       Value   Percentile   TotalCount 1/(1-Percentile)

      21.551     0.000000            1         1.00
      40.287     0.100000          377         1.11
      40.959     0.200000          760         1.25
      41.663     0.300000         1134         1.43
      44.415     0.400000         1502         1.67
      53.407     0.500000         1880         2.00
      58.591     0.550000         2066         2.22
      65.023     0.600000         2255         2.50
      69.759     0.650000         2443         2.86
      76.863     0.700000         2632         3.33
      86.079     0.750000         2817         4.00
      93.375     0.775000         2910         4.44
      99.839     0.800000         3005         5.00
     106.047     0.825000         3098         5.71
     118.207     0.850000         3191         6.67
     130.879     0.875000         3285         8.00
     135.935     0.887500         3332         8.89
     142.975     0.900000         3380        10.00
     152.191     0.912500         3428        11.43
     163.199     0.925000         3473        13.33
     176.767     0.937500         3521        16.00
     184.063     0.943750         3544        17.78
     193.663     0.950000         3567        20.00
     199.935     0.956250         3590        22.86
     207.487     0.962500         3614        26.67
     220.671     0.968750         3637        32.00
     225.151     0.971875         3649        35.56
     231.423     0.975000         3661        40.00
     234.495     0.978125         3673        45.71
     241.663     0.981250         3685        53.33
     247.679     0.984375         3696        64.00
     251.135     0.985938         3703        71.11
     254.079     0.987500         3708        80.00
     256.639     0.989062         3713        91.43
     261.887     0.990625         3719       106.67
     267.519     0.992188         3725       128.00
     269.823     0.992969         3728       142.22
     271.615     0.993750         3731       160.00
     273.919     0.994531         3734       182.86
     281.855     0.995313         3737       213.33
     288.255     0.996094         3740       256.00
     288.767     0.996484         3741       284.44
     289.279     0.996875         3743       320.00
     289.535     0.997266         3744       365.71
     293.375     0.997656         3746       426.67
     299.007     0.998047         3747       512.00
     299.263     0.998242         3748       568.89
     299.775     0.998437         3749       640.00
     299.775     0.998633         3749       731.43
     300.543     0.998828         3750       853.33
     303.103     0.999023         3751      1024.00
     303.103     0.999121         3751      1137.78
     317.695     0.999219         3752      1280.00
     317.695     0.999316         3752      1462.86
     317.695     0.999414         3752      1706.67
     319.231     0.999512         3753      2048.00
     319.231     0.999561         3753      2275.56
     319.231     0.999609         3753      2560.00
     319.231     0.999658         3753      2925.71
     319.231     0.999707         3753      3413.33
     329.471     0.999756         3754      4096.00
     329.471     1.000000         3754          inf
#[Mean    =       74.335, StdDeviation   =       50.528]
#[Max     =      329.216, Total count    =         3754]
#[Buckets =           27, SubBuckets     =         2048]
-----------------------------------------------------------------------
  4489 requests in 1.00m, 1.34MB read
Requests/sec:     74.81  
Transfer/sec:     22.80KB
