Running 1m test @ http://10.104.225.39/?loopCount=25&base=6&exp=6
  5 threads and 5 connections

  Thread calibration: mean lat.: 49.364ms, rate sampling interval: 150ms
  Thread calibration: mean lat.: 54.010ms, rate sampling interval: 201ms
  Thread calibration: mean lat.: 46.858ms, rate sampling interval: 144ms
  Thread calibration: mean lat.: 50.350ms, rate sampling interval: 161ms
  Thread calibration: mean lat.: 51.703ms, rate sampling interval: 152ms

-----------------------------------------------------------------------
Test Results @ http://10.104.225.39/?loopCount=25&base=6&exp=6 
  Thread Stats   Avg      Stdev     99%   +/- Stdev
    Latency    48.77ms   21.59ms 117.31ms   85.84%
    Req/Sec     9.48      3.42    15.00     95.85%
  Latency Distribution (HdrHistogram - Recorded Latency)
 50.000%   41.95ms
 75.000%   43.52ms
 90.000%   98.82ms
 99.000%  117.31ms
 99.900%  147.97ms
 99.990%  150.78ms
 99.999%  150.78ms
100.000%  150.78ms

  Detailed Percentile spectrum:
       Value   Percentile   TotalCount 1/(1-Percentile)

      22.175     0.000000            1         1.00
      38.751     0.100000          253         1.11
      40.479     0.200000          506         1.25
      40.895     0.300000          755         1.43
      41.407     0.400000         1015         1.67
      41.951     0.500000         1252         2.00
      42.271     0.550000         1375         2.22
      42.591     0.600000         1506         2.50
      42.911     0.650000         1629         2.86
      43.199     0.700000         1757         3.33
      43.519     0.750000         1878         4.00
      43.775     0.775000         1943         4.44
      43.999     0.800000         2009         5.00
      44.383     0.825000         2063         5.71
      45.663     0.850000         2125         6.67
      61.439     0.875000         2188         8.00
      74.175     0.887500         2219         8.89
      98.815     0.900000         2252        10.00
     101.183     0.912500         2282        11.43
     102.847     0.925000         2316        13.33
     104.255     0.937500         2344        16.00
     106.431     0.943750         2360        17.78
     107.711     0.950000         2375        20.00
     108.799     0.956250         2391        22.86
     109.695     0.962500         2407        26.67
     111.423     0.968750         2424        32.00
     112.383     0.971875         2430        35.56
     113.471     0.975000         2438        40.00
     114.367     0.978125         2446        45.71
     115.007     0.981250         2454        53.33
     116.479     0.984375         2461        64.00
     116.863     0.985938         2465        71.11
     117.119     0.987500         2470        80.00
     117.247     0.989062         2473        91.43
     117.631     0.990625         2477       106.67
     118.399     0.992188         2481       128.00
     119.039     0.992969         2483       142.22
     119.679     0.993750         2485       160.00
     119.999     0.994531         2487       182.86
     122.303     0.995313         2489       213.33
     124.543     0.996094         2491       256.00
     124.735     0.996484         2492       284.44
     128.511     0.996875         2493       320.00
     128.831     0.997266         2494       365.71
     138.495     0.997656         2495       426.67
     139.775     0.998047         2496       512.00
     139.775     0.998242         2496       568.89
     141.567     0.998437         2497       640.00
     141.567     0.998633         2497       731.43
     147.967     0.998828         2498       853.33
     147.967     0.999023         2498      1024.00
     147.967     0.999121         2498      1137.78
     149.759     0.999219         2499      1280.00
     149.759     0.999316         2499      1462.86
     149.759     0.999414         2499      1706.67
     149.759     0.999512         2499      2048.00
     149.759     0.999561         2499      2275.56
     150.783     0.999609         2500      2560.00
     150.783     1.000000         2500          inf
#[Mean    =       48.773, StdDeviation   =       21.592]
#[Max     =      150.656, Total count    =         2500]
#[Buckets =           27, SubBuckets     =         2048]
-----------------------------------------------------------------------
  2995 requests in 1.00m, 0.89MB read
Requests/sec:     49.91  
Transfer/sec:     15.21KB
