Running 1m test @ http://10.110.188.59/?loopCount=25&base=6&exp=6
  5 threads and 5 connections

  Thread calibration: mean lat.: 287.984ms, rate sampling interval: 784ms
  Thread calibration: mean lat.: 311.723ms, rate sampling interval: 1102ms
  Thread calibration: mean lat.: 96.656ms, rate sampling interval: 338ms
  Thread calibration: mean lat.: 156.578ms, rate sampling interval: 700ms
  Thread calibration: mean lat.: 92.786ms, rate sampling interval: 328ms

-----------------------------------------------------------------------
Test Results @ http://10.110.188.59/?loopCount=25&base=6&exp=6 
  Thread Stats   Avg      Stdev     99%   +/- Stdev
    Latency   104.01ms   85.56ms 441.60ms   87.71%
    Req/Sec    14.52      2.14    20.00     83.47%
  Latency Distribution (HdrHistogram - Recorded Latency)
 50.000%   73.92ms
 75.000%  126.78ms
 90.000%  210.69ms
 99.000%  441.60ms
 99.900%  568.32ms
 99.990%  592.90ms
 99.999%  592.90ms
100.000%  592.90ms

  Detailed Percentile spectrum:
       Value   Percentile   TotalCount 1/(1-Percentile)

      23.311     0.000000            1         1.00
      40.863     0.100000          384         1.11
      42.271     0.200000          754         1.25
      51.871     0.300000         1125         1.43
      61.279     0.400000         1502         1.67
      73.919     0.500000         1875         2.00
      81.343     0.550000         2065         2.22
      87.999     0.600000         2250         2.50
      97.279     0.650000         2438         2.86
     110.079     0.700000         2625         3.33
     126.783     0.750000         2813         4.00
     134.271     0.775000         2907         4.44
     146.175     0.800000         3000         5.00
     155.519     0.825000         3095         5.71
     168.191     0.850000         3189         6.67
     188.159     0.875000         3283         8.00
     197.887     0.887500         3329         8.89
     210.687     0.900000         3375        10.00
     227.583     0.912500         3425        11.43
     246.015     0.925000         3470        13.33
     263.679     0.937500         3516        16.00
     278.527     0.943750         3540        17.78
     287.999     0.950000         3563        20.00
     306.175     0.956250         3586        22.86
     322.559     0.962500         3610        26.67
     339.711     0.968750         3633        32.00
     349.951     0.971875         3645        35.56
     359.423     0.975000         3658        40.00
     366.335     0.978125         3668        45.71
     382.719     0.981250         3680        53.33
     396.799     0.984375         3692        64.00
     410.367     0.985938         3698        71.11
     415.487     0.987500         3704        80.00
     422.399     0.989062         3709        91.43
     449.023     0.990625         3715       106.67
     461.311     0.992188         3721       128.00
     485.119     0.992969         3724       142.22
     487.935     0.993750         3727       160.00
     503.295     0.994531         3730       182.86
     519.167     0.995313         3733       213.33
     526.335     0.996094         3736       256.00
     528.895     0.996484         3737       284.44
     540.159     0.996875         3739       320.00
     545.279     0.997266         3740       365.71
     549.375     0.997656         3742       426.67
     549.887     0.998047         3743       512.00
     565.759     0.998242         3744       568.89
     566.271     0.998437         3745       640.00
     566.271     0.998633         3745       731.43
     568.319     0.998828         3746       853.33
     577.535     0.999023         3747      1024.00
     577.535     0.999121         3747      1137.78
     580.095     0.999219         3748      1280.00
     580.095     0.999316         3748      1462.86
     580.095     0.999414         3748      1706.67
     592.383     0.999512         3749      2048.00
     592.383     0.999561         3749      2275.56
     592.383     0.999609         3749      2560.00
     592.383     0.999658         3749      2925.71
     592.383     0.999707         3749      3413.33
     592.895     0.999756         3750      4096.00
     592.895     1.000000         3750          inf
#[Mean    =      104.008, StdDeviation   =       85.564]
#[Max     =      592.384, Total count    =         3750]
#[Buckets =           27, SubBuckets     =         2048]
-----------------------------------------------------------------------
  4495 requests in 1.00m, 1.34MB read
Requests/sec:     74.91  
Transfer/sec:     22.83KB
