Running 1m test @ http://10.102.62.147/?loopCount=25&base=6&exp=6
  5 threads and 5 connections

  Thread calibration: mean lat.: 213.835ms, rate sampling interval: 647ms
  Thread calibration: mean lat.: 147.305ms, rate sampling interval: 563ms
  Thread calibration: mean lat.: 200.380ms, rate sampling interval: 752ms
  Thread calibration: mean lat.: 104.613ms, rate sampling interval: 372ms
  Thread calibration: mean lat.: 227.089ms, rate sampling interval: 741ms

-----------------------------------------------------------------------
Test Results @ http://10.102.62.147/?loopCount=25&base=6&exp=6 
  Thread Stats   Avg      Stdev     99%   +/- Stdev
    Latency   106.79ms   86.21ms 462.08ms   86.07%
    Req/Sec    14.47      1.86    18.00     91.20%
  Latency Distribution (HdrHistogram - Recorded Latency)
 50.000%   76.48ms
 75.000%  136.32ms
 90.000%  224.38ms
 99.000%  462.08ms
 99.900%  530.43ms
 99.990%  552.96ms
 99.999%  552.96ms
100.000%  552.96ms

  Detailed Percentile spectrum:
       Value   Percentile   TotalCount 1/(1-Percentile)

      21.535     0.000000            1         1.00
      40.671     0.100000          382         1.11
      41.791     0.200000          752         1.25
      49.023     0.300000         1122         1.43
      61.791     0.400000         1496         1.67
      76.479     0.500000         1868         2.00
      81.151     0.550000         2054         2.22
      90.751     0.600000         2241         2.50
     105.471     0.650000         2428         2.86
     117.823     0.700000         2614         3.33
     136.319     0.750000         2801         4.00
     144.767     0.775000         2894         4.44
     155.135     0.800000         2989         5.00
     169.983     0.825000         3083         5.71
     183.679     0.850000         3174         6.67
     203.903     0.875000         3270         8.00
     212.351     0.887500         3314         8.89
     224.383     0.900000         3361        10.00
     240.127     0.912500         3408        11.43
     253.695     0.925000         3454        13.33
     271.871     0.937500         3501        16.00
     277.503     0.943750         3524        17.78
     284.671     0.950000         3548        20.00
     293.119     0.956250         3572        22.86
     304.383     0.962500         3594        26.67
     313.599     0.968750         3618        32.00
     321.279     0.971875         3630        35.56
     337.663     0.975000         3641        40.00
     353.023     0.978125         3653        45.71
     366.335     0.981250         3664        53.33
     387.839     0.984375         3676        64.00
     419.327     0.985938         3683        71.11
     437.247     0.987500         3688        80.00
     455.679     0.989062         3694        91.43
     470.015     0.990625         3699       106.67
     478.975     0.992188         3705       128.00
     482.559     0.992969         3708       142.22
     486.655     0.993750         3711       160.00
     494.079     0.994531         3714       182.86
     504.319     0.995313         3717       213.33
     509.183     0.996094         3720       256.00
     509.439     0.996484         3721       284.44
     510.719     0.996875         3723       320.00
     511.743     0.997266         3724       365.71
     520.191     0.997656         3726       426.67
     522.751     0.998047         3728       512.00
     522.751     0.998242         3728       568.89
     526.335     0.998437         3729       640.00
     526.335     0.998633         3729       731.43
     530.431     0.998828         3730       853.33
     536.575     0.999023         3731      1024.00
     536.575     0.999121         3731      1137.78
     544.767     0.999219         3732      1280.00
     544.767     0.999316         3732      1462.86
     544.767     0.999414         3732      1706.67
     550.399     0.999512         3733      2048.00
     550.399     0.999561         3733      2275.56
     550.399     0.999609         3733      2560.00
     550.399     0.999658         3733      2925.71
     550.399     0.999707         3733      3413.33
     552.959     0.999756         3734      4096.00
     552.959     1.000000         3734          inf
#[Mean    =      106.789, StdDeviation   =       86.210]
#[Max     =      552.448, Total count    =         3734]
#[Buckets =           27, SubBuckets     =         2048]
-----------------------------------------------------------------------
  4476 requests in 1.00m, 1.33MB read
Requests/sec:     74.59  
Transfer/sec:     22.73KB
