Running 1m test @ http://10.108.208.72/?loopCount=25&base=6&exp=6
  5 threads and 5 connections

  Thread calibration: mean lat.: 163.421ms, rate sampling interval: 524ms
  Thread calibration: mean lat.: 174.925ms, rate sampling interval: 511ms
  Thread calibration: mean lat.: 150.822ms, rate sampling interval: 523ms
  Thread calibration: mean lat.: 147.117ms, rate sampling interval: 513ms
  Thread calibration: mean lat.: 123.959ms, rate sampling interval: 338ms

-----------------------------------------------------------------------
Test Results @ http://10.108.208.72/?loopCount=25&base=6&exp=6 
  Thread Stats   Avg      Stdev     99%   +/- Stdev
    Latency   171.40ms   86.52ms 379.65ms   56.10%
    Req/Sec     9.27      1.96    14.00     89.83%
  Latency Distribution (HdrHistogram - Recorded Latency)
 50.000%  156.67ms
 75.000%  245.50ms
 90.000%  277.25ms
 99.000%  379.65ms
 99.900%  465.15ms
 99.990%  476.93ms
 99.999%  476.93ms
100.000%  476.93ms

  Detailed Percentile spectrum:
       Value   Percentile   TotalCount 1/(1-Percentile)

      44.671     0.000000            1         1.00
      72.127     0.100000          251         1.11
      78.335     0.200000          500         1.25
     144.639     0.300000          751         1.43
     149.759     0.400000         1001         1.67
     156.671     0.500000         1247         2.00
     161.535     0.550000         1371         2.22
     164.991     0.600000         1498         2.50
     170.623     0.650000         1623         2.86
     177.663     0.700000         1746         3.33
     245.503     0.750000         1870         4.00
     249.087     0.775000         1934         4.44
     253.567     0.800000         1995         5.00
     258.175     0.825000         2056         5.71
     263.935     0.850000         2125         6.67
     269.567     0.875000         2182         8.00
     272.639     0.887500         2212         8.89
     277.247     0.900000         2243        10.00
     282.879     0.912500         2274        11.43
     345.599     0.925000         2310        13.33
     348.671     0.937500         2337        16.00
     351.999     0.943750         2357        17.78
     354.047     0.950000         2368        20.00
     356.095     0.956250         2384        22.86
     359.679     0.962500         2399        26.67
     362.495     0.968750         2416        32.00
     364.031     0.971875         2423        35.56
     364.799     0.975000         2432        40.00
     366.847     0.978125         2438        45.71
     369.919     0.981250         2447        53.33
     371.711     0.984375         2454        64.00
     372.223     0.985938         2457        71.11
     373.503     0.987500         2461        80.00
     379.135     0.989062         2465        91.43
     380.415     0.990625         2469       106.67
     390.143     0.992188         2473       128.00
     444.159     0.992969         2475       142.22
     445.439     0.993750         2477       160.00
     448.767     0.994531         2479       182.86
     451.839     0.995313         2481       213.33
     455.679     0.996094         2484       256.00
     455.679     0.996484         2484       284.44
     456.703     0.996875         2485       320.00
     457.983     0.997266         2486       365.71
     461.567     0.997656         2487       426.67
     462.591     0.998047         2489       512.00
     462.591     0.998242         2489       568.89
     462.591     0.998437         2489       640.00
     462.591     0.998633         2489       731.43
     465.151     0.998828         2490       853.33
     465.151     0.999023         2490      1024.00
     465.151     0.999121         2490      1137.78
     466.431     0.999219         2491      1280.00
     466.431     0.999316         2491      1462.86
     466.431     0.999414         2491      1706.67
     466.431     0.999512         2491      2048.00
     466.431     0.999561         2491      2275.56
     476.927     0.999609         2492      2560.00
     476.927     1.000000         2492          inf
#[Mean    =      171.398, StdDeviation   =       86.522]
#[Max     =      476.672, Total count    =         2492]
#[Buckets =           27, SubBuckets     =         2048]
-----------------------------------------------------------------------
  2986 requests in 1.00m, 0.89MB read
Requests/sec:     49.76  
Transfer/sec:     15.18KB
