Running 1m test @ http://10.97.57.202/?loopCount=25&base=6&exp=6
  5 threads and 5 connections

  Thread calibration: mean lat.: 213.905ms, rate sampling interval: 739ms
  Thread calibration: mean lat.: 179.398ms, rate sampling interval: 566ms
  Thread calibration: mean lat.: 214.771ms, rate sampling interval: 743ms
  Thread calibration: mean lat.: 159.797ms, rate sampling interval: 539ms
  Thread calibration: mean lat.: 204.775ms, rate sampling interval: 580ms

-----------------------------------------------------------------------
Test Results @ http://10.97.57.202/?loopCount=25&base=6&exp=6 
  Thread Stats   Avg      Stdev     99%   +/- Stdev
    Latency   650.29ms  397.26ms   1.88s    63.09%
    Req/Sec     9.37      1.61    13.00     85.75%
  Latency Distribution (HdrHistogram - Recorded Latency)
 50.000%  597.50ms
 75.000%  961.02ms
 90.000%    1.17s 
 99.000%    1.88s 
 99.900%    1.98s 
 99.990%    1.98s 
 99.999%    1.98s 
100.000%    1.98s 

  Detailed Percentile spectrum:
       Value   Percentile   TotalCount 1/(1-Percentile)

      73.919     0.000000            1         1.00
     168.831     0.100000          246         1.11
     274.175     0.200000          493         1.25
     372.223     0.300000          739         1.43
     484.095     0.400000          986         1.67
     597.503     0.500000         1230         2.00
     673.791     0.550000         1353         2.22
     688.127     0.600000         1476         2.50
     773.119     0.650000         1600         2.86
     865.791     0.700000         1724         3.33
     961.023     0.750000         1846         4.00
     983.039     0.775000         1907         4.44
    1063.935     0.800000         1970         5.00
    1078.271     0.825000         2032         5.71
    1091.583     0.850000         2094         6.67
    1165.311     0.875000         2158         8.00
    1169.407     0.887500         2185         8.89
    1174.527     0.900000         2216        10.00
    1182.719     0.912500         2246        11.43
    1188.863     0.925000         2276        13.33
    1263.615     0.937500         2309        16.00
    1269.759     0.943750         2324        17.78
    1273.855     0.950000         2340        20.00
    1278.975     0.956250         2353        22.86
    1289.215     0.962500         2368        26.67
    1384.447     0.968750         2385        32.00
    1462.271     0.971875         2391        35.56
    1480.703     0.975000         2400        40.00
    1564.671     0.978125         2407        45.71
    1580.031     0.981250         2415        53.33
    1787.903     0.984375         2422        64.00
    1862.655     0.985938         2426        71.11
    1868.799     0.987500         2430        80.00
    1876.991     0.989062         2434        91.43
    1882.111     0.990625         2438       106.67
    1887.231     0.992188         2444       128.00
    1887.231     0.992969         2444       142.22
    1890.303     0.993750         2445       160.00
    1894.399     0.994531         2447       182.86
    1901.567     0.995313         2449       213.33
    1966.079     0.996094         2451       256.00
    1967.103     0.996484         2453       284.44
    1967.103     0.996875         2453       320.00
    1969.151     0.997266         2454       365.71
    1972.223     0.997656         2455       426.67
    1973.247     0.998047         2456       512.00
    1973.247     0.998242         2456       568.89
    1978.367     0.998437         2457       640.00
    1978.367     0.998633         2457       731.43
    1979.391     0.998828         2458       853.33
    1979.391     0.999023         2458      1024.00
    1979.391     0.999121         2458      1137.78
    1980.415     0.999219         2459      1280.00
    1980.415     0.999316         2459      1462.86
    1980.415     0.999414         2459      1706.67
    1980.415     0.999512         2459      2048.00
    1980.415     0.999561         2459      2275.56
    1981.439     0.999609         2460      2560.00
    1981.439     1.000000         2460          inf
#[Mean    =      650.287, StdDeviation   =      397.259]
#[Max     =     1980.416, Total count    =         2460]
#[Buckets =           27, SubBuckets     =         2048]
-----------------------------------------------------------------------
  2948 requests in 1.00m, 0.88MB read
Requests/sec:     49.13  
Transfer/sec:     14.99KB
