Running 1m test @ http://10.111.78.179/?loopCount=25&base=6&exp=6
  1 threads and 1 connections

  Thread calibration: mean lat.: 70.465ms, rate sampling interval: 197ms

-----------------------------------------------------------------------
Test Results @ http://10.111.78.179/?loopCount=25&base=6&exp=6 
  Thread Stats   Avg      Stdev     99%   +/- Stdev
    Latency   194.86ms   33.21ms 272.89ms   66.03%
    Req/Sec    24.60      2.00    30.00     84.58%
  Latency Distribution (HdrHistogram - Recorded Latency)
 50.000%  194.18ms
 75.000%  219.90ms
 90.000%  238.46ms
 99.000%  272.89ms
 99.900%  279.30ms
 99.990%  279.30ms
 99.999%  279.30ms
100.000%  279.30ms

  Detailed Percentile spectrum:
       Value   Percentile   TotalCount 1/(1-Percentile)

     112.127     0.000000            1         1.00
     154.623     0.100000          125         1.11
     165.759     0.200000          250         1.25
     175.615     0.300000          376         1.43
     183.551     0.400000          500         1.67
     194.175     0.500000          624         2.00
     199.807     0.550000          689         2.22
     201.599     0.600000          750         2.50
     205.695     0.650000          813         2.86
     210.303     0.700000          874         3.33
     219.903     0.750000          936         4.00
     222.719     0.775000          969         4.44
     226.047     0.800000          999         5.00
     228.351     0.825000         1030         5.71
     231.295     0.850000         1061         6.67
     235.007     0.875000         1093         8.00
     237.183     0.887500         1109         8.89
     238.463     0.900000         1125        10.00
     241.151     0.912500         1139        11.43
     243.327     0.925000         1155        13.33
     246.911     0.937500         1171        16.00
     247.807     0.943750         1178        17.78
     249.471     0.950000         1186        20.00
     252.415     0.956250         1194        22.86
     256.639     0.962500         1202        26.67
     260.991     0.968750         1210        32.00
     262.911     0.971875         1213        35.56
     264.447     0.975000         1217        40.00
     266.495     0.978125         1222        45.71
     267.519     0.981250         1225        53.33
     269.567     0.984375         1229        64.00
     270.847     0.985938         1232        71.11
     271.615     0.987500         1233        80.00
     272.895     0.989062         1236        91.43
     273.151     0.990625         1237       106.67
     274.687     0.992188         1239       128.00
     275.455     0.992969         1240       142.22
     276.223     0.993750         1241       160.00
     276.735     0.994531         1242       182.86
     277.247     0.995313         1244       213.33
     277.247     0.996094         1244       256.00
     277.247     0.996484         1244       284.44
     278.271     0.996875         1245       320.00
     278.271     0.997266         1245       365.71
     278.783     0.997656         1246       426.67
     278.783     0.998047         1246       512.00
     278.783     0.998242         1246       568.89
     279.295     0.998437         1248       640.00
     279.295     1.000000         1248          inf
#[Mean    =      194.858, StdDeviation   =       33.213]
#[Max     =      279.040, Total count    =         1248]
#[Buckets =           27, SubBuckets     =         2048]
-----------------------------------------------------------------------
  1495 requests in 1.00m, 455.51KB read
Requests/sec:     24.91  
Transfer/sec:      7.59KB
