Running 1m test @ http://10.109.115.86/?loopCount=25&base=6&exp=6
  1 threads and 1 connections

  Thread calibration: mean lat.: 2630.470ms, rate sampling interval: 9060ms

-----------------------------------------------------------------------
Test Results @ http://10.109.115.86/?loopCount=25&base=6&exp=6 
  Thread Stats   Avg      Stdev     99%   +/- Stdev
    Latency    16.44s     6.58s   27.28s    56.68%
    Req/Sec    13.20      0.40    14.00    100.00%
  Latency Distribution (HdrHistogram - Recorded Latency)
 50.000%   16.60s 
 75.000%   22.40s 
 90.000%   25.10s 
 99.000%   27.28s 
 99.900%   27.53s 
 99.990%   27.57s 
 99.999%   27.57s 
100.000%   27.57s 

  Detailed Percentile spectrum:
       Value   Percentile   TotalCount 1/(1-Percentile)

    4882.431     0.000000            1         1.00
    7172.095     0.100000           70         1.11
    9838.591     0.200000          138         1.25
   11812.863     0.300000          205         1.43
   14311.423     0.400000          273         1.67
   16596.991     0.500000          341         2.00
   17694.719     0.550000          377         2.22
   18956.287     0.600000          409         2.50
   20299.775     0.650000          443         2.86
   21479.423     0.700000          481         3.33
   22396.927     0.750000          511         4.00
   23117.823     0.775000          528         4.44
   23314.431     0.800000          548         5.00
   23461.887     0.825000          562         5.71
   24150.015     0.850000          580         6.67
   24592.383     0.875000          596         8.00
   25018.367     0.887500          605         8.89
   25100.287     0.900000          613        10.00
   25460.735     0.912500          622        11.43
   25739.263     0.925000          630        13.33
   25985.023     0.937500          639        16.00
   26181.631     0.943750          643        17.78
   26361.855     0.950000          647        20.00
   26640.383     0.956250          652        22.86
   26771.455     0.962500          657        26.67
   26804.223     0.968750          661        32.00
   26853.375     0.971875          663        35.56
   26869.759     0.975000          664        40.00
   27049.983     0.978125          667        45.71
   27148.287     0.981250          670        53.33
   27181.055     0.984375          671        64.00
   27230.207     0.985938          672        71.11
   27279.359     0.987500          674        80.00
   27279.359     0.989062          674        91.43
   27328.511     0.990625          675       106.67
   27377.663     0.992188          677       128.00
   27377.663     0.992969          677       142.22
   27377.663     0.993750          677       160.00
   27410.431     0.994531          678       182.86
   27410.431     0.995313          678       213.33
   27459.583     0.996094          679       256.00
   27459.583     0.996484          679       284.44
   27459.583     0.996875          679       320.00
   27525.119     0.997266          680       365.71
   27525.119     0.997656          680       426.67
   27525.119     0.998047          680       512.00
   27525.119     0.998242          680       568.89
   27525.119     0.998437          680       640.00
   27574.271     0.998633          681       731.43
   27574.271     1.000000          681          inf
#[Mean    =    16444.096, StdDeviation   =     6578.268]
#[Max     =    27557.888, Total count    =          681]
#[Buckets =           27, SubBuckets     =         2048]
-----------------------------------------------------------------------
  810 requests in 1.00m, 246.91KB read
Requests/sec:     13.50  
Transfer/sec:      4.11KB
