Running 1m test @ http://10.97.57.202/?loopCount=25&base=6&exp=6
  1 threads and 1 connections

  Thread calibration: mean lat.: 90.034ms, rate sampling interval: 230ms

-----------------------------------------------------------------------
Test Results @ http://10.97.57.202/?loopCount=25&base=6&exp=6 
  Thread Stats   Avg      Stdev     99%   +/- Stdev
    Latency   245.85ms   94.58ms 429.05ms   60.82%
    Req/Sec    24.57      2.36    30.00     69.12%
  Latency Distribution (HdrHistogram - Recorded Latency)
 50.000%  205.05ms
 75.000%  330.24ms
 90.000%  387.84ms
 99.000%  429.05ms
 99.900%  432.89ms
 99.990%  433.66ms
 99.999%  433.66ms
100.000%  433.66ms

  Detailed Percentile spectrum:
       Value   Percentile   TotalCount 1/(1-Percentile)

     105.791     0.000000            1         1.00
     128.959     0.100000          125         1.11
     164.863     0.200000          249         1.25
     184.191     0.300000          373         1.43
     192.895     0.400000          498         1.67
     205.055     0.500000          622         2.00
     235.263     0.550000          685         2.22
     262.399     0.600000          746         2.50
     300.031     0.650000          808         2.86
     318.207     0.700000          871         3.33
     330.495     0.750000          934         4.00
     338.943     0.775000          964         4.44
     349.439     0.800000          996         5.00
     357.631     0.825000         1028         5.71
     369.407     0.850000         1057         6.67
     378.623     0.875000         1089         8.00
     382.463     0.887500         1104         8.89
     387.839     0.900000         1119        10.00
     391.935     0.912500         1135        11.43
     395.775     0.925000         1150        13.33
     398.591     0.937500         1166        16.00
     401.151     0.943750         1174        17.78
     403.199     0.950000         1181        20.00
     407.039     0.956250         1189        22.86
     410.367     0.962500         1197        26.67
     414.975     0.968750         1205        32.00
     418.303     0.971875         1210        35.56
     419.071     0.975000         1213        40.00
     420.863     0.978125         1216        45.71
     422.911     0.981250         1220        53.33
     425.727     0.984375         1224        64.00
     426.239     0.985938         1226        71.11
     426.495     0.987500         1228        80.00
     428.287     0.989062         1230        91.43
     429.055     0.990625         1232       106.67
     430.335     0.992188         1234       128.00
     430.591     0.992969         1235       142.22
     431.359     0.993750         1236       160.00
     431.615     0.994531         1237       182.86
     432.639     0.995313         1240       213.33
     432.639     0.996094         1240       256.00
     432.639     0.996484         1240       284.44
     432.639     0.996875         1240       320.00
     432.639     0.997266         1240       365.71
     432.895     0.997656         1242       426.67
     432.895     0.998047         1242       512.00
     432.895     0.998242         1242       568.89
     432.895     0.998437         1242       640.00
     432.895     0.998633         1242       731.43
     432.895     0.998828         1242       853.33
     432.895     0.999023         1242      1024.00
     432.895     0.999121         1242      1137.78
     433.663     0.999219         1243      1280.00
     433.663     1.000000         1243          inf
#[Mean    =      245.854, StdDeviation   =       94.581]
#[Max     =      433.408, Total count    =         1243]
#[Buckets =           27, SubBuckets     =         2048]
-----------------------------------------------------------------------
  1489 requests in 1.00m, 453.68KB read
Requests/sec:     24.81  
Transfer/sec:      7.56KB
