Running 1m test @ http://10.111.78.179/?loopCount=25&base=6&exp=6
  1 threads and 1 connections

  Thread calibration: mean lat.: 143.268ms, rate sampling interval: 374ms

-----------------------------------------------------------------------
Test Results @ http://10.111.78.179/?loopCount=25&base=6&exp=6 
  Thread Stats   Avg      Stdev     99%   +/- Stdev
    Latency   361.19ms   66.93ms 454.65ms   68.97%
    Req/Sec    24.62      0.99    26.00     99.25%
  Latency Distribution (HdrHistogram - Recorded Latency)
 50.000%  382.72ms
 75.000%  409.34ms
 90.000%  433.66ms
 99.000%  454.65ms
 99.900%  456.45ms
 99.990%  456.45ms
 99.999%  456.45ms
100.000%  456.45ms

  Detailed Percentile spectrum:
       Value   Percentile   TotalCount 1/(1-Percentile)

     196.735     0.000000            1         1.00
     246.015     0.100000          126         1.11
     310.783     0.200000          249         1.25
     333.567     0.300000          374         1.43
     358.655     0.400000          499         1.67
     382.719     0.500000          622         2.00
     391.679     0.550000          687         2.22
     395.263     0.600000          748         2.50
     399.359     0.650000          810         2.86
     403.711     0.700000          871         3.33
     409.343     0.750000          935         4.00
     413.183     0.775000          965         4.44
     417.023     0.800000          996         5.00
     421.119     0.825000         1028         5.71
     425.983     0.850000         1058         6.67
     429.311     0.875000         1089         8.00
     431.871     0.887500         1108         8.89
     433.663     0.900000         1121        10.00
     436.991     0.912500         1137        11.43
     442.367     0.925000         1152        13.33
     444.159     0.937500         1167        16.00
     444.671     0.943750         1178        17.78
     445.183     0.950000         1182        20.00
     445.695     0.956250         1190        22.86
     447.231     0.962500         1199        26.67
     448.255     0.968750         1206        32.00
     449.279     0.971875         1211        35.56
     449.791     0.975000         1214        40.00
     450.815     0.978125         1218        45.71
     451.839     0.981250         1222        53.33
     453.119     0.984375         1225        64.00
     453.887     0.985938         1227        71.11
     454.399     0.987500         1231        80.00
     454.399     0.989062         1231        91.43
     454.911     0.990625         1233       106.67
     455.423     0.992188         1235       128.00
     455.679     0.992969         1238       142.22
     455.679     0.993750         1238       160.00
     455.679     0.994531         1238       182.86
     456.191     0.995313         1241       213.33
     456.191     0.996094         1241       256.00
     456.191     0.996484         1241       284.44
     456.191     0.996875         1241       320.00
     456.191     0.997266         1241       365.71
     456.447     0.997656         1244       426.67
     456.447     1.000000         1244          inf
#[Mean    =      361.186, StdDeviation   =       66.928]
#[Max     =      456.192, Total count    =         1244]
#[Buckets =           27, SubBuckets     =         2048]
-----------------------------------------------------------------------
  1490 requests in 1.00m, 453.98KB read
Requests/sec:     24.83  
Transfer/sec:      7.57KB
