Running 1m test @ http://10.96.164.126/?loopCount=25&base=6&exp=6
  5 threads and 5 connections

  Thread calibration: mean lat.: 51.908ms, rate sampling interval: 178ms
  Thread calibration: mean lat.: 45.743ms, rate sampling interval: 115ms
  Thread calibration: mean lat.: 50.908ms, rate sampling interval: 152ms
  Thread calibration: mean lat.: 56.464ms, rate sampling interval: 207ms
  Thread calibration: mean lat.: 55.388ms, rate sampling interval: 186ms

-----------------------------------------------------------------------
Test Results @ http://10.96.164.126/?loopCount=25&base=6&exp=6 
  Thread Stats   Avg      Stdev     99%   +/- Stdev
    Latency    43.20ms    9.59ms  97.28ms   93.24%
    Req/Sec     9.48      2.83    17.00     86.78%
  Latency Distribution (HdrHistogram - Recorded Latency)
 50.000%   41.63ms
 75.000%   42.27ms
 90.000%   44.35ms
 99.000%   97.28ms
 99.900%  120.19ms
 99.990%  186.62ms
 99.999%  186.62ms
100.000%  186.62ms

  Detailed Percentile spectrum:
       Value   Percentile   TotalCount 1/(1-Percentile)

      22.175     0.000000            1         1.00
      39.519     0.100000          251         1.11
      40.799     0.200000          512         1.25
      41.119     0.300000          759         1.43
      41.407     0.400000         1024         1.67
      41.631     0.500000         1285         2.00
      41.727     0.550000         1397         2.22
      41.855     0.600000         1519         2.50
      41.983     0.650000         1642         2.86
      42.111     0.700000         1758         3.33
      42.271     0.750000         1882         4.00
      42.367     0.775000         1942         4.44
      42.463     0.800000         2002         5.00
      42.591     0.825000         2066         5.71
      42.751     0.850000         2133         6.67
      43.071     0.875000         2192         8.00
      43.391     0.887500         2220         8.89
      44.351     0.900000         2250        10.00
      46.015     0.912500         2283        11.43
      48.863     0.925000         2315        13.33
      50.015     0.937500         2344        16.00
      50.943     0.943750         2360        17.78
      53.023     0.950000         2375        20.00
      54.879     0.956250         2391        22.86
      57.503     0.962500         2407        26.67
      63.167     0.968750         2422        32.00
      65.727     0.971875         2430        35.56
      67.391     0.975000         2438        40.00
      71.103     0.978125         2446        45.71
      88.895     0.981250         2454        53.33
      89.343     0.984375         2462        64.00
      89.855     0.985938         2465        71.11
      92.927     0.987500         2469        80.00
      93.887     0.989062         2473        91.43
      98.047     0.990625         2477       106.67
     100.991     0.992188         2481       128.00
     101.695     0.992969         2483       142.22
     104.767     0.993750         2485       160.00
     105.471     0.994531         2487       182.86
     105.919     0.995313         2489       213.33
     109.439     0.996094         2491       256.00
     110.975     0.996484         2492       284.44
     111.487     0.996875         2493       320.00
     113.727     0.997266         2494       365.71
     114.495     0.997656         2495       426.67
     115.647     0.998047         2496       512.00
     115.647     0.998242         2496       568.89
     118.271     0.998437         2497       640.00
     118.271     0.998633         2497       731.43
     120.191     0.998828         2498       853.33
     120.191     0.999023         2498      1024.00
     120.191     0.999121         2498      1137.78
     126.847     0.999219         2499      1280.00
     126.847     0.999316         2499      1462.86
     126.847     0.999414         2499      1706.67
     126.847     0.999512         2499      2048.00
     126.847     0.999561         2499      2275.56
     186.623     0.999609         2500      2560.00
     186.623     1.000000         2500          inf
#[Mean    =       43.205, StdDeviation   =        9.591]
#[Max     =      186.496, Total count    =         2500]
#[Buckets =           27, SubBuckets     =         2048]
-----------------------------------------------------------------------
  2995 requests in 1.00m, 0.89MB read
Requests/sec:     49.91  
Transfer/sec:     15.21KB
