Running 1m test @ http://10.100.134.99/?loopCount=25&base=6&exp=6
  5 threads and 5 connections

  Thread calibration: mean lat.: 103.196ms, rate sampling interval: 381ms
  Thread calibration: mean lat.: 286.529ms, rate sampling interval: 865ms
  Thread calibration: mean lat.: 282.891ms, rate sampling interval: 750ms
  Thread calibration: mean lat.: 199.569ms, rate sampling interval: 727ms
  Thread calibration: mean lat.: 121.317ms, rate sampling interval: 469ms

-----------------------------------------------------------------------
Test Results @ http://10.100.134.99/?loopCount=25&base=6&exp=6 
  Thread Stats   Avg      Stdev     99%   +/- Stdev
    Latency   113.85ms   91.48ms 403.97ms   83.24%
    Req/Sec    14.51      1.99    21.00     87.85%
  Latency Distribution (HdrHistogram - Recorded Latency)
 50.000%   74.11ms
 75.000%  161.28ms
 90.000%  252.54ms
 99.000%  403.97ms
 99.900%  519.17ms
 99.990%  546.82ms
 99.999%  546.82ms
100.000%  546.82ms

  Detailed Percentile spectrum:
       Value   Percentile   TotalCount 1/(1-Percentile)

      21.791     0.000000            1         1.00
      40.703     0.100000          377         1.11
      41.599     0.200000          758         1.25
      46.559     0.300000         1125         1.43
      58.559     0.400000         1499         1.67
      74.111     0.500000         1876         2.00
      84.159     0.550000         2061         2.22
      97.215     0.600000         2251         2.50
     112.639     0.650000         2436         2.86
     135.679     0.700000         2623         3.33
     161.663     0.750000         2812         4.00
     173.439     0.775000         2905         4.44
     187.647     0.800000         2998         5.00
     199.167     0.825000         3093         5.71
     216.703     0.850000         3185         6.67
     232.191     0.875000         3280         8.00
     241.919     0.887500         3326         8.89
     252.543     0.900000         3373        10.00
     264.447     0.912500         3420        11.43
     279.295     0.925000         3466        13.33
     291.071     0.937500         3514        16.00
     299.007     0.943750         3537        17.78
     306.175     0.950000         3561        20.00
     312.063     0.956250         3584        22.86
     324.607     0.962500         3608        26.67
     333.311     0.968750         3632        32.00
     337.663     0.971875         3642        35.56
     343.039     0.975000         3655        40.00
     356.095     0.978125         3666        45.71
     361.215     0.981250         3677        53.33
     374.527     0.984375         3689        64.00
     382.719     0.985938         3695        71.11
     388.607     0.987500         3701        80.00
     393.215     0.989062         3707        91.43
     406.271     0.990625         3712       106.67
     428.287     0.992188         3718       128.00
     440.831     0.992969         3721       142.22
     443.647     0.993750         3724       160.00
     449.023     0.994531         3727       182.86
     470.271     0.995313         3730       213.33
     482.047     0.996094         3734       256.00
     482.047     0.996484         3734       284.44
     494.591     0.996875         3736       320.00
     498.431     0.997266         3737       365.71
     500.735     0.997656         3739       426.67
     506.623     0.998047         3740       512.00
     508.927     0.998242         3741       568.89
     517.631     0.998437         3742       640.00
     517.631     0.998633         3742       731.43
     519.167     0.998828         3743       853.33
     520.447     0.999023         3744      1024.00
     520.447     0.999121         3744      1137.78
     523.007     0.999219         3745      1280.00
     523.007     0.999316         3745      1462.86
     523.007     0.999414         3745      1706.67
     538.111     0.999512         3746      2048.00
     538.111     0.999561         3746      2275.56
     538.111     0.999609         3746      2560.00
     538.111     0.999658         3746      2925.71
     538.111     0.999707         3746      3413.33
     546.815     0.999756         3747      4096.00
     546.815     1.000000         3747          inf
#[Mean    =      113.855, StdDeviation   =       91.480]
#[Max     =      546.304, Total count    =         3747]
#[Buckets =           27, SubBuckets     =         2048]
-----------------------------------------------------------------------
  4485 requests in 1.00m, 1.33MB read
Requests/sec:     74.74  
Transfer/sec:     22.78KB
