Running 1m test @ http://10.111.78.179/?loopCount=25&base=6&exp=6
  5 threads and 5 connections

  Thread calibration: mean lat.: 1017.736ms, rate sampling interval: 3577ms
  Thread calibration: mean lat.: 810.765ms, rate sampling interval: 2871ms
  Thread calibration: mean lat.: 1146.719ms, rate sampling interval: 3053ms
  Thread calibration: mean lat.: 704.158ms, rate sampling interval: 2312ms
  Thread calibration: mean lat.: 1045.862ms, rate sampling interval: 3332ms

-----------------------------------------------------------------------
Test Results @ http://10.111.78.179/?loopCount=25&base=6&exp=6 
  Thread Stats   Avg      Stdev     99%   +/- Stdev
    Latency     5.05s     2.00s    8.86s    60.32%
    Req/Sec    12.40      1.17    15.00     92.68%
  Latency Distribution (HdrHistogram - Recorded Latency)
 50.000%    4.86s 
 75.000%    6.84s 
 90.000%    7.70s 
 99.000%    8.86s 
 99.900%    9.22s 
 99.990%    9.33s 
 99.999%    9.33s 
100.000%    9.33s 

  Detailed Percentile spectrum:
       Value   Percentile   TotalCount 1/(1-Percentile)

    1091.583     0.000000            1         1.00
    2435.071     0.100000          323         1.11
    3117.055     0.200000          646         1.25
    3819.519     0.300000          968         1.43
    4333.567     0.400000         1295         1.67
    4861.951     0.500000         1615         2.00
    5226.495     0.550000         1778         2.22
    5582.847     0.600000         1937         2.50
    6033.407     0.650000         2097         2.86
    6463.487     0.700000         2259         3.33
    6836.223     0.750000         2423         4.00
    6975.487     0.775000         2502         4.44
    7114.751     0.800000         2581         5.00
    7266.303     0.825000         2664         5.71
    7405.567     0.850000         2743         6.67
    7528.447     0.875000         2823         8.00
    7598.079     0.887500         2865         8.89
    7704.575     0.900000         2904        10.00
    7815.167     0.912500         2944        11.43
    7901.183     0.925000         2985        13.33
    8065.023     0.937500         3025        16.00
    8163.327     0.943750         3047        17.78
    8232.959     0.950000         3065        20.00
    8372.223     0.956250         3085        22.86
    8568.831     0.962500         3106        26.67
    8667.135     0.968750         3126        32.00
    8691.711     0.971875         3141        35.56
    8699.903     0.975000         3147        40.00
    8724.479     0.978125         3157        45.71
    8732.671     0.981250         3167        53.33
    8757.247     0.984375         3177        64.00
    8773.631     0.985938         3183        71.11
    8790.015     0.987500         3186        80.00
    8822.783     0.989062         3191        91.43
    8921.087     0.990625         3197       106.67
    9043.967     0.992188         3201       128.00
    9093.119     0.992969         3205       142.22
    9109.503     0.993750         3206       160.00
    9134.079     0.994531         3209       182.86
    9150.463     0.995313         3212       213.33
    9158.655     0.996094         3214       256.00
    9166.847     0.996484         3216       284.44
    9166.847     0.996875         3216       320.00
    9175.039     0.997266         3219       365.71
    9175.039     0.997656         3219       426.67
    9183.231     0.998047         3220       512.00
    9199.615     0.998242         3222       568.89
    9199.615     0.998437         3222       640.00
    9199.615     0.998633         3222       731.43
    9224.191     0.998828         3223       853.33
    9224.191     0.999023         3223      1024.00
    9232.383     0.999121         3224      1137.78
    9232.383     0.999219         3224      1280.00
    9232.383     0.999316         3224      1462.86
    9248.767     0.999414         3225      1706.67
    9248.767     0.999512         3225      2048.00
    9248.767     0.999561         3225      2275.56
    9248.767     0.999609         3225      2560.00
    9248.767     0.999658         3225      2925.71
    9330.687     0.999707         3226      3413.33
    9330.687     1.000000         3226          inf
#[Mean    =     5054.769, StdDeviation   =     1995.451]
#[Max     =     9322.496, Total count    =         3226]
#[Buckets =           27, SubBuckets     =         2048]
-----------------------------------------------------------------------
  3856 requests in 1.00m, 1.15MB read
Requests/sec:     64.26  
Transfer/sec:     19.59KB
