Running 1m test @ http://10.104.225.39/?loopCount=25&base=6&exp=6
  5 threads and 5 connections

  Thread calibration: mean lat.: 57.060ms, rate sampling interval: 212ms
  Thread calibration: mean lat.: 60.357ms, rate sampling interval: 227ms
  Thread calibration: mean lat.: 62.962ms, rate sampling interval: 229ms
  Thread calibration: mean lat.: 63.367ms, rate sampling interval: 226ms
  Thread calibration: mean lat.: 58.727ms, rate sampling interval: 230ms

-----------------------------------------------------------------------
Test Results @ http://10.104.225.39/?loopCount=25&base=6&exp=6 
  Thread Stats   Avg      Stdev     99%   +/- Stdev
    Latency    52.95ms   27.64ms 130.18ms   82.51%
    Req/Sec     9.48      2.58    14.00     90.91%
  Latency Distribution (HdrHistogram - Recorded Latency)
 50.000%   41.79ms
 75.000%   43.84ms
 90.000%  109.89ms
 99.000%  130.18ms
 99.900%  201.60ms
 99.990%  205.57ms
 99.999%  205.57ms
100.000%  205.57ms

  Detailed Percentile spectrum:
       Value   Percentile   TotalCount 1/(1-Percentile)

      22.127     0.000000            1         1.00
      38.271     0.100000          251         1.11
      40.447     0.200000          501         1.25
      40.895     0.300000          759         1.43
      41.343     0.400000         1005         1.67
      41.791     0.500000         1250         2.00
      42.079     0.550000         1375         2.22
      42.431     0.600000         1512         2.50
      42.719     0.650000         1625         2.86
      43.167     0.700000         1755         3.33
      43.839     0.750000         1875         4.00
      45.055     0.775000         1940         4.44
      49.471     0.800000         2000         5.00
      61.567     0.825000         2063         5.71
     102.911     0.850000         2125         6.67
     105.407     0.875000         2187         8.00
     107.071     0.887500         2218         8.89
     109.951     0.900000         2251        10.00
     111.743     0.912500         2282        11.43
     113.279     0.925000         2312        13.33
     114.751     0.937500         2344        16.00
     115.711     0.943750         2359        17.78
     116.927     0.950000         2375        20.00
     118.207     0.956250         2390        22.86
     119.935     0.962500         2407        26.67
     120.767     0.968750         2421        32.00
     121.023     0.971875         2429        35.56
     121.343     0.975000         2437        40.00
     121.599     0.978125         2445        45.71
     122.367     0.981250         2453        53.33
     124.031     0.984375         2460        64.00
     124.927     0.985938         2465        71.11
     127.487     0.987500         2468        80.00
     128.831     0.989062         2472        91.43
     130.559     0.990625         2476       106.67
     130.879     0.992188         2480       128.00
     131.967     0.992969         2484       142.22
     131.967     0.993750         2484       160.00
     133.375     0.994531         2486       182.86
     136.447     0.995313         2488       213.33
     140.159     0.996094         2490       256.00
     143.487     0.996484         2491       284.44
     146.815     0.996875         2492       320.00
     148.223     0.997266         2493       365.71
     148.991     0.997656         2494       426.67
     149.503     0.998047         2495       512.00
     149.503     0.998242         2495       568.89
     150.655     0.998437         2496       640.00
     150.655     0.998633         2496       731.43
     201.599     0.998828         2497       853.33
     201.599     0.999023         2497      1024.00
     201.599     0.999121         2497      1137.78
     205.311     0.999219         2498      1280.00
     205.311     0.999316         2498      1462.86
     205.311     0.999414         2498      1706.67
     205.311     0.999512         2498      2048.00
     205.311     0.999561         2498      2275.56
     205.567     0.999609         2499      2560.00
     205.567     1.000000         2499          inf
#[Mean    =       52.952, StdDeviation   =       27.637]
#[Max     =      205.440, Total count    =         2499]
#[Buckets =           27, SubBuckets     =         2048]
-----------------------------------------------------------------------
  2994 requests in 1.00m, 0.89MB read
Requests/sec:     49.90  
Transfer/sec:     15.21KB
