Running 1m test @ http://10.107.164.151/?loopCount=25&base=6&exp=6
  5 threads and 5 connections

  Thread calibration: mean lat.: 1506.358ms, rate sampling interval: 5234ms
  Thread calibration: mean lat.: 1665.177ms, rate sampling interval: 5562ms
  Thread calibration: mean lat.: 1811.435ms, rate sampling interval: 6180ms
  Thread calibration: mean lat.: 1607.689ms, rate sampling interval: 5705ms
  Thread calibration: mean lat.: 1541.503ms, rate sampling interval: 5754ms

-----------------------------------------------------------------------
Test Results @ http://10.107.164.151/?loopCount=25&base=6&exp=6 
  Thread Stats   Avg      Stdev     99%   +/- Stdev
    Latency    11.46s     4.63s   19.45s    58.76%
    Req/Sec     9.76      0.65    11.00     95.12%
  Latency Distribution (HdrHistogram - Recorded Latency)
 50.000%   11.90s 
 75.000%   15.43s 
 90.000%   17.56s 
 99.000%   19.45s 
 99.900%   19.81s 
 99.990%   19.91s 
 99.999%   19.91s 
100.000%   19.91s 

  Detailed Percentile spectrum:
       Value   Percentile   TotalCount 1/(1-Percentile)

    2942.975     0.000000            1         1.00
    4800.511     0.100000          258         1.11
    6660.095     0.200000          515         1.25
    8314.879     0.300000          772         1.43
   10100.735     0.400000         1030         1.67
   11902.975     0.500000         1288         2.00
   12460.031     0.550000         1418         2.22
   13221.887     0.600000         1546         2.50
   13959.167     0.650000         1674         2.86
   14745.599     0.700000         1804         3.33
   15425.535     0.750000         1930         4.00
   15777.791     0.775000         1996         4.44
   16121.855     0.800000         2059         5.00
   16515.071     0.825000         2124         5.71
   16793.599     0.850000         2189         6.67
   17154.047     0.875000         2255         8.00
   17350.655     0.887500         2286         8.89
   17563.647     0.900000         2316        10.00
   17760.255     0.912500         2348        11.43
   18006.015     0.925000         2381        13.33
   18202.623     0.937500         2413        16.00
   18317.311     0.943750         2430        17.78
   18431.999     0.950000         2445        20.00
   18546.687     0.956250         2462        22.86
   18644.991     0.962500         2478        26.67
   18776.063     0.968750         2493        32.00
   18939.903     0.971875         2503        35.56
   18972.671     0.975000         2509        40.00
   19120.127     0.978125         2517        45.71
   19202.047     0.981250         2525        53.33
   19316.735     0.984375         2535        64.00
   19365.887     0.985938         2539        71.11
   19382.271     0.987500         2542        80.00
   19431.423     0.989062         2546        91.43
   19447.807     0.990625         2550       106.67
   19480.575     0.992188         2553       128.00
   19513.343     0.992969         2556       142.22
   19529.727     0.993750         2557       160.00
   19595.263     0.994531         2559       182.86
   19660.799     0.995313         2561       213.33
   19693.567     0.996094         2563       256.00
   19709.951     0.996484         2564       284.44
   19742.719     0.996875         2566       320.00
   19742.719     0.997266         2566       365.71
   19775.487     0.997656         2568       426.67
   19775.487     0.998047         2568       512.00
   19808.255     0.998242         2570       568.89
   19808.255     0.998437         2570       640.00
   19808.255     0.998633         2570       731.43
   19808.255     0.998828         2570       853.33
   19824.639     0.999023         2571      1024.00
   19824.639     0.999121         2571      1137.78
   19824.639     0.999219         2571      1280.00
   19873.791     0.999316         2572      1462.86
   19873.791     0.999414         2572      1706.67
   19873.791     0.999512         2572      2048.00
   19873.791     0.999561         2572      2275.56
   19873.791     0.999609         2572      2560.00
   19906.559     0.999658         2573      2925.71
   19906.559     1.000000         2573          inf
#[Mean    =    11459.551, StdDeviation   =     4630.289]
#[Max     =    19890.176, Total count    =         2573]
#[Buckets =           27, SubBuckets     =         2048]
-----------------------------------------------------------------------
  3081 requests in 1.00m, 0.92MB read
Requests/sec:     51.35  
Transfer/sec:     15.66KB
