Running 1m test @ http://10.110.188.59/?loopCount=25&base=6&exp=6
  1 threads and 1 connections

  Thread calibration: mean lat.: 2986.376ms, rate sampling interval: 9043ms

-----------------------------------------------------------------------
Test Results @ http://10.110.188.59/?loopCount=25&base=6&exp=6 
  Thread Stats   Avg      Stdev     99%   +/- Stdev
    Latency    11.40s     3.30s   16.34s    57.48%
    Req/Sec    18.80      0.98    20.00    100.00%
  Latency Distribution (HdrHistogram - Recorded Latency)
 50.000%   11.32s 
 75.000%   14.47s 
 90.000%   15.83s 
 99.000%   16.34s 
 99.900%   16.35s 
 99.990%   16.35s 
 99.999%   16.35s 
100.000%   16.35s 

  Detailed Percentile spectrum:
       Value   Percentile   TotalCount 1/(1-Percentile)

    5119.999     0.000000            1         1.00
    6864.895     0.100000           98         1.11
    8159.231     0.200000          198         1.25
    9117.695     0.300000          292         1.43
   10633.215     0.400000          389         1.67
   11321.343     0.500000          486         2.00
   11599.871     0.550000          533         2.22
   12460.031     0.600000          582         2.50
   13385.727     0.650000          634         2.86
   14041.087     0.700000          685         3.33
   14467.071     0.750000          731         4.00
   14835.711     0.775000          752         4.44
   15048.703     0.800000          776         5.00
   15417.343     0.825000          804         5.71
   15474.687     0.850000          826         6.67
   15572.991     0.875000          849         8.00
   15679.487     0.887500          860         8.89
   15843.327     0.900000          874        10.00
   15884.287     0.912500          887        11.43
   16015.359     0.925000          900        13.33
   16039.935     0.937500          911        16.00
   16072.703     0.943750          918        17.78
   16121.855     0.950000          921        20.00
   16187.391     0.956250          928        22.86
   16220.159     0.962500          935        26.67
   16228.351     0.968750          944        32.00
   16228.351     0.971875          944        35.56
   16244.735     0.975000          951        40.00
   16244.735     0.978125          951        45.71
   16244.735     0.981250          951        53.33
   16293.887     0.984375          955        64.00
   16334.847     0.985938          958        71.11
   16334.847     0.987500          958        80.00
   16343.039     0.989062          962        91.43
   16343.039     0.990625          962       106.67
   16343.039     0.992188          962       128.00
   16351.231     0.992969          969       142.22
   16351.231     1.000000          969          inf
#[Mean    =    11395.006, StdDeviation   =     3296.041]
#[Max     =    16343.040, Total count    =          969]
#[Buckets =           27, SubBuckets     =         2048]
-----------------------------------------------------------------------
  1091 requests in 1.00m, 332.47KB read
Requests/sec:     18.18  
Transfer/sec:      5.54KB
