Running 1m test @ http://10.102.255.30/?loopCount=25&base=6&exp=6
  1 threads and 1 connections

  Thread calibration: mean lat.: 973.891ms, rate sampling interval: 2729ms

-----------------------------------------------------------------------
Test Results @ http://10.102.255.30/?loopCount=25&base=6&exp=6 
  Thread Stats   Avg      Stdev     99%   +/- Stdev
    Latency     5.82s     2.62s   10.01s    52.37%
    Req/Sec    20.17      1.38    23.00     88.89%
  Latency Distribution (HdrHistogram - Recorded Latency)
 50.000%    6.05s 
 75.000%    7.95s 
 90.000%    9.27s 
 99.000%   10.01s 
 99.900%   10.07s 
 99.990%   10.11s 
 99.999%   10.11s 
100.000%   10.11s 

  Detailed Percentile spectrum:
       Value   Percentile   TotalCount 1/(1-Percentile)

    1487.871     0.000000            1         1.00
    2088.959     0.100000          104         1.11
    2879.487     0.200000          210         1.25
    4106.239     0.300000          311         1.43
    4681.727     0.400000          417         1.67
    6053.887     0.500000          518         2.00
    6746.111     0.550000          570         2.22
    7098.367     0.600000          621         2.50
    7331.839     0.650000          675         2.86
    7589.887     0.700000          728         3.33
    7958.527     0.750000          780         4.00
    8462.335     0.775000          805         4.44
    8593.407     0.800000          832         5.00
    8798.207     0.825000          854         5.71
    8904.703     0.850000          881         6.67
    9191.423     0.875000          906         8.00
    9240.575     0.887500          925         8.89
    9265.151     0.900000          932        10.00
    9412.607     0.912500          948        11.43
    9428.991     0.925000          965        13.33
    9494.527     0.937500          971        16.00
    9510.911     0.943750          982        17.78
    9535.487     0.950000          985        20.00
    9584.639     0.956250          991        22.86
    9609.215     0.962500          998        26.67
    9814.015     0.968750         1004        32.00
    9822.207     0.971875         1010        35.56
    9822.207     0.975000         1010        40.00
    9871.359     0.978125         1015        45.71
    9879.551     0.981250         1016        53.33
    9928.703     0.984375         1019        64.00
    9969.663     0.985938         1022        71.11
    9986.047     0.987500         1024        80.00
    9986.047     0.989062         1024        91.43
   10010.623     0.990625         1026       106.67
   10018.815     0.992188         1028       128.00
   10018.815     0.992969         1028       142.22
   10035.199     0.993750         1031       160.00
   10035.199     0.994531         1031       182.86
   10035.199     0.995313         1031       213.33
   10035.199     0.996094         1031       256.00
   10043.391     0.996484         1032       284.44
   10043.391     0.996875         1032       320.00
   10067.967     0.997266         1034       365.71
   10067.967     0.997656         1034       426.67
   10067.967     0.998047         1034       512.00
   10067.967     0.998242         1034       568.89
   10067.967     0.998437         1034       640.00
   10067.967     0.998633         1034       731.43
   10067.967     0.998828         1034       853.33
   10067.967     0.999023         1034      1024.00
   10108.927     0.999121         1035      1137.78
   10108.927     1.000000         1035          inf
#[Mean    =     5817.065, StdDeviation   =     2616.051]
#[Max     =    10100.736, Total count    =         1035]
#[Buckets =           27, SubBuckets     =         2048]
-----------------------------------------------------------------------
  1247 requests in 1.00m, 379.95KB read
Requests/sec:     20.78  
Transfer/sec:      6.33KB
