Running 1m test @ http://10.102.207.185/?loopCount=25&base=6&exp=6
  5 threads and 5 connections

  Thread calibration: mean lat.: 128.987ms, rate sampling interval: 385ms
  Thread calibration: mean lat.: 205.592ms, rate sampling interval: 717ms
  Thread calibration: mean lat.: 207.283ms, rate sampling interval: 572ms
  Thread calibration: mean lat.: 155.784ms, rate sampling interval: 504ms
  Thread calibration: mean lat.: 135.187ms, rate sampling interval: 355ms

-----------------------------------------------------------------------
Test Results @ http://10.102.207.185/?loopCount=25&base=6&exp=6 
  Thread Stats   Avg      Stdev     99%   +/- Stdev
    Latency   740.76ms  619.93ms   2.66s    76.72%
    Req/Sec     9.26      2.11    14.00     86.45%
  Latency Distribution (HdrHistogram - Recorded Latency)
 50.000%  551.93ms
 75.000%    1.07s 
 90.000%    1.67s 
 99.000%    2.66s 
 99.900%    2.76s 
 99.990%    2.77s 
 99.999%    2.77s 
100.000%    2.77s 

  Detailed Percentile spectrum:
       Value   Percentile   TotalCount 1/(1-Percentile)

      30.463     0.000000            1         1.00
     154.239     0.100000          247         1.11
     191.615     0.200000          491         1.25
     270.847     0.300000          736         1.43
     363.263     0.400000          983         1.67
     551.935     0.500000         1227         2.00
     677.887     0.550000         1350         2.22
     773.119     0.600000         1472         2.50
     868.351     0.650000         1597         2.86
     974.335     0.700000         1718         3.33
    1072.127     0.750000         1843         4.00
    1115.135     0.775000         1902         4.44
    1167.359     0.800000         1963         5.00
    1281.023     0.825000         2024         5.71
    1482.751     0.850000         2086         6.67
    1575.935     0.875000         2147         8.00
    1655.807     0.887500         2179         8.89
    1671.167     0.900000         2210        10.00
    1711.103     0.912500         2239        11.43
    1772.543     0.925000         2270        13.33
    1861.631     0.937500         2302        16.00
    1869.823     0.943750         2316        17.78
    1930.239     0.950000         2332        20.00
    1960.959     0.956250         2346        22.86
    2060.287     0.962500         2362        26.67
    2138.111     0.968750         2377        32.00
    2416.639     0.971875         2385        35.56
    2435.071     0.975000         2393        40.00
    2562.047     0.978125         2401        45.71
    2574.335     0.981250         2410        53.33
    2580.479     0.984375         2417        64.00
    2584.575     0.985938         2420        71.11
    2654.207     0.987500         2423        80.00
    2662.399     0.989062         2428        91.43
    2670.591     0.990625         2431       106.67
    2678.783     0.992188         2434       128.00
    2680.831     0.992969         2437       142.22
    2682.879     0.993750         2438       160.00
    2684.927     0.994531         2440       182.86
    2754.559     0.995313         2444       213.33
    2754.559     0.996094         2444       256.00
    2758.655     0.996484         2445       284.44
    2760.703     0.996875         2447       320.00
    2760.703     0.997266         2447       365.71
    2762.751     0.997656         2449       426.67
    2762.751     0.998047         2449       512.00
    2762.751     0.998242         2449       568.89
    2764.799     0.998437         2452       640.00
    2764.799     0.998633         2452       731.43
    2764.799     0.998828         2452       853.33
    2764.799     0.999023         2452      1024.00
    2764.799     0.999121         2452      1137.78
    2764.799     0.999219         2452      1280.00
    2764.799     0.999316         2452      1462.86
    2764.799     0.999414         2452      1706.67
    2764.799     0.999512         2452      2048.00
    2764.799     0.999561         2452      2275.56
    2770.943     0.999609         2453      2560.00
    2770.943     1.000000         2453          inf
#[Mean    =      740.757, StdDeviation   =      619.930]
#[Max     =     2768.896, Total count    =         2453]
#[Buckets =           27, SubBuckets     =         2048]
-----------------------------------------------------------------------
  2945 requests in 1.00m, 0.88MB read
Requests/sec:     49.08  
Transfer/sec:     14.97KB
