Running 1m test @ http://10.102.255.30/?loopCount=25&base=6&exp=6
  5 threads and 5 connections

  Thread calibration: mean lat.: 53.238ms, rate sampling interval: 204ms
  Thread calibration: mean lat.: 50.626ms, rate sampling interval: 171ms
  Thread calibration: mean lat.: 50.233ms, rate sampling interval: 178ms
  Thread calibration: mean lat.: 48.461ms, rate sampling interval: 154ms
  Thread calibration: mean lat.: 53.105ms, rate sampling interval: 187ms

-----------------------------------------------------------------------
Test Results @ http://10.102.255.30/?loopCount=25&base=6&exp=6 
  Thread Stats   Avg      Stdev     99%   +/- Stdev
    Latency    44.96ms   13.31ms 110.14ms   89.28%
    Req/Sec     9.41      2.64    16.00     83.58%
  Latency Distribution (HdrHistogram - Recorded Latency)
 50.000%   41.82ms
 75.000%   43.49ms
 90.000%   52.13ms
 99.000%  110.14ms
 99.900%  129.85ms
 99.990%  170.62ms
 99.999%  170.62ms
100.000%  170.62ms

  Detailed Percentile spectrum:
       Value   Percentile   TotalCount 1/(1-Percentile)

      21.903     0.000000            2         1.00
      39.103     0.100000          250         1.11
      40.671     0.200000          515         1.25
      41.087     0.300000          773         1.43
      41.407     0.400000         1019         1.67
      41.823     0.500000         1255         2.00
      42.079     0.550000         1377         2.22
      42.367     0.600000         1506         2.50
      42.687     0.650000         1630         2.86
      43.039     0.700000         1750         3.33
      43.487     0.750000         1878         4.00
      43.935     0.775000         1939         4.44
      44.511     0.800000         2005         5.00
      45.311     0.825000         2064         5.71
      46.431     0.850000         2125         6.67
      49.471     0.875000         2188         8.00
      51.199     0.887500         2219         8.89
      52.127     0.900000         2251        10.00
      53.279     0.912500         2283        11.43
      55.167     0.925000         2313        13.33
      64.767     0.937500         2344        16.00
      66.943     0.943750         2360        17.78
      68.671     0.950000         2375        20.00
      70.655     0.956250         2391        22.86
      81.279     0.962500         2407        26.67
      86.079     0.968750         2422        32.00
      89.151     0.971875         2431        35.56
      91.263     0.975000         2438        40.00
      93.759     0.978125         2446        45.71
      97.535     0.981250         2454        53.33
     104.639     0.984375         2461        64.00
     108.415     0.985938         2465        71.11
     109.119     0.987500         2469        80.00
     109.951     0.989062         2473        91.43
     110.271     0.990625         2477       106.67
     110.719     0.992188         2482       128.00
     110.783     0.992969         2483       142.22
     112.383     0.993750         2485       160.00
     113.407     0.994531         2487       182.86
     114.175     0.995313         2489       213.33
     119.615     0.996094         2491       256.00
     121.471     0.996484         2492       284.44
     121.791     0.996875         2493       320.00
     125.055     0.997266         2494       365.71
     127.423     0.997656         2495       426.67
     128.319     0.998047         2496       512.00
     128.319     0.998242         2496       568.89
     128.639     0.998437         2497       640.00
     128.639     0.998633         2497       731.43
     129.855     0.998828         2498       853.33
     129.855     0.999023         2498      1024.00
     129.855     0.999121         2498      1137.78
     168.703     0.999219         2499      1280.00
     168.703     0.999316         2499      1462.86
     168.703     0.999414         2499      1706.67
     168.703     0.999512         2499      2048.00
     168.703     0.999561         2499      2275.56
     170.623     0.999609         2500      2560.00
     170.623     1.000000         2500          inf
#[Mean    =       44.962, StdDeviation   =       13.305]
#[Max     =      170.496, Total count    =         2500]
#[Buckets =           27, SubBuckets     =         2048]
-----------------------------------------------------------------------
  2995 requests in 1.00m, 0.89MB read
Requests/sec:     49.91  
Transfer/sec:     15.21KB
