Running 1m test @ http://10.103.77.142/?loopCount=25&base=6&exp=6
  1 threads and 1 connections

  Thread calibration: mean lat.: 3565.436ms, rate sampling interval: 12460ms

-----------------------------------------------------------------------
Test Results @ http://10.103.77.142/?loopCount=25&base=6&exp=6 
  Thread Stats   Avg      Stdev     99%   +/- Stdev
    Latency    22.91s     9.07s   38.17s    58.35%
    Req/Sec     8.75      0.43     9.00    100.00%
  Latency Distribution (HdrHistogram - Recorded Latency)
 50.000%   23.30s 
 75.000%   30.79s 
 90.000%   35.26s 
 99.000%   38.17s 
 99.900%   38.47s 
 99.990%   38.47s 
 99.999%   38.47s 
100.000%   38.47s 

  Detailed Percentile spectrum:
       Value   Percentile   TotalCount 1/(1-Percentile)

    6963.199     0.000000            1         1.00
   10027.007     0.100000           48         1.11
   13197.311     0.200000           93         1.25
   17055.743     0.300000          139         1.43
   20103.167     0.400000          185         1.67
   23298.047     0.500000          231         2.00
   24657.919     0.550000          254         2.22
   26247.167     0.600000          277         2.50
   27607.039     0.650000          300         2.86
   29261.823     0.700000          323         3.33
   30785.535     0.750000          346         4.00
   31375.359     0.775000          358         4.44
   32047.103     0.800000          369         5.00
   32767.999     0.825000          381         5.71
   33538.047     0.850000          392         6.67
   34439.167     0.875000          405         8.00
   34832.383     0.887500          410         8.89
   35258.367     0.900000          415        10.00
   35684.351     0.912500          421        11.43
   36110.335     0.925000          427        13.33
   36667.391     0.937500          433        16.00
   36765.695     0.943750          436        17.78
   36995.071     0.950000          438        20.00
   37191.679     0.956250          441        22.86
   37355.519     0.962500          444        26.67
   37552.127     0.968750          447        32.00
   37683.199     0.971875          449        35.56
   37748.735     0.975000          450        40.00
   37879.807     0.978125          451        45.71
   37978.111     0.981250          453        53.33
   38076.415     0.984375          454        64.00
   38109.183     0.985938          455        71.11
   38174.719     0.987500          456        80.00
   38174.719     0.989062          456        91.43
   38240.255     0.990625          457       106.67
   38305.791     0.992188          458       128.00
   38305.791     0.992969          458       142.22
   38371.327     0.993750          459       160.00
   38371.327     0.994531          459       182.86
   38371.327     0.995313          459       213.33
   38436.863     0.996094          460       256.00
   38436.863     0.996484          460       284.44
   38436.863     0.996875          460       320.00
   38436.863     0.997266          460       365.71
   38436.863     0.997656          460       426.67
   38469.631     0.998047          461       512.00
   38469.631     1.000000          461          inf
#[Mean    =    22908.897, StdDeviation   =     9070.602]
#[Max     =    38436.864, Total count    =          461]
#[Buckets =           27, SubBuckets     =         2048]
-----------------------------------------------------------------------
  538 requests in 1.00m, 164.24KB read
Requests/sec:      8.97  
Transfer/sec:      2.74KB
