Running 1m test @ http://10.102.207.185/?loopCount=25&base=6&exp=6
  5 threads and 5 connections

  Thread calibration: mean lat.: 1616.252ms, rate sampling interval: 5808ms
  Thread calibration: mean lat.: 1522.974ms, rate sampling interval: 4878ms
  Thread calibration: mean lat.: 1947.683ms, rate sampling interval: 6676ms
  Thread calibration: mean lat.: 1891.491ms, rate sampling interval: 6316ms
  Thread calibration: mean lat.: 1959.122ms, rate sampling interval: 6819ms

-----------------------------------------------------------------------
Test Results @ http://10.102.207.185/?loopCount=25&base=6&exp=6 
  Thread Stats   Avg      Stdev     99%   +/- Stdev
    Latency    11.40s     5.10s   21.48s    56.67%
    Req/Sec     9.69      1.52    14.00     92.31%
  Latency Distribution (HdrHistogram - Recorded Latency)
 50.000%   11.17s 
 75.000%   15.43s 
 90.000%   18.87s 
 99.000%   21.48s 
 99.900%   22.17s 
 99.990%   22.25s 
 99.999%   22.25s 
100.000%   22.25s 

  Detailed Percentile spectrum:
       Value   Percentile   TotalCount 1/(1-Percentile)

    2985.983     0.000000            1         1.00
    4771.839     0.100000          252         1.11
    5820.415     0.200000          504         1.25
    8175.615     0.300000          756         1.43
    9682.943     0.400000         1008         1.67
   11173.887     0.500000         1259         2.00
   11714.559     0.550000         1388         2.22
   12132.351     0.600000         1511         2.50
   13164.543     0.650000         1638         2.86
   14163.967     0.700000         1763         3.33
   15433.727     0.750000         1889         4.00
   16162.815     0.775000         1953         4.44
   16637.951     0.800000         2015         5.00
   17203.199     0.825000         2079         5.71
   17563.647     0.850000         2141         6.67
   18038.783     0.875000         2204         8.00
   18464.767     0.887500         2235         8.89
   18890.751     0.900000         2267        10.00
   19431.423     0.912500         2298        11.43
   19791.871     0.925000         2331        13.33
   20185.087     0.937500         2362        16.00
   20332.543     0.943750         2379        17.78
   20398.079     0.950000         2394        20.00
   20512.767     0.956250         2408        22.86
   20676.607     0.962500         2425        26.67
   20873.215     0.968750         2442        32.00
   20971.519     0.971875         2448        35.56
   21037.055     0.975000         2456        40.00
   21086.207     0.978125         2463        45.71
   21135.359     0.981250         2473        53.33
   21282.815     0.984375         2479        64.00
   21315.583     0.985938         2484        71.11
   21348.351     0.987500         2488        80.00
   21446.655     0.989062         2491        91.43
   21512.191     0.990625         2495       106.67
   21561.343     0.992188         2500       128.00
   21577.727     0.992969         2502       142.22
   21594.111     0.993750         2504       160.00
   21626.879     0.994531         2505       182.86
   21708.799     0.995313         2507       213.33
   21823.487     0.996094         2509       256.00
   21856.255     0.996484         2510       284.44
   21954.559     0.996875         2511       320.00
   21987.327     0.997266         2512       365.71
   22085.631     0.997656         2513       426.67
   22151.167     0.998047         2514       512.00
   22151.167     0.998242         2514       568.89
   22167.551     0.998437         2515       640.00
   22167.551     0.998633         2515       731.43
   22216.703     0.998828         2516       853.33
   22216.703     0.999023         2516      1024.00
   22216.703     0.999121         2516      1137.78
   22233.087     0.999219         2517      1280.00
   22233.087     0.999316         2517      1462.86
   22233.087     0.999414         2517      1706.67
   22233.087     0.999512         2517      2048.00
   22233.087     0.999561         2517      2275.56
   22249.471     0.999609         2518      2560.00
   22249.471     1.000000         2518          inf
#[Mean    =    11403.895, StdDeviation   =     5102.326]
#[Max     =    22233.088, Total count    =         2518]
#[Buckets =           27, SubBuckets     =         2048]
-----------------------------------------------------------------------
  3011 requests in 1.00m, 0.90MB read
Requests/sec:     50.18  
Transfer/sec:     15.31KB
