Running 1m test @ http://10.110.188.59/?loopCount=25&base=6&exp=6
  1 threads and 1 connections

  Thread calibration: mean lat.: 2154.934ms, rate sampling interval: 6819ms

-----------------------------------------------------------------------
Test Results @ http://10.110.188.59/?loopCount=25&base=6&exp=6 
  Thread Stats   Avg      Stdev     99%   +/- Stdev
    Latency    11.08s     4.40s   19.01s    58.68%
    Req/Sec    16.71      0.88    18.00    100.00%
  Latency Distribution (HdrHistogram - Recorded Latency)
 50.000%   10.79s 
 75.000%   14.61s 
 90.000%   17.51s 
 99.000%   19.01s 
 99.900%   19.02s 
 99.990%   19.02s 
 99.999%   19.02s 
100.000%   19.02s 

  Detailed Percentile spectrum:
       Value   Percentile   TotalCount 1/(1-Percentile)

    3592.191     0.000000            3         1.00
    5599.231     0.100000           88         1.11
    6447.103     0.200000          174         1.25
    7864.319     0.300000          261         1.43
    9355.263     0.400000          347         1.67
   10788.863     0.500000          432         2.00
   11829.247     0.550000          476         2.22
   12460.031     0.600000          519         2.50
   13090.815     0.650000          563         2.86
   13885.439     0.700000          606         3.33
   14606.335     0.750000          648         4.00
   14958.591     0.775000          674         4.44
   15425.535     0.800000          692         5.00
   15966.207     0.825000          715         5.71
   16383.999     0.850000          735         6.67
   17383.423     0.875000          758         8.00
   17481.727     0.887500          771         8.89
   17514.495     0.900000          779        10.00
   17907.711     0.912500          793        11.43
   18006.015     0.925000          802        13.33
   18153.471     0.937500          817        16.00
   18153.471     0.943750          817        17.78
   18251.775     0.950000          823        20.00
   18382.847     0.956250          827        22.86
   18513.919     0.962500          833        26.67
   18530.303     0.968750          838        32.00
   18546.687     0.971875          844        35.56
   18546.687     0.975000          844        40.00
   18661.375     0.978125          846        45.71
   18776.063     0.981250          848        53.33
   18890.751     0.984375          851        64.00
   18923.519     0.985938          852        71.11
   19005.439     0.987500          858        80.00
   19005.439     0.989062          858        91.43
   19005.439     0.990625          858       106.67
   19005.439     0.992188          858       128.00
   19005.439     0.992969          858       142.22
   19021.823     0.993750          864       160.00
   19021.823     1.000000          864          inf
#[Mean    =    11080.887, StdDeviation   =     4400.604]
#[Max     =    19005.440, Total count    =          864]
#[Buckets =           27, SubBuckets     =         2048]
-----------------------------------------------------------------------
  1024 requests in 1.00m, 312.07KB read
Requests/sec:     17.07  
Transfer/sec:      5.20KB
