Running 1m test @ http://10.106.127.105/?loopCount=25&base=6&exp=6
  5 threads and 5 connections

  Thread calibration: mean lat.: 208.458ms, rate sampling interval: 619ms
  Thread calibration: mean lat.: 424.869ms, rate sampling interval: 1457ms
  Thread calibration: mean lat.: 135.758ms, rate sampling interval: 472ms
  Thread calibration: mean lat.: 405.599ms, rate sampling interval: 1120ms
  Thread calibration: mean lat.: 516.037ms, rate sampling interval: 1374ms

-----------------------------------------------------------------------
Test Results @ http://10.106.127.105/?loopCount=25&base=6&exp=6 
  Thread Stats   Avg      Stdev     99%   +/- Stdev
    Latency   137.21ms  166.23ms 953.85ms   90.39%
    Req/Sec    14.53      1.72    19.00     94.65%
  Latency Distribution (HdrHistogram - Recorded Latency)
 50.000%   78.91ms
 75.000%  143.23ms
 90.000%  297.47ms
 99.000%  953.85ms
 99.900%    1.13s 
 99.990%    1.16s 
 99.999%    1.16s 
100.000%    1.16s 

  Detailed Percentile spectrum:
       Value   Percentile   TotalCount 1/(1-Percentile)

      21.615     0.000000            1         1.00
      40.703     0.100000          392         1.11
      41.951     0.200000          755         1.25
      53.023     0.300000         1133         1.43
      63.711     0.400000         1507         1.67
      78.911     0.500000         1884         2.00
      88.895     0.550000         2074         2.22
      96.895     0.600000         2261         2.50
     109.055     0.650000         2449         2.86
     125.695     0.700000         2637         3.33
     143.743     0.750000         2826         4.00
     156.415     0.775000         2920         4.44
     171.007     0.800000         3015         5.00
     195.455     0.825000         3108         5.71
     221.951     0.850000         3202         6.67
     257.279     0.875000         3297         8.00
     272.895     0.887500         3344         8.89
     297.727     0.900000         3392        10.00
     328.191     0.912500         3439        11.43
     360.703     0.925000         3485        13.33
     400.127     0.937500         3532        16.00
     432.383     0.943750         3556        17.78
     469.503     0.950000         3579        20.00
     506.367     0.956250         3603        22.86
     557.055     0.962500         3626        26.67
     595.455     0.968750         3651        32.00
     611.839     0.971875         3662        35.56
     679.423     0.975000         3673        40.00
     774.655     0.978125         3685        45.71
     801.791     0.981250         3698        53.33
     854.015     0.984375         3709        64.00
     870.911     0.985938         3715        71.11
     907.263     0.987500         3720        80.00
     943.615     0.989062         3726        91.43
     961.535     0.990625         3732       106.67
     989.695     0.992188         3738       128.00
    1000.447     0.992969         3741       142.22
    1008.639     0.993750         3744       160.00
    1015.807     0.994531         3747       182.86
    1038.847     0.995313         3750       213.33
    1049.599     0.996094         3753       256.00
    1060.863     0.996484         3754       284.44
    1069.055     0.996875         3756       320.00
    1085.439     0.997266         3757       365.71
    1090.559     0.997656         3759       426.67
    1094.655     0.998047         3760       512.00
    1106.943     0.998242         3761       568.89
    1111.039     0.998437         3762       640.00
    1111.039     0.998633         3762       731.43
    1132.543     0.998828         3764       853.33
    1132.543     0.999023         3764      1024.00
    1132.543     0.999121         3764      1137.78
    1134.591     0.999219         3765      1280.00
    1134.591     0.999316         3765      1462.86
    1134.591     0.999414         3765      1706.67
    1160.191     0.999512         3766      2048.00
    1160.191     0.999561         3766      2275.56
    1160.191     0.999609         3766      2560.00
    1160.191     0.999658         3766      2925.71
    1160.191     0.999707         3766      3413.33
    1163.263     0.999756         3767      4096.00
    1163.263     1.000000         3767          inf
#[Mean    =      137.212, StdDeviation   =      166.229]
#[Max     =     1162.240, Total count    =         3767]
#[Buckets =           27, SubBuckets     =         2048]
-----------------------------------------------------------------------
  4493 requests in 1.00m, 1.34MB read
Requests/sec:     74.88  
Transfer/sec:     22.82KB
