Running 1m test @ http://10.102.62.147/?loopCount=25&base=6&exp=6
  5 threads and 5 connections

  Thread calibration: mean lat.: 44.462ms, rate sampling interval: 95ms
  Thread calibration: mean lat.: 45.516ms, rate sampling interval: 100ms
  Thread calibration: mean lat.: 44.067ms, rate sampling interval: 99ms
  Thread calibration: mean lat.: 47.508ms, rate sampling interval: 114ms
  Thread calibration: mean lat.: 47.195ms, rate sampling interval: 102ms

-----------------------------------------------------------------------
Test Results @ http://10.102.62.147/?loopCount=25&base=6&exp=6 
  Thread Stats   Avg      Stdev     99%   +/- Stdev
    Latency    43.34ms    9.65ms  73.86ms   92.00%
    Req/Sec     9.60      2.69    20.00     92.14%
  Latency Distribution (HdrHistogram - Recorded Latency)
 50.000%   41.82ms
 75.000%   42.85ms
 90.000%   46.59ms
 99.000%   73.86ms
 99.900%  135.04ms
 99.990%  213.50ms
 99.999%  213.50ms
100.000%  213.50ms

  Detailed Percentile spectrum:
       Value   Percentile   TotalCount 1/(1-Percentile)

      21.743     0.000000            1         1.00
      39.295     0.100000          251         1.11
      40.703     0.200000          525         1.25
      41.055     0.300000          770         1.43
      41.439     0.400000         1009         1.67
      41.823     0.500000         1257         2.00
      42.015     0.550000         1378         2.22
      42.207     0.600000         1518         2.50
      42.399     0.650000         1631         2.86
      42.623     0.700000         1756         3.33
      42.847     0.750000         1879         4.00
      43.007     0.775000         1939         4.44
      43.199     0.800000         2014         5.00
      43.455     0.825000         2068         5.71
      43.839     0.850000         2126         6.67
      44.767     0.875000         2188         8.00
      45.471     0.887500         2219         8.89
      46.591     0.900000         2251        10.00
      49.055     0.912500         2285        11.43
      50.335     0.925000         2313        13.33
      51.903     0.937500         2344        16.00
      53.503     0.943750         2362        17.78
      54.879     0.950000         2375        20.00
      57.279     0.956250         2391        22.86
      58.943     0.962500         2407        26.67
      63.167     0.968750         2422        32.00
      64.607     0.971875         2430        35.56
      66.239     0.975000         2438        40.00
      67.071     0.978125         2447        45.71
      67.903     0.981250         2454        53.33
      69.119     0.984375         2461        64.00
      69.887     0.985938         2465        71.11
      70.527     0.987500         2469        80.00
      72.639     0.989062         2473        91.43
      93.439     0.990625         2477       106.67
     109.631     0.992188         2481       128.00
     110.719     0.992969         2484       142.22
     110.783     0.993750         2485       160.00
     110.911     0.994531         2488       182.86
     111.871     0.995313         2489       213.33
     114.943     0.996094         2491       256.00
     116.671     0.996484         2492       284.44
     121.023     0.996875         2493       320.00
     124.351     0.997266         2494       365.71
     124.415     0.997656         2495       426.67
     126.719     0.998047         2496       512.00
     126.719     0.998242         2496       568.89
     130.367     0.998437         2497       640.00
     130.367     0.998633         2497       731.43
     135.039     0.998828         2498       853.33
     135.039     0.999023         2498      1024.00
     135.039     0.999121         2498      1137.78
     153.471     0.999219         2499      1280.00
     153.471     0.999316         2499      1462.86
     153.471     0.999414         2499      1706.67
     153.471     0.999512         2499      2048.00
     153.471     0.999561         2499      2275.56
     213.503     0.999609         2500      2560.00
     213.503     1.000000         2500          inf
#[Mean    =       43.342, StdDeviation   =        9.649]
#[Max     =      213.376, Total count    =         2500]
#[Buckets =           27, SubBuckets     =         2048]
-----------------------------------------------------------------------
  2995 requests in 1.00m, 0.89MB read
Requests/sec:     49.91  
Transfer/sec:     15.21KB
