Running 1m test @ http://10.105.168.171/?loopCount=25&base=6&exp=6
  5 threads and 5 connections

  Thread calibration: mean lat.: 82.662ms, rate sampling interval: 334ms
  Thread calibration: mean lat.: 91.671ms, rate sampling interval: 345ms
  Thread calibration: mean lat.: 85.458ms, rate sampling interval: 338ms
  Thread calibration: mean lat.: 85.468ms, rate sampling interval: 336ms
  Thread calibration: mean lat.: 94.343ms, rate sampling interval: 372ms

-----------------------------------------------------------------------
Test Results @ http://10.105.168.171/?loopCount=25&base=6&exp=6 
  Thread Stats   Avg      Stdev     99%   +/- Stdev
    Latency    86.03ms   64.47ms 351.23ms   86.08%
    Req/Sec     9.28      2.26    14.00     84.90%
  Latency Distribution (HdrHistogram - Recorded Latency)
 50.000%   63.26ms
 75.000%  100.61ms
 90.000%  173.31ms
 99.000%  351.23ms
 99.900%  473.60ms
 99.990%  491.52ms
 99.999%  491.52ms
100.000%  491.52ms

  Detailed Percentile spectrum:
       Value   Percentile   TotalCount 1/(1-Percentile)

      21.983     0.000000            2         1.00
      40.799     0.100000          257         1.11
      41.599     0.200000          500         1.25
      45.151     0.300000          750         1.43
      53.759     0.400000         1000         1.67
      63.263     0.500000         1250         2.00
      69.055     0.550000         1376         2.22
      73.855     0.600000         1501         2.50
      80.255     0.650000         1625         2.86
      91.007     0.700000         1750         3.33
     100.607     0.750000         1875         4.00
     102.783     0.775000         1939         4.44
     109.439     0.800000         2000         5.00
     126.335     0.825000         2063         5.71
     137.471     0.850000         2125         6.67
     167.551     0.875000         2188         8.00
     170.367     0.887500         2219         8.89
     173.311     0.900000         2251        10.00
     175.999     0.912500         2282        11.43
     180.095     0.925000         2313        13.33
     187.903     0.937500         2345        16.00
     195.071     0.943750         2360        17.78
     204.415     0.950000         2375        20.00
     226.431     0.956250         2391        22.86
     246.399     0.962500         2407        26.67
     269.311     0.968750         2422        32.00
     273.151     0.971875         2430        35.56
     276.735     0.975000         2439        40.00
     282.367     0.978125         2446        45.71
     286.463     0.981250         2454        53.33
     297.983     0.984375         2461        64.00
     311.551     0.985938         2465        71.11
     328.447     0.987500         2469        80.00
     338.687     0.989062         2473        91.43
     368.895     0.990625         2477       106.67
     372.223     0.992188         2481       128.00
     375.551     0.992969         2483       142.22
     383.999     0.993750         2485       160.00
     388.351     0.994531         2487       182.86
     392.447     0.995313         2489       213.33
     404.223     0.996094         2491       256.00
     407.807     0.996484         2492       284.44
     429.311     0.996875         2493       320.00
     431.359     0.997266         2494       365.71
     467.711     0.997656         2495       426.67
     468.735     0.998047         2496       512.00
     468.735     0.998242         2496       568.89
     473.087     0.998437         2497       640.00
     473.087     0.998633         2497       731.43
     473.599     0.998828         2498       853.33
     473.599     0.999023         2498      1024.00
     473.599     0.999121         2498      1137.78
     488.959     0.999219         2499      1280.00
     488.959     0.999316         2499      1462.86
     488.959     0.999414         2499      1706.67
     488.959     0.999512         2499      2048.00
     488.959     0.999561         2499      2275.56
     491.519     0.999609         2500      2560.00
     491.519     1.000000         2500          inf
#[Mean    =       86.029, StdDeviation   =       64.470]
#[Max     =      491.264, Total count    =         2500]
#[Buckets =           27, SubBuckets     =         2048]
-----------------------------------------------------------------------
  2995 requests in 1.00m, 0.89MB read
Requests/sec:     49.91  
Transfer/sec:     15.21KB
