Running 1m test @ http://10.96.158.146/?loopCount=25&base=6&exp=6
  1 threads and 1 connections

  Thread calibration: mean lat.: 3142.221ms, rate sampling interval: 11591ms

-----------------------------------------------------------------------
Test Results @ http://10.96.158.146/?loopCount=25&base=6&exp=6 
  Thread Stats   Avg      Stdev     99%   +/- Stdev
    Latency    21.65s     8.37s   35.85s    58.66%
    Req/Sec     9.75      0.43    10.00    100.00%
  Latency Distribution (HdrHistogram - Recorded Latency)
 50.000%   21.68s 
 75.000%   28.92s 
 90.000%   32.85s 
 99.000%   35.85s 
 99.900%   36.08s 
 99.990%   36.14s 
 99.999%   36.14s 
100.000%   36.14s 

  Detailed Percentile spectrum:
       Value   Percentile   TotalCount 1/(1-Percentile)

    6475.775     0.000000            1         1.00
    9789.439     0.100000           51         1.11
   13025.279     0.200000          102         1.25
   16113.663     0.300000          153         1.43
   19152.895     0.400000          205         1.67
   21676.031     0.500000          254         2.00
   23412.735     0.550000          281         2.22
   24526.847     0.600000          305         2.50
   26001.407     0.650000          331         2.86
   27475.967     0.700000          357         3.33
   28917.759     0.750000          381         4.00
   29458.431     0.775000          394         4.44
   30261.247     0.800000          407         5.00
   30834.687     0.825000          420         5.71
   31227.903     0.850000          432         6.67
   32145.407     0.875000          445         8.00
   32407.551     0.887500          451         8.89
   32915.455     0.900000          458        10.00
   33472.511     0.912500          464        11.43
   33914.879     0.925000          470        13.33
   34373.631     0.937500          477        16.00
   34471.935     0.943750          480        17.78
   34635.775     0.950000          483        20.00
   34799.615     0.956250          486        22.86
   35061.759     0.962500          489        26.67
   35323.903     0.968750          493        32.00
   35389.439     0.971875          494        35.56
   35520.511     0.975000          496        40.00
   35553.279     0.978125          497        45.71
   35651.583     0.981250          499        53.33
   35717.119     0.984375          501        64.00
   35717.119     0.985938          501        71.11
   35782.655     0.987500          502        80.00
   35848.191     0.989062          503        91.43
   35946.495     0.990625          505       106.67
   35946.495     0.992188          505       128.00
   35946.495     0.992969          505       142.22
   35946.495     0.993750          505       160.00
   36012.031     0.994531          506       182.86
   36012.031     0.995313          506       213.33
   36077.567     0.996094          507       256.00
   36077.567     0.996484          507       284.44
   36077.567     0.996875          507       320.00
   36077.567     0.997266          507       365.71
   36077.567     0.997656          507       426.67
   36143.103     0.998047          508       512.00
   36143.103     1.000000          508          inf
#[Mean    =    21649.081, StdDeviation   =     8373.278]
#[Max     =    36110.336, Total count    =          508]
#[Buckets =           27, SubBuckets     =         2048]
-----------------------------------------------------------------------
  597 requests in 1.00m, 182.17KB read
Requests/sec:      9.95  
Transfer/sec:      3.04KB
