Running 1m test @ http://10.104.199.0/?loopCount=25&base=6&exp=6
  1 threads and 1 connections

  Thread calibration: mean lat.: 2487.445ms, rate sampling interval: 7426ms

-----------------------------------------------------------------------
Test Results @ http://10.104.199.0/?loopCount=25&base=6&exp=6 
  Thread Stats   Avg      Stdev     99%   +/- Stdev
    Latency    10.87s     3.36s   15.88s    55.07%
    Req/Sec    18.17      1.95    20.00     83.33%
  Latency Distribution (HdrHistogram - Recorded Latency)
 50.000%   11.25s 
 75.000%   13.99s 
 90.000%   15.22s 
 99.000%   15.88s 
 99.900%   16.02s 
 99.990%   16.03s 
 99.999%   16.03s 
100.000%   16.03s 

  Detailed Percentile spectrum:
       Value   Percentile   TotalCount 1/(1-Percentile)

    3923.967     0.000000            2         1.00
    6361.087     0.100000           95         1.11
    7319.551     0.200000          192         1.25
    8404.991     0.300000          284         1.43
    9035.775     0.400000          382         1.67
   11247.615     0.500000          473         2.00
   11862.015     0.550000          521         2.22
   12673.023     0.600000          572         2.50
   13008.895     0.650000          615         2.86
   13549.567     0.700000          663         3.33
   13991.935     0.750000          710         4.00
   14335.999     0.775000          734         4.44
   14655.487     0.800000          759         5.00
   14827.519     0.825000          783         5.71
   15015.935     0.850000          805         6.67
   15056.895     0.875000          829         8.00
   15122.431     0.887500          840         8.89
   15220.735     0.900000          852        10.00
   15237.119     0.912500          874        11.43
   15319.039     0.925000          877        13.33
   15515.647     0.937500          893        16.00
   15515.647     0.943750          893        17.78
   15523.839     0.950000          902        20.00
   15581.183     0.956250          906        22.86
   15646.719     0.962500          912        26.67
   15712.255     0.968750          927        32.00
   15712.255     0.971875          927        35.56
   15712.255     0.975000          927        40.00
   15712.255     0.978125          927        45.71
   15728.639     0.981250          930        53.33
   15777.791     0.984375          933        64.00
   15777.791     0.985938          933        71.11
   15802.367     0.987500          935        80.00
   15843.327     0.989062          936        91.43
   15933.439     0.990625          939       106.67
   15933.439     0.992188          939       128.00
   15974.399     0.992969          941       142.22
   15974.399     0.993750          941       160.00
   15974.399     0.994531          941       182.86
   15998.975     0.995313          943       213.33
   15998.975     0.996094          943       256.00
   15998.975     0.996484          943       284.44
   16023.551     0.996875          945       320.00
   16023.551     0.997266          945       365.71
   16023.551     0.997656          945       426.67
   16023.551     0.998047          945       512.00
   16023.551     0.998242          945       568.89
   16023.551     0.998437          945       640.00
   16023.551     0.998633          945       731.43
   16023.551     0.998828          945       853.33
   16031.743     0.999023          946      1024.00
   16031.743     1.000000          946          inf
#[Mean    =    10869.856, StdDeviation   =     3362.160]
#[Max     =    16023.552, Total count    =          946]
#[Buckets =           27, SubBuckets     =         2048]
-----------------------------------------------------------------------
  1099 requests in 1.00m, 334.89KB read
Requests/sec:     18.32  
Transfer/sec:      5.58KB
