Running 1m test @ http://10.111.78.179/?loopCount=25&base=6&exp=6
  5 threads and 5 connections

  Thread calibration: mean lat.: 691.004ms, rate sampling interval: 2009ms
  Thread calibration: mean lat.: 839.294ms, rate sampling interval: 2926ms
  Thread calibration: mean lat.: 967.877ms, rate sampling interval: 3229ms
  Thread calibration: mean lat.: 731.914ms, rate sampling interval: 2463ms
  Thread calibration: mean lat.: 884.048ms, rate sampling interval: 2893ms

-----------------------------------------------------------------------
Test Results @ http://10.111.78.179/?loopCount=25&base=6&exp=6 
  Thread Stats   Avg      Stdev     99%   +/- Stdev
    Latency     5.11s     2.00s    8.69s    59.12%
    Req/Sec    12.30      0.94    15.00     95.70%
  Latency Distribution (HdrHistogram - Recorded Latency)
 50.000%    5.14s 
 75.000%    6.80s 
 90.000%    7.88s 
 99.000%    8.69s 
 99.900%    9.09s 
 99.990%    9.20s 
 99.999%    9.20s 
100.000%    9.20s 

  Detailed Percentile spectrum:
       Value   Percentile   TotalCount 1/(1-Percentile)

    1263.615     0.000000            1         1.00
    2222.079     0.100000          323         1.11
    3053.567     0.200000          646         1.25
    3829.759     0.300000          970         1.43
    4612.095     0.400000         1295         1.67
    5136.383     0.500000         1615         2.00
    5443.583     0.550000         1776         2.22
    5832.703     0.600000         1940         2.50
    6127.615     0.650000         2101         2.86
    6475.775     0.700000         2262         3.33
    6799.359     0.750000         2422         4.00
    6995.967     0.775000         2503         4.44
    7122.943     0.800000         2584         5.00
    7274.495     0.825000         2667         5.71
    7442.431     0.850000         2746         6.67
    7585.791     0.875000         2826         8.00
    7716.863     0.887500         2868         8.89
    7876.607     0.900000         2910        10.00
    7929.855     0.912500         2947        11.43
    7974.911     0.925000         2990        13.33
    8032.255     0.937500         3032        16.00
    8077.311     0.943750         3050        17.78
    8118.271     0.950000         3070        20.00
    8175.615     0.956250         3088        22.86
    8232.959     0.962500         3110        26.67
    8355.839     0.968750         3129        32.00
    8413.183     0.971875         3140        35.56
    8478.719     0.975000         3149        40.00
    8519.679     0.978125         3161        45.71
    8544.255     0.981250         3171        53.33
    8560.639     0.984375         3179        64.00
    8568.831     0.985938         3184        71.11
    8626.175     0.987500         3189        80.00
    8658.943     0.989062         3194        91.43
    8691.711     0.990625         3199       106.67
    8724.479     0.992188         3204       128.00
    8773.631     0.992969         3207       142.22
    8790.015     0.993750         3209       160.00
    8896.511     0.994531         3213       182.86
    8904.703     0.995313         3214       213.33
    8970.239     0.996094         3217       256.00
    9003.007     0.996484         3218       284.44
    9027.583     0.996875         3219       320.00
    9043.967     0.997266         3222       365.71
    9043.967     0.997656         3222       426.67
    9068.543     0.998047         3225       512.00
    9068.543     0.998242         3225       568.89
    9068.543     0.998437         3225       640.00
    9068.543     0.998633         3225       731.43
    9093.119     0.998828         3226       853.33
    9093.119     0.999023         3226      1024.00
    9101.311     0.999121         3227      1137.78
    9101.311     0.999219         3227      1280.00
    9101.311     0.999316         3227      1462.86
    9125.887     0.999414         3228      1706.67
    9125.887     0.999512         3228      2048.00
    9125.887     0.999561         3228      2275.56
    9125.887     0.999609         3228      2560.00
    9125.887     0.999658         3228      2925.71
    9199.615     0.999707         3229      3413.33
    9199.615     1.000000         3229          inf
#[Mean    =     5110.724, StdDeviation   =     2001.834]
#[Max     =     9191.424, Total count    =         3229]
#[Buckets =           27, SubBuckets     =         2048]
-----------------------------------------------------------------------
  3853 requests in 1.00m, 1.15MB read
Requests/sec:     64.21  
Transfer/sec:     19.57KB
