Running 1m test @ http://10.102.244.59/?loopCount=25&base=6&exp=6
  1 threads and 1 connections

  Thread calibration: mean lat.: 1320.095ms, rate sampling interval: 4399ms

-----------------------------------------------------------------------
Test Results @ http://10.102.244.59/?loopCount=25&base=6&exp=6 
  Thread Stats   Avg      Stdev     99%   +/- Stdev
    Latency     6.97s     2.73s   12.00s    61.79%
    Req/Sec    19.45      1.62    22.00    100.00%
  Latency Distribution (HdrHistogram - Recorded Latency)
 50.000%    6.49s 
 75.000%    9.12s 
 90.000%   11.22s 
 99.000%   12.00s 
 99.900%   12.10s 
 99.990%   12.10s 
 99.999%   12.10s 
100.000%   12.10s 

  Detailed Percentile spectrum:
       Value   Percentile   TotalCount 1/(1-Percentile)

    2293.759     0.000000            1         1.00
    3463.167     0.100000          102         1.11
    4485.119     0.200000          203         1.25
    5062.655     0.300000          302         1.43
    5849.087     0.400000          406         1.67
    6488.063     0.500000          503         2.00
    7008.255     0.550000          554         2.22
    7323.647     0.600000          603         2.50
    7794.687     0.650000          656         2.86
    8642.559     0.700000          705         3.33
    9117.695     0.750000          756         4.00
    9732.095     0.775000          780         4.44
   10166.271     0.800000          805         5.00
   10305.535     0.825000          831         5.71
   10633.215     0.850000          858         6.67
   11051.007     0.875000          880         8.00
   11108.351     0.887500          893         8.89
   11223.039     0.900000          906        10.00
   11354.111     0.912500          919        11.43
   11427.839     0.925000          935        13.33
   11444.223     0.937500          944        16.00
   11452.415     0.943750          958        17.78
   11452.415     0.950000          958        20.00
   11476.991     0.956250          962        22.86
   11722.751     0.962500          968        26.67
   11853.823     0.968750          975        32.00
   11919.359     0.971875          978        35.56
   11927.551     0.975000          980        40.00
   11952.127     0.978125          985        45.71
   11960.319     0.981250          992        53.33
   11960.319     0.984375          992        64.00
   11960.319     0.985938          992        71.11
   11968.511     0.987500          994        80.00
   12001.279     0.989062          995        91.43
   12009.471     0.990625          996       106.67
   12025.855     0.992188          998       128.00
   12025.855     0.992969          998       142.22
   12058.623     0.993750         1000       160.00
   12058.623     0.994531         1000       182.86
   12066.815     0.995313         1002       213.33
   12066.815     0.996094         1002       256.00
   12066.815     0.996484         1002       284.44
   12066.815     0.996875         1002       320.00
   12091.391     0.997266         1003       365.71
   12091.391     0.997656         1003       426.67
   12099.583     0.998047         1005       512.00
   12099.583     1.000000         1005          inf
#[Mean    =     6969.417, StdDeviation   =     2729.129]
#[Max     =    12091.392, Total count    =         1005]
#[Buckets =           27, SubBuckets     =         2048]
-----------------------------------------------------------------------
  1197 requests in 1.00m, 364.72KB read
Requests/sec:     19.95  
Transfer/sec:      6.08KB
