Running 1m test @ http://10.102.255.30/?loopCount=25&base=6&exp=6
  5 threads and 5 connections

  Thread calibration: mean lat.: 53.910ms, rate sampling interval: 193ms
  Thread calibration: mean lat.: 52.021ms, rate sampling interval: 178ms
  Thread calibration: mean lat.: 52.805ms, rate sampling interval: 187ms
  Thread calibration: mean lat.: 48.134ms, rate sampling interval: 147ms
  Thread calibration: mean lat.: 48.968ms, rate sampling interval: 162ms

-----------------------------------------------------------------------
Test Results @ http://10.102.255.30/?loopCount=25&base=6&exp=6 
  Thread Stats   Avg      Stdev     99%   +/- Stdev
    Latency    50.79ms   23.41ms 117.95ms   78.49%
    Req/Sec     9.54      3.12    16.00     83.26%
  Latency Distribution (HdrHistogram - Recorded Latency)
 50.000%   42.11ms
 75.000%   43.84ms
 90.000%   92.93ms
 99.000%  117.95ms
 99.900%  150.14ms
 99.990%  191.74ms
 99.999%  191.74ms
100.000%  191.74ms

  Detailed Percentile spectrum:
       Value   Percentile   TotalCount 1/(1-Percentile)

      21.375     0.000000            1         1.00
      34.175     0.100000          251         1.11
      40.127     0.200000          501         1.25
      41.055     0.300000          761         1.43
      41.535     0.400000         1006         1.67
      42.111     0.500000         1251         2.00
      42.399     0.550000         1377         2.22
      42.655     0.600000         1505         2.50
      42.975     0.650000         1632         2.86
      43.359     0.700000         1754         3.33
      43.839     0.750000         1878         4.00
      44.287     0.775000         1941         4.44
      48.959     0.800000         2001         5.00
      81.663     0.825000         2064         5.71
      89.407     0.850000         2126         6.67
      90.751     0.875000         2191         8.00
      91.455     0.887500         2220         8.89
      92.927     0.900000         2251        10.00
      94.783     0.912500         2283        11.43
      97.343     0.925000         2314        13.33
      99.711     0.937500         2345        16.00
     101.503     0.943750         2361        17.78
     102.975     0.950000         2377        20.00
     104.383     0.956250         2392        22.86
     106.751     0.962500         2409        26.67
     107.967     0.968750         2423        32.00
     108.543     0.971875         2431        35.56
     109.247     0.975000         2441        40.00
     111.167     0.978125         2447        45.71
     112.575     0.981250         2456        53.33
     113.535     0.984375         2463        64.00
     113.727     0.985938         2466        71.11
     114.751     0.987500         2470        80.00
     117.631     0.989062         2474        91.43
     118.719     0.990625         2478       106.67
     119.615     0.992188         2482       128.00
     120.767     0.992969         2485       142.22
     121.407     0.993750         2486       160.00
     122.047     0.994531         2488       182.86
     122.751     0.995313         2490       213.33
     123.647     0.996094         2493       256.00
     123.647     0.996484         2493       284.44
     124.607     0.996875         2494       320.00
     128.063     0.997266         2495       365.71
     130.495     0.997656         2496       426.67
     149.503     0.998047         2497       512.00
     149.503     0.998242         2497       568.89
     150.143     0.998437         2498       640.00
     150.143     0.998633         2498       731.43
     187.903     0.998828         2499       853.33
     187.903     0.999023         2499      1024.00
     187.903     0.999121         2499      1137.78
     189.183     0.999219         2500      1280.00
     189.183     0.999316         2500      1462.86
     189.183     0.999414         2500      1706.67
     189.183     0.999512         2500      2048.00
     189.183     0.999561         2500      2275.56
     191.743     0.999609         2501      2560.00
     191.743     1.000000         2501          inf
#[Mean    =       50.787, StdDeviation   =       23.408]
#[Max     =      191.616, Total count    =         2501]
#[Buckets =           27, SubBuckets     =         2048]
-----------------------------------------------------------------------
  2995 requests in 1.00m, 0.89MB read
Requests/sec:     49.91  
Transfer/sec:     15.21KB
