Running 1m test @ http://10.99.199.129/?loopCount=25&base=6&exp=6
  5 threads and 5 connections

  Thread calibration: mean lat.: 56.647ms, rate sampling interval: 189ms
  Thread calibration: mean lat.: 91.124ms, rate sampling interval: 443ms
  Thread calibration: mean lat.: 73.217ms, rate sampling interval: 344ms
  Thread calibration: mean lat.: 64.701ms, rate sampling interval: 242ms
  Thread calibration: mean lat.: 62.394ms, rate sampling interval: 215ms

-----------------------------------------------------------------------
Test Results @ http://10.99.199.129/?loopCount=25&base=6&exp=6 
  Thread Stats   Avg      Stdev     99%   +/- Stdev
    Latency    47.80ms   21.34ms 162.82ms   91.32%
    Req/Sec     9.57      2.03    15.00     88.22%
  Latency Distribution (HdrHistogram - Recorded Latency)
 50.000%   42.21ms
 75.000%   44.19ms
 90.000%   61.44ms
 99.000%  162.82ms
 99.900%  263.42ms
 99.990%  266.24ms
 99.999%  266.24ms
100.000%  266.24ms

  Detailed Percentile spectrum:
       Value   Percentile   TotalCount 1/(1-Percentile)

      21.743     0.000000            1         1.00
      39.359     0.100000          251         1.11
      41.023     0.200000          511         1.25
      41.439     0.300000          761         1.43
      41.823     0.400000         1012         1.67
      42.207     0.500000         1262         2.00
      42.399     0.550000         1382         2.22
      42.655     0.600000         1511         2.50
      42.943     0.650000         1633         2.86
      43.327     0.700000         1753         3.33
      44.191     0.750000         1876         4.00
      45.567     0.775000         1938         4.44
      48.415     0.800000         2001         5.00
      50.047     0.825000         2064         5.71
      51.423     0.850000         2125         6.67
      55.135     0.875000         2188         8.00
      57.567     0.887500         2219         8.89
      61.439     0.900000         2250        10.00
      65.663     0.912500         2282        11.43
      67.903     0.925000         2314        13.33
      69.759     0.937500         2344        16.00
      76.735     0.943750         2360        17.78
      83.391     0.950000         2375        20.00
      86.271     0.956250         2391        22.86
      93.183     0.962500         2409        26.67
      94.143     0.968750         2422        32.00
     101.119     0.971875         2430        35.56
     104.959     0.975000         2438        40.00
     115.135     0.978125         2446        45.71
     116.991     0.981250         2454        53.33
     120.447     0.984375         2461        64.00
     131.007     0.985938         2465        71.11
     154.367     0.987500         2469        80.00
     161.535     0.989062         2473        91.43
     163.839     0.990625         2477       106.67
     165.375     0.992188         2481       128.00
     171.391     0.992969         2483       142.22
     175.999     0.993750         2485       160.00
     180.223     0.994531         2487       182.86
     193.535     0.995313         2489       213.33
     197.887     0.996094         2491       256.00
     198.527     0.996484         2492       284.44
     200.447     0.996875         2493       320.00
     204.415     0.997266         2494       365.71
     204.799     0.997656         2495       426.67
     258.815     0.998047         2496       512.00
     258.815     0.998242         2496       568.89
     259.455     0.998437         2497       640.00
     259.455     0.998633         2497       731.43
     263.423     0.998828         2498       853.33
     263.423     0.999023         2498      1024.00
     263.423     0.999121         2498      1137.78
     264.447     0.999219         2499      1280.00
     264.447     0.999316         2499      1462.86
     264.447     0.999414         2499      1706.67
     264.447     0.999512         2499      2048.00
     264.447     0.999561         2499      2275.56
     266.239     0.999609         2500      2560.00
     266.239     1.000000         2500          inf
#[Mean    =       47.802, StdDeviation   =       21.338]
#[Max     =      265.984, Total count    =         2500]
#[Buckets =           27, SubBuckets     =         2048]
-----------------------------------------------------------------------
  2995 requests in 1.00m, 0.89MB read
Requests/sec:     49.91  
Transfer/sec:     15.21KB
