Running 1m test @ http://10.106.127.105/?loopCount=25&base=6&exp=6
  5 threads and 5 connections

  Thread calibration: mean lat.: 74.378ms, rate sampling interval: 324ms
  Thread calibration: mean lat.: 77.959ms, rate sampling interval: 336ms
  Thread calibration: mean lat.: 61.853ms, rate sampling interval: 189ms
  Thread calibration: mean lat.: 62.994ms, rate sampling interval: 188ms
  Thread calibration: mean lat.: 64.594ms, rate sampling interval: 222ms

-----------------------------------------------------------------------
Test Results @ http://10.106.127.105/?loopCount=25&base=6&exp=6 
  Thread Stats   Avg      Stdev     99%   +/- Stdev
    Latency    50.10ms   21.95ms 113.02ms   75.88%
    Req/Sec     9.52      2.22    15.00     80.87%
  Latency Distribution (HdrHistogram - Recorded Latency)
 50.000%   42.21ms
 75.000%   45.82ms
 90.000%   80.13ms
 99.000%  113.02ms
 99.900%  214.53ms
 99.990%  272.38ms
 99.999%  272.38ms
100.000%  272.38ms

  Detailed Percentile spectrum:
       Value   Percentile   TotalCount 1/(1-Percentile)

      21.535     0.000000            1         1.00
      36.927     0.100000          250         1.11
      40.511     0.200000          508         1.25
      41.087     0.300000          761         1.43
      41.599     0.400000         1003         1.67
      42.207     0.500000         1267         2.00
      42.495     0.550000         1385         2.22
      42.847     0.600000         1506         2.50
      43.231     0.650000         1628         2.86
      43.839     0.700000         1753         3.33
      45.823     0.750000         1876         4.00
      50.495     0.775000         1938         4.44
      65.343     0.800000         2000         5.00
      75.711     0.825000         2065         5.71
      77.311     0.850000         2129         6.67
      78.143     0.875000         2189         8.00
      78.719     0.887500         2220         8.89
      80.127     0.900000         2251        10.00
      82.303     0.912500         2283        11.43
      84.927     0.925000         2313        13.33
      86.271     0.937500         2344        16.00
      87.615     0.943750         2360        17.78
      88.831     0.950000         2376        20.00
      90.111     0.956250         2392        22.86
      93.055     0.962500         2408        26.67
      93.695     0.968750         2422        32.00
      94.207     0.971875         2430        35.56
      95.871     0.975000         2438        40.00
     101.631     0.978125         2446        45.71
     103.551     0.981250         2455        53.33
     109.055     0.984375         2461        64.00
     109.823     0.985938         2465        71.11
     111.039     0.987500         2469        80.00
     111.807     0.989062         2473        91.43
     125.567     0.990625         2477       106.67
     161.663     0.992188         2481       128.00
     162.047     0.992969         2483       142.22
     163.071     0.993750         2485       160.00
     163.711     0.994531         2487       182.86
     166.143     0.995313         2490       213.33
     169.343     0.996094         2491       256.00
     169.727     0.996484         2492       284.44
     170.623     0.996875         2493       320.00
     172.159     0.997266         2494       365.71
     185.983     0.997656         2495       426.67
     191.615     0.998047         2496       512.00
     191.615     0.998242         2496       568.89
     208.895     0.998437         2497       640.00
     208.895     0.998633         2497       731.43
     214.527     0.998828         2498       853.33
     214.527     0.999023         2498      1024.00
     214.527     0.999121         2498      1137.78
     268.031     0.999219         2499      1280.00
     268.031     0.999316         2499      1462.86
     268.031     0.999414         2499      1706.67
     268.031     0.999512         2499      2048.00
     268.031     0.999561         2499      2275.56
     272.383     0.999609         2500      2560.00
     272.383     1.000000         2500          inf
#[Mean    =       50.101, StdDeviation   =       21.953]
#[Max     =      272.128, Total count    =         2500]
#[Buckets =           27, SubBuckets     =         2048]
-----------------------------------------------------------------------
  2995 requests in 1.00m, 0.89MB read
Requests/sec:     49.91  
Transfer/sec:     15.21KB
