Running 1m test @ http://10.97.218.196/?loopCount=25&base=6&exp=6
  5 threads and 5 connections

  Thread calibration: mean lat.: 214.848ms, rate sampling interval: 1075ms
  Thread calibration: mean lat.: 110.505ms, rate sampling interval: 384ms
  Thread calibration: mean lat.: 179.597ms, rate sampling interval: 771ms
  Thread calibration: mean lat.: 285.355ms, rate sampling interval: 1419ms
  Thread calibration: mean lat.: 165.131ms, rate sampling interval: 739ms

-----------------------------------------------------------------------
Test Results @ http://10.97.218.196/?loopCount=25&base=6&exp=6 
  Thread Stats   Avg      Stdev     99%   +/- Stdev
    Latency   111.90ms   97.11ms 475.65ms   86.98%
    Req/Sec     9.56      2.02    15.00     86.84%
  Latency Distribution (HdrHistogram - Recorded Latency)
 50.000%   72.57ms
 75.000%  162.94ms
 90.000%  264.45ms
 99.000%  475.65ms
 99.900%  585.73ms
 99.990%  631.29ms
 99.999%  631.29ms
100.000%  631.29ms

  Detailed Percentile spectrum:
       Value   Percentile   TotalCount 1/(1-Percentile)

      21.775     0.000000            1         1.00
      40.831     0.100000          258         1.11
      41.631     0.200000          504         1.25
      45.311     0.300000          753         1.43
      53.695     0.400000         1002         1.67
      72.575     0.500000         1252         2.00
      81.855     0.550000         1377         2.22
      92.223     0.600000         1502         2.50
     102.911     0.650000         1627         2.86
     121.663     0.700000         1754         3.33
     162.943     0.750000         1879         4.00
     168.703     0.775000         1943         4.44
     171.647     0.800000         2003         5.00
     177.919     0.825000         2065         5.71
     186.367     0.850000         2128         6.67
     213.887     0.875000         2192         8.00
     233.855     0.887500         2222         8.89
     264.447     0.900000         2253        10.00
     269.823     0.912500         2287        11.43
     274.943     0.925000         2317        13.33
     286.975     0.937500         2347        16.00
     297.983     0.943750         2363        17.78
     317.695     0.950000         2378        20.00
     337.407     0.956250         2394        22.86
     366.847     0.962500         2410        26.67
     370.431     0.968750         2426        32.00
     371.967     0.971875         2433        35.56
     376.319     0.975000         2441        40.00
     386.047     0.978125         2449        45.71
     398.591     0.981250         2457        53.33
     428.031     0.984375         2464        64.00
     454.143     0.985938         2468        71.11
     462.591     0.987500         2472        80.00
     466.687     0.989062         2476        91.43
     476.415     0.990625         2480       106.67
     483.327     0.992188         2484       128.00
     486.143     0.992969         2486       142.22
     497.407     0.993750         2489       160.00
     503.039     0.994531         2490       182.86
     522.239     0.995313         2492       213.33
     561.663     0.996094         2494       256.00
     564.735     0.996484         2495       284.44
     573.439     0.996875         2496       320.00
     573.951     0.997266         2497       365.71
     577.023     0.997656         2498       426.67
     581.631     0.998047         2499       512.00
     581.631     0.998242         2499       568.89
     585.727     0.998437         2500       640.00
     585.727     0.998633         2500       731.43
     591.871     0.998828         2501       853.33
     591.871     0.999023         2501      1024.00
     591.871     0.999121         2501      1137.78
     624.127     0.999219         2502      1280.00
     624.127     0.999316         2502      1462.86
     624.127     0.999414         2502      1706.67
     624.127     0.999512         2502      2048.00
     624.127     0.999561         2502      2275.56
     631.295     0.999609         2503      2560.00
     631.295     1.000000         2503          inf
#[Mean    =      111.897, StdDeviation   =       97.113]
#[Max     =      630.784, Total count    =         2503]
#[Buckets =           27, SubBuckets     =         2048]
-----------------------------------------------------------------------
  2995 requests in 1.00m, 0.89MB read
Requests/sec:     49.91  
Transfer/sec:     15.22KB
