Running 1m test @ http://10.105.168.171/?loopCount=25&base=6&exp=6
  5 threads and 5 connections

  Thread calibration: mean lat.: 77.525ms, rate sampling interval: 272ms
  Thread calibration: mean lat.: 68.779ms, rate sampling interval: 235ms
  Thread calibration: mean lat.: 70.070ms, rate sampling interval: 249ms
  Thread calibration: mean lat.: 71.180ms, rate sampling interval: 280ms
  Thread calibration: mean lat.: 99.647ms, rate sampling interval: 477ms

-----------------------------------------------------------------------
Test Results @ http://10.105.168.171/?loopCount=25&base=6&exp=6 
  Thread Stats   Avg      Stdev     99%   +/- Stdev
    Latency    78.06ms   58.43ms 307.20ms   88.57%
    Req/Sec     9.67      2.50    17.00     89.28%
  Latency Distribution (HdrHistogram - Recorded Latency)
 50.000%   44.45ms
 75.000%  102.65ms
 90.000%  150.53ms
 99.000%  307.20ms
 99.900%  367.61ms
 99.990%  420.86ms
 99.999%  420.86ms
100.000%  420.86ms

  Detailed Percentile spectrum:
       Value   Percentile   TotalCount 1/(1-Percentile)

      21.455     0.000000            1         1.00
      40.543     0.100000          260         1.11
      41.087     0.200000          509         1.25
      41.567     0.300000          751         1.43
      42.239     0.400000         1004         1.67
      44.447     0.500000         1252         2.00
      59.327     0.550000         1377         2.22
      69.183     0.600000         1506         2.50
      73.279     0.650000         1628         2.86
      84.799     0.700000         1755         3.33
     102.655     0.750000         1877         4.00
     109.055     0.775000         1941         4.44
     112.959     0.800000         2002         5.00
     115.583     0.825000         2066         5.71
     121.151     0.850000         2128         6.67
     129.855     0.875000         2190         8.00
     139.135     0.887500         2221         8.89
     150.527     0.900000         2252        10.00
     169.855     0.912500         2284        11.43
     187.647     0.925000         2315        13.33
     208.127     0.937500         2346        16.00
     211.199     0.943750         2362        17.78
     213.247     0.950000         2378        20.00
     215.167     0.956250         2393        22.86
     219.903     0.962500         2409        26.67
     227.071     0.968750         2424        32.00
     228.607     0.971875         2432        35.56
     233.599     0.975000         2440        40.00
     239.871     0.978125         2448        45.71
     256.511     0.981250         2456        53.33
     278.527     0.984375         2463        64.00
     293.887     0.985938         2467        71.11
     304.127     0.987500         2471        80.00
     306.943     0.989062         2475        91.43
     308.735     0.990625         2479       106.67
     315.647     0.992188         2483       128.00
     316.159     0.992969         2485       142.22
     319.743     0.993750         2487       160.00
     322.303     0.994531         2489       182.86
     325.119     0.995313         2491       213.33
     329.471     0.996094         2493       256.00
     330.751     0.996484         2494       284.44
     331.519     0.996875         2495       320.00
     333.055     0.997266         2496       365.71
     333.567     0.997656         2497       426.67
     333.823     0.998047         2498       512.00
     333.823     0.998242         2498       568.89
     367.615     0.998437         2499       640.00
     367.615     0.998633         2499       731.43
     369.663     0.998828         2500       853.33
     369.663     0.999023         2500      1024.00
     369.663     0.999121         2500      1137.78
     415.231     0.999219         2501      1280.00
     415.231     0.999316         2501      1462.86
     415.231     0.999414         2501      1706.67
     415.231     0.999512         2501      2048.00
     415.231     0.999561         2501      2275.56
     420.863     0.999609         2502      2560.00
     420.863     1.000000         2502          inf
#[Mean    =       78.056, StdDeviation   =       58.431]
#[Max     =      420.608, Total count    =         2502]
#[Buckets =           27, SubBuckets     =         2048]
-----------------------------------------------------------------------
  2993 requests in 1.00m, 0.89MB read
Requests/sec:     49.88  
Transfer/sec:     15.21KB
