Running 1m test @ http://10.99.199.129/?loopCount=25&base=6&exp=6
  5 threads and 5 connections

  Thread calibration: mean lat.: 60.345ms, rate sampling interval: 234ms
  Thread calibration: mean lat.: 64.917ms, rate sampling interval: 283ms
  Thread calibration: mean lat.: 52.877ms, rate sampling interval: 177ms
  Thread calibration: mean lat.: 55.109ms, rate sampling interval: 180ms
  Thread calibration: mean lat.: 56.510ms, rate sampling interval: 210ms

-----------------------------------------------------------------------
Test Results @ http://10.99.199.129/?loopCount=25&base=6&exp=6 
  Thread Stats   Avg      Stdev     99%   +/- Stdev
    Latency    53.85ms   27.87ms 154.24ms   84.28%
    Req/Sec     9.57      2.73    16.00     77.22%
  Latency Distribution (HdrHistogram - Recorded Latency)
 50.000%   42.59ms
 75.000%   46.94ms
 90.000%  107.97ms
 99.000%  154.24ms
 99.900%  199.42ms
 99.990%  259.33ms
 99.999%  259.33ms
100.000%  259.33ms

  Detailed Percentile spectrum:
       Value   Percentile   TotalCount 1/(1-Percentile)

      22.703     0.000000            1         1.00
      39.359     0.100000          253         1.11
      40.767     0.200000          500         1.25
      41.343     0.300000          753         1.43
      41.887     0.400000         1008         1.67
      42.591     0.500000         1256         2.00
      42.879     0.550000         1384         2.22
      43.231     0.600000         1502         2.50
      43.647     0.650000         1629         2.86
      44.383     0.700000         1751         3.33
      46.943     0.750000         1876         4.00
      49.855     0.775000         1939         4.44
      54.559     0.800000         2000         5.00
      61.695     0.825000         2063         5.71
      82.239     0.850000         2125         6.67
      97.023     0.875000         2188         8.00
     106.751     0.887500         2224         8.89
     107.967     0.900000         2252        10.00
     109.695     0.912500         2282        11.43
     111.231     0.925000         2314        13.33
     114.111     0.937500         2344        16.00
     114.815     0.943750         2360        17.78
     115.967     0.950000         2375        20.00
     117.567     0.956250         2391        22.86
     119.359     0.962500         2408        26.67
     120.895     0.968750         2423        32.00
     122.815     0.971875         2430        35.56
     124.159     0.975000         2438        40.00
     125.119     0.978125         2446        45.71
     132.735     0.981250         2454        53.33
     148.991     0.984375         2461        64.00
     150.399     0.985938         2465        71.11
     151.935     0.987500         2469        80.00
     153.983     0.989062         2473        91.43
     155.263     0.990625         2477       106.67
     157.567     0.992188         2481       128.00
     160.639     0.992969         2483       142.22
     166.527     0.993750         2485       160.00
     168.447     0.994531         2487       182.86
     169.855     0.995313         2489       213.33
     169.983     0.996094         2491       256.00
     171.263     0.996484         2492       284.44
     172.031     0.996875         2493       320.00
     172.671     0.997266         2494       365.71
     179.583     0.997656         2495       426.67
     180.735     0.998047         2496       512.00
     180.735     0.998242         2496       568.89
     196.863     0.998437         2497       640.00
     196.863     0.998633         2497       731.43
     199.423     0.998828         2498       853.33
     199.423     0.999023         2498      1024.00
     199.423     0.999121         2498      1137.78
     256.511     0.999219         2499      1280.00
     256.511     0.999316         2499      1462.86
     256.511     0.999414         2499      1706.67
     256.511     0.999512         2499      2048.00
     256.511     0.999561         2499      2275.56
     259.327     0.999609         2500      2560.00
     259.327     1.000000         2500          inf
#[Mean    =       53.848, StdDeviation   =       27.866]
#[Max     =      259.200, Total count    =         2500]
#[Buckets =           27, SubBuckets     =         2048]
-----------------------------------------------------------------------
  2995 requests in 1.00m, 0.89MB read
Requests/sec:     49.91  
Transfer/sec:     15.21KB
