Running 1m test @ http://10.100.134.99/?loopCount=25&base=6&exp=6
  5 threads and 5 connections

  Thread calibration: mean lat.: 315.977ms, rate sampling interval: 1044ms
  Thread calibration: mean lat.: 646.327ms, rate sampling interval: 1595ms
  Thread calibration: mean lat.: 499.066ms, rate sampling interval: 1274ms
  Thread calibration: mean lat.: 315.398ms, rate sampling interval: 837ms
  Thread calibration: mean lat.: 199.488ms, rate sampling interval: 622ms

-----------------------------------------------------------------------
Test Results @ http://10.100.134.99/?loopCount=25&base=6&exp=6 
  Thread Stats   Avg      Stdev     99%   +/- Stdev
    Latency   140.19ms  161.13ms 876.54ms   88.90%
    Req/Sec    14.67      1.28    19.00     90.23%
  Latency Distribution (HdrHistogram - Recorded Latency)
 50.000%   78.33ms
 75.000%  156.03ms
 90.000%  322.82ms
 99.000%  876.54ms
 99.900%  993.28ms
 99.990%    1.02s 
 99.999%    1.02s 
100.000%    1.02s 

  Detailed Percentile spectrum:
       Value   Percentile   TotalCount 1/(1-Percentile)

      21.871     0.000000            1         1.00
      40.735     0.100000          381         1.11
      41.791     0.200000          760         1.25
      53.023     0.300000         1134         1.43
      64.735     0.400000         1513         1.67
      78.335     0.500000         1890         2.00
      88.447     0.550000         2077         2.22
      97.855     0.600000         2269         2.50
     112.063     0.650000         2457         2.86
     131.199     0.700000         2644         3.33
     156.031     0.750000         2835         4.00
     172.287     0.775000         2927         4.44
     188.415     0.800000         3021         5.00
     212.479     0.825000         3116         5.71
     240.383     0.850000         3210         6.67
     278.271     0.875000         3304         8.00
     299.007     0.887500         3352         8.89
     323.071     0.900000         3399        10.00
     353.535     0.912500         3446        11.43
     387.071     0.925000         3493        13.33
     428.543     0.937500         3540        16.00
     454.911     0.943750         3564        17.78
     481.791     0.950000         3588        20.00
     502.527     0.956250         3611        22.86
     520.447     0.962500         3635        26.67
     547.327     0.968750         3658        32.00
     567.295     0.971875         3670        35.56
     699.903     0.975000         3682        40.00
     758.783     0.978125         3694        45.71
     788.479     0.981250         3706        53.33
     820.223     0.984375         3718        64.00
     827.903     0.985938         3723        71.11
     850.943     0.987500         3729        80.00
     862.207     0.989062         3735        91.43
     882.175     0.990625         3741       106.67
     910.335     0.992188         3748       128.00
     924.671     0.992969         3750       142.22
     939.519     0.993750         3753       160.00
     947.199     0.994531         3756       182.86
     961.023     0.995313         3759       213.33
     967.679     0.996094         3762       256.00
     972.287     0.996484         3763       284.44
     976.895     0.996875         3765       320.00
     978.431     0.997266         3766       365.71
     985.599     0.997656         3768       426.67
     987.135     0.998047         3769       512.00
     991.743     0.998242         3770       568.89
     992.767     0.998437         3771       640.00
     992.767     0.998633         3771       731.43
     993.279     0.998828         3772       853.33
     996.351     0.999023         3773      1024.00
     996.351     0.999121         3773      1137.78
     998.911     0.999219         3774      1280.00
     998.911     0.999316         3774      1462.86
     998.911     0.999414         3774      1706.67
    1011.199     0.999512         3775      2048.00
    1011.199     0.999561         3775      2275.56
    1011.199     0.999609         3775      2560.00
    1011.199     0.999658         3775      2925.71
    1011.199     0.999707         3775      3413.33
    1022.975     0.999756         3776      4096.00
    1022.975     1.000000         3776          inf
#[Mean    =      140.190, StdDeviation   =      161.130]
#[Max     =     1022.464, Total count    =         3776]
#[Buckets =           27, SubBuckets     =         2048]
-----------------------------------------------------------------------
  4489 requests in 1.00m, 1.34MB read
Requests/sec:     74.81  
Transfer/sec:     22.80KB
