Running 1m test @ http://10.104.225.39/?loopCount=25&base=6&exp=6
  5 threads and 5 connections

  Thread calibration: mean lat.: 47.768ms, rate sampling interval: 128ms
  Thread calibration: mean lat.: 50.157ms, rate sampling interval: 117ms
  Thread calibration: mean lat.: 49.769ms, rate sampling interval: 123ms
  Thread calibration: mean lat.: 56.004ms, rate sampling interval: 156ms
  Thread calibration: mean lat.: 50.013ms, rate sampling interval: 139ms

-----------------------------------------------------------------------
Test Results @ http://10.104.225.39/?loopCount=25&base=6&exp=6 
  Thread Stats   Avg      Stdev     99%   +/- Stdev
    Latency    47.45ms   16.17ms 128.19ms   90.26%
    Req/Sec     9.55      3.62    17.00     83.43%
  Latency Distribution (HdrHistogram - Recorded Latency)
 50.000%   41.79ms
 75.000%   46.53ms
 90.000%   60.54ms
 99.000%  128.19ms
 99.900%  162.69ms
 99.990%  172.54ms
 99.999%  172.54ms
100.000%  172.54ms

  Detailed Percentile spectrum:
       Value   Percentile   TotalCount 1/(1-Percentile)

      23.167     0.000000            1         1.00
      40.383     0.100000          252         1.11
      40.831     0.200000          510         1.25
      41.151     0.300000          759         1.43
      41.471     0.400000         1009         1.67
      41.791     0.500000         1255         2.00
      42.015     0.550000         1389         2.22
      42.303     0.600000         1498         2.50
      42.815     0.650000         1625         2.86
      44.991     0.700000         1751         3.33
      46.527     0.750000         1873         4.00
      48.959     0.775000         1935         4.44
      52.607     0.800000         1998         5.00
      53.215     0.825000         2060         5.71
      54.207     0.850000         2123         6.67
      56.703     0.875000         2184         8.00
      58.207     0.887500         2217         8.89
      60.639     0.900000         2247        10.00
      62.623     0.912500         2278        11.43
      65.983     0.925000         2309        13.33
      67.775     0.937500         2340        16.00
      68.479     0.943750         2358        17.78
      69.375     0.950000         2372        20.00
      74.239     0.956250         2387        22.86
      84.735     0.962500         2403        26.67
      92.863     0.968750         2418        32.00
      94.207     0.971875         2426        35.56
     102.591     0.975000         2434        40.00
     117.823     0.978125         2442        45.71
     119.295     0.981250         2451        53.33
     120.703     0.984375         2457        64.00
     122.879     0.985938         2461        71.11
     125.055     0.987500         2465        80.00
     127.679     0.989062         2469        91.43
     129.663     0.990625         2473       106.67
     131.455     0.992188         2478       128.00
     131.711     0.992969         2479       142.22
     133.375     0.993750         2481       160.00
     134.783     0.994531         2483       182.86
     136.063     0.995313         2485       213.33
     141.695     0.996094         2487       256.00
     141.823     0.996484         2488       284.44
     141.951     0.996875         2489       320.00
     142.207     0.997266         2490       365.71
     160.127     0.997656         2491       426.67
     161.535     0.998047         2492       512.00
     161.535     0.998242         2492       568.89
     162.431     0.998437         2493       640.00
     162.431     0.998633         2493       731.43
     162.687     0.998828         2494       853.33
     162.687     0.999023         2494      1024.00
     162.687     0.999121         2494      1137.78
     164.351     0.999219         2495      1280.00
     164.351     0.999316         2495      1462.86
     164.351     0.999414         2495      1706.67
     164.351     0.999512         2495      2048.00
     164.351     0.999561         2495      2275.56
     172.543     0.999609         2496      2560.00
     172.543     1.000000         2496          inf
#[Mean    =       47.446, StdDeviation   =       16.172]
#[Max     =      172.416, Total count    =         2496]
#[Buckets =           27, SubBuckets     =         2048]
-----------------------------------------------------------------------
  2991 requests in 1.00m, 0.89MB read
Requests/sec:     49.85  
Transfer/sec:     15.19KB
