Running 1m test @ http://10.102.62.147/?loopCount=25&base=6&exp=6
  5 threads and 5 connections

  Thread calibration: mean lat.: 51.614ms, rate sampling interval: 161ms
  Thread calibration: mean lat.: 51.083ms, rate sampling interval: 154ms
  Thread calibration: mean lat.: 53.568ms, rate sampling interval: 159ms
  Thread calibration: mean lat.: 60.195ms, rate sampling interval: 202ms
  Thread calibration: mean lat.: 51.550ms, rate sampling interval: 169ms

-----------------------------------------------------------------------
Test Results @ http://10.102.62.147/?loopCount=25&base=6&exp=6 
  Thread Stats   Avg      Stdev     99%   +/- Stdev
    Latency    47.17ms   15.77ms  94.72ms   78.92%
    Req/Sec     9.40      2.98    14.00     89.19%
  Latency Distribution (HdrHistogram - Recorded Latency)
 50.000%   42.46ms
 75.000%   43.62ms
 90.000%   78.01ms
 99.000%   94.72ms
 99.900%  110.27ms
 99.990%  118.01ms
 99.999%  118.01ms
100.000%  118.01ms

  Detailed Percentile spectrum:
       Value   Percentile   TotalCount 1/(1-Percentile)

      21.823     0.000000            1         1.00
      38.591     0.100000          250         1.11
      40.383     0.200000          502         1.25
      41.407     0.300000          760         1.43
      42.015     0.400000         1015         1.67
      42.463     0.500000         1257         2.00
      42.687     0.550000         1385         2.22
      42.879     0.600000         1516         2.50
      43.071     0.650000         1629         2.86
      43.295     0.700000         1764         3.33
      43.615     0.750000         1879         4.00
      43.871     0.775000         1944         4.44
      44.287     0.800000         2002         5.00
      46.175     0.825000         2063         5.71
      66.751     0.850000         2125         6.67
      75.839     0.875000         2189         8.00
      77.055     0.887500         2220         8.89
      78.015     0.900000         2250        10.00
      78.655     0.912500         2285        11.43
      79.103     0.925000         2313        13.33
      80.575     0.937500         2344        16.00
      81.983     0.943750         2363        17.78
      83.199     0.950000         2375        20.00
      85.503     0.956250         2391        22.86
      87.359     0.962500         2408        26.67
      89.535     0.968750         2423        32.00
      90.175     0.971875         2430        35.56
      91.263     0.975000         2438        40.00
      92.671     0.978125         2446        45.71
      93.311     0.981250         2454        53.33
      93.759     0.984375         2461        64.00
      93.951     0.985938         2465        71.11
      94.207     0.987500         2469        80.00
      94.527     0.989062         2473        91.43
      94.911     0.990625         2478       106.67
      95.039     0.992188         2481       128.00
      95.679     0.992969         2483       142.22
      95.999     0.993750         2485       160.00
      97.215     0.994531         2487       182.86
      97.919     0.995313         2489       213.33
      99.199     0.996094         2491       256.00
     101.695     0.996484         2492       284.44
     102.463     0.996875         2493       320.00
     104.575     0.997266         2494       365.71
     108.927     0.997656         2495       426.67
     108.991     0.998047         2496       512.00
     108.991     0.998242         2496       568.89
     110.079     0.998437         2497       640.00
     110.079     0.998633         2497       731.43
     110.271     0.998828         2498       853.33
     110.271     0.999023         2498      1024.00
     110.271     0.999121         2498      1137.78
     116.863     0.999219         2499      1280.00
     116.863     0.999316         2499      1462.86
     116.863     0.999414         2499      1706.67
     116.863     0.999512         2499      2048.00
     116.863     0.999561         2499      2275.56
     118.015     0.999609         2500      2560.00
     118.015     1.000000         2500          inf
#[Mean    =       47.169, StdDeviation   =       15.766]
#[Max     =      117.952, Total count    =         2500]
#[Buckets =           27, SubBuckets     =         2048]
-----------------------------------------------------------------------
  2995 requests in 1.00m, 0.89MB read
Requests/sec:     49.91  
Transfer/sec:     15.21KB
