Running 1m test @ http://10.106.106.124/?loopCount=25&base=6&exp=6
  1 threads and 1 connections

  Thread calibration: mean lat.: 592.332ms, rate sampling interval: 2071ms

-----------------------------------------------------------------------
Test Results @ http://10.106.106.124/?loopCount=25&base=6&exp=6 
  Thread Stats   Avg      Stdev     99%   +/- Stdev
    Latency     4.05s     1.89s    7.58s    57.91%
    Req/Sec    21.12      1.88    24.00     91.67%
  Latency Distribution (HdrHistogram - Recorded Latency)
 50.000%    4.00s 
 75.000%    5.77s 
 90.000%    6.82s 
 99.000%    7.58s 
 99.900%    7.82s 
 99.990%    7.82s 
 99.999%    7.82s 
100.000%    7.82s 

  Detailed Percentile spectrum:
       Value   Percentile   TotalCount 1/(1-Percentile)

    1048.063     0.000000            3         1.00
    1560.575     0.100000          112         1.11
    2056.191     0.200000          218         1.25
    2707.455     0.300000          327         1.43
    3448.831     0.400000          434         1.67
    3999.743     0.500000          541         2.00
    4349.951     0.550000          595         2.22
    4497.407     0.600000          650         2.50
    4640.767     0.650000          703         2.86
    5345.279     0.700000          762         3.33
    5767.167     0.750000          811         4.00
    5869.567     0.775000          838         4.44
    5959.679     0.800000          868         5.00
    6045.695     0.825000          895         5.71
    6205.439     0.850000          923         6.67
    6467.583     0.875000          948         8.00
    6705.151     0.887500          963         8.89
    6819.839     0.900000          973        10.00
    6946.815     0.912500          988        11.43
    7000.063     0.925000         1000        13.33
    7106.559     0.937500         1014        16.00
    7176.191     0.943750         1025        17.78
    7196.671     0.950000         1027        20.00
    7225.343     0.956250         1034        22.86
    7258.111     0.962500         1041        26.67
    7340.031     0.968750         1049        32.00
    7352.319     0.971875         1056        35.56
    7352.319     0.975000         1056        40.00
    7356.415     0.978125         1063        45.71
    7356.415     0.981250         1063        53.33
    7438.335     0.984375         1066        64.00
    7438.335     0.985938         1066        71.11
    7524.351     0.987500         1068        80.00
    7581.695     0.989062         1070        91.43
    7626.751     0.990625         1071       106.67
    7716.863     0.992188         1074       128.00
    7716.863     0.992969         1074       142.22
    7766.015     0.993750         1075       160.00
    7802.879     0.994531         1077       182.86
    7802.879     0.995313         1077       213.33
    7802.879     0.996094         1077       256.00
    7815.167     0.996484         1081       284.44
    7815.167     1.000000         1081          inf
#[Mean    =     4047.303, StdDeviation   =     1894.193]
#[Max     =     7811.072, Total count    =         1081]
#[Buckets =           27, SubBuckets     =         2048]
-----------------------------------------------------------------------
  1304 requests in 1.00m, 397.32KB read
Requests/sec:     21.73  
Transfer/sec:      6.62KB
