Running 1m test @ http://10.110.188.59/?loopCount=25&base=6&exp=6
  1 threads and 1 connections

  Thread calibration: mean lat.: 2426.305ms, rate sampling interval: 7696ms

-----------------------------------------------------------------------
Test Results @ http://10.110.188.59/?loopCount=25&base=6&exp=6 
  Thread Stats   Avg      Stdev     99%   +/- Stdev
    Latency    12.88s     4.09s   18.91s    60.86%
    Req/Sec    17.33      1.49    19.00    100.00%
  Latency Distribution (HdrHistogram - Recorded Latency)
 50.000%   13.81s 
 75.000%   16.38s 
 90.000%   18.10s 
 99.000%   18.91s 
 99.900%   19.07s 
 99.990%   19.14s 
 99.999%   19.14s 
100.000%   19.14s 

  Detailed Percentile spectrum:
       Value   Percentile   TotalCount 1/(1-Percentile)

    4554.751     0.000000            1         1.00
    7020.543     0.100000           89         1.11
    8421.375     0.200000          177         1.25
   10854.399     0.300000          267         1.43
   12271.615     0.400000          356         1.67
   13811.711     0.500000          443         2.00
   14237.695     0.550000          487         2.22
   14778.367     0.600000          531         2.50
   15007.743     0.650000          575         2.86
   15622.143     0.700000          620         3.33
   16383.999     0.750000          667         4.00
   16637.951     0.775000          686         4.44
   16670.719     0.800000          709         5.00
   17121.279     0.825000          730         5.71
   17416.191     0.850000          753         6.67
   17645.567     0.875000          774         8.00
   18006.015     0.887500          785         8.89
   18104.319     0.900000          800        10.00
   18137.087     0.912500          810        11.43
   18153.471     0.925000          821        13.33
   18202.623     0.937500          830        16.00
   18317.311     0.943750          835        17.78
   18415.615     0.950000          840        20.00
   18563.071     0.956250          846        22.86
   18644.991     0.962500          855        26.67
   18694.143     0.968750          865        32.00
   18694.143     0.971875          865        35.56
   18694.143     0.975000          865        40.00
   18694.143     0.978125          865        45.71
   18874.367     0.981250          871        53.33
   18874.367     0.984375          871        64.00
   18907.135     0.985938          875        71.11
   18907.135     0.987500          875        80.00
   18907.135     0.989062          875        91.43
   18939.903     0.990625          876       106.67
   18956.287     0.992188          878       128.00
   18956.287     0.992969          878       142.22
   18972.671     0.993750          879       160.00
   18989.055     0.994531          881       182.86
   18989.055     0.995313          881       213.33
   18989.055     0.996094          881       256.00
   18989.055     0.996484          881       284.44
   19021.823     0.996875          882       320.00
   19021.823     0.997266          882       365.71
   19021.823     0.997656          882       426.67
   19070.975     0.998047          883       512.00
   19070.975     0.998242          883       568.89
   19070.975     0.998437          883       640.00
   19070.975     0.998633          883       731.43
   19070.975     0.998828          883       853.33
   19136.511     0.999023          884      1024.00
   19136.511     1.000000          884          inf
#[Mean    =    12882.379, StdDeviation   =     4085.854]
#[Max     =    19120.128, Total count    =          884]
#[Buckets =           27, SubBuckets     =         2048]
-----------------------------------------------------------------------
  1021 requests in 1.00m, 311.15KB read
Requests/sec:     17.02  
Transfer/sec:      5.19KB
