Running 1m test @ http://10.104.225.39/?loopCount=25&base=6&exp=6
  5 threads and 5 connections

  Thread calibration: mean lat.: 56.879ms, rate sampling interval: 199ms
  Thread calibration: mean lat.: 61.419ms, rate sampling interval: 210ms
  Thread calibration: mean lat.: 54.669ms, rate sampling interval: 196ms
  Thread calibration: mean lat.: 47.341ms, rate sampling interval: 136ms
  Thread calibration: mean lat.: 47.480ms, rate sampling interval: 137ms

-----------------------------------------------------------------------
Test Results @ http://10.104.225.39/?loopCount=25&base=6&exp=6 
  Thread Stats   Avg      Stdev     99%   +/- Stdev
    Latency    48.66ms   20.63ms 117.57ms   85.13%
    Req/Sec     9.67      2.94    15.00     72.23%
  Latency Distribution (HdrHistogram - Recorded Latency)
 50.000%   42.21ms
 75.000%   44.00ms
 90.000%   77.44ms
 99.000%  117.57ms
 99.900%  146.30ms
 99.990%  148.35ms
 99.999%  148.35ms
100.000%  148.35ms

  Detailed Percentile spectrum:
       Value   Percentile   TotalCount 1/(1-Percentile)

      21.839     0.000000            1         1.00
      38.879     0.100000          253         1.11
      40.543     0.200000          503         1.25
      40.959     0.300000          755         1.43
      41.535     0.400000         1003         1.67
      42.207     0.500000         1254         2.00
      42.527     0.550000         1378         2.22
      42.847     0.600000         1513         2.50
      43.135     0.650000         1630         2.86
      43.519     0.700000         1753         3.33
      43.999     0.750000         1882         4.00
      44.287     0.775000         1943         4.44
      44.735     0.800000         2005         5.00
      45.759     0.825000         2065         5.71
      50.143     0.850000         2127         6.67
      64.927     0.875000         2190         8.00
      73.023     0.887500         2223         8.89
      77.439     0.900000         2252        10.00
      97.983     0.912500         2284        11.43
      99.135     0.925000         2315        13.33
     100.671     0.937500         2346        16.00
     101.951     0.943750         2362        17.78
     102.847     0.950000         2377        20.00
     104.575     0.956250         2393        22.86
     107.711     0.962500         2410        26.67
     109.055     0.968750         2424        32.00
     110.335     0.971875         2432        35.56
     111.167     0.975000         2440        40.00
     112.895     0.978125         2448        45.71
     114.751     0.981250         2456        53.33
     115.967     0.984375         2463        64.00
     116.031     0.985938         2467        71.11
     116.735     0.987500         2472        80.00
     117.247     0.989062         2475        91.43
     118.015     0.990625         2479       106.67
     122.431     0.992188         2483       128.00
     122.751     0.992969         2485       142.22
     124.159     0.993750         2487       160.00
     138.495     0.994531         2489       182.86
     138.879     0.995313         2491       213.33
     140.031     0.996094         2493       256.00
     140.543     0.996484         2494       284.44
     142.719     0.996875         2496       320.00
     142.719     0.997266         2496       365.71
     142.975     0.997656         2497       426.67
     145.535     0.998047         2498       512.00
     145.535     0.998242         2498       568.89
     146.303     0.998437         2499       640.00
     146.303     0.998633         2499       731.43
     147.071     0.998828         2500       853.33
     147.071     0.999023         2500      1024.00
     147.071     0.999121         2500      1137.78
     147.711     0.999219         2501      1280.00
     147.711     0.999316         2501      1462.86
     147.711     0.999414         2501      1706.67
     147.711     0.999512         2501      2048.00
     147.711     0.999561         2501      2275.56
     148.351     0.999609         2502      2560.00
     148.351     1.000000         2502          inf
#[Mean    =       48.658, StdDeviation   =       20.632]
#[Max     =      148.224, Total count    =         2502]
#[Buckets =           27, SubBuckets     =         2048]
-----------------------------------------------------------------------
  2995 requests in 1.00m, 0.89MB read
Requests/sec:     49.91  
Transfer/sec:     15.21KB
