Running 1m test @ http://10.101.163.15/?loopCount=25&base=6&exp=6
  5 threads and 5 connections

  Thread calibration: mean lat.: 175.259ms, rate sampling interval: 964ms
  Thread calibration: mean lat.: 185.540ms, rate sampling interval: 1017ms
  Thread calibration: mean lat.: 152.194ms, rate sampling interval: 739ms
  Thread calibration: mean lat.: 124.667ms, rate sampling interval: 493ms
  Thread calibration: mean lat.: 95.196ms, rate sampling interval: 324ms

-----------------------------------------------------------------------
Test Results @ http://10.101.163.15/?loopCount=25&base=6&exp=6 
  Thread Stats   Avg      Stdev     99%   +/- Stdev
    Latency   100.38ms   78.62ms 365.05ms   87.08%
    Req/Sec     9.64      1.87    15.00     88.63%
  Latency Distribution (HdrHistogram - Recorded Latency)
 50.000%   66.11ms
 75.000%  145.15ms
 90.000%  237.82ms
 99.000%  365.05ms
 99.900%  449.28ms
 99.990%  455.17ms
 99.999%  455.17ms
100.000%  455.17ms

  Detailed Percentile spectrum:
       Value   Percentile   TotalCount 1/(1-Percentile)

      21.999     0.000000            1         1.00
      40.895     0.100000          255         1.11
      43.711     0.200000          501         1.25
      49.183     0.300000          750         1.43
      57.727     0.400000         1000         1.67
      66.111     0.500000         1252         2.00
      71.999     0.550000         1375         2.22
      77.055     0.600000         1501         2.50
      84.031     0.650000         1627         2.86
     103.551     0.700000         1750         3.33
     145.151     0.750000         1880         4.00
     148.863     0.775000         1938         4.44
     151.295     0.800000         2000         5.00
     157.951     0.825000         2064         5.71
     166.655     0.850000         2127         6.67
     184.959     0.875000         2188         8.00
     194.943     0.887500         2219         8.89
     237.823     0.900000         2250        10.00
     246.271     0.912500         2282        11.43
     250.367     0.925000         2313        13.33
     256.511     0.937500         2346        16.00
     262.015     0.943750         2362        17.78
     265.471     0.950000         2375        20.00
     269.823     0.956250         2391        22.86
     279.295     0.962500         2407        26.67
     300.031     0.968750         2422        32.00
     329.983     0.971875         2430        35.56
     342.527     0.975000         2439        40.00
     346.367     0.978125         2446        45.71
     351.487     0.981250         2454        53.33
     356.095     0.984375         2461        64.00
     358.143     0.985938         2465        71.11
     360.959     0.987500         2469        80.00
     362.495     0.989062         2474        91.43
     367.359     0.990625         2477       106.67
     369.919     0.992188         2481       128.00
     376.319     0.992969         2483       142.22
     382.975     0.993750         2485       160.00
     387.839     0.994531         2487       182.86
     389.119     0.995313         2490       213.33
     394.239     0.996094         2491       256.00
     443.135     0.996484         2492       284.44
     443.647     0.996875         2493       320.00
     446.207     0.997266         2495       365.71
     446.207     0.997656         2495       426.67
     447.231     0.998047         2496       512.00
     447.231     0.998242         2496       568.89
     447.999     0.998437         2497       640.00
     447.999     0.998633         2497       731.43
     449.279     0.998828         2498       853.33
     449.279     0.999023         2498      1024.00
     449.279     0.999121         2498      1137.78
     449.535     0.999219         2499      1280.00
     449.535     0.999316         2499      1462.86
     449.535     0.999414         2499      1706.67
     449.535     0.999512         2499      2048.00
     449.535     0.999561         2499      2275.56
     455.167     0.999609         2500      2560.00
     455.167     1.000000         2500          inf
#[Mean    =      100.381, StdDeviation   =       78.622]
#[Max     =      454.912, Total count    =         2500]
#[Buckets =           27, SubBuckets     =         2048]
-----------------------------------------------------------------------
  2995 requests in 1.00m, 0.89MB read
Requests/sec:     49.91  
Transfer/sec:     15.22KB
