Running 1m test @ http://10.100.185.202/?loopCount=25&base=6&exp=6
  5 threads and 5 connections

  Thread calibration: mean lat.: 288.798ms, rate sampling interval: 1067ms
  Thread calibration: mean lat.: 323.733ms, rate sampling interval: 1509ms
  Thread calibration: mean lat.: 605.333ms, rate sampling interval: 2557ms
  Thread calibration: mean lat.: 296.349ms, rate sampling interval: 1281ms
  Thread calibration: mean lat.: 387.123ms, rate sampling interval: 1544ms

-----------------------------------------------------------------------
Test Results @ http://10.100.185.202/?loopCount=25&base=6&exp=6 
  Thread Stats   Avg      Stdev     99%   +/- Stdev
    Latency     1.81s   725.13ms   3.72s    71.52%
    Req/Sec    14.17      1.61    17.00     86.98%
  Latency Distribution (HdrHistogram - Recorded Latency)
 50.000%    1.56s 
 75.000%    2.25s 
 90.000%    2.79s 
 99.000%    3.72s 
 99.900%    3.86s 
 99.990%    3.89s 
 99.999%    3.89s 
100.000%    3.89s 

  Detailed Percentile spectrum:
       Value   Percentile   TotalCount 1/(1-Percentile)

     513.791     0.000000            1         1.00
     973.823     0.100000          365         1.11
    1263.615     0.200000          732         1.25
    1374.207     0.300000         1097         1.43
    1449.983     0.400000         1464         1.67
    1563.647     0.500000         1822         2.00
    1716.223     0.550000         2003         2.22
    1914.879     0.600000         2186         2.50
    2025.471     0.650000         2367         2.86
    2142.207     0.700000         2550         3.33
    2246.655     0.750000         2732         4.00
    2299.903     0.775000         2822         4.44
    2365.439     0.800000         2915         5.00
    2478.079     0.825000         3004         5.71
    2598.911     0.850000         3096         6.67
    2707.455     0.875000         3186         8.00
    2754.559     0.887500         3233         8.89
    2791.423     0.900000         3277        10.00
    2846.719     0.912500         3323        11.43
    2926.591     0.925000         3368        13.33
    3119.103     0.937500         3415        16.00
    3268.607     0.943750         3437        17.78
    3354.623     0.950000         3459        20.00
    3540.991     0.956250         3483        22.86
    3586.047     0.962500         3508        26.67
    3616.767     0.968750         3528        32.00
    3633.151     0.971875         3539        35.56
    3649.535     0.975000         3550        40.00
    3663.871     0.978125         3562        45.71
    3678.207     0.981250         3573        53.33
    3690.495     0.984375         3585        64.00
    3696.639     0.985938         3591        71.11
    3708.927     0.987500         3598        80.00
    3717.119     0.989062         3604        91.43
    3725.311     0.990625         3607       106.67
    3737.599     0.992188         3614       128.00
    3739.647     0.992969         3616       142.22
    3756.031     0.993750         3620       160.00
    3764.223     0.994531         3622       182.86
    3776.511     0.995313         3624       213.33
    3782.655     0.996094         3627       256.00
    3784.703     0.996484         3629       284.44
    3796.991     0.996875         3630       320.00
    3813.375     0.997266         3632       365.71
    3819.519     0.997656         3633       426.67
    3833.855     0.998047         3634       512.00
    3839.999     0.998242         3635       568.89
    3852.287     0.998437         3636       640.00
    3860.479     0.998633         3638       731.43
    3860.479     0.998828         3638       853.33
    3860.479     0.999023         3638      1024.00
    3860.479     0.999121         3638      1137.78
    3862.527     0.999219         3639      1280.00
    3862.527     0.999316         3639      1462.86
    3862.527     0.999414         3639      1706.67
    3864.575     0.999512         3640      2048.00
    3864.575     0.999561         3640      2275.56
    3864.575     0.999609         3640      2560.00
    3864.575     0.999658         3640      2925.71
    3864.575     0.999707         3640      3413.33
    3889.151     0.999756         3641      4096.00
    3889.151     1.000000         3641          inf
#[Mean    =     1808.176, StdDeviation   =      725.130]
#[Max     =     3887.104, Total count    =         3641]
#[Buckets =           27, SubBuckets     =         2048]
-----------------------------------------------------------------------
  4316 requests in 1.00m, 1.28MB read
Requests/sec:     71.93  
Transfer/sec:     21.92KB
