Running 1m test @ http://10.109.115.86/?loopCount=25&base=6&exp=6
  5 threads and 5 connections

  Thread calibration: mean lat.: 1896.906ms, rate sampling interval: 6221ms
  Thread calibration: mean lat.: 1507.413ms, rate sampling interval: 4939ms
  Thread calibration: mean lat.: 1612.494ms, rate sampling interval: 5623ms
  Thread calibration: mean lat.: 1831.628ms, rate sampling interval: 6680ms
  Thread calibration: mean lat.: 1590.561ms, rate sampling interval: 6414ms

-----------------------------------------------------------------------
Test Results @ http://10.109.115.86/?loopCount=25&base=6&exp=6 
  Thread Stats   Avg      Stdev     99%   +/- Stdev
    Latency    11.43s     4.68s   19.51s    57.92%
    Req/Sec     9.72      0.67    11.00    100.00%
  Latency Distribution (HdrHistogram - Recorded Latency)
 50.000%   11.65s 
 75.000%   15.31s 
 90.000%   17.76s 
 99.000%   19.51s 
 99.900%   19.87s 
 99.990%   19.99s 
 99.999%   19.99s 
100.000%   19.99s 

  Detailed Percentile spectrum:
       Value   Percentile   TotalCount 1/(1-Percentile)

    2967.551     0.000000            1         1.00
    4771.839     0.100000          259         1.11
    6516.735     0.200000          515         1.25
    8261.631     0.300000          771         1.43
    9994.239     0.400000         1028         1.67
   11649.023     0.500000         1285         2.00
   12419.071     0.550000         1413         2.22
   13205.503     0.600000         1543         2.50
   13918.207     0.650000         1670         2.86
   14696.447     0.700000         1800         3.33
   15310.847     0.750000         1927         4.00
   15818.751     0.775000         1991         4.44
   16261.119     0.800000         2056         5.00
   16646.143     0.825000         2121         5.71
   17039.359     0.850000         2185         6.67
   17416.191     0.875000         2249         8.00
   17580.031     0.887500         2282         8.89
   17760.255     0.900000         2316        10.00
   17891.327     0.912500         2345        11.43
   18055.167     0.925000         2378        13.33
   18251.775     0.937500         2410        16.00
   18366.463     0.943750         2425        17.78
   18563.071     0.950000         2444        20.00
   18628.607     0.956250         2459        22.86
   18743.295     0.962500         2476        26.67
   18939.903     0.968750         2489        32.00
   19021.823     0.971875         2497        35.56
   19103.743     0.975000         2505        40.00
   19169.279     0.978125         2513        45.71
   19234.815     0.981250         2521        53.33
   19382.271     0.984375         2529        64.00
   19431.423     0.985938         2534        71.11
   19480.575     0.987500         2538        80.00
   19496.959     0.989062         2542        91.43
   19529.727     0.990625         2546       106.67
   19628.031     0.992188         2549       128.00
   19660.799     0.992969         2553       142.22
   19660.799     0.993750         2553       160.00
   19709.951     0.994531         2555       182.86
   19726.335     0.995313         2558       213.33
   19759.103     0.996094         2559       256.00
   19791.871     0.996484         2560       284.44
   19808.255     0.996875         2562       320.00
   19808.255     0.997266         2562       365.71
   19824.639     0.997656         2563       426.67
   19857.407     0.998047         2564       512.00
   19873.791     0.998242         2566       568.89
   19873.791     0.998437         2566       640.00
   19873.791     0.998633         2566       731.43
   19873.791     0.998828         2566       853.33
   19890.175     0.999023         2567      1024.00
   19890.175     0.999121         2567      1137.78
   19890.175     0.999219         2567      1280.00
   19922.943     0.999316         2568      1462.86
   19922.943     0.999414         2568      1706.67
   19922.943     0.999512         2568      2048.00
   19922.943     0.999561         2568      2275.56
   19922.943     0.999609         2568      2560.00
   19988.479     0.999658         2569      2925.71
   19988.479     1.000000         2569          inf
#[Mean    =    11431.202, StdDeviation   =     4677.024]
#[Max     =    19972.096, Total count    =         2569]
#[Buckets =           27, SubBuckets     =         2048]
-----------------------------------------------------------------------
  3067 requests in 1.00m, 0.91MB read
Requests/sec:     51.11  
Transfer/sec:     15.59KB
