Running 1m test @ http://10.96.164.126/?loopCount=25&base=6&exp=6
  1 threads and 1 connections

  Thread calibration: mean lat.: 1328.333ms, rate sampling interval: 4485ms

-----------------------------------------------------------------------
Test Results @ http://10.96.164.126/?loopCount=25&base=6&exp=6 
  Thread Stats   Avg      Stdev     99%   +/- Stdev
    Latency     8.15s     3.49s   13.72s    54.88%
    Req/Sec    18.82      1.64    20.00     81.82%
  Latency Distribution (HdrHistogram - Recorded Latency)
 50.000%    8.04s 
 75.000%   11.45s 
 90.000%   12.95s 
 99.000%   13.72s 
 99.900%   13.73s 
 99.990%   13.73s 
 99.999%   13.73s 
100.000%   13.73s 

  Detailed Percentile spectrum:
       Value   Percentile   TotalCount 1/(1-Percentile)

    2285.567     0.000000            2         1.00
    3553.279     0.100000           97         1.11
    4349.951     0.200000          193         1.25
    5591.039     0.300000          292         1.43
    6795.263     0.400000          386         1.67
    8040.447     0.500000          483         2.00
    8454.143     0.550000          531         2.22
    9125.887     0.600000          584         2.50
    9969.663     0.650000          628         2.86
   11051.007     0.700000          675         3.33
   11452.415     0.750000          726         4.00
   11657.215     0.775000          748         4.44
   12091.391     0.800000          775         5.00
   12427.263     0.825000          797         5.71
   12623.871     0.850000          823         6.67
   12738.559     0.875000          844         8.00
   12795.903     0.887500          857         8.89
   12951.551     0.900000          868        10.00
   13074.431     0.912500          890        11.43
   13099.007     0.925000          892        13.33
   13197.311     0.937500          904        16.00
   13361.151     0.943750          910        17.78
   13459.455     0.950000          916        20.00
   13467.647     0.956250          925        22.86
   13524.991     0.962500          929        26.67
   13615.103     0.968750          935        32.00
   13631.487     0.971875          946        35.56
   13631.487     0.975000          946        40.00
   13631.487     0.978125          946        45.71
   13631.487     0.981250          946        53.33
   13680.639     0.984375          950        64.00
   13697.023     0.985938          952        71.11
   13697.023     0.987500          952        80.00
   13721.599     0.989062          961        91.43
   13721.599     0.990625          961       106.67
   13721.599     0.992188          961       128.00
   13721.599     0.992969          961       142.22
   13721.599     0.993750          961       160.00
   13721.599     0.994531          961       182.86
   13721.599     0.995313          961       213.33
   13721.599     0.996094          961       256.00
   13721.599     0.996484          961       284.44
   13721.599     0.996875          961       320.00
   13729.791     0.997266          964       365.71
   13729.791     1.000000          964          inf
#[Mean    =     8154.447, StdDeviation   =     3485.249]
#[Max     =    13721.600, Total count    =          964]
#[Buckets =           27, SubBuckets     =         2048]
-----------------------------------------------------------------------
  1156 requests in 1.00m, 352.23KB read
Requests/sec:     19.27  
Transfer/sec:      5.87KB
