Running 1m test @ http://10.97.57.202/?loopCount=25&base=6&exp=6
  5 threads and 5 connections

  Thread calibration: mean lat.: 1104.194ms, rate sampling interval: 3569ms
  Thread calibration: mean lat.: 1255.570ms, rate sampling interval: 3553ms
  Thread calibration: mean lat.: 1025.056ms, rate sampling interval: 3217ms
  Thread calibration: mean lat.: 1099.463ms, rate sampling interval: 3373ms
  Thread calibration: mean lat.: 1274.834ms, rate sampling interval: 4098ms

-----------------------------------------------------------------------
Test Results @ http://10.97.57.202/?loopCount=25&base=6&exp=6 
  Thread Stats   Avg      Stdev     99%   +/- Stdev
    Latency     6.16s     2.32s   10.31s    59.16%
    Req/Sec    12.06      0.90    14.00     91.30%
  Latency Distribution (HdrHistogram - Recorded Latency)
 50.000%    6.30s 
 75.000%    8.11s 
 90.000%    9.31s 
 99.000%   10.31s 
 99.900%   10.58s 
 99.990%   10.62s 
 99.999%   10.62s 
100.000%   10.62s 

  Detailed Percentile spectrum:
       Value   Percentile   TotalCount 1/(1-Percentile)

    1729.535     0.000000            1         1.00
    2811.903     0.100000          317         1.11
    3725.311     0.200000          631         1.25
    4792.319     0.300000          947         1.43
    5419.007     0.400000         1262         1.67
    6303.743     0.500000         1577         2.00
    6639.615     0.550000         1735         2.22
    7000.063     0.600000         1891         2.50
    7372.799     0.650000         2051         2.86
    7798.783     0.700000         2209         3.33
    8114.175     0.750000         2364         4.00
    8302.591     0.775000         2446         4.44
    8470.527     0.800000         2522         5.00
    8699.903     0.825000         2601         5.71
    8871.935     0.850000         2681         6.67
    9052.159     0.875000         2761         8.00
    9175.039     0.887500         2798         8.89
    9314.303     0.900000         2841        10.00
    9379.839     0.912500         2879        11.43
    9445.375     0.925000         2918        13.33
    9494.527     0.937500         2956        16.00
    9527.295     0.943750         2979        17.78
    9576.447     0.950000         2994        20.00
    9658.367     0.956250         3014        22.86
    9699.327     0.962500         3033        26.67
    9789.439     0.968750         3054        32.00
    9830.399     0.971875         3063        35.56
    9871.359     0.975000         3073        40.00
    9994.239     0.978125         3083        45.71
   10084.351     0.981250         3092        53.33
   10215.423     0.984375         3103        64.00
   10256.383     0.985938         3108        71.11
   10280.959     0.987500         3113        80.00
   10305.535     0.989062         3117        91.43
   10338.303     0.990625         3122       106.67
   10420.223     0.992188         3128       128.00
   10428.415     0.992969         3129       142.22
   10452.991     0.993750         3132       160.00
   10493.951     0.994531         3134       182.86
   10510.335     0.995313         3138       213.33
   10518.527     0.996094         3139       256.00
   10526.719     0.996484         3141       284.44
   10534.911     0.996875         3142       320.00
   10543.103     0.997266         3143       365.71
   10559.487     0.997656         3146       426.67
   10559.487     0.998047         3146       512.00
   10559.487     0.998242         3146       568.89
   10567.679     0.998437         3147       640.00
   10567.679     0.998633         3147       731.43
   10575.871     0.998828         3148       853.33
   10575.871     0.999023         3148      1024.00
   10584.063     0.999121         3149      1137.78
   10584.063     0.999219         3149      1280.00
   10584.063     0.999316         3149      1462.86
   10592.255     0.999414         3150      1706.67
   10592.255     0.999512         3150      2048.00
   10592.255     0.999561         3150      2275.56
   10592.255     0.999609         3150      2560.00
   10592.255     0.999658         3150      2925.71
   10616.831     0.999707         3151      3413.33
   10616.831     1.000000         3151          inf
#[Mean    =     6158.277, StdDeviation   =     2323.234]
#[Max     =    10608.640, Total count    =         3151]
#[Buckets =           27, SubBuckets     =         2048]
-----------------------------------------------------------------------
  3755 requests in 1.00m, 1.12MB read
Requests/sec:     62.58  
Transfer/sec:     19.08KB
