Running 1m test @ http://10.102.62.147/?loopCount=25&base=6&exp=6
  1 threads and 1 connections

  Thread calibration: mean lat.: 1440.821ms, rate sampling interval: 5119ms

-----------------------------------------------------------------------
Test Results @ http://10.102.62.147/?loopCount=25&base=6&exp=6 
  Thread Stats   Avg      Stdev     99%   +/- Stdev
    Latency     9.10s     3.20s   13.59s    55.26%
    Req/Sec    18.89      1.37    21.00    100.00%
  Latency Distribution (HdrHistogram - Recorded Latency)
 50.000%    9.49s 
 75.000%   11.95s 
 90.000%   13.16s 
 99.000%   13.59s 
 99.900%   13.60s 
 99.990%   13.60s 
 99.999%   13.60s 
100.000%   13.60s 

  Detailed Percentile spectrum:
       Value   Percentile   TotalCount 1/(1-Percentile)

    2744.319     0.000000            1         1.00
    4184.063     0.100000           98         1.11
    5537.791     0.200000          205         1.25
    7122.943     0.300000          294         1.43
    8568.831     0.400000          394         1.67
    9494.527     0.500000          494         2.00
    9748.479     0.550000          539         2.22
   10346.495     0.600000          589         2.50
   11124.735     0.650000          637         2.86
   11591.679     0.700000          686         3.33
   12017.663     0.750000          736         4.00
   12238.847     0.775000          759         4.44
   12533.759     0.800000          785         5.00
   12681.215     0.825000          812         5.71
   13000.703     0.850000          843         6.67
   13049.855     0.875000          857         8.00
   13123.583     0.887500          872         8.89
   13156.351     0.900000          885        10.00
   13189.119     0.912500          894        11.43
   13246.463     0.925000          907        13.33
   13385.727     0.937500          918        16.00
   13393.919     0.943750          929        17.78
   13410.303     0.950000          931        20.00
   13443.071     0.956250          938        22.86
   13475.839     0.962500          947        26.67
   13484.031     0.968750          954        32.00
   13484.031     0.971875          954        35.56
   13492.223     0.975000          955        40.00
   13541.375     0.978125          960        45.71
   13549.567     0.981250          962        53.33
   13574.143     0.984375          965        64.00
   13590.527     0.985938          977        71.11
   13590.527     0.987500          977        80.00
   13590.527     0.989062          977        91.43
   13590.527     0.990625          977       106.67
   13590.527     0.992188          977       128.00
   13590.527     0.992969          977       142.22
   13590.527     0.993750          977       160.00
   13590.527     0.994531          977       182.86
   13590.527     0.995313          977       213.33
   13590.527     0.996094          977       256.00
   13590.527     0.996484          977       284.44
   13590.527     0.996875          977       320.00
   13590.527     0.997266          977       365.71
   13590.527     0.997656          977       426.67
   13598.719     0.998047          979       512.00
   13598.719     1.000000          979          inf
#[Mean    =     9100.141, StdDeviation   =     3199.629]
#[Max     =    13590.528, Total count    =          979]
#[Buckets =           27, SubBuckets     =         2048]
-----------------------------------------------------------------------
  1160 requests in 1.00m, 353.46KB read
Requests/sec:     19.33  
Transfer/sec:      5.89KB
