Running 1m test @ http://10.102.62.147/?loopCount=25&base=6&exp=6
  1 threads and 1 connections

  Thread calibration: mean lat.: 778.529ms, rate sampling interval: 2488ms

-----------------------------------------------------------------------
Test Results @ http://10.102.62.147/?loopCount=25&base=6&exp=6 
  Thread Stats   Avg      Stdev     99%   +/- Stdev
    Latency     8.52s     4.13s   14.66s    56.16%
    Req/Sec    17.80      2.52    24.00     85.00%
  Latency Distribution (HdrHistogram - Recorded Latency)
 50.000%    7.82s 
 75.000%   12.69s 
 90.000%   14.27s 
 99.000%   14.66s 
 99.900%   14.66s 
 99.990%   14.66s 
 99.999%   14.66s 
100.000%   14.66s 

  Detailed Percentile spectrum:
       Value   Percentile   TotalCount 1/(1-Percentile)

    1359.871     0.000000            1         1.00
    2705.407     0.100000           92         1.11
    4489.215     0.200000          184         1.25
    5804.031     0.300000          277         1.43
    6840.319     0.400000          367         1.67
    7823.359     0.500000          459         2.00
    8658.943     0.550000          505         2.22
   10043.391     0.600000          553         2.50
   11001.855     0.650000          597         2.86
   11501.567     0.700000          645         3.33
   12689.407     0.750000          688         4.00
   12943.359     0.775000          711         4.44
   13197.311     0.800000          734         5.00
   13713.407     0.825000          767         5.71
   13770.751     0.850000          780         6.67
   13967.359     0.875000          803         8.00
   14082.047     0.887500          815         8.89
   14270.463     0.900000          828        10.00
   14303.231     0.912500          837        11.43
   14532.607     0.925000          849        13.33
   14598.143     0.937500          863        16.00
   14614.527     0.943750          867        17.78
   14630.911     0.950000          881        20.00
   14630.911     0.956250          881        22.86
   14639.103     0.962500          889        26.67
   14639.103     0.968750          889        32.00
   14647.295     0.971875          897        35.56
   14647.295     0.975000          897        40.00
   14647.295     0.978125          897        45.71
   14655.487     0.981250          913        53.33
   14655.487     0.984375          913        64.00
   14655.487     0.985938          913        71.11
   14655.487     0.987500          913        80.00
   14655.487     0.989062          913        91.43
   14655.487     0.990625          913       106.67
   14655.487     0.992188          913       128.00
   14655.487     0.992969          913       142.22
   14655.487     0.993750          913       160.00
   14655.487     0.994531          913       182.86
   14655.487     0.995313          913       213.33
   14663.679     0.996094          917       256.00
   14663.679     1.000000          917          inf
#[Mean    =     8524.029, StdDeviation   =     4129.092]
#[Max     =    14655.488, Total count    =          917]
#[Buckets =           27, SubBuckets     =         2048]
-----------------------------------------------------------------------
  1134 requests in 1.00m, 345.54KB read
Requests/sec:     18.90  
Transfer/sec:      5.76KB
