Running 1m test @ http://10.102.255.30/?loopCount=25&base=6&exp=6
  1 threads and 1 connections

  Thread calibration: mean lat.: 878.162ms, rate sampling interval: 2861ms

-----------------------------------------------------------------------
Test Results @ http://10.102.255.30/?loopCount=25&base=6&exp=6 
  Thread Stats   Avg      Stdev     99%   +/- Stdev
    Latency     5.79s     2.14s    9.27s    58.77%
    Req/Sec    20.76      1.39    23.00     94.12%
  Latency Distribution (HdrHistogram - Recorded Latency)
 50.000%    6.12s 
 75.000%    7.67s 
 90.000%    8.34s 
 99.000%    9.27s 
 99.900%    9.40s 
 99.990%    9.40s 
 99.999%    9.40s 
100.000%    9.40s 

  Detailed Percentile spectrum:
       Value   Percentile   TotalCount 1/(1-Percentile)

    1821.695     0.000000            1         1.00
    2545.663     0.100000          106         1.11
    3536.895     0.200000          212         1.25
    4255.743     0.300000          318         1.43
    5087.231     0.400000          424         1.67
    6115.327     0.500000          531         2.00
    6602.751     0.550000          584         2.22
    6852.607     0.600000          639         2.50
    7028.735     0.650000          689         2.86
    7438.335     0.700000          742         3.33
    7667.711     0.750000          802         4.00
    7716.863     0.775000          824         4.44
    7835.647     0.800000          848         5.00
    8011.775     0.825000          875         5.71
    8138.751     0.850000          901         6.67
    8232.959     0.875000          929         8.00
    8294.399     0.887500          942         8.89
    8335.359     0.900000          956        10.00
    8437.759     0.912500          968        11.43
    8503.295     0.925000          982        13.33
    8593.407     0.937500          994        16.00
    8724.479     0.943750         1004        17.78
    8765.439     0.950000         1007        20.00
    8904.703     0.956250         1014        22.86
    9003.007     0.962500         1028        26.67
    9003.007     0.968750         1028        32.00
    9011.199     0.971875         1034        35.56
    9011.199     0.975000         1034        40.00
    9027.583     0.978125         1037        45.71
    9068.543     0.981250         1041        53.33
    9101.311     0.984375         1044        64.00
    9191.423     0.985938         1047        71.11
    9191.423     0.987500         1047        80.00
    9265.151     0.989062         1049        91.43
    9330.687     0.990625         1051       106.67
    9363.455     0.992188         1052       128.00
    9371.647     0.992969         1053       142.22
    9379.839     0.993750         1055       160.00
    9379.839     0.994531         1055       182.86
    9396.223     0.995313         1060       213.33
    9396.223     1.000000         1060          inf
#[Mean    =     5786.437, StdDeviation   =     2143.513]
#[Max     =     9388.032, Total count    =         1060]
#[Buckets =           27, SubBuckets     =         2048]
-----------------------------------------------------------------------
  1264 requests in 1.00m, 385.13KB read
Requests/sec:     21.07  
Transfer/sec:      6.42KB
