Running 1m test @ http://10.104.225.39/?loopCount=25&base=6&exp=6
  5 threads and 5 connections

  Thread calibration: mean lat.: 153.991ms, rate sampling interval: 609ms
  Thread calibration: mean lat.: 224.479ms, rate sampling interval: 751ms
  Thread calibration: mean lat.: 108.190ms, rate sampling interval: 379ms
  Thread calibration: mean lat.: 92.915ms, rate sampling interval: 323ms
  Thread calibration: mean lat.: 213.732ms, rate sampling interval: 742ms

-----------------------------------------------------------------------
Test Results @ http://10.104.225.39/?loopCount=25&base=6&exp=6 
  Thread Stats   Avg      Stdev     99%   +/- Stdev
    Latency   103.27ms   87.70ms 447.74ms   89.21%
    Req/Sec    14.55      2.11    21.00     83.60%
  Latency Distribution (HdrHistogram - Recorded Latency)
 50.000%   74.05ms
 75.000%  116.03ms
 90.000%  199.42ms
 99.000%  447.74ms
 99.900%  524.03ms
 99.990%  576.51ms
 99.999%  576.51ms
100.000%  576.51ms

  Detailed Percentile spectrum:
       Value   Percentile   TotalCount 1/(1-Percentile)

      21.727     0.000000            1         1.00
      40.639     0.100000          390         1.11
      41.823     0.200000          754         1.25
      53.439     0.300000         1131         1.43
      63.199     0.400000         1506         1.67
      74.047     0.500000         1884         2.00
      80.575     0.550000         2076         2.22
      87.039     0.600000         2259         2.50
      94.847     0.650000         2447         2.86
     106.175     0.700000         2636         3.33
     116.031     0.750000         2824         4.00
     123.327     0.775000         2919         4.44
     133.375     0.800000         3012         5.00
     142.847     0.825000         3108         5.71
     156.543     0.850000         3201         6.67
     175.487     0.875000         3294         8.00
     187.647     0.887500         3342         8.89
     199.423     0.900000         3388        10.00
     218.239     0.912500         3435        11.43
     246.015     0.925000         3482        13.33
     283.903     0.937500         3530        16.00
     302.847     0.943750         3553        17.78
     322.815     0.950000         3576        20.00
     344.575     0.956250         3600        22.86
     359.679     0.962500         3623        26.67
     374.271     0.968750         3648        32.00
     382.207     0.971875         3659        35.56
     388.863     0.975000         3670        40.00
     396.799     0.978125         3683        45.71
     406.015     0.981250         3694        53.33
     423.423     0.984375         3706        64.00
     425.471     0.985938         3712        71.11
     431.103     0.987500         3717        80.00
     441.855     0.989062         3723        91.43
     452.095     0.990625         3729       106.67
     464.127     0.992188         3735       128.00
     467.967     0.992969         3738       142.22
     477.951     0.993750         3741       160.00
     483.327     0.994531         3744       182.86
     489.215     0.995313         3747       213.33
     491.519     0.996094         3750       256.00
     492.287     0.996484         3751       284.44
     504.575     0.996875         3753       320.00
     508.415     0.997266         3754       365.71
     518.399     0.997656         3756       426.67
     519.167     0.998047         3757       512.00
     521.983     0.998242         3758       568.89
     523.519     0.998437         3759       640.00
     523.519     0.998633         3759       731.43
     524.031     0.998828         3760       853.33
     540.671     0.999023         3761      1024.00
     540.671     0.999121         3761      1137.78
     549.887     0.999219         3762      1280.00
     549.887     0.999316         3762      1462.86
     549.887     0.999414         3762      1706.67
     551.423     0.999512         3763      2048.00
     551.423     0.999561         3763      2275.56
     551.423     0.999609         3763      2560.00
     551.423     0.999658         3763      2925.71
     551.423     0.999707         3763      3413.33
     576.511     0.999756         3764      4096.00
     576.511     1.000000         3764          inf
#[Mean    =      103.266, StdDeviation   =       87.698]
#[Max     =      576.000, Total count    =         3764]
#[Buckets =           27, SubBuckets     =         2048]
-----------------------------------------------------------------------
  4494 requests in 1.00m, 1.34MB read
Requests/sec:     74.89  
Transfer/sec:     22.82KB
