Running 1m test @ http://10.102.62.147/?loopCount=25&base=6&exp=6
  5 threads and 5 connections

  Thread calibration: mean lat.: 562.573ms, rate sampling interval: 1631ms
  Thread calibration: mean lat.: 1028.918ms, rate sampling interval: 3022ms
  Thread calibration: mean lat.: 953.347ms, rate sampling interval: 2629ms
  Thread calibration: mean lat.: 649.480ms, rate sampling interval: 2142ms
  Thread calibration: mean lat.: 736.570ms, rate sampling interval: 2150ms

-----------------------------------------------------------------------
Test Results @ http://10.102.62.147/?loopCount=25&base=6&exp=6 
  Thread Stats   Avg      Stdev     99%   +/- Stdev
    Latency   302.78ms  323.66ms   1.22s    82.47%
    Req/Sec    14.71      1.09    18.00     90.09%
  Latency Distribution (HdrHistogram - Recorded Latency)
 50.000%  144.00ms
 75.000%  463.36ms
 90.000%  854.53ms
 99.000%    1.22s 
 99.900%    1.35s 
 99.990%    1.41s 
 99.999%    1.41s 
100.000%    1.41s 

  Detailed Percentile spectrum:
       Value   Percentile   TotalCount 1/(1-Percentile)

      21.855     0.000000            1         1.00
      41.631     0.100000          385         1.11
      56.607     0.200000          763         1.25
      77.311     0.300000         1144         1.43
     104.575     0.400000         1525         1.67
     143.999     0.500000         1907         2.00
     173.695     0.550000         2097         2.22
     208.639     0.600000         2289         2.50
     273.151     0.650000         2478         2.86
     355.327     0.700000         2668         3.33
     464.127     0.750000         2859         4.00
     524.031     0.775000         2954         4.44
     575.999     0.800000         3049         5.00
     628.735     0.825000         3145         5.71
     694.271     0.850000         3242         6.67
     776.191     0.875000         3335         8.00
     815.103     0.887500         3383         8.89
     854.527     0.900000         3430        10.00
     901.119     0.912500         3478        11.43
     945.663     0.925000         3526        13.33
     991.743     0.937500         3573        16.00
    1008.127     0.943750         3597        17.78
    1022.975     0.950000         3622        20.00
    1045.503     0.956250         3646        22.86
    1076.223     0.962500         3670        26.67
    1095.679     0.968750         3694        32.00
    1104.895     0.971875         3704        35.56
    1117.183     0.975000         3716        40.00
    1134.591     0.978125         3729        45.71
    1147.903     0.981250         3740        53.33
    1181.695     0.984375         3753        64.00
    1196.031     0.985938         3758        71.11
    1208.319     0.987500         3765        80.00
    1215.487     0.989062         3770        91.43
    1226.751     0.990625         3776       106.67
    1243.135     0.992188         3783       128.00
    1249.279     0.992969         3786       142.22
    1252.351     0.993750         3788       160.00
    1255.423     0.994531         3791       182.86
    1269.759     0.995313         3795       213.33
    1275.903     0.996094         3798       256.00
    1275.903     0.996484         3798       284.44
    1278.975     0.996875         3800       320.00
    1281.023     0.997266         3801       365.71
    1297.407     0.997656         3803       426.67
    1303.551     0.998047         3804       512.00
    1311.743     0.998242         3805       568.89
    1325.055     0.998437         3806       640.00
    1325.055     0.998633         3806       731.43
    1351.679     0.998828         3807       853.33
    1355.775     0.999023         3808      1024.00
    1355.775     0.999121         3808      1137.78
    1368.063     0.999219         3809      1280.00
    1368.063     0.999316         3809      1462.86
    1368.063     0.999414         3809      1706.67
    1381.375     0.999512         3810      2048.00
    1381.375     0.999561         3810      2275.56
    1381.375     0.999609         3810      2560.00
    1381.375     0.999658         3810      2925.71
    1381.375     0.999707         3810      3413.33
    1409.023     0.999756         3811      4096.00
    1409.023     1.000000         3811          inf
#[Mean    =      302.778, StdDeviation   =      323.657]
#[Max     =     1408.000, Total count    =         3811]
#[Buckets =           27, SubBuckets     =         2048]
-----------------------------------------------------------------------
  4474 requests in 1.00m, 1.33MB read
Requests/sec:     74.56  
Transfer/sec:     22.72KB
