Running 1m test @ http://10.102.244.59/?loopCount=25&base=6&exp=6
  1 threads and 1 connections

  Thread calibration: mean lat.: 1518.411ms, rate sampling interval: 4710ms

-----------------------------------------------------------------------
Test Results @ http://10.102.244.59/?loopCount=25&base=6&exp=6 
  Thread Stats   Avg      Stdev     99%   +/- Stdev
    Latency     7.40s     2.36s   11.36s    61.43%
    Req/Sec    20.40      1.62    23.00     90.00%
  Latency Distribution (HdrHistogram - Recorded Latency)
 50.000%    7.40s 
 75.000%    9.45s 
 90.000%   10.60s 
 99.000%   11.36s 
 99.900%   11.48s 
 99.990%   11.49s 
 99.999%   11.49s 
100.000%   11.49s 

  Detailed Percentile spectrum:
       Value   Percentile   TotalCount 1/(1-Percentile)

    2920.447     0.000000            2         1.00
    4132.863     0.100000          107         1.11
    5197.823     0.200000          213         1.25
    5668.863     0.300000          313         1.43
    6451.199     0.400000          416         1.67
    7397.375     0.500000          522         2.00
    8028.159     0.550000          571         2.22
    8261.631     0.600000          623         2.50
    8871.935     0.650000          679         2.86
    9093.119     0.700000          727         3.33
    9453.567     0.750000          779         4.00
    9732.095     0.775000          809         4.44
    9928.703     0.800000          835         5.00
   10035.199     0.825000          858         5.71
   10280.959     0.850000          888         6.67
   10379.263     0.875000          908         8.00
   10444.799     0.887500          926         8.89
   10600.447     0.900000          944        10.00
   10608.639     0.912500          947        11.43
   10747.903     0.925000          963        13.33
   10903.551     0.937500          976        16.00
   10952.703     0.943750          979        17.78
   11042.815     0.950000          986        20.00
   11165.695     0.956250          995        22.86
   11182.079     0.962500          999        26.67
   11198.463     0.968750         1009        32.00
   11198.463     0.971875         1009        35.56
   11231.231     0.975000         1012        40.00
   11272.191     0.978125         1015        45.71
   11345.919     0.981250         1019        53.33
   11354.111     0.984375         1025        64.00
   11354.111     0.985938         1025        71.11
   11354.111     0.987500         1025        80.00
   11362.303     0.989062         1028        91.43
   11362.303     0.990625         1028       106.67
   11378.687     0.992188         1029       128.00
   11444.223     0.992969         1031       142.22
   11444.223     0.993750         1031       160.00
   11460.607     0.994531         1033       182.86
   11460.607     0.995313         1033       213.33
   11460.607     0.996094         1033       256.00
   11476.991     0.996484         1036       284.44
   11476.991     0.996875         1036       320.00
   11476.991     0.997266         1036       365.71
   11476.991     0.997656         1036       426.67
   11476.991     0.998047         1036       512.00
   11476.991     0.998242         1036       568.89
   11476.991     0.998437         1036       640.00
   11476.991     0.998633         1036       731.43
   11476.991     0.998828         1036       853.33
   11476.991     0.999023         1036      1024.00
   11485.183     0.999121         1037      1137.78
   11485.183     1.000000         1037          inf
#[Mean    =     7397.229, StdDeviation   =     2358.272]
#[Max     =    11476.992, Total count    =         1037]
#[Buckets =           27, SubBuckets     =         2048]
-----------------------------------------------------------------------
  1213 requests in 1.00m, 369.60KB read
Requests/sec:     20.22  
Transfer/sec:      6.16KB
