Running 1m test @ http://10.96.158.146/?loopCount=25&base=6&exp=6
  5 threads and 5 connections

  Thread calibration: mean lat.: 476.866ms, rate sampling interval: 1319ms
  Thread calibration: mean lat.: 196.257ms, rate sampling interval: 706ms
  Thread calibration: mean lat.: 769.062ms, rate sampling interval: 2123ms
  Thread calibration: mean lat.: 245.577ms, rate sampling interval: 709ms
  Thread calibration: mean lat.: 536.783ms, rate sampling interval: 1349ms

-----------------------------------------------------------------------
Test Results @ http://10.96.158.146/?loopCount=25&base=6&exp=6 
  Thread Stats   Avg      Stdev     99%   +/- Stdev
    Latency   823.29ms  524.64ms   1.87s    53.88%
    Req/Sec     9.25      1.35    12.00     94.94%
  Latency Distribution (HdrHistogram - Recorded Latency)
 50.000%  785.41ms
 75.000%    1.26s 
 90.000%    1.58s 
 99.000%    1.87s 
 99.900%    1.95s 
 99.990%    1.96s 
 99.999%    1.96s 
100.000%    1.96s 

  Detailed Percentile spectrum:
       Value   Percentile   TotalCount 1/(1-Percentile)

      40.639     0.000000            1         1.00
     169.343     0.100000          246         1.11
     268.031     0.200000          492         1.25
     457.471     0.300000          738         1.43
     572.927     0.400000          985         1.67
     785.407     0.500000         1231         2.00
     872.959     0.550000         1354         2.22
     958.975     0.600000         1478         2.50
     982.015     0.650000         1599         2.86
    1078.271     0.700000         1724         3.33
    1261.567     0.750000         1845         4.00
    1357.823     0.775000         1906         4.44
    1379.327     0.800000         1971         5.00
    1457.151     0.825000         2030         5.71
    1471.487     0.850000         2094         6.67
    1556.479     0.875000         2154         8.00
    1566.719     0.887500         2186         8.89
    1575.935     0.900000         2217        10.00
    1587.199     0.912500         2244        11.43
    1660.927     0.925000         2275        13.33
    1676.287     0.937500         2306        16.00
    1750.015     0.943750         2321        17.78
    1760.255     0.950000         2339        20.00
    1766.399     0.956250         2355        22.86
    1769.471     0.962500         2367        26.67
    1778.687     0.968750         2383        32.00
    1784.831     0.971875         2391        35.56
    1850.367     0.975000         2398        40.00
    1854.463     0.978125         2407        45.71
    1856.511     0.981250         2413        53.33
    1860.607     0.984375         2421        64.00
    1863.679     0.985938         2427        71.11
    1864.703     0.987500         2429        80.00
    1867.775     0.989062         2433        91.43
    1868.799     0.990625         2437       106.67
    1872.895     0.992188         2440       128.00
    1873.919     0.992969         2444       142.22
    1873.919     0.993750         2444       160.00
    1874.943     0.994531         2447       182.86
    1878.015     0.995313         2449       213.33
    1879.039     0.996094         2451       256.00
    1879.039     0.996484         2451       284.44
    1880.063     0.996875         2452       320.00
    1881.087     0.997266         2453       365.71
    1885.183     0.997656         2454       426.67
    1886.207     0.998047         2455       512.00
    1886.207     0.998242         2455       568.89
    1887.231     0.998437         2456       640.00
    1887.231     0.998633         2456       731.43
    1954.815     0.998828         2457       853.33
    1954.815     0.999023         2457      1024.00
    1954.815     0.999121         2457      1137.78
    1957.887     0.999219         2458      1280.00
    1957.887     0.999316         2458      1462.86
    1957.887     0.999414         2458      1706.67
    1957.887     0.999512         2458      2048.00
    1957.887     0.999561         2458      2275.56
    1959.935     0.999609         2459      2560.00
    1959.935     1.000000         2459          inf
#[Mean    =      823.295, StdDeviation   =      524.641]
#[Max     =     1958.912, Total count    =         2459]
#[Buckets =           27, SubBuckets     =         2048]
-----------------------------------------------------------------------
  2936 requests in 1.00m, 0.87MB read
Requests/sec:     48.93  
Transfer/sec:     14.93KB
