Running 1m test @ http://10.96.169.80/?loopCount=25&base=6&exp=6
  5 threads and 5 connections

  Thread calibration: mean lat.: 239.121ms, rate sampling interval: 730ms
  Thread calibration: mean lat.: 430.142ms, rate sampling interval: 1539ms
  Thread calibration: mean lat.: 333.154ms, rate sampling interval: 904ms
  Thread calibration: mean lat.: 84.930ms, rate sampling interval: 272ms
  Thread calibration: mean lat.: 94.447ms, rate sampling interval: 354ms

-----------------------------------------------------------------------
Test Results @ http://10.96.169.80/?loopCount=25&base=6&exp=6 
  Thread Stats   Avg      Stdev     99%   +/- Stdev
    Latency   125.53ms   96.01ms 443.14ms   85.01%
    Req/Sec    14.56      2.48    22.00     81.63%
  Latency Distribution (HdrHistogram - Recorded Latency)
 50.000%   93.06ms
 75.000%  161.28ms
 90.000%  265.73ms
 99.000%  443.14ms
 99.900%  566.27ms
 99.990%  629.25ms
 99.999%  629.25ms
100.000%  629.25ms

  Detailed Percentile spectrum:
       Value   Percentile   TotalCount 1/(1-Percentile)

      21.663     0.000000            1         1.00
      41.343     0.100000          382         1.11
      49.503     0.200000          752         1.25
      62.239     0.300000         1128         1.43
      76.415     0.400000         1503         1.67
      93.055     0.500000         1880         2.00
     101.887     0.550000         2068         2.22
     115.007     0.600000         2256         2.50
     126.911     0.650000         2443         2.86
     140.159     0.700000         2630         3.33
     161.279     0.750000         2821         4.00
     169.983     0.775000         2912         4.44
     185.599     0.800000         3006         5.00
     199.679     0.825000         3100         5.71
     219.263     0.850000         3195         6.67
     239.487     0.875000         3288         8.00
     252.031     0.887500         3335         8.89
     265.727     0.900000         3383        10.00
     279.807     0.912500         3429        11.43
     298.239     0.925000         3477        13.33
     316.159     0.937500         3523        16.00
     327.679     0.943750         3546        17.78
     339.455     0.950000         3570        20.00
     351.999     0.956250         3593        22.86
     369.151     0.962500         3617        26.67
     382.207     0.968750         3640        32.00
     386.559     0.971875         3652        35.56
     394.751     0.975000         3664        40.00
     400.383     0.978125         3675        45.71
     407.039     0.981250         3687        53.33
     420.095     0.984375         3699        64.00
     427.263     0.985938         3705        71.11
     435.967     0.987500         3711        80.00
     441.343     0.989062         3717        91.43
     448.767     0.990625         3722       106.67
     455.423     0.992188         3729       128.00
     459.775     0.992969         3731       142.22
     465.151     0.993750         3734       160.00
     477.695     0.994531         3737       182.86
     485.119     0.995313         3740       213.33
     493.567     0.996094         3743       256.00
     493.823     0.996484         3744       284.44
     519.935     0.996875         3746       320.00
     520.191     0.997266         3747       365.71
     524.031     0.997656         3749       426.67
     530.943     0.998047         3750       512.00
     547.327     0.998242         3751       568.89
     549.887     0.998437         3752       640.00
     549.887     0.998633         3752       731.43
     566.271     0.998828         3753       853.33
     577.023     0.999023         3754      1024.00
     577.023     0.999121         3754      1137.78
     603.135     0.999219         3755      1280.00
     603.135     0.999316         3755      1462.86
     603.135     0.999414         3755      1706.67
     603.647     0.999512         3756      2048.00
     603.647     0.999561         3756      2275.56
     603.647     0.999609         3756      2560.00
     603.647     0.999658         3756      2925.71
     603.647     0.999707         3756      3413.33
     629.247     0.999756         3757      4096.00
     629.247     1.000000         3757          inf
#[Mean    =      125.534, StdDeviation   =       96.005]
#[Max     =      628.736, Total count    =         3757]
#[Buckets =           27, SubBuckets     =         2048]
-----------------------------------------------------------------------
  4493 requests in 1.00m, 1.34MB read
Requests/sec:     74.88  
Transfer/sec:     22.82KB
