Running 1m test @ http://10.102.255.30/?loopCount=25&base=6&exp=6
  5 threads and 5 connections

  Thread calibration: mean lat.: 149.853ms, rate sampling interval: 474ms
  Thread calibration: mean lat.: 148.311ms, rate sampling interval: 487ms
  Thread calibration: mean lat.: 152.723ms, rate sampling interval: 609ms
  Thread calibration: mean lat.: 179.701ms, rate sampling interval: 549ms
  Thread calibration: mean lat.: 183.958ms, rate sampling interval: 551ms

-----------------------------------------------------------------------
Test Results @ http://10.102.255.30/?loopCount=25&base=6&exp=6 
  Thread Stats   Avg      Stdev     99%   +/- Stdev
    Latency    95.74ms   61.78ms 291.84ms   81.84%
    Req/Sec    14.46      1.87    19.00     90.00%
  Latency Distribution (HdrHistogram - Recorded Latency)
 50.000%   75.90ms
 75.000%  125.50ms
 90.000%  181.63ms
 99.000%  291.84ms
 99.900%  394.24ms
 99.990%  441.34ms
 99.999%  441.34ms
100.000%  441.34ms

  Detailed Percentile spectrum:
       Value   Percentile   TotalCount 1/(1-Percentile)

      21.471     0.000000            1         1.00
      40.543     0.100000          384         1.11
      41.663     0.200000          757         1.25
      52.703     0.300000         1128         1.43
      63.871     0.400000         1500         1.67
      75.903     0.500000         1875         2.00
      84.351     0.550000         2063         2.22
      92.287     0.600000         2250         2.50
     101.887     0.650000         2437         2.86
     111.039     0.700000         2627         3.33
     125.503     0.750000         2812         4.00
     132.479     0.775000         2906         4.44
     139.263     0.800000         3001         5.00
     148.351     0.825000         3093         5.71
     160.127     0.850000         3187         6.67
     171.007     0.875000         3282         8.00
     176.127     0.887500         3328         8.89
     181.887     0.900000         3375        10.00
     191.359     0.912500         3421        11.43
     199.423     0.925000         3468        13.33
     208.255     0.937500         3516        16.00
     214.655     0.943750         3539        17.78
     224.639     0.950000         3562        20.00
     230.527     0.956250         3585        22.86
     237.951     0.962500         3609        26.67
     244.351     0.968750         3632        32.00
     250.623     0.971875         3644        35.56
     258.559     0.975000         3656        40.00
     264.447     0.978125         3667        45.71
     270.079     0.981250         3682        53.33
     272.639     0.984375         3691        64.00
     277.759     0.985938         3697        71.11
     280.319     0.987500         3703        80.00
     285.951     0.989062         3708        91.43
     294.911     0.990625         3714       106.67
     305.919     0.992188         3720       128.00
     309.503     0.992969         3723       142.22
     325.119     0.993750         3726       160.00
     334.591     0.994531         3729       182.86
     348.671     0.995313         3732       213.33
     359.679     0.996094         3735       256.00
     360.959     0.996484         3736       284.44
     362.495     0.996875         3738       320.00
     374.271     0.997266         3740       365.71
     376.319     0.997656         3741       426.67
     376.831     0.998047         3742       512.00
     385.023     0.998242         3743       568.89
     388.351     0.998437         3744       640.00
     388.351     0.998633         3744       731.43
     394.239     0.998828         3745       853.33
     395.519     0.999023         3746      1024.00
     395.519     0.999121         3746      1137.78
     410.623     0.999219         3747      1280.00
     410.623     0.999316         3747      1462.86
     410.623     0.999414         3747      1706.67
     414.463     0.999512         3748      2048.00
     414.463     0.999561         3748      2275.56
     414.463     0.999609         3748      2560.00
     414.463     0.999658         3748      2925.71
     414.463     0.999707         3748      3413.33
     441.343     0.999756         3749      4096.00
     441.343     1.000000         3749          inf
#[Mean    =       95.738, StdDeviation   =       61.779]
#[Max     =      441.088, Total count    =         3749]
#[Buckets =           27, SubBuckets     =         2048]
-----------------------------------------------------------------------
  4494 requests in 1.00m, 1.34MB read
Requests/sec:     74.90  
Transfer/sec:     22.82KB
