Running 1m test @ http://10.103.77.142/?loopCount=25&base=6&exp=6
  5 threads and 5 connections

  Thread calibration: mean lat.: 358.761ms, rate sampling interval: 1075ms
  Thread calibration: mean lat.: 123.289ms, rate sampling interval: 456ms
  Thread calibration: mean lat.: 557.513ms, rate sampling interval: 1662ms
  Thread calibration: mean lat.: 284.908ms, rate sampling interval: 857ms
  Thread calibration: mean lat.: 527.797ms, rate sampling interval: 1477ms

-----------------------------------------------------------------------
Test Results @ http://10.103.77.142/?loopCount=25&base=6&exp=6 
  Thread Stats   Avg      Stdev     99%   +/- Stdev
    Latency   293.02ms  193.61ms 825.85ms   71.14%
    Req/Sec     9.41      1.52    13.00     87.68%
  Latency Distribution (HdrHistogram - Recorded Latency)
 50.000%  244.22ms
 75.000%  430.08ms
 90.000%  555.01ms
 99.000%  825.85ms
 99.900%    1.14s 
 99.990%    1.15s 
 99.999%    1.15s 
100.000%    1.15s 

  Detailed Percentile spectrum:
       Value   Percentile   TotalCount 1/(1-Percentile)

      37.727     0.000000            1         1.00
      63.167     0.100000          249         1.11
     133.503     0.200000          498         1.25
     148.223     0.300000          747         1.43
     224.255     0.400000          993         1.67
     244.223     0.500000         1241         2.00
     256.511     0.550000         1365         2.22
     328.191     0.600000         1491         2.50
     339.455     0.650000         1613         2.86
     356.095     0.700000         1737         3.33
     430.079     0.750000         1861         4.00
     440.831     0.775000         1925         4.44
     446.719     0.800000         1985         5.00
     460.287     0.825000         2047         5.71
     528.383     0.850000         2109         6.67
     539.135     0.875000         2171         8.00
     545.279     0.887500         2206         8.89
     555.007     0.900000         2234        10.00
     569.855     0.912500         2264        11.43
     629.247     0.925000         2295        13.33
     642.559     0.937500         2327        16.00
     649.727     0.943750         2344        17.78
     654.847     0.950000         2359        20.00
     658.943     0.956250         2374        22.86
     723.967     0.962500         2391        26.67
     728.575     0.968750         2405        32.00
     731.135     0.971875         2412        35.56
     734.719     0.975000         2419        40.00
     738.815     0.978125         2428        45.71
     745.983     0.981250         2435        53.33
     753.151     0.984375         2443        64.00
     758.271     0.985938         2447        71.11
     759.295     0.987500         2450        80.00
     777.727     0.989062         2454        91.43
     843.263     0.990625         2458       106.67
     927.231     0.992188         2462       128.00
     930.815     0.992969         2464       142.22
     935.935     0.993750         2466       160.00
     940.031     0.994531         2468       182.86
     953.343     0.995313         2470       213.33
    1029.631     0.996094         2472       256.00
    1030.655     0.996484         2473       284.44
    1032.191     0.996875         2474       320.00
    1032.703     0.997266         2475       365.71
    1034.751     0.997656         2476       426.67
    1126.399     0.998047         2477       512.00
    1126.399     0.998242         2477       568.89
    1130.495     0.998437         2478       640.00
    1130.495     0.998633         2478       731.43
    1138.687     0.998828         2479       853.33
    1138.687     0.999023         2479      1024.00
    1138.687     0.999121         2479      1137.78
    1141.759     0.999219         2480      1280.00
    1141.759     0.999316         2480      1462.86
    1141.759     0.999414         2480      1706.67
    1141.759     0.999512         2480      2048.00
    1141.759     0.999561         2480      2275.56
    1151.999     0.999609         2481      2560.00
    1151.999     1.000000         2481          inf
#[Mean    =      293.019, StdDeviation   =      193.608]
#[Max     =     1150.976, Total count    =         2481]
#[Buckets =           27, SubBuckets     =         2048]
-----------------------------------------------------------------------
  2967 requests in 1.00m, 0.88MB read
Requests/sec:     49.45  
Transfer/sec:     15.08KB
