Running 1m test @ http://10.106.106.124/?loopCount=25&base=6&exp=6
  1 threads and 1 connections

  Thread calibration: mean lat.: 660.696ms, rate sampling interval: 2365ms

-----------------------------------------------------------------------
Test Results @ http://10.106.106.124/?loopCount=25&base=6&exp=6 
  Thread Stats   Avg      Stdev     99%   +/- Stdev
    Latency     5.81s     2.60s   10.33s    59.53%
    Req/Sec    19.95      0.72    21.00    100.00%
  Latency Distribution (HdrHistogram - Recorded Latency)
 50.000%    5.64s 
 75.000%    8.01s 
 90.000%    9.52s 
 99.000%   10.33s 
 99.900%   10.42s 
 99.990%   10.42s 
 99.999%   10.42s 
100.000%   10.42s 

  Detailed Percentile spectrum:
       Value   Percentile   TotalCount 1/(1-Percentile)

    1335.295     0.000000            1         1.00
    2181.119     0.100000          103         1.11
    3174.399     0.200000          205         1.25
    4085.759     0.300000          308         1.43
    4767.743     0.400000          414         1.67
    5644.287     0.500000          512         2.00
    6184.959     0.550000          564         2.22
    6541.311     0.600000          614         2.50
    7045.119     0.650000          666         2.86
    7610.367     0.700000          717         3.33
    8056.831     0.750000          768         4.00
    8249.343     0.775000          794         4.44
    8544.255     0.800000          819         5.00
    8740.863     0.825000          844         5.71
    8970.239     0.850000          871         6.67
    9445.375     0.875000          899         8.00
    9502.719     0.887500          914         8.89
    9519.103     0.900000          922        10.00
    9592.831     0.912500          945        11.43
    9641.983     0.925000          947        13.33
    9871.359     0.937500          961        16.00
    9986.047     0.943750          972        17.78
    9986.047     0.950000          972        20.00
   10027.007     0.956250          979        22.86
   10051.583     0.962500          986        26.67
   10207.231     0.968750          995        32.00
   10207.231     0.971875          995        35.56
   10248.191     0.975000          998        40.00
   10289.151     0.978125         1001        45.71
   10313.727     0.981250         1005        53.33
   10321.919     0.984375         1012        64.00
   10321.919     0.985938         1012        71.11
   10321.919     0.987500         1012        80.00
   10321.919     0.989062         1012        91.43
   10330.111     0.990625         1017       106.67
   10330.111     0.992188         1017       128.00
   10330.111     0.992969         1017       142.22
   10330.111     0.993750         1017       160.00
   10354.687     0.994531         1018       182.86
   10403.839     0.995313         1020       213.33
   10403.839     0.996094         1020       256.00
   10403.839     0.996484         1020       284.44
   10403.839     0.996875         1020       320.00
   10420.223     0.997266         1023       365.71
   10420.223     1.000000         1023          inf
#[Mean    =     5810.343, StdDeviation   =     2604.536]
#[Max     =    10412.032, Total count    =         1023]
#[Buckets =           27, SubBuckets     =         2048]
-----------------------------------------------------------------------
  1239 requests in 1.00m, 377.51KB read
Requests/sec:     20.65  
Transfer/sec:      6.29KB
