Running 1m test @ http://10.96.164.126/?loopCount=25&base=6&exp=6
  1 threads and 1 connections

  Thread calibration: mean lat.: 1434.298ms, rate sampling interval: 5435ms

-----------------------------------------------------------------------
Test Results @ http://10.96.164.126/?loopCount=25&base=6&exp=6 
  Thread Stats   Avg      Stdev     99%   +/- Stdev
    Latency     8.30s     3.03s   13.88s    57.87%
    Req/Sec    19.00      1.15    21.00    100.00%
  Latency Distribution (HdrHistogram - Recorded Latency)
 50.000%    8.03s 
 75.000%   10.68s 
 90.000%   12.53s 
 99.000%   13.88s 
 99.900%   14.07s 
 99.990%   14.07s 
 99.999%   14.07s 
100.000%   14.07s 

  Detailed Percentile spectrum:
       Value   Percentile   TotalCount 1/(1-Percentile)

    2744.319     0.000000            1         1.00
    4179.967     0.100000           97         1.11
    4960.255     0.200000          197         1.25
    6721.535     0.300000          290         1.43
    7426.047     0.400000          388         1.67
    8032.255     0.500000          484         2.00
    8601.599     0.550000          533         2.22
    9183.231     0.600000          581         2.50
    9699.327     0.650000          628         2.86
   10223.615     0.700000          684         3.33
   10682.367     0.750000          725         4.00
   11075.583     0.775000          749         4.44
   11403.263     0.800000          773         5.00
   11599.871     0.825000          798         5.71
   11837.439     0.850000          827         6.67
   12132.351     0.875000          846         8.00
   12509.183     0.887500          866         8.89
   12533.759     0.900000          870        10.00
   12722.175     0.912500          882        11.43
   12845.055     0.925000          894        13.33
   12992.511     0.937500          906        16.00
   13123.583     0.943750          913        17.78
   13156.351     0.950000          918        20.00
   13426.687     0.956250          924        22.86
   13615.103     0.962500          930        26.67
   13631.487     0.968750          940        32.00
   13631.487     0.971875          940        35.56
   13697.023     0.975000          943        40.00
   13705.215     0.978125          945        45.71
   13770.751     0.981250          948        53.33
   13844.479     0.984375          953        64.00
   13844.479     0.985938          953        71.11
   13852.671     0.987500          954        80.00
   13877.247     0.989062          956        91.43
   13918.207     0.990625          957       106.67
   13975.551     0.992188          959       128.00
   13991.935     0.992969          961       142.22
   13991.935     0.993750          961       160.00
   13991.935     0.994531          961       182.86
   14016.511     0.995313          962       213.33
   14049.279     0.996094          964       256.00
   14049.279     0.996484          964       284.44
   14049.279     0.996875          964       320.00
   14049.279     0.997266          964       365.71
   14049.279     0.997656          964       426.67
   14065.663     0.998047          966       512.00
   14065.663     1.000000          966          inf
#[Mean    =     8297.847, StdDeviation   =     3033.921]
#[Max     =    14057.472, Total count    =          966]
#[Buckets =           27, SubBuckets     =         2048]
-----------------------------------------------------------------------
  1147 requests in 1.00m, 349.49KB read
Requests/sec:     19.12  
Transfer/sec:      5.82KB
