Running 1m test @ http://10.110.188.59/?loopCount=25&base=6&exp=6
  5 threads and 5 connections

  Thread calibration: mean lat.: 554.536ms, rate sampling interval: 1738ms
  Thread calibration: mean lat.: 508.379ms, rate sampling interval: 1404ms
  Thread calibration: mean lat.: 389.367ms, rate sampling interval: 1177ms
  Thread calibration: mean lat.: 452.480ms, rate sampling interval: 1224ms
  Thread calibration: mean lat.: 136.054ms, rate sampling interval: 509ms

-----------------------------------------------------------------------
Test Results @ http://10.110.188.59/?loopCount=25&base=6&exp=6 
  Thread Stats   Avg      Stdev     99%   +/- Stdev
    Latency    90.83ms   72.89ms 411.90ms   88.22%
    Req/Sec    14.42      1.34    17.00     87.65%
  Latency Distribution (HdrHistogram - Recorded Latency)
 50.000%   65.79ms
 75.000%  108.86ms
 90.000%  174.34ms
 99.000%  411.90ms
 99.900%  614.40ms
 99.990%  650.75ms
 99.999%  650.75ms
100.000%  650.75ms

  Detailed Percentile spectrum:
       Value   Percentile   TotalCount 1/(1-Percentile)

      21.599     0.000000            1         1.00
      40.575     0.100000          388         1.11
      41.535     0.200000          757         1.25
      45.471     0.300000         1131         1.43
      55.871     0.400000         1505         1.67
      65.791     0.500000         1883         2.00
      73.023     0.550000         2071         2.22
      79.423     0.600000         2258         2.50
      88.191     0.650000         2446         2.86
      96.127     0.700000         2634         3.33
     108.863     0.750000         2822         4.00
     117.759     0.775000         2916         4.44
     124.671     0.800000         3010         5.00
     136.831     0.825000         3104         5.71
     147.327     0.850000         3199         6.67
     159.231     0.875000         3293         8.00
     166.911     0.887500         3339         8.89
     174.335     0.900000         3386        10.00
     183.679     0.912500         3433        11.43
     192.639     0.925000         3480        13.33
     209.023     0.937500         3527        16.00
     215.295     0.943750         3552        17.78
     223.487     0.950000         3574        20.00
     231.935     0.956250         3598        22.86
     247.295     0.962500         3621        26.67
     256.127     0.968750         3645        32.00
     262.911     0.971875         3658        35.56
     276.479     0.975000         3668        40.00
     281.599     0.978125         3680        45.71
     293.119     0.981250         3692        53.33
     306.175     0.984375         3704        64.00
     314.623     0.985938         3710        71.11
     332.543     0.987500         3715        80.00
     398.591     0.989062         3721        91.43
     420.863     0.990625         3727       106.67
     444.927     0.992188         3733       128.00
     470.015     0.992969         3736       142.22
     506.367     0.993750         3739       160.00
     522.751     0.994531         3743       182.86
     533.503     0.995313         3745       213.33
     555.007     0.996094         3748       256.00
     571.391     0.996484         3749       284.44
     581.631     0.996875         3751       320.00
     582.655     0.997266         3752       365.71
     587.775     0.997656         3754       426.67
     599.039     0.998047         3755       512.00
     599.551     0.998242         3756       568.89
     604.159     0.998437         3757       640.00
     604.159     0.998633         3757       731.43
     614.399     0.998828         3758       853.33
     621.055     0.999023         3759      1024.00
     621.055     0.999121         3759      1137.78
     624.639     0.999219         3760      1280.00
     624.639     0.999316         3760      1462.86
     624.639     0.999414         3760      1706.67
     625.151     0.999512         3761      2048.00
     625.151     0.999561         3761      2275.56
     625.151     0.999609         3761      2560.00
     625.151     0.999658         3761      2925.71
     625.151     0.999707         3761      3413.33
     650.751     0.999756         3762      4096.00
     650.751     1.000000         3762          inf
#[Mean    =       90.829, StdDeviation   =       72.895]
#[Max     =      650.240, Total count    =         3762]
#[Buckets =           27, SubBuckets     =         2048]
-----------------------------------------------------------------------
  4495 requests in 1.00m, 1.34MB read
Requests/sec:     74.91  
Transfer/sec:     22.83KB
