Running 1m test @ http://10.110.211.94/?loopCount=25&base=6&exp=6
  5 threads and 5 connections

  Thread calibration: mean lat.: 106.231ms, rate sampling interval: 405ms
  Thread calibration: mean lat.: 98.072ms, rate sampling interval: 305ms
  Thread calibration: mean lat.: 128.903ms, rate sampling interval: 480ms
  Thread calibration: mean lat.: 88.604ms, rate sampling interval: 302ms
  Thread calibration: mean lat.: 95.773ms, rate sampling interval: 315ms

-----------------------------------------------------------------------
Test Results @ http://10.110.211.94/?loopCount=25&base=6&exp=6 
  Thread Stats   Avg      Stdev     99%   +/- Stdev
    Latency    86.62ms   64.17ms 332.54ms   88.09%
    Req/Sec     9.39      2.19    15.00     75.32%
  Latency Distribution (HdrHistogram - Recorded Latency)
 50.000%   64.32ms
 75.000%  117.38ms
 90.000%  164.61ms
 99.000%  332.54ms
 99.900%  443.90ms
 99.990%  539.14ms
 99.999%  539.14ms
100.000%  539.14ms

  Detailed Percentile spectrum:
       Value   Percentile   TotalCount 1/(1-Percentile)

      21.823     0.000000            1         1.00
      40.671     0.100000          256         1.11
      41.247     0.200000          512         1.25
      42.047     0.300000          757         1.43
      50.303     0.400000         1003         1.67
      64.319     0.500000         1252         2.00
      69.247     0.550000         1382         2.22
      73.279     0.600000         1503         2.50
      78.079     0.650000         1627         2.86
      87.359     0.700000         1753         3.33
     118.079     0.750000         1878         4.00
     127.807     0.775000         1941         4.44
     131.711     0.800000         2004         5.00
     134.655     0.825000         2065         5.71
     139.519     0.850000         2129         6.67
     147.583     0.875000         2191         8.00
     154.367     0.887500         2222         8.89
     164.607     0.900000         2254        10.00
     173.823     0.912500         2284        11.43
     190.847     0.925000         2316        13.33
     226.303     0.937500         2347        16.00
     230.527     0.943750         2363        17.78
     232.447     0.950000         2378        20.00
     234.623     0.956250         2394        22.86
     238.079     0.962500         2410        26.67
     246.143     0.968750         2426        32.00
     248.831     0.971875         2433        35.56
     253.951     0.975000         2441        40.00
     265.215     0.978125         2449        45.71
     272.895     0.981250         2457        53.33
     293.375     0.984375         2464        64.00
     325.631     0.985938         2469        71.11
     327.935     0.987500         2472        80.00
     331.519     0.989062         2476        91.43
     333.055     0.990625         2480       106.67
     334.847     0.992188         2484       128.00
     335.359     0.992969         2486       142.22
     336.895     0.993750         2488       160.00
     345.087     0.994531         2490       182.86
     358.143     0.995313         2492       213.33
     370.175     0.996094         2494       256.00
     381.695     0.996484         2495       284.44
     393.215     0.996875         2496       320.00
     420.863     0.997266         2497       365.71
     425.471     0.997656         2498       426.67
     427.263     0.998047         2499       512.00
     427.263     0.998242         2499       568.89
     443.903     0.998437         2500       640.00
     443.903     0.998633         2500       731.43
     452.607     0.998828         2501       853.33
     452.607     0.999023         2501      1024.00
     452.607     0.999121         2501      1137.78
     479.231     0.999219         2502      1280.00
     479.231     0.999316         2502      1462.86
     479.231     0.999414         2502      1706.67
     479.231     0.999512         2502      2048.00
     479.231     0.999561         2502      2275.56
     539.135     0.999609         2503      2560.00
     539.135     1.000000         2503          inf
#[Mean    =       86.618, StdDeviation   =       64.168]
#[Max     =      538.624, Total count    =         2503]
#[Buckets =           27, SubBuckets     =         2048]
-----------------------------------------------------------------------
  2995 requests in 1.00m, 0.89MB read
Requests/sec:     49.91  
Transfer/sec:     15.22KB
