Running 1m test @ http://10.107.164.151/?loopCount=25&base=6&exp=6
  1 threads and 1 connections

  Thread calibration: mean lat.: 3024.023ms, rate sampling interval: 10854ms

-----------------------------------------------------------------------
Test Results @ http://10.107.164.151/?loopCount=25&base=6&exp=6 
  Thread Stats   Avg      Stdev     99%   +/- Stdev
    Latency    20.99s     8.27s   34.73s    58.02%
    Req/Sec     9.75      0.43    10.00    100.00%
  Latency Distribution (HdrHistogram - Recorded Latency)
 50.000%   21.25s 
 75.000%   28.23s 
 90.000%   32.36s 
 99.000%   34.73s 
 99.900%   35.00s 
 99.990%   35.09s 
 99.999%   35.09s 
100.000%   35.09s 

  Detailed Percentile spectrum:
       Value   Percentile   TotalCount 1/(1-Percentile)

    6180.863     0.000000            1         1.00
    9232.383     0.100000           53         1.11
   12541.951     0.200000          105         1.25
   15491.071     0.300000          159         1.43
   18333.695     0.400000          210         1.67
   21250.047     0.500000          263         2.00
   22364.159     0.550000          289         2.22
   23642.111     0.600000          315         2.50
   25083.903     0.650000          341         2.86
   26755.071     0.700000          367         3.33
   28229.631     0.750000          393         4.00
   28934.143     0.775000          407         4.44
   29638.655     0.800000          420         5.00
   30425.087     0.825000          433         5.71
   30998.527     0.850000          446         6.67
   31670.271     0.875000          459         8.00
   32096.255     0.887500          466         8.89
   32358.399     0.900000          472        10.00
   32751.615     0.912500          479        11.43
   33062.911     0.925000          485        13.33
   33439.743     0.937500          493        16.00
   33538.047     0.943750          496        17.78
   33619.967     0.950000          498        20.00
   33947.647     0.956250          502        22.86
   34078.719     0.962500          505        26.67
   34209.791     0.968750          508        32.00
   34340.863     0.971875          510        35.56
   34406.399     0.975000          511        40.00
   34439.167     0.978125          513        45.71
   34537.471     0.981250          515        53.33
   34603.007     0.984375          516        64.00
   34668.543     0.985938          517        71.11
   34734.079     0.987500          519        80.00
   34734.079     0.989062          519        91.43
   34766.847     0.990625          520       106.67
   34766.847     0.992188          520       128.00
   34799.615     0.992969          521       142.22
   34799.615     0.993750          521       160.00
   34865.151     0.994531          522       182.86
   34865.151     0.995313          522       213.33
   34865.151     0.996094          522       256.00
   34996.223     0.996484          523       284.44
   34996.223     0.996875          523       320.00
   34996.223     0.997266          523       365.71
   34996.223     0.997656          523       426.67
   34996.223     0.998047          523       512.00
   35094.527     0.998242          524       568.89
   35094.527     1.000000          524          inf
#[Mean    =    20992.231, StdDeviation   =     8267.985]
#[Max     =    35061.760, Total count    =          524]
#[Buckets =           27, SubBuckets     =         2048]
-----------------------------------------------------------------------
  620 requests in 1.00m, 189.14KB read
Requests/sec:     10.33  
Transfer/sec:      3.15KB
