Running 1m test @ http://10.110.188.59/?loopCount=25&base=6&exp=6
  5 threads and 5 connections

  Thread calibration: mean lat.: 54.722ms, rate sampling interval: 176ms
  Thread calibration: mean lat.: 50.906ms, rate sampling interval: 161ms
  Thread calibration: mean lat.: 56.006ms, rate sampling interval: 188ms
  Thread calibration: mean lat.: 60.162ms, rate sampling interval: 214ms
  Thread calibration: mean lat.: 64.775ms, rate sampling interval: 302ms

-----------------------------------------------------------------------
Test Results @ http://10.110.188.59/?loopCount=25&base=6&exp=6 
  Thread Stats   Avg      Stdev     99%   +/- Stdev
    Latency    46.50ms   16.21ms 106.11ms   87.36%
    Req/Sec     9.54      2.41    14.00     75.40%
  Latency Distribution (HdrHistogram - Recorded Latency)
 50.000%   42.46ms
 75.000%   43.94ms
 90.000%   54.05ms
 99.000%  106.11ms
 99.900%  161.54ms
 99.990%  172.03ms
 99.999%  172.03ms
100.000%  172.03ms

  Detailed Percentile spectrum:
       Value   Percentile   TotalCount 1/(1-Percentile)

      21.759     0.000000            1         1.00
      39.295     0.100000          250         1.11
      40.895     0.200000          507         1.25
      41.503     0.300000          757         1.43
      41.983     0.400000         1002         1.67
      42.463     0.500000         1262         2.00
      42.687     0.550000         1377         2.22
      42.975     0.600000         1510         2.50
      43.263     0.650000         1631         2.86
      43.583     0.700000         1761         3.33
      43.935     0.750000         1875         4.00
      44.159     0.775000         1938         4.44
      44.383     0.800000         2007         5.00
      44.671     0.825000         2065         5.71
      45.055     0.850000         2129         6.67
      45.887     0.875000         2188         8.00
      48.767     0.887500         2219         8.89
      54.047     0.900000         2250        10.00
      67.583     0.912500         2282        11.43
      81.087     0.925000         2313        13.33
      86.527     0.937500         2344        16.00
      88.319     0.943750         2360        17.78
      89.599     0.950000         2375        20.00
      90.303     0.956250         2391        22.86
      90.879     0.962500         2407        26.67
      92.223     0.968750         2422        32.00
      93.631     0.971875         2430        35.56
      94.847     0.975000         2438        40.00
      97.151     0.978125         2447        45.71
      98.239     0.981250         2454        53.33
     101.055     0.984375         2461        64.00
     102.783     0.985938         2465        71.11
     104.319     0.987500         2469        80.00
     104.767     0.989062         2473        91.43
     106.623     0.990625         2477       106.67
     108.671     0.992188         2481       128.00
     109.183     0.992969         2483       142.22
     110.783     0.993750         2485       160.00
     113.983     0.994531         2487       182.86
     150.271     0.995313         2489       213.33
     153.343     0.996094         2491       256.00
     153.983     0.996484         2492       284.44
     156.415     0.996875         2493       320.00
     156.799     0.997266         2494       365.71
     157.055     0.997656         2495       426.67
     157.183     0.998047         2496       512.00
     157.183     0.998242         2496       568.89
     159.487     0.998437         2497       640.00
     159.487     0.998633         2497       731.43
     161.535     0.998828         2498       853.33
     161.535     0.999023         2498      1024.00
     161.535     0.999121         2498      1137.78
     171.647     0.999219         2499      1280.00
     171.647     0.999316         2499      1462.86
     171.647     0.999414         2499      1706.67
     171.647     0.999512         2499      2048.00
     171.647     0.999561         2499      2275.56
     172.031     0.999609         2500      2560.00
     172.031     1.000000         2500          inf
#[Mean    =       46.503, StdDeviation   =       16.214]
#[Max     =      171.904, Total count    =         2500]
#[Buckets =           27, SubBuckets     =         2048]
-----------------------------------------------------------------------
  2995 requests in 1.00m, 0.89MB read
Requests/sec:     49.91  
Transfer/sec:     15.21KB
