Running 1m test @ http://10.102.207.185/?loopCount=25&base=6&exp=6
  5 threads and 5 connections

  Thread calibration: mean lat.: 180.324ms, rate sampling interval: 536ms
  Thread calibration: mean lat.: 160.716ms, rate sampling interval: 512ms
  Thread calibration: mean lat.: 207.510ms, rate sampling interval: 720ms
  Thread calibration: mean lat.: 340.632ms, rate sampling interval: 766ms
  Thread calibration: mean lat.: 188.581ms, rate sampling interval: 539ms

-----------------------------------------------------------------------
Test Results @ http://10.102.207.185/?loopCount=25&base=6&exp=6 
  Thread Stats   Avg      Stdev     99%   +/- Stdev
    Latency   972.33ms  652.13ms   2.72s    64.62%
    Req/Sec     9.34      1.67    13.00     93.27%
  Latency Distribution (HdrHistogram - Recorded Latency)
 50.000%  849.41ms
 75.000%    1.47s 
 90.000%    1.78s 
 99.000%    2.72s 
 99.900%    2.85s 
 99.990%    2.86s 
 99.999%    2.86s 
100.000%    2.86s 

  Detailed Percentile spectrum:
       Value   Percentile   TotalCount 1/(1-Percentile)

      71.039     0.000000            1         1.00
     251.263     0.100000          245         1.11
     367.615     0.200000          492         1.25
     483.327     0.300000          736         1.43
     642.047     0.400000          980         1.67
     849.407     0.500000         1224         2.00
     949.247     0.550000         1347         2.22
    1041.919     0.600000         1470         2.50
    1257.471     0.650000         1593         2.86
    1367.039     0.700000         1714         3.33
    1474.559     0.750000         1838         4.00
    1562.623     0.775000         1899         4.44
    1581.055     0.800000         1962         5.00
    1656.831     0.825000         2022         5.71
    1671.167     0.850000         2083         6.67
    1721.343     0.875000         2142         8.00
    1756.159     0.887500         2175         8.89
    1779.711     0.900000         2204        10.00
    1872.895     0.912500         2234        11.43
    1961.983     0.925000         2265        13.33
    2051.071     0.937500         2295        16.00
    2069.503     0.943750         2312        17.78
    2174.975     0.950000         2326        20.00
    2263.039     0.956250         2341        22.86
    2416.639     0.962500         2357        26.67
    2478.079     0.968750         2373        32.00
    2482.175     0.971875         2380        35.56
    2555.903     0.975000         2387        40.00
    2588.671     0.978125         2395        45.71
    2639.871     0.981250         2403        53.33
    2664.447     0.984375         2410        64.00
    2670.591     0.985938         2416        71.11
    2674.687     0.987500         2418        80.00
    2711.551     0.989062         2422        91.43
    2752.511     0.990625         2427       106.67
    2754.559     0.992188         2429       128.00
    2756.607     0.992969         2432       142.22
    2758.655     0.993750         2433       160.00
    2762.751     0.994531         2436       182.86
    2764.799     0.995313         2437       213.33
    2770.943     0.996094         2439       256.00
    2772.991     0.996484         2440       284.44
    2775.039     0.996875         2441       320.00
    2777.087     0.997266         2442       365.71
    2783.231     0.997656         2443       426.67
    2785.279     0.998047         2444       512.00
    2785.279     0.998242         2444       568.89
    2789.375     0.998437         2445       640.00
    2789.375     0.998633         2445       731.43
    2848.767     0.998828         2446       853.33
    2848.767     0.999023         2446      1024.00
    2848.767     0.999121         2446      1137.78
    2859.007     0.999219         2447      1280.00
    2859.007     0.999316         2447      1462.86
    2859.007     0.999414         2447      1706.67
    2859.007     0.999512         2447      2048.00
    2859.007     0.999561         2447      2275.56
    2863.103     0.999609         2448      2560.00
    2863.103     1.000000         2448          inf
#[Mean    =      972.334, StdDeviation   =      652.132]
#[Max     =     2861.056, Total count    =         2448]
#[Buckets =           27, SubBuckets     =         2048]
-----------------------------------------------------------------------
  2928 requests in 1.00m, 0.87MB read
Requests/sec:     48.80  
Transfer/sec:     14.89KB
