Running 1m test @ http://10.97.218.196/?loopCount=25&base=6&exp=6
  5 threads and 5 connections

  Thread calibration: mean lat.: 915.700ms, rate sampling interval: 2605ms
  Thread calibration: mean lat.: 450.115ms, rate sampling interval: 1566ms
  Thread calibration: mean lat.: 807.519ms, rate sampling interval: 2418ms
  Thread calibration: mean lat.: 492.826ms, rate sampling interval: 1439ms
  Thread calibration: mean lat.: 1108.579ms, rate sampling interval: 3416ms

-----------------------------------------------------------------------
Test Results @ http://10.97.218.196/?loopCount=25&base=6&exp=6 
  Thread Stats   Avg      Stdev     99%   +/- Stdev
    Latency     2.80s     1.21s    5.91s    64.87%
    Req/Sec    13.67      1.64    17.00     88.98%
  Latency Distribution (HdrHistogram - Recorded Latency)
 50.000%    2.61s 
 75.000%    3.66s 
 90.000%    4.29s 
 99.000%    5.91s 
 99.900%    6.00s 
 99.990%    6.07s 
 99.999%    6.07s 
100.000%    6.07s 

  Detailed Percentile spectrum:
       Value   Percentile   TotalCount 1/(1-Percentile)

     612.863     0.000000            1         1.00
    1300.479     0.100000          354         1.11
    1624.063     0.200000          707         1.25
    2001.919     0.300000         1060         1.43
    2387.967     0.400000         1414         1.67
    2613.247     0.500000         1767         2.00
    2766.847     0.550000         1945         2.22
    3016.703     0.600000         2120         2.50
    3293.183     0.650000         2298         2.86
    3473.407     0.700000         2481         3.33
    3655.679     0.750000         2650         4.00
    3749.887     0.775000         2739         4.44
    3807.231     0.800000         2832         5.00
    3899.391     0.825000         2915         5.71
    4050.943     0.850000         3005         6.67
    4116.479     0.875000         3092         8.00
    4184.063     0.887500         3136         8.89
    4288.511     0.900000         3182        10.00
    4358.143     0.912500         3224        11.43
    4874.239     0.925000         3272        13.33
    5009.407     0.937500         3313        16.00
    5066.751     0.943750         3336        17.78
    5115.903     0.950000         3358        20.00
    5480.447     0.956250         3379        22.86
    5595.135     0.962500         3401        26.67
    5636.095     0.968750         3423        32.00
    5656.575     0.971875         3436        35.56
    5681.151     0.975000         3445        40.00
    5705.727     0.978125         3458        45.71
    5718.015     0.981250         3469        53.33
    5742.591     0.984375         3479        64.00
    5783.551     0.985938         3484        71.11
    5849.087     0.987500         3489        80.00
    5910.527     0.989062         3499        91.43
    5918.719     0.990625         3500       106.67
    5939.199     0.992188         3508       128.00
    5943.295     0.992969         3510       142.22
    5947.391     0.993750         3512       160.00
    5951.487     0.994531         3514       182.86
    5959.679     0.995313         3517       213.33
    5971.967     0.996094         3522       256.00
    5971.967     0.996484         3522       284.44
    5971.967     0.996875         3522       320.00
    5980.159     0.997266         3525       365.71
    5980.159     0.997656         3525       426.67
    5988.351     0.998047         3527       512.00
    5988.351     0.998242         3527       568.89
    5996.543     0.998437         3528       640.00
    6000.639     0.998633         3529       731.43
    6000.639     0.998828         3529       853.33
    6021.119     0.999023         3530      1024.00
    6021.119     0.999121         3530      1137.78
    6041.599     0.999219         3531      1280.00
    6041.599     0.999316         3531      1462.86
    6041.599     0.999414         3531      1706.67
    6049.791     0.999512         3532      2048.00
    6049.791     0.999561         3532      2275.56
    6049.791     0.999609         3532      2560.00
    6049.791     0.999658         3532      2925.71
    6049.791     0.999707         3532      3413.33
    6074.367     0.999756         3533      4096.00
    6074.367     1.000000         3533          inf
#[Mean    =     2804.077, StdDeviation   =     1209.538]
#[Max     =     6070.272, Total count    =         3533]
#[Buckets =           27, SubBuckets     =         2048]
-----------------------------------------------------------------------
  4197 requests in 1.00m, 1.25MB read
Requests/sec:     69.94  
Transfer/sec:     21.32KB
