Running 1m test @ http://10.109.115.86/?loopCount=25&base=6&exp=6
  5 threads and 5 connections

  Thread calibration: mean lat.: 265.181ms, rate sampling interval: 839ms
  Thread calibration: mean lat.: 452.277ms, rate sampling interval: 1162ms
  Thread calibration: mean lat.: 439.245ms, rate sampling interval: 996ms
  Thread calibration: mean lat.: 243.214ms, rate sampling interval: 871ms
  Thread calibration: mean lat.: 261.911ms, rate sampling interval: 742ms

-----------------------------------------------------------------------
Test Results @ http://10.109.115.86/?loopCount=25&base=6&exp=6 
  Thread Stats   Avg      Stdev     99%   +/- Stdev
    Latency   607.28ms  324.94ms   1.46s    64.78%
    Req/Sec     9.65      1.21    13.00     91.30%
  Latency Distribution (HdrHistogram - Recorded Latency)
 50.000%  582.66ms
 75.000%  790.53ms
 90.000%    1.07s 
 99.000%    1.46s 
 99.900%    1.55s 
 99.990%    1.57s 
 99.999%    1.57s 
100.000%    1.57s 

  Detailed Percentile spectrum:
       Value   Percentile   TotalCount 1/(1-Percentile)

      41.791     0.000000            1         1.00
     191.615     0.100000          252         1.11
     288.511     0.200000          504         1.25
     387.839     0.300000          758         1.43
     484.351     0.400000         1007         1.67
     582.655     0.500000         1258         2.00
     598.527     0.550000         1384         2.22
     670.207     0.600000         1509         2.50
     689.663     0.650000         1637         2.86
     770.559     0.700000         1761         3.33
     790.527     0.750000         1885         4.00
     860.671     0.775000         1948         4.44
     876.031     0.800000         2011         5.00
     895.487     0.825000         2074         5.71
     965.119     0.850000         2137         6.67
     988.159     0.875000         2202         8.00
    1033.215     0.887500         2231         8.89
    1069.055     0.900000         2262        10.00
    1096.703     0.912500         2294        11.43
    1164.287     0.925000         2325        13.33
    1180.671     0.937500         2356        16.00
    1189.887     0.943750         2372        17.78
    1198.079     0.950000         2388        20.00
    1263.615     0.956250         2405        22.86
    1272.831     0.962500         2419        26.67
    1284.095     0.968750         2435        32.00
    1295.359     0.971875         2444        35.56
    1366.015     0.975000         2451        40.00
    1378.303     0.978125         2460        45.71
    1382.399     0.981250         2466        53.33
    1391.615     0.984375         2474        64.00
    1395.711     0.985938         2479        71.11
    1400.831     0.987500         2482        80.00
    1438.719     0.989062         2486        91.43
    1464.319     0.990625         2491       106.67
    1465.343     0.992188         2495       128.00
    1466.367     0.992969         2496       142.22
    1468.415     0.993750         2498       160.00
    1473.535     0.994531         2500       182.86
    1477.631     0.995313         2502       213.33
    1486.847     0.996094         2504       256.00
    1520.639     0.996484         2506       284.44
    1520.639     0.996875         2506       320.00
    1524.735     0.997266         2507       365.71
    1539.071     0.997656         2508       426.67
    1548.287     0.998047         2509       512.00
    1548.287     0.998242         2509       568.89
    1551.359     0.998437         2511       640.00
    1551.359     0.998633         2511       731.43
    1551.359     0.998828         2511       853.33
    1551.359     0.999023         2511      1024.00
    1551.359     0.999121         2511      1137.78
    1553.407     0.999219         2512      1280.00
    1553.407     0.999316         2512      1462.86
    1553.407     0.999414         2512      1706.67
    1553.407     0.999512         2512      2048.00
    1553.407     0.999561         2512      2275.56
    1571.839     0.999609         2513      2560.00
    1571.839     1.000000         2513          inf
#[Mean    =      607.279, StdDeviation   =      324.938]
#[Max     =     1570.816, Total count    =         2513]
#[Buckets =           27, SubBuckets     =         2048]
-----------------------------------------------------------------------
  2985 requests in 1.00m, 0.89MB read
Requests/sec:     49.75  
Transfer/sec:     15.18KB
