Running 1m test @ http://10.100.185.202/?loopCount=25&base=6&exp=6
  5 threads and 5 connections

  Thread calibration: mean lat.: 90.575ms, rate sampling interval: 283ms
  Thread calibration: mean lat.: 88.134ms, rate sampling interval: 310ms
  Thread calibration: mean lat.: 100.196ms, rate sampling interval: 461ms
  Thread calibration: mean lat.: 83.135ms, rate sampling interval: 296ms
  Thread calibration: mean lat.: 97.514ms, rate sampling interval: 408ms

-----------------------------------------------------------------------
Test Results @ http://10.100.185.202/?loopCount=25&base=6&exp=6 
  Thread Stats   Avg      Stdev     99%   +/- Stdev
    Latency    99.43ms   78.05ms 365.05ms   86.02%
    Req/Sec     9.47      2.38    16.00     77.28%
  Latency Distribution (HdrHistogram - Recorded Latency)
 50.000%   68.61ms
 75.000%  130.62ms
 90.000%  226.30ms
 99.000%  365.05ms
 99.900%  432.64ms
 99.990%  446.46ms
 99.999%  446.46ms
100.000%  446.46ms

  Detailed Percentile spectrum:
       Value   Percentile   TotalCount 1/(1-Percentile)

      21.759     0.000000            1         1.00
      40.735     0.100000          257         1.11
      41.407     0.200000          505         1.25
      42.335     0.300000          752         1.43
      56.863     0.400000         1000         1.67
      68.607     0.500000         1250         2.00
      71.359     0.550000         1374         2.22
      81.663     0.600000         1499         2.50
      97.471     0.650000         1624         2.86
     122.751     0.700000         1748         3.33
     130.623     0.750000         1876         4.00
     134.911     0.775000         1936         4.44
     141.439     0.800000         1998         5.00
     155.519     0.825000         2061         5.71
     170.239     0.850000         2123         6.67
     196.223     0.875000         2185         8.00
     222.079     0.887500         2217         8.89
     226.303     0.900000         2248        10.00
     230.143     0.912500         2279        11.43
     233.343     0.925000         2310        13.33
     240.383     0.937500         2341        16.00
     246.655     0.943750         2357        17.78
     258.943     0.950000         2373        20.00
     277.503     0.956250         2389        22.86
     290.559     0.962500         2404        26.67
     323.071     0.968750         2419        32.00
     326.399     0.971875         2428        35.56
     329.983     0.975000         2435        40.00
     332.799     0.978125         2446        45.71
     336.383     0.981250         2451        53.33
     342.527     0.984375         2459        64.00
     343.807     0.985938         2462        71.11
     347.903     0.987500         2466        80.00
     359.167     0.989062         2470        91.43
     370.687     0.990625         2475       106.67
     379.391     0.992188         2478       128.00
     383.999     0.992969         2480       142.22
     392.959     0.993750         2482       160.00
     422.143     0.994531         2485       182.86
     423.423     0.995313         2486       213.33
     424.959     0.996094         2489       256.00
     424.959     0.996484         2489       284.44
     425.983     0.996875         2490       320.00
     428.543     0.997266         2491       365.71
     429.823     0.997656         2492       426.67
     430.847     0.998047         2493       512.00
     430.847     0.998242         2493       568.89
     432.639     0.998437         2495       640.00
     432.639     0.998633         2495       731.43
     432.639     0.998828         2495       853.33
     432.639     0.999023         2495      1024.00
     432.639     0.999121         2495      1137.78
     437.759     0.999219         2496      1280.00
     437.759     0.999316         2496      1462.86
     437.759     0.999414         2496      1706.67
     437.759     0.999512         2496      2048.00
     437.759     0.999561         2496      2275.56
     446.463     0.999609         2497      2560.00
     446.463     1.000000         2497          inf
#[Mean    =       99.427, StdDeviation   =       78.047]
#[Max     =      446.208, Total count    =         2497]
#[Buckets =           27, SubBuckets     =         2048]
-----------------------------------------------------------------------
  2993 requests in 1.00m, 0.89MB read
Requests/sec:     49.88  
Transfer/sec:     15.21KB
