Running 1m test @ http://10.101.163.15/?loopCount=25&base=6&exp=6
  1 threads and 1 connections

  Thread calibration: mean lat.: 546.413ms, rate sampling interval: 1474ms

-----------------------------------------------------------------------
Test Results @ http://10.101.163.15/?loopCount=25&base=6&exp=6 
  Thread Stats   Avg      Stdev     99%   +/- Stdev
    Latency     4.27s     2.39s    8.74s    57.33%
    Req/Sec    20.58      1.88    23.00     93.94%
  Latency Distribution (HdrHistogram - Recorded Latency)
 50.000%    4.10s 
 75.000%    6.24s 
 90.000%    7.61s 
 99.000%    8.74s 
 99.900%    8.75s 
 99.990%    8.75s 
 99.999%    8.75s 
100.000%    8.75s 

  Detailed Percentile spectrum:
       Value   Percentile   TotalCount 1/(1-Percentile)

     747.007     0.000000            2         1.00
    1227.775     0.100000          106         1.11
    1723.391     0.200000          210         1.25
    2445.311     0.300000          318         1.43
    2963.455     0.400000          420         1.67
    4104.191     0.500000          526         2.00
    4493.311     0.550000          579         2.22
    5107.711     0.600000          634         2.50
    5332.991     0.650000          686         2.86
    5783.551     0.700000          741         3.33
    6238.207     0.750000          788         4.00
    6594.559     0.775000          814         4.44
    6914.047     0.800000          840         5.00
    7077.887     0.825000          877         5.71
    7221.247     0.850000          898         6.67
    7385.087     0.875000          922         8.00
    7540.735     0.887500          932         8.89
    7610.367     0.900000          946        10.00
    7753.727     0.912500          960        11.43
    8146.943     0.925000          973        13.33
    8306.687     0.937500          986        16.00
    8364.031     0.943750          992        17.78
    8384.511     0.950000         1000        20.00
    8421.375     0.956250         1006        22.86
    8454.143     0.962500         1011        26.67
    8486.911     0.968750         1019        32.00
    8503.295     0.971875         1024        35.56
    8503.295     0.975000         1024        40.00
    8601.599     0.978125         1029        45.71
    8675.327     0.981250         1032        53.33
    8708.095     0.984375         1034        64.00
    8724.479     0.985938         1038        71.11
    8724.479     0.987500         1038        80.00
    8740.863     0.989062         1045        91.43
    8740.863     0.990625         1045       106.67
    8740.863     0.992188         1045       128.00
    8740.863     0.992969         1045       142.22
    8740.863     0.993750         1045       160.00
    8740.863     0.994531         1045       182.86
    8749.055     0.995313         1050       213.33
    8749.055     1.000000         1050          inf
#[Mean    =     4267.468, StdDeviation   =     2386.227]
#[Max     =     8740.864, Total count    =         1050]
#[Buckets =           27, SubBuckets     =         2048]
-----------------------------------------------------------------------
  1281 requests in 1.00m, 390.31KB read
Requests/sec:     21.35  
Transfer/sec:      6.51KB
