Running 1m test @ http://10.97.57.202/?loopCount=25&base=6&exp=6
  1 threads and 1 connections

  Thread calibration: mean lat.: 84.292ms, rate sampling interval: 231ms

-----------------------------------------------------------------------
Test Results @ http://10.97.57.202/?loopCount=25&base=6&exp=6 
  Thread Stats   Avg      Stdev     99%   +/- Stdev
    Latency   188.19ms   89.27ms 370.43ms   57.25%
    Req/Sec    24.29      2.15    30.00     70.83%
  Latency Distribution (HdrHistogram - Recorded Latency)
 50.000%  186.37ms
 75.000%  249.09ms
 90.000%  326.14ms
 99.000%  370.43ms
 99.900%  372.99ms
 99.990%  373.50ms
 99.999%  373.50ms
100.000%  373.50ms

  Detailed Percentile spectrum:
       Value   Percentile   TotalCount 1/(1-Percentile)

      59.807     0.000000            1         1.00
      75.263     0.100000          125         1.11
      91.327     0.200000          249         1.25
     117.055     0.300000          374         1.43
     163.583     0.400000          498         1.67
     186.367     0.500000          622         2.00
     194.303     0.550000          684         2.22
     201.599     0.600000          746         2.50
     210.431     0.650000          808         2.86
     228.991     0.700000          870         3.33
     249.087     0.750000          932         4.00
     255.231     0.775000          963         4.44
     271.359     0.800000          994         5.00
     287.999     0.825000         1025         5.71
     300.799     0.850000         1056         6.67
     313.599     0.875000         1087         8.00
     319.999     0.887500         1103         8.89
     326.143     0.900000         1118        10.00
     331.519     0.912500         1135        11.43
     336.639     0.925000         1149        13.33
     344.063     0.937500         1167        16.00
     346.367     0.943750         1174        17.78
     355.071     0.950000         1180        20.00
     360.703     0.956250         1189        22.86
     363.775     0.962500         1196        26.67
     366.591     0.968750         1205        32.00
     367.103     0.971875         1208        35.56
     367.615     0.975000         1212        40.00
     367.871     0.978125         1215        45.71
     368.127     0.981250         1219        53.33
     369.407     0.984375         1225        64.00
     369.407     0.985938         1225        71.11
     370.175     0.987500         1227        80.00
     370.431     0.989062         1231        91.43
     370.431     0.990625         1231       106.67
     370.687     0.992188         1233       128.00
     371.199     0.992969         1234       142.22
     371.711     0.993750         1235       160.00
     371.967     0.994531         1236       182.86
     372.223     0.995313         1239       213.33
     372.223     0.996094         1239       256.00
     372.223     0.996484         1239       284.44
     372.223     0.996875         1239       320.00
     372.223     0.997266         1239       365.71
     372.479     0.997656         1240       426.67
     372.479     0.998047         1240       512.00
     372.479     0.998242         1240       568.89
     372.991     0.998437         1241       640.00
     372.991     0.998633         1241       731.43
     372.991     0.998828         1241       853.33
     372.991     0.999023         1241      1024.00
     372.991     0.999121         1241      1137.78
     373.503     0.999219         1242      1280.00
     373.503     1.000000         1242          inf
#[Mean    =      188.193, StdDeviation   =       89.272]
#[Max     =      373.248, Total count    =         1242]
#[Buckets =           27, SubBuckets     =         2048]
-----------------------------------------------------------------------
  1490 requests in 1.00m, 453.98KB read
Requests/sec:     24.83  
Transfer/sec:      7.57KB
