Running 1m test @ http://10.110.188.59/?loopCount=25&base=6&exp=6
  5 threads and 5 connections

  Thread calibration: mean lat.: 62.487ms, rate sampling interval: 229ms
  Thread calibration: mean lat.: 89.068ms, rate sampling interval: 483ms
  Thread calibration: mean lat.: 61.689ms, rate sampling interval: 225ms
  Thread calibration: mean lat.: 76.567ms, rate sampling interval: 331ms
  Thread calibration: mean lat.: 49.289ms, rate sampling interval: 162ms

-----------------------------------------------------------------------
Test Results @ http://10.110.188.59/?loopCount=25&base=6&exp=6 
  Thread Stats   Avg      Stdev     99%   +/- Stdev
    Latency    48.68ms   22.67ms 120.45ms   86.56%
    Req/Sec     9.60      2.56    15.00     84.13%
  Latency Distribution (HdrHistogram - Recorded Latency)
 50.000%   41.60ms
 75.000%   42.49ms
 90.000%   92.93ms
 99.000%  120.45ms
 99.900%  192.00ms
 99.990%  262.02ms
 99.999%  262.02ms
100.000%  262.02ms

  Detailed Percentile spectrum:
       Value   Percentile   TotalCount 1/(1-Percentile)

      22.095     0.000000            1         1.00
      38.559     0.100000          251         1.11
      40.639     0.200000          514         1.25
      41.055     0.300000          774         1.43
      41.343     0.400000         1011         1.67
      41.599     0.500000         1264         2.00
      41.727     0.550000         1384         2.22
      41.887     0.600000         1517         2.50
      42.015     0.650000         1626         2.86
      42.239     0.700000         1762         3.33
      42.495     0.750000         1893         4.00
      42.623     0.775000         1948         4.44
      42.847     0.800000         2002         5.00
      43.295     0.825000         2065         5.71
      45.599     0.850000         2126         6.67
      62.879     0.875000         2188         8.00
      77.375     0.887500         2220         8.89
      92.927     0.900000         2251        10.00
      99.711     0.912500         2284        11.43
     101.311     0.925000         2313        13.33
     102.719     0.937500         2345        16.00
     104.191     0.943750         2360        17.78
     106.751     0.950000         2375        20.00
     108.671     0.956250         2391        22.86
     110.335     0.962500         2407        26.67
     111.359     0.968750         2422        32.00
     112.127     0.971875         2431        35.56
     113.215     0.975000         2438        40.00
     114.943     0.978125         2446        45.71
     116.095     0.981250         2454        53.33
     116.927     0.984375         2461        64.00
     117.567     0.985938         2466        71.11
     117.887     0.987500         2470        80.00
     119.807     0.989062         2473        91.43
     121.471     0.990625         2478       106.67
     122.367     0.992188         2481       128.00
     124.671     0.992969         2483       142.22
     125.823     0.993750         2485       160.00
     129.151     0.994531         2487       182.86
     159.359     0.995313         2489       213.33
     161.535     0.996094         2491       256.00
     164.607     0.996484         2492       284.44
     166.015     0.996875         2493       320.00
     168.447     0.997266         2494       365.71
     179.583     0.997656         2495       426.67
     180.095     0.998047         2496       512.00
     180.095     0.998242         2496       568.89
     188.671     0.998437         2497       640.00
     188.671     0.998633         2497       731.43
     191.999     0.998828         2498       853.33
     191.999     0.999023         2498      1024.00
     191.999     0.999121         2498      1137.78
     203.135     0.999219         2499      1280.00
     203.135     0.999316         2499      1462.86
     203.135     0.999414         2499      1706.67
     203.135     0.999512         2499      2048.00
     203.135     0.999561         2499      2275.56
     262.015     0.999609         2500      2560.00
     262.015     1.000000         2500          inf
#[Mean    =       48.684, StdDeviation   =       22.667]
#[Max     =      261.888, Total count    =         2500]
#[Buckets =           27, SubBuckets     =         2048]
-----------------------------------------------------------------------
  2995 requests in 1.00m, 0.89MB read
Requests/sec:     49.91  
Transfer/sec:     15.21KB
