Running 1m test @ http://10.107.164.151/?loopCount=25&base=6&exp=6
  5 threads and 5 connections

  Thread calibration: mean lat.: 1796.473ms, rate sampling interval: 6103ms
  Thread calibration: mean lat.: 1775.813ms, rate sampling interval: 5623ms
  Thread calibration: mean lat.: 1632.772ms, rate sampling interval: 5738ms
  Thread calibration: mean lat.: 1845.743ms, rate sampling interval: 6139ms
  Thread calibration: mean lat.: 1726.530ms, rate sampling interval: 6324ms

-----------------------------------------------------------------------
Test Results @ http://10.107.164.151/?loopCount=25&base=6&exp=6 
  Thread Stats   Avg      Stdev     99%   +/- Stdev
    Latency    11.28s     4.64s   19.42s    57.88%
    Req/Sec     9.67      0.52    11.00    100.00%
  Latency Distribution (HdrHistogram - Recorded Latency)
 50.000%   11.18s 
 75.000%   15.25s 
 90.000%   17.71s 
 99.000%   19.42s 
 99.900%   20.15s 
 99.990%   20.22s 
 99.999%   20.22s 
100.000%   20.22s 

  Detailed Percentile spectrum:
       Value   Percentile   TotalCount 1/(1-Percentile)

    3055.615     0.000000            1         1.00
    4952.063     0.100000          256         1.11
    6443.007     0.200000          511         1.25
    8105.983     0.300000          766         1.43
    9560.063     0.400000         1021         1.67
   11182.079     0.500000         1276         2.00
   12017.663     0.550000         1404         2.22
   12910.591     0.600000         1532         2.50
   13664.255     0.650000         1660         2.86
   14499.839     0.700000         1787         3.33
   15253.503     0.750000         1914         4.00
   15687.679     0.775000         1979         4.44
   16105.471     0.800000         2044         5.00
   16515.071     0.825000         2107         5.71
   16973.823     0.850000         2173         6.67
   17350.655     0.875000         2233         8.00
   17547.263     0.887500         2265         8.89
   17711.103     0.900000         2300        10.00
   17891.327     0.912500         2331        11.43
   18104.319     0.925000         2363        13.33
   18317.311     0.937500         2394        16.00
   18382.847     0.943750         2413        17.78
   18448.383     0.950000         2427        20.00
   18546.687     0.956250         2444        22.86
   18644.991     0.962500         2457        26.67
   18808.831     0.968750         2474        32.00
   18857.983     0.971875         2482        35.56
   18923.519     0.975000         2489        40.00
   19021.823     0.978125         2497        45.71
   19120.127     0.981250         2506        53.33
   19218.431     0.984375         2514        64.00
   19251.199     0.985938         2520        71.11
   19283.967     0.987500         2521        80.00
   19398.655     0.989062         2525        91.43
   19464.191     0.990625         2529       106.67
   19660.799     0.992188         2533       128.00
   19742.719     0.992969         2535       142.22
   19791.871     0.993750         2537       160.00
   19841.023     0.994531         2539       182.86
   19873.791     0.995313         2541       213.33
   19890.175     0.996094         2543       256.00
   19939.327     0.996484         2544       284.44
   19988.479     0.996875         2545       320.00
   20021.247     0.997266         2546       365.71
   20054.015     0.997656         2547       426.67
   20119.551     0.998047         2548       512.00
   20119.551     0.998242         2548       568.89
   20152.319     0.998437         2550       640.00
   20152.319     0.998633         2550       731.43
   20152.319     0.998828         2550       853.33
   20152.319     0.999023         2550      1024.00
   20152.319     0.999121         2550      1137.78
   20185.087     0.999219         2551      1280.00
   20185.087     0.999316         2551      1462.86
   20185.087     0.999414         2551      1706.67
   20185.087     0.999512         2551      2048.00
   20185.087     0.999561         2551      2275.56
   20217.855     0.999609         2552      2560.00
   20217.855     1.000000         2552          inf
#[Mean    =    11282.142, StdDeviation   =     4636.291]
#[Max     =    20201.472, Total count    =         2552]
#[Buckets =           27, SubBuckets     =         2048]
-----------------------------------------------------------------------
  3052 requests in 1.00m, 0.91MB read
Requests/sec:     50.86  
Transfer/sec:     15.52KB
