Running 1m test @ http://10.102.207.185/?loopCount=25&base=6&exp=6
  5 threads and 5 connections

  Thread calibration: mean lat.: 307.999ms, rate sampling interval: 1010ms
  Thread calibration: mean lat.: 232.114ms, rate sampling interval: 1021ms
  Thread calibration: mean lat.: 280.863ms, rate sampling interval: 1023ms
  Thread calibration: mean lat.: 125.629ms, rate sampling interval: 444ms
  Thread calibration: mean lat.: 307.917ms, rate sampling interval: 1060ms

-----------------------------------------------------------------------
Test Results @ http://10.102.207.185/?loopCount=25&base=6&exp=6 
  Thread Stats   Avg      Stdev     99%   +/- Stdev
    Latency   767.70ms  665.02ms   2.61s    73.72%
    Req/Sec     9.02      2.16    13.00     89.80%
  Latency Distribution (HdrHistogram - Recorded Latency)
 50.000%  612.35ms
 75.000%    1.10s 
 90.000%    1.79s 
 99.000%    2.61s 
 99.900%    2.81s 
 99.990%    2.91s 
 99.999%    2.91s 
100.000%    2.91s 

  Detailed Percentile spectrum:
       Value   Percentile   TotalCount 1/(1-Percentile)

      21.823     0.000000            1         1.00
     102.655     0.100000          239         1.11
     130.623     0.200000          479         1.25
     309.503     0.300000          717         1.43
     438.015     0.400000          956         1.67
     612.351     0.500000         1196         2.00
     706.559     0.550000         1315         2.22
     809.983     0.600000         1434         2.50
     842.751     0.650000         1554         2.86
     936.447     0.700000         1673         3.33
    1103.871     0.750000         1798         4.00
    1125.375     0.775000         1853         4.44
    1215.487     0.800000         1912         5.00
    1407.999     0.825000         1972         5.71
    1524.735     0.850000         2032         6.67
    1635.327     0.875000         2092         8.00
    1723.391     0.887500         2122         8.89
    1794.047     0.900000         2151        10.00
    1866.751     0.912500         2181        11.43
    2067.455     0.925000         2212        13.33
    2138.111     0.937500         2242        16.00
    2205.695     0.943750         2262        17.78
    2209.791     0.950000         2271        20.00
    2236.415     0.956250         2286        22.86
    2301.951     0.962500         2301        26.67
    2414.591     0.968750         2316        32.00
    2428.927     0.971875         2323        35.56
    2484.223     0.975000         2331        40.00
    2510.847     0.978125         2338        45.71
    2525.183     0.981250         2347        53.33
    2568.191     0.984375         2354        64.00
    2578.431     0.985938         2357        71.11
    2603.007     0.987500         2361        80.00
    2607.103     0.989062         2364        91.43
    2613.247     0.990625         2368       106.67
    2619.391     0.992188         2372       128.00
    2623.487     0.992969         2374       142.22
    2627.583     0.993750         2376       160.00
    2662.399     0.994531         2377       182.86
    2668.543     0.995313         2380       213.33
    2670.591     0.996094         2381       256.00
    2674.687     0.996484         2382       284.44
    2676.735     0.996875         2383       320.00
    2678.783     0.997266         2384       365.71
    2680.831     0.997656         2385       426.67
    2732.031     0.998047         2386       512.00
    2732.031     0.998242         2386       568.89
    2777.087     0.998437         2387       640.00
    2777.087     0.998633         2387       731.43
    2805.759     0.998828         2388       853.33
    2805.759     0.999023         2388      1024.00
    2805.759     0.999121         2388      1137.78
    2809.855     0.999219         2389      1280.00
    2809.855     0.999316         2389      1462.86
    2809.855     0.999414         2389      1706.67
    2809.855     0.999512         2389      2048.00
    2809.855     0.999561         2389      2275.56
    2914.303     0.999609         2390      2560.00
    2914.303     1.000000         2390          inf
#[Mean    =      767.696, StdDeviation   =      665.019]
#[Max     =     2912.256, Total count    =         2390]
#[Buckets =           27, SubBuckets     =         2048]
-----------------------------------------------------------------------
  2874 requests in 1.00m, 0.86MB read
Requests/sec:     47.90  
Transfer/sec:     14.61KB
