Running 1m test @ http://10.108.208.72/?loopCount=25&base=6&exp=6
  5 threads and 5 connections

  Thread calibration: mean lat.: 200.917ms, rate sampling interval: 567ms
  Thread calibration: mean lat.: 155.036ms, rate sampling interval: 515ms
  Thread calibration: mean lat.: 437.456ms, rate sampling interval: 1129ms
  Thread calibration: mean lat.: 251.499ms, rate sampling interval: 722ms
  Thread calibration: mean lat.: 354.927ms, rate sampling interval: 979ms

-----------------------------------------------------------------------
Test Results @ http://10.108.208.72/?loopCount=25&base=6&exp=6 
  Thread Stats   Avg      Stdev     99%   +/- Stdev
    Latency     1.88s   755.84ms   3.19s    61.85%
    Req/Sec     8.96      1.60    13.00     90.26%
  Latency Distribution (HdrHistogram - Recorded Latency)
 50.000%    1.97s 
 75.000%    2.49s 
 90.000%    2.87s 
 99.000%    3.19s 
 99.900%    3.38s 
 99.990%    3.38s 
 99.999%    3.38s 
100.000%    3.38s 

  Detailed Percentile spectrum:
       Value   Percentile   TotalCount 1/(1-Percentile)

     170.239     0.000000            1         1.00
     757.247     0.100000          238         1.11
    1184.767     0.200000          476         1.25
    1565.695     0.300000          714         1.43
    1760.255     0.400000          953         1.67
    1969.151     0.500000         1193         2.00
    1996.799     0.550000         1309         2.22
    2079.743     0.600000         1428         2.50
    2170.879     0.650000         1560         2.86
    2275.327     0.700000         1669         3.33
    2494.463     0.750000         1787         4.00
    2574.335     0.775000         1846         4.44
    2658.303     0.800000         1910         5.00
    2670.591     0.825000         1965         5.71
    2691.071     0.850000         2023         6.67
    2779.135     0.875000         2083         8.00
    2861.055     0.887500         2114         8.89
    2871.295     0.900000         2145        10.00
    2883.583     0.912500         2178        11.43
    2957.311     0.925000         2202        13.33
    2973.695     0.937500         2232        16.00
    2985.983     0.943750         2251        17.78
    2992.127     0.950000         2261        20.00
    3059.711     0.956250         2277        22.86
    3067.903     0.962500         2294        26.67
    3076.095     0.968750         2307        32.00
    3086.335     0.971875         2316        35.56
    3096.575     0.975000         2321        40.00
    3162.111     0.978125         2328        45.71
    3166.207     0.981250         2337        53.33
    3174.399     0.984375         2345        64.00
    3176.447     0.985938         2348        71.11
    3180.543     0.987500         2353        80.00
    3182.591     0.989062         2354        91.43
    3192.831     0.990625         2359       106.67
    3260.415     0.992188         2362       128.00
    3268.607     0.992969         2364       142.22
    3274.751     0.993750         2366       160.00
    3280.895     0.994531         2367       182.86
    3287.039     0.995313         2369       213.33
    3362.815     0.996094         2371       256.00
    3364.863     0.996484         2372       284.44
    3366.911     0.996875         2373       320.00
    3368.959     0.997266         2375       365.71
    3368.959     0.997656         2375       426.67
    3371.007     0.998047         2376       512.00
    3371.007     0.998242         2376       568.89
    3373.055     0.998437         2377       640.00
    3373.055     0.998633         2377       731.43
    3375.103     0.998828         2380       853.33
    3375.103     1.000000         2380          inf
#[Mean    =     1877.889, StdDeviation   =      755.838]
#[Max     =     3373.056, Total count    =         2380]
#[Buckets =           27, SubBuckets     =         2048]
-----------------------------------------------------------------------
  2857 requests in 1.00m, 0.85MB read
Requests/sec:     47.61  
Transfer/sec:     14.53KB
