Running 1m test @ http://10.110.211.94/?loopCount=25&base=6&exp=6
  5 threads and 5 connections

  Thread calibration: mean lat.: 702.102ms, rate sampling interval: 2533ms
  Thread calibration: mean lat.: 408.069ms, rate sampling interval: 1897ms
  Thread calibration: mean lat.: 723.182ms, rate sampling interval: 2154ms
  Thread calibration: mean lat.: 382.505ms, rate sampling interval: 1572ms
  Thread calibration: mean lat.: 347.271ms, rate sampling interval: 1049ms

-----------------------------------------------------------------------
Test Results @ http://10.110.211.94/?loopCount=25&base=6&exp=6 
  Thread Stats   Avg      Stdev     99%   +/- Stdev
    Latency     2.00s   649.43ms   3.64s    68.93%
    Req/Sec    14.14      1.77    18.00     84.93%
  Latency Distribution (HdrHistogram - Recorded Latency)
 50.000%    1.90s 
 75.000%    2.42s 
 90.000%    2.88s 
 99.000%    3.64s 
 99.900%    3.71s 
 99.990%    3.76s 
 99.999%    3.76s 
100.000%    3.76s 

  Detailed Percentile spectrum:
       Value   Percentile   TotalCount 1/(1-Percentile)

     270.079     0.000000            1         1.00
    1248.255     0.100000          365         1.11
    1453.055     0.200000          732         1.25
    1609.727     0.300000         1096         1.43
    1760.255     0.400000         1460         1.67
    1903.615     0.500000         1825         2.00
    1970.175     0.550000         2008         2.22
    2084.863     0.600000         2192         2.50
    2207.743     0.650000         2375         2.86
    2312.191     0.700000         2557         3.33
    2424.831     0.750000         2739         4.00
    2500.607     0.775000         2830         4.44
    2566.143     0.800000         2922         5.00
    2621.439     0.825000         3015         5.71
    2697.215     0.850000         3105         6.67
    2793.471     0.875000         3196         8.00
    2834.431     0.887500         3243         8.89
    2879.487     0.900000         3285        10.00
    2938.879     0.912500         3331        11.43
    3020.799     0.925000         3381        13.33
    3129.343     0.937500         3423        16.00
    3166.207     0.943750         3445        17.78
    3270.655     0.950000         3468        20.00
    3325.951     0.956250         3491        22.86
    3364.863     0.962500         3515        26.67
    3405.823     0.968750         3536        32.00
    3424.255     0.971875         3549        35.56
    3450.879     0.975000         3559        40.00
    3491.839     0.978125         3571        45.71
    3545.087     0.981250         3582        53.33
    3592.191     0.984375         3594        64.00
    3602.431     0.985938         3599        71.11
    3618.815     0.987500         3605        80.00
    3629.055     0.989062         3611        91.43
    3637.247     0.990625         3616       106.67
    3653.631     0.992188         3622       128.00
    3661.823     0.992969         3625       142.22
    3667.967     0.993750         3628       160.00
    3682.303     0.994531         3632       182.86
    3686.399     0.995313         3636       213.33
    3686.399     0.996094         3636       256.00
    3692.543     0.996484         3638       284.44
    3694.591     0.996875         3639       320.00
    3700.735     0.997266         3641       365.71
    3706.879     0.997656         3642       426.67
    3708.927     0.998047         3644       512.00
    3708.927     0.998242         3644       568.89
    3710.975     0.998437         3646       640.00
    3710.975     0.998633         3646       731.43
    3710.975     0.998828         3646       853.33
    3721.215     0.999023         3647      1024.00
    3721.215     0.999121         3647      1137.78
    3733.503     0.999219         3648      1280.00
    3733.503     0.999316         3648      1462.86
    3733.503     0.999414         3648      1706.67
    3741.695     0.999512         3649      2048.00
    3741.695     0.999561         3649      2275.56
    3741.695     0.999609         3649      2560.00
    3741.695     0.999658         3649      2925.71
    3741.695     0.999707         3649      3413.33
    3762.175     0.999756         3650      4096.00
    3762.175     1.000000         3650          inf
#[Mean    =     1998.826, StdDeviation   =      649.427]
#[Max     =     3760.128, Total count    =         3650]
#[Buckets =           27, SubBuckets     =         2048]
-----------------------------------------------------------------------
  4325 requests in 1.00m, 1.29MB read
Requests/sec:     72.07  
Transfer/sec:     21.97KB
