Running 1m test @ http://10.106.106.124/?loopCount=25&base=6&exp=6
  5 threads and 5 connections

  Thread calibration: mean lat.: 96.647ms, rate sampling interval: 347ms
  Thread calibration: mean lat.: 104.266ms, rate sampling interval: 404ms
  Thread calibration: mean lat.: 105.781ms, rate sampling interval: 470ms
  Thread calibration: mean lat.: 99.193ms, rate sampling interval: 382ms
  Thread calibration: mean lat.: 74.380ms, rate sampling interval: 283ms

-----------------------------------------------------------------------
Test Results @ http://10.106.106.124/?loopCount=25&base=6&exp=6 
  Thread Stats   Avg      Stdev     99%   +/- Stdev
    Latency    96.21ms   68.00ms 342.78ms   86.35%
    Req/Sec     9.46      2.36    15.00     84.39%
  Latency Distribution (HdrHistogram - Recorded Latency)
 50.000%   69.76ms
 75.000%  138.75ms
 90.000%  178.94ms
 99.000%  342.78ms
 99.900%  449.54ms
 99.990%  458.24ms
 99.999%  458.24ms
100.000%  458.24ms

  Detailed Percentile spectrum:
       Value   Percentile   TotalCount 1/(1-Percentile)

      21.855     0.000000            1         1.00
      40.863     0.100000          251         1.11
      42.431     0.200000          500         1.25
      53.791     0.300000          751         1.43
      61.951     0.400000         1001         1.67
      69.759     0.500000         1261         2.00
      74.943     0.550000         1376         2.22
      81.087     0.600000         1500         2.50
      86.719     0.650000         1625         2.86
      98.303     0.700000         1750         3.33
     138.751     0.750000         1877         4.00
     141.439     0.775000         1939         4.44
     145.023     0.800000         2000         5.00
     148.607     0.825000         2062         5.71
     154.495     0.850000         2126         6.67
     162.943     0.875000         2189         8.00
     169.215     0.887500         2218         8.89
     179.071     0.900000         2250        10.00
     187.519     0.912500         2282        11.43
     234.367     0.925000         2312        13.33
     239.871     0.937500         2343        16.00
     242.431     0.943750         2359        17.78
     246.911     0.950000         2375        20.00
     250.239     0.956250         2390        22.86
     255.103     0.962500         2406        26.67
     265.983     0.968750         2421        32.00
     271.103     0.971875         2429        35.56
     277.759     0.975000         2437        40.00
     285.439     0.978125         2445        45.71
     294.655     0.981250         2454        53.33
     335.615     0.984375         2460        64.00
     337.151     0.985938         2464        71.11
     339.967     0.987500         2468        80.00
     340.991     0.989062         2473        91.43
     344.319     0.990625         2476       106.67
     351.999     0.992188         2480       128.00
     353.023     0.992969         2482       142.22
     353.791     0.993750         2484       160.00
     354.815     0.994531         2486       182.86
     360.191     0.995313         2488       213.33
     379.647     0.996094         2490       256.00
     383.487     0.996484         2491       284.44
     385.791     0.996875         2492       320.00
     396.799     0.997266         2493       365.71
     434.943     0.997656         2494       426.67
     435.199     0.998047         2495       512.00
     435.199     0.998242         2495       568.89
     439.295     0.998437         2496       640.00
     439.295     0.998633         2496       731.43
     449.535     0.998828         2497       853.33
     449.535     0.999023         2497      1024.00
     449.535     0.999121         2497      1137.78
     456.703     0.999219         2498      1280.00
     456.703     0.999316         2498      1462.86
     456.703     0.999414         2498      1706.67
     456.703     0.999512         2498      2048.00
     456.703     0.999561         2498      2275.56
     458.239     0.999609         2499      2560.00
     458.239     1.000000         2499          inf
#[Mean    =       96.214, StdDeviation   =       68.000]
#[Max     =      457.984, Total count    =         2499]
#[Buckets =           27, SubBuckets     =         2048]
-----------------------------------------------------------------------
  2993 requests in 1.00m, 0.89MB read
Requests/sec:     49.88  
Transfer/sec:     15.21KB
