Running 1m test @ http://10.108.10.66/?loopCount=25&base=6&exp=6
  5 threads and 5 connections

  Thread calibration: mean lat.: 320.506ms, rate sampling interval: 1454ms
  Thread calibration: mean lat.: 307.307ms, rate sampling interval: 1027ms
  Thread calibration: mean lat.: 597.908ms, rate sampling interval: 1861ms
  Thread calibration: mean lat.: 264.690ms, rate sampling interval: 1091ms
  Thread calibration: mean lat.: 253.203ms, rate sampling interval: 1256ms

-----------------------------------------------------------------------
Test Results @ http://10.108.10.66/?loopCount=25&base=6&exp=6 
  Thread Stats   Avg      Stdev     99%   +/- Stdev
    Latency     2.51s     1.02s    4.43s    61.11%
    Req/Sec     8.81      1.34    11.00     94.79%
  Latency Distribution (HdrHistogram - Recorded Latency)
 50.000%    2.35s 
 75.000%    3.42s 
 90.000%    3.92s 
 99.000%    4.43s 
 99.900%    4.82s 
 99.990%    4.83s 
 99.999%    4.83s 
100.000%    4.83s 

  Detailed Percentile spectrum:
       Value   Percentile   TotalCount 1/(1-Percentile)

     713.215     0.000000            1         1.00
    1122.303     0.100000          234         1.11
    1529.855     0.200000          464         1.25
    1830.911     0.300000          697         1.43
    2023.423     0.400000          929         1.67
    2347.007     0.500000         1161         2.00
    2650.111     0.550000         1275         2.22
    2844.671     0.600000         1391         2.50
    3024.895     0.650000         1509         2.86
    3217.407     0.700000         1623         3.33
    3416.063     0.750000         1740         4.00
    3493.887     0.775000         1796         4.44
    3540.991     0.800000         1854         5.00
    3639.295     0.825000         1913         5.71
    3743.743     0.850000         1973         6.67
    3829.759     0.875000         2028         8.00
    3848.191     0.887500         2059         8.89
    3921.919     0.900000         2087        10.00
    3942.399     0.912500         2116        11.43
    4030.463     0.925000         2148        13.33
    4116.479     0.937500         2177        16.00
    4120.575     0.943750         2191        17.78
    4132.863     0.950000         2204        20.00
    4145.151     0.956250         2217        22.86
    4218.879     0.962500         2236        26.67
    4222.975     0.968750         2245        32.00
    4227.071     0.971875         2253        35.56
    4317.183     0.975000         2260        40.00
    4333.567     0.978125         2273        45.71
    4337.663     0.981250         2276        53.33
    4345.855     0.984375         2283        64.00
    4415.487     0.985938         2286        71.11
    4419.583     0.987500         2291        80.00
    4423.679     0.989062         2292        91.43
    4431.871     0.990625         2297       106.67
    4435.967     0.992188         2299       128.00
    4534.271     0.992969         2301       142.22
    4624.383     0.993750         2303       160.00
    4722.687     0.994531         2306       182.86
    4726.783     0.995313         2307       213.33
    4730.879     0.996094         2309       256.00
    4730.879     0.996484         2309       284.44
    4734.975     0.996875         2312       320.00
    4734.975     0.997266         2312       365.71
    4734.975     0.997656         2312       426.67
    4739.071     0.998047         2313       512.00
    4739.071     0.998242         2313       568.89
    4812.799     0.998437         2314       640.00
    4812.799     0.998633         2314       731.43
    4816.895     0.998828         2315       853.33
    4816.895     0.999023         2315      1024.00
    4816.895     0.999121         2315      1137.78
    4825.087     0.999219         2316      1280.00
    4825.087     0.999316         2316      1462.86
    4825.087     0.999414         2316      1706.67
    4825.087     0.999512         2316      2048.00
    4825.087     0.999561         2316      2275.56
    4833.279     0.999609         2317      2560.00
    4833.279     1.000000         2317          inf
#[Mean    =     2509.997, StdDeviation   =     1022.143]
#[Max     =     4829.184, Total count    =         2317]
#[Buckets =           27, SubBuckets     =         2048]
-----------------------------------------------------------------------
  2773 requests in 1.00m, 846.20KB read
Requests/sec:     46.21  
Transfer/sec:     14.10KB
