Running 1m test @ http://10.105.168.171/?loopCount=25&base=6&exp=6
  1 threads and 1 connections

  Thread calibration: mean lat.: 912.433ms, rate sampling interval: 3305ms

-----------------------------------------------------------------------
Test Results @ http://10.105.168.171/?loopCount=25&base=6&exp=6 
  Thread Stats   Avg      Stdev     99%   +/- Stdev
    Latency     7.39s     2.91s   12.46s    62.96%
    Req/Sec    19.27      1.34    22.00     86.67%
  Latency Distribution (HdrHistogram - Recorded Latency)
 50.000%    7.59s 
 75.000%    9.58s 
 90.000%   11.32s 
 99.000%   12.46s 
 99.900%   12.64s 
 99.990%   12.64s 
 99.999%   12.64s 
100.000%   12.64s 

  Detailed Percentile spectrum:
       Value   Percentile   TotalCount 1/(1-Percentile)

    2154.495     0.000000            2         1.00
    3358.719     0.100000           99         1.11
    4345.855     0.200000          200         1.25
    5283.839     0.300000          300         1.43
    6848.511     0.400000          396         1.67
    7589.887     0.500000          495         2.00
    7925.759     0.550000          545         2.22
    8658.943     0.600000          593         2.50
    9093.119     0.650000          646         2.86
    9420.799     0.700000          706         3.33
    9576.447     0.750000          744         4.00
    9682.943     0.775000          771         4.44
   10076.159     0.800000          792         5.00
   10141.695     0.825000          816         5.71
   10403.839     0.850000          840         6.67
   10993.663     0.875000          865         8.00
   11182.079     0.887500          881         8.89
   11378.687     0.900000          893        10.00
   11616.255     0.912500          903        11.43
   11722.751     0.925000          914        13.33
   12017.663     0.937500          929        16.00
   12148.735     0.943750          934        17.78
   12206.079     0.950000          950        20.00
   12206.079     0.956250          950        22.86
   12230.655     0.962500          953        26.67
   12345.343     0.968750          962        32.00
   12345.343     0.971875          962        35.56
   12361.727     0.975000          966        40.00
   12419.071     0.978125          967        45.71
   12451.839     0.981250          972        53.33
   12460.031     0.984375          978        64.00
   12460.031     0.985938          978        71.11
   12460.031     0.987500          978        80.00
   12460.031     0.989062          978        91.43
   12468.223     0.990625          979       106.67
   12550.143     0.992188          982       128.00
   12550.143     0.992969          982       142.22
   12550.143     0.993750          982       160.00
   12558.335     0.994531          983       182.86
   12615.679     0.995313          985       213.33
   12615.679     0.996094          985       256.00
   12615.679     0.996484          985       284.44
   12615.679     0.996875          985       320.00
   12640.255     0.997266          988       365.71
   12640.255     1.000000          988          inf
#[Mean    =     7394.056, StdDeviation   =     2905.254]
#[Max     =    12632.064, Total count    =          988]
#[Buckets =           27, SubBuckets     =         2048]
-----------------------------------------------------------------------
  1184 requests in 1.00m, 360.78KB read
Requests/sec:     19.73  
Transfer/sec:      6.01KB
