Running 1m test @ http://10.106.127.105/?loopCount=25&base=6&exp=6
  5 threads and 5 connections

  Thread calibration: mean lat.: 188.571ms, rate sampling interval: 603ms
  Thread calibration: mean lat.: 652.663ms, rate sampling interval: 1719ms
  Thread calibration: mean lat.: 592.416ms, rate sampling interval: 1543ms
  Thread calibration: mean lat.: 703.492ms, rate sampling interval: 1703ms
  Thread calibration: mean lat.: 420.784ms, rate sampling interval: 1533ms

-----------------------------------------------------------------------
Test Results @ http://10.106.127.105/?loopCount=25&base=6&exp=6 
  Thread Stats   Avg      Stdev     99%   +/- Stdev
    Latency   196.04ms  232.16ms 953.85ms   85.72%
    Req/Sec    14.56      1.33    18.00     90.69%
  Latency Distribution (HdrHistogram - Recorded Latency)
 50.000%   90.18ms
 75.000%  215.81ms
 90.000%  626.69ms
 99.000%  953.85ms
 99.900%    1.01s 
 99.990%    1.04s 
 99.999%    1.04s 
100.000%    1.04s 

  Detailed Percentile spectrum:
       Value   Percentile   TotalCount 1/(1-Percentile)

      21.055     0.000000            1         1.00
      40.703     0.100000          401         1.11
      42.303     0.200000          758         1.25
      53.503     0.300000         1137         1.43
      72.063     0.400000         1516         1.67
      90.175     0.500000         1896         2.00
     107.967     0.550000         2086         2.22
     123.647     0.600000         2274         2.50
     150.015     0.650000         2463         2.86
     179.839     0.700000         2653         3.33
     215.807     0.750000         2842         4.00
     242.815     0.775000         2938         4.44
     282.879     0.800000         3032         5.00
     345.855     0.825000         3126         5.71
     408.063     0.850000         3221         6.67
     503.807     0.875000         3316         8.00
     560.127     0.887500         3363         8.89
     627.711     0.900000         3411        10.00
     677.375     0.912500         3458        11.43
     701.439     0.925000         3505        13.33
     722.431     0.937500         3554        16.00
     733.183     0.943750         3576        17.78
     751.615     0.950000         3603        20.00
     770.559     0.956250         3624        22.86
     809.471     0.962500         3647        26.67
     848.383     0.968750         3673        32.00
     864.767     0.971875         3683        35.56
     884.223     0.975000         3695        40.00
     909.311     0.978125         3708        45.71
     918.015     0.981250         3718        53.33
     936.447     0.984375         3731        64.00
     941.055     0.985938         3737        71.11
     945.663     0.987500         3743        80.00
     951.807     0.989062         3749        91.43
     956.927     0.990625         3754       106.67
     967.167     0.992188         3760       128.00
     971.263     0.992969         3763       142.22
     974.847     0.993750         3767       160.00
     979.455     0.994531         3769       182.86
     982.015     0.995313         3772       213.33
     984.063     0.996094         3775       256.00
     984.575     0.996484         3776       284.44
     988.671     0.996875         3778       320.00
     990.207     0.997266         3779       365.71
     992.767     0.997656         3781       426.67
     994.303     0.998047         3782       512.00
     999.423     0.998242         3783       568.89
    1000.959     0.998437         3784       640.00
    1000.959     0.998633         3784       731.43
    1008.127     0.998828         3785       853.33
    1015.295     0.999023         3786      1024.00
    1015.295     0.999121         3786      1137.78
    1016.831     0.999219         3787      1280.00
    1016.831     0.999316         3787      1462.86
    1016.831     0.999414         3787      1706.67
    1017.855     0.999512         3788      2048.00
    1017.855     0.999561         3788      2275.56
    1017.855     0.999609         3788      2560.00
    1017.855     0.999658         3788      2925.71
    1017.855     0.999707         3788      3413.33
    1041.919     0.999756         3789      4096.00
    1041.919     1.000000         3789          inf
#[Mean    =      196.038, StdDeviation   =      232.161]
#[Max     =     1041.408, Total count    =         3789]
#[Buckets =           27, SubBuckets     =         2048]
-----------------------------------------------------------------------
  4493 requests in 1.00m, 1.34MB read
Requests/sec:     74.88  
Transfer/sec:     22.82KB
