Running 1m test @ http://10.108.208.72/?loopCount=25&base=6&exp=6
  1 threads and 1 connections

  Thread calibration: mean lat.: 52.068ms, rate sampling interval: 125ms

-----------------------------------------------------------------------
Test Results @ http://10.108.208.72/?loopCount=25&base=6&exp=6 
  Thread Stats   Avg      Stdev     99%   +/- Stdev
    Latency   138.84ms   74.66ms 266.24ms   51.13%
    Req/Sec    24.89      2.52    32.00     88.72%
  Latency Distribution (HdrHistogram - Recorded Latency)
 50.000%  142.72ms
 75.000%  204.29ms
 90.000%  243.71ms
 99.000%  266.24ms
 99.900%  270.59ms
 99.990%  270.85ms
 99.999%  270.85ms
100.000%  270.85ms

  Detailed Percentile spectrum:
       Value   Percentile   TotalCount 1/(1-Percentile)

      35.327     0.000000            1         1.00
      50.495     0.100000          125         1.11
      59.231     0.200000          249         1.25
      66.239     0.300000          377         1.43
      89.215     0.400000          499         1.67
     142.719     0.500000          622         2.00
     163.967     0.550000          685         2.22
     175.999     0.600000          749         2.50
     185.215     0.650000          809         2.86
     194.943     0.700000          871         3.33
     204.287     0.750000          934         4.00
     208.767     0.775000          965         4.44
     215.679     0.800000          996         5.00
     221.823     0.825000         1027         5.71
     230.783     0.850000         1060         6.67
     238.079     0.875000         1089         8.00
     240.511     0.887500         1105         8.89
     243.711     0.900000         1120        10.00
     246.399     0.912500         1136        11.43
     248.447     0.925000         1151        13.33
     250.879     0.937500         1168        16.00
     252.159     0.943750         1175        17.78
     253.183     0.950000         1183        20.00
     253.951     0.956250         1190        22.86
     255.487     0.962500         1200        26.67
     256.511     0.968750         1206        32.00
     257.279     0.971875         1210        35.56
     258.047     0.975000         1213        40.00
     259.199     0.978125         1217        45.71
     260.351     0.981250         1221        53.33
     261.631     0.984375         1226        64.00
     262.015     0.985938         1227        71.11
     263.423     0.987500         1229        80.00
     264.703     0.989062         1231        91.43
     266.239     0.990625         1233       106.67
     268.031     0.992188         1235       128.00
     268.287     0.992969         1236       142.22
     268.799     0.993750         1238       160.00
     268.799     0.994531         1238       182.86
     269.055     0.995313         1239       213.33
     269.823     0.996094         1240       256.00
     269.823     0.996484         1240       284.44
     270.335     0.996875         1242       320.00
     270.335     0.997266         1242       365.71
     270.335     0.997656         1242       426.67
     270.335     0.998047         1242       512.00
     270.335     0.998242         1242       568.89
     270.591     0.998437         1243       640.00
     270.591     0.998633         1243       731.43
     270.591     0.998828         1243       853.33
     270.591     0.999023         1243      1024.00
     270.591     0.999121         1243      1137.78
     270.847     0.999219         1244      1280.00
     270.847     1.000000         1244          inf
#[Mean    =      138.839, StdDeviation   =       74.657]
#[Max     =      270.592, Total count    =         1244]
#[Buckets =           27, SubBuckets     =         2048]
-----------------------------------------------------------------------
  1493 requests in 1.00m, 454.90KB read
Requests/sec:     24.88  
Transfer/sec:      7.58KB
