Running 1m test @ http://10.99.199.129/?loopCount=25&base=6&exp=6
  5 threads and 5 connections

  Thread calibration: mean lat.: 75.697ms, rate sampling interval: 249ms
  Thread calibration: mean lat.: 77.356ms, rate sampling interval: 253ms
  Thread calibration: mean lat.: 99.230ms, rate sampling interval: 372ms
  Thread calibration: mean lat.: 96.537ms, rate sampling interval: 337ms
  Thread calibration: mean lat.: 122.368ms, rate sampling interval: 400ms

-----------------------------------------------------------------------
Test Results @ http://10.99.199.129/?loopCount=25&base=6&exp=6 
  Thread Stats   Avg      Stdev     99%   +/- Stdev
    Latency    73.70ms   42.41ms 218.24ms   84.95%
    Req/Sec    14.53      2.38    20.00     79.95%
  Latency Distribution (HdrHistogram - Recorded Latency)
 50.000%   61.06ms
 75.000%   92.42ms
 90.000%  129.02ms
 99.000%  218.24ms
 99.900%  335.10ms
 99.990%  360.96ms
 99.999%  360.96ms
100.000%  360.96ms

  Detailed Percentile spectrum:
       Value   Percentile   TotalCount 1/(1-Percentile)

      21.871     0.000000            1         1.00
      40.511     0.100000          387         1.11
      41.151     0.200000          754         1.25
      42.335     0.300000         1129         1.43
      51.231     0.400000         1500         1.67
      61.055     0.500000         1877         2.00
      66.367     0.550000         2061         2.22
      69.887     0.600000         2249         2.50
      76.415     0.650000         2439         2.86
      83.199     0.700000         2624         3.33
      92.479     0.750000         2811         4.00
      95.551     0.775000         2904         4.44
     100.927     0.800000         2998         5.00
     106.047     0.825000         3092         5.71
     111.423     0.850000         3185         6.67
     119.039     0.875000         3281         8.00
     125.055     0.887500         3328         8.89
     129.023     0.900000         3373        10.00
     134.271     0.912500         3420        11.43
     137.983     0.925000         3466        13.33
     145.279     0.937500         3513        16.00
     151.167     0.943750         3537        17.78
     157.695     0.950000         3560        20.00
     161.919     0.956250         3584        22.86
     168.063     0.962500         3607        26.67
     174.719     0.968750         3631        32.00
     179.071     0.971875         3642        35.56
     183.551     0.975000         3655        40.00
     189.439     0.978125         3666        45.71
     197.759     0.981250         3677        53.33
     202.751     0.984375         3689        64.00
     204.671     0.985938         3695        71.11
     208.767     0.987500         3702        80.00
     212.351     0.989062         3707        91.43
     228.351     0.990625         3712       106.67
     234.751     0.992188         3718       128.00
     241.151     0.992969         3721       142.22
     248.319     0.993750         3724       160.00
     263.679     0.994531         3727       182.86
     270.591     0.995313         3730       213.33
     297.471     0.996094         3733       256.00
     302.591     0.996484         3734       284.44
     319.487     0.996875         3736       320.00
     323.327     0.997266         3737       365.71
     327.679     0.997656         3739       426.67
     332.287     0.998047         3740       512.00
     333.567     0.998242         3741       568.89
     334.079     0.998437         3742       640.00
     334.079     0.998633         3742       731.43
     335.103     0.998828         3743       853.33
     338.943     0.999023         3744      1024.00
     338.943     0.999121         3744      1137.78
     344.831     0.999219         3745      1280.00
     344.831     0.999316         3745      1462.86
     344.831     0.999414         3745      1706.67
     359.423     0.999512         3746      2048.00
     359.423     0.999561         3746      2275.56
     359.423     0.999609         3746      2560.00
     359.423     0.999658         3746      2925.71
     359.423     0.999707         3746      3413.33
     360.959     0.999756         3747      4096.00
     360.959     1.000000         3747          inf
#[Mean    =       73.695, StdDeviation   =       42.407]
#[Max     =      360.704, Total count    =         3747]
#[Buckets =           27, SubBuckets     =         2048]
-----------------------------------------------------------------------
  4488 requests in 1.00m, 1.34MB read
Requests/sec:     74.79  
Transfer/sec:     22.79KB
