Running 1m test @ http://10.102.255.30/?loopCount=25&base=6&exp=6
  5 threads and 5 connections

  Thread calibration: mean lat.: 64.069ms, rate sampling interval: 217ms
  Thread calibration: mean lat.: 60.800ms, rate sampling interval: 217ms
  Thread calibration: mean lat.: 55.646ms, rate sampling interval: 208ms
  Thread calibration: mean lat.: 47.618ms, rate sampling interval: 148ms
  Thread calibration: mean lat.: 55.831ms, rate sampling interval: 222ms

-----------------------------------------------------------------------
Test Results @ http://10.102.255.30/?loopCount=25&base=6&exp=6 
  Thread Stats   Avg      Stdev     99%   +/- Stdev
    Latency    48.27ms   21.78ms 122.94ms   87.19%
    Req/Sec     9.56      2.59    14.00     94.37%
  Latency Distribution (HdrHistogram - Recorded Latency)
 50.000%   41.89ms
 75.000%   42.88ms
 90.000%   81.15ms
 99.000%  122.94ms
 99.900%  161.92ms
 99.990%  162.18ms
 99.999%  162.18ms
100.000%  162.18ms

  Detailed Percentile spectrum:
       Value   Percentile   TotalCount 1/(1-Percentile)

      21.711     0.000000            1         1.00
      38.687     0.100000          252         1.11
      40.607     0.200000          511         1.25
      41.183     0.300000          761         1.43
      41.535     0.400000         1019         1.67
      41.887     0.500000         1263         2.00
      42.047     0.550000         1383         2.22
      42.239     0.600000         1507         2.50
      42.431     0.650000         1645         2.86
      42.655     0.700000         1766         3.33
      42.879     0.750000         1879         4.00
      43.039     0.775000         1940         4.44
      43.263     0.800000         2002         5.00
      43.647     0.825000         2065         5.71
      45.407     0.850000         2124         6.67
      50.975     0.875000         2186         8.00
      58.559     0.887500         2217         8.89
      81.279     0.900000         2249        10.00
     101.119     0.912500         2282        11.43
     103.615     0.925000         2311        13.33
     106.111     0.937500         2342        16.00
     108.159     0.943750         2358        17.78
     109.631     0.950000         2374        20.00
     111.487     0.956250         2389        22.86
     112.767     0.962500         2405        26.67
     113.983     0.968750         2420        32.00
     116.159     0.971875         2428        35.56
     117.055     0.975000         2437        40.00
     118.271     0.978125         2444        45.71
     119.743     0.981250         2452        53.33
     120.895     0.984375         2460        64.00
     121.151     0.985938         2463        71.11
     121.663     0.987500         2467        80.00
     122.687     0.989062         2471        91.43
     123.455     0.990625         2476       106.67
     125.823     0.992188         2479       128.00
     126.399     0.992969         2481       142.22
     127.103     0.993750         2483       160.00
     127.999     0.994531         2485       182.86
     131.327     0.995313         2488       213.33
     131.711     0.996094         2489       256.00
     133.119     0.996484         2490       284.44
     134.399     0.996875         2491       320.00
     135.935     0.997266         2492       365.71
     138.751     0.997656         2493       426.67
     161.407     0.998047         2494       512.00
     161.407     0.998242         2494       568.89
     161.535     0.998437         2495       640.00
     161.535     0.998633         2495       731.43
     161.919     0.998828         2496       853.33
     161.919     0.999023         2496      1024.00
     161.919     0.999121         2496      1137.78
     162.175     0.999219         2498      1280.00
     162.175     1.000000         2498          inf
#[Mean    =       48.267, StdDeviation   =       21.777]
#[Max     =      162.048, Total count    =         2498]
#[Buckets =           27, SubBuckets     =         2048]
-----------------------------------------------------------------------
  2993 requests in 1.00m, 0.89MB read
Requests/sec:     49.88  
Transfer/sec:     15.20KB
