Running 1m test @ http://10.111.78.179/?loopCount=25&base=6&exp=6
  5 threads and 5 connections

  Thread calibration: mean lat.: 63.163ms, rate sampling interval: 207ms
  Thread calibration: mean lat.: 60.147ms, rate sampling interval: 161ms
  Thread calibration: mean lat.: 70.385ms, rate sampling interval: 312ms
  Thread calibration: mean lat.: 60.538ms, rate sampling interval: 176ms
  Thread calibration: mean lat.: 89.185ms, rate sampling interval: 336ms

-----------------------------------------------------------------------
Test Results @ http://10.111.78.179/?loopCount=25&base=6&exp=6 
  Thread Stats   Avg      Stdev     99%   +/- Stdev
    Latency    61.30ms   43.02ms 226.18ms   90.20%
    Req/Sec     9.46      2.57    17.00     87.65%
  Latency Distribution (HdrHistogram - Recorded Latency)
 50.000%   43.42ms
 75.000%   65.18ms
 90.000%   99.26ms
 99.000%  226.18ms
 99.900%  461.05ms
 99.990%  469.76ms
 99.999%  469.76ms
100.000%  469.76ms

  Detailed Percentile spectrum:
       Value   Percentile   TotalCount 1/(1-Percentile)

      22.191     0.000000            1         1.00
      38.719     0.100000          250         1.11
      41.087     0.200000          501         1.25
      41.759     0.300000          751         1.43
      42.527     0.400000         1002         1.67
      43.423     0.500000         1252         2.00
      44.639     0.550000         1375         2.22
      51.135     0.600000         1500         2.50
      60.031     0.650000         1625         2.86
      61.983     0.700000         1750         3.33
      65.183     0.750000         1875         4.00
      68.415     0.775000         1938         4.44
      70.207     0.800000         2004         5.00
      74.047     0.825000         2063         5.71
      80.511     0.850000         2125         6.67
      87.167     0.875000         2188         8.00
      92.351     0.887500         2219         8.89
      99.263     0.900000         2251        10.00
     114.175     0.912500         2282        11.43
     118.207     0.925000         2313        13.33
     124.159     0.937500         2344        16.00
     128.383     0.943750         2360        17.78
     132.223     0.950000         2376        20.00
     138.751     0.956250         2391        22.86
     148.223     0.962500         2407        26.67
     159.999     0.968750         2422        32.00
     163.199     0.971875         2430        35.56
     167.807     0.975000         2438        40.00
     175.103     0.978125         2446        45.71
     213.503     0.981250         2454        53.33
     218.111     0.984375         2461        64.00
     219.903     0.985938         2465        71.11
     221.823     0.987500         2469        80.00
     225.663     0.989062         2473        91.43
     231.167     0.990625         2477       106.67
     275.711     0.992188         2481       128.00
     284.671     0.992969         2483       142.22
     301.311     0.993750         2485       160.00
     358.399     0.994531         2487       182.86
     367.103     0.995313         2489       213.33
     375.295     0.996094         2491       256.00
     380.159     0.996484         2492       284.44
     383.999     0.996875         2493       320.00
     390.655     0.997266         2494       365.71
     391.935     0.997656         2495       426.67
     410.367     0.998047         2496       512.00
     410.367     0.998242         2496       568.89
     460.031     0.998437         2497       640.00
     460.031     0.998633         2497       731.43
     461.055     0.998828         2498       853.33
     461.055     0.999023         2498      1024.00
     461.055     0.999121         2498      1137.78
     464.895     0.999219         2499      1280.00
     464.895     0.999316         2499      1462.86
     464.895     0.999414         2499      1706.67
     464.895     0.999512         2499      2048.00
     464.895     0.999561         2499      2275.56
     469.759     0.999609         2500      2560.00
     469.759     1.000000         2500          inf
#[Mean    =       61.299, StdDeviation   =       43.020]
#[Max     =      469.504, Total count    =         2500]
#[Buckets =           27, SubBuckets     =         2048]
-----------------------------------------------------------------------
  2995 requests in 1.00m, 0.89MB read
Requests/sec:     49.91  
Transfer/sec:     15.21KB
