Running 1m test @ http://10.108.208.72/?loopCount=25&base=6&exp=6
  5 threads and 5 connections

  Thread calibration: mean lat.: 108.298ms, rate sampling interval: 402ms
  Thread calibration: mean lat.: 84.094ms, rate sampling interval: 228ms
  Thread calibration: mean lat.: 114.712ms, rate sampling interval: 559ms
  Thread calibration: mean lat.: 85.904ms, rate sampling interval: 218ms
  Thread calibration: mean lat.: 115.693ms, rate sampling interval: 575ms

-----------------------------------------------------------------------
Test Results @ http://10.108.208.72/?loopCount=25&base=6&exp=6 
  Thread Stats   Avg      Stdev     99%   +/- Stdev
    Latency    78.36ms   46.57ms 214.27ms   79.49%
    Req/Sec     9.42      2.28    13.00     76.84%
  Latency Distribution (HdrHistogram - Recorded Latency)
 50.000%   85.06ms
 75.000%   95.29ms
 90.000%  112.64ms
 99.000%  214.27ms
 99.900%  404.99ms
 99.990%  406.02ms
 99.999%  406.02ms
100.000%  406.02ms

  Detailed Percentile spectrum:
       Value   Percentile   TotalCount 1/(1-Percentile)

      21.423     0.000000            1         1.00
      29.999     0.100000          250         1.11
      37.695     0.200000          499         1.25
      41.471     0.300000          748         1.43
      81.599     0.400000          998         1.67
      85.055     0.500000         1246         2.00
      86.079     0.550000         1372         2.22
      88.575     0.600000         1496         2.50
      91.391     0.650000         1621         2.86
      93.631     0.700000         1748         3.33
      95.295     0.750000         1870         4.00
      97.791     0.775000         1932         4.44
      99.903     0.800000         1994         5.00
     101.951     0.825000         2057         5.71
     103.679     0.850000         2119         6.67
     108.159     0.875000         2181         8.00
     110.207     0.887500         2212         8.89
     112.639     0.900000         2244        10.00
     116.159     0.912500         2274        11.43
     120.063     0.925000         2306        13.33
     181.759     0.937500         2337        16.00
     183.295     0.943750         2352        17.78
     185.727     0.950000         2368        20.00
     188.927     0.956250         2383        22.86
     193.023     0.962500         2400        26.67
     195.327     0.968750         2415        32.00
     197.375     0.971875         2422        35.56
     198.783     0.975000         2431        40.00
     199.935     0.978125         2439        45.71
     201.343     0.981250         2447        53.33
     203.391     0.984375         2454        64.00
     203.647     0.985938         2457        71.11
     209.023     0.987500         2461        80.00
     211.967     0.989062         2465        91.43
     216.319     0.990625         2469       106.67
     282.111     0.992188         2475       128.00
     282.111     0.992969         2475       142.22
     283.135     0.993750         2477       160.00
     284.415     0.994531         2479       182.86
     285.439     0.995313         2481       213.33
     288.255     0.996094         2483       256.00
     292.607     0.996484         2484       284.44
     293.887     0.996875         2485       320.00
     312.575     0.997266         2486       365.71
     386.815     0.997656         2487       426.67
     392.191     0.998047         2488       512.00
     392.191     0.998242         2488       568.89
     396.799     0.998437         2489       640.00
     396.799     0.998633         2489       731.43
     404.991     0.998828         2490       853.33
     404.991     0.999023         2490      1024.00
     404.991     0.999121         2490      1137.78
     406.015     0.999219         2492      1280.00
     406.015     1.000000         2492          inf
#[Mean    =       78.364, StdDeviation   =       46.572]
#[Max     =      405.760, Total count    =         2492]
#[Buckets =           27, SubBuckets     =         2048]
-----------------------------------------------------------------------
  2989 requests in 1.00m, 0.89MB read
Requests/sec:     49.81  
Transfer/sec:     15.18KB
