Running 1m test @ http://10.105.168.171/?loopCount=25&base=6&exp=6
  5 threads and 5 connections

  Thread calibration: mean lat.: 562.869ms, rate sampling interval: 1795ms
  Thread calibration: mean lat.: 460.201ms, rate sampling interval: 1325ms
  Thread calibration: mean lat.: 192.236ms, rate sampling interval: 712ms
  Thread calibration: mean lat.: 448.024ms, rate sampling interval: 1111ms
  Thread calibration: mean lat.: 465.020ms, rate sampling interval: 1157ms

-----------------------------------------------------------------------
Test Results @ http://10.105.168.171/?loopCount=25&base=6&exp=6 
  Thread Stats   Avg      Stdev     99%   +/- Stdev
    Latency     2.57s     1.53s    5.69s    61.06%
    Req/Sec    13.43      2.07    18.00     86.94%
  Latency Distribution (HdrHistogram - Recorded Latency)
 50.000%    2.14s 
 75.000%    3.93s 
 90.000%    4.97s 
 99.000%    5.69s 
 99.900%    5.84s 
 99.990%    5.87s 
 99.999%    5.87s 
100.000%    5.87s 

  Detailed Percentile spectrum:
       Value   Percentile   TotalCount 1/(1-Percentile)

      95.103     0.000000            1         1.00
     763.391     0.100000          347         1.11
    1143.807     0.200000          694         1.25
    1409.023     0.300000         1039         1.43
    1872.895     0.400000         1385         1.67
    2140.159     0.500000         1734         2.00
    2385.919     0.550000         1905         2.22
    2789.375     0.600000         2078         2.50
    3008.511     0.650000         2251         2.86
    3301.375     0.700000         2424         3.33
    3926.015     0.750000         2597         4.00
    4093.951     0.775000         2684         4.44
    4222.975     0.800000         2771         5.00
    4427.775     0.825000         2858         5.71
    4669.439     0.850000         2943         6.67
    4845.567     0.875000         3031         8.00
    4931.583     0.887500         3076         8.89
    4968.447     0.900000         3116        10.00
    5013.503     0.912500         3162        11.43
    5066.751     0.925000         3204        13.33
    5124.095     0.937500         3246        16.00
    5185.535     0.943750         3268        17.78
    5316.607     0.950000         3289        20.00
    5459.967     0.956250         3311        22.86
    5533.695     0.962500         3333        26.67
    5574.655     0.968750         3356        32.00
    5595.135     0.971875         3366        35.56
    5615.615     0.975000         3379        40.00
    5627.903     0.978125         3387        45.71
    5644.287     0.981250         3398        53.33
    5656.575     0.984375         3410        64.00
    5660.671     0.985938         3416        71.11
    5664.767     0.987500         3419        80.00
    5677.055     0.989062         3425        91.43
    5718.015     0.990625         3430       106.67
    5771.263     0.992188         3435       128.00
    5783.551     0.992969         3439       142.22
    5791.743     0.993750         3441       160.00
    5799.935     0.994531         3444       182.86
    5808.127     0.995313         3446       213.33
    5816.319     0.996094         3450       256.00
    5816.319     0.996484         3450       284.44
    5824.511     0.996875         3452       320.00
    5828.607     0.997266         3454       365.71
    5828.607     0.997656         3454       426.67
    5840.895     0.998047         3456       512.00
    5840.895     0.998242         3456       568.89
    5844.991     0.998437         3460       640.00
    5844.991     0.998633         3460       731.43
    5844.991     0.998828         3460       853.33
    5844.991     0.999023         3460      1024.00
    5844.991     0.999121         3460      1137.78
    5844.991     0.999219         3460      1280.00
    5844.991     0.999316         3460      1462.86
    5844.991     0.999414         3460      1706.67
    5853.183     0.999512         3461      2048.00
    5853.183     0.999561         3461      2275.56
    5853.183     0.999609         3461      2560.00
    5853.183     0.999658         3461      2925.71
    5853.183     0.999707         3461      3413.33
    5869.567     0.999756         3462      4096.00
    5869.567     1.000000         3462          inf
#[Mean    =     2574.567, StdDeviation   =     1533.386]
#[Max     =     5865.472, Total count    =         3462]
#[Buckets =           27, SubBuckets     =         2048]
-----------------------------------------------------------------------
  4161 requests in 1.00m, 1.24MB read
Requests/sec:     69.34  
Transfer/sec:     21.14KB
