Running 1m test @ http://10.101.163.15/?loopCount=25&base=6&exp=6
  5 threads and 5 connections

  Thread calibration: mean lat.: 359.871ms, rate sampling interval: 1285ms
  Thread calibration: mean lat.: 235.905ms, rate sampling interval: 759ms
  Thread calibration: mean lat.: 684.496ms, rate sampling interval: 2445ms
  Thread calibration: mean lat.: 371.575ms, rate sampling interval: 1203ms
  Thread calibration: mean lat.: 589.629ms, rate sampling interval: 2042ms

-----------------------------------------------------------------------
Test Results @ http://10.101.163.15/?loopCount=25&base=6&exp=6 
  Thread Stats   Avg      Stdev     99%   +/- Stdev
    Latency     2.40s     1.14s    4.85s    62.86%
    Req/Sec    13.72      2.26    18.00     77.66%
  Latency Distribution (HdrHistogram - Recorded Latency)
 50.000%    2.53s 
 75.000%    3.14s 
 90.000%    3.67s 
 99.000%    4.85s 
 99.900%    4.94s 
 99.990%    4.96s 
 99.999%    4.96s 
100.000%    4.96s 

  Detailed Percentile spectrum:
       Value   Percentile   TotalCount 1/(1-Percentile)

     124.607     0.000000            1         1.00
     742.399     0.100000          355         1.11
    1147.903     0.200000          711         1.25
    1878.015     0.300000         1064         1.43
    2265.087     0.400000         1422         1.67
    2529.279     0.500000         1773         2.00
    2668.543     0.550000         1955         2.22
    2861.055     0.600000         2128         2.50
    2959.359     0.650000         2306         2.86
    3067.903     0.700000         2487         3.33
    3137.535     0.750000         2661         4.00
    3182.591     0.775000         2751         4.44
    3276.799     0.800000         2837         5.00
    3403.775     0.825000         2926         5.71
    3524.607     0.850000         3016         6.67
    3575.807     0.875000         3103         8.00
    3612.671     0.887500         3149         8.89
    3670.015     0.900000         3192        10.00
    3749.887     0.912500         3236        11.43
    3803.135     0.925000         3282        13.33
    4366.335     0.937500         3326        16.00
    4435.967     0.943750         3348        17.78
    4464.639     0.950000         3369        20.00
    4497.407     0.956250         3393        22.86
    4554.751     0.962500         3415        26.67
    4591.615     0.968750         3437        32.00
    4607.999     0.971875         3447        35.56
    4632.575     0.975000         3458        40.00
    4673.535     0.978125         3470        45.71
    4730.879     0.981250         3481        53.33
    4780.031     0.984375         3492        64.00
    4804.607     0.985938         3497        71.11
    4829.183     0.987500         3502        80.00
    4853.759     0.989062         3511        91.43
    4861.951     0.990625         3514       106.67
    4870.143     0.992188         3520       128.00
    4886.527     0.992969         3522       142.22
    4898.815     0.993750         3526       160.00
    4907.007     0.994531         3529       182.86
    4911.103     0.995313         3532       213.33
    4915.199     0.996094         3534       256.00
    4915.199     0.996484         3534       284.44
    4923.391     0.996875         3535       320.00
    4927.487     0.997266         3537       365.71
    4931.583     0.997656         3538       426.67
    4935.679     0.998047         3541       512.00
    4935.679     0.998242         3541       568.89
    4935.679     0.998437         3541       640.00
    4939.775     0.998633         3544       731.43
    4939.775     0.998828         3544       853.33
    4939.775     0.999023         3544      1024.00
    4939.775     0.999121         3544      1137.78
    4939.775     0.999219         3544      1280.00
    4939.775     0.999316         3544      1462.86
    4939.775     0.999414         3544      1706.67
    4952.063     0.999512         3545      2048.00
    4952.063     0.999561         3545      2275.56
    4952.063     0.999609         3545      2560.00
    4952.063     0.999658         3545      2925.71
    4952.063     0.999707         3545      3413.33
    4960.255     0.999756         3546      4096.00
    4960.255     1.000000         3546          inf
#[Mean    =     2397.454, StdDeviation   =     1139.333]
#[Max     =     4956.160, Total count    =         3546]
#[Buckets =           27, SubBuckets     =         2048]
-----------------------------------------------------------------------
  4244 requests in 1.00m, 1.26MB read
Requests/sec:     70.73  
Transfer/sec:     21.56KB
