Running 1m test @ http://10.96.169.80/?loopCount=25&base=6&exp=6
  5 threads and 5 connections

  Thread calibration: mean lat.: 66.121ms, rate sampling interval: 314ms
  Thread calibration: mean lat.: 52.028ms, rate sampling interval: 162ms
  Thread calibration: mean lat.: 82.659ms, rate sampling interval: 385ms
  Thread calibration: mean lat.: 54.637ms, rate sampling interval: 179ms
  Thread calibration: mean lat.: 68.287ms, rate sampling interval: 323ms

-----------------------------------------------------------------------
Test Results @ http://10.96.169.80/?loopCount=25&base=6&exp=6 
  Thread Stats   Avg      Stdev     99%   +/- Stdev
    Latency    44.78ms   11.79ms  89.21ms   85.40%
    Req/Sec     9.66      2.24    12.00     81.92%
  Latency Distribution (HdrHistogram - Recorded Latency)
 50.000%   41.98ms
 75.000%   44.67ms
 90.000%   55.23ms
 99.000%   89.21ms
 99.900%  163.20ms
 99.990%  170.37ms
 99.999%  170.37ms
100.000%  170.37ms

  Detailed Percentile spectrum:
       Value   Percentile   TotalCount 1/(1-Percentile)

      21.599     0.000000            1         1.00
      38.815     0.100000          250         1.11
      40.767     0.200000          509         1.25
      41.247     0.300000          767         1.43
      41.599     0.400000         1011         1.67
      41.983     0.500000         1271         2.00
      42.175     0.550000         1375         2.22
      42.431     0.600000         1500         2.50
      42.751     0.650000         1625         2.86
      43.199     0.700000         1757         3.33
      44.671     0.750000         1876         4.00
      45.343     0.775000         1940         4.44
      46.207     0.800000         2001         5.00
      48.415     0.825000         2063         5.71
      50.431     0.850000         2125         6.67
      52.735     0.875000         2188         8.00
      53.791     0.887500         2219         8.89
      55.231     0.900000         2250        10.00
      57.407     0.912500         2282        11.43
      61.119     0.925000         2313        13.33
      65.439     0.937500         2344        16.00
      66.687     0.943750         2362        17.78
      67.391     0.950000         2375        20.00
      68.351     0.956250         2392        22.86
      69.247     0.962500         2407        26.67
      72.127     0.968750         2422        32.00
      73.087     0.971875         2430        35.56
      73.855     0.975000         2438        40.00
      76.287     0.978125         2446        45.71
      81.151     0.981250         2454        53.33
      84.799     0.984375         2462        64.00
      85.375     0.985938         2465        71.11
      88.639     0.987500         2469        80.00
      89.023     0.989062         2473        91.43
      89.215     0.990625         2477       106.67
      89.791     0.992188         2481       128.00
      90.175     0.992969         2483       142.22
      92.671     0.993750         2485       160.00
      95.103     0.994531         2488       182.86
      97.919     0.995313         2489       213.33
     101.567     0.996094         2491       256.00
     104.383     0.996484         2492       284.44
     110.591     0.996875         2493       320.00
     154.239     0.997266         2494       365.71
     157.183     0.997656         2495       426.67
     160.511     0.998047         2496       512.00
     160.511     0.998242         2496       568.89
     162.431     0.998437         2497       640.00
     162.431     0.998633         2497       731.43
     163.199     0.998828         2498       853.33
     163.199     0.999023         2498      1024.00
     163.199     0.999121         2498      1137.78
     167.423     0.999219         2499      1280.00
     167.423     0.999316         2499      1462.86
     167.423     0.999414         2499      1706.67
     167.423     0.999512         2499      2048.00
     167.423     0.999561         2499      2275.56
     170.367     0.999609         2500      2560.00
     170.367     1.000000         2500          inf
#[Mean    =       44.779, StdDeviation   =       11.793]
#[Max     =      170.240, Total count    =         2500]
#[Buckets =           27, SubBuckets     =         2048]
-----------------------------------------------------------------------
  2995 requests in 1.00m, 0.89MB read
Requests/sec:     49.91  
Transfer/sec:     15.21KB
