Running 1m test @ http://10.105.168.171/?loopCount=25&base=6&exp=6
  1 threads and 1 connections

  Thread calibration: mean lat.: 809.304ms, rate sampling interval: 2834ms

-----------------------------------------------------------------------
Test Results @ http://10.105.168.171/?loopCount=25&base=6&exp=6 
  Thread Stats   Avg      Stdev     99%   +/- Stdev
    Latency     3.68s     1.27s    6.43s    60.82%
    Req/Sec    22.24      0.81    24.00    100.00%
  Latency Distribution (HdrHistogram - Recorded Latency)
 50.000%    3.57s 
 75.000%    4.63s 
 90.000%    5.41s 
 99.000%    6.43s 
 99.900%    6.50s 
 99.990%    6.52s 
 99.999%    6.52s 
100.000%    6.52s 

  Detailed Percentile spectrum:
       Value   Percentile   TotalCount 1/(1-Percentile)

    1460.223     0.000000            1         1.00
    1793.023     0.100000          114         1.11
    2377.727     0.200000          225         1.25
    2928.639     0.300000          337         1.43
    3416.063     0.400000          454         1.67
    3573.759     0.500000          564         2.00
    3717.119     0.550000          619         2.22
    3917.823     0.600000          675         2.50
    4284.415     0.650000          734         2.86
    4456.447     0.700000          792         3.33
    4644.863     0.750000          844         4.00
    4677.631     0.775000          875         4.44
    4927.487     0.800000          900         5.00
    4952.063     0.825000          928         5.71
    5140.479     0.850000          958         6.67
    5251.071     0.875000          983         8.00
    5283.839     0.887500          998         8.89
    5414.911     0.900000         1012        10.00
    5509.119     0.912500         1025        11.43
    5644.287     0.925000         1039        13.33
    5713.919     0.937500         1056        16.00
    5779.455     0.943750         1063        17.78
    5808.127     0.950000         1069        20.00
    5840.895     0.956250         1074        22.86
    5877.759     0.962500         1081        26.67
    5992.447     0.968750         1089        32.00
    6033.407     0.971875         1092        35.56
    6053.887     0.975000         1095        40.00
    6135.807     0.978125         1099        45.71
    6205.439     0.981250         1102        53.33
    6365.183     0.984375         1106        64.00
    6397.951     0.985938         1108        71.11
    6414.335     0.987500         1111        80.00
    6414.335     0.989062         1111        91.43
    6426.623     0.990625         1114       106.67
    6463.487     0.992188         1115       128.00
    6467.583     0.992969         1116       142.22
    6467.583     0.993750         1116       160.00
    6471.679     0.994531         1117       182.86
    6475.775     0.995313         1118       213.33
    6488.063     0.996094         1121       256.00
    6488.063     0.996484         1121       284.44
    6488.063     0.996875         1121       320.00
    6488.063     0.997266         1121       365.71
    6488.063     0.997656         1121       426.67
    6488.063     0.998047         1121       512.00
    6496.255     0.998242         1122       568.89
    6496.255     0.998437         1122       640.00
    6496.255     0.998633         1122       731.43
    6496.255     0.998828         1122       853.33
    6496.255     0.999023         1122      1024.00
    6524.927     0.999121         1123      1137.78
    6524.927     1.000000         1123          inf
#[Mean    =     3675.369, StdDeviation   =     1268.636]
#[Max     =     6520.832, Total count    =         1123]
#[Buckets =           27, SubBuckets     =         2048]
-----------------------------------------------------------------------
  1336 requests in 1.00m, 407.07KB read
Requests/sec:     22.27  
Transfer/sec:      6.78KB
