Running 1m test @ http://10.99.199.129/?loopCount=25&base=6&exp=6
  5 threads and 5 connections

  Thread calibration: mean lat.: 72.860ms, rate sampling interval: 272ms
  Thread calibration: mean lat.: 69.030ms, rate sampling interval: 297ms
  Thread calibration: mean lat.: 62.353ms, rate sampling interval: 233ms
  Thread calibration: mean lat.: 56.586ms, rate sampling interval: 211ms
  Thread calibration: mean lat.: 62.988ms, rate sampling interval: 221ms

-----------------------------------------------------------------------
Test Results @ http://10.99.199.129/?loopCount=25&base=6&exp=6 
  Thread Stats   Avg      Stdev     99%   +/- Stdev
    Latency    52.57ms   25.84ms 127.04ms   81.91%
    Req/Sec     9.66      2.17    14.00     82.67%
  Latency Distribution (HdrHistogram - Recorded Latency)
 50.000%   42.05ms
 75.000%   44.03ms
 90.000%  103.81ms
 99.000%  127.04ms
 99.900%  157.70ms
 99.990%  160.64ms
 99.999%  160.64ms
100.000%  160.64ms

  Detailed Percentile spectrum:
       Value   Percentile   TotalCount 1/(1-Percentile)

      21.519     0.000000            1         1.00
      38.303     0.100000          254         1.11
      40.639     0.200000          500         1.25
      41.151     0.300000          755         1.43
      41.599     0.400000         1002         1.67
      42.047     0.500000         1259         2.00
      42.271     0.550000         1377         2.22
      42.527     0.600000         1502         2.50
      42.815     0.650000         1628         2.86
      43.199     0.700000         1751         3.33
      44.031     0.750000         1875         4.00
      45.407     0.775000         1937         4.44
      53.343     0.800000         2000         5.00
      69.055     0.825000         2062         5.71
      96.191     0.850000         2125         6.67
     100.671     0.875000         2187         8.00
     102.015     0.887500         2218         8.89
     103.935     0.900000         2251        10.00
     106.815     0.912500         2281        11.43
     108.351     0.925000         2312        13.33
     110.143     0.937500         2345        16.00
     111.167     0.943750         2359        17.78
     112.767     0.950000         2375        20.00
     115.007     0.956250         2391        22.86
     116.159     0.962500         2409        26.67
     117.055     0.968750         2421        32.00
     117.503     0.971875         2429        35.56
     118.655     0.975000         2437        40.00
     119.231     0.978125         2447        45.71
     121.663     0.981250         2453        53.33
     122.751     0.984375         2460        64.00
     123.839     0.985938         2464        71.11
     124.607     0.987500         2468        80.00
     126.079     0.989062         2472        91.43
     127.615     0.990625         2476       106.67
     128.831     0.992188         2480       128.00
     131.455     0.992969         2482       142.22
     133.759     0.993750         2484       160.00
     135.423     0.994531         2486       182.86
     138.495     0.995313         2488       213.33
     142.719     0.996094         2490       256.00
     143.103     0.996484         2491       284.44
     144.895     0.996875         2492       320.00
     145.279     0.997266         2493       365.71
     146.047     0.997656         2494       426.67
     155.263     0.998047         2496       512.00
     155.263     0.998242         2496       568.89
     155.263     0.998437         2496       640.00
     155.263     0.998633         2496       731.43
     157.695     0.998828         2497       853.33
     157.695     0.999023         2497      1024.00
     157.695     0.999121         2497      1137.78
     160.639     0.999219         2499      1280.00
     160.639     1.000000         2499          inf
#[Mean    =       52.570, StdDeviation   =       25.837]
#[Max     =      160.512, Total count    =         2499]
#[Buckets =           27, SubBuckets     =         2048]
-----------------------------------------------------------------------
  2993 requests in 1.00m, 0.89MB read
Requests/sec:     49.88  
Transfer/sec:     15.20KB
