Running 1m test @ http://10.110.211.94/?loopCount=25&base=6&exp=6
  5 threads and 5 connections

  Thread calibration: mean lat.: 77.607ms, rate sampling interval: 317ms
  Thread calibration: mean lat.: 102.443ms, rate sampling interval: 403ms
  Thread calibration: mean lat.: 87.857ms, rate sampling interval: 333ms
  Thread calibration: mean lat.: 88.617ms, rate sampling interval: 341ms
  Thread calibration: mean lat.: 80.050ms, rate sampling interval: 327ms

-----------------------------------------------------------------------
Test Results @ http://10.110.211.94/?loopCount=25&base=6&exp=6 
  Thread Stats   Avg      Stdev     99%   +/- Stdev
    Latency   128.54ms  109.79ms 488.70ms   86.17%
    Req/Sec     9.58      2.72    17.00     88.07%
  Latency Distribution (HdrHistogram - Recorded Latency)
 50.000%   92.99ms
 75.000%  167.17ms
 90.000%  278.27ms
 99.000%  488.70ms
 99.900%  623.10ms
 99.990%  676.35ms
 99.999%  676.35ms
100.000%  676.35ms

  Detailed Percentile spectrum:
       Value   Percentile   TotalCount 1/(1-Percentile)

      21.759     0.000000            1         1.00
      40.767     0.100000          263         1.11
      41.439     0.200000          507         1.25
      45.343     0.300000          751         1.43
      76.671     0.400000         1002         1.67
      92.991     0.500000         1253         2.00
     100.671     0.550000         1377         2.22
     109.759     0.600000         1502         2.50
     125.759     0.650000         1627         2.86
     160.639     0.700000         1752         3.33
     167.167     0.750000         1878         4.00
     172.927     0.775000         1940         4.44
     180.479     0.800000         2002         5.00
     199.551     0.825000         2065         5.71
     224.511     0.850000         2127         6.67
     263.679     0.875000         2190         8.00
     270.079     0.887500         2221         8.89
     278.271     0.900000         2252        10.00
     303.359     0.912500         2284        11.43
     322.047     0.925000         2315        13.33
     360.959     0.937500         2346        16.00
     369.663     0.943750         2362        17.78
     375.551     0.950000         2377        20.00
     394.495     0.956250         2393        22.86
     405.759     0.962500         2409        26.67
     424.447     0.968750         2424        32.00
     434.431     0.971875         2432        35.56
     460.287     0.975000         2440        40.00
     461.823     0.978125         2448        45.71
     466.175     0.981250         2456        53.33
     470.783     0.984375         2463        64.00
     473.087     0.985938         2467        71.11
     478.207     0.987500         2471        80.00
     486.911     0.989062         2475        91.43
     494.335     0.990625         2479       106.67
     510.463     0.992188         2483       128.00
     518.911     0.992969         2485       142.22
     533.503     0.993750         2487       160.00
     544.767     0.994531         2489       182.86
     562.687     0.995313         2491       213.33
     577.023     0.996094         2493       256.00
     578.559     0.996484         2494       284.44
     586.239     0.996875         2495       320.00
     588.799     0.997266         2496       365.71
     595.967     0.997656         2497       426.67
     605.183     0.998047         2498       512.00
     605.183     0.998242         2498       568.89
     623.103     0.998437         2499       640.00
     623.103     0.998633         2499       731.43
     660.991     0.998828         2500       853.33
     660.991     0.999023         2500      1024.00
     660.991     0.999121         2500      1137.78
     665.599     0.999219         2501      1280.00
     665.599     0.999316         2501      1462.86
     665.599     0.999414         2501      1706.67
     665.599     0.999512         2501      2048.00
     665.599     0.999561         2501      2275.56
     676.351     0.999609         2502      2560.00
     676.351     1.000000         2502          inf
#[Mean    =      128.544, StdDeviation   =      109.789]
#[Max     =      675.840, Total count    =         2502]
#[Buckets =           27, SubBuckets     =         2048]
-----------------------------------------------------------------------
  2994 requests in 1.00m, 0.89MB read
Requests/sec:     49.90  
Transfer/sec:     15.21KB
