Running 1m test @ http://10.101.163.15/?loopCount=25&base=6&exp=6
  5 threads and 5 connections

  Thread calibration: mean lat.: 727.378ms, rate sampling interval: 2390ms
  Thread calibration: mean lat.: 633.488ms, rate sampling interval: 1847ms
  Thread calibration: mean lat.: 307.089ms, rate sampling interval: 898ms
  Thread calibration: mean lat.: 713.006ms, rate sampling interval: 2075ms
  Thread calibration: mean lat.: 744.966ms, rate sampling interval: 2693ms

-----------------------------------------------------------------------
Test Results @ http://10.101.163.15/?loopCount=25&base=6&exp=6 
  Thread Stats   Avg      Stdev     99%   +/- Stdev
    Latency     1.82s   722.36ms   3.39s    66.09%
    Req/Sec    13.82      1.80    18.00     87.50%
  Latency Distribution (HdrHistogram - Recorded Latency)
 50.000%    1.89s 
 75.000%    2.36s 
 90.000%    2.70s 
 99.000%    3.39s 
 99.900%    3.57s 
 99.990%    3.59s 
 99.999%    3.59s 
100.000%    3.59s 

  Detailed Percentile spectrum:
       Value   Percentile   TotalCount 1/(1-Percentile)

      39.551     0.000000            1         1.00
     812.543     0.100000          359         1.11
    1193.983     0.200000          718         1.25
    1361.919     0.300000         1076         1.43
    1644.543     0.400000         1434         1.67
    1886.207     0.500000         1793         2.00
    1976.319     0.550000         1973         2.22
    2094.079     0.600000         2150         2.50
    2166.783     0.650000         2331         2.86
    2269.183     0.700000         2509         3.33
    2359.295     0.750000         2688         4.00
    2398.207     0.775000         2778         4.44
    2455.551     0.800000         2869         5.00
    2531.327     0.825000         2957         5.71
    2590.719     0.850000         3048         6.67
    2643.967     0.875000         3136         8.00
    2666.495     0.887500         3183         8.89
    2697.215     0.900000         3225        10.00
    2744.319     0.912500         3270        11.43
    2791.423     0.925000         3319        13.33
    2848.767     0.937500         3362        16.00
    2863.103     0.943750         3383        17.78
    2885.631     0.950000         3405        20.00
    2918.399     0.956250         3427        22.86
    2955.263     0.962500         3449        26.67
    3063.807     0.968750         3472        32.00
    3115.007     0.971875         3483        35.56
    3164.159     0.975000         3494        40.00
    3194.879     0.978125         3505        45.71
    3229.695     0.981250         3516        53.33
    3262.463     0.984375         3528        64.00
    3301.375     0.985938         3533        71.11
    3327.999     0.987500         3539        80.00
    3354.623     0.989062         3544        91.43
    3424.255     0.990625         3550       106.67
    3457.023     0.992188         3557       128.00
    3459.071     0.992969         3558       142.22
    3487.743     0.993750         3561       160.00
    3500.031     0.994531         3564       182.86
    3512.319     0.995313         3567       213.33
    3522.559     0.996094         3570       256.00
    3524.607     0.996484         3571       284.44
    3526.655     0.996875         3572       320.00
    3530.751     0.997266         3574       365.71
    3532.799     0.997656         3575       426.67
    3538.943     0.998047         3577       512.00
    3538.943     0.998242         3577       568.89
    3543.039     0.998437         3578       640.00
    3565.567     0.998633         3579       731.43
    3565.567     0.998828         3579       853.33
    3567.615     0.999023         3580      1024.00
    3567.615     0.999121         3580      1137.78
    3573.759     0.999219         3581      1280.00
    3573.759     0.999316         3581      1462.86
    3573.759     0.999414         3581      1706.67
    3592.191     0.999512         3582      2048.00
    3592.191     0.999561         3582      2275.56
    3592.191     0.999609         3582      2560.00
    3592.191     0.999658         3582      2925.71
    3592.191     0.999707         3582      3413.33
    3594.239     0.999756         3583      4096.00
    3594.239     1.000000         3583          inf
#[Mean    =     1818.935, StdDeviation   =      722.364]
#[Max     =     3592.192, Total count    =         3583]
#[Buckets =           27, SubBuckets     =         2048]
-----------------------------------------------------------------------
  4263 requests in 1.00m, 1.27MB read
Requests/sec:     71.04  
Transfer/sec:     21.66KB
