Running 1m test @ http://10.96.164.126/?loopCount=25&base=6&exp=6
  5 threads and 5 connections

  Thread calibration: mean lat.: 47.992ms, rate sampling interval: 113ms
  Thread calibration: mean lat.: 52.840ms, rate sampling interval: 158ms
  Thread calibration: mean lat.: 55.149ms, rate sampling interval: 185ms
  Thread calibration: mean lat.: 56.528ms, rate sampling interval: 237ms
  Thread calibration: mean lat.: 55.463ms, rate sampling interval: 175ms

-----------------------------------------------------------------------
Test Results @ http://10.96.164.126/?loopCount=25&base=6&exp=6 
  Thread Stats   Avg      Stdev     99%   +/- Stdev
    Latency    46.03ms   12.80ms  87.49ms   81.36%
    Req/Sec     9.38      2.90    17.00     85.75%
  Latency Distribution (HdrHistogram - Recorded Latency)
 50.000%   41.82ms
 75.000%   42.97ms
 90.000%   66.62ms
 99.000%   87.49ms
 99.900%  124.54ms
 99.990%  131.71ms
 99.999%  131.71ms
100.000%  131.71ms

  Detailed Percentile spectrum:
       Value   Percentile   TotalCount 1/(1-Percentile)

      22.031     0.000000            1         1.00
      38.783     0.100000          251         1.11
      40.735     0.200000          501         1.25
      41.183     0.300000          759         1.43
      41.503     0.400000         1016         1.67
      41.823     0.500000         1250         2.00
      42.015     0.550000         1384         2.22
      42.207     0.600000         1514         2.50
      42.399     0.650000         1635         2.86
      42.623     0.700000         1763         3.33
      42.975     0.750000         1885         4.00
      43.231     0.775000         1939         4.44
      43.775     0.800000         2000         5.00
      48.991     0.825000         2063         5.71
      58.463     0.850000         2125         6.67
      65.375     0.875000         2189         8.00
      66.047     0.887500         2224         8.89
      66.623     0.900000         2250        10.00
      68.863     0.912500         2282        11.43
      69.951     0.925000         2314        13.33
      72.639     0.937500         2344        16.00
      73.535     0.943750         2361        17.78
      74.367     0.950000         2376        20.00
      75.135     0.956250         2394        22.86
      76.543     0.962500         2407        26.67
      77.823     0.968750         2422        32.00
      78.719     0.971875         2431        35.56
      79.679     0.975000         2438        40.00
      80.575     0.978125         2447        45.71
      81.279     0.981250         2454        53.33
      83.967     0.984375         2461        64.00
      84.735     0.985938         2467        71.11
      85.183     0.987500         2469        80.00
      86.655     0.989062         2473        91.43
      88.063     0.990625         2477       106.67
      90.111     0.992188         2481       128.00
      95.551     0.992969         2483       142.22
      96.127     0.993750         2485       160.00
      98.623     0.994531         2487       182.86
     105.215     0.995313         2490       213.33
     118.719     0.996094         2491       256.00
     120.959     0.996484         2492       284.44
     121.151     0.996875         2493       320.00
     121.599     0.997266         2494       365.71
     121.791     0.997656         2495       426.67
     123.199     0.998047         2496       512.00
     123.199     0.998242         2496       568.89
     124.031     0.998437         2497       640.00
     124.031     0.998633         2497       731.43
     124.543     0.998828         2498       853.33
     124.543     0.999023         2498      1024.00
     124.543     0.999121         2498      1137.78
     128.127     0.999219         2499      1280.00
     128.127     0.999316         2499      1462.86
     128.127     0.999414         2499      1706.67
     128.127     0.999512         2499      2048.00
     128.127     0.999561         2499      2275.56
     131.711     0.999609         2500      2560.00
     131.711     1.000000         2500          inf
#[Mean    =       46.026, StdDeviation   =       12.800]
#[Max     =      131.584, Total count    =         2500]
#[Buckets =           27, SubBuckets     =         2048]
-----------------------------------------------------------------------
  2995 requests in 1.00m, 0.89MB read
Requests/sec:     49.91  
Transfer/sec:     15.21KB
