Running 1m test @ http://10.103.77.142/?loopCount=25&base=6&exp=6
  5 threads and 5 connections

  Thread calibration: mean lat.: 1933.220ms, rate sampling interval: 5857ms
  Thread calibration: mean lat.: 1666.353ms, rate sampling interval: 5857ms
  Thread calibration: mean lat.: 1311.659ms, rate sampling interval: 4976ms
  Thread calibration: mean lat.: 1939.618ms, rate sampling interval: 6217ms
  Thread calibration: mean lat.: 1875.376ms, rate sampling interval: 6455ms

-----------------------------------------------------------------------
Test Results @ http://10.103.77.142/?loopCount=25&base=6&exp=6 
  Thread Stats   Avg      Stdev     99%   +/- Stdev
    Latency    11.35s     4.81s   21.50s    63.94%
    Req/Sec     9.63      1.12    13.00     92.68%
  Latency Distribution (HdrHistogram - Recorded Latency)
 50.000%   11.31s 
 75.000%   14.66s 
 90.000%   18.15s 
 99.000%   21.50s 
 99.900%   21.89s 
 99.990%   21.94s 
 99.999%   21.94s 
100.000%   21.94s 

  Detailed Percentile spectrum:
       Value   Percentile   TotalCount 1/(1-Percentile)

    2820.095     0.000000            1         1.00
    4902.911     0.100000          254         1.11
    6414.335     0.200000          506         1.25
    8093.695     0.300000          758         1.43
    9773.055     0.400000         1011         1.67
   11313.151     0.500000         1263         2.00
   12197.887     0.550000         1392         2.22
   13164.543     0.600000         1516         2.50
   13606.911     0.650000         1643         2.86
   14073.855     0.700000         1769         3.33
   14663.679     0.750000         1897         4.00
   15032.319     0.775000         1958         4.44
   15351.807     0.800000         2021         5.00
   15917.055     0.825000         2085         5.71
   16285.695     0.850000         2148         6.67
   17530.879     0.875000         2212         8.00
   17874.943     0.887500         2243         8.89
   18169.855     0.900000         2274        10.00
   18431.999     0.912500         2305        11.43
   19120.127     0.925000         2337        13.33
   19496.959     0.937500         2371        16.00
   19628.031     0.943750         2384        17.78
   19841.023     0.950000         2400        20.00
   20152.319     0.956250         2416        22.86
   20381.695     0.962500         2433        26.67
   20611.071     0.968750         2448        32.00
   20725.759     0.971875         2456        35.56
   20791.295     0.975000         2464        40.00
   20873.215     0.978125         2471        45.71
   21004.287     0.981250         2480        53.33
   21102.591     0.984375         2487        64.00
   21250.047     0.985938         2491        71.11
   21331.967     0.987500         2495        80.00
   21413.887     0.989062         2499        91.43
   21495.807     0.990625         2503       106.67
   21692.415     0.992188         2507       128.00
   21725.183     0.992969         2509       142.22
   21757.951     0.993750         2513       160.00
   21757.951     0.994531         2513       182.86
   21774.335     0.995313         2516       213.33
   21790.719     0.996094         2518       256.00
   21790.719     0.996484         2518       284.44
   21807.103     0.996875         2520       320.00
   21807.103     0.997266         2520       365.71
   21823.487     0.997656         2521       426.67
   21839.871     0.998047         2522       512.00
   21839.871     0.998242         2522       568.89
   21889.023     0.998437         2524       640.00
   21889.023     0.998633         2524       731.43
   21889.023     0.998828         2524       853.33
   21889.023     0.999023         2524      1024.00
   21889.023     0.999121         2524      1137.78
   21921.791     0.999219         2525      1280.00
   21921.791     0.999316         2525      1462.86
   21921.791     0.999414         2525      1706.67
   21921.791     0.999512         2525      2048.00
   21921.791     0.999561         2525      2275.56
   21938.175     0.999609         2526      2560.00
   21938.175     1.000000         2526          inf
#[Mean    =    11346.647, StdDeviation   =     4806.520]
#[Max     =    21921.792, Total count    =         2526]
#[Buckets =           27, SubBuckets     =         2048]
-----------------------------------------------------------------------
  3027 requests in 1.00m, 0.90MB read
Requests/sec:     50.45  
Transfer/sec:     15.39KB
