Running 1m test @ http://10.96.169.80/?loopCount=25&base=6&exp=6
  5 threads and 5 connections

  Thread calibration: mean lat.: 57.024ms, rate sampling interval: 194ms
  Thread calibration: mean lat.: 61.333ms, rate sampling interval: 191ms
  Thread calibration: mean lat.: 62.537ms, rate sampling interval: 203ms
  Thread calibration: mean lat.: 64.702ms, rate sampling interval: 209ms
  Thread calibration: mean lat.: 72.591ms, rate sampling interval: 314ms

-----------------------------------------------------------------------
Test Results @ http://10.96.169.80/?loopCount=25&base=6&exp=6 
  Thread Stats   Avg      Stdev     99%   +/- Stdev
    Latency    47.21ms   18.80ms 153.47ms   87.64%
    Req/Sec     9.47      1.95    15.00     86.14%
  Latency Distribution (HdrHistogram - Recorded Latency)
 50.000%   41.95ms
 75.000%   45.25ms
 90.000%   65.25ms
 99.000%  153.47ms
 99.900%  254.08ms
 99.990%  260.86ms
 99.999%  260.86ms
100.000%  260.86ms

  Detailed Percentile spectrum:
       Value   Percentile   TotalCount 1/(1-Percentile)

      21.759     0.000000            1         1.00
      38.911     0.100000          252         1.11
      40.831     0.200000          512         1.25
      41.311     0.300000          765         1.43
      41.631     0.400000         1013         1.67
      41.951     0.500000         1269         2.00
      42.111     0.550000         1386         2.22
      42.367     0.600000         1515         2.50
      42.655     0.650000         1625         2.86
      43.135     0.700000         1751         3.33
      45.247     0.750000         1878         4.00
      47.871     0.775000         1938         4.44
      49.503     0.800000         2001         5.00
      50.591     0.825000         2063         5.71
      53.151     0.850000         2126         6.67
      58.047     0.875000         2188         8.00
      61.535     0.887500         2219         8.89
      65.247     0.900000         2250        10.00
      66.623     0.912500         2282        11.43
      68.799     0.925000         2313        13.33
      72.959     0.937500         2345        16.00
      73.983     0.943750         2360        17.78
      79.807     0.950000         2375        20.00
      82.367     0.956250         2391        22.86
      88.767     0.962500         2408        26.67
      89.151     0.968750         2423        32.00
      89.599     0.971875         2432        35.56
      89.983     0.975000         2440        40.00
      91.967     0.978125         2446        45.71
      94.271     0.981250         2454        53.33
     103.423     0.984375         2461        64.00
     105.599     0.985938         2465        71.11
     109.951     0.987500         2469        80.00
     143.359     0.989062         2473        91.43
     153.855     0.990625         2477       106.67
     157.055     0.992188         2481       128.00
     161.663     0.992969         2485       142.22
     161.663     0.993750         2485       160.00
     164.479     0.994531         2487       182.86
     164.991     0.995313         2489       213.33
     166.527     0.996094         2491       256.00
     166.783     0.996484         2492       284.44
     177.279     0.996875         2493       320.00
     180.351     0.997266         2494       365.71
     190.591     0.997656         2495       426.67
     194.303     0.998047         2496       512.00
     194.303     0.998242         2496       568.89
     201.343     0.998437         2497       640.00
     201.343     0.998633         2497       731.43
     254.079     0.998828         2498       853.33
     254.079     0.999023         2498      1024.00
     254.079     0.999121         2498      1137.78
     259.583     0.999219         2499      1280.00
     259.583     0.999316         2499      1462.86
     259.583     0.999414         2499      1706.67
     259.583     0.999512         2499      2048.00
     259.583     0.999561         2499      2275.56
     260.863     0.999609         2500      2560.00
     260.863     1.000000         2500          inf
#[Mean    =       47.207, StdDeviation   =       18.804]
#[Max     =      260.736, Total count    =         2500]
#[Buckets =           27, SubBuckets     =         2048]
-----------------------------------------------------------------------
  2995 requests in 1.00m, 0.89MB read
Requests/sec:     49.91  
Transfer/sec:     15.21KB
