Running 1m test @ http://10.105.168.171/?loopCount=25&base=6&exp=6
  1 threads and 1 connections

  Thread calibration: mean lat.: 698.652ms, rate sampling interval: 2494ms

-----------------------------------------------------------------------
Test Results @ http://10.105.168.171/?loopCount=25&base=6&exp=6 
  Thread Stats   Avg      Stdev     99%   +/- Stdev
    Latency     5.62s     2.53s    9.80s    59.63%
    Req/Sec    20.30      1.23    22.00     90.00%
  Latency Distribution (HdrHistogram - Recorded Latency)
 50.000%    5.57s 
 75.000%    7.90s 
 90.000%    9.36s 
 99.000%    9.80s 
 99.900%    9.85s 
 99.990%    9.85s 
 99.999%    9.85s 
100.000%    9.85s 

  Detailed Percentile spectrum:
       Value   Percentile   TotalCount 1/(1-Percentile)

    1376.255     0.000000            1         1.00
    2234.367     0.100000          104         1.11
    2906.111     0.200000          208         1.25
    3725.311     0.300000          312         1.43
    4702.207     0.400000          425         1.67
    5566.463     0.500000          520         2.00
    6033.407     0.550000          573         2.22
    6500.351     0.600000          628         2.50
    6881.279     0.650000          677         2.86
    7245.823     0.700000          727         3.33
    7897.087     0.750000          782         4.00
    7954.431     0.775000          805         4.44
    8101.887     0.800000          831         5.00
    8609.791     0.825000          857         5.71
    8642.559     0.850000          893         6.67
    9068.543     0.875000          910         8.00
    9338.879     0.887500          930         8.89
    9355.263     0.900000          935        10.00
    9453.567     0.912500          954        11.43
    9519.103     0.925000          961        13.33
    9633.791     0.937500          985        16.00
    9633.791     0.943750          985        17.78
    9641.983     0.950000          992        20.00
    9650.175     0.956250          998        22.86
    9723.903     0.962500         1001        26.67
    9748.479     0.968750         1014        32.00
    9748.479     0.971875         1014        35.56
    9748.479     0.975000         1014        40.00
    9756.671     0.978125         1022        45.71
    9756.671     0.981250         1022        53.33
    9756.671     0.984375         1022        64.00
    9797.631     0.985938         1032        71.11
    9797.631     0.987500         1032        80.00
    9797.631     0.989062         1032        91.43
    9797.631     0.990625         1032       106.67
    9797.631     0.992188         1032       128.00
    9797.631     0.992969         1032       142.22
    9797.631     0.993750         1032       160.00
    9822.207     0.994531         1034       182.86
    9822.207     0.995313         1034       213.33
    9822.207     0.996094         1034       256.00
    9846.783     0.996484         1038       284.44
    9846.783     1.000000         1038          inf
#[Mean    =     5616.457, StdDeviation   =     2533.774]
#[Max     =     9838.592, Total count    =         1038]
#[Buckets =           27, SubBuckets     =         2048]
-----------------------------------------------------------------------
  1253 requests in 1.00m, 381.80KB read
Requests/sec:     20.88  
Transfer/sec:      6.36KB
