Running 1m test @ http://10.105.168.171/?loopCount=25&base=6&exp=6
  5 threads and 5 connections

  Thread calibration: mean lat.: 659.828ms, rate sampling interval: 1869ms
  Thread calibration: mean lat.: 290.235ms, rate sampling interval: 784ms
  Thread calibration: mean lat.: 342.381ms, rate sampling interval: 973ms
  Thread calibration: mean lat.: 690.928ms, rate sampling interval: 2084ms
  Thread calibration: mean lat.: 863.484ms, rate sampling interval: 2623ms

-----------------------------------------------------------------------
Test Results @ http://10.105.168.171/?loopCount=25&base=6&exp=6 
  Thread Stats   Avg      Stdev     99%   +/- Stdev
    Latency     1.98s   803.31ms   4.17s    70.19%
    Req/Sec    13.60      2.10    18.00     85.71%
  Latency Distribution (HdrHistogram - Recorded Latency)
 50.000%    1.90s 
 75.000%    2.38s 
 90.000%    3.20s 
 99.000%    4.17s 
 99.900%    4.69s 
 99.990%    4.76s 
 99.999%    4.76s 
100.000%    4.76s 

  Detailed Percentile spectrum:
       Value   Percentile   TotalCount 1/(1-Percentile)

     148.863     0.000000            1         1.00
    1007.103     0.100000          354         1.11
    1303.551     0.200000          710         1.25
    1530.879     0.300000         1062         1.43
    1760.255     0.400000         1420         1.67
    1899.519     0.500000         1768         2.00
    1966.079     0.550000         1946         2.22
    2063.359     0.600000         2123         2.50
    2183.167     0.650000         2302         2.86
    2287.615     0.700000         2476         3.33
    2379.775     0.750000         2658         4.00
    2488.319     0.775000         2742         4.44
    2598.911     0.800000         2831         5.00
    2678.783     0.825000         2919         5.71
    2807.807     0.850000         3006         6.67
    3078.143     0.875000         3094         8.00
    3160.063     0.887500         3139         8.89
    3198.975     0.900000         3183        10.00
    3241.983     0.912500         3227        11.43
    3311.615     0.925000         3271        13.33
    3418.111     0.937500         3315        16.00
    3467.263     0.943750         3338        17.78
    3502.079     0.950000         3363        20.00
    3530.751     0.956250         3382        22.86
    3563.519     0.962500         3404        26.67
    3596.287     0.968750         3426        32.00
    3618.815     0.971875         3438        35.56
    3645.439     0.975000         3448        40.00
    3704.831     0.978125         3459        45.71
    3792.895     0.981250         3470        53.33
    3940.351     0.984375         3481        64.00
    4016.127     0.985938         3487        71.11
    4098.047     0.987500         3492        80.00
    4153.343     0.989062         3498        91.43
    4184.063     0.990625         3503       106.67
    4268.031     0.992188         3509       128.00
    4308.991     0.992969         3513       142.22
    4317.183     0.993750         3514       160.00
    4337.663     0.994531         3517       182.86
    4374.527     0.995313         3520       213.33
    4546.559     0.996094         3523       256.00
    4550.655     0.996484         3524       284.44
    4575.231     0.996875         3526       320.00
    4603.903     0.997266         3527       365.71
    4628.479     0.997656         3528       426.67
    4681.727     0.998047         3530       512.00
    4681.727     0.998242         3530       568.89
    4689.919     0.998437         3531       640.00
    4694.015     0.998633         3532       731.43
    4694.015     0.998828         3532       853.33
    4710.399     0.999023         3533      1024.00
    4710.399     0.999121         3533      1137.78
    4722.687     0.999219         3534      1280.00
    4722.687     0.999316         3534      1462.86
    4722.687     0.999414         3534      1706.67
    4730.879     0.999512         3535      2048.00
    4730.879     0.999561         3535      2275.56
    4730.879     0.999609         3535      2560.00
    4730.879     0.999658         3535      2925.71
    4730.879     0.999707         3535      3413.33
    4759.551     0.999756         3536      4096.00
    4759.551     1.000000         3536          inf
#[Mean    =     1981.283, StdDeviation   =      803.307]
#[Max     =     4755.456, Total count    =         3536]
#[Buckets =           27, SubBuckets     =         2048]
-----------------------------------------------------------------------
  4219 requests in 1.00m, 1.26MB read
Requests/sec:     70.31  
Transfer/sec:     21.43KB
