Running 1m test @ http://10.107.164.151/?loopCount=25&base=6&exp=6
  5 threads and 5 connections

  Thread calibration: mean lat.: 1719.932ms, rate sampling interval: 6324ms
  Thread calibration: mean lat.: 1447.429ms, rate sampling interval: 5279ms
  Thread calibration: mean lat.: 1545.870ms, rate sampling interval: 5787ms
  Thread calibration: mean lat.: 1820.266ms, rate sampling interval: 6316ms
  Thread calibration: mean lat.: 1781.916ms, rate sampling interval: 6369ms

-----------------------------------------------------------------------
Test Results @ http://10.107.164.151/?loopCount=25&base=6&exp=6 
  Thread Stats   Avg      Stdev     99%   +/- Stdev
    Latency    11.06s     4.55s   18.89s    57.28%
    Req/Sec     9.79      0.52    11.00    100.00%
  Latency Distribution (HdrHistogram - Recorded Latency)
 50.000%   10.99s 
 75.000%   15.16s 
 90.000%   17.33s 
 99.000%   18.89s 
 99.900%   19.55s 
 99.990%   19.74s 
 99.999%   19.74s 
100.000%   19.74s 

  Detailed Percentile spectrum:
       Value   Percentile   TotalCount 1/(1-Percentile)

    2985.983     0.000000            1         1.00
    4837.375     0.100000          260         1.11
    6406.143     0.200000          519         1.25
    7815.167     0.300000          778         1.43
    9338.879     0.400000         1037         1.67
   10985.471     0.500000         1297         2.00
   11796.479     0.550000         1426         2.22
   12787.711     0.600000         1555         2.50
   13639.679     0.650000         1685         2.86
   14352.383     0.700000         1814         3.33
   15163.391     0.750000         1947         4.00
   15507.455     0.775000         2012         4.44
   15851.519     0.800000         2073         5.00
   16130.047     0.825000         2138         5.71
   16498.687     0.850000         2203         6.67
   16875.519     0.875000         2271         8.00
   17121.279     0.887500         2302         8.89
   17334.271     0.900000         2337        10.00
   17432.575     0.912500         2365        11.43
   17596.415     0.925000         2401        13.33
   17776.639     0.937500         2430        16.00
   17891.327     0.943750         2447        17.78
   17940.479     0.950000         2462        20.00
   18006.015     0.956250         2478        22.86
   18186.239     0.962500         2495        26.67
   18333.695     0.968750         2511        32.00
   18382.847     0.971875         2519        35.56
   18431.999     0.975000         2527        40.00
   18481.151     0.978125         2535        45.71
   18546.687     0.981250         2544        53.33
   18644.991     0.984375         2552        64.00
   18743.295     0.985938         2555        71.11
   18808.831     0.987500         2562        80.00
   18841.599     0.989062         2564        91.43
   18907.135     0.990625         2567       106.67
   18956.287     0.992188         2571       128.00
   19038.207     0.992969         2573       142.22
   19103.743     0.993750         2575       160.00
   19185.663     0.994531         2577       182.86
   19234.815     0.995313         2579       213.33
   19267.583     0.996094         2581       256.00
   19283.967     0.996484         2582       284.44
   19300.351     0.996875         2583       320.00
   19316.735     0.997266         2584       365.71
   19349.503     0.997656         2585       426.67
   19382.271     0.998047         2586       512.00
   19496.959     0.998242         2587       568.89
   19496.959     0.998437         2587       640.00
   19546.111     0.998633         2588       731.43
   19546.111     0.998828         2588       853.33
   19595.263     0.999023         2589      1024.00
   19595.263     0.999121         2589      1137.78
   19595.263     0.999219         2589      1280.00
   19693.567     0.999316         2590      1462.86
   19693.567     0.999414         2590      1706.67
   19693.567     0.999512         2590      2048.00
   19693.567     0.999561         2590      2275.56
   19693.567     0.999609         2590      2560.00
   19742.719     0.999658         2591      2925.71
   19742.719     1.000000         2591          inf
#[Mean    =    11056.799, StdDeviation   =     4551.945]
#[Max     =    19726.336, Total count    =         2591]
#[Buckets =           27, SubBuckets     =         2048]
-----------------------------------------------------------------------
  3090 requests in 1.00m, 0.92MB read
Requests/sec:     51.50  
Transfer/sec:     15.71KB
