Running 1m test @ http://10.110.188.59/?loopCount=25&base=6&exp=6
  1 threads and 1 connections

  Thread calibration: mean lat.: 3110.417ms, rate sampling interval: 9420ms

-----------------------------------------------------------------------
Test Results @ http://10.110.188.59/?loopCount=25&base=6&exp=6 
  Thread Stats   Avg      Stdev     99%   +/- Stdev
    Latency    13.44s     4.33s   20.05s    55.33%
    Req/Sec    16.80      1.17    18.00    100.00%
  Latency Distribution (HdrHistogram - Recorded Latency)
 50.000%   13.66s 
 75.000%   17.37s 
 90.000%   19.32s 
 99.000%   20.05s 
 99.900%   20.07s 
 99.990%   20.07s 
 99.999%   20.07s 
100.000%   20.07s 

  Detailed Percentile spectrum:
       Value   Percentile   TotalCount 1/(1-Percentile)

    4968.447     0.000000            1         1.00
    7360.511     0.100000           88         1.11
    8650.751     0.200000          175         1.25
   10747.903     0.300000          262         1.43
   12640.255     0.400000          350         1.67
   13664.255     0.500000          438         2.00
   14237.695     0.550000          481         2.22
   14950.399     0.600000          532         2.50
   15351.807     0.650000          568         2.86
   16146.431     0.700000          614         3.33
   17367.039     0.750000          656         4.00
   17760.255     0.775000          678         4.44
   18087.935     0.800000          702         5.00
   18300.927     0.825000          724         5.71
   18825.215     0.850000          743         6.67
   18923.519     0.875000          764         8.00
   19136.511     0.887500          777         8.89
   19316.735     0.900000          788        10.00
   19513.343     0.912500          798        11.43
   19562.495     0.925000          810        13.33
   19578.879     0.937500          822        16.00
   19595.263     0.943750          824        17.78
   19644.415     0.950000          830        20.00
   19824.639     0.956250          836        22.86
   19873.791     0.962500          842        26.67
   19972.095     0.968750          847        32.00
   19988.479     0.971875          849        35.56
   20004.863     0.975000          853        40.00
   20054.015     0.978125          865        45.71
   20054.015     0.981250          865        53.33
   20054.015     0.984375          865        64.00
   20054.015     0.985938          865        71.11
   20054.015     0.987500          865        80.00
   20054.015     0.989062          865        91.43
   20054.015     0.990625          865       106.67
   20070.399     0.992188          873       128.00
   20070.399     1.000000          873          inf
#[Mean    =    13439.124, StdDeviation   =     4330.995]
#[Max     =    20054.016, Total count    =          873]
#[Buckets =           27, SubBuckets     =         2048]
-----------------------------------------------------------------------
  998 requests in 1.00m, 304.15KB read
Requests/sec:     16.63  
Transfer/sec:      5.07KB
