Running 1m test @ http://10.103.77.142/?loopCount=25&base=6&exp=6
  5 threads and 5 connections

  Thread calibration: mean lat.: 68.025ms, rate sampling interval: 265ms
  Thread calibration: mean lat.: 102.741ms, rate sampling interval: 450ms
  Thread calibration: mean lat.: 87.218ms, rate sampling interval: 332ms
  Thread calibration: mean lat.: 74.811ms, rate sampling interval: 277ms
  Thread calibration: mean lat.: 119.168ms, rate sampling interval: 489ms

-----------------------------------------------------------------------
Test Results @ http://10.103.77.142/?loopCount=25&base=6&exp=6 
  Thread Stats   Avg      Stdev     99%   +/- Stdev
    Latency   355.90ms  449.52ms   1.65s    82.30%
    Req/Sec     9.43      2.39    15.00     84.68%
  Latency Distribution (HdrHistogram - Recorded Latency)
 50.000%  135.29ms
 75.000%  420.86ms
 90.000%    1.16s 
 99.000%    1.65s 
 99.900%    1.92s 
 99.990%    1.93s 
 99.999%    1.93s 
100.000%    1.93s 

  Detailed Percentile spectrum:
       Value   Percentile   TotalCount 1/(1-Percentile)

      24.767     0.000000            1         1.00
      47.263     0.100000          244         1.11
      53.279     0.200000          489         1.25
      81.663     0.300000          732         1.43
     124.927     0.400000          976         1.67
     135.295     0.500000         1220         2.00
     142.079     0.550000         1344         2.22
     153.599     0.600000         1464         2.50
     225.663     0.650000         1586         2.86
     267.263     0.700000         1708         3.33
     420.863     0.750000         1830         4.00
     520.191     0.775000         1891         4.44
     623.103     0.800000         1952         5.00
     837.631     0.825000         2013         5.71
    1027.071     0.850000         2075         6.67
    1130.495     0.875000         2135         8.00
    1144.831     0.887500         2167         8.89
    1161.215     0.900000         2197        10.00
    1227.775     0.912500         2227        11.43
    1268.735     0.925000         2257        13.33
    1337.343     0.937500         2289        16.00
    1350.655     0.943750         2303        17.78
    1366.015     0.950000         2320        20.00
    1422.335     0.956250         2334        22.86
    1436.671     0.962500         2350        26.67
    1465.343     0.968750         2364        32.00
    1488.895     0.971875         2372        35.56
    1528.831     0.975000         2380        40.00
    1547.263     0.978125         2387        45.71
    1577.983     0.981250         2395        53.33
    1622.015     0.984375         2402        64.00
    1627.135     0.985938         2407        71.11
    1635.327     0.987500         2411        80.00
    1644.543     0.989062         2414        91.43
    1659.903     0.990625         2420       106.67
    1663.999     0.992188         2421       128.00
    1674.239     0.992969         2423       142.22
    1718.271     0.993750         2425       160.00
    1727.487     0.994531         2427       182.86
    1767.423     0.995313         2429       213.33
    1832.959     0.996094         2431       256.00
    1833.983     0.996484         2432       284.44
    1837.055     0.996875         2433       320.00
    1838.079     0.997266         2434       365.71
    1840.127     0.997656         2435       426.67
    1862.655     0.998047         2436       512.00
    1862.655     0.998242         2436       568.89
    1922.047     0.998437         2437       640.00
    1922.047     0.998633         2437       731.43
    1923.071     0.998828         2438       853.33
    1923.071     0.999023         2438      1024.00
    1923.071     0.999121         2438      1137.78
    1925.119     0.999219         2439      1280.00
    1925.119     0.999316         2439      1462.86
    1925.119     0.999414         2439      1706.67
    1925.119     0.999512         2439      2048.00
    1925.119     0.999561         2439      2275.56
    1928.191     0.999609         2440      2560.00
    1928.191     1.000000         2440          inf
#[Mean    =      355.899, StdDeviation   =      449.517]
#[Max     =     1927.168, Total count    =         2440]
#[Buckets =           27, SubBuckets     =         2048]
-----------------------------------------------------------------------
  2935 requests in 1.00m, 0.87MB read
Requests/sec:     48.91  
Transfer/sec:     14.92KB
