Running 1m test @ http://10.101.163.15/?loopCount=25&base=6&exp=6
  5 threads and 5 connections

  Thread calibration: mean lat.: 102.091ms, rate sampling interval: 438ms
  Thread calibration: mean lat.: 99.973ms, rate sampling interval: 440ms
  Thread calibration: mean lat.: 172.831ms, rate sampling interval: 848ms
  Thread calibration: mean lat.: 115.642ms, rate sampling interval: 546ms
  Thread calibration: mean lat.: 100.875ms, rate sampling interval: 435ms

-----------------------------------------------------------------------
Test Results @ http://10.101.163.15/?loopCount=25&base=6&exp=6 
  Thread Stats   Avg      Stdev     99%   +/- Stdev
    Latency    86.85ms   70.60ms 332.03ms   88.63%
    Req/Sec     9.62      1.76    13.00     85.92%
  Latency Distribution (HdrHistogram - Recorded Latency)
 50.000%   49.85ms
 75.000%  121.34ms
 90.000%  169.34ms
 99.000%  332.03ms
 99.900%  524.80ms
 99.990%  527.87ms
 99.999%  527.87ms
100.000%  527.87ms

  Detailed Percentile spectrum:
       Value   Percentile   TotalCount 1/(1-Percentile)

      21.983     0.000000            1         1.00
      40.607     0.100000          258         1.11
      41.055     0.200000          514         1.25
      41.535     0.300000          758         1.43
      42.719     0.400000         1003         1.67
      49.855     0.500000         1249         2.00
      54.559     0.550000         1374         2.22
      63.583     0.600000         1499         2.50
      80.703     0.650000         1624         2.86
     115.455     0.700000         1750         3.33
     121.343     0.750000         1876         4.00
     124.031     0.775000         1936         4.44
     126.463     0.800000         2000         5.00
     130.623     0.825000         2061         5.71
     136.703     0.850000         2124         6.67
     146.175     0.875000         2186         8.00
     158.207     0.887500         2217         8.89
     169.343     0.900000         2249        10.00
     208.767     0.912500         2280        11.43
     219.903     0.925000         2311        13.33
     225.279     0.937500         2343        16.00
     227.583     0.943750         2358        17.78
     230.527     0.950000         2374        20.00
     234.879     0.956250         2390        22.86
     239.999     0.962500         2405        26.67
     250.879     0.968750         2420        32.00
     260.479     0.971875         2428        35.56
     271.359     0.975000         2436        40.00
     302.079     0.978125         2444        45.71
     315.903     0.981250         2452        53.33
     320.511     0.984375         2459        64.00
     324.607     0.985938         2463        71.11
     328.959     0.987500         2467        80.00
     331.519     0.989062         2471        91.43
     335.359     0.990625         2475       106.67
     349.695     0.992188         2479       128.00
     351.231     0.992969         2481       142.22
     411.135     0.993750         2483       160.00
     440.831     0.994531         2485       182.86
     444.159     0.995313         2487       213.33
     454.143     0.996094         2489       256.00
     458.751     0.996484         2490       284.44
     466.175     0.996875         2492       320.00
     466.175     0.997266         2492       365.71
     503.295     0.997656         2493       426.67
     504.319     0.998047         2494       512.00
     504.319     0.998242         2494       568.89
     518.655     0.998437         2495       640.00
     518.655     0.998633         2495       731.43
     524.799     0.998828         2496       853.33
     524.799     0.999023         2496      1024.00
     524.799     0.999121         2496      1137.78
     525.823     0.999219         2497      1280.00
     525.823     0.999316         2497      1462.86
     525.823     0.999414         2497      1706.67
     525.823     0.999512         2497      2048.00
     525.823     0.999561         2497      2275.56
     527.871     0.999609         2498      2560.00
     527.871     1.000000         2498          inf
#[Mean    =       86.852, StdDeviation   =       70.604]
#[Max     =      527.360, Total count    =         2498]
#[Buckets =           27, SubBuckets     =         2048]
-----------------------------------------------------------------------
  2991 requests in 1.00m, 0.89MB read
Requests/sec:     49.85  
Transfer/sec:     15.20KB
