Running 1m test @ http://10.111.78.179/?loopCount=25&base=6&exp=6
  5 threads and 5 connections

  Thread calibration: mean lat.: 760.245ms, rate sampling interval: 2631ms
  Thread calibration: mean lat.: 1309.867ms, rate sampling interval: 3686ms
  Thread calibration: mean lat.: 1321.964ms, rate sampling interval: 3956ms
  Thread calibration: mean lat.: 739.313ms, rate sampling interval: 2353ms
  Thread calibration: mean lat.: 773.327ms, rate sampling interval: 2785ms

-----------------------------------------------------------------------
Test Results @ http://10.111.78.179/?loopCount=25&base=6&exp=6 
  Thread Stats   Avg      Stdev     99%   +/- Stdev
    Latency     5.59s     2.19s    9.51s    59.09%
    Req/Sec    12.15      0.83    14.00     95.12%
  Latency Distribution (HdrHistogram - Recorded Latency)
 50.000%    5.65s 
 75.000%    7.53s 
 90.000%    8.43s 
 99.000%    9.51s 
 99.900%    9.68s 
 99.990%    9.72s 
 99.999%    9.72s 
100.000%    9.72s 

  Detailed Percentile spectrum:
       Value   Percentile   TotalCount 1/(1-Percentile)

    1369.087     0.000000            1         1.00
    2541.567     0.100000          318         1.11
    3371.007     0.200000          637         1.25
    4079.615     0.300000          955         1.43
    4902.911     0.400000         1272         1.67
    5648.383     0.500000         1589         2.00
    5947.391     0.550000         1749         2.22
    6262.783     0.600000         1909         2.50
    6688.767     0.650000         2066         2.86
    7163.903     0.700000         2225         3.33
    7528.447     0.750000         2384         4.00
    7643.135     0.775000         2463         4.44
    7819.263     0.800000         2544         5.00
    7983.103     0.825000         2623         5.71
    8081.407     0.850000         2702         6.67
    8249.343     0.875000         2781         8.00
    8331.263     0.887500         2822         8.89
    8429.567     0.900000         2861        10.00
    8634.367     0.912500         2900        11.43
    8781.823     0.925000         2943        13.33
    8904.703     0.937500         2980        16.00
    8962.047     0.943750         3000        17.78
    9035.775     0.950000         3021        20.00
    9109.503     0.956250         3039        22.86
    9232.383     0.962500         3059        26.67
    9289.727     0.968750         3080        32.00
    9314.303     0.971875         3094        35.56
    9330.687     0.975000         3099        40.00
    9347.071     0.978125         3110        45.71
    9379.839     0.981250         3120        53.33
    9420.799     0.984375         3129        64.00
    9453.567     0.985938         3135        71.11
    9469.951     0.987500         3139        80.00
    9510.911     0.989062         3146        91.43
    9535.487     0.990625         3152       106.67
    9543.679     0.992188         3155       128.00
    9551.871     0.992969         3156       142.22
    9568.255     0.993750         3159       160.00
    9576.447     0.994531         3161       182.86
    9609.215     0.995313         3165       213.33
    9617.407     0.996094         3166       256.00
    9625.599     0.996484         3167       284.44
    9633.791     0.996875         3169       320.00
    9641.983     0.997266         3170       365.71
    9650.175     0.997656         3171       426.67
    9658.367     0.998047         3172       512.00
    9674.751     0.998242         3173       568.89
    9682.943     0.998437         3175       640.00
    9682.943     0.998633         3175       731.43
    9682.943     0.998828         3175       853.33
    9682.943     0.999023         3175      1024.00
    9699.327     0.999121         3176      1137.78
    9699.327     0.999219         3176      1280.00
    9699.327     0.999316         3176      1462.86
    9715.711     0.999414         3178      1706.67
    9715.711     1.000000         3178          inf
#[Mean    =     5586.928, StdDeviation   =     2189.394]
#[Max     =     9707.520, Total count    =         3178]
#[Buckets =           27, SubBuckets     =         2048]
-----------------------------------------------------------------------
  3801 requests in 1.00m, 1.13MB read
Requests/sec:     63.35  
Transfer/sec:     19.31KB
