Running 1m test @ http://10.102.62.147/?loopCount=25&base=6&exp=6
  5 threads and 5 connections

  Thread calibration: mean lat.: 181.530ms, rate sampling interval: 589ms
  Thread calibration: mean lat.: 156.900ms, rate sampling interval: 512ms
  Thread calibration: mean lat.: 350.342ms, rate sampling interval: 983ms
  Thread calibration: mean lat.: 375.001ms, rate sampling interval: 966ms
  Thread calibration: mean lat.: 390.447ms, rate sampling interval: 1225ms

-----------------------------------------------------------------------
Test Results @ http://10.102.62.147/?loopCount=25&base=6&exp=6 
  Thread Stats   Avg      Stdev     99%   +/- Stdev
    Latency    67.56ms   38.09ms 208.77ms   85.28%
    Req/Sec    14.52      1.17    17.00     92.24%
  Latency Distribution (HdrHistogram - Recorded Latency)
 50.000%   53.89ms
 75.000%   79.61ms
 90.000%  120.96ms
 99.000%  208.77ms
 99.900%  265.47ms
 99.990%  291.58ms
 99.999%  291.58ms
100.000%  291.58ms

  Detailed Percentile spectrum:
       Value   Percentile   TotalCount 1/(1-Percentile)

      22.527     0.000000            1         1.00
      40.095     0.100000          375         1.11
      40.831     0.200000          752         1.25
      41.535     0.300000         1132         1.43
      45.279     0.400000         1501         1.67
      53.887     0.500000         1876         2.00
      59.679     0.550000         2063         2.22
      62.335     0.600000         2250         2.50
      66.815     0.650000         2440         2.86
      72.383     0.700000         2625         3.33
      79.615     0.750000         2813         4.00
      85.503     0.775000         2908         4.44
      89.407     0.800000         3001         5.00
      94.719     0.825000         3095         5.71
      98.495     0.850000         3189         6.67
     107.391     0.875000         3283         8.00
     112.831     0.887500         3329         8.89
     120.959     0.900000         3376        10.00
     125.951     0.912500         3422        11.43
     130.367     0.925000         3469        13.33
     138.111     0.937500         3517        16.00
     143.615     0.943750         3540        17.78
     152.063     0.950000         3564        20.00
     157.695     0.956250         3586        22.86
     161.279     0.962500         3611        26.67
     165.631     0.968750         3633        32.00
     169.983     0.971875         3645        35.56
     176.383     0.975000         3657        40.00
     181.375     0.978125         3668        45.71
     188.415     0.981250         3680        53.33
     193.791     0.984375         3692        64.00
     194.815     0.985938         3698        71.11
     198.015     0.987500         3704        80.00
     205.567     0.989062         3709        91.43
     210.431     0.990625         3715       106.67
     215.679     0.992188         3721       128.00
     219.903     0.992969         3725       142.22
     221.183     0.993750         3727       160.00
     226.175     0.994531         3730       182.86
     233.727     0.995313         3733       213.33
     241.151     0.996094         3736       256.00
     241.791     0.996484         3737       284.44
     245.887     0.996875         3739       320.00
     249.471     0.997266         3740       365.71
     253.567     0.997656         3742       426.67
     260.991     0.998047         3743       512.00
     261.631     0.998242         3744       568.89
     264.703     0.998437         3745       640.00
     264.703     0.998633         3745       731.43
     265.471     0.998828         3746       853.33
     271.103     0.999023         3747      1024.00
     271.103     0.999121         3747      1137.78
     271.615     0.999219         3748      1280.00
     271.615     0.999316         3748      1462.86
     271.615     0.999414         3748      1706.67
     286.975     0.999512         3749      2048.00
     286.975     0.999561         3749      2275.56
     286.975     0.999609         3749      2560.00
     286.975     0.999658         3749      2925.71
     286.975     0.999707         3749      3413.33
     291.583     0.999756         3750      4096.00
     291.583     1.000000         3750          inf
#[Mean    =       67.561, StdDeviation   =       38.092]
#[Max     =      291.328, Total count    =         3750]
#[Buckets =           27, SubBuckets     =         2048]
-----------------------------------------------------------------------
  4489 requests in 1.00m, 1.34MB read
Requests/sec:     74.81  
Transfer/sec:     22.80KB
