Running 1m test @ http://10.96.164.126/?loopCount=25&base=6&exp=6
  1 threads and 1 connections

  Thread calibration: mean lat.: 1164.316ms, rate sampling interval: 4308ms

-----------------------------------------------------------------------
Test Results @ http://10.96.164.126/?loopCount=25&base=6&exp=6 
  Thread Stats   Avg      Stdev     99%   +/- Stdev
    Latency     9.25s     3.60s   15.38s    62.89%
    Req/Sec    18.09      1.83    21.00     72.73%
  Latency Distribution (HdrHistogram - Recorded Latency)
 50.000%    9.11s 
 75.000%   12.36s 
 90.000%   13.87s 
 99.000%   15.38s 
 99.900%   15.43s 
 99.990%   15.44s 
 99.999%   15.44s 
100.000%   15.44s 

  Detailed Percentile spectrum:
       Value   Percentile   TotalCount 1/(1-Percentile)

    2492.415     0.000000            1         1.00
    3973.119     0.100000           93         1.11
    5836.799     0.200000          186         1.25
    6815.743     0.300000          279         1.43
    7897.087     0.400000          371         1.67
    9109.503     0.500000          466         2.00
   10428.415     0.550000          510         2.22
   11198.463     0.600000          557         2.50
   11403.263     0.650000          603         2.86
   11714.559     0.700000          657         3.33
   12386.303     0.750000          696         4.00
   12623.871     0.775000          724         4.44
   12746.751     0.800000          742         5.00
   13000.703     0.825000          769         5.71
   13213.695     0.850000          788         6.67
   13516.799     0.875000          813         8.00
   13688.831     0.887500          823         8.89
   13877.247     0.900000          835        10.00
   14204.927     0.912500          846        11.43
   14335.999     0.925000          858        13.33
   14409.727     0.937500          871        16.00
   14540.799     0.943750          875        17.78
   14680.063     0.950000          883        20.00
   14737.407     0.956250          887        22.86
   14901.247     0.962500          894        26.67
   14983.167     0.968750          899        32.00
   15056.895     0.971875          902        35.56
   15147.007     0.975000          905        40.00
   15196.159     0.978125          909        45.71
   15228.927     0.981250          911        53.33
   15302.655     0.984375          913        64.00
   15343.615     0.985938          915        71.11
   15368.191     0.987500          917        80.00
   15368.191     0.989062          917        91.43
   15384.575     0.990625          922       106.67
   15384.575     0.992188          922       128.00
   15384.575     0.992969          922       142.22
   15384.575     0.993750          922       160.00
   15384.575     0.994531          922       182.86
   15409.151     0.995313          924       213.33
   15409.151     0.996094          924       256.00
   15409.151     0.996484          924       284.44
   15425.535     0.996875          926       320.00
   15425.535     0.997266          926       365.71
   15425.535     0.997656          926       426.67
   15425.535     0.998047          926       512.00
   15425.535     0.998242          926       568.89
   15425.535     0.998437          926       640.00
   15425.535     0.998633          926       731.43
   15425.535     0.998828          926       853.33
   15441.919     0.999023          927      1024.00
   15441.919     1.000000          927          inf
#[Mean    =     9245.007, StdDeviation   =     3600.174]
#[Max     =    15433.728, Total count    =          927]
#[Buckets =           27, SubBuckets     =         2048]
-----------------------------------------------------------------------
  1114 requests in 1.00m, 339.44KB read
Requests/sec:     18.57  
Transfer/sec:      5.66KB
