Running 1m test @ http://10.111.175.232/?loopCount=25&base=6&exp=6
  1 threads and 1 connections

  Thread calibration: mean lat.: 1359.736ms, rate sampling interval: 5730ms

-----------------------------------------------------------------------
Test Results @ http://10.111.175.232/?loopCount=25&base=6&exp=6 
  Thread Stats   Avg      Stdev     99%   +/- Stdev
    Latency     7.54s     2.46s   11.89s    62.22%
    Req/Sec    20.12      0.93    22.00    100.00%
  Latency Distribution (HdrHistogram - Recorded Latency)
 50.000%    7.44s 
 75.000%    9.81s 
 90.000%   10.81s 
 99.000%   11.89s 
 99.900%   11.91s 
 99.990%   11.91s 
 99.999%   11.91s 
100.000%   11.91s 

  Detailed Percentile spectrum:
       Value   Percentile   TotalCount 1/(1-Percentile)

    2975.743     0.000000            1         1.00
    3860.479     0.100000          103         1.11
    5066.751     0.200000          206         1.25
    6266.879     0.300000          309         1.43
    6733.823     0.400000          411         1.67
    7442.431     0.500000          516         2.00
    8032.255     0.550000          568         2.22
    8118.271     0.600000          621         2.50
    8855.551     0.650000          674         2.86
    9338.879     0.700000          719         3.33
    9814.015     0.750000          774         4.00
    9822.207     0.775000          798         4.44
    9953.279     0.800000          830         5.00
    9977.855     0.825000          850         5.71
   10207.231     0.850000          873         6.67
   10584.063     0.875000          903         8.00
   10756.095     0.887500          914         8.89
   10813.439     0.900000          927        10.00
   10977.279     0.912500          938        11.43
   11108.351     0.925000          950        13.33
   11345.919     0.937500          963        16.00
   11485.183     0.943750          971        17.78
   11640.831     0.950000          980        20.00
   11657.215     0.956250          986        22.86
   11673.599     0.962500          999        26.67
   11673.599     0.968750          999        32.00
   11673.599     0.971875          999        35.56
   11714.559     0.975000         1002        40.00
   11780.095     0.978125         1013        45.71
   11780.095     0.981250         1013        53.33
   11780.095     0.984375         1013        64.00
   11780.095     0.985938         1013        71.11
   11829.247     0.987500         1015        80.00
   11862.015     0.989062         1016        91.43
   11894.783     0.990625         1018       106.67
   11902.975     0.992188         1021       128.00
   11902.975     0.992969         1021       142.22
   11902.975     0.993750         1021       160.00
   11911.167     0.994531         1027       182.86
   11911.167     1.000000         1027          inf
#[Mean    =     7541.416, StdDeviation   =     2463.560]
#[Max     =    11902.976, Total count    =         1027]
#[Buckets =           27, SubBuckets     =         2048]
-----------------------------------------------------------------------
  1202 requests in 1.00m, 366.25KB read
Requests/sec:     20.03  
Transfer/sec:      6.10KB
