Running 1m test @ http://10.102.207.185/?loopCount=25&base=6&exp=6
  5 threads and 5 connections

  Thread calibration: mean lat.: 124.330ms, rate sampling interval: 447ms
  Thread calibration: mean lat.: 315.852ms, rate sampling interval: 846ms
  Thread calibration: mean lat.: 223.580ms, rate sampling interval: 635ms
  Thread calibration: mean lat.: 173.332ms, rate sampling interval: 814ms
  Thread calibration: mean lat.: 220.816ms, rate sampling interval: 673ms

-----------------------------------------------------------------------
Test Results @ http://10.102.207.185/?loopCount=25&base=6&exp=6 
  Thread Stats   Avg      Stdev     99%   +/- Stdev
    Latency   422.93ms  333.23ms   1.31s    81.82%
    Req/Sec     9.43      1.67    13.00     92.43%
  Latency Distribution (HdrHistogram - Recorded Latency)
 50.000%  313.34ms
 75.000%  584.19ms
 90.000%    1.04s 
 99.000%    1.31s 
 99.900%    1.41s 
 99.990%    1.43s 
 99.999%    1.43s 
100.000%    1.43s 

  Detailed Percentile spectrum:
       Value   Percentile   TotalCount 1/(1-Percentile)

      21.455     0.000000            1         1.00
     113.471     0.100000          249         1.11
     133.247     0.200000          499         1.25
     210.559     0.300000          746         1.43
     229.887     0.400000          996         1.67
     313.343     0.500000         1243         2.00
     329.727     0.550000         1368         2.22
     421.119     0.600000         1492         2.50
     506.367     0.650000         1618         2.86
     528.383     0.700000         1745         3.33
     584.191     0.750000         1865         4.00
     609.791     0.775000         1929         4.44
     621.567     0.800000         1994         5.00
     691.711     0.825000         2051         5.71
     721.407     0.850000         2114         6.67
     816.127     0.875000         2177         8.00
    1008.639     0.887500         2207         8.89
    1047.039     0.900000         2238        10.00
    1117.183     0.912500         2272        11.43
    1125.375     0.925000         2301        13.33
    1136.639     0.937500         2335        16.00
    1141.759     0.943750         2348        17.78
    1204.223     0.950000         2363        20.00
    1209.343     0.956250         2381        22.86
    1213.439     0.962500         2393        26.67
    1221.631     0.968750         2414        32.00
    1222.655     0.971875         2417        35.56
    1228.799     0.975000         2424        40.00
    1232.895     0.978125         2432        45.71
    1236.991     0.981250         2441        53.33
    1303.551     0.984375         2449        64.00
    1304.575     0.985938         2452        71.11
    1306.623     0.987500         2456        80.00
    1307.647     0.989062         2459        91.43
    1310.719     0.990625         2466       106.67
    1311.743     0.992188         2467       128.00
    1312.767     0.992969         2469       142.22
    1318.911     0.993750         2471       160.00
    1326.079     0.994531         2473       182.86
    1332.223     0.995313         2475       213.33
    1338.367     0.996094         2477       256.00
    1341.439     0.996484         2478       284.44
    1357.823     0.996875         2479       320.00
    1407.999     0.997266         2480       365.71
    1410.047     0.997656         2481       426.67
    1413.119     0.998047         2482       512.00
    1413.119     0.998242         2482       568.89
    1414.143     0.998437         2484       640.00
    1414.143     0.998633         2484       731.43
    1414.143     0.998828         2484       853.33
    1414.143     0.999023         2484      1024.00
    1414.143     0.999121         2484      1137.78
    1423.359     0.999219         2485      1280.00
    1423.359     0.999316         2485      1462.86
    1423.359     0.999414         2485      1706.67
    1423.359     0.999512         2485      2048.00
    1423.359     0.999561         2485      2275.56
    1431.551     0.999609         2486      2560.00
    1431.551     1.000000         2486          inf
#[Mean    =      422.928, StdDeviation   =      333.225]
#[Max     =     1430.528, Total count    =         2486]
#[Buckets =           27, SubBuckets     =         2048]
-----------------------------------------------------------------------
  2969 requests in 1.00m, 0.88MB read
Requests/sec:     49.48  
Transfer/sec:     15.10KB
