Running 1m test @ http://10.103.77.142/?loopCount=25&base=6&exp=6
  5 threads and 5 connections

  Thread calibration: mean lat.: 276.863ms, rate sampling interval: 878ms
  Thread calibration: mean lat.: 276.817ms, rate sampling interval: 865ms
  Thread calibration: mean lat.: 143.187ms, rate sampling interval: 472ms
  Thread calibration: mean lat.: 488.044ms, rate sampling interval: 1301ms
  Thread calibration: mean lat.: 376.730ms, rate sampling interval: 1057ms

-----------------------------------------------------------------------
Test Results @ http://10.103.77.142/?loopCount=25&base=6&exp=6 
  Thread Stats   Avg      Stdev     99%   +/- Stdev
    Latency   854.13ms  549.39ms   2.26s    71.72%
    Req/Sec     9.26      1.48    13.00     87.46%
  Latency Distribution (HdrHistogram - Recorded Latency)
 50.000%  734.72ms
 75.000%    1.23s 
 90.000%    1.73s 
 99.000%    2.26s 
 99.900%    2.48s 
 99.990%    2.54s 
 99.999%    2.54s 
100.000%    2.54s 

  Detailed Percentile spectrum:
       Value   Percentile   TotalCount 1/(1-Percentile)

      42.527     0.000000            1         1.00
     237.823     0.100000          243         1.11
     354.559     0.200000          486         1.25
     459.007     0.300000          729         1.43
     562.687     0.400000          972         1.67
     734.719     0.500000         1213         2.00
     825.343     0.550000         1338         2.22
     935.423     0.600000         1456         2.50
    1052.671     0.650000         1581         2.86
    1138.687     0.700000         1702         3.33
    1232.895     0.750000         1825         4.00
    1245.183     0.775000         1885         4.44
    1260.543     0.800000         1943         5.00
    1343.487     0.825000         2004         5.71
    1378.303     0.850000         2063         6.67
    1491.967     0.875000         2123         8.00
    1643.519     0.887500         2154         8.89
    1730.559     0.900000         2184        10.00
    1754.111     0.912500         2214        11.43
    1831.935     0.925000         2245        13.33
    1853.439     0.937500         2275        16.00
    1946.623     0.943750         2290        17.78
    1960.959     0.950000         2305        20.00
    2026.495     0.956250         2323        22.86
    2036.735     0.962500         2336        26.67
    2053.119     0.968750         2351        32.00
    2061.311     0.971875         2359        35.56
    2131.967     0.975000         2366        40.00
    2154.495     0.978125         2374        45.71
    2228.223     0.981250         2384        53.33
    2236.415     0.984375         2390        64.00
    2238.463     0.985938         2392        71.11
    2244.607     0.987500         2396        80.00
    2252.799     0.989062         2400        91.43
    2291.711     0.990625         2404       106.67
    2332.671     0.992188         2408       128.00
    2338.815     0.992969         2409       142.22
    2369.535     0.993750         2411       160.00
    2375.679     0.994531         2413       182.86
    2383.871     0.995313         2415       213.33
    2387.967     0.996094         2417       256.00
    2392.063     0.996484         2418       284.44
    2398.207     0.996875         2419       320.00
    2433.023     0.997266         2421       365.71
    2433.023     0.997656         2421       426.67
    2467.839     0.998047         2422       512.00
    2467.839     0.998242         2422       568.89
    2469.887     0.998437         2423       640.00
    2469.887     0.998633         2423       731.43
    2480.127     0.998828         2424       853.33
    2480.127     0.999023         2424      1024.00
    2480.127     0.999121         2424      1137.78
    2533.375     0.999219         2425      1280.00
    2533.375     0.999316         2425      1462.86
    2533.375     0.999414         2425      1706.67
    2533.375     0.999512         2425      2048.00
    2533.375     0.999561         2425      2275.56
    2543.615     0.999609         2426      2560.00
    2543.615     1.000000         2426          inf
#[Mean    =      854.135, StdDeviation   =      549.393]
#[Max     =     2541.568, Total count    =         2426]
#[Buckets =           27, SubBuckets     =         2048]
-----------------------------------------------------------------------
  2899 requests in 1.00m, 0.86MB read
Requests/sec:     48.31  
Transfer/sec:     14.74KB
