Running 1m test @ http://10.96.169.80/?loopCount=25&base=6&exp=6
  5 threads and 5 connections

  Thread calibration: mean lat.: 373.518ms, rate sampling interval: 1009ms
  Thread calibration: mean lat.: 517.826ms, rate sampling interval: 1343ms
  Thread calibration: mean lat.: 265.695ms, rate sampling interval: 839ms
  Thread calibration: mean lat.: 373.615ms, rate sampling interval: 1048ms
  Thread calibration: mean lat.: 387.073ms, rate sampling interval: 1160ms

-----------------------------------------------------------------------
Test Results @ http://10.96.169.80/?loopCount=25&base=6&exp=6 
  Thread Stats   Avg      Stdev     99%   +/- Stdev
    Latency   137.70ms  139.18ms 695.81ms   88.36%
    Req/Sec    14.55      1.12    18.00     94.04%
  Latency Distribution (HdrHistogram - Recorded Latency)
 50.000%   85.38ms
 75.000%  160.13ms
 90.000%  306.43ms
 99.000%  695.81ms
 99.900%  782.34ms
 99.990%  808.96ms
 99.999%  808.96ms
100.000%  808.96ms

  Detailed Percentile spectrum:
       Value   Percentile   TotalCount 1/(1-Percentile)

      21.711     0.000000            1         1.00
      40.831     0.100000          382         1.11
      43.103     0.200000          757         1.25
      56.095     0.300000         1135         1.43
      68.735     0.400000         1515         1.67
      85.375     0.500000         1890         2.00
      94.527     0.550000         2079         2.22
     105.023     0.600000         2269         2.50
     120.511     0.650000         2460         2.86
     137.215     0.700000         2646         3.33
     160.127     0.750000         2835         4.00
     174.847     0.775000         2930         4.44
     195.839     0.800000         3024         5.00
     215.679     0.825000         3119         5.71
     238.847     0.850000         3214         6.67
     266.751     0.875000         3308         8.00
     286.463     0.887500         3355         8.89
     306.431     0.900000         3402        10.00
     331.775     0.912500         3450        11.43
     365.823     0.925000         3497        13.33
     402.431     0.937500         3544        16.00
     432.383     0.943750         3568        17.78
     470.015     0.950000         3591        20.00
     512.255     0.956250         3615        22.86
     542.207     0.962500         3639        26.67
     563.711     0.968750         3664        32.00
     571.391     0.971875         3674        35.56
     580.607     0.975000         3687        40.00
     596.479     0.978125         3698        45.71
     619.519     0.981250         3710        53.33
     653.823     0.984375         3721        64.00
     671.231     0.985938         3727        71.11
     678.911     0.987500         3733        80.00
     690.175     0.989062         3739        91.43
     698.367     0.990625         3745       106.67
     714.751     0.992188         3751       128.00
     721.407     0.992969         3754       142.22
     724.479     0.993750         3757       160.00
     729.087     0.994531         3760       182.86
     738.303     0.995313         3763       213.33
     747.519     0.996094         3766       256.00
     748.543     0.996484         3768       284.44
     749.567     0.996875         3769       320.00
     750.079     0.997266         3770       365.71
     760.831     0.997656         3772       426.67
     769.023     0.998047         3773       512.00
     773.119     0.998242         3774       568.89
     774.143     0.998437         3775       640.00
     774.143     0.998633         3775       731.43
     782.335     0.998828         3776       853.33
     784.895     0.999023         3777      1024.00
     784.895     0.999121         3777      1137.78
     800.767     0.999219         3778      1280.00
     800.767     0.999316         3778      1462.86
     800.767     0.999414         3778      1706.67
     803.327     0.999512         3779      2048.00
     803.327     0.999561         3779      2275.56
     803.327     0.999609         3779      2560.00
     803.327     0.999658         3779      2925.71
     803.327     0.999707         3779      3413.33
     808.959     0.999756         3780      4096.00
     808.959     1.000000         3780          inf
#[Mean    =      137.696, StdDeviation   =      139.179]
#[Max     =      808.448, Total count    =         3780]
#[Buckets =           27, SubBuckets     =         2048]
-----------------------------------------------------------------------
  4495 requests in 1.00m, 1.34MB read
Requests/sec:     74.91  
Transfer/sec:     22.83KB
