Running 1m test @ http://10.100.134.99/?loopCount=25&base=6&exp=6
  5 threads and 5 connections

  Thread calibration: mean lat.: 54.430ms, rate sampling interval: 185ms
  Thread calibration: mean lat.: 51.365ms, rate sampling interval: 146ms
  Thread calibration: mean lat.: 49.884ms, rate sampling interval: 164ms
  Thread calibration: mean lat.: 58.954ms, rate sampling interval: 243ms
  Thread calibration: mean lat.: 52.326ms, rate sampling interval: 175ms

-----------------------------------------------------------------------
Test Results @ http://10.100.134.99/?loopCount=25&base=6&exp=6 
  Thread Stats   Avg      Stdev     99%   +/- Stdev
    Latency    46.25ms   17.52ms 121.92ms   89.20%
    Req/Sec     9.50      2.97    16.00     89.40%
  Latency Distribution (HdrHistogram - Recorded Latency)
 50.000%   41.85ms
 75.000%   43.90ms
 90.000%   54.81ms
 99.000%  121.92ms
 99.900%  198.65ms
 99.990%  199.04ms
 99.999%  199.04ms
100.000%  199.04ms

  Detailed Percentile spectrum:
       Value   Percentile   TotalCount 1/(1-Percentile)

      21.455     0.000000            1         1.00
      38.751     0.100000          252         1.11
      40.607     0.200000          501         1.25
      41.119     0.300000          767         1.43
      41.471     0.400000         1027         1.67
      41.855     0.500000         1274         2.00
      42.015     0.550000         1381         2.22
      42.239     0.600000         1513         2.50
      42.495     0.650000         1636         2.86
      42.815     0.700000         1751         3.33
      43.903     0.750000         1875         4.00
      45.535     0.775000         1938         4.44
      47.935     0.800000         2000         5.00
      49.535     0.825000         2064         5.71
      50.463     0.850000         2125         6.67
      51.615     0.875000         2188         8.00
      52.799     0.887500         2220         8.89
      54.815     0.900000         2250        10.00
      57.855     0.912500         2282        11.43
      65.247     0.925000         2313        13.33
      68.223     0.937500         2346        16.00
      69.503     0.943750         2362        17.78
      71.807     0.950000         2375        20.00
      81.791     0.956250         2391        22.86
      88.895     0.962500         2407        26.67
      92.991     0.968750         2423        32.00
      97.087     0.971875         2430        35.56
      97.599     0.975000         2438        40.00
      99.455     0.978125         2446        45.71
     105.151     0.981250         2454        53.33
     108.159     0.984375         2461        64.00
     113.151     0.985938         2465        71.11
     117.631     0.987500         2469        80.00
     121.343     0.989062         2474        91.43
     124.927     0.990625         2477       106.67
     130.431     0.992188         2481       128.00
     141.183     0.992969         2483       142.22
     157.055     0.993750         2485       160.00
     180.095     0.994531         2487       182.86
     181.375     0.995313         2489       213.33
     184.447     0.996094         2491       256.00
     184.831     0.996484         2492       284.44
     185.087     0.996875         2493       320.00
     187.263     0.997266         2494       365.71
     190.079     0.997656         2495       426.67
     191.231     0.998047         2496       512.00
     191.231     0.998242         2496       568.89
     192.639     0.998437         2497       640.00
     192.639     0.998633         2497       731.43
     198.655     0.998828         2498       853.33
     198.655     0.999023         2498      1024.00
     198.655     0.999121         2498      1137.78
     198.911     0.999219         2499      1280.00
     198.911     0.999316         2499      1462.86
     198.911     0.999414         2499      1706.67
     198.911     0.999512         2499      2048.00
     198.911     0.999561         2499      2275.56
     199.039     0.999609         2500      2560.00
     199.039     1.000000         2500          inf
#[Mean    =       46.254, StdDeviation   =       17.517]
#[Max     =      198.912, Total count    =         2500]
#[Buckets =           27, SubBuckets     =         2048]
-----------------------------------------------------------------------
  2995 requests in 1.00m, 0.89MB read
Requests/sec:     49.91  
Transfer/sec:     15.21KB
