Running 1m test @ http://10.97.218.196/?loopCount=25&base=6&exp=6
  1 threads and 1 connections

  Thread calibration: mean lat.: 667.175ms, rate sampling interval: 2256ms

-----------------------------------------------------------------------
Test Results @ http://10.97.218.196/?loopCount=25&base=6&exp=6 
  Thread Stats   Avg      Stdev     99%   +/- Stdev
    Latency     4.39s     1.67s    6.72s    59.96%
    Req/Sec    21.82      1.07    24.00     95.45%
  Latency Distribution (HdrHistogram - Recorded Latency)
 50.000%    4.59s 
 75.000%    5.85s 
 90.000%    6.54s 
 99.000%    6.72s 
 99.900%    6.76s 
 99.990%    6.76s 
 99.999%    6.76s 
100.000%    6.76s 

  Detailed Percentile spectrum:
       Value   Percentile   TotalCount 1/(1-Percentile)

    1313.791     0.000000            1         1.00
    1943.551     0.100000          112         1.11
    2572.287     0.200000          223         1.25
    3387.391     0.300000          335         1.43
    3880.959     0.400000          446         1.67
    4591.615     0.500000          557         2.00
    4837.375     0.550000          613         2.22
    5267.455     0.600000          673         2.50
    5443.583     0.650000          726         2.86
    5660.671     0.700000          780         3.33
    5849.087     0.750000          836         4.00
    5898.239     0.775000          867         4.44
    6033.407     0.800000          894         5.00
    6193.151     0.825000          922         5.71
    6397.951     0.850000          953         6.67
    6524.927     0.875000          979         8.00
    6533.119     0.887500          994         8.89
    6541.311     0.900000         1005        10.00
    6549.503     0.912500         1021        11.43
    6561.791     0.925000         1035        13.33
    6574.079     0.937500         1051        16.00
    6578.175     0.943750         1057        17.78
    6590.463     0.950000         1060        20.00
    6594.559     0.956250         1066        22.86
    6623.231     0.962500         1077        26.67
    6627.327     0.968750         1080        32.00
    6631.423     0.971875         1089        35.56
    6631.423     0.975000         1089        40.00
    6635.519     0.978125         1092        45.71
    6643.711     0.981250         1098        53.33
    6643.711     0.984375         1098        64.00
    6701.055     0.985938         1101        71.11
    6701.055     0.987500         1101        80.00
    6721.535     0.989062         1103        91.43
    6725.631     0.990625         1105       106.67
    6737.919     0.992188         1106       128.00
    6754.303     0.992969         1107       142.22
    6758.399     0.993750         1110       160.00
    6758.399     0.994531         1110       182.86
    6758.399     0.995313         1110       213.33
    6758.399     0.996094         1110       256.00
    6762.495     0.996484         1114       284.44
    6762.495     1.000000         1114          inf
#[Mean    =     4385.803, StdDeviation   =     1670.890]
#[Max     =     6758.400, Total count    =         1114]
#[Buckets =           27, SubBuckets     =         2048]
-----------------------------------------------------------------------
  1332 requests in 1.00m, 405.86KB read
Requests/sec:     22.20  
Transfer/sec:      6.76KB
