Running 1m test @ http://10.102.255.30/?loopCount=25&base=6&exp=6
  5 threads and 5 connections

  Thread calibration: mean lat.: 95.529ms, rate sampling interval: 327ms
  Thread calibration: mean lat.: 86.851ms, rate sampling interval: 296ms
  Thread calibration: mean lat.: 88.214ms, rate sampling interval: 304ms
  Thread calibration: mean lat.: 181.469ms, rate sampling interval: 616ms
  Thread calibration: mean lat.: 120.902ms, rate sampling interval: 418ms

-----------------------------------------------------------------------
Test Results @ http://10.102.255.30/?loopCount=25&base=6&exp=6 
  Thread Stats   Avg      Stdev     99%   +/- Stdev
    Latency    78.68ms   50.25ms 250.62ms   83.55%
    Req/Sec    14.56      2.15    20.00     86.40%
  Latency Distribution (HdrHistogram - Recorded Latency)
 50.000%   60.10ms
 75.000%   97.15ms
 90.000%  150.91ms
 99.000%  250.62ms
 99.900%  308.99ms
 99.990%  341.50ms
 99.999%  341.50ms
100.000%  341.50ms

  Detailed Percentile spectrum:
       Value   Percentile   TotalCount 1/(1-Percentile)

      21.359     0.000000            1         1.00
      40.447     0.100000          385         1.11
      41.151     0.200000          758         1.25
      42.175     0.300000         1126         1.43
      49.183     0.400000         1501         1.67
      60.095     0.500000         1876         2.00
      66.943     0.550000         2064         2.22
      72.959     0.600000         2253         2.50
      78.591     0.650000         2441         2.86
      85.951     0.700000         2627         3.33
      97.151     0.750000         2814         4.00
     105.023     0.775000         2908         4.44
     111.039     0.800000         3002         5.00
     118.271     0.825000         3095         5.71
     129.919     0.850000         3189         6.67
     140.671     0.875000         3283         8.00
     146.687     0.887500         3331         8.89
     150.911     0.900000         3377        10.00
     157.311     0.912500         3423        11.43
     165.503     0.925000         3470        13.33
     174.463     0.937500         3517        16.00
     182.911     0.943750         3542        17.78
     186.751     0.950000         3564        20.00
     192.127     0.956250         3588        22.86
     198.783     0.962500         3611        26.67
     211.711     0.968750         3634        32.00
     216.703     0.971875         3646        35.56
     220.415     0.975000         3658        40.00
     224.895     0.978125         3669        45.71
     228.479     0.981250         3681        53.33
     235.647     0.984375         3693        64.00
     240.127     0.985938         3699        71.11
     245.887     0.987500         3705        80.00
     249.855     0.989062         3710        91.43
     252.415     0.990625         3716       106.67
     254.719     0.992188         3722       128.00
     258.559     0.992969         3725       142.22
     261.631     0.993750         3728       160.00
     269.823     0.994531         3731       182.86
     278.783     0.995313         3734       213.33
     280.831     0.996094         3737       256.00
     284.159     0.996484         3738       284.44
     293.887     0.996875         3740       320.00
     296.447     0.997266         3741       365.71
     306.687     0.997656         3743       426.67
     306.943     0.998047         3745       512.00
     306.943     0.998242         3745       568.89
     307.199     0.998437         3746       640.00
     307.199     0.998633         3746       731.43
     308.991     0.998828         3747       853.33
     316.671     0.999023         3748      1024.00
     316.671     0.999121         3748      1137.78
     318.463     0.999219         3749      1280.00
     318.463     0.999316         3749      1462.86
     318.463     0.999414         3749      1706.67
     318.975     0.999512         3750      2048.00
     318.975     0.999561         3750      2275.56
     318.975     0.999609         3750      2560.00
     318.975     0.999658         3750      2925.71
     318.975     0.999707         3750      3413.33
     341.503     0.999756         3751      4096.00
     341.503     1.000000         3751          inf
#[Mean    =       78.675, StdDeviation   =       50.246]
#[Max     =      341.248, Total count    =         3751]
#[Buckets =           27, SubBuckets     =         2048]
-----------------------------------------------------------------------
  4492 requests in 1.00m, 1.34MB read
Requests/sec:     74.86  
Transfer/sec:     22.81KB
