Running 1m test @ http://10.100.185.202/?loopCount=25&base=6&exp=6
  5 threads and 5 connections

  Thread calibration: mean lat.: 444.836ms, rate sampling interval: 1277ms
  Thread calibration: mean lat.: 851.062ms, rate sampling interval: 2635ms
  Thread calibration: mean lat.: 705.698ms, rate sampling interval: 2607ms
  Thread calibration: mean lat.: 773.481ms, rate sampling interval: 2600ms
  Thread calibration: mean lat.: 488.240ms, rate sampling interval: 2344ms

-----------------------------------------------------------------------
Test Results @ http://10.100.185.202/?loopCount=25&base=6&exp=6 
  Thread Stats   Avg      Stdev     99%   +/- Stdev
    Latency     2.37s   867.30ms   4.46s    63.91%
    Req/Sec    13.79      1.70    17.00     84.48%
  Latency Distribution (HdrHistogram - Recorded Latency)
 50.000%    2.45s 
 75.000%    2.93s 
 90.000%    3.54s 
 99.000%    4.46s 
 99.900%    4.77s 
 99.990%    4.80s 
 99.999%    4.80s 
100.000%    4.80s 

  Detailed Percentile spectrum:
       Value   Percentile   TotalCount 1/(1-Percentile)

     831.487     0.000000            1         1.00
    1281.023     0.100000          360         1.11
    1526.783     0.200000          721         1.25
    1684.479     0.300000         1080         1.43
    1895.423     0.400000         1439         1.67
    2451.455     0.500000         1799         2.00
    2603.007     0.550000         1979         2.22
    2678.783     0.600000         2162         2.50
    2742.271     0.650000         2339         2.86
    2828.287     0.700000         2519         3.33
    2930.687     0.750000         2698         4.00
    3004.415     0.775000         2788         4.44
    3131.391     0.800000         2879         5.00
    3225.599     0.825000         2968         5.71
    3358.719     0.850000         3058         6.67
    3497.983     0.875000         3149         8.00
    3516.415     0.887500         3195         8.89
    3540.991     0.900000         3241        10.00
    3590.143     0.912500         3283        11.43
    3670.015     0.925000         3329        13.33
    3776.511     0.937500         3373        16.00
    3809.279     0.943750         3395        17.78
    3839.999     0.950000         3418        20.00
    3860.479     0.956250         3442        22.86
    3883.007     0.962500         3464        26.67
    3913.727     0.968750         3486        32.00
    3932.159     0.971875         3496        35.56
    4030.463     0.975000         3508        40.00
    4198.399     0.978125         3519        45.71
    4222.975     0.981250         3530        53.33
    4337.663     0.984375         3541        64.00
    4354.047     0.985938         3548        71.11
    4378.623     0.987500         3553        80.00
    4423.679     0.989062         3559        91.43
    4468.735     0.990625         3564       106.67
    4489.215     0.992188         3569       128.00
    4505.599     0.992969         3572       142.22
    4603.903     0.993750         3575       160.00
    4673.535     0.994531         3578       182.86
    4698.111     0.995313         3581       213.33
    4702.207     0.996094         3583       256.00
    4722.687     0.996484         3585       284.44
    4730.879     0.996875         3586       320.00
    4747.263     0.997266         3588       365.71
    4751.359     0.997656         3590       426.67
    4751.359     0.998047         3590       512.00
    4759.551     0.998242         3591       568.89
    4763.647     0.998437         3592       640.00
    4771.839     0.998633         3593       731.43
    4771.839     0.998828         3593       853.33
    4780.031     0.999023         3595      1024.00
    4780.031     0.999121         3595      1137.78
    4780.031     0.999219         3595      1280.00
    4780.031     0.999316         3595      1462.86
    4780.031     0.999414         3595      1706.67
    4784.127     0.999512         3596      2048.00
    4784.127     0.999561         3596      2275.56
    4784.127     0.999609         3596      2560.00
    4784.127     0.999658         3596      2925.71
    4784.127     0.999707         3596      3413.33
    4804.607     0.999756         3597      4096.00
    4804.607     1.000000         3597          inf
#[Mean    =     2369.569, StdDeviation   =      867.300]
#[Max     =     4800.512, Total count    =         3597]
#[Buckets =           27, SubBuckets     =         2048]
-----------------------------------------------------------------------
  4253 requests in 1.00m, 1.27MB read
Requests/sec:     70.87  
Transfer/sec:     21.60KB
