Running 1m test @ http://10.111.78.179/?loopCount=25&base=6&exp=6
  5 threads and 5 connections

  Thread calibration: mean lat.: 119.438ms, rate sampling interval: 350ms
  Thread calibration: mean lat.: 129.874ms, rate sampling interval: 369ms
  Thread calibration: mean lat.: 126.100ms, rate sampling interval: 509ms
  Thread calibration: mean lat.: 161.213ms, rate sampling interval: 702ms
  Thread calibration: mean lat.: 117.465ms, rate sampling interval: 333ms

-----------------------------------------------------------------------
Test Results @ http://10.111.78.179/?loopCount=25&base=6&exp=6 
  Thread Stats   Avg      Stdev     99%   +/- Stdev
    Latency   213.03ms  140.43ms 671.23ms   76.21%
    Req/Sec     9.50      1.93    14.00     89.09%
  Latency Distribution (HdrHistogram - Recorded Latency)
 50.000%  169.34ms
 75.000%  269.31ms
 90.000%  378.11ms
 99.000%  671.23ms
 99.900%  849.92ms
 99.990%  867.84ms
 99.999%  867.84ms
100.000%  867.84ms

  Detailed Percentile spectrum:
       Value   Percentile   TotalCount 1/(1-Percentile)

      25.407     0.000000            1         1.00
      76.735     0.100000          249         1.11
      84.991     0.200000          503         1.25
     150.015     0.300000          748         1.43
     159.231     0.400000          997         1.67
     169.343     0.500000         1245         2.00
     176.127     0.550000         1370         2.22
     184.959     0.600000         1493         2.50
     253.311     0.650000         1619         2.86
     260.863     0.700000         1742         3.33
     269.311     0.750000         1868         4.00
     273.407     0.775000         1929         4.44
     280.319     0.800000         1991         5.00
     351.231     0.825000         2053         5.71
     359.679     0.850000         2115         6.67
     367.103     0.875000         2177         8.00
     372.223     0.887500         2209         8.89
     378.367     0.900000         2240        10.00
     450.559     0.912500         2271        11.43
     456.959     0.925000         2302        13.33
     472.319     0.937500         2334        16.00
     477.951     0.943750         2350        17.78
     483.839     0.950000         2365        20.00
     551.423     0.956250         2380        22.86
     559.615     0.962500         2395        26.67
     571.391     0.968750         2412        32.00
     579.583     0.971875         2419        35.56
     583.679     0.975000         2428        40.00
     592.383     0.978125         2434        45.71
     654.335     0.981250         2442        53.33
     660.479     0.984375         2450        64.00
     665.599     0.985938         2455        71.11
     667.135     0.987500         2457        80.00
     669.695     0.989062         2462        91.43
     677.375     0.990625         2465       106.67
     681.471     0.992188         2469       128.00
     684.031     0.992969         2471       142.22
     750.079     0.993750         2473       160.00
     753.663     0.994531         2475       182.86
     754.175     0.995313         2477       213.33
     758.783     0.996094         2479       256.00
     759.807     0.996484         2480       284.44
     760.319     0.996875         2481       320.00
     760.831     0.997266         2482       365.71
     764.927     0.997656         2483       426.67
     769.023     0.998047         2484       512.00
     769.023     0.998242         2484       568.89
     773.119     0.998437         2485       640.00
     773.119     0.998633         2485       731.43
     849.919     0.998828         2486       853.33
     849.919     0.999023         2486      1024.00
     849.919     0.999121         2486      1137.78
     856.063     0.999219         2487      1280.00
     856.063     0.999316         2487      1462.86
     856.063     0.999414         2487      1706.67
     856.063     0.999512         2487      2048.00
     856.063     0.999561         2487      2275.56
     867.839     0.999609         2488      2560.00
     867.839     1.000000         2488          inf
#[Mean    =      213.027, StdDeviation   =      140.434]
#[Max     =      867.328, Total count    =         2488]
#[Buckets =           27, SubBuckets     =         2048]
-----------------------------------------------------------------------
  2983 requests in 1.00m, 0.89MB read
Requests/sec:     49.71  
Transfer/sec:     15.16KB
