Running 1m test @ http://10.97.57.202/?loopCount=25&base=6&exp=6
  5 threads and 5 connections

  Thread calibration: mean lat.: 1211.660ms, rate sampling interval: 3694ms
  Thread calibration: mean lat.: 677.832ms, rate sampling interval: 1875ms
  Thread calibration: mean lat.: 1014.473ms, rate sampling interval: 3467ms
  Thread calibration: mean lat.: 867.766ms, rate sampling interval: 2580ms
  Thread calibration: mean lat.: 1077.394ms, rate sampling interval: 3526ms

-----------------------------------------------------------------------
Test Results @ http://10.97.57.202/?loopCount=25&base=6&exp=6 
  Thread Stats   Avg      Stdev     99%   +/- Stdev
    Latency     5.66s     2.18s    9.73s    59.35%
    Req/Sec    12.27      0.99    15.00     96.51%
  Latency Distribution (HdrHistogram - Recorded Latency)
 50.000%    5.52s 
 75.000%    7.48s 
 90.000%    8.49s 
 99.000%    9.73s 
 99.900%   10.22s 
 99.990%   10.33s 
 99.999%   10.33s 
100.000%   10.33s 

  Detailed Percentile spectrum:
       Value   Percentile   TotalCount 1/(1-Percentile)

    1216.511     0.000000            1         1.00
    2641.919     0.100000          319         1.11
    3444.735     0.200000          639         1.25
    4227.071     0.300000          958         1.43
    5062.655     0.400000         1277         1.67
    5517.311     0.500000         1595         2.00
    6017.023     0.550000         1754         2.22
    6504.447     0.600000         1913         2.50
    6815.743     0.650000         2073         2.86
    7192.575     0.700000         2232         3.33
    7475.199     0.750000         2391         4.00
    7733.247     0.775000         2471         4.44
    7843.839     0.800000         2551         5.00
    7946.239     0.825000         2634         5.71
    8036.351     0.850000         2711         6.67
    8282.111     0.875000         2790         8.00
    8421.375     0.887500         2835         8.89
    8486.911     0.900000         2872        10.00
    8675.327     0.912500         2910        11.43
    8790.015     0.925000         2949        13.33
    9011.199     0.937500         2990        16.00
    9142.271     0.943750         3011        17.78
    9215.999     0.950000         3029        20.00
    9322.495     0.956250         3049        22.86
    9355.263     0.962500         3069        26.67
    9388.031     0.968750         3089        32.00
    9404.415     0.971875         3099        35.56
    9428.991     0.975000         3113        40.00
    9445.375     0.978125         3119        45.71
    9461.759     0.981250         3129        53.33
    9543.679     0.984375         3140        64.00
    9568.255     0.985938         3144        71.11
    9592.831     0.987500         3149        80.00
    9699.327     0.989062         3154        91.43
    9773.055     0.990625         3159       106.67
    9871.359     0.992188         3164       128.00
    9920.511     0.992969         3166       142.22
    9969.663     0.993750         3169       160.00
   10002.431     0.994531         3171       182.86
   10043.391     0.995313         3174       213.33
   10059.775     0.996094         3176       256.00
   10084.351     0.996484         3177       284.44
   10133.503     0.996875         3179       320.00
   10149.887     0.997266         3180       365.71
   10158.079     0.997656         3181       426.67
   10166.271     0.998047         3182       512.00
   10182.655     0.998242         3183       568.89
   10190.847     0.998437         3184       640.00
   10190.847     0.998633         3184       731.43
   10215.423     0.998828         3185       853.33
   10215.423     0.999023         3185      1024.00
   10313.727     0.999121         3187      1137.78
   10313.727     0.999219         3187      1280.00
   10313.727     0.999316         3187      1462.86
   10313.727     0.999414         3187      1706.67
   10313.727     0.999512         3187      2048.00
   10313.727     0.999561         3187      2275.56
   10313.727     0.999609         3187      2560.00
   10313.727     0.999658         3187      2925.71
   10330.111     0.999707         3188      3413.33
   10330.111     1.000000         3188          inf
#[Mean    =     5661.122, StdDeviation   =     2181.588]
#[Max     =    10321.920, Total count    =         3188]
#[Buckets =           27, SubBuckets     =         2048]
-----------------------------------------------------------------------
  3804 requests in 1.00m, 1.13MB read
Requests/sec:     63.39  
Transfer/sec:     19.32KB
