Running 1m test @ http://10.106.127.105/?loopCount=25&base=6&exp=6
  5 threads and 5 connections

  Thread calibration: mean lat.: 67.354ms, rate sampling interval: 239ms
  Thread calibration: mean lat.: 63.307ms, rate sampling interval: 226ms
  Thread calibration: mean lat.: 62.965ms, rate sampling interval: 211ms
  Thread calibration: mean lat.: 74.246ms, rate sampling interval: 262ms
  Thread calibration: mean lat.: 80.251ms, rate sampling interval: 349ms

-----------------------------------------------------------------------
Test Results @ http://10.106.127.105/?loopCount=25&base=6&exp=6 
  Thread Stats   Avg      Stdev     99%   +/- Stdev
    Latency    47.65ms   17.93ms 103.55ms   81.12%
    Req/Sec     9.48      2.08    14.00     88.19%
  Latency Distribution (HdrHistogram - Recorded Latency)
 50.000%   41.85ms
 75.000%   42.94ms
 90.000%   82.82ms
 99.000%  103.55ms
 99.900%  169.47ms
 99.990%  176.13ms
 99.999%  176.13ms
100.000%  176.13ms

  Detailed Percentile spectrum:
       Value   Percentile   TotalCount 1/(1-Percentile)

      21.503     0.000000            1         1.00
      38.335     0.100000          251         1.11
      40.607     0.200000          501         1.25
      41.087     0.300000          755         1.43
      41.503     0.400000         1017         1.67
      41.855     0.500000         1251         2.00
      42.047     0.550000         1386         2.22
      42.239     0.600000         1510         2.50
      42.431     0.650000         1632         2.86
      42.655     0.700000         1767         3.33
      42.943     0.750000         1880         4.00
      43.231     0.775000         1944         4.44
      44.255     0.800000         2000         5.00
      47.551     0.825000         2063         5.71
      56.287     0.850000         2125         6.67
      80.703     0.875000         2189         8.00
      81.727     0.887500         2219         8.89
      82.815     0.900000         2250        10.00
      84.607     0.912500         2282        11.43
      85.375     0.925000         2313        13.33
      86.143     0.937500         2344        16.00
      86.591     0.943750         2361        17.78
      88.063     0.950000         2375        20.00
      90.687     0.956250         2391        22.86
      92.031     0.962500         2407        26.67
      93.823     0.968750         2422        32.00
      95.231     0.971875         2430        35.56
      96.575     0.975000         2438        40.00
      97.279     0.978125         2446        45.71
      99.007     0.981250         2454        53.33
     101.311     0.984375         2462        64.00
     101.695     0.985938         2465        71.11
     102.079     0.987500         2469        80.00
     103.231     0.989062         2473        91.43
     103.679     0.990625         2477       106.67
     105.535     0.992188         2482       128.00
     105.727     0.992969         2483       142.22
     110.015     0.993750         2485       160.00
     110.527     0.994531         2487       182.86
     111.231     0.995313         2490       213.33
     111.295     0.996094         2491       256.00
     116.927     0.996484         2492       284.44
     117.887     0.996875         2493       320.00
     118.271     0.997266         2494       365.71
     118.335     0.997656         2495       426.67
     120.319     0.998047         2496       512.00
     120.319     0.998242         2496       568.89
     165.503     0.998437         2497       640.00
     165.503     0.998633         2497       731.43
     169.471     0.998828         2498       853.33
     169.471     0.999023         2498      1024.00
     169.471     0.999121         2498      1137.78
     173.695     0.999219         2499      1280.00
     173.695     0.999316         2499      1462.86
     173.695     0.999414         2499      1706.67
     173.695     0.999512         2499      2048.00
     173.695     0.999561         2499      2275.56
     176.127     0.999609         2500      2560.00
     176.127     1.000000         2500          inf
#[Mean    =       47.652, StdDeviation   =       17.934]
#[Max     =      176.000, Total count    =         2500]
#[Buckets =           27, SubBuckets     =         2048]
-----------------------------------------------------------------------
  2995 requests in 1.00m, 0.89MB read
Requests/sec:     49.91  
Transfer/sec:     15.21KB
