Running 1m test @ http://10.100.134.99/?loopCount=25&base=6&exp=6
  5 threads and 5 connections

  Thread calibration: mean lat.: 60.201ms, rate sampling interval: 198ms
  Thread calibration: mean lat.: 65.710ms, rate sampling interval: 212ms
  Thread calibration: mean lat.: 67.292ms, rate sampling interval: 231ms
  Thread calibration: mean lat.: 65.821ms, rate sampling interval: 230ms
  Thread calibration: mean lat.: 60.953ms, rate sampling interval: 203ms

-----------------------------------------------------------------------
Test Results @ http://10.100.134.99/?loopCount=25&base=6&exp=6 
  Thread Stats   Avg      Stdev     99%   +/- Stdev
    Latency    47.34ms   18.04ms 124.54ms   89.40%
    Req/Sec     9.51      2.15    15.00     82.42%
  Latency Distribution (HdrHistogram - Recorded Latency)
 50.000%   42.01ms
 75.000%   48.38ms
 90.000%   58.59ms
 99.000%  124.54ms
 99.900%  216.45ms
 99.990%  276.22ms
 99.999%  276.22ms
100.000%  276.22ms

  Detailed Percentile spectrum:
       Value   Percentile   TotalCount 1/(1-Percentile)

      21.743     0.000000            1         1.00
      39.551     0.100000          250         1.11
      40.831     0.200000          512         1.25
      41.215     0.300000          762         1.43
      41.599     0.400000         1013         1.67
      42.015     0.500000         1263         2.00
      42.239     0.550000         1390         2.22
      42.527     0.600000         1508         2.50
      43.103     0.650000         1628         2.86
      44.927     0.700000         1752         3.33
      48.383     0.750000         1875         4.00
      49.695     0.775000         1938         4.44
      50.399     0.800000         2001         5.00
      51.871     0.825000         2063         5.71
      53.279     0.850000         2125         6.67
      55.935     0.875000         2188         8.00
      57.087     0.887500         2219         8.89
      58.591     0.900000         2250        10.00
      63.519     0.912500         2282        11.43
      66.623     0.925000         2314        13.33
      68.031     0.937500         2344        16.00
      69.503     0.943750         2360        17.78
      73.791     0.950000         2375        20.00
      77.247     0.956250         2391        22.86
      81.023     0.962500         2407        26.67
      85.311     0.968750         2422        32.00
      89.791     0.971875         2431        35.56
      93.183     0.975000         2438        40.00
      94.719     0.978125         2446        45.71
      97.791     0.981250         2454        53.33
     104.831     0.984375         2461        64.00
     109.759     0.985938         2465        71.11
     114.367     0.987500         2470        80.00
     118.975     0.989062         2473        91.43
     131.711     0.990625         2477       106.67
     151.551     0.992188         2481       128.00
     157.695     0.992969         2483       142.22
     173.823     0.993750         2486       160.00
     174.079     0.994531         2488       182.86
     177.151     0.995313         2489       213.33
     179.839     0.996094         2491       256.00
     181.759     0.996484         2492       284.44
     182.399     0.996875         2493       320.00
     184.447     0.997266         2494       365.71
     187.135     0.997656         2495       426.67
     198.783     0.998047         2496       512.00
     198.783     0.998242         2496       568.89
     213.375     0.998437         2497       640.00
     213.375     0.998633         2497       731.43
     216.447     0.998828         2498       853.33
     216.447     0.999023         2498      1024.00
     216.447     0.999121         2498      1137.78
     271.615     0.999219         2499      1280.00
     271.615     0.999316         2499      1462.86
     271.615     0.999414         2499      1706.67
     271.615     0.999512         2499      2048.00
     271.615     0.999561         2499      2275.56
     276.223     0.999609         2500      2560.00
     276.223     1.000000         2500          inf
#[Mean    =       47.340, StdDeviation   =       18.042]
#[Max     =      275.968, Total count    =         2500]
#[Buckets =           27, SubBuckets     =         2048]
-----------------------------------------------------------------------
  2995 requests in 1.00m, 0.89MB read
Requests/sec:     49.91  
Transfer/sec:     15.21KB
