Running 1m test @ http://10.106.106.124/?loopCount=25&base=6&exp=6
  1 threads and 1 connections

  Thread calibration: mean lat.: 744.438ms, rate sampling interval: 2668ms

-----------------------------------------------------------------------
Test Results @ http://10.106.106.124/?loopCount=25&base=6&exp=6 
  Thread Stats   Avg      Stdev     99%   +/- Stdev
    Latency     7.21s     3.03s   11.76s    58.91%
    Req/Sec    19.22      1.62    21.00     88.89%
  Latency Distribution (HdrHistogram - Recorded Latency)
 50.000%    7.74s 
 75.000%    9.65s 
 90.000%   11.20s 
 99.000%   11.76s 
 99.900%   11.95s 
 99.990%   11.95s 
 99.999%   11.95s 
100.000%   11.95s 

  Detailed Percentile spectrum:
       Value   Percentile   TotalCount 1/(1-Percentile)

    1685.503     0.000000            1         1.00
    2373.631     0.100000          106         1.11
    4095.999     0.200000          199         1.25
    5758.975     0.300000          298         1.43
    6631.423     0.400000          399         1.67
    7741.439     0.500000          499         2.00
    8151.039     0.550000          548         2.22
    8454.143     0.600000          598         2.50
    8822.783     0.650000          647         2.86
    9215.999     0.700000          698         3.33
    9650.175     0.750000          748         4.00
   10002.431     0.775000          774         4.44
   10248.191     0.800000          795         5.00
   10575.871     0.825000          820         5.71
   10747.903     0.850000          853         6.67
   10846.207     0.875000          869         8.00
   11067.391     0.887500          883         8.89
   11198.463     0.900000          897        10.00
   11263.999     0.912500          912        11.43
   11296.767     0.925000          921        13.33
   11509.759     0.937500          932        16.00
   11526.143     0.943750          938        17.78
   11591.679     0.950000          945        20.00
   11599.871     0.956250          950        22.86
   11616.255     0.962500          957        26.67
   11681.791     0.968750          962        32.00
   11755.519     0.971875          985        35.56
   11755.519     0.975000          985        40.00
   11755.519     0.978125          985        45.71
   11755.519     0.981250          985        53.33
   11755.519     0.984375          985        64.00
   11755.519     0.985938          985        71.11
   11755.519     0.987500          985        80.00
   11755.519     0.989062          985        91.43
   11755.519     0.990625          985       106.67
   11804.671     0.992188          986       128.00
   11862.015     0.992969          988       142.22
   11862.015     0.993750          988       160.00
   11862.015     0.994531          988       182.86
   11886.591     0.995313          990       213.33
   11886.591     0.996094          990       256.00
   11886.591     0.996484          990       284.44
   11886.591     0.996875          990       320.00
   11902.975     0.997266          991       365.71
   11902.975     0.997656          991       426.67
   11952.127     0.998047          993       512.00
   11952.127     1.000000          993          inf
#[Mean    =     7212.937, StdDeviation   =     3033.695]
#[Max     =    11943.936, Total count    =          993]
#[Buckets =           27, SubBuckets     =         2048]
-----------------------------------------------------------------------
  1200 requests in 1.00m, 365.64KB read
Requests/sec:     20.00  
Transfer/sec:      6.09KB
