Running 1m test @ http://10.106.106.124/?loopCount=25&base=6&exp=6
  5 threads and 5 connections

  Thread calibration: mean lat.: 173.770ms, rate sampling interval: 864ms
  Thread calibration: mean lat.: 132.564ms, rate sampling interval: 644ms
  Thread calibration: mean lat.: 91.196ms, rate sampling interval: 294ms
  Thread calibration: mean lat.: 152.435ms, rate sampling interval: 539ms
  Thread calibration: mean lat.: 131.439ms, rate sampling interval: 452ms

-----------------------------------------------------------------------
Test Results @ http://10.106.106.124/?loopCount=25&base=6&exp=6 
  Thread Stats   Avg      Stdev     99%   +/- Stdev
    Latency     1.51s   721.41ms   2.91s    57.90%
    Req/Sec    13.89      3.17    20.00     87.75%
  Latency Distribution (HdrHistogram - Recorded Latency)
 50.000%    1.52s 
 75.000%    2.17s 
 90.000%    2.44s 
 99.000%    2.91s 
 99.900%    3.02s 
 99.990%    3.05s 
 99.999%    3.05s 
100.000%    3.05s 

  Detailed Percentile spectrum:
       Value   Percentile   TotalCount 1/(1-Percentile)

      41.759     0.000000            1         1.00
     536.063     0.100000          358         1.11
     753.151     0.200000          716         1.25
    1027.583     0.300000         1074         1.43
    1341.439     0.400000         1432         1.67
    1516.543     0.500000         1789         2.00
    1602.559     0.550000         1968         2.22
    1705.983     0.600000         2148         2.50
    1780.735     0.650000         2327         2.86
    2035.711     0.700000         2504         3.33
    2168.831     0.750000         2686         4.00
    2203.647     0.775000         2776         4.44
    2234.367     0.800000         2865         5.00
    2267.135     0.825000         2954         5.71
    2310.143     0.850000         3041         6.67
    2375.679     0.875000         3132         8.00
    2404.351     0.887500         3176         8.89
    2441.215     0.900000         3221        10.00
    2514.943     0.912500         3265        11.43
    2582.527     0.925000         3310        13.33
    2623.487     0.937500         3354        16.00
    2648.063     0.943750         3377        17.78
    2664.447     0.950000         3399        20.00
    2676.735     0.956250         3421        22.86
    2689.023     0.962500         3444        26.67
    2707.455     0.968750         3466        32.00
    2723.839     0.971875         3478        35.56
    2740.223     0.975000         3489        40.00
    2762.751     0.978125         3499        45.71
    2793.471     0.981250         3510        53.33
    2824.191     0.984375         3522        64.00
    2859.007     0.985938         3527        71.11
    2887.679     0.987500         3534        80.00
    2897.919     0.989062         3538        91.43
    2920.447     0.990625         3544       106.67
    2930.687     0.992188         3550       128.00
    2938.879     0.992969         3553       142.22
    2951.167     0.993750         3555       160.00
    2955.263     0.994531         3558       182.86
    2967.551     0.995313         3561       213.33
    2981.887     0.996094         3564       256.00
    2983.935     0.996484         3565       284.44
    3000.319     0.996875         3566       320.00
    3006.463     0.997266         3568       365.71
    3008.511     0.997656         3570       426.67
    3010.559     0.998047         3571       512.00
    3010.559     0.998242         3571       568.89
    3012.607     0.998437         3572       640.00
    3016.703     0.998633         3573       731.43
    3016.703     0.998828         3573       853.33
    3022.847     0.999023         3574      1024.00
    3022.847     0.999121         3574      1137.78
    3033.087     0.999219         3575      1280.00
    3033.087     0.999316         3575      1462.86
    3033.087     0.999414         3575      1706.67
    3041.279     0.999512         3576      2048.00
    3041.279     0.999561         3576      2275.56
    3041.279     0.999609         3576      2560.00
    3041.279     0.999658         3576      2925.71
    3041.279     0.999707         3576      3413.33
    3049.471     0.999756         3577      4096.00
    3049.471     1.000000         3577          inf
#[Mean    =     1507.077, StdDeviation   =      721.411]
#[Max     =     3047.424, Total count    =         3577]
#[Buckets =           27, SubBuckets     =         2048]
-----------------------------------------------------------------------
  4302 requests in 1.00m, 1.28MB read
Requests/sec:     71.69  
Transfer/sec:     21.85KB
