Running 1m test @ http://10.111.78.179/?loopCount=25&base=6&exp=6
  1 threads and 1 connections

  Thread calibration: mean lat.: 46.003ms, rate sampling interval: 116ms

-----------------------------------------------------------------------
Test Results @ http://10.111.78.179/?loopCount=25&base=6&exp=6 
  Thread Stats   Avg      Stdev     99%   +/- Stdev
    Latency   259.78ms  100.65ms 395.26ms   59.50%
    Req/Sec    24.40      3.01    34.00     86.05%
  Latency Distribution (HdrHistogram - Recorded Latency)
 50.000%  295.17ms
 75.000%  350.46ms
 90.000%  372.22ms
 99.000%  395.26ms
 99.900%  400.13ms
 99.990%  400.89ms
 99.999%  400.89ms
100.000%  400.89ms

  Detailed Percentile spectrum:
       Value   Percentile   TotalCount 1/(1-Percentile)

      44.543     0.000000            1         1.00
     107.263     0.100000          125         1.11
     161.023     0.200000          249         1.25
     187.135     0.300000          373         1.43
     226.687     0.400000          497         1.67
     295.167     0.500000          621         2.00
     314.367     0.550000          686         2.22
     322.559     0.600000          748         2.50
     327.423     0.650000          811         2.86
     335.615     0.700000          871         3.33
     350.463     0.750000          932         4.00
     356.863     0.775000          965         4.44
     363.519     0.800000          994         5.00
     366.847     0.825000         1025         5.71
     368.895     0.850000         1059         6.67
     370.687     0.875000         1089         8.00
     371.455     0.887500         1104         8.89
     372.223     0.900000         1120        10.00
     373.503     0.912500         1136        11.43
     374.527     0.925000         1149        13.33
     375.807     0.937500         1166        16.00
     376.575     0.943750         1173        17.78
     378.879     0.950000         1180        20.00
     380.927     0.956250         1188        22.86
     384.255     0.962500         1197        26.67
     387.327     0.968750         1204        32.00
     388.351     0.971875         1209        35.56
     389.375     0.975000         1212        40.00
     390.143     0.978125         1215        45.71
     391.679     0.981250         1219        53.33
     392.703     0.984375         1223        64.00
     393.471     0.985938         1226        71.11
     393.727     0.987500         1227        80.00
     395.007     0.989062         1229        91.43
     395.519     0.990625         1231       106.67
     396.287     0.992188         1233       128.00
     396.543     0.992969         1234       142.22
     397.311     0.993750         1235       160.00
     397.823     0.994531         1236       182.86
     398.079     0.995313         1237       213.33
     398.847     0.996094         1238       256.00
     398.847     0.996484         1238       284.44
     399.103     0.996875         1240       320.00
     399.103     0.997266         1240       365.71
     399.103     0.997656         1240       426.67
     399.103     0.998047         1240       512.00
     399.103     0.998242         1240       568.89
     400.127     0.998437         1241       640.00
     400.127     0.998633         1241       731.43
     400.127     0.998828         1241       853.33
     400.127     0.999023         1241      1024.00
     400.127     0.999121         1241      1137.78
     400.895     0.999219         1242      1280.00
     400.895     1.000000         1242          inf
#[Mean    =      259.784, StdDeviation   =      100.648]
#[Max     =      400.640, Total count    =         1242]
#[Buckets =           27, SubBuckets     =         2048]
-----------------------------------------------------------------------
  1490 requests in 1.00m, 453.98KB read
Requests/sec:     24.83  
Transfer/sec:      7.57KB
