Running 1m test @ http://10.100.185.202/?loopCount=25&base=6&exp=6
  1 threads and 1 connections

  Thread calibration: mean lat.: 653.626ms, rate sampling interval: 2238ms

-----------------------------------------------------------------------
Test Results @ http://10.100.185.202/?loopCount=25&base=6&exp=6 
  Thread Stats   Avg      Stdev     99%   +/- Stdev
    Latency     4.18s     1.74s    7.23s    57.62%
    Req/Sec    21.59      1.07    23.00    100.00%
  Latency Distribution (HdrHistogram - Recorded Latency)
 50.000%    4.34s 
 75.000%    5.70s 
 90.000%    6.72s 
 99.000%    7.23s 
 99.900%    7.25s 
 99.990%    7.25s 
 99.999%    7.25s 
100.000%    7.25s 

  Detailed Percentile spectrum:
       Value   Percentile   TotalCount 1/(1-Percentile)

    1318.911     0.000000            1         1.00
    1899.519     0.100000          115         1.11
    2347.007     0.200000          221         1.25
    2824.191     0.300000          331         1.43
    3303.423     0.400000          441         1.67
    4341.759     0.500000          552         2.00
    4546.559     0.550000          608         2.22
    4734.975     0.600000          662         2.50
    4866.047     0.650000          717         2.86
    5423.103     0.700000          773         3.33
    5697.535     0.750000          832         4.00
    5914.623     0.775000          855         4.44
    5943.295     0.800000          890         5.00
    6062.079     0.825000          910         5.71
    6344.703     0.850000          937         6.67
    6516.735     0.875000          965         8.00
    6627.327     0.887500          980         8.89
    6721.535     0.900000          992        10.00
    6754.303     0.912500         1007        11.43
    6803.455     0.925000         1025        13.33
    6811.647     0.937500         1036        16.00
    6885.375     0.943750         1041        17.78
    6942.719     0.950000         1052        20.00
    6946.815     0.956250         1055        22.86
    6955.007     0.962500         1066        26.67
    6983.679     0.968750         1068        32.00
    7131.135     0.971875         1072        35.56
    7180.287     0.975000         1076        40.00
    7196.671     0.978125         1078        45.71
    7225.343     0.981250         1088        53.33
    7225.343     0.984375         1088        64.00
    7225.343     0.985938         1088        71.11
    7229.439     0.987500         1093        80.00
    7229.439     0.989062         1093        91.43
    7229.439     0.990625         1093       106.67
    7233.535     0.992188         1095       128.00
    7233.535     0.992969         1095       142.22
    7237.631     0.993750         1099       160.00
    7237.631     0.994531         1099       182.86
    7237.631     0.995313         1099       213.33
    7237.631     0.996094         1099       256.00
    7237.631     0.996484         1099       284.44
    7237.631     0.996875         1099       320.00
    7237.631     0.997266         1099       365.71
    7245.823     0.997656         1101       426.67
    7245.823     0.998047         1101       512.00
    7245.823     0.998242         1101       568.89
    7245.823     0.998437         1101       640.00
    7245.823     0.998633         1101       731.43
    7245.823     0.998828         1101       853.33
    7245.823     0.999023         1101      1024.00
    7249.919     0.999121         1102      1137.78
    7249.919     1.000000         1102          inf
#[Mean    =     4177.196, StdDeviation   =     1738.969]
#[Max     =     7245.824, Total count    =         1102]
#[Buckets =           27, SubBuckets     =         2048]
-----------------------------------------------------------------------
  1319 requests in 1.00m, 401.89KB read
Requests/sec:     21.98  
Transfer/sec:      6.70KB
