Running 1m test @ http://10.111.78.179/?loopCount=25&base=6&exp=6
  5 threads and 5 connections

  Thread calibration: mean lat.: 562.640ms, rate sampling interval: 1484ms
  Thread calibration: mean lat.: 171.590ms, rate sampling interval: 645ms
  Thread calibration: mean lat.: 713.560ms, rate sampling interval: 1850ms
  Thread calibration: mean lat.: 305.380ms, rate sampling interval: 847ms
  Thread calibration: mean lat.: 248.798ms, rate sampling interval: 881ms

-----------------------------------------------------------------------
Test Results @ http://10.111.78.179/?loopCount=25&base=6&exp=6 
  Thread Stats   Avg      Stdev     99%   +/- Stdev
    Latency   734.66ms  372.73ms   1.66s    60.17%
    Req/Sec     9.42      1.35    12.00     80.95%
  Latency Distribution (HdrHistogram - Recorded Latency)
 50.000%  654.85ms
 75.000%    1.02s 
 90.000%    1.23s 
 99.000%    1.66s 
 99.900%    1.76s 
 99.990%    1.83s 
 99.999%    1.83s 
100.000%    1.83s 

  Detailed Percentile spectrum:
       Value   Percentile   TotalCount 1/(1-Percentile)

      30.991     0.000000            1         1.00
     317.951     0.100000          251         1.11
     419.839     0.200000          496         1.25
     524.031     0.300000          745         1.43
     621.055     0.400000          994         1.67
     654.847     0.500000         1239         2.00
     728.063     0.550000         1364         2.22
     748.031     0.600000         1489         2.50
     835.583     0.650000         1618         2.86
     920.063     0.700000         1735         3.33
    1019.903     0.750000         1861         4.00
    1036.287     0.775000         1921         4.44
    1118.207     0.800000         1984         5.00
    1132.543     0.825000         2050         5.71
    1142.783     0.850000         2107         6.67
    1216.511     0.875000         2175         8.00
    1224.703     0.887500         2200         8.89
    1230.847     0.900000         2233        10.00
    1238.015     0.912500         2264        11.43
    1249.279     0.925000         2293        13.33
    1323.007     0.937500         2325        16.00
    1331.199     0.943750         2340        17.78
    1416.191     0.950000         2355        20.00
    1452.031     0.956250         2370        22.86
    1542.143     0.962500         2386        26.67
    1617.919     0.968750         2401        32.00
    1622.015     0.971875         2410        35.56
    1626.111     0.975000         2418        40.00
    1628.159     0.978125         2424        45.71
    1632.255     0.981250         2432        53.33
    1637.375     0.984375         2440        64.00
    1640.447     0.985938         2444        71.11
    1646.591     0.987500         2448        80.00
    1649.663     0.989062         2451        91.43
    1715.199     0.990625         2455       106.67
    1724.415     0.992188         2460       128.00
    1726.463     0.992969         2462       142.22
    1729.535     0.993750         2463       160.00
    1732.607     0.994531         2465       182.86
    1733.631     0.995313         2467       213.33
    1738.751     0.996094         2469       256.00
    1741.823     0.996484         2471       284.44
    1741.823     0.996875         2471       320.00
    1742.847     0.997266         2472       365.71
    1744.895     0.997656         2473       426.67
    1746.943     0.998047         2474       512.00
    1746.943     0.998242         2474       568.89
    1754.111     0.998437         2475       640.00
    1754.111     0.998633         2475       731.43
    1756.159     0.998828         2476       853.33
    1756.159     0.999023         2476      1024.00
    1756.159     0.999121         2476      1137.78
    1819.647     0.999219         2477      1280.00
    1819.647     0.999316         2477      1462.86
    1819.647     0.999414         2477      1706.67
    1819.647     0.999512         2477      2048.00
    1819.647     0.999561         2477      2275.56
    1828.863     0.999609         2478      2560.00
    1828.863     1.000000         2478          inf
#[Mean    =      734.661, StdDeviation   =      372.731]
#[Max     =     1827.840, Total count    =         2478]
#[Buckets =           27, SubBuckets     =         2048]
-----------------------------------------------------------------------
  2950 requests in 1.00m, 0.88MB read
Requests/sec:     49.16  
Transfer/sec:     15.00KB
