Running 1m test @ http://10.102.207.185/?loopCount=25&base=6&exp=6
  5 threads and 5 connections

  Thread calibration: mean lat.: 1756.379ms, rate sampling interval: 5718ms
  Thread calibration: mean lat.: 1627.690ms, rate sampling interval: 5947ms
  Thread calibration: mean lat.: 1503.746ms, rate sampling interval: 5529ms
  Thread calibration: mean lat.: 1651.353ms, rate sampling interval: 6025ms
  Thread calibration: mean lat.: 1716.335ms, rate sampling interval: 5890ms

-----------------------------------------------------------------------
Test Results @ http://10.102.207.185/?loopCount=25&base=6&exp=6 
  Thread Stats   Avg      Stdev     99%   +/- Stdev
    Latency    11.44s     4.73s   20.50s    60.73%
    Req/Sec     9.63      0.85    12.00     95.12%
  Latency Distribution (HdrHistogram - Recorded Latency)
 50.000%   11.41s 
 75.000%   15.29s 
 90.000%   17.74s 
 99.000%   20.50s 
 99.900%   20.96s 
 99.990%   21.00s 
 99.999%   21.00s 
100.000%   21.00s 

  Detailed Percentile spectrum:
       Value   Percentile   TotalCount 1/(1-Percentile)

    3039.231     0.000000            1         1.00
    4931.583     0.100000          255         1.11
    6602.751     0.200000          507         1.25
    8167.423     0.300000          760         1.43
    9748.479     0.400000         1014         1.67
   11411.455     0.500000         1266         2.00
   12361.727     0.550000         1394         2.22
   13238.271     0.600000         1520         2.50
   13983.743     0.650000         1646         2.86
   14680.063     0.700000         1773         3.33
   15294.463     0.750000         1901         4.00
   15663.103     0.775000         1965         4.44
   15958.015     0.800000         2026         5.00
   16343.039     0.825000         2089         5.71
   16769.023     0.850000         2153         6.67
   17121.279     0.875000         2216         8.00
   17514.495     0.887500         2247         8.89
   17743.871     0.900000         2279        10.00
   17989.631     0.912500         2310        11.43
   18464.767     0.925000         2342        13.33
   18907.135     0.937500         2373        16.00
   19152.895     0.943750         2389        17.78
   19382.271     0.950000         2405        20.00
   19513.343     0.956250         2421        22.86
   19660.799     0.962500         2438        26.67
   19775.487     0.968750         2453        32.00
   19873.791     0.971875         2461        35.56
   19955.711     0.975000         2470        40.00
   20054.015     0.978125         2477        45.71
   20135.935     0.981250         2486        53.33
   20168.703     0.984375         2492        64.00
   20332.543     0.985938         2497        71.11
   20398.079     0.987500         2500        80.00
   20463.615     0.989062         2504        91.43
   20512.767     0.990625         2508       106.67
   20561.919     0.992188         2513       128.00
   20578.303     0.992969         2514       142.22
   20692.991     0.993750         2517       160.00
   20725.759     0.994531         2518       182.86
   20807.679     0.995313         2520       213.33
   20873.215     0.996094         2522       256.00
   20889.599     0.996484         2523       284.44
   20905.983     0.996875         2524       320.00
   20922.367     0.997266         2525       365.71
   20938.751     0.997656         2527       426.67
   20938.751     0.998047         2527       512.00
   20938.751     0.998242         2527       568.89
   20955.135     0.998437         2528       640.00
   20955.135     0.998633         2528       731.43
   20971.519     0.998828         2529       853.33
   20971.519     0.999023         2529      1024.00
   20971.519     0.999121         2529      1137.78
   20987.903     0.999219         2530      1280.00
   20987.903     0.999316         2530      1462.86
   20987.903     0.999414         2530      1706.67
   20987.903     0.999512         2530      2048.00
   20987.903     0.999561         2530      2275.56
   21004.287     0.999609         2531      2560.00
   21004.287     1.000000         2531          inf
#[Mean    =    11438.850, StdDeviation   =     4733.295]
#[Max     =    20987.904, Total count    =         2531]
#[Buckets =           27, SubBuckets     =         2048]
-----------------------------------------------------------------------
  3039 requests in 1.00m, 0.91MB read
Requests/sec:     50.65  
Transfer/sec:     15.45KB
