Running 1m test @ http://10.106.106.124/?loopCount=25&base=6&exp=6
  5 threads and 5 connections

  Thread calibration: mean lat.: 205.704ms, rate sampling interval: 754ms
  Thread calibration: mean lat.: 466.186ms, rate sampling interval: 1200ms
  Thread calibration: mean lat.: 897.311ms, rate sampling interval: 2689ms
  Thread calibration: mean lat.: 548.744ms, rate sampling interval: 1435ms
  Thread calibration: mean lat.: 575.833ms, rate sampling interval: 1436ms

-----------------------------------------------------------------------
Test Results @ http://10.106.106.124/?loopCount=25&base=6&exp=6 
  Thread Stats   Avg      Stdev     99%   +/- Stdev
    Latency   614.97ms  442.22ms   1.63s    63.69%
    Req/Sec    14.54      1.58    18.00     92.23%
  Latency Distribution (HdrHistogram - Recorded Latency)
 50.000%  517.12ms
 75.000%  949.25ms
 90.000%    1.32s 
 99.000%    1.63s 
 99.900%    1.68s 
 99.990%    1.71s 
 99.999%    1.71s 
100.000%    1.71s 

  Detailed Percentile spectrum:
       Value   Percentile   TotalCount 1/(1-Percentile)

      22.191     0.000000            1         1.00
     106.943     0.100000          376         1.11
     194.303     0.200000          752         1.25
     303.871     0.300000         1129         1.43
     413.951     0.400000         1505         1.67
     517.119     0.500000         1880         2.00
     561.663     0.550000         2068         2.22
     617.471     0.600000         2257         2.50
     687.103     0.650000         2445         2.86
     810.495     0.700000         2632         3.33
     949.247     0.750000         2820         4.00
     989.695     0.775000         2914         4.44
    1031.679     0.800000         3008         5.00
    1079.295     0.825000         3102         5.71
    1163.263     0.850000         3196         6.67
    1253.375     0.875000         3290         8.00
    1286.143     0.887500         3337         8.89
    1316.863     0.900000         3385        10.00
    1369.087     0.912500         3432        11.43
    1415.167     0.925000         3483        13.33
    1469.439     0.937500         3527        16.00
    1491.967     0.943750         3549        17.78
    1510.399     0.950000         3573        20.00
    1523.711     0.956250         3596        22.86
    1533.951     0.962500         3619        26.67
    1549.311     0.968750         3642        32.00
    1555.455     0.971875         3654        35.56
    1563.647     0.975000         3667        40.00
    1575.935     0.978125         3677        45.71
    1589.247     0.981250         3689        53.33
    1596.415     0.984375         3701        64.00
    1605.631     0.985938         3707        71.11
    1616.895     0.987500         3713        80.00
    1623.039     0.989062         3718        91.43
    1629.183     0.990625         3725       106.67
    1637.375     0.992188         3730       128.00
    1640.447     0.992969         3733       142.22
    1649.663     0.993750         3736       160.00
    1652.735     0.994531         3740       182.86
    1654.783     0.995313         3742       213.33
    1657.855     0.996094         3745       256.00
    1661.951     0.996484         3746       284.44
    1666.047     0.996875         3748       320.00
    1667.071     0.997266         3750       365.71
    1671.167     0.997656         3751       426.67
    1672.191     0.998047         3752       512.00
    1673.215     0.998242         3753       568.89
    1678.335     0.998437         3754       640.00
    1678.335     0.998633         3754       731.43
    1683.455     0.998828         3755       853.33
    1687.551     0.999023         3756      1024.00
    1687.551     0.999121         3756      1137.78
    1690.623     0.999219         3757      1280.00
    1690.623     0.999316         3757      1462.86
    1690.623     0.999414         3757      1706.67
    1693.695     0.999512         3758      2048.00
    1693.695     0.999561         3758      2275.56
    1693.695     0.999609         3758      2560.00
    1693.695     0.999658         3758      2925.71
    1693.695     0.999707         3758      3413.33
    1707.007     0.999756         3759      4096.00
    1707.007     1.000000         3759          inf
#[Mean    =      614.969, StdDeviation   =      442.219]
#[Max     =     1705.984, Total count    =         3759]
#[Buckets =           27, SubBuckets     =         2048]
-----------------------------------------------------------------------
  4461 requests in 1.00m, 1.33MB read
Requests/sec:     74.34  
Transfer/sec:     22.66KB
