Running 1m test @ http://10.107.164.151/?loopCount=25&base=6&exp=6
  5 threads and 5 connections

  Thread calibration: mean lat.: 148.857ms, rate sampling interval: 501ms
  Thread calibration: mean lat.: 160.048ms, rate sampling interval: 483ms
  Thread calibration: mean lat.: 176.320ms, rate sampling interval: 537ms
  Thread calibration: mean lat.: 169.645ms, rate sampling interval: 536ms
  Thread calibration: mean lat.: 198.878ms, rate sampling interval: 553ms

-----------------------------------------------------------------------
Test Results @ http://10.107.164.151/?loopCount=25&base=6&exp=6 
  Thread Stats   Avg      Stdev     99%   +/- Stdev
    Latency   412.17ms  308.83ms   1.26s    69.77%
    Req/Sec     9.47      1.85    14.00     91.63%
  Latency Distribution (HdrHistogram - Recorded Latency)
 50.000%  358.65ms
 75.000%  561.15ms
 90.000%  960.51ms
 99.000%    1.26s 
 99.900%    1.35s 
 99.990%    1.36s 
 99.999%    1.36s 
100.000%    1.36s 

  Detailed Percentile spectrum:
       Value   Percentile   TotalCount 1/(1-Percentile)

      33.279     0.000000            1         1.00
      89.727     0.100000          246         1.11
     164.223     0.200000          495         1.25
     181.247     0.300000          739         1.43
     264.447     0.400000          985         1.67
     358.655     0.500000         1229         2.00
     368.639     0.550000         1356         2.22
     383.487     0.600000         1477         2.50
     459.775     0.650000         1599         2.86
     476.671     0.700000         1722         3.33
     561.151     0.750000         1845         4.00
     574.463     0.775000         1907         4.44
     586.239     0.800000         1969         5.00
     674.303     0.825000         2028         5.71
     785.919     0.850000         2090         6.67
     878.079     0.875000         2151         8.00
     890.367     0.887500         2182         8.89
     961.023     0.900000         2214        10.00
     969.215     0.912500         2244        11.43
     982.527     0.925000         2274        13.33
    1057.791     0.937500         2306        16.00
    1060.863     0.943750         2323        17.78
    1070.079     0.950000         2337        20.00
    1089.535     0.956250         2351        22.86
    1161.215     0.962500         2366        26.67
    1170.431     0.968750         2383        32.00
    1173.503     0.971875         2390        35.56
    1176.575     0.975000         2400        40.00
    1180.671     0.978125         2405        45.71
    1183.743     0.981250         2412        53.33
    1193.983     0.984375         2420        64.00
    1256.447     0.985938         2424        71.11
    1258.495     0.987500         2429        80.00
    1260.543     0.989062         2434        91.43
    1262.591     0.990625         2437       106.67
    1265.663     0.992188         2439       128.00
    1266.687     0.992969         2441       142.22
    1267.711     0.993750         2444       160.00
    1268.735     0.994531         2445       182.86
    1271.807     0.995313         2448       213.33
    1272.831     0.996094         2449       256.00
    1273.855     0.996484         2450       284.44
    1276.927     0.996875         2453       320.00
    1276.927     0.997266         2453       365.71
    1276.927     0.997656         2453       426.67
    1282.047     0.998047         2454       512.00
    1282.047     0.998242         2454       568.89
    1283.071     0.998437         2455       640.00
    1283.071     0.998633         2455       731.43
    1354.751     0.998828         2456       853.33
    1354.751     0.999023         2456      1024.00
    1354.751     0.999121         2456      1137.78
    1355.775     0.999219         2457      1280.00
    1355.775     0.999316         2457      1462.86
    1355.775     0.999414         2457      1706.67
    1355.775     0.999512         2457      2048.00
    1355.775     0.999561         2457      2275.56
    1357.823     0.999609         2458      2560.00
    1357.823     1.000000         2458          inf
#[Mean    =      412.165, StdDeviation   =      308.825]
#[Max     =     1356.800, Total count    =         2458]
#[Buckets =           27, SubBuckets     =         2048]
-----------------------------------------------------------------------
  2952 requests in 1.00m, 0.88MB read
Requests/sec:     49.19  
Transfer/sec:     15.01KB
