Running 1m test @ http://10.101.163.15/?loopCount=25&base=6&exp=6
  5 threads and 5 connections

  Thread calibration: mean lat.: 108.551ms, rate sampling interval: 366ms
  Thread calibration: mean lat.: 112.256ms, rate sampling interval: 368ms
  Thread calibration: mean lat.: 125.017ms, rate sampling interval: 527ms
  Thread calibration: mean lat.: 127.450ms, rate sampling interval: 451ms
  Thread calibration: mean lat.: 119.460ms, rate sampling interval: 462ms

-----------------------------------------------------------------------
Test Results @ http://10.101.163.15/?loopCount=25&base=6&exp=6 
  Thread Stats   Avg      Stdev     99%   +/- Stdev
    Latency   114.21ms   79.01ms 375.81ms   85.51%
    Req/Sec     9.40      2.24    15.00     77.02%
  Latency Distribution (HdrHistogram - Recorded Latency)
 50.000%   85.95ms
 75.000%  168.32ms
 90.000%  211.33ms
 99.000%  375.81ms
 99.900%  483.33ms
 99.990%  498.43ms
 99.999%  498.43ms
100.000%  498.43ms

  Detailed Percentile spectrum:
       Value   Percentile   TotalCount 1/(1-Percentile)

      21.615     0.000000            1         1.00
      40.831     0.100000          268         1.11
      43.647     0.200000          499         1.25
      61.503     0.300000          749         1.43
      72.703     0.400000          997         1.67
      85.951     0.500000         1247         2.00
      93.823     0.550000         1372         2.22
     101.567     0.600000         1495         2.50
     114.943     0.650000         1622         2.86
     156.159     0.700000         1744         3.33
     168.319     0.750000         1870         4.00
     171.903     0.775000         1931         4.44
     175.103     0.800000         1997         5.00
     178.815     0.825000         2056         5.71
     185.471     0.850000         2118         6.67
     194.303     0.875000         2181         8.00
     203.135     0.887500         2211         8.89
     211.327     0.900000         2242        10.00
     236.415     0.912500         2274        11.43
     264.959     0.925000         2307        13.33
     269.567     0.937500         2336        16.00
     273.151     0.943750         2351        17.78
     276.479     0.950000         2367        20.00
     278.783     0.956250         2383        22.86
     282.623     0.962500         2399        26.67
     285.183     0.968750         2414        32.00
     287.487     0.971875         2421        35.56
     293.375     0.975000         2429        40.00
     298.751     0.978125         2437        45.71
     309.247     0.981250         2445        53.33
     351.743     0.984375         2453        64.00
     365.055     0.985938         2457        71.11
     368.639     0.987500         2460        80.00
     374.783     0.989062         2464        91.43
     378.879     0.990625         2468       106.67
     383.487     0.992188         2472       128.00
     392.959     0.992969         2474       142.22
     414.463     0.993750         2476       160.00
     466.687     0.994531         2478       182.86
     467.967     0.995313         2480       213.33
     471.295     0.996094         2482       256.00
     474.111     0.996484         2483       284.44
     475.391     0.996875         2484       320.00
     475.903     0.997266         2485       365.71
     476.671     0.997656         2486       426.67
     478.975     0.998047         2487       512.00
     478.975     0.998242         2487       568.89
     479.743     0.998437         2488       640.00
     479.743     0.998633         2488       731.43
     483.327     0.998828         2489       853.33
     483.327     0.999023         2489      1024.00
     483.327     0.999121         2489      1137.78
     485.887     0.999219         2490      1280.00
     485.887     0.999316         2490      1462.86
     485.887     0.999414         2490      1706.67
     485.887     0.999512         2490      2048.00
     485.887     0.999561         2490      2275.56
     498.431     0.999609         2491      2560.00
     498.431     1.000000         2491          inf
#[Mean    =      114.211, StdDeviation   =       79.012]
#[Max     =      498.176, Total count    =         2491]
#[Buckets =           27, SubBuckets     =         2048]
-----------------------------------------------------------------------
  2985 requests in 1.00m, 0.89MB read
Requests/sec:     49.75  
Transfer/sec:     15.17KB
