Running 1m test @ http://10.102.255.30/?loopCount=25&base=6&exp=6
  1 threads and 1 connections

  Thread calibration: mean lat.: 1157.118ms, rate sampling interval: 4321ms

-----------------------------------------------------------------------
Test Results @ http://10.102.255.30/?loopCount=25&base=6&exp=6 
  Thread Stats   Avg      Stdev     99%   +/- Stdev
    Latency     8.12s     3.13s   13.22s    54.29%
    Req/Sec    19.00      1.28    21.00     90.91%
  Latency Distribution (HdrHistogram - Recorded Latency)
 50.000%    8.33s 
 75.000%   10.76s 
 90.000%   12.13s 
 99.000%   13.22s 
 99.900%   13.41s 
 99.990%   13.44s 
 99.999%   13.44s 
100.000%   13.44s 

  Detailed Percentile spectrum:
       Value   Percentile   TotalCount 1/(1-Percentile)

    2666.495     0.000000            2         1.00
    4190.207     0.100000           99         1.11
    4677.631     0.200000          197         1.25
    5881.855     0.300000          294         1.43
    6975.487     0.400000          394         1.67
    8327.167     0.500000          490         2.00
    9076.735     0.550000          539         2.22
    9396.223     0.600000          589         2.50
   10043.391     0.650000          638         2.86
   10485.759     0.700000          687         3.33
   10756.095     0.750000          735         4.00
   11304.959     0.775000          761         4.44
   11452.415     0.800000          786         5.00
   11599.871     0.825000          809         5.71
   11747.327     0.850000          839         6.67
   12107.775     0.875000          870         8.00
   12107.775     0.887500          870         8.89
   12132.351     0.900000          886        10.00
   12337.151     0.912500          896        11.43
   12533.759     0.925000          908        13.33
   12771.327     0.937500          919        16.00
   12828.671     0.943750          925        17.78
   12926.975     0.950000          931        20.00
   12935.167     0.956250          941        22.86
   12943.359     0.962500          947        26.67
   13033.471     0.968750          951        32.00
   13041.663     0.971875          953        35.56
   13074.431     0.975000          958        40.00
   13082.623     0.978125          962        45.71
   13082.623     0.981250          962        53.33
   13123.583     0.984375          966        64.00
   13148.159     0.985938          968        71.11
   13148.159     0.987500          968        80.00
   13221.887     0.989062          970        91.43
   13271.039     0.990625          972       106.67
   13320.191     0.992188          973       128.00
   13352.959     0.992969          975       142.22
   13352.959     0.993750          975       160.00
   13352.959     0.994531          975       182.86
   13377.535     0.995313          976       213.33
   13385.727     0.996094          977       256.00
   13385.727     0.996484          977       284.44
   13385.727     0.996875          977       320.00
   13410.303     0.997266          979       365.71
   13410.303     0.997656          979       426.67
   13410.303     0.998047          979       512.00
   13410.303     0.998242          979       568.89
   13410.303     0.998437          979       640.00
   13410.303     0.998633          979       731.43
   13410.303     0.998828          979       853.33
   13443.071     0.999023          980      1024.00
   13443.071     1.000000          980          inf
#[Mean    =     8116.300, StdDeviation   =     3127.698]
#[Max     =    13434.880, Total count    =          980]
#[Buckets =           27, SubBuckets     =         2048]
-----------------------------------------------------------------------
  1164 requests in 1.00m, 354.67KB read
Requests/sec:     19.40  
Transfer/sec:      5.91KB
