Running 1m test @ http://10.102.62.147/?loopCount=25&base=6&exp=6
  1 threads and 1 connections

  Thread calibration: mean lat.: 1412.951ms, rate sampling interval: 4698ms

-----------------------------------------------------------------------
Test Results @ http://10.102.62.147/?loopCount=25&base=6&exp=6 
  Thread Stats   Avg      Stdev     99%   +/- Stdev
    Latency     7.14s     2.68s   11.61s    55.56%
    Req/Sec    19.80      1.40    22.00     90.00%
  Latency Distribution (HdrHistogram - Recorded Latency)
 50.000%    7.21s 
 75.000%    9.66s 
 90.000%   10.87s 
 99.000%   11.61s 
 99.900%   11.82s 
 99.990%   11.86s 
 99.999%   11.86s 
100.000%   11.86s 

  Detailed Percentile spectrum:
       Value   Percentile   TotalCount 1/(1-Percentile)

    2537.471     0.000000            1         1.00
    3581.951     0.100000          102         1.11
    4415.487     0.200000          210         1.25
    4968.447     0.300000          306         1.43
    6356.991     0.400000          408         1.67
    7213.055     0.500000          520         2.00
    7540.735     0.550000          564         2.22
    7786.495     0.600000          612         2.50
    8146.943     0.650000          664         2.86
    8552.447     0.700000          712         3.33
    9658.367     0.750000          766         4.00
    9805.823     0.775000          789         4.44
   10149.887     0.800000          814         5.00
   10379.263     0.825000          840         5.71
   10633.215     0.850000          867         6.67
   10739.711     0.875000          894         8.00
   10756.095     0.887500          911         8.89
   10928.127     0.900000          917        10.00
   10977.279     0.912500          936        11.43
   11132.927     0.925000          941        13.33
   11378.687     0.937500          956        16.00
   11386.879     0.943750          968        17.78
   11386.879     0.950000          968        20.00
   11436.031     0.956250          973        22.86
   11526.143     0.962500          982        26.67
   11542.527     0.968750          992        32.00
   11542.527     0.971875          992        35.56
   11542.527     0.975000          992        40.00
   11550.719     0.978125         1001        45.71
   11550.719     0.981250         1001        53.33
   11575.295     0.984375         1003        64.00
   11575.295     0.985938         1003        71.11
   11591.679     0.987500         1005        80.00
   11599.871     0.989062         1006        91.43
   11608.063     0.990625         1009       106.67
   11649.023     0.992188         1010       128.00
   11649.023     0.992969         1010       142.22
   11689.983     0.993750         1011       160.00
   11698.175     0.994531         1012       182.86
   11722.751     0.995313         1013       213.33
   11780.095     0.996094         1015       256.00
   11780.095     0.996484         1015       284.44
   11780.095     0.996875         1015       320.00
   11780.095     0.997266         1015       365.71
   11780.095     0.997656         1015       426.67
   11821.055     0.998047         1016       512.00
   11821.055     0.998242         1016       568.89
   11821.055     0.998437         1016       640.00
   11821.055     0.998633         1016       731.43
   11821.055     0.998828         1016       853.33
   11862.015     0.999023         1017      1024.00
   11862.015     1.000000         1017          inf
#[Mean    =     7139.425, StdDeviation   =     2677.485]
#[Max     =    11853.824, Total count    =         1017]
#[Buckets =           27, SubBuckets     =         2048]
-----------------------------------------------------------------------
  1203 requests in 1.00m, 366.55KB read
Requests/sec:     20.05  
Transfer/sec:      6.11KB
