Running 1m test @ http://10.97.218.196/?loopCount=25&base=6&exp=6
  5 threads and 5 connections

  Thread calibration: mean lat.: 53.534ms, rate sampling interval: 146ms
  Thread calibration: mean lat.: 54.749ms, rate sampling interval: 163ms
  Thread calibration: mean lat.: 53.996ms, rate sampling interval: 146ms
  Thread calibration: mean lat.: 53.364ms, rate sampling interval: 162ms
  Thread calibration: mean lat.: 54.682ms, rate sampling interval: 170ms

-----------------------------------------------------------------------
Test Results @ http://10.97.218.196/?loopCount=25&base=6&exp=6 
  Thread Stats   Avg      Stdev     99%   +/- Stdev
    Latency   112.31ms   93.48ms 454.65ms   86.02%
    Req/Sec     9.48      4.59    20.00     86.74%
  Latency Distribution (HdrHistogram - Recorded Latency)
 50.000%   74.43ms
 75.000%  158.98ms
 90.000%  258.43ms
 99.000%  454.65ms
 99.900%  572.93ms
 99.990%  582.66ms
 99.999%  582.66ms
100.000%  582.66ms

  Detailed Percentile spectrum:
       Value   Percentile   TotalCount 1/(1-Percentile)

      22.607     0.000000            1         1.00
      40.959     0.100000          252         1.11
      42.175     0.200000          507         1.25
      45.119     0.300000          753         1.43
      51.391     0.400000         1002         1.67
      74.431     0.500000         1252         2.00
      85.503     0.550000         1378         2.22
      95.743     0.600000         1503         2.50
     112.191     0.650000         1629         2.86
     136.191     0.700000         1753         3.33
     158.975     0.750000         1879         4.00
     162.815     0.775000         1941         4.44
     169.343     0.800000         2004         5.00
     179.455     0.825000         2066         5.71
     195.711     0.850000         2129         6.67
     227.199     0.875000         2191         8.00
     254.591     0.887500         2224         8.89
     258.431     0.900000         2255        10.00
     263.167     0.912500         2286        11.43
     267.007     0.925000         2319        13.33
     275.199     0.937500         2348        16.00
     290.047     0.943750         2364        17.78
     311.807     0.950000         2379        20.00
     326.655     0.956250         2395        22.86
     344.575     0.962500         2411        26.67
     358.143     0.968750         2426        32.00
     362.495     0.971875         2435        35.56
     365.567     0.975000         2442        40.00
     371.455     0.978125         2450        45.71
     373.759     0.981250         2459        53.33
     386.559     0.984375         2465        64.00
     406.527     0.985938         2469        71.11
     416.511     0.987500         2473        80.00
     443.903     0.989062         2477        91.43
     458.495     0.990625         2481       106.67
     462.079     0.992188         2485       128.00
     466.431     0.992969         2487       142.22
     472.063     0.993750         2489       160.00
     475.135     0.994531         2491       182.86
     482.047     0.995313         2493       213.33
     511.743     0.996094         2495       256.00
     521.983     0.996484         2496       284.44
     523.007     0.996875         2497       320.00
     556.543     0.997266         2498       365.71
     559.615     0.997656         2499       426.67
     570.879     0.998047         2500       512.00
     570.879     0.998242         2500       568.89
     572.927     0.998437         2501       640.00
     572.927     0.998633         2501       731.43
     573.951     0.998828         2502       853.33
     573.951     0.999023         2502      1024.00
     573.951     0.999121         2502      1137.78
     581.631     0.999219         2503      1280.00
     581.631     0.999316         2503      1462.86
     581.631     0.999414         2503      1706.67
     581.631     0.999512         2503      2048.00
     581.631     0.999561         2503      2275.56
     582.655     0.999609         2504      2560.00
     582.655     1.000000         2504          inf
#[Mean    =      112.308, StdDeviation   =       93.480]
#[Max     =      582.144, Total count    =         2504]
#[Buckets =           27, SubBuckets     =         2048]
-----------------------------------------------------------------------
  2995 requests in 1.00m, 0.89MB read
Requests/sec:     49.91  
Transfer/sec:     15.22KB
