Running 1m test @ http://10.97.218.196/?loopCount=25&base=6&exp=6
  5 threads and 5 connections

  Thread calibration: mean lat.: 331.754ms, rate sampling interval: 966ms
  Thread calibration: mean lat.: 686.542ms, rate sampling interval: 1849ms
  Thread calibration: mean lat.: 488.285ms, rate sampling interval: 1487ms
  Thread calibration: mean lat.: 999.311ms, rate sampling interval: 2873ms
  Thread calibration: mean lat.: 1010.074ms, rate sampling interval: 2764ms

-----------------------------------------------------------------------
Test Results @ http://10.97.218.196/?loopCount=25&base=6&exp=6 
  Thread Stats   Avg      Stdev     99%   +/- Stdev
    Latency     2.03s   858.31ms   4.03s    65.19%
    Req/Sec    14.24      1.52    18.00     89.04%
  Latency Distribution (HdrHistogram - Recorded Latency)
 50.000%    2.17s 
 75.000%    2.60s 
 90.000%    2.98s 
 99.000%    4.03s 
 99.900%    4.11s 
 99.990%    4.15s 
 99.999%    4.15s 
100.000%    4.15s 

  Detailed Percentile spectrum:
       Value   Percentile   TotalCount 1/(1-Percentile)

     198.911     0.000000            1         1.00
     913.919     0.100000          369         1.11
    1118.207     0.200000          738         1.25
    1476.607     0.300000         1101         1.43
    1763.327     0.400000         1469         1.67
    2168.831     0.500000         1835         2.00
    2357.247     0.550000         2018         2.22
    2433.023     0.600000         2208         2.50
    2482.175     0.650000         2386         2.86
    2537.471     0.700000         2578         3.33
    2598.911     0.750000         2755         4.00
    2631.679     0.775000         2846         4.44
    2680.831     0.800000         2938         5.00
    2738.175     0.825000         3030         5.71
    2820.095     0.850000         3121         6.67
    2895.871     0.875000         3211         8.00
    2945.023     0.887500         3259         8.89
    2979.839     0.900000         3305        10.00
    3022.847     0.912500         3349        11.43
    3078.143     0.925000         3395        13.33
    3205.119     0.937500         3440        16.00
    3393.535     0.943750         3463        17.78
    3506.175     0.950000         3487        20.00
    3565.567     0.956250         3510        22.86
    3633.151     0.962500         3532        26.67
    3745.791     0.968750         3555        32.00
    3788.799     0.971875         3566        35.56
    3850.239     0.975000         3578        40.00
    3897.343     0.978125         3589        45.71
    3936.255     0.981250         3604        53.33
    3966.975     0.984375         3612        64.00
    3977.215     0.985938         3618        71.11
    4005.887     0.987500         3624        80.00
    4022.271     0.989062         3630        91.43
    4034.559     0.990625         3635       106.67
    4042.751     0.992188         3642       128.00
    4048.895     0.992969         3644       142.22
    4055.039     0.993750         3647       160.00
    4063.231     0.994531         3651       182.86
    4065.279     0.995313         3653       213.33
    4069.375     0.996094         3656       256.00
    4073.471     0.996484         3658       284.44
    4073.471     0.996875         3658       320.00
    4075.519     0.997266         3659       365.71
    4085.759     0.997656         3661       426.67
    4095.999     0.998047         3662       512.00
    4100.095     0.998242         3663       568.89
    4108.287     0.998437         3664       640.00
    4108.287     0.998633         3664       731.43
    4110.335     0.998828         3665       853.33
    4128.767     0.999023         3666      1024.00
    4128.767     0.999121         3666      1137.78
    4130.815     0.999219         3667      1280.00
    4130.815     0.999316         3667      1462.86
    4130.815     0.999414         3667      1706.67
    4134.911     0.999512         3668      2048.00
    4134.911     0.999561         3668      2275.56
    4134.911     0.999609         3668      2560.00
    4134.911     0.999658         3668      2925.71
    4134.911     0.999707         3668      3413.33
    4153.343     0.999756         3669      4096.00
    4153.343     1.000000         3669          inf
#[Mean    =     2025.050, StdDeviation   =      858.309]
#[Max     =     4151.296, Total count    =         3669]
#[Buckets =           27, SubBuckets     =         2048]
-----------------------------------------------------------------------
  4324 requests in 1.00m, 1.29MB read
Requests/sec:     72.06  
Transfer/sec:     21.97KB
