Running 1m test @ http://10.99.199.129/?loopCount=25&base=6&exp=6
  1 threads and 1 connections

  Thread calibration: mean lat.: 2410.510ms, rate sampling interval: 7475ms

-----------------------------------------------------------------------
Test Results @ http://10.99.199.129/?loopCount=25&base=6&exp=6 
  Thread Stats   Avg      Stdev     99%   +/- Stdev
    Latency     8.82s     2.51s   12.89s    55.72%
    Req/Sec    19.83      0.90    21.00    100.00%
  Latency Distribution (HdrHistogram - Recorded Latency)
 50.000%    8.83s 
 75.000%   10.96s 
 90.000%   12.29s 
 99.000%   12.89s 
 99.900%   12.90s 
 99.990%   12.93s 
 99.999%   12.93s 
100.000%   12.93s 

  Detailed Percentile spectrum:
       Value   Percentile   TotalCount 1/(1-Percentile)

    3852.287     0.000000            4         1.00
    5238.783     0.100000          103         1.11
    6123.519     0.200000          208         1.25
    7266.303     0.300000          308         1.43
    8208.383     0.400000          412         1.67
    8830.975     0.500000          513         2.00
    9175.039     0.550000          566         2.22
    9592.831     0.600000          616         2.50
    9986.047     0.650000          669         2.86
   10493.951     0.700000          717         3.33
   10960.895     0.750000          770         4.00
   11354.111     0.775000          793         4.44
   11649.023     0.800000          821         5.00
   11771.903     0.825000          848         5.71
   11935.743     0.850000          870         6.67
   12042.239     0.875000          896         8.00
   12132.351     0.887500          908         8.89
   12287.999     0.900000          925        10.00
   12328.959     0.912500          938        11.43
   12460.031     0.925000          948        13.33
   12476.415     0.937500          964        16.00
   12484.607     0.943750          971        17.78
   12492.799     0.950000          972        20.00
   12599.295     0.956250          979        22.86
   12623.871     0.962500          986        26.67
   12746.751     0.968750          993        32.00
   12763.135     0.971875          995        35.56
   12812.287     0.975000          999        40.00
   12828.671     0.978125         1001        45.71
   12869.631     0.981250         1010        53.33
   12869.631     0.984375         1010        64.00
   12869.631     0.985938         1010        71.11
   12886.015     0.987500         1020        80.00
   12886.015     0.989062         1020        91.43
   12886.015     0.990625         1020       106.67
   12886.015     0.992188         1020       128.00
   12886.015     0.992969         1020       142.22
   12886.015     0.993750         1020       160.00
   12886.015     0.994531         1020       182.86
   12886.015     0.995313         1020       213.33
   12886.015     0.996094         1020       256.00
   12886.015     0.996484         1020       284.44
   12886.015     0.996875         1020       320.00
   12902.399     0.997266         1022       365.71
   12902.399     0.997656         1022       426.67
   12902.399     0.998047         1022       512.00
   12902.399     0.998242         1022       568.89
   12902.399     0.998437         1022       640.00
   12902.399     0.998633         1022       731.43
   12902.399     0.998828         1022       853.33
   12926.975     0.999023         1023      1024.00
   12926.975     1.000000         1023          inf
#[Mean    =     8822.276, StdDeviation   =     2508.515]
#[Max     =    12918.784, Total count    =         1023]
#[Buckets =           27, SubBuckets     =         2048]
-----------------------------------------------------------------------
  1176 requests in 1.00m, 358.34KB read
Requests/sec:     19.60  
Transfer/sec:      5.97KB
