Running 1m test @ http://10.96.164.126/?loopCount=25&base=6&exp=6
  5 threads and 5 connections

  Thread calibration: mean lat.: 242.949ms, rate sampling interval: 832ms
  Thread calibration: mean lat.: 358.203ms, rate sampling interval: 1028ms
  Thread calibration: mean lat.: 385.355ms, rate sampling interval: 1071ms
  Thread calibration: mean lat.: 349.053ms, rate sampling interval: 972ms
  Thread calibration: mean lat.: 477.046ms, rate sampling interval: 1241ms

-----------------------------------------------------------------------
Test Results @ http://10.96.164.126/?loopCount=25&base=6&exp=6 
  Thread Stats   Avg      Stdev     99%   +/- Stdev
    Latency   120.43ms  128.94ms 643.07ms   90.54%
    Req/Sec    14.59      1.13    18.00     93.06%
  Latency Distribution (HdrHistogram - Recorded Latency)
 50.000%   73.86ms
 75.000%  130.62ms
 90.000%  238.21ms
 99.000%  643.07ms
 99.900%  818.69ms
 99.990%  850.43ms
 99.999%  850.43ms
100.000%  850.43ms

  Detailed Percentile spectrum:
       Value   Percentile   TotalCount 1/(1-Percentile)

      22.751     0.000000            1         1.00
      40.703     0.100000          386         1.11
      42.143     0.200000          755         1.25
      51.711     0.300000         1133         1.43
      61.151     0.400000         1510         1.67
      73.855     0.500000         1887         2.00
      81.151     0.550000         2079         2.22
      88.895     0.600000         2266         2.50
     101.439     0.650000         2454         2.86
     115.199     0.700000         2642         3.33
     130.623     0.750000         2831         4.00
     139.007     0.775000         2925         4.44
     153.087     0.800000         3021         5.00
     168.575     0.825000         3114         5.71
     184.575     0.850000         3208         6.67
     209.023     0.875000         3303         8.00
     223.999     0.887500         3350         8.89
     238.207     0.900000         3397        10.00
     261.631     0.912500         3444        11.43
     308.479     0.925000         3491        13.33
     409.855     0.937500         3539        16.00
     434.431     0.943750         3562        17.78
     455.935     0.950000         3586        20.00
     472.063     0.956250         3609        22.86
     488.703     0.962500         3633        26.67
     513.535     0.968750         3657        32.00
     527.359     0.971875         3668        35.56
     544.255     0.975000         3680        40.00
     564.735     0.978125         3692        45.71
     588.287     0.981250         3704        53.33
     607.231     0.984375         3716        64.00
     619.007     0.985938         3722        71.11
     631.807     0.987500         3727        80.00
     639.999     0.989062         3733        91.43
     648.191     0.990625         3739       106.67
     668.671     0.992188         3745       128.00
     672.767     0.992969         3748       142.22
     715.263     0.993750         3751       160.00
     745.471     0.994531         3754       182.86
     764.415     0.995313         3757       213.33
     770.047     0.996094         3760       256.00
     771.071     0.996484         3761       284.44
     780.799     0.996875         3763       320.00
     786.943     0.997266         3764       365.71
     792.063     0.997656         3766       426.67
     803.839     0.998047         3767       512.00
     807.935     0.998242         3768       568.89
     818.175     0.998437         3769       640.00
     818.175     0.998633         3769       731.43
     818.687     0.998828         3770       853.33
     823.807     0.999023         3771      1024.00
     823.807     0.999121         3771      1137.78
     824.319     0.999219         3772      1280.00
     824.319     0.999316         3772      1462.86
     824.319     0.999414         3772      1706.67
     843.775     0.999512         3773      2048.00
     843.775     0.999561         3773      2275.56
     843.775     0.999609         3773      2560.00
     843.775     0.999658         3773      2925.71
     843.775     0.999707         3773      3413.33
     850.431     0.999756         3774      4096.00
     850.431     1.000000         3774          inf
#[Mean    =      120.433, StdDeviation   =      128.940]
#[Max     =      849.920, Total count    =         3774]
#[Buckets =           27, SubBuckets     =         2048]
-----------------------------------------------------------------------
  4494 requests in 1.00m, 1.34MB read
Requests/sec:     74.89  
Transfer/sec:     22.82KB
