Running 1m test @ http://10.100.185.202/?loopCount=25&base=6&exp=6
  5 threads and 5 connections

  Thread calibration: mean lat.: 95.396ms, rate sampling interval: 366ms
  Thread calibration: mean lat.: 98.983ms, rate sampling interval: 376ms
  Thread calibration: mean lat.: 118.135ms, rate sampling interval: 519ms
  Thread calibration: mean lat.: 84.639ms, rate sampling interval: 338ms
  Thread calibration: mean lat.: 126.886ms, rate sampling interval: 568ms

-----------------------------------------------------------------------
Test Results @ http://10.100.185.202/?loopCount=25&base=6&exp=6 
  Thread Stats   Avg      Stdev     99%   +/- Stdev
    Latency    90.70ms   71.72ms 371.20ms   83.67%
    Req/Sec     9.31      2.07    14.00     86.64%
  Latency Distribution (HdrHistogram - Recorded Latency)
 50.000%   65.60ms
 75.000%  108.99ms
 90.000%  180.86ms
 99.000%  371.20ms
 99.900%  488.19ms
 99.990%  503.55ms
 99.999%  503.55ms
100.000%  503.55ms

  Detailed Percentile spectrum:
       Value   Percentile   TotalCount 1/(1-Percentile)

      22.175     0.000000            1         1.00
      40.671     0.100000          251         1.11
      41.087     0.200000          505         1.25
      41.727     0.300000          758         1.43
      45.151     0.400000         1003         1.67
      65.599     0.500000         1250         2.00
      73.663     0.550000         1374         2.22
      81.279     0.600000         1500         2.50
      89.215     0.650000         1624         2.86
      97.087     0.700000         1749         3.33
     108.991     0.750000         1874         4.00
     114.303     0.775000         1936         4.44
     127.679     0.800000         1999         5.00
     144.255     0.825000         2061         5.71
     166.143     0.850000         2124         6.67
     172.415     0.875000         2188         8.00
     175.231     0.887500         2217         8.89
     181.119     0.900000         2249        10.00
     188.031     0.912500         2280        11.43
     200.191     0.925000         2311        13.33
     217.087     0.937500         2342        16.00
     233.471     0.943750         2358        17.78
     261.887     0.950000         2374        20.00
     265.471     0.956250         2389        22.86
     271.871     0.962500         2407        26.67
     278.015     0.968750         2420        32.00
     281.343     0.971875         2428        35.56
     285.695     0.975000         2436        40.00
     297.983     0.978125         2444        45.71
     310.527     0.981250         2452        53.33
     342.527     0.984375         2459        64.00
     352.767     0.985938         2463        71.11
     367.103     0.987500         2468        80.00
     368.127     0.989062         2471        91.43
     372.223     0.990625         2475       106.67
     374.527     0.992188         2479       128.00
     376.575     0.992969         2481       142.22
     380.159     0.993750         2483       160.00
     384.255     0.994531         2485       182.86
     387.327     0.995313         2487       213.33
     391.167     0.996094         2489       256.00
     400.383     0.996484         2490       284.44
     437.247     0.996875         2491       320.00
     472.063     0.997266         2492       365.71
     472.831     0.997656         2493       426.67
     480.767     0.998047         2494       512.00
     480.767     0.998242         2494       568.89
     483.839     0.998437         2495       640.00
     483.839     0.998633         2495       731.43
     488.191     0.998828         2496       853.33
     488.191     0.999023         2496      1024.00
     488.191     0.999121         2496      1137.78
     489.215     0.999219         2497      1280.00
     489.215     0.999316         2497      1462.86
     489.215     0.999414         2497      1706.67
     489.215     0.999512         2497      2048.00
     489.215     0.999561         2497      2275.56
     503.551     0.999609         2498      2560.00
     503.551     1.000000         2498          inf
#[Mean    =       90.699, StdDeviation   =       71.724]
#[Max     =      503.296, Total count    =         2498]
#[Buckets =           27, SubBuckets     =         2048]
-----------------------------------------------------------------------
  2991 requests in 1.00m, 0.89MB read
Requests/sec:     49.85  
Transfer/sec:     15.19KB
