Running 1m test @ http://10.100.185.202/?loopCount=25&base=6&exp=6
  1 threads and 1 connections

  Thread calibration: mean lat.: 418.816ms, rate sampling interval: 1517ms

-----------------------------------------------------------------------
Test Results @ http://10.100.185.202/?loopCount=25&base=6&exp=6 
  Thread Stats   Avg      Stdev     99%   +/- Stdev
    Latency     3.92s     1.76s    6.85s    60.40%
    Req/Sec    21.59      1.87    24.00     90.62%
  Latency Distribution (HdrHistogram - Recorded Latency)
 50.000%    3.85s 
 75.000%    5.30s 
 90.000%    6.38s 
 99.000%    6.85s 
 99.900%    6.85s 
 99.990%    6.87s 
 99.999%    6.87s 
100.000%    6.87s 

  Detailed Percentile spectrum:
       Value   Percentile   TotalCount 1/(1-Percentile)

     888.319     0.000000            1         1.00
    1416.191     0.100000          112         1.11
    2162.687     0.200000          223         1.25
    2512.895     0.300000          337         1.43
    3252.223     0.400000          441         1.67
    3852.287     0.500000          551         2.00
    4116.479     0.550000          606         2.22
    4694.015     0.600000          663         2.50
    4890.623     0.650000          719         2.86
    5259.263     0.700000          772         3.33
    5304.319     0.750000          829         4.00
    5431.295     0.775000          856         4.44
    5558.271     0.800000          882         5.00
    5816.319     0.825000          914         5.71
    5873.663     0.850000          936         6.67
    6078.463     0.875000          971         8.00
    6311.935     0.887500          981         8.89
    6381.567     0.900000          992        10.00
    6455.295     0.912500         1005        11.43
    6537.215     0.925000         1020        13.33
    6623.231     0.937500         1036        16.00
    6680.575     0.943750         1040        17.78
    6696.959     0.950000         1046        20.00
    6770.687     0.956250         1057        22.86
    6791.167     0.962500         1061        26.67
    6823.935     0.968750         1073        32.00
    6823.935     0.971875         1073        35.56
    6828.031     0.975000         1082        40.00
    6828.031     0.978125         1082        45.71
    6828.031     0.981250         1082        53.33
    6832.127     0.984375         1086        64.00
    6832.127     0.985938         1086        71.11
    6836.223     0.987500         1088        80.00
    6848.511     0.989062         1096        91.43
    6848.511     0.990625         1096       106.67
    6848.511     0.992188         1096       128.00
    6848.511     0.992969         1096       142.22
    6848.511     0.993750         1096       160.00
    6848.511     0.994531         1096       182.86
    6848.511     0.995313         1096       213.33
    6852.607     0.996094         1100       256.00
    6852.607     0.996484         1100       284.44
    6852.607     0.996875         1100       320.00
    6852.607     0.997266         1100       365.71
    6852.607     0.997656         1100       426.67
    6852.607     0.998047         1100       512.00
    6852.607     0.998242         1100       568.89
    6852.607     0.998437         1100       640.00
    6852.607     0.998633         1100       731.43
    6852.607     0.998828         1100       853.33
    6852.607     0.999023         1100      1024.00
    6868.991     0.999121         1101      1137.78
    6868.991     1.000000         1101          inf
#[Mean    =     3917.409, StdDeviation   =     1760.653]
#[Max     =     6864.896, Total count    =         1101]
#[Buckets =           27, SubBuckets     =         2048]
-----------------------------------------------------------------------
  1328 requests in 1.00m, 404.63KB read
Requests/sec:     22.13  
Transfer/sec:      6.74KB
