Running 1m test @ http://10.100.185.202/?loopCount=25&base=6&exp=6
  1 threads and 1 connections

  Thread calibration: mean lat.: 532.884ms, rate sampling interval: 1994ms

-----------------------------------------------------------------------
Test Results @ http://10.100.185.202/?loopCount=25&base=6&exp=6 
  Thread Stats   Avg      Stdev     99%   +/- Stdev
    Latency     3.98s     1.69s    6.74s    55.55%
    Req/Sec    21.84      1.12    24.00     92.00%
  Latency Distribution (HdrHistogram - Recorded Latency)
 50.000%    4.08s 
 75.000%    5.39s 
 90.000%    6.29s 
 99.000%    6.74s 
 99.900%    6.77s 
 99.990%    6.77s 
 99.999%    6.77s 
100.000%    6.77s 

  Detailed Percentile spectrum:
       Value   Percentile   TotalCount 1/(1-Percentile)

    1124.351     0.000000            3         1.00
    1534.975     0.100000          112         1.11
    2197.503     0.200000          222         1.25
    2707.455     0.300000          334         1.43
    3409.919     0.400000          446         1.67
    4077.567     0.500000          555         2.00
    4419.583     0.550000          616         2.22
    4657.151     0.600000          668         2.50
    4743.167     0.650000          723         2.86
    5206.015     0.700000          777         3.33
    5394.431     0.750000          835         4.00
    5562.367     0.775000          860         4.44
    5808.127     0.800000          891         5.00
    5857.279     0.825000          923         5.71
    6033.407     0.850000          947         6.67
    6193.151     0.875000          974         8.00
    6250.495     0.887500          991         8.89
    6287.359     0.900000          999        10.00
    6299.647     0.912500         1012        11.43
    6352.895     0.925000         1026        13.33
    6488.063     0.937500         1042        16.00
    6504.447     0.943750         1048        17.78
    6516.735     0.950000         1056        20.00
    6524.927     0.956250         1061        22.86
    6627.327     0.962500         1069        26.67
    6692.863     0.968750         1079        32.00
    6692.863     0.971875         1079        35.56
    6696.959     0.975000         1083        40.00
    6701.055     0.978125         1087        45.71
    6709.247     0.981250         1089        53.33
    6725.631     0.984375         1092        64.00
    6729.727     0.985938         1095        71.11
    6733.823     0.987500         1096        80.00
    6742.015     0.989062         1098        91.43
    6758.399     0.990625         1101       106.67
    6758.399     0.992188         1101       128.00
    6762.495     0.992969         1106       142.22
    6762.495     0.993750         1106       160.00
    6762.495     0.994531         1106       182.86
    6762.495     0.995313         1106       213.33
    6762.495     0.996094         1106       256.00
    6762.495     0.996484         1106       284.44
    6762.495     0.996875         1106       320.00
    6762.495     0.997266         1106       365.71
    6766.591     0.997656         1107       426.67
    6766.591     0.998047         1107       512.00
    6770.687     0.998242         1109       568.89
    6770.687     1.000000         1109          inf
#[Mean    =     3975.766, StdDeviation   =     1691.675]
#[Max     =     6766.592, Total count    =         1109]
#[Buckets =           27, SubBuckets     =         2048]
-----------------------------------------------------------------------
  1330 requests in 1.00m, 405.24KB read
Requests/sec:     22.17  
Transfer/sec:      6.75KB
