Running 1m test @ http://10.97.57.202/?loopCount=25&base=6&exp=6
  5 threads and 5 connections

  Thread calibration: mean lat.: 1099.826ms, rate sampling interval: 3753ms
  Thread calibration: mean lat.: 1093.404ms, rate sampling interval: 3405ms
  Thread calibration: mean lat.: 1027.840ms, rate sampling interval: 3440ms
  Thread calibration: mean lat.: 662.106ms, rate sampling interval: 1826ms
  Thread calibration: mean lat.: 643.402ms, rate sampling interval: 2471ms

-----------------------------------------------------------------------
Test Results @ http://10.97.57.202/?loopCount=25&base=6&exp=6 
  Thread Stats   Avg      Stdev     99%   +/- Stdev
    Latency     5.20s     2.16s    8.93s    56.79%
    Req/Sec    12.43      1.16    14.00     92.05%
  Latency Distribution (HdrHistogram - Recorded Latency)
 50.000%    5.12s 
 75.000%    7.17s 
 90.000%    8.08s 
 99.000%    8.93s 
 99.900%    9.20s 
 99.990%    9.24s 
 99.999%    9.24s 
100.000%    9.24s 

  Detailed Percentile spectrum:
       Value   Percentile   TotalCount 1/(1-Percentile)

     969.727     0.000000            1         1.00
    2324.479     0.100000          324         1.11
    2834.431     0.200000          647         1.25
    3688.447     0.300000          970         1.43
    4521.983     0.400000         1295         1.67
    5124.095     0.500000         1617         2.00
    5607.423     0.550000         1779         2.22
    6057.983     0.600000         1941         2.50
    6438.911     0.650000         2104         2.86
    6799.359     0.700000         2264         3.33
    7167.999     0.750000         2425         4.00
    7286.783     0.775000         2506         4.44
    7405.567     0.800000         2590         5.00
    7602.175     0.825000         2668         5.71
    7782.399     0.850000         2749         6.67
    7970.815     0.875000         2831         8.00
    8036.351     0.887500         2876         8.89
    8081.407     0.900000         2910        10.00
    8130.559     0.912500         2955        11.43
    8191.999     0.925000         2991        13.33
    8310.783     0.937500         3032        16.00
    8351.743     0.943750         3052        17.78
    8388.607     0.950000         3074        20.00
    8445.951     0.956250         3094        22.86
    8486.911     0.962500         3112        26.67
    8560.639     0.968750         3132        32.00
    8593.407     0.971875         3143        35.56
    8634.367     0.975000         3153        40.00
    8716.287     0.978125         3165        45.71
    8773.631     0.981250         3176        53.33
    8822.783     0.984375         3183        64.00
    8847.359     0.985938         3189        71.11
    8880.127     0.987500         3196        80.00
    8896.511     0.989062         3198        91.43
    8945.663     0.990625         3204       106.67
    8978.431     0.992188         3209       128.00
    9003.007     0.992969         3211       142.22
    9011.199     0.993750         3213       160.00
    9052.159     0.994531         3216       182.86
    9068.543     0.995313         3218       213.33
    9117.695     0.996094         3221       256.00
    9142.271     0.996484         3224       284.44
    9142.271     0.996875         3224       320.00
    9150.463     0.997266         3225       365.71
    9166.847     0.997656         3227       426.67
    9166.847     0.998047         3227       512.00
    9175.039     0.998242         3229       568.89
    9175.039     0.998437         3229       640.00
    9175.039     0.998633         3229       731.43
    9199.615     0.998828         3231       853.33
    9199.615     0.999023         3231      1024.00
    9199.615     0.999121         3231      1137.78
    9199.615     0.999219         3231      1280.00
    9199.615     0.999316         3231      1462.86
    9232.383     0.999414         3232      1706.67
    9232.383     0.999512         3232      2048.00
    9232.383     0.999561         3232      2275.56
    9232.383     0.999609         3232      2560.00
    9232.383     0.999658         3232      2925.71
    9240.575     0.999707         3233      3413.33
    9240.575     1.000000         3233          inf
#[Mean    =     5197.611, StdDeviation   =     2157.089]
#[Max     =     9232.384, Total count    =         3233]
#[Buckets =           27, SubBuckets     =         2048]
-----------------------------------------------------------------------
  3854 requests in 1.00m, 1.15MB read
Requests/sec:     64.23  
Transfer/sec:     19.58KB
