Running 1m test @ http://10.96.158.146/?loopCount=25&base=6&exp=6
  1 threads and 1 connections

  Thread calibration: mean lat.: 3056.744ms, rate sampling interval: 10592ms

-----------------------------------------------------------------------
Test Results @ http://10.96.158.146/?loopCount=25&base=6&exp=6 
  Thread Stats   Avg      Stdev     99%   +/- Stdev
    Latency    20.01s     8.24s   34.01s    58.63%
    Req/Sec    10.50      0.50    11.00    100.00%
  Latency Distribution (HdrHistogram - Recorded Latency)
 50.000%   20.20s 
 75.000%   26.77s 
 90.000%   31.41s 
 99.000%   34.01s 
 99.900%   34.28s 
 99.990%   34.28s 
 99.999%   34.28s 
100.000%   34.28s 

  Detailed Percentile spectrum:
       Value   Percentile   TotalCount 1/(1-Percentile)

    5959.679     0.000000            1         1.00
    8437.759     0.100000           54         1.11
   11476.991     0.200000          109         1.25
   14344.191     0.300000          162         1.43
   16859.135     0.400000          216         1.67
   20201.471     0.500000          270         2.00
   21708.799     0.550000          297         2.22
   22806.527     0.600000          324         2.50
   24592.383     0.650000          351         2.86
   25690.111     0.700000          379         3.33
   26836.991     0.750000          405         4.00
   27607.039     0.775000          418         4.44
   28327.935     0.800000          432         5.00
   29097.983     0.825000          445         5.71
   29949.951     0.850000          459         6.67
   30736.383     0.875000          472         8.00
   31129.599     0.887500          479         8.89
   31473.663     0.900000          486        10.00
   31817.727     0.912500          492        11.43
   32374.783     0.925000          499        13.33
   32767.999     0.937500          506        16.00
   32833.535     0.943750          513        17.78
   32833.535     0.950000          513        20.00
   32980.991     0.956250          516        22.86
   33161.215     0.962500          519        26.67
   33390.591     0.968750          523        32.00
   33456.127     0.971875          524        35.56
   33587.199     0.975000          526        40.00
   33783.807     0.978125          528        45.71
   33849.343     0.981250          529        53.33
   33914.879     0.984375          531        64.00
   33947.647     0.985938          532        71.11
   34013.183     0.987500          534        80.00
   34013.183     0.989062          534        91.43
   34013.183     0.990625          534       106.67
   34111.487     0.992188          535       128.00
   34177.023     0.992969          536       142.22
   34177.023     0.993750          536       160.00
   34209.791     0.994531          537       182.86
   34209.791     0.995313          537       213.33
   34209.791     0.996094          537       256.00
   34275.327     0.996484          539       284.44
   34275.327     1.000000          539          inf
#[Mean    =    20013.713, StdDeviation   =     8237.769]
#[Max     =    34242.560, Total count    =          539]
#[Buckets =           27, SubBuckets     =         2048]
-----------------------------------------------------------------------
  641 requests in 1.00m, 195.52KB read
Requests/sec:     10.68  
Transfer/sec:      3.26KB
