Running 1m test @ http://10.109.115.86/?loopCount=25&base=6&exp=6
  1 threads and 1 connections

  Thread calibration: mean lat.: 3437.237ms, rate sampling interval: 10608ms

-----------------------------------------------------------------------
Test Results @ http://10.109.115.86/?loopCount=25&base=6&exp=6 
  Thread Stats   Avg      Stdev     99%   +/- Stdev
    Latency    20.06s     7.97s   33.16s    59.11%
    Req/Sec    10.50      0.50    11.00    100.00%
  Latency Distribution (HdrHistogram - Recorded Latency)
 50.000%   20.22s 
 75.000%   27.03s 
 90.000%   30.77s 
 99.000%   33.16s 
 99.900%   33.39s 
 99.990%   33.42s 
 99.999%   33.42s 
100.000%   33.42s 

  Detailed Percentile spectrum:
       Value   Percentile   TotalCount 1/(1-Percentile)

    5873.663     0.000000            1         1.00
    8675.327     0.100000           56         1.11
   11739.135     0.200000          112         1.25
   14204.927     0.300000          168         1.43
   17678.335     0.400000          224         1.67
   20217.855     0.500000          280         2.00
   21200.895     0.550000          308         2.22
   23101.439     0.600000          336         2.50
   24199.167     0.650000          364         2.86
   25853.951     0.700000          392         3.33
   27033.599     0.750000          420         4.00
   27672.575     0.775000          434         4.44
   28000.255     0.800000          448         5.00
   28852.223     0.825000          462         5.71
   29507.583     0.850000          476         6.67
   30310.399     0.875000          490         8.00
   30621.695     0.887500          497         8.89
   30769.151     0.900000          504        10.00
   30998.527     0.912500          511        11.43
   31604.735     0.925000          518        13.33
   32047.103     0.937500          525        16.00
   32178.175     0.943750          529        17.78
   32358.399     0.950000          532        20.00
   32571.391     0.956250          536        22.86
   32686.079     0.962500          539        26.67
   32882.687     0.968750          543        32.00
   32915.455     0.971875          545        35.56
   32931.839     0.975000          547        40.00
   32948.223     0.978125          550        45.71
   32948.223     0.981250          550        53.33
   33030.143     0.984375          552        64.00
   33112.063     0.985938          553        71.11
   33112.063     0.987500          553        80.00
   33161.215     0.989062          554        91.43
   33210.367     0.990625          555       106.67
   33275.903     0.992188          556       128.00
   33325.055     0.992969          557       142.22
   33325.055     0.993750          557       160.00
   33325.055     0.994531          557       182.86
   33390.591     0.995313          559       213.33
   33390.591     0.996094          559       256.00
   33390.591     0.996484          559       284.44
   33390.591     0.996875          559       320.00
   33390.591     0.997266          559       365.71
   33390.591     0.997656          559       426.67
   33390.591     0.998047          559       512.00
   33423.359     0.998242          560       568.89
   33423.359     1.000000          560          inf
#[Mean    =    20062.899, StdDeviation   =     7973.776]
#[Max     =    33406.976, Total count    =          560]
#[Buckets =           27, SubBuckets     =         2048]
-----------------------------------------------------------------------
  663 requests in 1.00m, 202.22KB read
Requests/sec:     11.05  
Transfer/sec:      3.37KB
