Running 1m test @ http://10.108.208.72/?loopCount=25&base=6&exp=6
  5 threads and 5 connections

  Thread calibration: mean lat.: 1088.804ms, rate sampling interval: 3495ms
  Thread calibration: mean lat.: 1198.045ms, rate sampling interval: 3952ms
  Thread calibration: mean lat.: 1313.111ms, rate sampling interval: 3811ms
  Thread calibration: mean lat.: 1072.958ms, rate sampling interval: 3330ms
  Thread calibration: mean lat.: 1238.474ms, rate sampling interval: 3829ms

-----------------------------------------------------------------------
Test Results @ http://10.108.208.72/?loopCount=25&base=6&exp=6 
  Thread Stats   Avg      Stdev     99%   +/- Stdev
    Latency     5.56s     2.07s    9.13s    57.95%
    Req/Sec    12.39      0.60    14.00     97.01%
  Latency Distribution (HdrHistogram - Recorded Latency)
 50.000%    5.71s 
 75.000%    7.41s 
 90.000%    8.31s 
 99.000%    9.13s 
 99.900%    9.58s 
 99.990%    9.65s 
 99.999%    9.65s 
100.000%    9.65s 

  Detailed Percentile spectrum:
       Value   Percentile   TotalCount 1/(1-Percentile)

    1740.799     0.000000            1         1.00
    2613.247     0.100000          323         1.11
    3393.535     0.200000          645         1.25
    4075.519     0.300000          968         1.43
    4923.391     0.400000         1294         1.67
    5705.727     0.500000         1614         2.00
    5988.351     0.550000         1775         2.22
    6303.743     0.600000         1937         2.50
    6717.439     0.650000         2098         2.86
    7028.735     0.700000         2258         3.33
    7405.567     0.750000         2422         4.00
    7569.407     0.775000         2502         4.44
    7696.383     0.800000         2580         5.00
    7819.263     0.825000         2667         5.71
    7921.663     0.850000         2743         6.67
    8171.519     0.875000         2824         8.00
    8224.767     0.887500         2865         8.89
    8314.879     0.900000         2903        10.00
    8421.375     0.912500         2950        11.43
    8503.295     0.925000         2984        13.33
    8642.559     0.937500         3025        16.00
    8683.519     0.943750         3045        17.78
    8724.479     0.950000         3066        20.00
    8749.055     0.956250         3087        22.86
    8781.823     0.962500         3105        26.67
    8847.359     0.968750         3126        32.00
    8880.127     0.971875         3136        35.56
    8904.703     0.975000         3147        40.00
    8929.279     0.978125         3155        45.71
    8994.815     0.981250         3167        53.33
    9027.583     0.984375         3176        64.00
    9043.967     0.985938         3181        71.11
    9076.735     0.987500         3186        80.00
    9117.695     0.989062         3191        91.43
    9142.271     0.990625         3195       106.67
    9175.039     0.992188         3200       128.00
    9191.423     0.992969         3204       142.22
    9207.807     0.993750         3206       160.00
    9273.343     0.994531         3208       182.86
    9297.919     0.995313         3211       213.33
    9322.495     0.996094         3213       256.00
    9355.263     0.996484         3214       284.44
    9428.991     0.996875         3215       320.00
    9543.679     0.997266         3217       365.71
    9551.871     0.997656         3218       426.67
    9576.447     0.998047         3220       512.00
    9576.447     0.998242         3220       568.89
    9576.447     0.998437         3220       640.00
    9584.639     0.998633         3222       731.43
    9584.639     0.998828         3222       853.33
    9584.639     0.999023         3222      1024.00
    9601.023     0.999121         3223      1137.78
    9601.023     0.999219         3223      1280.00
    9601.023     0.999316         3223      1462.86
    9617.407     0.999414         3224      1706.67
    9617.407     0.999512         3224      2048.00
    9617.407     0.999561         3224      2275.56
    9617.407     0.999609         3224      2560.00
    9617.407     0.999658         3224      2925.71
    9650.175     0.999707         3225      3413.33
    9650.175     1.000000         3225          inf
#[Mean    =     5564.061, StdDeviation   =     2070.401]
#[Max     =     9641.984, Total count    =         3225]
#[Buckets =           27, SubBuckets     =         2048]
-----------------------------------------------------------------------
  3825 requests in 1.00m, 1.14MB read
Requests/sec:     63.75  
Transfer/sec:     19.43KB
