Running 1m test @ http://10.109.115.86/?loopCount=25&base=6&exp=6
  5 threads and 5 connections

  Thread calibration: mean lat.: 480.281ms, rate sampling interval: 1362ms
  Thread calibration: mean lat.: 286.031ms, rate sampling interval: 758ms
  Thread calibration: mean lat.: 250.016ms, rate sampling interval: 766ms
  Thread calibration: mean lat.: 604.221ms, rate sampling interval: 1608ms
  Thread calibration: mean lat.: 359.705ms, rate sampling interval: 1183ms

-----------------------------------------------------------------------
Test Results @ http://10.109.115.86/?loopCount=25&base=6&exp=6 
  Thread Stats   Avg      Stdev     99%   +/- Stdev
    Latency     1.66s   768.51ms   3.38s    61.75%
    Req/Sec     9.01      1.32    11.00     95.82%
  Latency Distribution (HdrHistogram - Recorded Latency)
 50.000%    1.48s 
 75.000%    2.19s 
 90.000%    2.87s 
 99.000%    3.38s 
 99.900%    3.59s 
 99.990%    3.60s 
 99.999%    3.60s 
100.000%    3.60s 

  Detailed Percentile spectrum:
       Value   Percentile   TotalCount 1/(1-Percentile)

     151.295     0.000000            1         1.00
     684.543     0.100000          238         1.11
     993.791     0.200000          475         1.25
    1267.711     0.300000          713         1.43
    1378.303     0.400000          952         1.67
    1480.703     0.500000         1193         2.00
    1570.815     0.550000         1306         2.22
    1671.167     0.600000         1424         2.50
    1743.871     0.650000         1542         2.86
    1942.527     0.700000         1660         3.33
    2189.311     0.750000         1781         4.00
    2367.487     0.775000         1838         4.44
    2473.983     0.800000         1897         5.00
    2574.335     0.825000         1958         5.71
    2682.879     0.850000         2019         6.67
    2770.943     0.875000         2076         8.00
    2789.375     0.887500         2107         8.89
    2865.151     0.900000         2137        10.00
    2883.583     0.912500         2166        11.43
    2971.647     0.925000         2194        13.33
    2996.223     0.937500         2223        16.00
    3067.903     0.943750         2238        17.78
    3082.239     0.950000         2253        20.00
    3151.871     0.956250         2269        22.86
    3186.687     0.962500         2283        26.67
    3264.511     0.968750         2297        32.00
    3274.751     0.971875         2305        35.56
    3284.991     0.975000         2313        40.00
    3289.087     0.978125         2325        45.71
    3293.183     0.981250         2327        53.33
    3362.815     0.984375         2335        64.00
    3366.911     0.985938         2340        71.11
    3371.007     0.987500         2342        80.00
    3377.151     0.989062         2347        91.43
    3379.199     0.990625         2349       106.67
    3393.535     0.992188         2354       128.00
    3395.583     0.992969         2355       142.22
    3463.167     0.993750         2357       160.00
    3473.407     0.994531         2359       182.86
    3481.599     0.995313         2360       213.33
    3567.615     0.996094         2362       256.00
    3569.663     0.996484         2365       284.44
    3569.663     0.996875         2365       320.00
    3569.663     0.997266         2365       365.71
    3581.951     0.997656         2366       426.67
    3583.999     0.998047         2367       512.00
    3583.999     0.998242         2367       568.89
    3588.095     0.998437         2368       640.00
    3588.095     0.998633         2368       731.43
    3590.143     0.998828         2369       853.33
    3590.143     0.999023         2369      1024.00
    3590.143     0.999121         2369      1137.78
    3596.287     0.999219         2370      1280.00
    3596.287     0.999316         2370      1462.86
    3596.287     0.999414         2370      1706.67
    3596.287     0.999512         2370      2048.00
    3596.287     0.999561         2370      2275.56
    3598.335     0.999609         2371      2560.00
    3598.335     1.000000         2371          inf
#[Mean    =     1660.363, StdDeviation   =      768.510]
#[Max     =     3596.288, Total count    =         2371]
#[Buckets =           27, SubBuckets     =         2048]
-----------------------------------------------------------------------
  2839 requests in 1.00m, 866.35KB read
Requests/sec:     47.31  
Transfer/sec:     14.44KB
