Running 1m test @ http://10.97.218.196/?loopCount=25&base=6&exp=6
  5 threads and 5 connections

  Thread calibration: mean lat.: 419.385ms, rate sampling interval: 1209ms
  Thread calibration: mean lat.: 385.983ms, rate sampling interval: 1186ms
  Thread calibration: mean lat.: 852.399ms, rate sampling interval: 3071ms
  Thread calibration: mean lat.: 627.262ms, rate sampling interval: 2021ms
  Thread calibration: mean lat.: 274.658ms, rate sampling interval: 970ms

-----------------------------------------------------------------------
Test Results @ http://10.97.218.196/?loopCount=25&base=6&exp=6 
  Thread Stats   Avg      Stdev     99%   +/- Stdev
    Latency     1.53s   882.40ms   3.75s    73.38%
    Req/Sec    13.98      1.66    17.00     89.08%
  Latency Distribution (HdrHistogram - Recorded Latency)
 50.000%    1.29s 
 75.000%    1.90s 
 90.000%    3.23s 
 99.000%    3.75s 
 99.900%    3.89s 
 99.990%    3.94s 
 99.999%    3.94s 
100.000%    3.94s 

  Detailed Percentile spectrum:
       Value   Percentile   TotalCount 1/(1-Percentile)

     350.463     0.000000            1         1.00
     646.143     0.100000          362         1.11
     826.367     0.200000          724         1.25
     974.847     0.300000         1089         1.43
    1129.471     0.400000         1448         1.67
    1286.143     0.500000         1809         2.00
    1352.703     0.550000         1990         2.22
    1424.383     0.600000         2171         2.50
    1505.279     0.650000         2352         2.86
    1636.351     0.700000         2533         3.33
    1904.639     0.750000         2713         4.00
    2027.519     0.775000         2805         4.44
    2103.295     0.800000         2895         5.00
    2213.887     0.825000         2986         5.71
    2707.455     0.850000         3075         6.67
    2918.399     0.875000         3165         8.00
    3123.199     0.887500         3211         8.89
    3237.887     0.900000         3258        10.00
    3289.087     0.912500         3302        11.43
    3336.191     0.925000         3347        13.33
    3407.871     0.937500         3391        16.00
    3444.735     0.943750         3416        17.78
    3485.695     0.950000         3438        20.00
    3520.511     0.956250         3459        22.86
    3557.375     0.962500         3482        26.67
    3600.383     0.968750         3504        32.00
    3631.103     0.971875         3516        35.56
    3649.535     0.975000         3527        40.00
    3663.871     0.978125         3539        45.71
    3680.255     0.981250         3551        53.33
    3702.783     0.984375         3561        64.00
    3710.975     0.985938         3567        71.11
    3717.119     0.987500         3573        80.00
    3735.551     0.989062         3578        91.43
    3768.319     0.990625         3584       106.67
    3809.279     0.992188         3590       128.00
    3819.519     0.992969         3592       142.22
    3835.903     0.993750         3598       160.00
    3835.903     0.994531         3598       182.86
    3850.239     0.995313         3601       213.33
    3856.383     0.996094         3603       256.00
    3860.479     0.996484         3605       284.44
    3868.671     0.996875         3607       320.00
    3870.719     0.997266         3609       365.71
    3870.719     0.997656         3609       426.67
    3876.863     0.998047         3610       512.00
    3878.911     0.998242         3611       568.89
    3887.103     0.998437         3612       640.00
    3889.151     0.998633         3613       731.43
    3889.151     0.998828         3613       853.33
    3903.487     0.999023         3615      1024.00
    3903.487     0.999121         3615      1137.78
    3903.487     0.999219         3615      1280.00
    3903.487     0.999316         3615      1462.86
    3903.487     0.999414         3615      1706.67
    3913.727     0.999512         3616      2048.00
    3913.727     0.999561         3616      2275.56
    3913.727     0.999609         3616      2560.00
    3913.727     0.999658         3616      2925.71
    3913.727     0.999707         3616      3413.33
    3940.351     0.999756         3617      4096.00
    3940.351     1.000000         3617          inf
#[Mean    =     1532.812, StdDeviation   =      882.401]
#[Max     =     3938.304, Total count    =         3617]
#[Buckets =           27, SubBuckets     =         2048]
-----------------------------------------------------------------------
  4301 requests in 1.00m, 1.28MB read
Requests/sec:     71.68  
Transfer/sec:     21.85KB
