Running 1m test @ http://10.109.115.86/?loopCount=25&base=6&exp=6
  5 threads and 5 connections

  Thread calibration: mean lat.: 1806.486ms, rate sampling interval: 5988ms
  Thread calibration: mean lat.: 1598.388ms, rate sampling interval: 5599ms
  Thread calibration: mean lat.: 1686.852ms, rate sampling interval: 5943ms
  Thread calibration: mean lat.: 1443.046ms, rate sampling interval: 5963ms
  Thread calibration: mean lat.: 1831.160ms, rate sampling interval: 6053ms

-----------------------------------------------------------------------
Test Results @ http://10.109.115.86/?loopCount=25&base=6&exp=6 
  Thread Stats   Avg      Stdev     99%   +/- Stdev
    Latency    11.67s     4.64s   19.87s    57.09%
    Req/Sec     9.78      0.47    11.00    100.00%
  Latency Distribution (HdrHistogram - Recorded Latency)
 50.000%   11.80s 
 75.000%   15.75s 
 90.000%   17.89s 
 99.000%   19.87s 
 99.900%   20.56s 
 99.990%   20.74s 
 99.999%   20.74s 
100.000%   20.74s 

  Detailed Percentile spectrum:
       Value   Percentile   TotalCount 1/(1-Percentile)

    3043.327     0.000000            1         1.00
    5218.303     0.100000          256         1.11
    6811.647     0.200000          512         1.25
    8527.871     0.300000          766         1.43
   10149.887     0.400000         1022         1.67
   11796.479     0.500000         1277         2.00
   12648.447     0.550000         1406         2.22
   13279.231     0.600000         1533         2.50
   14123.007     0.650000         1659         2.86
   14925.823     0.700000         1788         3.33
   15753.215     0.750000         1916         4.00
   16130.047     0.775000         1979         4.44
   16465.919     0.800000         2042         5.00
   16793.599     0.825000         2106         5.71
   17186.815     0.850000         2172         6.67
   17563.647     0.875000         2234         8.00
   17727.487     0.887500         2266         8.89
   17891.327     0.900000         2299        10.00
   18055.167     0.912500         2329        11.43
   18169.855     0.925000         2361        13.33
   18382.847     0.937500         2394        16.00
   18513.919     0.943750         2410        17.78
   18644.991     0.950000         2426        20.00
   18776.063     0.956250         2442        22.86
   18972.671     0.962500         2458        26.67
   19218.431     0.968750         2474        32.00
   19300.351     0.971875         2481        35.56
   19382.271     0.975000         2489        40.00
   19431.423     0.978125         2497        45.71
   19529.727     0.981250         2506        53.33
   19562.495     0.984375         2513        64.00
   19611.647     0.985938         2517        71.11
   19742.719     0.987500         2521        80.00
   19857.407     0.989062         2525        91.43
   19922.943     0.990625         2530       106.67
   20037.631     0.992188         2533       128.00
   20103.167     0.992969         2535       142.22
   20152.319     0.993750         2537       160.00
   20250.623     0.994531         2539       182.86
   20299.775     0.995313         2541       213.33
   20348.927     0.996094         2543       256.00
   20365.311     0.996484         2545       284.44
   20365.311     0.996875         2545       320.00
   20398.079     0.997266         2546       365.71
   20430.847     0.997656         2547       426.67
   20545.535     0.998047         2548       512.00
   20545.535     0.998242         2548       568.89
   20561.919     0.998437         2549       640.00
   20561.919     0.998633         2549       731.43
   20594.687     0.998828         2550       853.33
   20594.687     0.999023         2550      1024.00
   20594.687     0.999121         2550      1137.78
   20660.223     0.999219         2551      1280.00
   20660.223     0.999316         2551      1462.86
   20660.223     0.999414         2551      1706.67
   20660.223     0.999512         2551      2048.00
   20660.223     0.999561         2551      2275.56
   20742.143     0.999609         2552      2560.00
   20742.143     1.000000         2552          inf
#[Mean    =    11672.521, StdDeviation   =     4637.333]
#[Max     =    20725.760, Total count    =         2552]
#[Buckets =           27, SubBuckets     =         2048]
-----------------------------------------------------------------------
  3044 requests in 1.00m, 0.91MB read
Requests/sec:     50.73  
Transfer/sec:     15.48KB
