Running 1m test @ http://10.106.106.124/?loopCount=25&base=6&exp=6
  5 threads and 5 connections

  Thread calibration: mean lat.: 51.357ms, rate sampling interval: 137ms
  Thread calibration: mean lat.: 65.081ms, rate sampling interval: 243ms
  Thread calibration: mean lat.: 63.825ms, rate sampling interval: 242ms
  Thread calibration: mean lat.: 62.057ms, rate sampling interval: 229ms
  Thread calibration: mean lat.: 66.208ms, rate sampling interval: 256ms

-----------------------------------------------------------------------
Test Results @ http://10.106.106.124/?loopCount=25&base=6&exp=6 
  Thread Stats   Avg      Stdev     99%   +/- Stdev
    Latency    98.10ms   79.33ms 405.25ms   86.02%
    Req/Sec     9.56      3.63    21.00     87.21%
  Latency Distribution (HdrHistogram - Recorded Latency)
 50.000%   56.83ms
 75.000%  124.61ms
 90.000%  215.42ms
 99.000%  405.25ms
 99.900%  446.72ms
 99.990%  506.62ms
 99.999%  506.62ms
100.000%  506.62ms

  Detailed Percentile spectrum:
       Value   Percentile   TotalCount 1/(1-Percentile)

      23.503     0.000000            1         1.00
      40.767     0.100000          264         1.11
      41.375     0.200000          509         1.25
      42.783     0.300000          753         1.43
      49.631     0.400000          999         1.67
      56.831     0.500000         1248         2.00
      62.367     0.550000         1373         2.22
      91.839     0.600000         1498         2.50
     109.311     0.650000         1623         2.86
     115.647     0.700000         1748         3.33
     124.607     0.750000         1872         4.00
     131.199     0.775000         1936         4.44
     139.135     0.800000         1997         5.00
     152.063     0.825000         2060         5.71
     165.631     0.850000         2122         6.67
     208.127     0.875000         2184         8.00
     212.351     0.887500         2216         8.89
     215.423     0.900000         2247        10.00
     221.567     0.912500         2278        11.43
     227.839     0.925000         2310        13.33
     240.639     0.937500         2340        16.00
     250.367     0.943750         2356        17.78
     260.863     0.950000         2372        20.00
     286.463     0.956250         2387        22.86
     308.223     0.962500         2403        26.67
     314.879     0.968750         2418        32.00
     318.207     0.971875         2426        35.56
     321.791     0.975000         2434        40.00
     328.191     0.978125         2443        45.71
     333.823     0.981250         2450        53.33
     348.671     0.984375         2457        64.00
     352.255     0.985938         2461        71.11
     360.191     0.987500         2465        80.00
     386.047     0.989062         2469        91.43
     409.087     0.990625         2474       106.67
     411.135     0.992188         2479       128.00
     411.135     0.992969         2479       142.22
     414.463     0.993750         2481       160.00
     415.999     0.994531         2483       182.86
     418.047     0.995313         2485       213.33
     419.327     0.996094         2488       256.00
     419.327     0.996484         2488       284.44
     423.423     0.996875         2489       320.00
     427.263     0.997266         2491       365.71
     427.263     0.997656         2491       426.67
     427.519     0.998047         2492       512.00
     427.519     0.998242         2492       568.89
     445.439     0.998437         2493       640.00
     445.439     0.998633         2493       731.43
     446.719     0.998828         2494       853.33
     446.719     0.999023         2494      1024.00
     446.719     0.999121         2494      1137.78
     505.343     0.999219         2495      1280.00
     505.343     0.999316         2495      1462.86
     505.343     0.999414         2495      1706.67
     505.343     0.999512         2495      2048.00
     505.343     0.999561         2495      2275.56
     506.623     0.999609         2496      2560.00
     506.623     1.000000         2496          inf
#[Mean    =       98.095, StdDeviation   =       79.329]
#[Max     =      506.368, Total count    =         2496]
#[Buckets =           27, SubBuckets     =         2048]
-----------------------------------------------------------------------
  2987 requests in 1.00m, 0.89MB read
Requests/sec:     49.78  
Transfer/sec:     15.18KB
