Running 1m test @ http://10.104.225.39/?loopCount=25&base=6&exp=6
  1 threads and 1 connections

  Thread calibration: mean lat.: 1350.362ms, rate sampling interval: 4829ms

-----------------------------------------------------------------------
Test Results @ http://10.104.225.39/?loopCount=25&base=6&exp=6 
  Thread Stats   Avg      Stdev     99%   +/- Stdev
    Latency     8.08s     3.32s   14.11s    56.88%
    Req/Sec    18.70      1.19    21.00     90.00%
  Latency Distribution (HdrHistogram - Recorded Latency)
 50.000%    7.57s 
 75.000%   11.02s 
 90.000%   12.71s 
 99.000%   14.11s 
 99.900%   14.17s 
 99.990%   14.18s 
 99.999%   14.18s 
100.000%   14.18s 

  Detailed Percentile spectrum:
       Value   Percentile   TotalCount 1/(1-Percentile)

    2703.359     0.000000            1         1.00
    3680.255     0.100000           98         1.11
    4800.511     0.200000          192         1.25
    5832.703     0.300000          289         1.43
    6848.511     0.400000          388         1.67
    7569.407     0.500000          480         2.00
    8122.367     0.550000          528         2.22
    8798.207     0.600000          580         2.50
    9273.343     0.650000          624         2.86
   10248.191     0.700000          673         3.33
   11018.239     0.750000          721         4.00
   11591.679     0.775000          744         4.44
   11960.319     0.800000          773         5.00
   12066.815     0.825000          793         5.71
   12181.503     0.850000          817         6.67
   12435.455     0.875000          841         8.00
   12599.295     0.887500          853         8.89
   12705.791     0.900000          871        10.00
   12812.287     0.912500          876        11.43
   13213.695     0.925000          889        13.33
   13434.879     0.937500          901        16.00
   13500.415     0.943750          907        17.78
   13590.527     0.950000          912        20.00
   13836.287     0.956250          921        22.86
   13869.055     0.962500          928        26.67
   13877.247     0.968750          930        32.00
   13918.207     0.971875          934        35.56
   13959.167     0.975000          936        40.00
   13975.551     0.978125          940        45.71
   13991.935     0.981250          942        53.33
   14090.239     0.984375          945        64.00
   14106.623     0.985938          951        71.11
   14106.623     0.987500          951        80.00
   14106.623     0.989062          951        91.43
   14106.623     0.990625          951       106.67
   14131.199     0.992188          953       128.00
   14139.391     0.992969          958       142.22
   14139.391     0.993750          958       160.00
   14139.391     0.994531          958       182.86
   14139.391     0.995313          958       213.33
   14139.391     0.996094          958       256.00
   14139.391     0.996484          958       284.44
   14139.391     0.996875          958       320.00
   14139.391     0.997266          958       365.71
   14139.391     0.997656          958       426.67
   14172.159     0.998047          959       512.00
   14172.159     0.998242          959       568.89
   14172.159     0.998437          959       640.00
   14172.159     0.998633          959       731.43
   14172.159     0.998828          959       853.33
   14180.351     0.999023          960      1024.00
   14180.351     1.000000          960          inf
#[Mean    =     8078.672, StdDeviation   =     3318.658]
#[Max     =    14172.160, Total count    =          960]
#[Buckets =           27, SubBuckets     =         2048]
-----------------------------------------------------------------------
  1144 requests in 1.00m, 348.57KB read
Requests/sec:     19.07  
Transfer/sec:      5.81KB
