Running 1m test @ http://10.108.208.72/?loopCount=25&base=6&exp=6
  1 threads and 1 connections

  Thread calibration: mean lat.: 94.065ms, rate sampling interval: 257ms

-----------------------------------------------------------------------
Test Results @ http://10.108.208.72/?loopCount=25&base=6&exp=6 
  Thread Stats   Avg      Stdev     99%   +/- Stdev
    Latency   271.92ms  113.43ms 480.00ms   55.24%
    Req/Sec    24.51      1.98    27.00     99.48%
  Latency Distribution (HdrHistogram - Recorded Latency)
 50.000%  239.87ms
 75.000%  388.86ms
 90.000%  430.08ms
 99.000%  480.00ms
 99.900%  484.86ms
 99.990%  485.38ms
 99.999%  485.38ms
100.000%  485.38ms

  Detailed Percentile spectrum:
       Value   Percentile   TotalCount 1/(1-Percentile)

     104.447     0.000000            1         1.00
     143.615     0.100000          124         1.11
     159.999     0.200000          248         1.25
     181.375     0.300000          372         1.43
     197.759     0.400000          496         1.67
     239.871     0.500000          620         2.00
     272.383     0.550000          683         2.22
     301.055     0.600000          744         2.50
     333.311     0.650000          806         2.86
     360.703     0.700000          870         3.33
     388.863     0.750000          932         4.00
     400.639     0.775000          962         4.44
     411.391     0.800000          993         5.00
     416.255     0.825000         1024         5.71
     419.839     0.850000         1055         6.67
     425.471     0.875000         1085         8.00
     428.287     0.887500         1103         8.89
     430.079     0.900000         1117        10.00
     434.943     0.912500         1134        11.43
     437.503     0.925000         1148        13.33
     441.599     0.937500         1163        16.00
     443.647     0.943750         1171        17.78
     446.975     0.950000         1179        20.00
     451.327     0.956250         1187        22.86
     456.191     0.962500         1194        26.67
     463.103     0.968750         1202        32.00
     467.455     0.971875         1207        35.56
     469.247     0.975000         1209        40.00
     471.039     0.978125         1213        45.71
     473.343     0.981250         1217        53.33
     476.159     0.984375         1221        64.00
     477.439     0.985938         1224        71.11
     478.207     0.987500         1225        80.00
     479.487     0.989062         1227        91.43
     480.255     0.990625         1230       106.67
     481.023     0.992188         1231       128.00
     481.279     0.992969         1232       142.22
     482.815     0.993750         1233       160.00
     483.071     0.994531         1235       182.86
     483.071     0.995313         1235       213.33
     483.327     0.996094         1236       256.00
     483.327     0.996484         1236       284.44
     483.583     0.996875         1237       320.00
     483.583     0.997266         1237       365.71
     484.351     0.997656         1238       426.67
     484.351     0.998047         1238       512.00
     484.351     0.998242         1238       568.89
     484.863     0.998437         1239       640.00
     484.863     0.998633         1239       731.43
     484.863     0.998828         1239       853.33
     484.863     0.999023         1239      1024.00
     484.863     0.999121         1239      1137.78
     485.375     0.999219         1240      1280.00
     485.375     1.000000         1240          inf
#[Mean    =      271.916, StdDeviation   =      113.430]
#[Max     =      485.120, Total count    =         1240]
#[Buckets =           27, SubBuckets     =         2048]
-----------------------------------------------------------------------
  1487 requests in 1.00m, 453.07KB read
Requests/sec:     24.78  
Transfer/sec:      7.55KB
