Running 1m test @ http://10.104.199.0/?loopCount=25&base=6&exp=6
  5 threads and 5 connections

  Thread calibration: mean lat.: 51.598ms, rate sampling interval: 163ms
  Thread calibration: mean lat.: 54.496ms, rate sampling interval: 211ms
  Thread calibration: mean lat.: 57.538ms, rate sampling interval: 221ms
  Thread calibration: mean lat.: 53.815ms, rate sampling interval: 170ms
  Thread calibration: mean lat.: 65.584ms, rate sampling interval: 257ms

-----------------------------------------------------------------------
Test Results @ http://10.104.199.0/?loopCount=25&base=6&exp=6 
  Thread Stats   Avg      Stdev     99%   +/- Stdev
    Latency    44.44ms   12.92ms 111.10ms   90.88%
    Req/Sec     9.54      2.49    14.00     79.76%
  Latency Distribution (HdrHistogram - Recorded Latency)
 50.000%   41.89ms
 75.000%   42.94ms
 90.000%   47.10ms
 99.000%  111.10ms
 99.900%  166.91ms
 99.990%  169.85ms
 99.999%  169.85ms
100.000%  169.85ms

  Detailed Percentile spectrum:
       Value   Percentile   TotalCount 1/(1-Percentile)

      22.143     0.000000            1         1.00
      39.519     0.100000          250         1.11
      40.735     0.200000          503         1.25
      41.119     0.300000          773         1.43
      41.503     0.400000         1012         1.67
      41.887     0.500000         1252         2.00
      42.079     0.550000         1385         2.22
      42.271     0.600000         1522         2.50
      42.463     0.650000         1635         2.86
      42.655     0.700000         1759         3.33
      42.943     0.750000         1882         4.00
      43.071     0.775000         1938         4.44
      43.295     0.800000         2002         5.00
      43.551     0.825000         2066         5.71
      44.063     0.850000         2127         6.67
      45.215     0.875000         2188         8.00
      45.727     0.887500         2219         8.89
      47.103     0.900000         2250        10.00
      49.247     0.912500         2282        11.43
      53.119     0.925000         2313        13.33
      57.983     0.937500         2344        16.00
      65.503     0.943750         2361        17.78
      66.623     0.950000         2375        20.00
      68.031     0.956250         2392        22.86
      73.151     0.962500         2407        26.67
      77.503     0.968750         2422        32.00
      83.967     0.971875         2430        35.56
      85.631     0.975000         2438        40.00
      92.927     0.978125         2447        45.71
      97.407     0.981250         2454        53.33
     106.687     0.984375         2461        64.00
     109.375     0.985938         2465        71.11
     109.887     0.987500         2470        80.00
     110.783     0.989062         2473        91.43
     111.487     0.990625         2477       106.67
     112.639     0.992188         2482       128.00
     113.535     0.992969         2483       142.22
     116.223     0.993750         2485       160.00
     116.543     0.994531         2487       182.86
     118.079     0.995313         2489       213.33
     119.423     0.996094         2491       256.00
     119.487     0.996484         2492       284.44
     119.935     0.996875         2493       320.00
     125.823     0.997266         2494       365.71
     127.039     0.997656         2495       426.67
     165.375     0.998047         2496       512.00
     165.375     0.998242         2496       568.89
     166.783     0.998437         2497       640.00
     166.783     0.998633         2497       731.43
     166.911     0.998828         2498       853.33
     166.911     0.999023         2498      1024.00
     166.911     0.999121         2498      1137.78
     168.831     0.999219         2499      1280.00
     168.831     0.999316         2499      1462.86
     168.831     0.999414         2499      1706.67
     168.831     0.999512         2499      2048.00
     168.831     0.999561         2499      2275.56
     169.855     0.999609         2500      2560.00
     169.855     1.000000         2500          inf
#[Mean    =       44.440, StdDeviation   =       12.920]
#[Max     =      169.728, Total count    =         2500]
#[Buckets =           27, SubBuckets     =         2048]
-----------------------------------------------------------------------
  2995 requests in 1.00m, 0.89MB read
Requests/sec:     49.91  
Transfer/sec:     15.21KB
