Running 1m test @ http://10.108.10.66/?loopCount=25&base=6&exp=6
  5 threads and 5 connections

  Thread calibration: mean lat.: 663.888ms, rate sampling interval: 2054ms
  Thread calibration: mean lat.: 1018.646ms, rate sampling interval: 2908ms
  Thread calibration: mean lat.: 139.560ms, rate sampling interval: 496ms
  Thread calibration: mean lat.: 682.270ms, rate sampling interval: 1971ms
  Thread calibration: mean lat.: 807.375ms, rate sampling interval: 2256ms

-----------------------------------------------------------------------
Test Results @ http://10.108.10.66/?loopCount=25&base=6&exp=6 
  Thread Stats   Avg      Stdev     99%   +/- Stdev
    Latency     2.11s     1.34s    4.73s    59.76%
    Req/Sec     9.40      1.69    14.00     94.68%
  Latency Distribution (HdrHistogram - Recorded Latency)
 50.000%    2.13s 
 75.000%    3.05s 
 90.000%    4.03s 
 99.000%    4.73s 
 99.900%    5.04s 
 99.990%    5.05s 
 99.999%    5.05s 
100.000%    5.05s 

  Detailed Percentile spectrum:
       Value   Percentile   TotalCount 1/(1-Percentile)

      26.367     0.000000            1         1.00
     131.455     0.100000          237         1.11
     370.175     0.200000          474         1.25
    1433.599     0.300000          712         1.43
    1739.775     0.400000          949         1.67
    2134.015     0.500000         1188         2.00
    2240.511     0.550000         1303         2.22
    2428.927     0.600000         1421         2.50
    2643.967     0.650000         1540         2.86
    2844.671     0.700000         1663         3.33
    3053.567     0.750000         1776         4.00
    3241.983     0.775000         1837         4.44
    3379.199     0.800000         1895         5.00
    3627.007     0.825000         1955         5.71
    3751.935     0.850000         2013         6.67
    3919.871     0.875000         2075         8.00
    3942.399     0.887500         2102         8.89
    4028.415     0.900000         2136        10.00
    4050.943     0.912500         2165        11.43
    4122.623     0.925000         2192        13.33
    4145.151     0.937500         2223        16.00
    4171.775     0.943750         2235        17.78
    4235.263     0.950000         2251        20.00
    4268.031     0.956250         2266        22.86
    4337.663     0.962500         2280        26.67
    4370.431     0.968750         2294        32.00
    4427.775     0.971875         2304        35.56
    4435.967     0.975000         2309        40.00
    4444.159     0.978125         2317        45.71
    4534.271     0.981250         2326        53.33
    4546.559     0.984375         2331        64.00
    4554.751     0.985938         2335        71.11
    4620.287     0.987500         2339        80.00
    4722.687     0.989062         2343        91.43
    4767.743     0.990625         2346       106.67
    4866.047     0.992188         2350       128.00
    4923.391     0.992969         2352       142.22
    4952.063     0.993750         2355       160.00
    4956.159     0.994531         2356       182.86
    4972.543     0.995313         2357       213.33
    4980.735     0.996094         2359       256.00
    5025.791     0.996484         2360       284.44
    5029.887     0.996875         2361       320.00
    5033.983     0.997266         2364       365.71
    5033.983     0.997656         2364       426.67
    5033.983     0.998047         2364       512.00
    5033.983     0.998242         2364       568.89
    5042.175     0.998437         2366       640.00
    5042.175     0.998633         2366       731.43
    5042.175     0.998828         2366       853.33
    5042.175     0.999023         2366      1024.00
    5042.175     0.999121         2366      1137.78
    5046.271     0.999219         2367      1280.00
    5046.271     0.999316         2367      1462.86
    5046.271     0.999414         2367      1706.67
    5046.271     0.999512         2367      2048.00
    5046.271     0.999561         2367      2275.56
    5050.367     0.999609         2368      2560.00
    5050.367     1.000000         2368          inf
#[Mean    =     2105.307, StdDeviation   =     1344.102]
#[Max     =     5046.272, Total count    =         2368]
#[Buckets =           27, SubBuckets     =         2048]
-----------------------------------------------------------------------
  2819 requests in 1.00m, 860.19KB read
Requests/sec:     46.98  
Transfer/sec:     14.34KB
