Running 1m test @ http://10.111.175.232/?loopCount=25&base=6&exp=6
  5 threads and 5 connections

  Thread calibration: mean lat.: 165.317ms, rate sampling interval: 653ms
  Thread calibration: mean lat.: 117.210ms, rate sampling interval: 520ms
  Thread calibration: mean lat.: 107.910ms, rate sampling interval: 405ms
  Thread calibration: mean lat.: 125.151ms, rate sampling interval: 511ms
  Thread calibration: mean lat.: 171.400ms, rate sampling interval: 730ms

-----------------------------------------------------------------------
Test Results @ http://10.111.175.232/?loopCount=25&base=6&exp=6 
  Thread Stats   Avg      Stdev     99%   +/- Stdev
    Latency   116.41ms  114.97ms 490.75ms   85.14%
    Req/Sec    14.54      1.85    19.00     91.30%
  Latency Distribution (HdrHistogram - Recorded Latency)
 50.000%   63.84ms
 75.000%  131.97ms
 90.000%  306.17ms
 99.000%  490.75ms
 99.900%  593.92ms
 99.990%  621.57ms
 99.999%  621.57ms
100.000%  621.57ms

  Detailed Percentile spectrum:
       Value   Percentile   TotalCount 1/(1-Percentile)

      21.791     0.000000            1         1.00
      40.575     0.100000          379         1.11
      41.215     0.200000          766         1.25
      43.199     0.300000         1129         1.43
      53.759     0.400000         1509         1.67
      63.839     0.500000         1882         2.00
      71.167     0.550000         2071         2.22
      81.087     0.600000         2258         2.50
      91.903     0.650000         2447         2.86
     106.943     0.700000         2635         3.33
     132.095     0.750000         2823         4.00
     152.191     0.775000         2918         4.44
     168.319     0.800000         3011         5.00
     196.479     0.825000         3105         5.71
     229.247     0.850000         3199         6.67
     268.031     0.875000         3293         8.00
     287.999     0.887500         3340         8.89
     306.175     0.900000         3387        10.00
     328.191     0.912500         3434        11.43
     351.999     0.925000         3481        13.33
     372.223     0.937500         3529        16.00
     385.535     0.943750         3552        17.78
     395.775     0.950000         3575        20.00
     405.247     0.956250         3599        22.86
     422.143     0.962500         3622        26.67
     435.199     0.968750         3646        32.00
     447.999     0.971875         3658        35.56
     454.655     0.975000         3669        40.00
     461.311     0.978125         3682        45.71
     468.991     0.981250         3693        53.33
     477.695     0.984375         3705        64.00
     484.095     0.985938         3711        71.11
     486.655     0.987500         3716        80.00
     489.727     0.989062         3722        91.43
     494.335     0.990625         3728       106.67
     497.919     0.992188         3734       128.00
     503.039     0.992969         3737       142.22
     515.327     0.993750         3740       160.00
     520.959     0.994531         3743       182.86
     524.287     0.995313         3746       213.33
     529.919     0.996094         3749       256.00
     538.623     0.996484         3750       284.44
     553.983     0.996875         3752       320.00
     555.007     0.997266         3753       365.71
     580.607     0.997656         3755       426.67
     583.679     0.998047         3756       512.00
     587.263     0.998242         3757       568.89
     589.823     0.998437         3758       640.00
     589.823     0.998633         3758       731.43
     593.919     0.998828         3759       853.33
     595.967     0.999023         3760      1024.00
     595.967     0.999121         3760      1137.78
     605.695     0.999219         3761      1280.00
     605.695     0.999316         3761      1462.86
     605.695     0.999414         3761      1706.67
     609.279     0.999512         3762      2048.00
     609.279     0.999561         3762      2275.56
     609.279     0.999609         3762      2560.00
     609.279     0.999658         3762      2925.71
     609.279     0.999707         3762      3413.33
     621.567     0.999756         3763      4096.00
     621.567     1.000000         3763          inf
#[Mean    =      116.407, StdDeviation   =      114.973]
#[Max     =      621.056, Total count    =         3763]
#[Buckets =           27, SubBuckets     =         2048]
-----------------------------------------------------------------------
  4495 requests in 1.00m, 1.34MB read
Requests/sec:     74.91  
Transfer/sec:     22.83KB
