Running 1m test @ http://10.104.225.39/?loopCount=25&base=6&exp=6
  1 threads and 1 connections

  Thread calibration: mean lat.: 1339.317ms, rate sampling interval: 4122ms

-----------------------------------------------------------------------
Test Results @ http://10.104.225.39/?loopCount=25&base=6&exp=6 
  Thread Stats   Avg      Stdev     99%   +/- Stdev
    Latency     8.45s     3.52s   14.61s    58.34%
    Req/Sec    18.25      1.42    21.00     91.67%
  Latency Distribution (HdrHistogram - Recorded Latency)
 50.000%    8.67s 
 75.000%   11.58s 
 90.000%   13.08s 
 99.000%   14.61s 
 99.900%   14.65s 
 99.990%   14.70s 
 99.999%   14.70s 
100.000%   14.70s 

  Detailed Percentile spectrum:
       Value   Percentile   TotalCount 1/(1-Percentile)

    2396.159     0.000000            2         1.00
    3420.159     0.100000           95         1.11
    4280.319     0.200000          189         1.25
    6230.015     0.300000          284         1.43
    7454.719     0.400000          380         1.67
    8667.135     0.500000          476         2.00
    9183.231     0.550000          522         2.22
    9756.671     0.600000          565         2.50
    9969.663     0.650000          612         2.86
   10838.015     0.700000          663         3.33
   11583.487     0.750000          706         4.00
   11739.135     0.775000          731         4.44
   11878.399     0.800000          753         5.00
   12443.647     0.825000          778         5.71
   12820.479     0.850000          801         6.67
   13008.895     0.875000          826         8.00
   13049.855     0.887500          841         8.89
   13082.623     0.900000          847        10.00
   13221.887     0.912500          861        11.43
   13344.767     0.925000          871        13.33
   13369.343     0.937500          885        16.00
   13492.223     0.943750          889        17.78
   13688.831     0.950000          894        20.00
   13934.591     0.956250          900        22.86
   14123.007     0.962500          911        26.67
   14139.391     0.968750          912        32.00
   14155.775     0.971875          918        35.56
   14155.775     0.975000          918        40.00
   14295.039     0.978125          921        45.71
   14475.263     0.981250          925        53.33
   14565.375     0.984375          927        64.00
   14606.335     0.985938          934        71.11
   14606.335     0.987500          934        80.00
   14606.335     0.989062          934        91.43
   14606.335     0.990625          934       106.67
   14606.335     0.992188          934       128.00
   14614.527     0.992969          937       142.22
   14614.527     0.993750          937       160.00
   14614.527     0.994531          937       182.86
   14614.527     0.995313          937       213.33
   14630.911     0.996094          939       256.00
   14630.911     0.996484          939       284.44
   14630.911     0.996875          939       320.00
   14630.911     0.997266          939       365.71
   14630.911     0.997656          939       426.67
   14647.295     0.998047          940       512.00
   14647.295     0.998242          940       568.89
   14647.295     0.998437          940       640.00
   14647.295     0.998633          940       731.43
   14647.295     0.998828          940       853.33
   14696.447     0.999023          941      1024.00
   14696.447     1.000000          941          inf
#[Mean    =     8445.326, StdDeviation   =     3516.357]
#[Max     =    14688.256, Total count    =          941]
#[Buckets =           27, SubBuckets     =         2048]
-----------------------------------------------------------------------
  1132 requests in 1.00m, 344.92KB read
Requests/sec:     18.87  
Transfer/sec:      5.75KB
