Running 1m test @ http://10.106.127.105/?loopCount=25&base=6&exp=6
  5 threads and 5 connections

  Thread calibration: mean lat.: 477.553ms, rate sampling interval: 1154ms
  Thread calibration: mean lat.: 396.522ms, rate sampling interval: 962ms
  Thread calibration: mean lat.: 251.508ms, rate sampling interval: 798ms
  Thread calibration: mean lat.: 197.213ms, rate sampling interval: 811ms
  Thread calibration: mean lat.: 212.985ms, rate sampling interval: 625ms

-----------------------------------------------------------------------
Test Results @ http://10.106.127.105/?loopCount=25&base=6&exp=6 
  Thread Stats   Avg      Stdev     99%   +/- Stdev
    Latency    93.81ms  105.97ms 651.26ms   92.04%
    Req/Sec    14.61      1.35    18.00     86.15%
  Latency Distribution (HdrHistogram - Recorded Latency)
 50.000%   60.64ms
 75.000%   96.32ms
 90.000%  170.37ms
 99.000%  651.26ms
 99.900%  706.56ms
 99.990%  733.70ms
 99.999%  733.70ms
100.000%  733.70ms

  Detailed Percentile spectrum:
       Value   Percentile   TotalCount 1/(1-Percentile)

      22.095     0.000000            1         1.00
      40.479     0.100000          382         1.11
      41.215     0.200000          754         1.25
      42.271     0.300000         1136         1.43
      47.167     0.400000         1508         1.67
      60.639     0.500000         1886         2.00
      65.375     0.550000         2074         2.22
      69.823     0.600000         2264         2.50
      76.415     0.650000         2453         2.86
      84.735     0.700000         2638         3.33
      96.319     0.750000         2826         4.00
     102.207     0.775000         2921         4.44
     108.671     0.800000         3016         5.00
     119.615     0.825000         3109         5.71
     132.991     0.850000         3203         6.67
     145.535     0.875000         3297         8.00
     159.231     0.887500         3345         8.89
     170.623     0.900000         3392        10.00
     189.311     0.912500         3439        11.43
     208.127     0.925000         3486        13.33
     235.007     0.937500         3533        16.00
     251.903     0.943750         3557        17.78
     272.383     0.950000         3580        20.00
     304.639     0.956250         3604        22.86
     335.359     0.962500         3627        26.67
     381.183     0.968750         3651        32.00
     406.015     0.971875         3663        35.56
     482.815     0.975000         3674        40.00
     540.159     0.978125         3686        45.71
     601.599     0.981250         3698        53.33
     627.711     0.984375         3711        64.00
     633.343     0.985938         3717        71.11
     636.927     0.987500         3721        80.00
     648.703     0.989062         3727        91.43
     651.775     0.990625         3733       106.67
     658.943     0.992188         3739       128.00
     667.135     0.992969         3743       142.22
     670.207     0.993750         3745       160.00
     677.375     0.994531         3749       182.86
     679.423     0.995313         3751       213.33
     685.567     0.996094         3754       256.00
     688.127     0.996484         3755       284.44
     695.295     0.996875         3757       320.00
     703.487     0.997266         3758       365.71
     703.999     0.997656         3761       426.67
     703.999     0.998047         3761       512.00
     705.023     0.998242         3762       568.89
     706.559     0.998437         3764       640.00
     706.559     0.998633         3764       731.43
     706.559     0.998828         3764       853.33
     708.095     0.999023         3765      1024.00
     708.095     0.999121         3765      1137.78
     709.631     0.999219         3766      1280.00
     709.631     0.999316         3766      1462.86
     709.631     0.999414         3766      1706.67
     714.751     0.999512         3767      2048.00
     714.751     0.999561         3767      2275.56
     714.751     0.999609         3767      2560.00
     714.751     0.999658         3767      2925.71
     714.751     0.999707         3767      3413.33
     733.695     0.999756         3768      4096.00
     733.695     1.000000         3768          inf
#[Mean    =       93.808, StdDeviation   =      105.974]
#[Max     =      733.184, Total count    =         3768]
#[Buckets =           27, SubBuckets     =         2048]
-----------------------------------------------------------------------
  4480 requests in 1.00m, 1.33MB read
Requests/sec:     74.66  
Transfer/sec:     22.75KB
