Running 1m test @ http://10.97.218.196/?loopCount=25&base=6&exp=6
  5 threads and 5 connections

  Thread calibration: mean lat.: 112.532ms, rate sampling interval: 402ms
  Thread calibration: mean lat.: 128.915ms, rate sampling interval: 574ms
  Thread calibration: mean lat.: 124.492ms, rate sampling interval: 524ms
  Thread calibration: mean lat.: 117.281ms, rate sampling interval: 443ms
  Thread calibration: mean lat.: 147.360ms, rate sampling interval: 547ms

-----------------------------------------------------------------------
Test Results @ http://10.97.218.196/?loopCount=25&base=6&exp=6 
  Thread Stats   Avg      Stdev     99%   +/- Stdev
    Latency    89.69ms   66.69ms 362.49ms   82.02%
    Req/Sec     9.49      1.79    14.00     91.16%
  Latency Distribution (HdrHistogram - Recorded Latency)
 50.000%   63.52ms
 75.000%  107.52ms
 90.000%  173.31ms
 99.000%  362.49ms
 99.900%  407.04ms
 99.990%  466.17ms
 99.999%  466.17ms
100.000%  466.17ms

  Detailed Percentile spectrum:
       Value   Percentile   TotalCount 1/(1-Percentile)

      23.103     0.000000            1         1.00
      40.895     0.100000          262         1.11
      41.663     0.200000          502         1.25
      43.199     0.300000          751         1.43
      50.207     0.400000         1004         1.67
      63.519     0.500000         1252         2.00
      70.335     0.550000         1378         2.22
      78.783     0.600000         1502         2.50
      88.959     0.650000         1630         2.86
      94.847     0.700000         1755         3.33
     107.583     0.750000         1878         4.00
     118.015     0.775000         1942         4.44
     131.007     0.800000         2003         5.00
     159.999     0.825000         2067         5.71
     163.583     0.850000         2128         6.67
     167.551     0.875000         2191         8.00
     169.855     0.887500         2224         8.89
     173.311     0.900000         2254        10.00
     177.919     0.912500         2284        11.43
     184.831     0.925000         2316        13.33
     195.199     0.937500         2347        16.00
     207.103     0.943750         2363        17.78
     225.535     0.950000         2378        20.00
     248.703     0.956250         2394        22.86
     264.447     0.962500         2410        26.67
     270.335     0.968750         2425        32.00
     272.639     0.971875         2433        35.56
     279.807     0.975000         2441        40.00
     285.183     0.978125         2449        45.71
     300.031     0.981250         2457        53.33
     314.879     0.984375         2464        64.00
     317.695     0.985938         2468        71.11
     328.191     0.987500         2472        80.00
     360.703     0.989062         2476        91.43
     364.543     0.990625         2480       106.67
     366.847     0.992188         2484       128.00
     368.383     0.992969         2486       142.22
     370.431     0.993750         2489       160.00
     371.967     0.994531         2492       182.86
     371.967     0.995313         2492       213.33
     374.783     0.996094         2494       256.00
     379.903     0.996484         2495       284.44
     380.159     0.996875         2497       320.00
     380.159     0.997266         2497       365.71
     395.519     0.997656         2498       426.67
     398.591     0.998047         2499       512.00
     398.591     0.998242         2499       568.89
     407.039     0.998437         2500       640.00
     407.039     0.998633         2500       731.43
     418.815     0.998828         2501       853.33
     418.815     0.999023         2501      1024.00
     418.815     0.999121         2501      1137.78
     438.783     0.999219         2502      1280.00
     438.783     0.999316         2502      1462.86
     438.783     0.999414         2502      1706.67
     438.783     0.999512         2502      2048.00
     438.783     0.999561         2502      2275.56
     466.175     0.999609         2503      2560.00
     466.175     1.000000         2503          inf
#[Mean    =       89.690, StdDeviation   =       66.689]
#[Max     =      465.920, Total count    =         2503]
#[Buckets =           27, SubBuckets     =         2048]
-----------------------------------------------------------------------
  2993 requests in 1.00m, 0.89MB read
Requests/sec:     49.88  
Transfer/sec:     15.21KB
