Running 1m test @ http://10.106.127.105/?loopCount=25&base=6&exp=6
  1 threads and 1 connections

  Thread calibration: mean lat.: 2640.287ms, rate sampling interval: 7647ms

-----------------------------------------------------------------------
Test Results @ http://10.106.127.105/?loopCount=25&base=6&exp=6 
  Thread Stats   Avg      Stdev     99%   +/- Stdev
    Latency    12.52s     3.79s   17.65s    63.38%
    Req/Sec    17.67      2.05    20.00     83.33%
  Latency Distribution (HdrHistogram - Recorded Latency)
 50.000%   13.51s 
 75.000%   15.65s 
 90.000%   17.07s 
 99.000%   17.65s 
 99.900%   17.69s 
 99.990%   17.74s 
 99.999%   17.74s 
100.000%   17.74s 

  Detailed Percentile spectrum:
       Value   Percentile   TotalCount 1/(1-Percentile)

    4239.359     0.000000            2         1.00
    6443.007     0.100000           98         1.11
    8609.791     0.200000          183         1.25
   10182.655     0.300000          275         1.43
   11812.863     0.400000          366         1.67
   13508.607     0.500000          456         2.00
   13934.591     0.550000          502         2.22
   14327.807     0.600000          548         2.50
   15220.735     0.650000          593         2.86
   15482.879     0.700000          639         3.33
   15646.719     0.750000          688         4.00
   16023.551     0.775000          711         4.44
   16113.663     0.800000          732         5.00
   16162.815     0.825000          757         5.71
   16531.455     0.850000          776         6.67
   16826.367     0.875000          798         8.00
   17072.127     0.887500          828         8.89
   17072.127     0.900000          828        10.00
   17121.279     0.912500          836        11.43
   17170.431     0.925000          851        13.33
   17203.199     0.937500          861        16.00
   17203.199     0.943750          861        17.78
   17317.887     0.950000          867        20.00
   17416.191     0.956250          879        22.86
   17416.191     0.962500          879        26.67
   17530.879     0.968750          891        32.00
   17530.879     0.971875          891        35.56
   17530.879     0.975000          891        40.00
   17547.263     0.978125          893        45.71
   17563.647     0.981250          895        53.33
   17596.415     0.984375          898        64.00
   17645.567     0.985938          903        71.11
   17645.567     0.987500          903        80.00
   17645.567     0.989062          903        91.43
   17661.951     0.990625          908       106.67
   17661.951     0.992188          908       128.00
   17661.951     0.992969          908       142.22
   17661.951     0.993750          908       160.00
   17661.951     0.994531          908       182.86
   17661.951     0.995313          908       213.33
   17678.335     0.996094          910       256.00
   17678.335     0.996484          910       284.44
   17678.335     0.996875          910       320.00
   17678.335     0.997266          910       365.71
   17678.335     0.997656          910       426.67
   17694.719     0.998047          911       512.00
   17694.719     0.998242          911       568.89
   17694.719     0.998437          911       640.00
   17694.719     0.998633          911       731.43
   17694.719     0.998828          911       853.33
   17743.871     0.999023          912      1024.00
   17743.871     1.000000          912          inf
#[Mean    =    12520.628, StdDeviation   =     3790.180]
#[Max     =    17727.488, Total count    =          912]
#[Buckets =           27, SubBuckets     =         2048]
-----------------------------------------------------------------------
  1056 requests in 1.00m, 321.80KB read
Requests/sec:     17.60  
Transfer/sec:      5.36KB
