Running 1m test @ http://10.104.199.0/?loopCount=25&base=6&exp=6
  1 threads and 1 connections

  Thread calibration: mean lat.: 3166.642ms, rate sampling interval: 10510ms

-----------------------------------------------------------------------
Test Results @ http://10.104.199.0/?loopCount=25&base=6&exp=6 
  Thread Stats   Avg      Stdev     99%   +/- Stdev
    Latency    16.20s     5.08s   23.49s    61.36%
    Req/Sec    15.00      2.00    17.00    100.00%
  Latency Distribution (HdrHistogram - Recorded Latency)
 50.000%   16.89s 
 75.000%   20.51s 
 90.000%   22.10s 
 99.000%   23.49s 
 99.900%   23.66s 
 99.990%   23.69s 
 99.999%   23.69s 
100.000%   23.69s 

  Detailed Percentile spectrum:
       Value   Percentile   TotalCount 1/(1-Percentile)

    5472.255     0.000000            1         1.00
    7778.303     0.100000           80         1.11
   11026.431     0.200000          159         1.25
   14254.079     0.300000          239         1.43
   15794.175     0.400000          317         1.67
   16891.903     0.500000          396         2.00
   17399.807     0.550000          441         2.22
   18169.855     0.600000          476         2.50
   19316.735     0.650000          518         2.86
   19857.407     0.700000          557         3.33
   20512.767     0.750000          594         4.00
   20840.447     0.775000          614         4.44
   21200.895     0.800000          638         5.00
   21381.119     0.825000          655         5.71
   21594.111     0.850000          675         6.67
   21790.719     0.875000          696         8.00
   21987.327     0.887500          706         8.89
   22102.015     0.900000          713        10.00
   22560.767     0.912500          723        11.43
   22740.991     0.925000          733        13.33
   23003.135     0.937500          748        16.00
   23003.135     0.943750          748        17.78
   23101.439     0.950000          753        20.00
   23232.511     0.956250          760        22.86
   23281.663     0.962500          764        26.67
   23298.047     0.968750          768        32.00
   23314.431     0.971875          770        35.56
   23412.735     0.975000          773        40.00
   23478.271     0.978125          779        45.71
   23478.271     0.981250          779        53.33
   23494.655     0.984375          788        64.00
   23494.655     0.985938          788        71.11
   23494.655     0.987500          788        80.00
   23494.655     0.989062          788        91.43
   23494.655     0.990625          788       106.67
   23494.655     0.992188          788       128.00
   23494.655     0.992969          788       142.22
   23494.655     0.993750          788       160.00
   23494.655     0.994531          788       182.86
   23560.191     0.995313          789       213.33
   23560.191     0.996094          789       256.00
   23609.343     0.996484          790       284.44
   23609.343     0.996875          790       320.00
   23609.343     0.997266          790       365.71
   23658.495     0.997656          791       426.67
   23658.495     0.998047          791       512.00
   23658.495     0.998242          791       568.89
   23658.495     0.998437          791       640.00
   23658.495     0.998633          791       731.43
   23691.263     0.998828          792       853.33
   23691.263     1.000000          792          inf
#[Mean    =    16201.865, StdDeviation   =     5084.042]
#[Max     =    23674.880, Total count    =          792]
#[Buckets =           27, SubBuckets     =         2048]
-----------------------------------------------------------------------
  907 requests in 1.00m, 276.45KB read
Requests/sec:     15.12  
Transfer/sec:      4.61KB
