Running 1m test @ http://10.96.169.80/?loopCount=25&base=6&exp=6
  5 threads and 5 connections

  Thread calibration: mean lat.: 58.810ms, rate sampling interval: 193ms
  Thread calibration: mean lat.: 53.294ms, rate sampling interval: 168ms
  Thread calibration: mean lat.: 69.794ms, rate sampling interval: 299ms
  Thread calibration: mean lat.: 74.557ms, rate sampling interval: 325ms
  Thread calibration: mean lat.: 52.033ms, rate sampling interval: 166ms

-----------------------------------------------------------------------
Test Results @ http://10.96.169.80/?loopCount=25&base=6&exp=6 
  Thread Stats   Avg      Stdev     99%   +/- Stdev
    Latency    44.95ms   14.45ms 108.61ms   89.80%
    Req/Sec     9.64      2.40    13.00     79.32%
  Latency Distribution (HdrHistogram - Recorded Latency)
 50.000%   41.73ms
 75.000%   42.91ms
 90.000%   53.09ms
 99.000%  108.61ms
 99.900%  175.87ms
 99.990%  247.93ms
 99.999%  247.93ms
100.000%  247.93ms

  Detailed Percentile spectrum:
       Value   Percentile   TotalCount 1/(1-Percentile)

      21.423     0.000000            1         1.00
      39.039     0.100000          250         1.11
      40.703     0.200000          503         1.25
      41.087     0.300000          762         1.43
      41.407     0.400000         1004         1.67
      41.727     0.500000         1271         2.00
      41.887     0.550000         1381         2.22
      42.079     0.600000         1503         2.50
      42.367     0.650000         1646         2.86
      42.623     0.700000         1762         3.33
      42.911     0.750000         1879         4.00
      43.199     0.775000         1938         4.44
      43.679     0.800000         2000         5.00
      44.703     0.825000         2063         5.71
      48.383     0.850000         2125         6.67
      49.663     0.875000         2189         8.00
      51.039     0.887500         2219         8.89
      53.087     0.900000         2250        10.00
      57.023     0.912500         2283        11.43
      58.975     0.925000         2313        13.33
      65.247     0.937500         2345        16.00
      66.495     0.943750         2360        17.78
      67.391     0.950000         2375        20.00
      68.927     0.956250         2391        22.86
      71.935     0.962500         2407        26.67
      77.119     0.968750         2422        32.00
      80.575     0.971875         2431        35.56
      81.087     0.975000         2440        40.00
      81.727     0.978125         2446        45.71
      84.863     0.981250         2454        53.33
      86.719     0.984375         2461        64.00
      89.343     0.985938         2465        71.11
      90.175     0.987500         2469        80.00
      99.583     0.989062         2473        91.43
     132.351     0.990625         2477       106.67
     145.407     0.992188         2481       128.00
     145.535     0.992969         2483       142.22
     145.791     0.993750         2485       160.00
     146.687     0.994531         2487       182.86
     149.247     0.995313         2489       213.33
     150.143     0.996094         2492       256.00
     150.143     0.996484         2492       284.44
     150.399     0.996875         2493       320.00
     152.959     0.997266         2494       365.71
     153.343     0.997656         2495       426.67
     158.975     0.998047         2496       512.00
     158.975     0.998242         2496       568.89
     167.935     0.998437         2497       640.00
     167.935     0.998633         2497       731.43
     175.871     0.998828         2498       853.33
     175.871     0.999023         2498      1024.00
     175.871     0.999121         2498      1137.78
     188.415     0.999219         2499      1280.00
     188.415     0.999316         2499      1462.86
     188.415     0.999414         2499      1706.67
     188.415     0.999512         2499      2048.00
     188.415     0.999561         2499      2275.56
     247.935     0.999609         2500      2560.00
     247.935     1.000000         2500          inf
#[Mean    =       44.949, StdDeviation   =       14.451]
#[Max     =      247.808, Total count    =         2500]
#[Buckets =           27, SubBuckets     =         2048]
-----------------------------------------------------------------------
  2995 requests in 1.00m, 0.89MB read
Requests/sec:     49.91  
Transfer/sec:     15.21KB
