Running 1m test @ http://10.102.207.185/?loopCount=25&base=6&exp=6
  1 threads and 1 connections

  Thread calibration: mean lat.: 3017.711ms, rate sampling interval: 10575ms

-----------------------------------------------------------------------
Test Results @ http://10.102.207.185/?loopCount=25&base=6&exp=6 
  Thread Stats   Avg      Stdev     99%   +/- Stdev
    Latency    20.31s     8.48s   34.96s    59.27%
    Req/Sec     9.75      0.43    10.00    100.00%
  Latency Distribution (HdrHistogram - Recorded Latency)
 50.000%   20.55s 
 75.000%   27.23s 
 90.000%   32.44s 
 99.000%   34.96s 
 99.900%   35.13s 
 99.990%   35.19s 
 99.999%   35.19s 
100.000%   35.19s 

  Detailed Percentile spectrum:
       Value   Percentile   TotalCount 1/(1-Percentile)

    5935.103     0.000000            1         1.00
    8323.071     0.100000           52         1.11
   11149.311     0.200000          104         1.25
   14442.495     0.300000          157         1.43
   17793.023     0.400000          208         1.67
   20545.535     0.500000          259         2.00
   21905.407     0.550000          285         2.22
   23478.271     0.600000          312         2.50
   24641.535     0.650000          337         2.86
   25903.103     0.700000          363         3.33
   27230.207     0.750000          389         4.00
   27836.415     0.775000          402         4.44
   28475.391     0.800000          416         5.00
   29474.815     0.825000          428         5.71
   30359.551     0.850000          441         6.67
   31539.199     0.875000          454         8.00
   31997.951     0.887500          460         8.89
   32522.239     0.900000          467        10.00
   32866.303     0.912500          474        11.43
   33095.679     0.925000          480        13.33
   33439.743     0.937500          486        16.00
   33619.967     0.943750          490        17.78
   33718.271     0.950000          493        20.00
   33783.807     0.956250          496        22.86
   33947.647     0.962500          499        26.67
   34144.255     0.968750          502        32.00
   34242.559     0.971875          504        35.56
   34373.631     0.975000          506        40.00
   34406.399     0.978125          507        45.71
   34635.775     0.981250          509        53.33
   34701.311     0.984375          510        64.00
   34766.847     0.985938          511        71.11
   34897.919     0.987500          512        80.00
   34963.455     0.989062          513        91.43
   35028.991     0.990625          515       106.67
   35028.991     0.992188          515       128.00
   35028.991     0.992969          515       142.22
   35028.991     0.993750          515       160.00
   35094.527     0.994531          516       182.86
   35094.527     0.995313          516       213.33
   35094.527     0.996094          516       256.00
   35127.295     0.996484          517       284.44
   35127.295     0.996875          517       320.00
   35127.295     0.997266          517       365.71
   35127.295     0.997656          517       426.67
   35127.295     0.998047          517       512.00
   35192.831     0.998242          518       568.89
   35192.831     1.000000          518          inf
#[Mean    =    20309.047, StdDeviation   =     8483.098]
#[Max     =    35160.064, Total count    =          518]
#[Buckets =           27, SubBuckets     =         2048]
-----------------------------------------------------------------------
  619 requests in 1.00m, 188.83KB read
Requests/sec:     10.32  
Transfer/sec:      3.15KB
