Running 1m test @ http://10.108.10.66/?loopCount=25&base=6&exp=6
  5 threads and 5 connections

  Thread calibration: mean lat.: 1813.469ms, rate sampling interval: 6426ms
  Thread calibration: mean lat.: 1832.862ms, rate sampling interval: 6930ms
  Thread calibration: mean lat.: 1862.424ms, rate sampling interval: 6770ms
  Thread calibration: mean lat.: 1785.877ms, rate sampling interval: 5550ms
  Thread calibration: mean lat.: 2073.896ms, rate sampling interval: 7520ms

-----------------------------------------------------------------------
Test Results @ http://10.108.10.66/?loopCount=25&base=6&exp=6 
  Thread Stats   Avg      Stdev     99%   +/- Stdev
    Latency    12.48s     5.00s   21.56s    59.52%
    Req/Sec     9.28      0.56    10.00    100.00%
  Latency Distribution (HdrHistogram - Recorded Latency)
 50.000%   12.44s 
 75.000%   16.72s 
 90.000%   19.28s 
 99.000%   21.56s 
 99.900%   22.32s 
 99.990%   22.35s 
 99.999%   22.35s 
100.000%   22.35s 

  Detailed Percentile spectrum:
       Value   Percentile   TotalCount 1/(1-Percentile)

    3289.087     0.000000            1         1.00
    5566.463     0.100000          247         1.11
    7487.487     0.200000          492         1.25
    9011.199     0.300000          738         1.43
   10698.751     0.400000          985         1.67
   12435.455     0.500000         1229         2.00
   13295.615     0.550000         1352         2.22
   14254.079     0.600000         1476         2.50
   15040.511     0.650000         1601         2.86
   15843.327     0.700000         1722         3.33
   16719.871     0.750000         1844         4.00
   17235.967     0.775000         1905         4.44
   17612.799     0.800000         1967         5.00
   18055.167     0.825000         2030         5.71
   18448.383     0.850000         2091         6.67
   18841.599     0.875000         2151         8.00
   19087.359     0.887500         2183         8.89
   19283.967     0.900000         2213        10.00
   19595.263     0.912500         2243        11.43
   19841.023     0.925000         2277        13.33
   20119.551     0.937500         2308        16.00
   20234.239     0.943750         2320        17.78
   20398.079     0.950000         2338        20.00
   20545.535     0.956250         2352        22.86
   20692.991     0.962500         2366        26.67
   20905.983     0.968750         2382        32.00
   21004.287     0.971875         2389        35.56
   21086.207     0.975000         2400        40.00
   21135.359     0.978125         2406        45.71
   21200.895     0.981250         2412        53.33
   21315.583     0.984375         2421        64.00
   21348.351     0.985938         2425        71.11
   21397.503     0.987500         2428        80.00
   21528.575     0.989062         2432        91.43
   21643.263     0.990625         2435       106.67
   21807.103     0.992188         2439       128.00
   21872.639     0.992969         2442       142.22
   21889.023     0.993750         2443       160.00
   21954.559     0.994531         2446       182.86
   21970.943     0.995313         2447       213.33
   22085.631     0.996094         2449       256.00
   22118.399     0.996484         2450       284.44
   22167.551     0.996875         2451       320.00
   22183.935     0.997266         2452       365.71
   22233.087     0.997656         2453       426.67
   22249.471     0.998047         2454       512.00
   22249.471     0.998242         2454       568.89
   22282.239     0.998437         2455       640.00
   22282.239     0.998633         2455       731.43
   22315.007     0.998828         2457       853.33
   22315.007     0.999023         2457      1024.00
   22315.007     0.999121         2457      1137.78
   22315.007     0.999219         2457      1280.00
   22315.007     0.999316         2457      1462.86
   22315.007     0.999414         2457      1706.67
   22315.007     0.999512         2457      2048.00
   22315.007     0.999561         2457      2275.56
   22347.775     0.999609         2458      2560.00
   22347.775     1.000000         2458          inf
#[Mean    =    12483.425, StdDeviation   =     5003.227]
#[Max     =    22331.392, Total count    =         2458]
#[Buckets =           27, SubBuckets     =         2048]
-----------------------------------------------------------------------
  2930 requests in 1.00m, 0.87MB read
Requests/sec:     48.83  
Transfer/sec:     14.90KB
