Running 1m test @ http://10.96.158.146/?loopCount=25&base=6&exp=6
  1 threads and 1 connections

  Thread calibration: mean lat.: 3332.188ms, rate sampling interval: 11624ms

-----------------------------------------------------------------------
Test Results @ http://10.96.158.146/?loopCount=25&base=6&exp=6 
  Thread Stats   Avg      Stdev     99%   +/- Stdev
    Latency    21.34s     9.01s   36.77s    57.71%
    Req/Sec     9.00      0.00     9.00    100.00%
  Latency Distribution (HdrHistogram - Recorded Latency)
 50.000%   21.27s 
 75.000%   29.08s 
 90.000%   33.98s 
 99.000%   36.77s 
 99.900%   37.06s 
 99.990%   37.06s 
 99.999%   37.06s 
100.000%   37.06s 

  Detailed Percentile spectrum:
       Value   Percentile   TotalCount 1/(1-Percentile)

    6262.783     0.000000            1         1.00
    8945.663     0.100000           48         1.11
   11902.975     0.200000           96         1.25
   14901.247     0.300000          144         1.43
   18087.935     0.400000          192         1.67
   21266.431     0.500000          240         2.00
   22806.527     0.550000          264         2.22
   24363.007     0.600000          288         2.50
   26066.943     0.650000          312         2.86
   27426.815     0.700000          336         3.33
   29081.599     0.750000          360         4.00
   29802.495     0.775000          372         4.44
   30588.927     0.800000          384         5.00
   31408.127     0.825000          396         5.71
   32325.631     0.850000          408         6.67
   33177.599     0.875000          420         8.00
   33538.047     0.887500          426         8.89
   33980.415     0.900000          432        10.00
   34340.863     0.912500          438        11.43
   34799.615     0.925000          444        13.33
   35160.063     0.937500          450        16.00
   35258.367     0.943750          453        17.78
   35422.207     0.950000          456        20.00
   35618.815     0.956250          459        22.86
   35782.655     0.962500          462        26.67
   35979.263     0.968750          465        32.00
   36175.871     0.971875          467        35.56
   36241.407     0.975000          468        40.00
   36372.479     0.978125          470        45.71
   36438.015     0.981250          471        53.33
   36634.623     0.984375          473        64.00
   36700.159     0.985938          474        71.11
   36700.159     0.987500          474        80.00
   36765.695     0.989062          475        91.43
   36831.231     0.990625          476       106.67
   36896.767     0.992188          477       128.00
   36896.767     0.992969          477       142.22
   36896.767     0.993750          477       160.00
   36962.303     0.994531          478       182.86
   36962.303     0.995313          478       213.33
   37027.839     0.996094          479       256.00
   37027.839     0.996484          479       284.44
   37027.839     0.996875          479       320.00
   37027.839     0.997266          479       365.71
   37027.839     0.997656          479       426.67
   37060.607     0.998047          480       512.00
   37060.607     1.000000          480          inf
#[Mean    =    21342.157, StdDeviation   =     9005.544]
#[Max     =    37027.840, Total count    =          480]
#[Buckets =           27, SubBuckets     =         2048]
-----------------------------------------------------------------------
  573 requests in 1.00m, 174.90KB read
Requests/sec:      9.55  
Transfer/sec:      2.91KB
