Running 1m test @ http://10.101.163.15/?loopCount=25&base=6&exp=6
  5 threads and 5 connections

  Thread calibration: mean lat.: 246.838ms, rate sampling interval: 809ms
  Thread calibration: mean lat.: 310.457ms, rate sampling interval: 872ms
  Thread calibration: mean lat.: 691.096ms, rate sampling interval: 1770ms
  Thread calibration: mean lat.: 643.138ms, rate sampling interval: 1850ms
  Thread calibration: mean lat.: 506.676ms, rate sampling interval: 1515ms

-----------------------------------------------------------------------
Test Results @ http://10.101.163.15/?loopCount=25&base=6&exp=6 
  Thread Stats   Avg      Stdev     99%   +/- Stdev
    Latency     1.71s   867.37ms   3.91s    64.42%
    Req/Sec    13.95      2.20    18.00     90.78%
  Latency Distribution (HdrHistogram - Recorded Latency)
 50.000%    1.82s 
 75.000%    2.27s 
 90.000%    2.77s 
 99.000%    3.91s 
 99.900%    4.13s 
 99.990%    4.17s 
 99.999%    4.17s 
100.000%    4.17s 

  Detailed Percentile spectrum:
       Value   Percentile   TotalCount 1/(1-Percentile)

      24.463     0.000000            1         1.00
     493.055     0.100000          360         1.11
     902.143     0.200000          720         1.25
    1182.719     0.300000         1080         1.43
    1465.343     0.400000         1442         1.67
    1819.647     0.500000         1800         2.00
    1906.687     0.550000         1981         2.22
    1985.535     0.600000         2160         2.50
    2047.999     0.650000         2341         2.86
    2160.639     0.700000         2521         3.33
    2267.135     0.750000         2701         4.00
    2338.815     0.775000         2790         4.44
    2410.495     0.800000         2881         5.00
    2592.767     0.825000         2971         5.71
    2656.255     0.850000         3061         6.67
    2705.407     0.875000         3150         8.00
    2734.079     0.887500         3198         8.89
    2766.847     0.900000         3240        10.00
    2809.855     0.912500         3285        11.43
    2867.199     0.925000         3331        13.33
    2912.255     0.937500         3376        16.00
    2942.975     0.943750         3399        17.78
    2998.271     0.950000         3421        20.00
    3223.551     0.956250         3443        22.86
    3391.487     0.962500         3465        26.67
    3442.687     0.968750         3488        32.00
    3465.215     0.971875         3500        35.56
    3491.839     0.975000         3510        40.00
    3530.751     0.978125         3522        45.71
    3665.919     0.981250         3533        53.33
    3753.983     0.984375         3544        64.00
    3790.847     0.985938         3550        71.11
    3835.903     0.987500         3555        80.00
    3878.911     0.989062         3561        91.43
    3909.631     0.990625         3568       106.67
    3936.255     0.992188         3572       128.00
    3954.687     0.992969         3575       142.22
    3966.975     0.993750         3578       160.00
    3987.455     0.994531         3581       182.86
    4001.791     0.995313         3584       213.33
    4020.223     0.996094         3586       256.00
    4028.415     0.996484         3588       284.44
    4063.231     0.996875         3589       320.00
    4098.047     0.997266         3591       365.71
    4100.095     0.997656         3592       426.67
    4126.719     0.998047         3593       512.00
    4128.767     0.998242         3594       568.89
    4130.815     0.998437         3595       640.00
    4132.863     0.998633         3596       731.43
    4132.863     0.998828         3596       853.33
    4141.055     0.999023         3597      1024.00
    4141.055     0.999121         3597      1137.78
    4155.391     0.999219         3598      1280.00
    4155.391     0.999316         3598      1462.86
    4155.391     0.999414         3598      1706.67
    4163.583     0.999512         3599      2048.00
    4163.583     0.999561         3599      2275.56
    4163.583     0.999609         3599      2560.00
    4163.583     0.999658         3599      2925.71
    4163.583     0.999707         3599      3413.33
    4169.727     0.999756         3600      4096.00
    4169.727     1.000000         3600          inf
#[Mean    =     1711.318, StdDeviation   =      867.373]
#[Max     =     4167.680, Total count    =         3600]
#[Buckets =           27, SubBuckets     =         2048]
-----------------------------------------------------------------------
  4306 requests in 1.00m, 1.28MB read
Requests/sec:     71.76  
Transfer/sec:     21.87KB
