Running 1m test @ http://10.111.175.232/?loopCount=25&base=6&exp=6
  1 threads and 1 connections

  Thread calibration: mean lat.: 1391.296ms, rate sampling interval: 5566ms

-----------------------------------------------------------------------
Test Results @ http://10.111.175.232/?loopCount=25&base=6&exp=6 
  Thread Stats   Avg      Stdev     99%   +/- Stdev
    Latency     7.88s     2.78s   12.49s    56.88%
    Req/Sec    19.62      0.99    21.00    100.00%
  Latency Distribution (HdrHistogram - Recorded Latency)
 50.000%    7.48s 
 75.000%   10.01s 
 90.000%   12.06s 
 99.000%   12.49s 
 99.900%   12.50s 
 99.990%   12.50s 
 99.999%   12.50s 
100.000%   12.50s 

  Detailed Percentile spectrum:
       Value   Percentile   TotalCount 1/(1-Percentile)

    3233.791     0.000000            4         1.00
    4108.287     0.100000          102         1.11
    5029.887     0.200000          204         1.25
    6033.407     0.300000          306         1.43
    6840.319     0.400000          421         1.67
    7483.391     0.500000          509         2.00
    7802.879     0.550000          560         2.22
    8470.527     0.600000          611         2.50
    9043.967     0.650000          664         2.86
    9764.863     0.700000          713         3.33
   10010.623     0.750000          765         4.00
   10723.327     0.775000          790         4.44
   10780.671     0.800000          815         5.00
   11296.767     0.825000          840         5.71
   11755.519     0.850000          871         6.67
   11960.319     0.875000          892         8.00
   11976.703     0.887500          909         8.89
   12075.007     0.900000          921        10.00
   12165.119     0.912500          935        11.43
   12173.311     0.925000          943        13.33
   12238.847     0.937500          957        16.00
   12247.039     0.943750          966        17.78
   12296.191     0.950000          970        20.00
   12312.575     0.956250          975        22.86
   12328.959     0.962500          980        26.67
   12427.263     0.968750          989        32.00
   12468.223     0.971875          991        35.56
   12476.415     0.975000          998        40.00
   12476.415     0.978125          998        45.71
   12484.607     0.981250         1007        53.33
   12484.607     0.984375         1007        64.00
   12484.607     0.985938         1007        71.11
   12484.607     0.987500         1007        80.00
   12484.607     0.989062         1007        91.43
   12492.799     0.990625         1015       106.67
   12492.799     0.992188         1015       128.00
   12492.799     0.992969         1015       142.22
   12492.799     0.993750         1015       160.00
   12492.799     0.994531         1015       182.86
   12492.799     0.995313         1015       213.33
   12492.799     0.996094         1015       256.00
   12492.799     0.996484         1015       284.44
   12492.799     0.996875         1015       320.00
   12500.991     0.997266         1018       365.71
   12500.991     1.000000         1018          inf
#[Mean    =     7880.357, StdDeviation   =     2784.668]
#[Max     =    12492.800, Total count    =         1018]
#[Buckets =           27, SubBuckets     =         2048]
-----------------------------------------------------------------------
  1187 requests in 1.00m, 361.68KB read
Requests/sec:     19.78  
Transfer/sec:      6.03KB
