Running 1m test @ http://10.96.169.80/?loopCount=25&base=6&exp=6
  1 threads and 1 connections

  Thread calibration: mean lat.: 2879.358ms, rate sampling interval: 8511ms

-----------------------------------------------------------------------
Test Results @ http://10.96.169.80/?loopCount=25&base=6&exp=6 
  Thread Stats   Avg      Stdev     99%   +/- Stdev
    Latency    13.67s     4.09s   19.74s    58.34%
    Req/Sec    16.80      1.72    19.00     80.00%
  Latency Distribution (HdrHistogram - Recorded Latency)
 50.000%   13.93s 
 75.000%   17.27s 
 90.000%   18.97s 
 99.000%   19.74s 
 99.900%   19.86s 
 99.990%   19.87s 
 99.999%   19.87s 
100.000%   19.87s 

  Detailed Percentile spectrum:
       Value   Percentile   TotalCount 1/(1-Percentile)

    5156.863     0.000000            1         1.00
    7774.207     0.100000           89         1.11
    9338.879     0.200000          178         1.25
   11599.871     0.300000          269         1.43
   12402.687     0.400000          354         1.67
   13934.591     0.500000          441         2.00
   14680.063     0.550000          486         2.22
   15359.999     0.600000          529         2.50
   16121.855     0.650000          578         2.86
   16769.023     0.700000          619         3.33
   17268.735     0.750000          669         4.00
   17416.191     0.775000          683         4.44
   17809.407     0.800000          705         5.00
   18038.783     0.825000          727         5.71
   18431.999     0.850000          749         6.67
   18776.063     0.875000          772         8.00
   18857.983     0.887500          782         8.89
   18972.671     0.900000          797        10.00
   18989.055     0.912500          808        11.43
   19038.207     0.925000          821        13.33
   19202.047     0.937500          828        16.00
   19218.431     0.943750          835        17.78
   19300.351     0.950000          838        20.00
   19578.879     0.956250          844        22.86
   19644.415     0.962500          853        26.67
   19660.799     0.968750          862        32.00
   19660.799     0.971875          862        35.56
   19660.799     0.975000          862        40.00
   19660.799     0.978125          862        45.71
   19677.183     0.981250          867        53.33
   19693.567     0.984375          871        64.00
   19693.567     0.985938          871        71.11
   19693.567     0.987500          871        80.00
   19742.719     0.989062          872        91.43
   19791.871     0.990625          874       106.67
   19808.255     0.992188          875       128.00
   19808.255     0.992969          875       142.22
   19857.407     0.993750          880       160.00
   19857.407     0.994531          880       182.86
   19857.407     0.995313          880       213.33
   19857.407     0.996094          880       256.00
   19857.407     0.996484          880       284.44
   19857.407     0.996875          880       320.00
   19857.407     0.997266          880       365.71
   19857.407     0.997656          880       426.67
   19857.407     0.998047          880       512.00
   19857.407     0.998242          880       568.89
   19857.407     0.998437          880       640.00
   19857.407     0.998633          880       731.43
   19857.407     0.998828          880       853.33
   19873.791     0.999023          881      1024.00
   19873.791     1.000000          881          inf
#[Mean    =    13670.384, StdDeviation   =     4086.565]
#[Max     =    19857.408, Total count    =          881]
#[Buckets =           27, SubBuckets     =         2048]
-----------------------------------------------------------------------
  1003 requests in 1.00m, 305.68KB read
Requests/sec:     16.72  
Transfer/sec:      5.09KB
