Running 1m test @ http://10.102.244.59/?loopCount=25&base=6&exp=6
  5 threads and 5 connections

  Thread calibration: mean lat.: 46.946ms, rate sampling interval: 109ms
  Thread calibration: mean lat.: 47.121ms, rate sampling interval: 114ms
  Thread calibration: mean lat.: 46.408ms, rate sampling interval: 105ms
  Thread calibration: mean lat.: 47.780ms, rate sampling interval: 99ms
  Thread calibration: mean lat.: 46.027ms, rate sampling interval: 106ms

-----------------------------------------------------------------------
Test Results @ http://10.102.244.59/?loopCount=25&base=6&exp=6 
  Thread Stats   Avg      Stdev     99%   +/- Stdev
    Latency    47.25ms   20.41ms 121.98ms   89.72%
    Req/Sec     9.64      3.31    20.00     86.87%
  Latency Distribution (HdrHistogram - Recorded Latency)
 50.000%   41.73ms
 75.000%   42.53ms
 90.000%   51.29ms
 99.000%  121.98ms
 99.900%  132.48ms
 99.990%  137.09ms
 99.999%  137.09ms
100.000%  137.09ms

  Detailed Percentile spectrum:
       Value   Percentile   TotalCount 1/(1-Percentile)

      21.583     0.000000            1         1.00
      38.847     0.100000          252         1.11
      40.831     0.200000          506         1.25
      41.247     0.300000          767         1.43
      41.503     0.400000         1025         1.67
      41.727     0.500000         1264         2.00
      41.855     0.550000         1383         2.22
      42.015     0.600000         1527         2.50
      42.143     0.650000         1632         2.86
      42.335     0.700000         1756         3.33
      42.527     0.750000         1882         4.00
      42.655     0.775000         1948         4.44
      42.783     0.800000         2008         5.00
      43.007     0.825000         2068         5.71
      43.231     0.850000         2125         6.67
      43.871     0.875000         2188         8.00
      45.919     0.887500         2219         8.89
      51.295     0.900000         2250        10.00
      59.327     0.912500         2282        11.43
     102.463     0.925000         2315        13.33
     105.663     0.937500         2344        16.00
     108.351     0.943750         2360        17.78
     111.103     0.950000         2375        20.00
     112.447     0.956250         2391        22.86
     113.919     0.962500         2408        26.67
     115.263     0.968750         2422        32.00
     116.287     0.971875         2430        35.56
     117.631     0.975000         2438        40.00
     118.335     0.978125         2446        45.71
     119.167     0.981250         2455        53.33
     119.615     0.984375         2461        64.00
     120.319     0.985938         2466        71.11
     121.087     0.987500         2470        80.00
     121.663     0.989062         2473        91.43
     122.431     0.990625         2478       106.67
     123.071     0.992188         2481       128.00
     123.967     0.992969         2483       142.22
     125.695     0.993750         2486       160.00
     125.887     0.994531         2487       182.86
     126.655     0.995313         2489       213.33
     127.807     0.996094         2491       256.00
     127.935     0.996484         2492       284.44
     128.063     0.996875         2493       320.00
     128.639     0.997266         2494       365.71
     129.279     0.997656         2495       426.67
     129.471     0.998047         2496       512.00
     129.471     0.998242         2496       568.89
     131.839     0.998437         2497       640.00
     131.839     0.998633         2497       731.43
     132.479     0.998828         2498       853.33
     132.479     0.999023         2498      1024.00
     132.479     0.999121         2498      1137.78
     136.959     0.999219         2499      1280.00
     136.959     0.999316         2499      1462.86
     136.959     0.999414         2499      1706.67
     136.959     0.999512         2499      2048.00
     136.959     0.999561         2499      2275.56
     137.087     0.999609         2500      2560.00
     137.087     1.000000         2500          inf
#[Mean    =       47.255, StdDeviation   =       20.409]
#[Max     =      136.960, Total count    =         2500]
#[Buckets =           27, SubBuckets     =         2048]
-----------------------------------------------------------------------
  2995 requests in 1.00m, 0.89MB read
Requests/sec:     49.91  
Transfer/sec:     15.21KB
