Running 1m test @ http://10.102.244.59/?loopCount=25&base=6&exp=6
  5 threads and 5 connections

  Thread calibration: mean lat.: 51.461ms, rate sampling interval: 117ms
  Thread calibration: mean lat.: 48.101ms, rate sampling interval: 114ms
  Thread calibration: mean lat.: 54.210ms, rate sampling interval: 176ms
  Thread calibration: mean lat.: 52.329ms, rate sampling interval: 141ms
  Thread calibration: mean lat.: 51.925ms, rate sampling interval: 184ms

-----------------------------------------------------------------------
Test Results @ http://10.102.244.59/?loopCount=25&base=6&exp=6 
  Thread Stats   Avg      Stdev     99%   +/- Stdev
    Latency    47.28ms   18.72ms 127.10ms   91.08%
    Req/Sec     9.52      3.38    17.00     73.76%
  Latency Distribution (HdrHistogram - Recorded Latency)
 50.000%   42.11ms
 75.000%   43.29ms
 90.000%   57.31ms
 99.000%  127.10ms
 99.900%  140.54ms
 99.990%  143.87ms
 99.999%  143.87ms
100.000%  143.87ms

  Detailed Percentile spectrum:
       Value   Percentile   TotalCount 1/(1-Percentile)

      21.935     0.000000            1         1.00
      40.415     0.100000          251         1.11
      40.959     0.200000          502         1.25
      41.375     0.300000          752         1.43
      41.759     0.400000         1013         1.67
      42.111     0.500000         1264         2.00
      42.271     0.550000         1383         2.22
      42.463     0.600000         1508         2.50
      42.655     0.650000         1643         2.86
      42.879     0.700000         1755         3.33
      43.295     0.750000         1876         4.00
      43.775     0.775000         1940         4.44
      44.799     0.800000         2000         5.00
      45.567     0.825000         2064         5.71
      47.199     0.850000         2126         6.67
      50.783     0.875000         2188         8.00
      53.471     0.887500         2219         8.89
      57.311     0.900000         2251        10.00
      60.767     0.912500         2282        11.43
      65.151     0.925000         2313        13.33
      68.479     0.937500         2344        16.00
     108.607     0.943750         2361        17.78
     109.503     0.950000         2375        20.00
     110.975     0.956250         2391        22.86
     112.767     0.962500         2407        26.67
     115.839     0.968750         2422        32.00
     117.503     0.971875         2430        35.56
     120.447     0.975000         2438        40.00
     121.983     0.978125         2446        45.71
     123.263     0.981250         2454        53.33
     125.567     0.984375         2461        64.00
     125.823     0.985938         2465        71.11
     126.271     0.987500         2469        80.00
     126.911     0.989062         2473        91.43
     127.423     0.990625         2477       106.67
     128.639     0.992188         2481       128.00
     129.087     0.992969         2483       142.22
     130.367     0.993750         2485       160.00
     131.839     0.994531         2487       182.86
     132.735     0.995313         2489       213.33
     133.119     0.996094         2491       256.00
     133.503     0.996484         2492       284.44
     133.631     0.996875         2493       320.00
     134.527     0.997266         2494       365.71
     135.295     0.997656         2495       426.67
     138.495     0.998047         2496       512.00
     138.495     0.998242         2496       568.89
     139.647     0.998437         2497       640.00
     139.647     0.998633         2497       731.43
     140.543     0.998828         2498       853.33
     140.543     0.999023         2498      1024.00
     140.543     0.999121         2498      1137.78
     140.927     0.999219         2499      1280.00
     140.927     0.999316         2499      1462.86
     140.927     0.999414         2499      1706.67
     140.927     0.999512         2499      2048.00
     140.927     0.999561         2499      2275.56
     143.871     0.999609         2500      2560.00
     143.871     1.000000         2500          inf
#[Mean    =       47.277, StdDeviation   =       18.718]
#[Max     =      143.744, Total count    =         2500]
#[Buckets =           27, SubBuckets     =         2048]
-----------------------------------------------------------------------
  2993 requests in 1.00m, 0.89MB read
Requests/sec:     49.88  
Transfer/sec:     15.20KB
