Running 1m test @ http://10.100.185.202/?loopCount=25&base=6&exp=6
  5 threads and 5 connections

  Thread calibration: mean lat.: 105.481ms, rate sampling interval: 336ms
  Thread calibration: mean lat.: 247.649ms, rate sampling interval: 879ms
  Thread calibration: mean lat.: 346.391ms, rate sampling interval: 1138ms
  Thread calibration: mean lat.: 245.731ms, rate sampling interval: 887ms
  Thread calibration: mean lat.: 373.993ms, rate sampling interval: 1255ms

-----------------------------------------------------------------------
Test Results @ http://10.100.185.202/?loopCount=25&base=6&exp=6 
  Thread Stats   Avg      Stdev     99%   +/- Stdev
    Latency   755.43ms  446.13ms   2.13s    70.83%
    Req/Sec    13.93      2.82    20.00     83.63%
  Latency Distribution (HdrHistogram - Recorded Latency)
 50.000%  684.03ms
 75.000%  956.93ms
 90.000%    1.33s 
 99.000%    2.13s 
 99.900%    2.33s 
 99.990%    2.40s 
 99.999%    2.40s 
100.000%    2.40s 

  Detailed Percentile spectrum:
       Value   Percentile   TotalCount 1/(1-Percentile)

      21.711     0.000000            1         1.00
     271.103     0.100000          366         1.11
     378.111     0.200000          731         1.25
     470.015     0.300000         1098         1.43
     571.903     0.400000         1462         1.67
     684.031     0.500000         1831         2.00
     741.887     0.550000         2011         2.22
     806.399     0.600000         2193         2.50
     860.671     0.650000         2376         2.86
     905.727     0.700000         2561         3.33
     956.927     0.750000         2742         4.00
     996.351     0.775000         2833         4.44
    1061.887     0.800000         2925         5.00
    1145.855     0.825000         3016         5.71
    1213.439     0.850000         3110         6.67
    1277.951     0.875000         3199         8.00
    1305.599     0.887500         3244         8.89
    1331.199     0.900000         3290        10.00
    1383.423     0.912500         3336        11.43
    1471.487     0.925000         3381        13.33
    1593.343     0.937500         3427        16.00
    1642.495     0.943750         3450        17.78
    1675.263     0.950000         3473        20.00
    1722.367     0.956250         3496        22.86
    1762.303     0.962500         3518        26.67
    1813.503     0.968750         3541        32.00
    1880.063     0.971875         3553        35.56
    1903.615     0.975000         3564        40.00
    1940.479     0.978125         3576        45.71
    1972.223     0.981250         3587        53.33
    2031.615     0.984375         3598        64.00
    2072.575     0.985938         3604        71.11
    2095.103     0.987500         3610        80.00
    2121.727     0.989062         3616        91.43
    2136.063     0.990625         3621       106.67
    2211.839     0.992188         3627       128.00
    2265.087     0.992969         3630       142.22
    2281.471     0.993750         3633       160.00
    2287.615     0.994531         3636       182.86
    2289.663     0.995313         3638       213.33
    2297.855     0.996094         3641       256.00
    2306.047     0.996484         3643       284.44
    2312.191     0.996875         3644       320.00
    2316.287     0.997266         3646       365.71
    2324.479     0.997656         3648       426.67
    2324.479     0.998047         3648       512.00
    2328.575     0.998242         3649       568.89
    2332.671     0.998437         3651       640.00
    2332.671     0.998633         3651       731.43
    2332.671     0.998828         3651       853.33
    2351.103     0.999023         3652      1024.00
    2351.103     0.999121         3652      1137.78
    2357.247     0.999219         3653      1280.00
    2357.247     0.999316         3653      1462.86
    2357.247     0.999414         3653      1706.67
    2390.015     0.999512         3654      2048.00
    2390.015     0.999561         3654      2275.56
    2390.015     0.999609         3654      2560.00
    2390.015     0.999658         3654      2925.71
    2390.015     0.999707         3654      3413.33
    2398.207     0.999756         3655      4096.00
    2398.207     1.000000         3655          inf
#[Mean    =      755.428, StdDeviation   =      446.132]
#[Max     =     2396.160, Total count    =         3655]
#[Buckets =           27, SubBuckets     =         2048]
-----------------------------------------------------------------------
  4371 requests in 1.00m, 1.30MB read
Requests/sec:     72.84  
Transfer/sec:     22.20KB
