Running 1m test @ http://10.107.164.151/?loopCount=25&base=6&exp=6
  5 threads and 5 connections

  Thread calibration: mean lat.: 199.671ms, rate sampling interval: 732ms
  Thread calibration: mean lat.: 135.001ms, rate sampling interval: 490ms
  Thread calibration: mean lat.: 127.341ms, rate sampling interval: 350ms
  Thread calibration: mean lat.: 140.081ms, rate sampling interval: 521ms
  Thread calibration: mean lat.: 168.462ms, rate sampling interval: 538ms

-----------------------------------------------------------------------
Test Results @ http://10.107.164.151/?loopCount=25&base=6&exp=6 
  Thread Stats   Avg      Stdev     99%   +/- Stdev
    Latency   278.42ms  143.29ms 673.28ms   72.26%
    Req/Sec     9.57      1.88    14.00     91.18%
  Latency Distribution (HdrHistogram - Recorded Latency)
 50.000%  263.93ms
 75.000%  367.36ms
 90.000%  486.14ms
 99.000%  673.28ms
 99.900%  774.14ms
 99.990%  776.70ms
 99.999%  776.70ms
100.000%  776.70ms

  Detailed Percentile spectrum:
       Value   Percentile   TotalCount 1/(1-Percentile)

      59.455     0.000000            1         1.00
      94.655     0.100000          250         1.11
     165.119     0.200000          499         1.25
     177.791     0.300000          750         1.43
     192.511     0.400000          998         1.67
     263.935     0.500000         1251         2.00
     271.615     0.550000         1375         2.22
     279.551     0.600000         1499         2.50
     289.535     0.650000         1624         2.86
     357.887     0.700000         1750         3.33
     367.359     0.750000         1872         4.00
     373.247     0.775000         1936         4.44
     378.367     0.800000         1997         5.00
     389.119     0.825000         2059         5.71
     457.727     0.850000         2123         6.67
     468.479     0.875000         2184         8.00
     475.391     0.887500         2215         8.89
     486.143     0.900000         2248        10.00
     495.103     0.912500         2277        11.43
     555.007     0.925000         2308        13.33
     562.687     0.937500         2343        16.00
     564.735     0.943750         2355        17.78
     568.319     0.950000         2371        20.00
     570.879     0.956250         2386        22.86
     576.511     0.962500         2402        26.67
     581.119     0.968750         2421        32.00
     582.655     0.971875         2425        35.56
     586.239     0.975000         2433        40.00
     588.287     0.978125         2441        45.71
     657.919     0.981250         2449        53.33
     662.527     0.984375         2459        64.00
     663.039     0.985938         2461        71.11
     664.575     0.987500         2464        80.00
     670.207     0.989062         2469        91.43
     674.815     0.990625         2473       106.67
     677.887     0.992188         2476       128.00
     679.423     0.992969         2479       142.22
     679.935     0.993750         2480       160.00
     681.471     0.994531         2482       182.86
     687.103     0.995313         2484       213.33
     752.127     0.996094         2486       256.00
     757.247     0.996484         2487       284.44
     757.759     0.996875         2488       320.00
     759.295     0.997266         2489       365.71
     761.343     0.997656         2490       426.67
     766.463     0.998047         2491       512.00
     766.463     0.998242         2491       568.89
     771.071     0.998437         2492       640.00
     771.071     0.998633         2492       731.43
     774.143     0.998828         2493       853.33
     774.143     0.999023         2493      1024.00
     774.143     0.999121         2493      1137.78
     774.655     0.999219         2494      1280.00
     774.655     0.999316         2494      1462.86
     774.655     0.999414         2494      1706.67
     774.655     0.999512         2494      2048.00
     774.655     0.999561         2494      2275.56
     776.703     0.999609         2495      2560.00
     776.703     1.000000         2495          inf
#[Mean    =      278.419, StdDeviation   =      143.286]
#[Max     =      776.192, Total count    =         2495]
#[Buckets =           27, SubBuckets     =         2048]
-----------------------------------------------------------------------
  2983 requests in 1.00m, 0.89MB read
Requests/sec:     49.71  
Transfer/sec:     15.17KB
