Running 1m test @ http://10.97.57.202/?loopCount=25&base=6&exp=6
  5 threads and 5 connections

  Thread calibration: mean lat.: 165.209ms, rate sampling interval: 689ms
  Thread calibration: mean lat.: 85.250ms, rate sampling interval: 277ms
  Thread calibration: mean lat.: 77.079ms, rate sampling interval: 251ms
  Thread calibration: mean lat.: 150.822ms, rate sampling interval: 685ms
  Thread calibration: mean lat.: 144.765ms, rate sampling interval: 668ms

-----------------------------------------------------------------------
Test Results @ http://10.97.57.202/?loopCount=25&base=6&exp=6 
  Thread Stats   Avg      Stdev     99%   +/- Stdev
    Latency   107.61ms   72.15ms 328.19ms   71.79%
    Req/Sec     9.43      2.32    15.00     89.78%
  Latency Distribution (HdrHistogram - Recorded Latency)
 50.000%  105.02ms
 75.000%  127.10ms
 90.000%  211.46ms
 99.000%  328.19ms
 99.900%  416.26ms
 99.990%  427.26ms
 99.999%  427.26ms
100.000%  427.26ms

  Detailed Percentile spectrum:
       Value   Percentile   TotalCount 1/(1-Percentile)

      21.391     0.000000            1         1.00
      33.855     0.100000          250         1.11
      40.799     0.200000          502         1.25
      42.463     0.300000          749         1.43
     101.247     0.400000         1004         1.67
     105.023     0.500000         1250         2.00
     109.183     0.550000         1375         2.22
     111.807     0.600000         1498         2.50
     116.863     0.650000         1623         2.86
     121.343     0.700000         1750         3.33
     127.103     0.750000         1872         4.00
     131.455     0.775000         1935         4.44
     135.039     0.800000         2001         5.00
     141.055     0.825000         2060         5.71
     202.367     0.850000         2126         6.67
     206.463     0.875000         2186         8.00
     208.895     0.887500         2217         8.89
     211.583     0.900000         2249        10.00
     214.399     0.912500         2278        11.43
     218.367     0.925000         2310        13.33
     223.999     0.937500         2340        16.00
     226.687     0.943750         2356        17.78
     229.503     0.950000         2372        20.00
     233.855     0.956250         2387        22.86
     241.023     0.962500         2403        26.67
     302.079     0.968750         2418        32.00
     305.151     0.971875         2426        35.56
     307.199     0.975000         2434        40.00
     309.503     0.978125         2442        45.71
     313.855     0.981250         2450        53.33
     318.207     0.984375         2457        64.00
     321.023     0.985938         2462        71.11
     323.839     0.987500         2465        80.00
     326.143     0.989062         2469        91.43
     332.031     0.990625         2473       106.67
     336.383     0.992188         2477       128.00
     337.663     0.992969         2479       142.22
     399.103     0.993750         2481       160.00
     402.431     0.994531         2483       182.86
     403.711     0.995313         2485       213.33
     404.479     0.996094         2487       256.00
     406.527     0.996484         2488       284.44
     407.039     0.996875         2489       320.00
     408.831     0.997266         2490       365.71
     409.343     0.997656         2491       426.67
     411.903     0.998047         2492       512.00
     411.903     0.998242         2492       568.89
     412.927     0.998437         2493       640.00
     412.927     0.998633         2493       731.43
     416.255     0.998828         2494       853.33
     416.255     0.999023         2494      1024.00
     416.255     0.999121         2494      1137.78
     421.375     0.999219         2495      1280.00
     421.375     0.999316         2495      1462.86
     421.375     0.999414         2495      1706.67
     421.375     0.999512         2495      2048.00
     421.375     0.999561         2495      2275.56
     427.263     0.999609         2496      2560.00
     427.263     1.000000         2496          inf
#[Mean    =      107.610, StdDeviation   =       72.149]
#[Max     =      427.008, Total count    =         2496]
#[Buckets =           27, SubBuckets     =         2048]
-----------------------------------------------------------------------
  2992 requests in 1.00m, 0.89MB read
Requests/sec:     49.86  
Transfer/sec:     15.21KB
