Running 1m test @ http://10.101.163.15/?loopCount=25&base=6&exp=6
  5 threads and 5 connections

  Thread calibration: mean lat.: 62.792ms, rate sampling interval: 198ms
  Thread calibration: mean lat.: 81.709ms, rate sampling interval: 332ms
  Thread calibration: mean lat.: 72.051ms, rate sampling interval: 250ms
  Thread calibration: mean lat.: 74.638ms, rate sampling interval: 287ms
  Thread calibration: mean lat.: 75.752ms, rate sampling interval: 323ms

-----------------------------------------------------------------------
Test Results @ http://10.101.163.15/?loopCount=25&base=6&exp=6 
  Thread Stats   Avg      Stdev     99%   +/- Stdev
    Latency   124.14ms  100.52ms 474.11ms   86.46%
    Req/Sec     9.81      2.98    17.00     82.24%
  Latency Distribution (HdrHistogram - Recorded Latency)
 50.000%   84.61ms
 75.000%  164.74ms
 90.000%  264.96ms
 99.000%  474.11ms
 99.900%  578.05ms
 99.990%  657.41ms
 99.999%  657.41ms
100.000%  657.41ms

  Detailed Percentile spectrum:
       Value   Percentile   TotalCount 1/(1-Percentile)

      21.919     0.000000            1         1.00
      41.599     0.100000          251         1.11
      51.935     0.200000          501         1.25
      62.847     0.300000          751         1.43
      74.431     0.400000         1003         1.67
      84.607     0.500000         1252         2.00
      90.559     0.550000         1379         2.22
      97.215     0.600000         1502         2.50
     111.487     0.650000         1627         2.86
     157.567     0.700000         1754         3.33
     164.735     0.750000         1878         4.00
     167.679     0.775000         1941         4.44
     173.055     0.800000         2003         5.00
     180.479     0.825000         2065         5.71
     200.831     0.850000         2128         6.67
     253.695     0.875000         2191         8.00
     260.863     0.887500         2222         8.89
     264.959     0.900000         2254        10.00
     271.615     0.912500         2285        11.43
     278.527     0.925000         2316        13.33
     308.479     0.937500         2347        16.00
     346.111     0.943750         2363        17.78
     361.727     0.950000         2378        20.00
     366.847     0.956250         2394        22.86
     376.063     0.962500         2410        26.67
     389.631     0.968750         2425        32.00
     401.663     0.971875         2433        35.56
     410.879     0.975000         2441        40.00
     451.583     0.978125         2449        45.71
     459.775     0.981250         2457        53.33
     464.383     0.984375         2464        64.00
     465.919     0.985938         2468        71.11
     468.479     0.987500         2472        80.00
     473.855     0.989062         2476        91.43
     477.695     0.990625         2480       106.67
     491.263     0.992188         2484       128.00
     515.839     0.992969         2486       142.22
     543.743     0.993750         2488       160.00
     555.519     0.994531         2490       182.86
     564.223     0.995313         2492       213.33
     567.295     0.996094         2494       256.00
     568.319     0.996484         2495       284.44
     573.439     0.996875         2496       320.00
     573.951     0.997266         2497       365.71
     575.487     0.997656         2498       426.67
     576.511     0.998047         2499       512.00
     576.511     0.998242         2499       568.89
     578.047     0.998437         2500       640.00
     578.047     0.998633         2500       731.43
     599.551     0.998828         2501       853.33
     599.551     0.999023         2501      1024.00
     599.551     0.999121         2501      1137.78
     603.647     0.999219         2502      1280.00
     603.647     0.999316         2502      1462.86
     603.647     0.999414         2502      1706.67
     603.647     0.999512         2502      2048.00
     603.647     0.999561         2502      2275.56
     657.407     0.999609         2503      2560.00
     657.407     1.000000         2503          inf
#[Mean    =      124.144, StdDeviation   =      100.518]
#[Max     =      656.896, Total count    =         2503]
#[Buckets =           27, SubBuckets     =         2048]
-----------------------------------------------------------------------
  2995 requests in 1.00m, 0.89MB read
Requests/sec:     49.91  
Transfer/sec:     15.22KB
