Running 1m test @ http://10.108.208.72/?loopCount=25&base=6&exp=6
  5 threads and 5 connections

  Thread calibration: mean lat.: 914.760ms, rate sampling interval: 2832ms
  Thread calibration: mean lat.: 959.282ms, rate sampling interval: 3016ms
  Thread calibration: mean lat.: 1025.668ms, rate sampling interval: 2879ms
  Thread calibration: mean lat.: 934.862ms, rate sampling interval: 3104ms
  Thread calibration: mean lat.: 963.361ms, rate sampling interval: 2975ms

-----------------------------------------------------------------------
Test Results @ http://10.108.208.72/?loopCount=25&base=6&exp=6 
  Thread Stats   Avg      Stdev     99%   +/- Stdev
    Latency     4.87s     1.96s    8.63s    58.26%
    Req/Sec    12.50      0.83    14.00    100.00%
  Latency Distribution (HdrHistogram - Recorded Latency)
 50.000%    4.88s 
 75.000%    6.55s 
 90.000%    7.58s 
 99.000%    8.63s 
 99.900%    8.94s 
 99.990%    8.97s 
 99.999%    8.97s 
100.000%    8.97s 

  Detailed Percentile spectrum:
       Value   Percentile   TotalCount 1/(1-Percentile)

    1455.103     0.000000            1         1.00
    2217.983     0.100000          327         1.11
    2895.871     0.200000          651         1.25
    3442.687     0.300000          974         1.43
    4231.167     0.400000         1301         1.67
    4882.431     0.500000         1625         2.00
    5197.823     0.550000         1790         2.22
    5369.855     0.600000         1948         2.50
    5763.071     0.650000         2110         2.86
    6143.999     0.700000         2273         3.33
    6553.599     0.750000         2436         4.00
    6746.111     0.775000         2518         4.44
    6971.391     0.800000         2597         5.00
    7135.231     0.825000         2682         5.71
    7241.727     0.850000         2760         6.67
    7446.527     0.875000         2841         8.00
    7507.967     0.887500         2881         8.89
    7581.695     0.900000         2923        10.00
    7634.943     0.912500         2963        11.43
    7704.575     0.925000         3005        13.33
    7798.783     0.937500         3047        16.00
    7839.743     0.943750         3064        17.78
    7880.703     0.950000         3084        20.00
    7954.431     0.956250         3104        22.86
    8032.255     0.962500         3125        26.67
    8118.271     0.968750         3146        32.00
    8146.943     0.971875         3155        35.56
    8167.423     0.975000         3165        40.00
    8200.191     0.978125         3175        45.71
    8224.767     0.981250         3186        53.33
    8265.727     0.984375         3196        64.00
    8331.263     0.985938         3201        71.11
    8511.487     0.987500         3206        80.00
    8568.831     0.989062         3211        91.43
    8675.327     0.990625         3216       106.67
    8765.439     0.992188         3221       128.00
    8806.399     0.992969         3224       142.22
    8830.975     0.993750         3226       160.00
    8847.359     0.994531         3229       182.86
    8855.551     0.995313         3231       213.33
    8871.935     0.996094         3234       256.00
    8880.127     0.996484         3235       284.44
    8888.319     0.996875         3238       320.00
    8888.319     0.997266         3238       365.71
    8896.511     0.997656         3239       426.67
    8904.703     0.998047         3240       512.00
    8912.895     0.998242         3241       568.89
    8912.895     0.998437         3241       640.00
    8921.087     0.998633         3242       731.43
    8937.471     0.998828         3244       853.33
    8937.471     0.999023         3244      1024.00
    8937.471     0.999121         3244      1137.78
    8937.471     0.999219         3244      1280.00
    8937.471     0.999316         3244      1462.86
    8962.047     0.999414         3245      1706.67
    8962.047     0.999512         3245      2048.00
    8962.047     0.999561         3245      2275.56
    8962.047     0.999609         3245      2560.00
    8962.047     0.999658         3245      2925.71
    8970.239     0.999707         3246      3413.33
    8970.239     1.000000         3246          inf
#[Mean    =     4865.160, StdDeviation   =     1959.740]
#[Max     =     8962.048, Total count    =         3246]
#[Buckets =           27, SubBuckets     =         2048]
-----------------------------------------------------------------------
  3878 requests in 1.00m, 1.15MB read
Requests/sec:     64.63  
Transfer/sec:     19.70KB
