Running 1m test @ http://10.97.218.196/?loopCount=25&base=6&exp=6
  5 threads and 5 connections

  Thread calibration: mean lat.: 69.567ms, rate sampling interval: 294ms
  Thread calibration: mean lat.: 54.558ms, rate sampling interval: 168ms
  Thread calibration: mean lat.: 60.563ms, rate sampling interval: 194ms
  Thread calibration: mean lat.: 62.566ms, rate sampling interval: 185ms
  Thread calibration: mean lat.: 55.209ms, rate sampling interval: 188ms

-----------------------------------------------------------------------
Test Results @ http://10.97.218.196/?loopCount=25&base=6&exp=6 
  Thread Stats   Avg      Stdev     99%   +/- Stdev
    Latency    88.11ms   69.03ms 360.70ms   83.55%
    Req/Sec     9.42      3.36    17.00     65.29%
  Latency Distribution (HdrHistogram - Recorded Latency)
 50.000%   59.62ms
 75.000%  101.95ms
 90.000%  173.44ms
 99.000%  360.70ms
 99.900%  516.86ms
 99.990%  568.32ms
 99.999%  568.32ms
100.000%  568.32ms

  Detailed Percentile spectrum:
       Value   Percentile   TotalCount 1/(1-Percentile)

      22.495     0.000000            1         1.00
      40.735     0.100000          257         1.11
      41.407     0.200000          503         1.25
      42.751     0.300000          750         1.43
      49.247     0.400000         1004         1.67
      59.615     0.500000         1250         2.00
      68.223     0.550000         1375         2.22
      77.119     0.600000         1500         2.50
      85.375     0.650000         1628         2.86
      92.991     0.700000         1752         3.33
     102.079     0.750000         1875         4.00
     114.495     0.775000         1937         4.44
     122.047     0.800000         2000         5.00
     146.303     0.825000         2062         5.71
     161.663     0.850000         2125         6.67
     165.247     0.875000         2189         8.00
     167.167     0.887500         2218         8.89
     173.567     0.900000         2253        10.00
     177.663     0.912500         2281        11.43
     186.367     0.925000         2312        13.33
     204.671     0.937500         2343        16.00
     218.111     0.943750         2359        17.78
     231.039     0.950000         2375        20.00
     259.455     0.956250         2390        22.86
     264.703     0.962500         2406        26.67
     269.567     0.968750         2423        32.00
     272.639     0.971875         2429        35.56
     277.247     0.975000         2437        40.00
     279.807     0.978125         2445        45.71
     293.375     0.981250         2454        53.33
     307.711     0.984375         2460        64.00
     323.327     0.985938         2464        71.11
     342.015     0.987500         2468        80.00
     359.679     0.989062         2472        91.43
     363.775     0.990625         2476       106.67
     373.247     0.992188         2480       128.00
     376.319     0.992969         2482       142.22
     380.671     0.993750         2484       160.00
     383.999     0.994531         2486       182.86
     411.391     0.995313         2488       213.33
     422.911     0.996094         2490       256.00
     446.719     0.996484         2491       284.44
     469.759     0.996875         2492       320.00
     470.527     0.997266         2493       365.71
     472.319     0.997656         2494       426.67
     473.599     0.998047         2495       512.00
     473.599     0.998242         2495       568.89
     506.367     0.998437         2496       640.00
     506.367     0.998633         2496       731.43
     516.863     0.998828         2497       853.33
     516.863     0.999023         2497      1024.00
     516.863     0.999121         2497      1137.78
     566.271     0.999219         2498      1280.00
     566.271     0.999316         2498      1462.86
     566.271     0.999414         2498      1706.67
     566.271     0.999512         2498      2048.00
     566.271     0.999561         2498      2275.56
     568.319     0.999609         2499      2560.00
     568.319     1.000000         2499          inf
#[Mean    =       88.106, StdDeviation   =       69.029]
#[Max     =      567.808, Total count    =         2499]
#[Buckets =           27, SubBuckets     =         2048]
-----------------------------------------------------------------------
  2995 requests in 1.00m, 0.89MB read
Requests/sec:     49.91  
Transfer/sec:     15.21KB
