Running 1m test @ http://10.102.244.59/?loopCount=25&base=6&exp=6
  5 threads and 5 connections

  Thread calibration: mean lat.: 236.993ms, rate sampling interval: 973ms
  Thread calibration: mean lat.: 219.282ms, rate sampling interval: 993ms
  Thread calibration: mean lat.: 189.418ms, rate sampling interval: 861ms
  Thread calibration: mean lat.: 111.194ms, rate sampling interval: 440ms
  Thread calibration: mean lat.: 119.561ms, rate sampling interval: 498ms

-----------------------------------------------------------------------
Test Results @ http://10.102.244.59/?loopCount=25&base=6&exp=6 
  Thread Stats   Avg      Stdev     99%   +/- Stdev
    Latency    84.41ms   66.02ms 343.30ms   87.39%
    Req/Sec    14.65      1.74    20.00     89.25%
  Latency Distribution (HdrHistogram - Recorded Latency)
 50.000%   60.61ms
 75.000%   97.98ms
 90.000%  170.88ms
 99.000%  343.30ms
 99.900%  396.03ms
 99.990%  422.40ms
 99.999%  422.40ms
100.000%  422.40ms

  Detailed Percentile spectrum:
       Value   Percentile   TotalCount 1/(1-Percentile)

      21.327     0.000000            1         1.00
      40.127     0.100000          378         1.11
      40.863     0.200000          766         1.25
      41.823     0.300000         1127         1.43
      48.735     0.400000         1501         1.67
      60.607     0.500000         1876         2.00
      64.639     0.550000         2063         2.22
      70.207     0.600000         2252         2.50
      77.311     0.650000         2438         2.86
      86.591     0.700000         2625         3.33
      97.983     0.750000         2813         4.00
     105.855     0.775000         2908         4.44
     115.711     0.800000         3000         5.00
     124.927     0.825000         3094         5.71
     135.807     0.850000         3191         6.67
     151.423     0.875000         3282         8.00
     160.383     0.887500         3329         8.89
     170.879     0.900000         3375        10.00
     183.423     0.912500         3422        11.43
     195.583     0.925000         3469        13.33
     216.063     0.937500         3517        16.00
     224.255     0.943750         3540        17.78
     233.983     0.950000         3563        20.00
     247.423     0.956250         3586        22.86
     255.359     0.962500         3610        26.67
     272.895     0.968750         3633        32.00
     279.551     0.971875         3645        35.56
     291.327     0.975000         3657        40.00
     300.543     0.978125         3668        45.71
     314.111     0.981250         3680        53.33
     326.911     0.984375         3692        64.00
     329.471     0.985938         3699        71.11
     332.543     0.987500         3704        80.00
     337.151     0.989062         3709        91.43
     347.903     0.990625         3715       106.67
     353.023     0.992188         3721       128.00
     354.815     0.992969         3724       142.22
     360.703     0.993750         3727       160.00
     365.311     0.994531         3731       182.86
     366.079     0.995313         3733       213.33
     376.575     0.996094         3736       256.00
     377.599     0.996484         3737       284.44
     381.439     0.996875         3739       320.00
     382.719     0.997266         3740       365.71
     384.511     0.997656         3742       426.67
     389.119     0.998047         3743       512.00
     389.887     0.998242         3744       568.89
     395.775     0.998437         3745       640.00
     395.775     0.998633         3745       731.43
     396.031     0.998828         3746       853.33
     403.199     0.999023         3747      1024.00
     403.199     0.999121         3747      1137.78
     411.135     0.999219         3748      1280.00
     411.135     0.999316         3748      1462.86
     411.135     0.999414         3748      1706.67
     418.559     0.999512         3749      2048.00
     418.559     0.999561         3749      2275.56
     418.559     0.999609         3749      2560.00
     418.559     0.999658         3749      2925.71
     418.559     0.999707         3749      3413.33
     422.399     0.999756         3750      4096.00
     422.399     1.000000         3750          inf
#[Mean    =       84.413, StdDeviation   =       66.017]
#[Max     =      422.144, Total count    =         3750]
#[Buckets =           27, SubBuckets     =         2048]
-----------------------------------------------------------------------
  4493 requests in 1.00m, 1.34MB read
Requests/sec:     74.88  
Transfer/sec:     22.82KB
