Running 1m test @ http://10.102.244.59/?loopCount=25&base=6&exp=6
  5 threads and 5 connections

  Thread calibration: mean lat.: 50.938ms, rate sampling interval: 186ms
  Thread calibration: mean lat.: 50.286ms, rate sampling interval: 186ms
  Thread calibration: mean lat.: 48.985ms, rate sampling interval: 188ms
  Thread calibration: mean lat.: 51.424ms, rate sampling interval: 188ms
  Thread calibration: mean lat.: 48.354ms, rate sampling interval: 180ms

-----------------------------------------------------------------------
Test Results @ http://10.102.244.59/?loopCount=25&base=6&exp=6 
  Thread Stats   Avg      Stdev     99%   +/- Stdev
    Latency    47.27ms   19.87ms 110.78ms   84.72%
    Req/Sec     9.47      2.58    16.00     74.61%
  Latency Distribution (HdrHistogram - Recorded Latency)
 50.000%   41.41ms
 75.000%   42.33ms
 90.000%   91.46ms
 99.000%  110.78ms
 99.900%  127.17ms
 99.990%  127.87ms
 99.999%  127.87ms
100.000%  127.87ms

  Detailed Percentile spectrum:
       Value   Percentile   TotalCount 1/(1-Percentile)

      21.583     0.000000            1         1.00
      37.791     0.100000          252         1.11
      40.383     0.200000          506         1.25
      40.735     0.300000          759         1.43
      41.087     0.400000         1000         1.67
      41.407     0.500000         1255         2.00
      41.567     0.550000         1393         2.22
      41.727     0.600000         1525         2.50
      41.887     0.650000         1643         2.86
      42.079     0.700000         1750         3.33
      42.335     0.750000         1886         4.00
      42.495     0.775000         1943         4.44
      42.655     0.800000         2009         5.00
      42.911     0.825000         2064         5.71
      44.575     0.850000         2125         6.67
      51.807     0.875000         2188         8.00
      89.791     0.887500         2221         8.89
      91.455     0.900000         2251        10.00
      92.991     0.912500         2285        11.43
      93.631     0.925000         2314        13.33
      95.423     0.937500         2345        16.00
      97.663     0.943750         2361        17.78
      99.263     0.950000         2375        20.00
     100.927     0.956250         2391        22.86
     103.487     0.962500         2408        26.67
     104.703     0.968750         2422        32.00
     106.367     0.971875         2430        35.56
     107.391     0.975000         2438        40.00
     108.159     0.978125         2446        45.71
     109.055     0.981250         2454        53.33
     109.823     0.984375         2462        64.00
     110.143     0.985938         2465        71.11
     110.335     0.987500         2469        80.00
     110.527     0.989062         2473        91.43
     110.911     0.990625         2477       106.67
     111.679     0.992188         2481       128.00
     112.639     0.992969         2483       142.22
     114.687     0.993750         2485       160.00
     115.263     0.994531         2487       182.86
     116.287     0.995313         2489       213.33
     117.119     0.996094         2491       256.00
     119.743     0.996484         2492       284.44
     120.447     0.996875         2493       320.00
     123.903     0.997266         2494       365.71
     126.143     0.997656         2495       426.67
     126.655     0.998047         2496       512.00
     126.655     0.998242         2496       568.89
     127.039     0.998437         2497       640.00
     127.039     0.998633         2497       731.43
     127.167     0.998828         2498       853.33
     127.167     0.999023         2498      1024.00
     127.167     0.999121         2498      1137.78
     127.359     0.999219         2499      1280.00
     127.359     0.999316         2499      1462.86
     127.359     0.999414         2499      1706.67
     127.359     0.999512         2499      2048.00
     127.359     0.999561         2499      2275.56
     127.871     0.999609         2500      2560.00
     127.871     1.000000         2500          inf
#[Mean    =       47.273, StdDeviation   =       19.874]
#[Max     =      127.808, Total count    =         2500]
#[Buckets =           27, SubBuckets     =         2048]
-----------------------------------------------------------------------
  2995 requests in 1.00m, 0.89MB read
Requests/sec:     49.91  
Transfer/sec:     15.21KB
