Running 1m test @ http://10.106.106.124/?loopCount=25&base=6&exp=6
  1 threads and 1 connections

  Thread calibration: mean lat.: 639.189ms, rate sampling interval: 2422ms

-----------------------------------------------------------------------
Test Results @ http://10.106.106.124/?loopCount=25&base=6&exp=6 
  Thread Stats   Avg      Stdev     99%   +/- Stdev
    Latency     3.78s     1.56s    6.58s    62.72%
    Req/Sec    21.70      1.31    23.00     90.00%
  Latency Distribution (HdrHistogram - Recorded Latency)
 50.000%    3.55s 
 75.000%    5.12s 
 90.000%    6.18s 
 99.000%    6.58s 
 99.900%    6.60s 
 99.990%    6.60s 
 99.999%    6.60s 
100.000%    6.60s 

  Detailed Percentile spectrum:
       Value   Percentile   TotalCount 1/(1-Percentile)

    1230.847     0.000000            1         1.00
    1939.455     0.100000          112         1.11
    2334.719     0.200000          227         1.25
    2697.215     0.300000          335         1.43
    2983.935     0.400000          450         1.67
    3547.135     0.500000          558         2.00
    3788.799     0.550000          614         2.22
    4063.231     0.600000          671         2.50
    4382.719     0.650000          732         2.86
    4669.439     0.700000          782         3.33
    5124.095     0.750000          838         4.00
    5234.687     0.775000          875         4.44
    5349.375     0.800000          893         5.00
    5464.063     0.825000          923         5.71
    5935.103     0.850000          950         6.67
    6094.847     0.875000          978         8.00
    6160.383     0.887500          996         8.89
    6180.863     0.900000         1009        10.00
    6295.551     0.912500         1020        11.43
    6356.991     0.925000         1034        13.33
    6426.623     0.937500         1049        16.00
    6438.911     0.943750         1063        17.78
    6438.911     0.950000         1063        20.00
    6443.007     0.956250         1068        22.86
    6488.063     0.962500         1075        26.67
    6529.023     0.968750         1085        32.00
    6529.023     0.971875         1085        35.56
    6533.119     0.975000         1093        40.00
    6533.119     0.978125         1093        45.71
    6549.503     0.981250         1098        53.33
    6561.791     0.984375         1099        64.00
    6582.271     0.985938         1106        71.11
    6582.271     0.987500         1106        80.00
    6582.271     0.989062         1106        91.43
    6582.271     0.990625         1106       106.67
    6586.367     0.992188         1108       128.00
    6594.559     0.992969         1113       142.22
    6594.559     0.993750         1113       160.00
    6594.559     0.994531         1113       182.86
    6594.559     0.995313         1113       213.33
    6594.559     0.996094         1113       256.00
    6594.559     0.996484         1113       284.44
    6594.559     0.996875         1113       320.00
    6594.559     0.997266         1113       365.71
    6598.655     0.997656         1116       426.67
    6598.655     1.000000         1116          inf
#[Mean    =     3784.193, StdDeviation   =     1557.939]
#[Max     =     6594.560, Total count    =         1116]
#[Buckets =           27, SubBuckets     =         2048]
-----------------------------------------------------------------------
  1335 requests in 1.00m, 406.77KB read
Requests/sec:     22.25  
Transfer/sec:      6.78KB
