Running 1m test @ http://10.102.244.59/?loopCount=25&base=6&exp=6
  5 threads and 5 connections

  Thread calibration: mean lat.: 152.988ms, rate sampling interval: 504ms
  Thread calibration: mean lat.: 150.362ms, rate sampling interval: 611ms
  Thread calibration: mean lat.: 248.722ms, rate sampling interval: 807ms
  Thread calibration: mean lat.: 151.945ms, rate sampling interval: 586ms
  Thread calibration: mean lat.: 172.100ms, rate sampling interval: 616ms

-----------------------------------------------------------------------
Test Results @ http://10.102.244.59/?loopCount=25&base=6&exp=6 
  Thread Stats   Avg      Stdev     99%   +/- Stdev
    Latency   105.60ms   74.29ms 348.16ms   82.45%
    Req/Sec    14.42      1.73    19.00     90.17%
  Latency Distribution (HdrHistogram - Recorded Latency)
 50.000%   80.51ms
 75.000%  136.32ms
 90.000%  220.41ms
 99.000%  348.16ms
 99.900%  421.63ms
 99.990%  455.42ms
 99.999%  455.42ms
100.000%  455.42ms

  Detailed Percentile spectrum:
       Value   Percentile   TotalCount 1/(1-Percentile)

      21.903     0.000000            1         1.00
      40.703     0.100000          378         1.11
      42.463     0.200000          753         1.25
      53.663     0.300000         1127         1.43
      65.855     0.400000         1502         1.67
      80.511     0.500000         1878         2.00
      88.639     0.550000         2067         2.22
      97.279     0.600000         2253         2.50
     108.287     0.650000         2442         2.86
     121.599     0.700000         2628         3.33
     136.319     0.750000         2816         4.00
     147.455     0.775000         2911         4.44
     159.999     0.800000         3004         5.00
     169.599     0.825000         3099         5.71
     186.879     0.850000         3192         6.67
     200.575     0.875000         3286         8.00
     209.407     0.887500         3332         8.89
     220.415     0.900000         3380        10.00
     226.303     0.912500         3426        11.43
     236.031     0.925000         3473        13.33
     253.183     0.937500         3520        16.00
     257.023     0.943750         3543        17.78
     262.911     0.950000         3567        20.00
     269.567     0.956250         3590        22.86
     280.831     0.962500         3614        26.67
     289.535     0.968750         3638        32.00
     294.655     0.971875         3649        35.56
     299.775     0.975000         3661        40.00
     311.295     0.978125         3672        45.71
     319.743     0.981250         3684        53.33
     328.447     0.984375         3696        64.00
     333.823     0.985938         3703        71.11
     335.615     0.987500         3708        80.00
     337.663     0.989062         3713        91.43
     350.463     0.990625         3719       106.67
     357.887     0.992188         3725       128.00
     359.935     0.992969         3728       142.22
     362.239     0.993750         3731       160.00
     367.103     0.994531         3734       182.86
     373.759     0.995313         3738       213.33
     374.527     0.996094         3740       256.00
     378.367     0.996484         3741       284.44
     386.559     0.996875         3743       320.00
     391.167     0.997266         3744       365.71
     392.959     0.997656         3746       426.67
     393.215     0.998047         3748       512.00
     393.215     0.998242         3748       568.89
     418.815     0.998437         3749       640.00
     418.815     0.998633         3749       731.43
     421.631     0.998828         3750       853.33
     425.471     0.999023         3751      1024.00
     425.471     0.999121         3751      1137.78
     434.687     0.999219         3752      1280.00
     434.687     0.999316         3752      1462.86
     434.687     0.999414         3752      1706.67
     452.095     0.999512         3753      2048.00
     452.095     0.999561         3753      2275.56
     452.095     0.999609         3753      2560.00
     452.095     0.999658         3753      2925.71
     452.095     0.999707         3753      3413.33
     455.423     0.999756         3754      4096.00
     455.423     1.000000         3754          inf
#[Mean    =      105.604, StdDeviation   =       74.286]
#[Max     =      455.168, Total count    =         3754]
#[Buckets =           27, SubBuckets     =         2048]
-----------------------------------------------------------------------
  4495 requests in 1.00m, 1.34MB read
Requests/sec:     74.91  
Transfer/sec:     22.83KB
