Running 1m test @ http://10.111.175.232/?loopCount=25&base=6&exp=6
  5 threads and 5 connections

  Thread calibration: mean lat.: 49.135ms, rate sampling interval: 151ms
  Thread calibration: mean lat.: 47.869ms, rate sampling interval: 150ms
  Thread calibration: mean lat.: 53.286ms, rate sampling interval: 169ms
  Thread calibration: mean lat.: 45.866ms, rate sampling interval: 146ms
  Thread calibration: mean lat.: 49.061ms, rate sampling interval: 155ms

-----------------------------------------------------------------------
Test Results @ http://10.111.175.232/?loopCount=25&base=6&exp=6 
  Thread Stats   Avg      Stdev     99%   +/- Stdev
    Latency    47.86ms   17.34ms  99.39ms   77.12%
    Req/Sec     9.36      3.35    13.00     93.34%
  Latency Distribution (HdrHistogram - Recorded Latency)
 50.000%   42.11ms
 75.000%   43.58ms
 90.000%   78.40ms
 99.000%   99.39ms
 99.900%  113.79ms
 99.990%  121.98ms
 99.999%  121.98ms
100.000%  121.98ms

  Detailed Percentile spectrum:
       Value   Percentile   TotalCount 1/(1-Percentile)

      21.391     0.000000            1         1.00
      35.935     0.100000          250         1.11
      40.159     0.200000          501         1.25
      41.055     0.300000          757         1.43
      41.631     0.400000         1013         1.67
      42.111     0.500000         1251         2.00
      42.335     0.550000         1375         2.22
      42.591     0.600000         1501         2.50
      42.815     0.650000         1644         2.86
      43.071     0.700000         1755         3.33
      43.583     0.750000         1875         4.00
      44.095     0.775000         1939         4.44
      46.175     0.800000         2000         5.00
      53.919     0.825000         2063         5.71
      75.455     0.850000         2125         6.67
      77.503     0.875000         2190         8.00
      77.887     0.887500         2219         8.89
      78.399     0.900000         2254        10.00
      79.487     0.912500         2282        11.43
      82.367     0.925000         2315        13.33
      84.735     0.937500         2344        16.00
      85.887     0.943750         2360        17.78
      87.103     0.950000         2376        20.00
      88.383     0.956250         2391        22.86
      89.855     0.962500         2407        26.67
      91.967     0.968750         2422        32.00
      92.799     0.971875         2430        35.56
      93.503     0.975000         2439        40.00
      94.079     0.978125         2446        45.71
      94.527     0.981250         2454        53.33
      95.423     0.984375         2461        64.00
      96.063     0.985938         2465        71.11
      97.599     0.987500         2469        80.00
      98.495     0.989062         2473        91.43
     102.783     0.990625         2477       106.67
     103.743     0.992188         2481       128.00
     104.895     0.992969         2483       142.22
     106.495     0.993750         2485       160.00
     107.135     0.994531         2487       182.86
     107.263     0.995313         2489       213.33
     109.759     0.996094         2491       256.00
     109.887     0.996484         2492       284.44
     110.079     0.996875         2493       320.00
     111.103     0.997266         2494       365.71
     112.127     0.997656         2495       426.67
     112.191     0.998047         2496       512.00
     112.191     0.998242         2496       568.89
     112.831     0.998437         2497       640.00
     112.831     0.998633         2497       731.43
     113.791     0.998828         2498       853.33
     113.791     0.999023         2498      1024.00
     113.791     0.999121         2498      1137.78
     121.407     0.999219         2499      1280.00
     121.407     0.999316         2499      1462.86
     121.407     0.999414         2499      1706.67
     121.407     0.999512         2499      2048.00
     121.407     0.999561         2499      2275.56
     121.983     0.999609         2500      2560.00
     121.983     1.000000         2500          inf
#[Mean    =       47.856, StdDeviation   =       17.335]
#[Max     =      121.920, Total count    =         2500]
#[Buckets =           27, SubBuckets     =         2048]
-----------------------------------------------------------------------
  2995 requests in 1.00m, 0.89MB read
Requests/sec:     49.91  
Transfer/sec:     15.21KB
