Running 1m test @ http://10.101.163.15/?loopCount=25&base=6&exp=6
  5 threads and 5 connections

  Thread calibration: mean lat.: 134.453ms, rate sampling interval: 525ms
  Thread calibration: mean lat.: 124.440ms, rate sampling interval: 541ms
  Thread calibration: mean lat.: 74.784ms, rate sampling interval: 312ms
  Thread calibration: mean lat.: 113.473ms, rate sampling interval: 588ms
  Thread calibration: mean lat.: 142.644ms, rate sampling interval: 736ms

-----------------------------------------------------------------------
Test Results @ http://10.101.163.15/?loopCount=25&base=6&exp=6 
  Thread Stats   Avg      Stdev     99%   +/- Stdev
    Latency   142.89ms  137.76ms 638.97ms   86.53%
    Req/Sec     9.48      2.10    16.00     83.97%
  Latency Distribution (HdrHistogram - Recorded Latency)
 50.000%   80.32ms
 75.000%  168.96ms
 90.000%  357.38ms
 99.000%  638.97ms
 99.900%  681.98ms
 99.990%  761.85ms
 99.999%  761.85ms
100.000%  761.85ms

  Detailed Percentile spectrum:
       Value   Percentile   TotalCount 1/(1-Percentile)

      22.687     0.000000            1         1.00
      41.151     0.100000          251         1.11
      49.343     0.200000          500         1.25
      59.487     0.300000          750         1.43
      68.927     0.400000         1001         1.67
      80.319     0.500000         1247         2.00
      86.015     0.550000         1372         2.22
      96.383     0.600000         1497         2.50
     145.279     0.650000         1622         2.86
     156.159     0.700000         1746         3.33
     168.959     0.750000         1871         4.00
     182.911     0.775000         1933         4.44
     209.023     0.800000         1996         5.00
     254.335     0.825000         2058         5.71
     266.239     0.850000         2121         6.67
     296.447     0.875000         2183         8.00
     348.927     0.887500         2215         8.89
     357.375     0.900000         2245        10.00
     367.359     0.912500         2276        11.43
     386.047     0.925000         2307        13.33
     442.367     0.937500         2339        16.00
     454.911     0.943750         2354        17.78
     463.615     0.950000         2370        20.00
     475.903     0.956250         2386        22.86
     498.943     0.962500         2401        26.67
     551.935     0.968750         2418        32.00
     555.007     0.971875         2424        35.56
     562.175     0.975000         2433        40.00
     570.367     0.978125         2440        45.71
     579.071     0.981250         2448        53.33
     592.383     0.984375         2457        64.00
     596.479     0.985938         2459        71.11
     606.207     0.987500         2463        80.00
     637.951     0.989062         2468        91.43
     650.751     0.990625         2471       106.67
     654.335     0.992188         2475       128.00
     657.919     0.992969         2477       142.22
     660.991     0.993750         2479       160.00
     661.503     0.994531         2481       182.86
     666.111     0.995313         2483       213.33
     670.207     0.996094         2486       256.00
     670.207     0.996484         2486       284.44
     672.767     0.996875         2487       320.00
     674.815     0.997266         2488       365.71
     677.887     0.997656         2489       426.67
     679.935     0.998047         2490       512.00
     679.935     0.998242         2490       568.89
     680.447     0.998437         2491       640.00
     680.447     0.998633         2491       731.43
     681.983     0.998828         2492       853.33
     681.983     0.999023         2492      1024.00
     681.983     0.999121         2492      1137.78
     701.951     0.999219         2493      1280.00
     701.951     0.999316         2493      1462.86
     701.951     0.999414         2493      1706.67
     701.951     0.999512         2493      2048.00
     701.951     0.999561         2493      2275.56
     761.855     0.999609         2494      2560.00
     761.855     1.000000         2494          inf
#[Mean    =      142.889, StdDeviation   =      137.757]
#[Max     =      761.344, Total count    =         2494]
#[Buckets =           27, SubBuckets     =         2048]
-----------------------------------------------------------------------
  2979 requests in 1.00m, 0.89MB read
Requests/sec:     49.65  
Transfer/sec:     15.14KB
