Running 1m test @ http://10.104.199.0/?loopCount=25&base=6&exp=6
  5 threads and 5 connections

  Thread calibration: mean lat.: 84.598ms, rate sampling interval: 331ms
  Thread calibration: mean lat.: 75.222ms, rate sampling interval: 344ms
  Thread calibration: mean lat.: 90.555ms, rate sampling interval: 410ms
  Thread calibration: mean lat.: 68.590ms, rate sampling interval: 293ms
  Thread calibration: mean lat.: 74.142ms, rate sampling interval: 311ms

-----------------------------------------------------------------------
Test Results @ http://10.104.199.0/?loopCount=25&base=6&exp=6 
  Thread Stats   Avg      Stdev     99%   +/- Stdev
    Latency    51.86ms   24.92ms 147.46ms   81.27%
    Req/Sec     9.53      1.69    13.00     90.63%
  Latency Distribution (HdrHistogram - Recorded Latency)
 50.000%   41.92ms
 75.000%   43.90ms
 90.000%   93.18ms
 99.000%  147.46ms
 99.900%  166.14ms
 99.990%  178.69ms
 99.999%  178.69ms
100.000%  178.69ms

  Detailed Percentile spectrum:
       Value   Percentile   TotalCount 1/(1-Percentile)

      21.487     0.000000            1         1.00
      38.527     0.100000          254         1.11
      40.671     0.200000          509         1.25
      41.151     0.300000          769         1.43
      41.567     0.400000         1011         1.67
      41.919     0.500000         1249         2.00
      42.207     0.550000         1385         2.22
      42.431     0.600000         1515         2.50
      42.719     0.650000         1626         2.86
      43.231     0.700000         1754         3.33
      43.903     0.750000         1874         4.00
      45.375     0.775000         1936         4.44
      55.583     0.800000         1999         5.00
      68.543     0.825000         2061         5.71
      81.663     0.850000         2125         6.67
      90.111     0.875000         2186         8.00
      91.775     0.887500         2217         8.89
      93.183     0.900000         2250        10.00
      94.783     0.912500         2280        11.43
      98.303     0.925000         2311        13.33
     101.439     0.937500         2342        16.00
     103.231     0.943750         2358        17.78
     105.919     0.950000         2374        20.00
     108.479     0.956250         2389        22.86
     111.039     0.962500         2405        26.67
     114.495     0.968750         2420        32.00
     117.759     0.971875         2428        35.56
     119.807     0.975000         2436        40.00
     125.823     0.978125         2444        45.71
     144.127     0.981250         2452        53.33
     145.663     0.984375         2459        64.00
     145.919     0.985938         2463        71.11
     146.559     0.987500         2467        80.00
     147.199     0.989062         2472        91.43
     147.711     0.990625         2475       106.67
     150.143     0.992188         2479       128.00
     151.295     0.992969         2481       142.22
     153.471     0.993750         2483       160.00
     153.599     0.994531         2485       182.86
     153.727     0.995313         2487       213.33
     154.751     0.996094         2489       256.00
     155.135     0.996484         2490       284.44
     155.519     0.996875         2491       320.00
     156.543     0.997266         2492       365.71
     157.055     0.997656         2493       426.67
     158.975     0.998047         2494       512.00
     158.975     0.998242         2494       568.89
     163.455     0.998437         2495       640.00
     163.455     0.998633         2495       731.43
     166.143     0.998828         2496       853.33
     166.143     0.999023         2496      1024.00
     166.143     0.999121         2496      1137.78
     174.463     0.999219         2497      1280.00
     174.463     0.999316         2497      1462.86
     174.463     0.999414         2497      1706.67
     174.463     0.999512         2497      2048.00
     174.463     0.999561         2497      2275.56
     178.687     0.999609         2498      2560.00
     178.687     1.000000         2498          inf
#[Mean    =       51.863, StdDeviation   =       24.923]
#[Max     =      178.560, Total count    =         2498]
#[Buckets =           27, SubBuckets     =         2048]
-----------------------------------------------------------------------
  2993 requests in 1.00m, 0.89MB read
Requests/sec:     49.88  
Transfer/sec:     15.20KB
