Running 1m test @ http://10.109.115.86/?loopCount=25&base=6&exp=6
  5 threads and 5 connections

  Thread calibration: mean lat.: 1798.583ms, rate sampling interval: 5705ms
  Thread calibration: mean lat.: 1657.314ms, rate sampling interval: 5955ms
  Thread calibration: mean lat.: 1696.864ms, rate sampling interval: 5820ms
  Thread calibration: mean lat.: 1553.070ms, rate sampling interval: 5316ms
  Thread calibration: mean lat.: 1548.889ms, rate sampling interval: 5206ms

-----------------------------------------------------------------------
Test Results @ http://10.109.115.86/?loopCount=25&base=6&exp=6 
  Thread Stats   Avg      Stdev     99%   +/- Stdev
    Latency    10.68s     4.44s   18.71s    58.46%
    Req/Sec     9.79      0.56    11.00     97.62%
  Latency Distribution (HdrHistogram - Recorded Latency)
 50.000%   10.64s 
 75.000%   14.43s 
 90.000%   16.91s 
 99.000%   18.71s 
 99.900%   19.05s 
 99.990%   19.10s 
 99.999%   19.10s 
100.000%   19.10s 

  Detailed Percentile spectrum:
       Value   Percentile   TotalCount 1/(1-Percentile)

    2883.583     0.000000            1         1.00
    4550.655     0.100000          260         1.11
    6131.711     0.200000          519         1.25
    7610.367     0.300000          779         1.43
    9035.775     0.400000         1038         1.67
   10641.407     0.500000         1298         2.00
   11444.223     0.550000         1428         2.22
   12247.039     0.600000         1558         2.50
   12992.511     0.650000         1688         2.86
   13615.103     0.700000         1818         3.33
   14434.303     0.750000         1948         4.00
   14819.327     0.775000         2012         4.44
   15228.927     0.800000         2076         5.00
   15589.375     0.825000         2142         5.71
   16007.167     0.850000         2207         6.67
   16457.727     0.875000         2271         8.00
   16678.911     0.887500         2305         8.89
   16908.287     0.900000         2336        10.00
   17072.127     0.912500         2368        11.43
   17268.735     0.925000         2405        13.33
   17465.343     0.937500         2433        16.00
   17547.263     0.943750         2451        17.78
   17629.183     0.950000         2466        20.00
   17760.255     0.956250         2483        22.86
   17891.327     0.962500         2498        26.67
   18038.783     0.968750         2514        32.00
   18153.471     0.971875         2525        35.56
   18219.007     0.975000         2532        40.00
   18268.159     0.978125         2540        45.71
   18382.847     0.981250         2547        53.33
   18464.767     0.984375         2556        64.00
   18497.535     0.985938         2560        71.11
   18530.303     0.987500         2564        80.00
   18628.607     0.989062         2567        91.43
   18726.911     0.990625         2571       106.67
   18776.063     0.992188         2575       128.00
   18792.447     0.992969         2578       142.22
   18825.215     0.993750         2579       160.00
   18890.751     0.994531         2581       182.86
   18907.135     0.995313         2583       213.33
   18939.903     0.996094         2586       256.00
   18939.903     0.996484         2586       284.44
   18956.287     0.996875         2587       320.00
   18972.671     0.997266         2588       365.71
   18989.055     0.997656         2589       426.67
   19038.207     0.998047         2591       512.00
   19038.207     0.998242         2591       568.89
   19038.207     0.998437         2591       640.00
   19054.591     0.998633         2593       731.43
   19054.591     0.998828         2593       853.33
   19054.591     0.999023         2593      1024.00
   19054.591     0.999121         2593      1137.78
   19054.591     0.999219         2593      1280.00
   19070.975     0.999316         2594      1462.86
   19070.975     0.999414         2594      1706.67
   19070.975     0.999512         2594      2048.00
   19070.975     0.999561         2594      2275.56
   19070.975     0.999609         2594      2560.00
   19103.743     0.999658         2595      2925.71
   19103.743     1.000000         2595          inf
#[Mean    =    10683.811, StdDeviation   =     4440.370]
#[Max     =    19087.360, Total count    =         2595]
#[Buckets =           27, SubBuckets     =         2048]
-----------------------------------------------------------------------
  3117 requests in 1.00m, 0.93MB read
Requests/sec:     51.95  
Transfer/sec:     15.85KB
