Running 1m test @ http://10.107.164.151/?loopCount=25&base=6&exp=6
  1 threads and 1 connections

  Thread calibration: mean lat.: 2975.986ms, rate sampling interval: 9936ms

-----------------------------------------------------------------------
Test Results @ http://10.107.164.151/?loopCount=25&base=6&exp=6 
  Thread Stats   Avg      Stdev     99%   +/- Stdev
    Latency    21.18s     8.20s   34.93s    58.95%
    Req/Sec     9.80      0.75    11.00    100.00%
  Latency Distribution (HdrHistogram - Recorded Latency)
 50.000%   21.56s 
 75.000%   28.11s 
 90.000%   32.21s 
 99.000%   34.93s 
 99.900%   35.16s 
 99.990%   35.23s 
 99.999%   35.23s 
100.000%   35.23s 

  Detailed Percentile spectrum:
       Value   Percentile   TotalCount 1/(1-Percentile)

    5791.743     0.000000            1         1.00
    9256.959     0.100000           52         1.11
   12828.671     0.200000          103         1.25
   15835.135     0.300000          155         1.43
   19300.351     0.400000          206         1.67
   21561.343     0.500000          258         2.00
   22609.919     0.550000          283         2.22
   24084.479     0.600000          309         2.50
   25280.511     0.650000          335         2.86
   26738.687     0.700000          360         3.33
   28114.943     0.750000          386         4.00
   28884.991     0.775000          399         4.44
   29540.351     0.800000          412         5.00
   30146.559     0.825000          425         5.71
   30769.151     0.850000          437         6.67
   31424.511     0.875000          450         8.00
   31850.495     0.887500          458         8.89
   32210.943     0.900000          464        10.00
   32473.087     0.912500          470        11.43
   33095.679     0.925000          476        13.33
   33292.287     0.937500          482        16.00
   33521.663     0.943750          486        17.78
   33783.807     0.950000          489        20.00
   33882.111     0.956250          492        22.86
   34045.951     0.962500          495        26.67
   34242.559     0.968750          498        32.00
   34373.631     0.971875          500        35.56
   34504.703     0.975000          502        40.00
   34570.239     0.978125          503        45.71
   34668.543     0.981250          505        53.33
   34799.615     0.984375          507        64.00
   34799.615     0.985938          507        71.11
   34865.151     0.987500          508        80.00
   34930.687     0.989062          509        91.43
   35028.991     0.990625          510       106.67
   35028.991     0.992188          510       128.00
   35094.527     0.992969          511       142.22
   35094.527     0.993750          511       160.00
   35160.063     0.994531          513       182.86
   35160.063     0.995313          513       213.33
   35160.063     0.996094          513       256.00
   35160.063     0.996484          513       284.44
   35160.063     0.996875          513       320.00
   35160.063     0.997266          513       365.71
   35160.063     0.997656          513       426.67
   35160.063     0.998047          513       512.00
   35225.599     0.998242          514       568.89
   35225.599     1.000000          514          inf
#[Mean    =    21177.220, StdDeviation   =     8202.411]
#[Max     =    35192.832, Total count    =          514]
#[Buckets =           27, SubBuckets     =         2048]
-----------------------------------------------------------------------
  620 requests in 1.00m, 189.13KB read
Requests/sec:     10.33  
Transfer/sec:      3.15KB
