Running 1m test @ http://10.99.199.129/?loopCount=25&base=6&exp=6
  5 threads and 5 connections

  Thread calibration: mean lat.: 662.867ms, rate sampling interval: 1505ms
  Thread calibration: mean lat.: 389.488ms, rate sampling interval: 1320ms
  Thread calibration: mean lat.: 390.988ms, rate sampling interval: 1308ms
  Thread calibration: mean lat.: 358.141ms, rate sampling interval: 955ms
  Thread calibration: mean lat.: 323.396ms, rate sampling interval: 1113ms

-----------------------------------------------------------------------
Test Results @ http://10.99.199.129/?loopCount=25&base=6&exp=6 
  Thread Stats   Avg      Stdev     99%   +/- Stdev
    Latency   239.16ms  277.13ms   1.12s    83.11%
    Req/Sec    14.62      1.34    18.00     89.22%
  Latency Distribution (HdrHistogram - Recorded Latency)
 50.000%   98.24ms
 75.000%  317.95ms
 90.000%  738.30ms
 99.000%    1.12s 
 99.900%    1.19s 
 99.990%    1.24s 
 99.999%    1.24s 
100.000%    1.24s 

  Detailed Percentile spectrum:
       Value   Percentile   TotalCount 1/(1-Percentile)

      21.823     0.000000            1         1.00
      40.799     0.100000          382         1.11
      42.847     0.200000          756         1.25
      60.639     0.300000         1133         1.43
      73.599     0.400000         1509         1.67
      98.239     0.500000         1886         2.00
     117.055     0.550000         2076         2.22
     141.311     0.600000         2263         2.50
     186.751     0.650000         2453         2.86
     258.687     0.700000         2641         3.33
     318.463     0.750000         2830         4.00
     352.255     0.775000         2924         4.44
     400.127     0.800000         3017         5.00
     480.767     0.825000         3112         5.71
     615.423     0.850000         3206         6.67
     697.855     0.875000         3300         8.00
     714.239     0.887500         3347         8.89
     738.303     0.900000         3394        10.00
     766.975     0.912500         3442        11.43
     790.527     0.925000         3489        13.33
     809.471     0.937500         3537        16.00
     826.879     0.943750         3560        17.78
     840.703     0.950000         3583        20.00
     864.767     0.956250         3607        22.86
     878.591     0.962500         3630        26.67
     904.191     0.968750         3654        32.00
     918.527     0.971875         3665        35.56
     934.911     0.975000         3678        40.00
     953.855     0.978125         3689        45.71
    1037.823     0.981250         3701        53.33
    1091.583     0.984375         3713        64.00
    1098.751     0.985938         3718        71.11
    1106.943     0.987500         3724        80.00
    1114.111     0.989062         3730        91.43
    1124.351     0.990625         3737       106.67
    1129.471     0.992188         3742       128.00
    1135.615     0.992969         3745       142.22
    1139.711     0.993750         3748       160.00
    1148.927     0.994531         3752       182.86
    1153.023     0.995313         3755       213.33
    1159.167     0.996094         3757       256.00
    1160.191     0.996484         3758       284.44
    1167.359     0.996875         3760       320.00
    1168.383     0.997266         3762       365.71
    1170.431     0.997656         3763       426.67
    1177.599     0.998047         3765       512.00
    1177.599     0.998242         3765       568.89
    1179.647     0.998437         3766       640.00
    1179.647     0.998633         3766       731.43
    1192.959     0.998828         3767       853.33
    1196.031     0.999023         3768      1024.00
    1196.031     0.999121         3768      1137.78
    1203.199     0.999219         3769      1280.00
    1203.199     0.999316         3769      1462.86
    1203.199     0.999414         3769      1706.67
    1226.751     0.999512         3770      2048.00
    1226.751     0.999561         3770      2275.56
    1226.751     0.999609         3770      2560.00
    1226.751     0.999658         3770      2925.71
    1226.751     0.999707         3770      3413.33
    1235.967     0.999756         3771      4096.00
    1235.967     1.000000         3771          inf
#[Mean    =      239.161, StdDeviation   =      277.131]
#[Max     =     1234.944, Total count    =         3771]
#[Buckets =           27, SubBuckets     =         2048]
-----------------------------------------------------------------------
  4492 requests in 1.00m, 1.34MB read
Requests/sec:     74.86  
Transfer/sec:     22.81KB
