Running 1m test @ http://10.103.77.142/?loopCount=25&base=6&exp=6
  1 threads and 1 connections

  Thread calibration: mean lat.: 3228.133ms, rate sampling interval: 11509ms

-----------------------------------------------------------------------
Test Results @ http://10.103.77.142/?loopCount=25&base=6&exp=6 
  Thread Stats   Avg      Stdev     99%   +/- Stdev
    Latency    21.36s     8.63s   35.88s    57.62%
    Req/Sec     9.50      0.50    10.00    100.00%
  Latency Distribution (HdrHistogram - Recorded Latency)
 50.000%   21.27s 
 75.000%   28.82s 
 90.000%   33.51s 
 99.000%   35.88s 
 99.900%   36.04s 
 99.990%   36.11s 
 99.999%   36.11s 
100.000%   36.11s 

  Detailed Percentile spectrum:
       Value   Percentile   TotalCount 1/(1-Percentile)

    6443.007     0.000000            1         1.00
    9551.871     0.100000           51         1.11
   12451.839     0.200000          101         1.25
   15015.935     0.300000          152         1.43
   18202.623     0.400000          202         1.67
   21266.431     0.500000          253         2.00
   22675.455     0.550000          278         2.22
   24297.471     0.600000          303         2.50
   25837.567     0.650000          329         2.86
   27328.511     0.700000          354         3.33
   28819.455     0.750000          379         4.00
   29540.351     0.775000          392         4.44
   30621.695     0.800000          404         5.00
   31096.831     0.825000          417         5.71
   31981.567     0.850000          430         6.67
   32702.463     0.875000          442         8.00
   33210.367     0.887500          449         8.89
   33505.279     0.900000          455        10.00
   33882.111     0.912500          461        11.43
   34340.863     0.925000          468        13.33
   34635.775     0.937500          474        16.00
   34832.383     0.943750          477        17.78
   34963.455     0.950000          486        20.00
   34963.455     0.956250          486        22.86
   35028.991     0.962500          487        26.67
   35192.831     0.968750          490        32.00
   35258.367     0.971875          491        35.56
   35454.975     0.975000          493        40.00
   35520.511     0.978125          494        45.71
   35651.583     0.981250          496        53.33
   35782.655     0.984375          498        64.00
   35782.655     0.985938          498        71.11
   35848.191     0.987500          499        80.00
   35880.959     0.989062          500        91.43
   35946.495     0.990625          502       106.67
   35946.495     0.992188          502       128.00
   35946.495     0.992969          502       142.22
   35946.495     0.993750          502       160.00
   35979.263     0.994531          503       182.86
   35979.263     0.995313          503       213.33
   36044.799     0.996094          504       256.00
   36044.799     0.996484          504       284.44
   36044.799     0.996875          504       320.00
   36044.799     0.997266          504       365.71
   36044.799     0.997656          504       426.67
   36110.335     0.998047          505       512.00
   36110.335     1.000000          505          inf
#[Mean    =    21357.396, StdDeviation   =     8630.789]
#[Max     =    36077.568, Total count    =          505]
#[Buckets =           27, SubBuckets     =         2048]
-----------------------------------------------------------------------
  595 requests in 1.00m, 181.59KB read
Requests/sec:      9.92  
Transfer/sec:      3.03KB
