Running 1m test @ http://10.96.164.126/?loopCount=25&base=6&exp=6
  1 threads and 1 connections

  Thread calibration: mean lat.: 1166.776ms, rate sampling interval: 4122ms

-----------------------------------------------------------------------
Test Results @ http://10.96.164.126/?loopCount=25&base=6&exp=6 
  Thread Stats   Avg      Stdev     99%   +/- Stdev
    Latency     7.05s     3.02s   12.06s    57.34%
    Req/Sec    19.58      1.93    22.00    100.00%
  Latency Distribution (HdrHistogram - Recorded Latency)
 50.000%    6.55s 
 75.000%    9.69s 
 90.000%   11.66s 
 99.000%   12.06s 
 99.900%   12.11s 
 99.990%   12.11s 
 99.999%   12.11s 
100.000%   12.11s 

  Detailed Percentile spectrum:
       Value   Percentile   TotalCount 1/(1-Percentile)

    2125.823     0.000000            1         1.00
    2863.103     0.100000          101         1.11
    3880.959     0.200000          201         1.25
    5259.263     0.300000          302         1.43
    6193.151     0.400000          408         1.67
    6545.407     0.500000          501         2.00
    7053.311     0.550000          561         2.22
    7413.759     0.600000          601         2.50
    8024.063     0.650000          652         2.86
    9158.655     0.700000          702         3.33
    9691.135     0.750000          762         4.00
    9781.247     0.775000          776         4.44
   10387.455     0.800000          802         5.00
   10911.743     0.825000          826         5.71
   11198.463     0.850000          854         6.67
   11468.799     0.875000          877         8.00
   11591.679     0.887500          889         8.89
   11657.215     0.900000          912        10.00
   11681.791     0.912500          917        11.43
   11698.175     0.925000          926        13.33
   11722.751     0.937500          942        16.00
   11730.943     0.943750          955        17.78
   11730.943     0.950000          955        20.00
   11804.671     0.956250          959        22.86
   11878.399     0.962500          964        26.67
   12001.279     0.968750          973        32.00
   12001.279     0.971875          973        35.56
   12009.471     0.975000          977        40.00
   12042.239     0.978125          986        45.71
   12042.239     0.981250          986        53.33
   12042.239     0.984375          986        64.00
   12050.431     0.985938          988        71.11
   12058.623     0.987500          993        80.00
   12058.623     0.989062          993        91.43
   12058.623     0.990625          993       106.67
   12075.007     0.992188          994       128.00
   12075.007     0.992969          994       142.22
   12099.583     0.993750          998       160.00
   12099.583     0.994531          998       182.86
   12099.583     0.995313          998       213.33
   12099.583     0.996094          998       256.00
   12099.583     0.996484          998       284.44
   12099.583     0.996875          998       320.00
   12107.775     0.997266         1001       365.71
   12107.775     1.000000         1001          inf
#[Mean    =     7045.550, StdDeviation   =     3016.442]
#[Max     =    12099.584, Total count    =         1001]
#[Buckets =           27, SubBuckets     =         2048]
-----------------------------------------------------------------------
  1197 requests in 1.00m, 364.72KB read
Requests/sec:     19.95  
Transfer/sec:      6.08KB
