Running 1m test @ http://10.104.225.39/?loopCount=25&base=6&exp=6
  5 threads and 5 connections

  Thread calibration: mean lat.: 187.732ms, rate sampling interval: 710ms
  Thread calibration: mean lat.: 100.643ms, rate sampling interval: 319ms
  Thread calibration: mean lat.: 96.703ms, rate sampling interval: 305ms
  Thread calibration: mean lat.: 181.741ms, rate sampling interval: 629ms
  Thread calibration: mean lat.: 341.954ms, rate sampling interval: 892ms

-----------------------------------------------------------------------
Test Results @ http://10.104.225.39/?loopCount=25&base=6&exp=6 
  Thread Stats   Avg      Stdev     99%   +/- Stdev
    Latency    88.11ms   57.51ms 277.76ms   83.03%
    Req/Sec    14.48      2.03    19.00     88.36%
  Latency Distribution (HdrHistogram - Recorded Latency)
 50.000%   68.22ms
 75.000%  111.49ms
 90.000%  171.26ms
 99.000%  277.76ms
 99.900%  334.08ms
 99.990%  377.34ms
 99.999%  377.34ms
100.000%  377.34ms

  Detailed Percentile spectrum:
       Value   Percentile   TotalCount 1/(1-Percentile)

      21.695     0.000000            1         1.00
      40.671     0.100000          382         1.11
      41.727     0.200000          759         1.25
      45.983     0.300000         1125         1.43
      56.863     0.400000         1499         1.67
      68.223     0.500000         1874         2.00
      75.455     0.550000         2061         2.22
      80.895     0.600000         2251         2.50
      89.535     0.650000         2436         2.86
      99.583     0.700000         2624         3.33
     111.551     0.750000         2811         4.00
     119.999     0.775000         2904         4.44
     128.063     0.800000         2998         5.00
     136.191     0.825000         3093         5.71
     146.559     0.850000         3186         6.67
     158.079     0.875000         3279         8.00
     162.687     0.887500         3326         8.89
     171.391     0.900000         3373        10.00
     179.199     0.912500         3421        11.43
     189.311     0.925000         3466        13.33
     201.087     0.937500         3513        16.00
     207.743     0.943750         3538        17.78
     212.095     0.950000         3560        20.00
     222.719     0.956250         3585        22.86
     228.607     0.962500         3607        26.67
     234.751     0.968750         3630        32.00
     237.311     0.971875         3642        35.56
     248.063     0.975000         3654        40.00
     253.439     0.978125         3666        45.71
     260.351     0.981250         3677        53.33
     263.679     0.984375         3689        64.00
     267.775     0.985938         3695        71.11
     272.127     0.987500         3701        80.00
     277.247     0.989062         3707        91.43
     278.783     0.990625         3712       106.67
     285.183     0.992188         3718       128.00
     289.279     0.992969         3721       142.22
     292.095     0.993750         3725       160.00
     294.143     0.994531         3727       182.86
     297.215     0.995313         3730       213.33
     303.871     0.996094         3733       256.00
     305.919     0.996484         3734       284.44
     316.927     0.996875         3736       320.00
     317.695     0.997266         3737       365.71
     325.375     0.997656         3739       426.67
     325.631     0.998047         3740       512.00
     328.191     0.998242         3741       568.89
     331.263     0.998437         3742       640.00
     331.263     0.998633         3742       731.43
     334.079     0.998828         3743       853.33
     343.295     0.999023         3744      1024.00
     343.295     0.999121         3744      1137.78
     354.303     0.999219         3745      1280.00
     354.303     0.999316         3745      1462.86
     354.303     0.999414         3745      1706.67
     354.559     0.999512         3746      2048.00
     354.559     0.999561         3746      2275.56
     354.559     0.999609         3746      2560.00
     354.559     0.999658         3746      2925.71
     354.559     0.999707         3746      3413.33
     377.343     0.999756         3747      4096.00
     377.343     1.000000         3747          inf
#[Mean    =       88.106, StdDeviation   =       57.511]
#[Max     =      377.088, Total count    =         3747]
#[Buckets =           27, SubBuckets     =         2048]
-----------------------------------------------------------------------
  4488 requests in 1.00m, 1.34MB read
Requests/sec:     74.79  
Transfer/sec:     22.79KB
