Running 1m test @ http://10.109.115.86/?loopCount=25&base=6&exp=6
  5 threads and 5 connections

  Thread calibration: mean lat.: 1738.225ms, rate sampling interval: 6041ms
  Thread calibration: mean lat.: 1902.212ms, rate sampling interval: 6729ms
  Thread calibration: mean lat.: 1300.942ms, rate sampling interval: 3786ms
  Thread calibration: mean lat.: 1714.028ms, rate sampling interval: 6230ms
  Thread calibration: mean lat.: 1659.130ms, rate sampling interval: 5959ms

-----------------------------------------------------------------------
Test Results @ http://10.109.115.86/?loopCount=25&base=6&exp=6 
  Thread Stats   Avg      Stdev     99%   +/- Stdev
    Latency    11.01s     4.78s   20.38s    58.60%
    Req/Sec     9.73      0.84    12.00     97.73%
  Latency Distribution (HdrHistogram - Recorded Latency)
 50.000%   10.67s 
 75.000%   15.14s 
 90.000%   17.63s 
 99.000%   20.38s 
 99.900%   20.97s 
 99.990%   21.10s 
 99.999%   21.10s 
100.000%   21.10s 

  Detailed Percentile spectrum:
       Value   Percentile   TotalCount 1/(1-Percentile)

    2271.231     0.000000            1         1.00
    4751.359     0.100000          253         1.11
    6217.727     0.200000          505         1.25
    7671.807     0.300000          758         1.43
    8986.623     0.400000         1010         1.67
   10665.983     0.500000         1262         2.00
   11550.719     0.550000         1390         2.22
   12255.231     0.600000         1515         2.50
   13131.775     0.650000         1641         2.86
   14147.583     0.700000         1767         3.33
   15138.815     0.750000         1897         4.00
   15572.991     0.775000         1957         4.44
   15949.823     0.800000         2020         5.00
   16326.655     0.825000         2085         5.71
   16777.215     0.850000         2148         6.67
   17252.351     0.875000         2211         8.00
   17448.959     0.887500         2241         8.89
   17629.183     0.900000         2272        10.00
   17973.247     0.912500         2305        11.43
   18300.927     0.925000         2337        13.33
   18644.991     0.937500         2367        16.00
   18841.599     0.943750         2385        17.78
   19021.823     0.950000         2398        20.00
   19185.663     0.956250         2414        22.86
   19365.887     0.962500         2430        26.67
   19546.111     0.968750         2446        32.00
   19644.415     0.971875         2455        35.56
   19693.567     0.975000         2461        40.00
   19841.023     0.978125         2469        45.71
   19939.327     0.981250         2477        53.33
   20054.015     0.984375         2485        64.00
   20168.703     0.985938         2489        71.11
   20250.623     0.987500         2494        80.00
   20348.927     0.989062         2497        91.43
   20430.847     0.990625         2501       106.67
   20479.999     0.992188         2505       128.00
   20529.151     0.992969         2507       142.22
   20561.919     0.993750         2511       160.00
   20561.919     0.994531         2511       182.86
   20643.839     0.995313         2513       213.33
   20709.375     0.996094         2515       256.00
   20774.911     0.996484         2516       284.44
   20791.295     0.996875         2517       320.00
   20856.831     0.997266         2518       365.71
   20905.983     0.997656         2519       426.67
   20922.367     0.998047         2520       512.00
   20922.367     0.998242         2520       568.89
   20971.519     0.998437         2521       640.00
   20971.519     0.998633         2521       731.43
   21053.439     0.998828         2522       853.33
   21053.439     0.999023         2522      1024.00
   21053.439     0.999121         2522      1137.78
   21069.823     0.999219         2523      1280.00
   21069.823     0.999316         2523      1462.86
   21069.823     0.999414         2523      1706.67
   21069.823     0.999512         2523      2048.00
   21069.823     0.999561         2523      2275.56
   21102.591     0.999609         2524      2560.00
   21102.591     1.000000         2524          inf
#[Mean    =    11010.220, StdDeviation   =     4775.180]
#[Max     =    21086.208, Total count    =         2524]
#[Buckets =           27, SubBuckets     =         2048]
-----------------------------------------------------------------------
  3033 requests in 1.00m, 0.90MB read
Requests/sec:     50.54  
Transfer/sec:     15.42KB
