Running 1m test @ http://10.110.188.59/?loopCount=25&base=6&exp=6
  5 threads and 5 connections

  Thread calibration: mean lat.: 112.718ms, rate sampling interval: 600ms
  Thread calibration: mean lat.: 71.297ms, rate sampling interval: 326ms
  Thread calibration: mean lat.: 76.874ms, rate sampling interval: 320ms
  Thread calibration: mean lat.: 70.210ms, rate sampling interval: 323ms
  Thread calibration: mean lat.: 75.869ms, rate sampling interval: 310ms

-----------------------------------------------------------------------
Test Results @ http://10.110.188.59/?loopCount=25&base=6&exp=6 
  Thread Stats   Avg      Stdev     99%   +/- Stdev
    Latency    49.76ms   23.79ms 135.17ms   83.44%
    Req/Sec     9.64      1.50    12.00     94.77%
  Latency Distribution (HdrHistogram - Recorded Latency)
 50.000%   41.69ms
 75.000%   42.81ms
 90.000%   96.51ms
 99.000%  135.17ms
 99.900%  184.32ms
 99.990%  198.40ms
 99.999%  198.40ms
100.000%  198.40ms

  Detailed Percentile spectrum:
       Value   Percentile   TotalCount 1/(1-Percentile)

      21.919     0.000000            1         1.00
      37.919     0.100000          251         1.11
      40.479     0.200000          501         1.25
      40.991     0.300000          757         1.43
      41.375     0.400000         1010         1.67
      41.695     0.500000         1250         2.00
      41.855     0.550000         1376         2.22
      42.047     0.600000         1513         2.50
      42.207     0.650000         1629         2.86
      42.431     0.700000         1750         3.33
      42.815     0.750000         1876         4.00
      43.103     0.775000         1940         4.44
      43.679     0.800000         2000         5.00
      49.311     0.825000         2063         5.71
      65.119     0.850000         2125         6.67
      89.151     0.875000         2188         8.00
      94.271     0.887500         2220         8.89
      96.511     0.900000         2251        10.00
      97.599     0.912500         2283        11.43
      98.559     0.925000         2313        13.33
     101.951     0.937500         2344        16.00
     103.551     0.943750         2361        17.78
     104.319     0.950000         2376        20.00
     105.535     0.956250         2392        22.86
     107.391     0.962500         2407        26.67
     109.695     0.968750         2422        32.00
     111.743     0.971875         2430        35.56
     112.639     0.975000         2438        40.00
     113.151     0.978125         2446        45.71
     114.431     0.981250         2454        53.33
     117.951     0.984375         2461        64.00
     120.511     0.985938         2465        71.11
     125.823     0.987500         2469        80.00
     131.327     0.989062         2473        91.43
     138.239     0.990625         2477       106.67
     154.111     0.992188         2481       128.00
     155.135     0.992969         2483       142.22
     157.567     0.993750         2485       160.00
     158.463     0.994531         2487       182.86
     161.151     0.995313         2490       213.33
     161.407     0.996094         2491       256.00
     163.199     0.996484         2492       284.44
     163.583     0.996875         2493       320.00
     165.503     0.997266         2494       365.71
     167.807     0.997656         2495       426.67
     168.191     0.998047         2496       512.00
     168.191     0.998242         2496       568.89
     175.103     0.998437         2497       640.00
     175.103     0.998633         2497       731.43
     184.319     0.998828         2498       853.33
     184.319     0.999023         2498      1024.00
     184.319     0.999121         2498      1137.78
     184.831     0.999219         2499      1280.00
     184.831     0.999316         2499      1462.86
     184.831     0.999414         2499      1706.67
     184.831     0.999512         2499      2048.00
     184.831     0.999561         2499      2275.56
     198.399     0.999609         2500      2560.00
     198.399     1.000000         2500          inf
#[Mean    =       49.756, StdDeviation   =       23.789]
#[Max     =      198.272, Total count    =         2500]
#[Buckets =           27, SubBuckets     =         2048]
-----------------------------------------------------------------------
  2995 requests in 1.00m, 0.89MB read
Requests/sec:     49.91  
Transfer/sec:     15.21KB
