Running 1m test @ http://10.108.208.72/?loopCount=25&base=6&exp=6
  5 threads and 5 connections

  Thread calibration: mean lat.: 151.274ms, rate sampling interval: 526ms
  Thread calibration: mean lat.: 161.359ms, rate sampling interval: 564ms
  Thread calibration: mean lat.: 138.501ms, rate sampling interval: 376ms
  Thread calibration: mean lat.: 161.538ms, rate sampling interval: 517ms
  Thread calibration: mean lat.: 147.315ms, rate sampling interval: 383ms

-----------------------------------------------------------------------
Test Results @ http://10.108.208.72/?loopCount=25&base=6&exp=6 
  Thread Stats   Avg      Stdev     99%   +/- Stdev
    Latency   766.77ms  507.14ms   1.69s    55.44%
    Req/Sec     9.19      1.93    13.00     89.09%
  Latency Distribution (HdrHistogram - Recorded Latency)
 50.000%  753.66ms
 75.000%    1.25s 
 90.000%    1.47s 
 99.000%    1.69s 
 99.900%    1.77s 
 99.990%    1.77s 
 99.999%    1.77s 
100.000%    1.77s 

  Detailed Percentile spectrum:
       Value   Percentile   TotalCount 1/(1-Percentile)

      59.487     0.000000            1         1.00
     158.847     0.100000          247         1.11
     189.055     0.200000          488         1.25
     292.863     0.300000          732         1.43
     492.543     0.400000          975         1.67
     753.663     0.500000         1221         2.00
     854.015     0.550000         1341         2.22
     967.167     0.600000         1463         2.50
    1067.007     0.650000         1585         2.86
    1155.071     0.700000         1706         3.33
    1253.375     0.750000         1831         4.00
    1268.735     0.775000         1890         4.44
    1283.071     0.800000         1951         5.00
    1362.943     0.825000         2014         5.71
    1375.231     0.850000         2079         6.67
    1456.127     0.875000         2134         8.00
    1465.343     0.887500         2166         8.89
    1474.559     0.900000         2196        10.00
    1484.799     0.912500         2225        11.43
    1556.479     0.925000         2259        13.33
    1565.695     0.937500         2285        16.00
    1569.791     0.943750         2300        17.78
    1572.863     0.950000         2316        20.00
    1579.007     0.956250         2333        22.86
    1583.103     0.962500         2346        26.67
    1593.343     0.968750         2361        32.00
    1655.807     0.971875         2371        35.56
    1658.879     0.975000         2377        40.00
    1662.975     0.978125         2385        45.71
    1665.023     0.981250         2393        53.33
    1670.143     0.984375         2399        64.00
    1672.191     0.985938         2404        71.11
    1674.239     0.987500         2407        80.00
    1681.407     0.989062         2411        91.43
    1753.087     0.990625         2415       106.67
    1756.159     0.992188         2419       128.00
    1757.183     0.992969         2421       142.22
    1758.207     0.993750         2422       160.00
    1760.255     0.994531         2424       182.86
    1762.303     0.995313         2426       213.33
    1765.375     0.996094         2430       256.00
    1765.375     0.996484         2430       284.44
    1765.375     0.996875         2430       320.00
    1766.399     0.997266         2433       365.71
    1766.399     0.997656         2433       426.67
    1766.399     0.998047         2433       512.00
    1766.399     0.998242         2433       568.89
    1771.519     0.998437         2434       640.00
    1771.519     0.998633         2434       731.43
    1772.543     0.998828         2435       853.33
    1772.543     0.999023         2435      1024.00
    1772.543     0.999121         2435      1137.78
    1773.567     0.999219         2437      1280.00
    1773.567     1.000000         2437          inf
#[Mean    =      766.772, StdDeviation   =      507.140]
#[Max     =     1772.544, Total count    =         2437]
#[Buckets =           27, SubBuckets     =         2048]
-----------------------------------------------------------------------
  2925 requests in 1.00m, 0.87MB read
Requests/sec:     48.75  
Transfer/sec:     14.87KB
