Running 1m test @ http://10.102.244.59/?loopCount=25&base=6&exp=6
  5 threads and 5 connections

  Thread calibration: mean lat.: 56.960ms, rate sampling interval: 202ms
  Thread calibration: mean lat.: 45.763ms, rate sampling interval: 91ms
  Thread calibration: mean lat.: 42.648ms, rate sampling interval: 83ms
  Thread calibration: mean lat.: 49.951ms, rate sampling interval: 140ms
  Thread calibration: mean lat.: 47.825ms, rate sampling interval: 139ms

-----------------------------------------------------------------------
Test Results @ http://10.102.244.59/?loopCount=25&base=6&exp=6 
  Thread Stats   Avg      Stdev     99%   +/- Stdev
    Latency    44.43ms   11.18ms  86.97ms   86.40%
    Req/Sec     9.68      3.90    21.00     90.43%
  Latency Distribution (HdrHistogram - Recorded Latency)
 50.000%   41.66ms
 75.000%   43.10ms
 90.000%   49.25ms
 99.000%   86.97ms
 99.900%  102.59ms
 99.990%  109.76ms
 99.999%  109.76ms
100.000%  109.76ms

  Detailed Percentile spectrum:
       Value   Percentile   TotalCount 1/(1-Percentile)

      22.127     0.000000            1         1.00
      39.071     0.100000          253         1.11
      40.639     0.200000          507         1.25
      41.087     0.300000          757         1.43
      41.407     0.400000         1030         1.67
      41.663     0.500000         1258         2.00
      41.855     0.550000         1391         2.22
      42.079     0.600000         1507         2.50
      42.367     0.650000         1630         2.86
      42.751     0.700000         1755         3.33
      43.103     0.750000         1877         4.00
      43.263     0.775000         1942         4.44
      43.391     0.800000         2004         5.00
      43.519     0.825000         2065         5.71
      43.775     0.850000         2133         6.67
      44.191     0.875000         2191         8.00
      44.703     0.887500         2219         8.89
      49.247     0.900000         2250        10.00
      69.119     0.912500         2284        11.43
      69.695     0.925000         2316        13.33
      70.527     0.937500         2344        16.00
      70.911     0.943750         2360        17.78
      72.255     0.950000         2375        20.00
      73.471     0.956250         2391        22.86
      75.839     0.962500         2407        26.67
      77.055     0.968750         2422        32.00
      78.207     0.971875         2430        35.56
      78.911     0.975000         2438        40.00
      81.535     0.978125         2446        45.71
      83.199     0.981250         2454        53.33
      85.247     0.984375         2462        64.00
      85.695     0.985938         2465        71.11
      85.887     0.987500         2469        80.00
      86.143     0.989062         2473        91.43
      87.999     0.990625         2477       106.67
      91.327     0.992188         2481       128.00
      92.287     0.992969         2483       142.22
      93.503     0.993750         2485       160.00
      93.631     0.994531         2488       182.86
      93.695     0.995313         2489       213.33
      94.271     0.996094         2491       256.00
      95.103     0.996484         2492       284.44
      95.871     0.996875         2493       320.00
      96.639     0.997266         2494       365.71
      96.831     0.997656         2495       426.67
      97.279     0.998047         2496       512.00
      97.279     0.998242         2496       568.89
     101.119     0.998437         2497       640.00
     101.119     0.998633         2497       731.43
     102.591     0.998828         2498       853.33
     102.591     0.999023         2498      1024.00
     102.591     0.999121         2498      1137.78
     104.127     0.999219         2499      1280.00
     104.127     0.999316         2499      1462.86
     104.127     0.999414         2499      1706.67
     104.127     0.999512         2499      2048.00
     104.127     0.999561         2499      2275.56
     109.759     0.999609         2500      2560.00
     109.759     1.000000         2500          inf
#[Mean    =       44.428, StdDeviation   =       11.181]
#[Max     =      109.696, Total count    =         2500]
#[Buckets =           27, SubBuckets     =         2048]
-----------------------------------------------------------------------
  2995 requests in 1.00m, 0.89MB read
Requests/sec:     49.91  
Transfer/sec:     15.21KB
