Running 1m test @ http://10.104.199.0/?loopCount=25&base=6&exp=6
  5 threads and 5 connections

  Thread calibration: mean lat.: 70.787ms, rate sampling interval: 278ms
  Thread calibration: mean lat.: 80.496ms, rate sampling interval: 346ms
  Thread calibration: mean lat.: 74.682ms, rate sampling interval: 343ms
  Thread calibration: mean lat.: 92.872ms, rate sampling interval: 374ms
  Thread calibration: mean lat.: 85.636ms, rate sampling interval: 395ms

-----------------------------------------------------------------------
Test Results @ http://10.104.199.0/?loopCount=25&base=6&exp=6 
  Thread Stats   Avg      Stdev     99%   +/- Stdev
    Latency    50.50ms   27.48ms 183.29ms   90.16%
    Req/Sec     9.46      1.66    14.00     95.60%
  Latency Distribution (HdrHistogram - Recorded Latency)
 50.000%   42.11ms
 75.000%   43.74ms
 90.000%   75.33ms
 99.000%  183.29ms
 99.900%  275.45ms
 99.990%  301.82ms
 99.999%  301.82ms
100.000%  301.82ms

  Detailed Percentile spectrum:
       Value   Percentile   TotalCount 1/(1-Percentile)

      21.743     0.000000            1         1.00
      40.479     0.100000          261         1.11
      40.831     0.200000          519         1.25
      41.279     0.300000          763         1.43
      41.663     0.400000         1004         1.67
      42.111     0.500000         1251         2.00
      42.367     0.550000         1379         2.22
      42.623     0.600000         1501         2.50
      42.879     0.650000         1627         2.86
      43.231     0.700000         1750         3.33
      43.743     0.750000         1878         4.00
      44.223     0.775000         1939         4.44
      45.087     0.800000         2002         5.00
      48.351     0.825000         2063         5.71
      51.135     0.850000         2125         6.67
      57.503     0.875000         2188         8.00
      67.263     0.887500         2219         8.89
      75.327     0.900000         2250        10.00
      83.263     0.912500         2282        11.43
      89.727     0.925000         2313        13.33
      96.575     0.937500         2344        16.00
     101.183     0.943750         2360        17.78
     105.535     0.950000         2375        20.00
     108.863     0.956250         2391        22.86
     116.031     0.962500         2407        26.67
     119.679     0.968750         2423        32.00
     120.703     0.971875         2430        35.56
     126.335     0.975000         2438        40.00
     135.295     0.978125         2446        45.71
     160.255     0.981250         2454        53.33
     171.391     0.984375         2461        64.00
     175.103     0.985938         2465        71.11
     177.663     0.987500         2470        80.00
     179.583     0.989062         2473        91.43
     189.055     0.990625         2477       106.67
     191.615     0.992188         2481       128.00
     194.047     0.992969         2483       142.22
     199.167     0.993750         2485       160.00
     202.879     0.994531         2487       182.86
     214.271     0.995313         2489       213.33
     219.647     0.996094         2491       256.00
     225.407     0.996484         2492       284.44
     231.935     0.996875         2493       320.00
     242.943     0.997266         2494       365.71
     269.311     0.997656         2495       426.67
     269.567     0.998047         2496       512.00
     269.567     0.998242         2496       568.89
     274.175     0.998437         2497       640.00
     274.175     0.998633         2497       731.43
     275.455     0.998828         2498       853.33
     275.455     0.999023         2498      1024.00
     275.455     0.999121         2498      1137.78
     291.839     0.999219         2499      1280.00
     291.839     0.999316         2499      1462.86
     291.839     0.999414         2499      1706.67
     291.839     0.999512         2499      2048.00
     291.839     0.999561         2499      2275.56
     301.823     0.999609         2500      2560.00
     301.823     1.000000         2500          inf
#[Mean    =       50.499, StdDeviation   =       27.482]
#[Max     =      301.568, Total count    =         2500]
#[Buckets =           27, SubBuckets     =         2048]
-----------------------------------------------------------------------
  2995 requests in 1.00m, 0.89MB read
Requests/sec:     49.91  
Transfer/sec:     15.21KB
