Running 1m test @ http://10.106.127.105/?loopCount=25&base=6&exp=6
  5 threads and 5 connections

  Thread calibration: mean lat.: 73.751ms, rate sampling interval: 316ms
  Thread calibration: mean lat.: 88.453ms, rate sampling interval: 339ms
  Thread calibration: mean lat.: 71.732ms, rate sampling interval: 321ms
  Thread calibration: mean lat.: 80.828ms, rate sampling interval: 311ms
  Thread calibration: mean lat.: 67.806ms, rate sampling interval: 302ms

-----------------------------------------------------------------------
Test Results @ http://10.106.127.105/?loopCount=25&base=6&exp=6 
  Thread Stats   Avg      Stdev     99%   +/- Stdev
    Latency    48.08ms   18.91ms 150.27ms   85.48%
    Req/Sec     9.36      1.46    13.00     83.69%
  Latency Distribution (HdrHistogram - Recorded Latency)
 50.000%   41.89ms
 75.000%   43.36ms
 90.000%   70.08ms
 99.000%  150.27ms
 99.900%  183.17ms
 99.990%  248.83ms
 99.999%  248.83ms
100.000%  248.83ms

  Detailed Percentile spectrum:
       Value   Percentile   TotalCount 1/(1-Percentile)

      21.695     0.000000            1         1.00
      39.231     0.100000          252         1.11
      40.735     0.200000          519         1.25
      41.151     0.300000          760         1.43
      41.503     0.400000         1011         1.67
      41.887     0.500000         1256         2.00
      42.111     0.550000         1388         2.22
      42.303     0.600000         1511         2.50
      42.527     0.650000         1625         2.86
      42.815     0.700000         1752         3.33
      43.359     0.750000         1876         4.00
      44.255     0.775000         1938         4.44
      47.871     0.800000         2000         5.00
      60.479     0.825000         2063         5.71
      65.151     0.850000         2125         6.67
      66.495     0.875000         2188         8.00
      68.607     0.887500         2219         8.89
      70.079     0.900000         2250        10.00
      72.959     0.912500         2284        11.43
      74.239     0.925000         2313        13.33
      77.119     0.937500         2344        16.00
      78.719     0.943750         2360        17.78
      81.023     0.950000         2375        20.00
      81.727     0.956250         2391        22.86
      83.967     0.962500         2407        26.67
      86.463     0.968750         2422        32.00
      90.687     0.971875         2430        35.56
      92.031     0.975000         2438        40.00
      95.999     0.978125         2446        45.71
      99.519     0.981250         2454        53.33
     104.575     0.984375         2461        64.00
     119.167     0.985938         2465        71.11
     149.119     0.987500         2470        80.00
     149.375     0.989062         2473        91.43
     151.039     0.990625         2477       106.67
     153.855     0.992188         2482       128.00
     155.391     0.992969         2483       142.22
     157.567     0.993750         2485       160.00
     159.231     0.994531         2487       182.86
     161.407     0.995313         2489       213.33
     163.711     0.996094         2491       256.00
     164.095     0.996484         2492       284.44
     164.351     0.996875         2493       320.00
     166.527     0.997266         2494       365.71
     171.647     0.997656         2495       426.67
     172.287     0.998047         2496       512.00
     172.287     0.998242         2496       568.89
     179.327     0.998437         2497       640.00
     179.327     0.998633         2497       731.43
     183.167     0.998828         2498       853.33
     183.167     0.999023         2498      1024.00
     183.167     0.999121         2498      1137.78
     189.311     0.999219         2499      1280.00
     189.311     0.999316         2499      1462.86
     189.311     0.999414         2499      1706.67
     189.311     0.999512         2499      2048.00
     189.311     0.999561         2499      2275.56
     248.831     0.999609         2500      2560.00
     248.831     1.000000         2500          inf
#[Mean    =       48.078, StdDeviation   =       18.909]
#[Max     =      248.704, Total count    =         2500]
#[Buckets =           27, SubBuckets     =         2048]
-----------------------------------------------------------------------
  2995 requests in 1.00m, 0.89MB read
Requests/sec:     49.91  
Transfer/sec:     15.21KB
