Running 1m test @ http://10.106.127.105/?loopCount=25&base=6&exp=6
  5 threads and 5 connections

  Thread calibration: mean lat.: 67.577ms, rate sampling interval: 229ms
  Thread calibration: mean lat.: 209.165ms, rate sampling interval: 976ms
  Thread calibration: mean lat.: 158.011ms, rate sampling interval: 644ms
  Thread calibration: mean lat.: 149.832ms, rate sampling interval: 634ms
  Thread calibration: mean lat.: 110.373ms, rate sampling interval: 463ms

-----------------------------------------------------------------------
Test Results @ http://10.106.127.105/?loopCount=25&base=6&exp=6 
  Thread Stats   Avg      Stdev     99%   +/- Stdev
    Latency    73.18ms   43.19ms 225.02ms   84.85%
    Req/Sec    14.59      2.32    21.00     91.15%
  Latency Distribution (HdrHistogram - Recorded Latency)
 50.000%   57.50ms
 75.000%   87.81ms
 90.000%  128.96ms
 99.000%  225.02ms
 99.900%  284.93ms
 99.990%  335.36ms
 99.999%  335.36ms
100.000%  335.36ms

  Detailed Percentile spectrum:
       Value   Percentile   TotalCount 1/(1-Percentile)

      21.295     0.000000            1         1.00
      40.255     0.100000          378         1.11
      40.959     0.200000          760         1.25
      42.079     0.300000         1136         1.43
      49.151     0.400000         1501         1.67
      57.503     0.500000         1875         2.00
      63.455     0.550000         2063         2.22
      69.823     0.600000         2251         2.50
      76.351     0.650000         2438         2.86
      82.303     0.700000         2626         3.33
      87.807     0.750000         2813         4.00
      92.799     0.775000         2909         4.44
      98.751     0.800000         3002         5.00
     106.559     0.825000         3096         5.71
     111.871     0.850000         3188         6.67
     119.423     0.875000         3282         8.00
     124.479     0.887500         3329         8.89
     128.959     0.900000         3375        10.00
     137.343     0.912500         3422        11.43
     146.687     0.925000         3469        13.33
     152.831     0.937500         3516        16.00
     160.127     0.943750         3540        17.78
     167.167     0.950000         3563        20.00
     174.975     0.956250         3586        22.86
     182.655     0.962500         3610        26.67
     188.927     0.968750         3633        32.00
     192.767     0.971875         3646        35.56
     198.911     0.975000         3657        40.00
     205.183     0.978125         3668        45.71
     208.895     0.981250         3680        53.33
     214.399     0.984375         3692        64.00
     216.831     0.985938         3698        71.11
     218.879     0.987500         3704        80.00
     223.103     0.989062         3709        91.43
     225.791     0.990625         3715       106.67
     230.271     0.992188         3721       128.00
     233.215     0.992969         3724       142.22
     238.207     0.993750         3727       160.00
     240.639     0.994531         3730       182.86
     245.119     0.995313         3733       213.33
     256.511     0.996094         3736       256.00
     256.895     0.996484         3738       284.44
     258.559     0.996875         3739       320.00
     258.943     0.997266         3740       365.71
     266.239     0.997656         3742       426.67
     282.111     0.998047         3743       512.00
     282.879     0.998242         3744       568.89
     283.391     0.998437         3745       640.00
     283.391     0.998633         3745       731.43
     284.927     0.998828         3746       853.33
     290.815     0.999023         3747      1024.00
     290.815     0.999121         3747      1137.78
     307.455     0.999219         3748      1280.00
     307.455     0.999316         3748      1462.86
     307.455     0.999414         3748      1706.67
     308.735     0.999512         3749      2048.00
     308.735     0.999561         3749      2275.56
     308.735     0.999609         3749      2560.00
     308.735     0.999658         3749      2925.71
     308.735     0.999707         3749      3413.33
     335.359     0.999756         3750      4096.00
     335.359     1.000000         3750          inf
#[Mean    =       73.179, StdDeviation   =       43.194]
#[Max     =      335.104, Total count    =         3750]
#[Buckets =           27, SubBuckets     =         2048]
-----------------------------------------------------------------------
  4495 requests in 1.00m, 1.34MB read
Requests/sec:     74.91  
Transfer/sec:     22.83KB
