Running 1m test @ http://10.111.78.179/?loopCount=25&base=6&exp=6
  1 threads and 1 connections

  Thread calibration: mean lat.: 88.133ms, rate sampling interval: 255ms

-----------------------------------------------------------------------
Test Results @ http://10.111.78.179/?loopCount=25&base=6&exp=6 
  Thread Stats   Avg      Stdev     99%   +/- Stdev
    Latency   215.17ms   80.94ms 375.30ms   58.60%
    Req/Sec    24.39      1.95    27.00     99.49%
  Latency Distribution (HdrHistogram - Recorded Latency)
 50.000%  201.85ms
 75.000%  283.65ms
 90.000%  332.29ms
 99.000%  375.30ms
 99.900%  379.14ms
 99.990%  379.90ms
 99.999%  379.90ms
100.000%  379.90ms

  Detailed Percentile spectrum:
       Value   Percentile   TotalCount 1/(1-Percentile)

      84.351     0.000000            1         1.00
     111.807     0.100000          125         1.11
     131.327     0.200000          249         1.25
     157.055     0.300000          374         1.43
     177.791     0.400000          498         1.67
     201.855     0.500000          622         2.00
     219.263     0.550000          685         2.22
     229.759     0.600000          747         2.50
     259.327     0.650000          809         2.86
     275.455     0.700000          871         3.33
     283.647     0.750000          933         4.00
     292.351     0.775000          965         4.44
     297.471     0.800000          996         5.00
     303.615     0.825000         1027         5.71
     312.831     0.850000         1058         6.67
     324.095     0.875000         1089         8.00
     328.447     0.887500         1105         8.89
     332.287     0.900000         1120        10.00
     335.615     0.912500         1136        11.43
     339.967     0.925000         1152        13.33
     343.551     0.937500         1169        16.00
     345.855     0.943750         1175        17.78
     347.647     0.950000         1182        20.00
     352.767     0.956250         1190        22.86
     358.399     0.962500         1198        26.67
     362.495     0.968750         1206        32.00
     364.031     0.971875         1210        35.56
     365.311     0.975000         1213        40.00
     367.615     0.978125         1218        45.71
     368.383     0.981250         1221        53.33
     372.223     0.984375         1225        64.00
     374.015     0.985938         1229        71.11
     374.015     0.987500         1229        80.00
     375.039     0.989062         1231        91.43
     375.295     0.990625         1233       106.67
     376.319     0.992188         1235       128.00
     377.343     0.992969         1237       142.22
     377.343     0.993750         1237       160.00
     377.855     0.994531         1238       182.86
     378.111     0.995313         1239       213.33
     378.879     0.996094         1242       256.00
     378.879     0.996484         1242       284.44
     378.879     0.996875         1242       320.00
     378.879     0.997266         1242       365.71
     378.879     0.997656         1242       426.67
     378.879     0.998047         1242       512.00
     378.879     0.998242         1242       568.89
     379.135     0.998437         1243       640.00
     379.135     0.998633         1243       731.43
     379.135     0.998828         1243       853.33
     379.135     0.999023         1243      1024.00
     379.135     0.999121         1243      1137.78
     379.903     0.999219         1244      1280.00
     379.903     1.000000         1244          inf
#[Mean    =      215.166, StdDeviation   =       80.941]
#[Max     =      379.648, Total count    =         1244]
#[Buckets =           27, SubBuckets     =         2048]
-----------------------------------------------------------------------
  1490 requests in 1.00m, 453.98KB read
Requests/sec:     24.83  
Transfer/sec:      7.57KB
