Running 1m test @ http://10.102.207.185/?loopCount=25&base=6&exp=6
  5 threads and 5 connections

  Thread calibration: mean lat.: 288.507ms, rate sampling interval: 934ms
  Thread calibration: mean lat.: 345.979ms, rate sampling interval: 982ms
  Thread calibration: mean lat.: 308.077ms, rate sampling interval: 871ms
  Thread calibration: mean lat.: 147.658ms, rate sampling interval: 428ms
  Thread calibration: mean lat.: 192.516ms, rate sampling interval: 556ms

-----------------------------------------------------------------------
Test Results @ http://10.102.207.185/?loopCount=25&base=6&exp=6 
  Thread Stats   Avg      Stdev     99%   +/- Stdev
    Latency   842.16ms  440.38ms   2.07s    70.21%
    Req/Sec     9.34      1.53    14.00     93.15%
  Latency Distribution (HdrHistogram - Recorded Latency)
 50.000%  801.28ms
 75.000%    1.08s 
 90.000%    1.36s 
 99.000%    2.07s 
 99.900%    2.33s 
 99.990%    2.34s 
 99.999%    2.34s 
100.000%    2.34s 

  Detailed Percentile spectrum:
       Value   Percentile   TotalCount 1/(1-Percentile)

      74.815     0.000000            1         1.00
     284.671     0.100000          246         1.11
     464.639     0.200000          489         1.25
     573.439     0.300000          734         1.43
     685.055     0.400000          978         1.67
     801.279     0.500000         1222         2.00
     875.007     0.550000         1347         2.22
     902.143     0.600000         1467         2.50
     975.871     0.650000         1589         2.86
    1055.743     0.700000         1711         3.33
    1084.415     0.750000         1835         4.00
    1129.471     0.775000         1896         4.44
    1169.407     0.800000         1961         5.00
    1184.767     0.825000         2021         5.71
    1259.519     0.850000         2080         6.67
    1285.119     0.875000         2141         8.00
    1332.223     0.887500         2170         8.89
    1360.895     0.900000         2203        10.00
    1370.111     0.912500         2231        11.43
    1389.567     0.925000         2262        13.33
    1471.487     0.937500         2293        16.00
    1673.215     0.943750         2307        17.78
    1829.887     0.950000         2322        20.00
    1890.303     0.956250         2338        22.86
    1963.007     0.962500         2354        26.67
    1974.271     0.968750         2368        32.00
    1978.367     0.971875         2376        35.56
    1986.559     0.975000         2386        40.00
    1989.631     0.978125         2391        45.71
    1994.751     0.981250         2399        53.33
    2062.335     0.984375         2407        64.00
    2064.383     0.985938         2410        71.11
    2067.455     0.987500         2415        80.00
    2070.527     0.989062         2418        91.43
    2079.743     0.990625         2422       106.67
    2081.791     0.992188         2425       128.00
    2085.887     0.992969         2427       142.22
    2093.055     0.993750         2429       160.00
    2179.071     0.994531         2431       182.86
    2195.455     0.995313         2433       213.33
    2238.463     0.996094         2435       256.00
    2246.655     0.996484         2436       284.44
    2252.799     0.996875         2437       320.00
    2260.991     0.997266         2439       365.71
    2260.991     0.997656         2439       426.67
    2320.383     0.998047         2440       512.00
    2320.383     0.998242         2440       568.89
    2328.575     0.998437         2441       640.00
    2328.575     0.998633         2441       731.43
    2330.623     0.998828         2442       853.33
    2330.623     0.999023         2442      1024.00
    2330.623     0.999121         2442      1137.78
    2334.719     0.999219         2443      1280.00
    2334.719     0.999316         2443      1462.86
    2334.719     0.999414         2443      1706.67
    2334.719     0.999512         2443      2048.00
    2334.719     0.999561         2443      2275.56
    2342.911     0.999609         2444      2560.00
    2342.911     1.000000         2444          inf
#[Mean    =      842.156, StdDeviation   =      440.378]
#[Max     =     2340.864, Total count    =         2444]
#[Buckets =           27, SubBuckets     =         2048]
-----------------------------------------------------------------------
  2929 requests in 1.00m, 0.87MB read
Requests/sec:     48.81  
Transfer/sec:     14.89KB
