Running 1m test @ http://10.100.134.99/?loopCount=25&base=6&exp=6
  1 threads and 1 connections

  Thread calibration: mean lat.: 2650.140ms, rate sampling interval: 7995ms

-----------------------------------------------------------------------
Test Results @ http://10.100.134.99/?loopCount=25&base=6&exp=6 
  Thread Stats   Avg      Stdev     99%   +/- Stdev
    Latency    11.74s     3.43s   16.81s    63.58%
    Req/Sec    18.17      1.21    19.00    100.00%
  Latency Distribution (HdrHistogram - Recorded Latency)
 50.000%   12.15s 
 75.000%   14.74s 
 90.000%   16.11s 
 99.000%   16.81s 
 99.900%   16.81s 
 99.990%   16.81s 
 99.999%   16.81s 
100.000%   16.81s 

  Detailed Percentile spectrum:
       Value   Percentile   TotalCount 1/(1-Percentile)

    4788.223     0.000000            1         1.00
    6234.111     0.100000           95         1.11
    8404.991     0.200000          190         1.25
   10002.431     0.300000          285         1.43
   11403.263     0.400000          381         1.67
   12148.735     0.500000          477         2.00
   12591.103     0.550000          523         2.22
   12935.167     0.600000          575         2.50
   13557.759     0.650000          619         2.86
   14237.695     0.700000          668         3.33
   14737.407     0.750000          718         4.00
   14917.631     0.775000          743         4.44
   14991.359     0.800000          765         5.00
   15073.279     0.825000          784         5.71
   15654.911     0.850000          808         6.67
   15753.215     0.875000          832         8.00
   16097.279     0.887500          845         8.89
   16113.663     0.900000          858        10.00
   16179.199     0.912500          874        11.43
   16195.583     0.925000          879        13.33
   16506.879     0.937500          891        16.00
   16580.607     0.943750          903        17.78
   16580.607     0.950000          903        20.00
   16711.679     0.956250          913        22.86
   16719.871     0.962500          915        26.67
   16793.599     0.968750          938        32.00
   16793.599     0.971875          938        35.56
   16793.599     0.975000          938        40.00
   16793.599     0.978125          938        45.71
   16793.599     0.981250          938        53.33
   16793.599     0.984375          938        64.00
   16793.599     0.985938          938        71.11
   16809.983     0.987500          950        80.00
   16809.983     1.000000          950          inf
#[Mean    =    11744.202, StdDeviation   =     3432.754]
#[Max     =    16793.600, Total count    =          950]
#[Buckets =           27, SubBuckets     =         2048]
-----------------------------------------------------------------------
  1080 requests in 1.00m, 329.12KB read
Requests/sec:     18.00  
Transfer/sec:      5.48KB
