Running 1m test @ http://10.102.244.59/?loopCount=25&base=6&exp=6
  5 threads and 5 connections

  Thread calibration: mean lat.: 220.845ms, rate sampling interval: 757ms
  Thread calibration: mean lat.: 117.775ms, rate sampling interval: 423ms
  Thread calibration: mean lat.: 244.066ms, rate sampling interval: 728ms
  Thread calibration: mean lat.: 361.297ms, rate sampling interval: 964ms
  Thread calibration: mean lat.: 463.941ms, rate sampling interval: 1406ms

-----------------------------------------------------------------------
Test Results @ http://10.102.244.59/?loopCount=25&base=6&exp=6 
  Thread Stats   Avg      Stdev     99%   +/- Stdev
    Latency    95.29ms   75.58ms 409.09ms   87.53%
    Req/Sec    14.57      1.64    19.00     89.64%
  Latency Distribution (HdrHistogram - Recorded Latency)
 50.000%   70.21ms
 75.000%  117.95ms
 90.000%  188.29ms
 99.000%  409.09ms
 99.900%  665.60ms
 99.990%  705.02ms
 99.999%  705.02ms
100.000%  705.02ms

  Detailed Percentile spectrum:
       Value   Percentile   TotalCount 1/(1-Percentile)

      21.583     0.000000            1         1.00
      40.543     0.100000          389         1.11
      41.343     0.200000          759         1.25
      45.759     0.300000         1131         1.43
      59.487     0.400000         1510         1.67
      70.207     0.500000         1884         2.00
      76.671     0.550000         2073         2.22
      84.287     0.600000         2261         2.50
      93.439     0.650000         2451         2.86
     104.063     0.700000         2638         3.33
     117.951     0.750000         2827         4.00
     126.271     0.775000         2921         4.44
     135.167     0.800000         3015         5.00
     143.999     0.825000         3109         5.71
     157.311     0.850000         3203         6.67
     170.623     0.875000         3298         8.00
     177.535     0.887500         3347         8.89
     188.415     0.900000         3393        10.00
     196.735     0.912500         3439        11.43
     206.207     0.925000         3486        13.33
     217.471     0.937500         3533        16.00
     224.511     0.943750         3558        17.78
     232.703     0.950000         3580        20.00
     238.591     0.956250         3604        22.86
     243.711     0.962500         3627        26.67
     260.479     0.968750         3651        32.00
     270.591     0.971875         3663        35.56
     276.479     0.975000         3674        40.00
     290.815     0.978125         3686        45.71
     305.407     0.981250         3698        53.33
     339.711     0.984375         3710        64.00
     349.951     0.985938         3716        71.11
     359.935     0.987500         3721        80.00
     377.599     0.989062         3727        91.43
     462.591     0.990625         3733       106.67
     481.279     0.992188         3739       128.00
     490.495     0.992969         3742       142.22
     493.823     0.993750         3745       160.00
     505.087     0.994531         3748       182.86
     507.391     0.995313         3751       213.33
     517.887     0.996094         3754       256.00
     520.447     0.996484         3755       284.44
     523.775     0.996875         3757       320.00
     536.575     0.997266         3758       365.71
     570.367     0.997656         3760       426.67
     592.895     0.998047         3761       512.00
     620.543     0.998242         3762       568.89
     650.239     0.998437         3763       640.00
     650.239     0.998633         3763       731.43
     665.599     0.998828         3764       853.33
     670.719     0.999023         3765      1024.00
     670.719     0.999121         3765      1137.78
     673.279     0.999219         3766      1280.00
     673.279     0.999316         3766      1462.86
     673.279     0.999414         3766      1706.67
     674.815     0.999512         3767      2048.00
     674.815     0.999561         3767      2275.56
     674.815     0.999609         3767      2560.00
     674.815     0.999658         3767      2925.71
     674.815     0.999707         3767      3413.33
     705.023     0.999756         3768      4096.00
     705.023     1.000000         3768          inf
#[Mean    =       95.291, StdDeviation   =       75.575]
#[Max     =      704.512, Total count    =         3768]
#[Buckets =           27, SubBuckets     =         2048]
-----------------------------------------------------------------------
  4495 requests in 1.00m, 1.34MB read
Requests/sec:     74.91  
Transfer/sec:     22.83KB
