Running 1m test @ http://10.111.175.232/?loopCount=25&base=6&exp=6
  1 threads and 1 connections

  Thread calibration: mean lat.: 1074.950ms, rate sampling interval: 3704ms

-----------------------------------------------------------------------
Test Results @ http://10.111.175.232/?loopCount=25&base=6&exp=6 
  Thread Stats   Avg      Stdev     99%   +/- Stdev
    Latency     6.23s     2.58s   10.72s    58.25%
    Req/Sec    19.92      1.07    22.00     92.31%
  Latency Distribution (HdrHistogram - Recorded Latency)
 50.000%    5.82s 
 75.000%    8.52s 
 90.000%   10.05s 
 99.000%   10.72s 
 99.900%   10.75s 
 99.990%   10.76s 
 99.999%   10.76s 
100.000%   10.76s 

  Detailed Percentile spectrum:
       Value   Percentile   TotalCount 1/(1-Percentile)

    1993.727     0.000000            2         1.00
    3012.607     0.100000          103         1.11
    3782.655     0.200000          206         1.25
    4485.119     0.300000          310         1.43
    5005.311     0.400000          412         1.67
    5824.511     0.500000          516         2.00
    6254.591     0.550000          572         2.22
    6836.223     0.600000          618         2.50
    7360.511     0.650000          670         2.86
    8146.943     0.700000          721         3.33
    8519.679     0.750000          773         4.00
    8724.479     0.775000          799         4.44
    9035.775     0.800000          824         5.00
    9273.343     0.825000          851         5.71
    9519.103     0.850000          876         6.67
    9871.359     0.875000          903         8.00
    9912.319     0.887500          915         8.89
   10051.583     0.900000          928        10.00
   10239.999     0.912500          941        11.43
   10330.111     0.925000          962        13.33
   10338.303     0.937500          969        16.00
   10371.071     0.943750          973        17.78
   10534.911     0.950000          982        20.00
   10559.487     0.956250          988        22.86
   10592.255     0.962500          996        26.67
   10641.407     0.968750         1003        32.00
   10641.407     0.971875         1003        35.56
   10665.983     0.975000         1005        40.00
   10682.367     0.978125         1017        45.71
   10682.367     0.981250         1017        53.33
   10682.367     0.984375         1017        64.00
   10682.367     0.985938         1017        71.11
   10690.559     0.987500         1019        80.00
   10690.559     0.989062         1019        91.43
   10731.519     0.990625         1022       106.67
   10731.519     0.992188         1022       128.00
   10747.903     0.992969         1029       142.22
   10747.903     0.993750         1029       160.00
   10747.903     0.994531         1029       182.86
   10747.903     0.995313         1029       213.33
   10747.903     0.996094         1029       256.00
   10747.903     0.996484         1029       284.44
   10747.903     0.996875         1029       320.00
   10747.903     0.997266         1029       365.71
   10747.903     0.997656         1029       426.67
   10747.903     0.998047         1029       512.00
   10747.903     0.998242         1029       568.89
   10747.903     0.998437         1029       640.00
   10747.903     0.998633         1029       731.43
   10747.903     0.998828         1029       853.33
   10747.903     0.999023         1029      1024.00
   10756.095     0.999121         1030      1137.78
   10756.095     1.000000         1030          inf
#[Mean    =     6228.142, StdDeviation   =     2578.601]
#[Max     =    10747.904, Total count    =         1030]
#[Buckets =           27, SubBuckets     =         2048]
-----------------------------------------------------------------------
  1231 requests in 1.00m, 375.08KB read
Requests/sec:     20.51  
Transfer/sec:      6.25KB
