Running 1m test @ http://10.97.218.196/?loopCount=25&base=6&exp=6
  1 threads and 1 connections

  Thread calibration: mean lat.: 995.044ms, rate sampling interval: 3239ms

-----------------------------------------------------------------------
Test Results @ http://10.97.218.196/?loopCount=25&base=6&exp=6 
  Thread Stats   Avg      Stdev     99%   +/- Stdev
    Latency     5.70s     1.83s    8.36s    60.33%
    Req/Sec    21.20      1.60    24.00     80.00%
  Latency Distribution (HdrHistogram - Recorded Latency)
 50.000%    5.93s 
 75.000%    7.31s 
 90.000%    7.79s 
 99.000%    8.36s 
 99.900%    8.46s 
 99.990%    8.46s 
 99.999%    8.46s 
100.000%    8.46s 

  Detailed Percentile spectrum:
       Value   Percentile   TotalCount 1/(1-Percentile)

    1827.839     0.000000            2         1.00
    2924.543     0.100000          109         1.11
    3749.887     0.200000          217         1.25
    4939.775     0.300000          329         1.43
    5332.991     0.400000          434         1.67
    5931.007     0.500000          543         2.00
    6234.111     0.550000          603         2.22
    6770.687     0.600000          651         2.50
    7077.887     0.650000          705         2.86
    7143.423     0.700000          759         3.33
    7311.359     0.750000          815         4.00
    7454.719     0.775000          858         4.44
    7462.911     0.800000          874         5.00
    7507.967     0.825000          895         5.71
    7581.695     0.850000          922         6.67
    7667.711     0.875000          951         8.00
    7745.535     0.887500          964         8.89
    7786.495     0.900000          976        10.00
    7819.263     0.912500          990        11.43
    7852.031     0.925000         1006        13.33
    7860.223     0.937500         1019        16.00
    7892.991     0.943750         1024        17.78
    7962.623     0.950000         1031        20.00
    8228.863     0.956250         1040        22.86
    8232.959     0.962500         1045        26.67
    8265.727     0.968750         1053        32.00
    8269.823     0.971875         1062        35.56
    8269.823     0.975000         1062        40.00
    8269.823     0.978125         1062        45.71
    8282.111     0.981250         1064        53.33
    8298.495     0.984375         1070        64.00
    8298.495     0.985938         1070        71.11
    8310.783     0.987500         1071        80.00
    8355.839     0.989062         1073        91.43
    8404.991     0.990625         1074       106.67
    8462.335     0.992188         1084       128.00
    8462.335     1.000000         1084          inf
#[Mean    =     5695.345, StdDeviation   =     1827.470]
#[Max     =     8454.144, Total count    =         1084]
#[Buckets =           27, SubBuckets     =         2048]
-----------------------------------------------------------------------
  1288 requests in 1.00m, 392.45KB read
Requests/sec:     21.47  
Transfer/sec:      6.54KB
