Running 1m test @ http://10.110.188.59/?loopCount=25&base=6&exp=6
  5 threads and 5 connections

  Thread calibration: mean lat.: 333.497ms, rate sampling interval: 911ms
  Thread calibration: mean lat.: 120.820ms, rate sampling interval: 492ms
  Thread calibration: mean lat.: 565.659ms, rate sampling interval: 1400ms
  Thread calibration: mean lat.: 136.337ms, rate sampling interval: 450ms
  Thread calibration: mean lat.: 556.931ms, rate sampling interval: 1488ms

-----------------------------------------------------------------------
Test Results @ http://10.110.188.59/?loopCount=25&base=6&exp=6 
  Thread Stats   Avg      Stdev     99%   +/- Stdev
    Latency   112.28ms  107.25ms 547.84ms   89.42%
    Req/Sec    14.69      1.88    20.00     90.12%
  Latency Distribution (HdrHistogram - Recorded Latency)
 50.000%   75.14ms
 75.000%  125.25ms
 90.000%  231.04ms
 99.000%  547.84ms
 99.900%  717.82ms
 99.990%  759.81ms
 99.999%  759.81ms
100.000%  759.81ms

  Detailed Percentile spectrum:
       Value   Percentile   TotalCount 1/(1-Percentile)

      21.503     0.000000            1         1.00
      40.767     0.100000          379         1.11
      42.399     0.200000          757         1.25
      50.335     0.300000         1132         1.43
      62.399     0.400000         1511         1.67
      75.135     0.500000         1887         2.00
      81.855     0.550000         2077         2.22
      89.151     0.600000         2264         2.50
     100.735     0.650000         2453         2.86
     112.767     0.700000         2642         3.33
     125.247     0.750000         2830         4.00
     132.863     0.775000         2926         4.44
     144.767     0.800000         3019         5.00
     155.391     0.825000         3113         5.71
     174.335     0.850000         3208         6.67
     195.839     0.875000         3302         8.00
     214.015     0.887500         3350         8.89
     231.039     0.900000         3397        10.00
     254.719     0.912500         3444        11.43
     284.159     0.925000         3491        13.33
     325.887     0.937500         3538        16.00
     352.255     0.943750         3561        17.78
     370.175     0.950000         3585        20.00
     385.535     0.956250         3609        22.86
     407.807     0.962500         3632        26.67
     423.679     0.968750         3656        32.00
     442.879     0.971875         3667        35.56
     458.495     0.975000         3679        40.00
     469.759     0.978125         3691        45.71
     482.303     0.981250         3703        53.33
     504.575     0.984375         3715        64.00
     511.487     0.985938         3720        71.11
     535.039     0.987500         3726        80.00
     541.695     0.989062         3732        91.43
     563.199     0.990625         3739       106.67
     585.215     0.992188         3744       128.00
     589.823     0.992969         3748       142.22
     595.967     0.993750         3750       160.00
     617.471     0.994531         3753       182.86
     638.463     0.995313         3756       213.33
     651.775     0.996094         3759       256.00
     657.919     0.996484         3760       284.44
     664.063     0.996875         3762       320.00
     665.087     0.997266         3763       365.71
     686.591     0.997656         3765       426.67
     691.711     0.998047         3766       512.00
     701.439     0.998242         3767       568.89
     706.559     0.998437         3768       640.00
     706.559     0.998633         3768       731.43
     717.823     0.998828         3769       853.33
     726.527     0.999023         3770      1024.00
     726.527     0.999121         3770      1137.78
     733.695     0.999219         3771      1280.00
     733.695     0.999316         3771      1462.86
     733.695     0.999414         3771      1706.67
     752.639     0.999512         3772      2048.00
     752.639     0.999561         3772      2275.56
     752.639     0.999609         3772      2560.00
     752.639     0.999658         3772      2925.71
     752.639     0.999707         3772      3413.33
     759.807     0.999756         3773      4096.00
     759.807     1.000000         3773          inf
#[Mean    =      112.285, StdDeviation   =      107.254]
#[Max     =      759.296, Total count    =         3773]
#[Buckets =           27, SubBuckets     =         2048]
-----------------------------------------------------------------------
  4475 requests in 1.00m, 1.33MB read
Requests/sec:     74.58  
Transfer/sec:     22.73KB
