Running 1m test @ http://10.111.78.179/?loopCount=25&base=6&exp=6
  5 threads and 5 connections

  Thread calibration: mean lat.: 90.685ms, rate sampling interval: 378ms
  Thread calibration: mean lat.: 81.234ms, rate sampling interval: 320ms
  Thread calibration: mean lat.: 72.338ms, rate sampling interval: 196ms
  Thread calibration: mean lat.: 77.557ms, rate sampling interval: 324ms
  Thread calibration: mean lat.: 80.150ms, rate sampling interval: 319ms

-----------------------------------------------------------------------
Test Results @ http://10.111.78.179/?loopCount=25&base=6&exp=6 
  Thread Stats   Avg      Stdev     99%   +/- Stdev
    Latency    70.70ms   36.91ms 191.23ms   86.44%
    Req/Sec     9.64      1.73    15.00     91.55%
  Latency Distribution (HdrHistogram - Recorded Latency)
 50.000%   65.92ms
 75.000%   80.96ms
 90.000%   96.00ms
 99.000%  191.23ms
 99.900%  294.40ms
 99.990%  298.24ms
 99.999%  298.24ms
100.000%  298.24ms

  Detailed Percentile spectrum:
       Value   Percentile   TotalCount 1/(1-Percentile)

      21.551     0.000000            1         1.00
      38.047     0.100000          252         1.11
      41.407     0.200000          504         1.25
      56.223     0.300000          750         1.43
      60.895     0.400000         1003         1.67
      65.919     0.500000         1254         2.00
      68.799     0.550000         1379         2.22
      70.591     0.600000         1500         2.50
      73.727     0.650000         1627         2.86
      77.183     0.700000         1750         3.33
      80.959     0.750000         1875         4.00
      82.239     0.775000         1940         4.44
      84.543     0.800000         2000         5.00
      86.015     0.825000         2064         5.71
      89.151     0.850000         2125         6.67
      91.967     0.875000         2188         8.00
      93.823     0.887500         2220         8.89
      95.999     0.900000         2250        10.00
      99.135     0.912500         2282        11.43
     111.423     0.925000         2313        13.33
     158.847     0.937500         2346        16.00
     160.511     0.943750         2361        17.78
     162.815     0.950000         2376        20.00
     165.247     0.956250         2391        22.86
     167.935     0.962500         2407        26.67
     169.215     0.968750         2422        32.00
     170.623     0.971875         2430        35.56
     173.183     0.975000         2439        40.00
     175.615     0.978125         2446        45.71
     177.279     0.981250         2454        53.33
     181.247     0.984375         2461        64.00
     183.039     0.985938         2465        71.11
     188.799     0.987500         2469        80.00
     190.463     0.989062         2473        91.43
     191.743     0.990625         2477       106.67
     198.783     0.992188         2481       128.00
     257.151     0.992969         2483       142.22
     257.535     0.993750         2485       160.00
     259.967     0.994531         2487       182.86
     262.655     0.995313         2489       213.33
     264.959     0.996094         2491       256.00
     267.007     0.996484         2492       284.44
     267.263     0.996875         2493       320.00
     269.567     0.997266         2494       365.71
     271.359     0.997656         2495       426.67
     272.127     0.998047         2496       512.00
     272.127     0.998242         2496       568.89
     274.943     0.998437         2497       640.00
     274.943     0.998633         2497       731.43
     294.399     0.998828         2498       853.33
     294.399     0.999023         2498      1024.00
     294.399     0.999121         2498      1137.78
     295.167     0.999219         2499      1280.00
     295.167     0.999316         2499      1462.86
     295.167     0.999414         2499      1706.67
     295.167     0.999512         2499      2048.00
     295.167     0.999561         2499      2275.56
     298.239     0.999609         2500      2560.00
     298.239     1.000000         2500          inf
#[Mean    =       70.697, StdDeviation   =       36.909]
#[Max     =      297.984, Total count    =         2500]
#[Buckets =           27, SubBuckets     =         2048]
-----------------------------------------------------------------------
  2995 requests in 1.00m, 0.89MB read
Requests/sec:     49.91  
Transfer/sec:     15.21KB
