Running 1m test @ http://10.108.10.66/?loopCount=25&base=6&exp=6
  5 threads and 5 connections

  Thread calibration: mean lat.: 1925.786ms, rate sampling interval: 6909ms
  Thread calibration: mean lat.: 1258.392ms, rate sampling interval: 3913ms
  Thread calibration: mean lat.: 1861.937ms, rate sampling interval: 4956ms
  Thread calibration: mean lat.: 2005.380ms, rate sampling interval: 7454ms
  Thread calibration: mean lat.: 1653.833ms, rate sampling interval: 6594ms

-----------------------------------------------------------------------
Test Results @ http://10.108.10.66/?loopCount=25&base=6&exp=6 
  Thread Stats   Avg      Stdev     99%   +/- Stdev
    Latency    11.05s     4.94s   21.04s    64.17%
    Req/Sec     9.88      1.16    13.00     95.24%
  Latency Distribution (HdrHistogram - Recorded Latency)
 50.000%   10.89s 
 75.000%   14.61s 
 90.000%   18.51s 
 99.000%   21.04s 
 99.900%   21.32s 
 99.990%   21.33s 
 99.999%   21.33s 
100.000%   21.33s 

  Detailed Percentile spectrum:
       Value   Percentile   TotalCount 1/(1-Percentile)

    1574.911     0.000000            1         1.00
    4812.799     0.100000          258         1.11
    6488.063     0.200000          515         1.25
    7725.055     0.300000          773         1.43
    9175.039     0.400000         1031         1.67
   10887.167     0.500000         1288         2.00
   11542.527     0.550000         1416         2.22
   12206.079     0.600000         1544         2.50
   12935.167     0.650000         1673         2.86
   13713.407     0.700000         1802         3.33
   14614.527     0.750000         1930         4.00
   15106.047     0.775000         1995         4.44
   15630.335     0.800000         2059         5.00
   16162.815     0.825000         2123         5.71
   16973.823     0.850000         2188         6.67
   17629.183     0.875000         2252         8.00
   18087.935     0.887500         2285         8.89
   18513.919     0.900000         2317        10.00
   18939.903     0.912500         2349        11.43
   19251.199     0.925000         2381        13.33
   19595.263     0.937500         2414        16.00
   19693.567     0.943750         2432        17.78
   19824.639     0.950000         2445        20.00
   20037.631     0.956250         2462        22.86
   20152.319     0.962500         2478        26.67
   20283.391     0.968750         2493        32.00
   20381.695     0.971875         2501        35.56
   20463.615     0.975000         2510        40.00
   20529.151     0.978125         2517        45.71
   20725.759     0.981250         2525        53.33
   20840.447     0.984375         2533        64.00
   20873.215     0.985938         2537        71.11
   20955.135     0.987500         2541        80.00
   21004.287     0.989062         2545        91.43
   21037.055     0.990625         2551       106.67
   21069.823     0.992188         2553       128.00
   21086.207     0.992969         2555       142.22
   21118.975     0.993750         2558       160.00
   21151.743     0.994531         2559       182.86
   21217.279     0.995313         2561       213.33
   21250.047     0.996094         2563       256.00
   21266.431     0.996484         2564       284.44
   21282.815     0.996875         2565       320.00
   21299.199     0.997266         2569       365.71
   21299.199     0.997656         2569       426.67
   21299.199     0.998047         2569       512.00
   21299.199     0.998242         2569       568.89
   21299.199     0.998437         2569       640.00
   21315.583     0.998633         2570       731.43
   21315.583     0.998828         2570       853.33
   21331.967     0.999023         2573      1024.00
   21331.967     1.000000         2573          inf
#[Mean    =    11052.746, StdDeviation   =     4935.540]
#[Max     =    21315.584, Total count    =         2573]
#[Buckets =           27, SubBuckets     =         2048]
-----------------------------------------------------------------------
  3077 requests in 1.00m, 0.92MB read
Requests/sec:     51.28  
Transfer/sec:     15.64KB
