Running 1m test @ http://10.102.255.30/?loopCount=25&base=6&exp=6
  5 threads and 5 connections

  Thread calibration: mean lat.: 47.692ms, rate sampling interval: 128ms
  Thread calibration: mean lat.: 47.817ms, rate sampling interval: 127ms
  Thread calibration: mean lat.: 50.160ms, rate sampling interval: 148ms
  Thread calibration: mean lat.: 50.154ms, rate sampling interval: 132ms
  Thread calibration: mean lat.: 47.364ms, rate sampling interval: 131ms

-----------------------------------------------------------------------
Test Results @ http://10.102.255.30/?loopCount=25&base=6&exp=6 
  Thread Stats   Avg      Stdev     99%   +/- Stdev
    Latency    45.27ms   12.53ms  83.65ms   77.88%
    Req/Sec     9.38      3.71    15.00     74.56%
  Latency Distribution (HdrHistogram - Recorded Latency)
 50.000%   41.76ms
 75.000%   43.10ms
 90.000%   65.73ms
 99.000%   83.65ms
 99.900%  125.06ms
 99.990%  129.09ms
 99.999%  129.09ms
100.000%  129.09ms

  Detailed Percentile spectrum:
       Value   Percentile   TotalCount 1/(1-Percentile)

      21.471     0.000000            1         1.00
      37.919     0.100000          250         1.11
      40.415     0.200000          500         1.25
      40.831     0.300000          762         1.43
      41.279     0.400000         1005         1.67
      41.759     0.500000         1255         2.00
      41.983     0.550000         1390         2.22
      42.207     0.600000         1502         2.50
      42.463     0.650000         1639         2.86
      42.719     0.700000         1755         3.33
      43.103     0.750000         1878         4.00
      43.391     0.775000         1940         4.44
      44.031     0.800000         2001         5.00
      48.895     0.825000         2063         5.71
      62.623     0.850000         2125         6.67
      64.831     0.875000         2191         8.00
      65.279     0.887500         2219         8.89
      65.727     0.900000         2255        10.00
      66.367     0.912500         2282        11.43
      67.647     0.925000         2313        13.33
      69.951     0.937500         2344        16.00
      71.167     0.943750         2361        17.78
      72.255     0.950000         2375        20.00
      73.855     0.956250         2391        22.86
      75.711     0.962500         2408        26.67
      77.055     0.968750         2422        32.00
      77.823     0.971875         2430        35.56
      79.295     0.975000         2439        40.00
      80.447     0.978125         2446        45.71
      81.023     0.981250         2454        53.33
      81.919     0.984375         2462        64.00
      82.175     0.985938         2465        71.11
      83.071     0.987500         2470        80.00
      83.327     0.989062         2474        91.43
      85.375     0.990625         2477       106.67
      87.871     0.992188         2481       128.00
      90.559     0.992969         2484       142.22
      90.751     0.993750         2485       160.00
      92.159     0.994531         2487       182.86
      93.119     0.995313         2489       213.33
      94.719     0.996094         2491       256.00
      97.407     0.996484         2492       284.44
      97.727     0.996875         2493       320.00
      98.239     0.997266         2494       365.71
      98.751     0.997656         2495       426.67
      99.583     0.998047         2496       512.00
      99.583     0.998242         2496       568.89
     107.903     0.998437         2497       640.00
     107.903     0.998633         2497       731.43
     125.055     0.998828         2498       853.33
     125.055     0.999023         2498      1024.00
     125.055     0.999121         2498      1137.78
     128.511     0.999219         2499      1280.00
     128.511     0.999316         2499      1462.86
     128.511     0.999414         2499      1706.67
     128.511     0.999512         2499      2048.00
     128.511     0.999561         2499      2275.56
     129.087     0.999609         2500      2560.00
     129.087     1.000000         2500          inf
#[Mean    =       45.275, StdDeviation   =       12.525]
#[Max     =      129.024, Total count    =         2500]
#[Buckets =           27, SubBuckets     =         2048]
-----------------------------------------------------------------------
  2995 requests in 1.00m, 0.89MB read
Requests/sec:     49.91  
Transfer/sec:     15.21KB
