Running 1m test @ http://10.99.199.129/?loopCount=25&base=6&exp=6
  5 threads and 5 connections

  Thread calibration: mean lat.: 56.526ms, rate sampling interval: 180ms
  Thread calibration: mean lat.: 62.836ms, rate sampling interval: 259ms
  Thread calibration: mean lat.: 48.504ms, rate sampling interval: 156ms
  Thread calibration: mean lat.: 62.712ms, rate sampling interval: 200ms
  Thread calibration: mean lat.: 50.575ms, rate sampling interval: 156ms

-----------------------------------------------------------------------
Test Results @ http://10.99.199.129/?loopCount=25&base=6&exp=6 
  Thread Stats   Avg      Stdev     99%   +/- Stdev
    Latency    44.78ms   12.82ms 100.03ms   88.40%
    Req/Sec     9.58      2.58    15.00     94.11%
  Latency Distribution (HdrHistogram - Recorded Latency)
 50.000%   42.33ms
 75.000%   43.20ms
 90.000%   44.86ms
 99.000%  100.03ms
 99.900%  108.10ms
 99.990%  126.27ms
 99.999%  126.27ms
100.000%  126.27ms

  Detailed Percentile spectrum:
       Value   Percentile   TotalCount 1/(1-Percentile)

      21.791     0.000000            1         1.00
      39.199     0.100000          260         1.11
      40.671     0.200000          509         1.25
      41.439     0.300000          762         1.43
      41.919     0.400000         1008         1.67
      42.335     0.500000         1255         2.00
      42.527     0.550000         1386         2.22
      42.719     0.600000         1525         2.50
      42.879     0.650000         1646         2.86
      43.039     0.700000         1768         3.33
      43.199     0.750000         1884         4.00
      43.295     0.775000         1940         4.44
      43.423     0.800000         2015         5.00
      43.551     0.825000         2077         5.71
      43.679     0.850000         2129         6.67
      43.903     0.875000         2188         8.00
      44.159     0.887500         2221         8.89
      44.863     0.900000         2250        10.00
      47.071     0.912500         2282        11.43
      61.151     0.925000         2313        13.33
      81.535     0.937500         2344        16.00
      82.815     0.943750         2361        17.78
      84.607     0.950000         2375        20.00
      85.631     0.956250         2391        22.86
      86.335     0.962500         2407        26.67
      86.911     0.968750         2422        32.00
      87.487     0.971875         2430        35.56
      88.575     0.975000         2438        40.00
      90.687     0.978125         2446        45.71
      93.055     0.981250         2454        53.33
      93.951     0.984375         2463        64.00
      95.487     0.985938         2465        71.11
      97.215     0.987500         2469        80.00
      98.495     0.989062         2473        91.43
     100.991     0.990625         2477       106.67
     102.591     0.992188         2481       128.00
     103.231     0.992969         2484       142.22
     103.359     0.993750         2485       160.00
     103.551     0.994531         2487       182.86
     103.871     0.995313         2490       213.33
     103.935     0.996094         2491       256.00
     104.127     0.996484         2492       284.44
     106.175     0.996875         2494       320.00
     106.175     0.997266         2494       365.71
     107.263     0.997656         2495       426.67
     107.327     0.998047         2496       512.00
     107.327     0.998242         2496       568.89
     107.583     0.998437         2497       640.00
     107.583     0.998633         2497       731.43
     108.095     0.998828         2498       853.33
     108.095     0.999023         2498      1024.00
     108.095     0.999121         2498      1137.78
     111.999     0.999219         2499      1280.00
     111.999     0.999316         2499      1462.86
     111.999     0.999414         2499      1706.67
     111.999     0.999512         2499      2048.00
     111.999     0.999561         2499      2275.56
     126.271     0.999609         2500      2560.00
     126.271     1.000000         2500          inf
#[Mean    =       44.777, StdDeviation   =       12.824]
#[Max     =      126.208, Total count    =         2500]
#[Buckets =           27, SubBuckets     =         2048]
-----------------------------------------------------------------------
  2995 requests in 1.00m, 0.89MB read
Requests/sec:     49.91  
Transfer/sec:     15.21KB
