Running 1m test @ http://10.97.218.196/?loopCount=25&base=6&exp=6
  5 threads and 5 connections

  Thread calibration: mean lat.: 67.941ms, rate sampling interval: 210ms
  Thread calibration: mean lat.: 72.655ms, rate sampling interval: 237ms
  Thread calibration: mean lat.: 72.316ms, rate sampling interval: 246ms
  Thread calibration: mean lat.: 69.459ms, rate sampling interval: 225ms
  Thread calibration: mean lat.: 64.541ms, rate sampling interval: 199ms

-----------------------------------------------------------------------
Test Results @ http://10.97.218.196/?loopCount=25&base=6&exp=6 
  Thread Stats   Avg      Stdev     99%   +/- Stdev
    Latency     1.34s   894.83ms   3.33s    61.54%
    Req/Sec    13.85      4.54    25.00     73.46%
  Latency Distribution (HdrHistogram - Recorded Latency)
 50.000%    1.30s 
 75.000%    1.97s 
 90.000%    2.56s 
 99.000%    3.33s 
 99.900%    3.42s 
 99.990%    3.46s 
 99.999%    3.46s 
100.000%    3.46s 

  Detailed Percentile spectrum:
       Value   Percentile   TotalCount 1/(1-Percentile)

      26.559     0.000000            1         1.00
     187.135     0.100000          356         1.11
     414.463     0.200000          710         1.25
     645.119     0.300000         1065         1.43
     929.791     0.400000         1419         1.67
    1301.503     0.500000         1775         2.00
    1507.327     0.550000         1951         2.22
    1642.495     0.600000         2129         2.50
    1724.415     0.650000         2307         2.86
    1841.151     0.700000         2485         3.33
    1968.127     0.750000         2661         4.00
    2061.311     0.775000         2750         4.44
    2146.303     0.800000         2838         5.00
    2242.559     0.825000         2927         5.71
    2344.959     0.850000         3015         6.67
    2449.407     0.875000         3105         8.00
    2498.559     0.887500         3152         8.89
    2562.047     0.900000         3193        10.00
    2631.679     0.912500         3237        11.43
    2713.599     0.925000         3282        13.33
    2824.191     0.937500         3328        16.00
    2861.055     0.943750         3348        17.78
    2893.823     0.950000         3370        20.00
    2942.975     0.956250         3392        22.86
    3100.671     0.962500         3414        26.67
    3209.215     0.968750         3437        32.00
    3231.743     0.971875         3448        35.56
    3250.175     0.975000         3460        40.00
    3262.463     0.978125         3470        45.71
    3276.799     0.981250         3482        53.33
    3297.279     0.984375         3492        64.00
    3309.567     0.985938         3501        71.11
    3311.615     0.987500         3504        80.00
    3317.759     0.989062         3509        91.43
    3332.095     0.990625         3515       106.67
    3342.335     0.992188         3522       128.00
    3344.383     0.992969         3523       142.22
    3354.623     0.993750         3525       160.00
    3358.719     0.994531         3528       182.86
    3364.863     0.995313         3531       213.33
    3366.911     0.996094         3534       256.00
    3393.535     0.996484         3536       284.44
    3393.535     0.996875         3536       320.00
    3401.727     0.997266         3538       365.71
    3403.775     0.997656         3539       426.67
    3409.919     0.998047         3541       512.00
    3409.919     0.998242         3541       568.89
    3414.015     0.998437         3542       640.00
    3424.255     0.998633         3543       731.43
    3424.255     0.998828         3543       853.33
    3426.303     0.999023         3544      1024.00
    3426.303     0.999121         3544      1137.78
    3434.495     0.999219         3545      1280.00
    3434.495     0.999316         3545      1462.86
    3434.495     0.999414         3545      1706.67
    3436.543     0.999512         3546      2048.00
    3436.543     0.999561         3546      2275.56
    3436.543     0.999609         3546      2560.00
    3436.543     0.999658         3546      2925.71
    3436.543     0.999707         3546      3413.33
    3461.119     0.999756         3547      4096.00
    3461.119     1.000000         3547          inf
#[Mean    =     1336.973, StdDeviation   =      894.834]
#[Max     =     3459.072, Total count    =         3547]
#[Buckets =           27, SubBuckets     =         2048]
-----------------------------------------------------------------------
  4289 requests in 1.00m, 1.28MB read
Requests/sec:     71.47  
Transfer/sec:     21.79KB
