Running 1m test @ http://10.101.163.15/?loopCount=25&base=6&exp=6
  1 threads and 1 connections

  Thread calibration: mean lat.: 686.134ms, rate sampling interval: 2390ms

-----------------------------------------------------------------------
Test Results @ http://10.101.163.15/?loopCount=25&base=6&exp=6 
  Thread Stats   Avg      Stdev     99%   +/- Stdev
    Latency     5.69s     2.33s    9.13s    55.72%
    Req/Sec    20.60      1.85    23.00     90.00%
  Latency Distribution (HdrHistogram - Recorded Latency)
 50.000%    5.98s 
 75.000%    7.49s 
 90.000%    8.77s 
 99.000%    9.13s 
 99.900%    9.13s 
 99.990%    9.13s 
 99.999%    9.13s 
100.000%    9.13s 

  Detailed Percentile spectrum:
       Value   Percentile   TotalCount 1/(1-Percentile)

    1415.167     0.000000            1         1.00
    2246.655     0.100000          107         1.11
    3057.663     0.200000          212         1.25
    4300.799     0.300000          319         1.43
    5255.167     0.400000          423         1.67
    5976.063     0.500000          531         2.00
    6107.135     0.550000          586         2.22
    6701.055     0.600000          636         2.50
    7000.063     0.650000          690         2.86
    7319.551     0.700000          741         3.33
    7491.583     0.750000          793         4.00
    7888.895     0.775000          820         4.44
    8200.191     0.800000          846         5.00
    8339.455     0.825000          873         5.71
    8478.719     0.850000          899         6.67
    8617.983     0.875000          926         8.00
    8757.247     0.887500          940         8.89
    8773.631     0.900000          952        10.00
    8822.783     0.912500          965        11.43
    8863.743     0.925000          983        13.33
    8962.047     0.937500          993        16.00
    8970.239     0.943750          999        17.78
    8978.431     0.950000         1016        20.00
    8978.431     0.956250         1016        22.86
    8986.623     0.962500         1026        26.67
    8986.623     0.968750         1026        32.00
    9003.007     0.971875         1028        35.56
    9052.159     0.975000         1032        40.00
    9093.119     0.978125         1034        45.71
    9117.695     0.981250         1041        53.33
    9117.695     0.984375         1041        64.00
    9125.887     0.985938         1046        71.11
    9125.887     0.987500         1046        80.00
    9125.887     0.989062         1046        91.43
    9134.079     0.990625         1057       106.67
    9134.079     1.000000         1057          inf
#[Mean    =     5686.519, StdDeviation   =     2329.169]
#[Max     =     9125.888, Total count    =         1057]
#[Buckets =           27, SubBuckets     =         2048]
-----------------------------------------------------------------------
  1271 requests in 1.00m, 387.27KB read
Requests/sec:     21.18  
Transfer/sec:      6.45KB
