Running 1m test @ http://10.103.77.142/?loopCount=25&base=6&exp=6
  5 threads and 5 connections

  Thread calibration: mean lat.: 155.676ms, rate sampling interval: 524ms
  Thread calibration: mean lat.: 369.432ms, rate sampling interval: 1124ms
  Thread calibration: mean lat.: 171.181ms, rate sampling interval: 650ms
  Thread calibration: mean lat.: 220.250ms, rate sampling interval: 742ms
  Thread calibration: mean lat.: 121.090ms, rate sampling interval: 364ms

-----------------------------------------------------------------------
Test Results @ http://10.103.77.142/?loopCount=25&base=6&exp=6 
  Thread Stats   Avg      Stdev     99%   +/- Stdev
    Latency   355.15ms  277.59ms 968.70ms   59.94%
    Req/Sec     9.51      1.77    13.00     87.83%
  Latency Distribution (HdrHistogram - Recorded Latency)
 50.000%  251.13ms
 75.000%  569.85ms
 90.000%  767.49ms
 99.000%  968.70ms
 99.900%    1.05s 
 99.990%    1.08s 
 99.999%    1.08s 
100.000%    1.08s 

  Detailed Percentile spectrum:
       Value   Percentile   TotalCount 1/(1-Percentile)

      43.327     0.000000            1         1.00
      61.215     0.100000          256         1.11
     125.119     0.200000          501         1.25
     141.439     0.300000          752         1.43
     172.671     0.400000         1002         1.67
     251.135     0.500000         1252         2.00
     314.367     0.550000         1378         2.22
     344.831     0.600000         1505         2.50
     427.775     0.650000         1628         2.86
     485.631     0.700000         1753         3.33
     569.855     0.750000         1878         4.00
     636.927     0.775000         1943         4.44
     655.359     0.800000         2004         5.00
     727.039     0.825000         2068         5.71
     736.767     0.850000         2131         6.67
     751.615     0.875000         2192         8.00
     757.759     0.887500         2224         8.89
     767.487     0.900000         2254        10.00
     828.415     0.912500         2287        11.43
     834.559     0.925000         2317        13.33
     846.847     0.937500         2348        16.00
     855.039     0.943750         2366        17.78
     860.671     0.950000         2379        20.00
     880.639     0.956250         2395        22.86
     929.279     0.962500         2411        26.67
     933.375     0.968750         2426        32.00
     937.471     0.971875         2434        35.56
     940.543     0.975000         2442        40.00
     944.639     0.978125         2452        45.71
     948.223     0.981250         2458        53.33
     953.343     0.984375         2465        64.00
     960.511     0.985938         2469        71.11
     961.023     0.987500         2474        80.00
     962.559     0.989062         2477        91.43
     973.823     0.990625         2481       106.67
     991.231     0.992188         2485       128.00
    1027.583     0.992969         2487       142.22
    1029.119     0.993750         2489       160.00
    1034.239     0.994531         2491       182.86
    1037.311     0.995313         2494       213.33
    1038.847     0.996094         2495       256.00
    1039.359     0.996484         2496       284.44
    1042.943     0.996875         2497       320.00
    1043.967     0.997266         2499       365.71
    1043.967     0.997656         2499       426.67
    1046.015     0.998047         2500       512.00
    1046.015     0.998242         2500       568.89
    1050.623     0.998437         2501       640.00
    1050.623     0.998633         2501       731.43
    1052.671     0.998828         2502       853.33
    1052.671     0.999023         2502      1024.00
    1052.671     0.999121         2502      1137.78
    1053.695     0.999219         2503      1280.00
    1053.695     0.999316         2503      1462.86
    1053.695     0.999414         2503      1706.67
    1053.695     0.999512         2503      2048.00
    1053.695     0.999561         2503      2275.56
    1080.319     0.999609         2504      2560.00
    1080.319     1.000000         2504          inf
#[Mean    =      355.152, StdDeviation   =      277.588]
#[Max     =     1079.296, Total count    =         2504]
#[Buckets =           27, SubBuckets     =         2048]
-----------------------------------------------------------------------
  2986 requests in 1.00m, 0.89MB read
Requests/sec:     49.76  
Transfer/sec:     15.18KB
