Running 1m test @ http://10.110.188.59/?loopCount=25&base=6&exp=6
  5 threads and 5 connections

  Thread calibration: mean lat.: 747.106ms, rate sampling interval: 1771ms
  Thread calibration: mean lat.: 439.400ms, rate sampling interval: 1252ms
  Thread calibration: mean lat.: 414.618ms, rate sampling interval: 1349ms
  Thread calibration: mean lat.: 767.108ms, rate sampling interval: 1984ms
  Thread calibration: mean lat.: 454.981ms, rate sampling interval: 1385ms

-----------------------------------------------------------------------
Test Results @ http://10.110.188.59/?loopCount=25&base=6&exp=6 
  Thread Stats   Avg      Stdev     99%   +/- Stdev
    Latency   146.37ms  170.45ms 732.16ms   86.48%
    Req/Sec    14.67      0.88    17.00     94.55%
  Latency Distribution (HdrHistogram - Recorded Latency)
 50.000%   72.83ms
 75.000%  154.11ms
 90.000%  426.49ms
 99.000%  732.16ms
 99.900%  820.22ms
 99.990%  829.95ms
 99.999%  829.95ms
100.000%  829.95ms

  Detailed Percentile spectrum:
       Value   Percentile   TotalCount 1/(1-Percentile)

      21.215     0.000000            1         1.00
      40.575     0.100000          386         1.11
      41.439     0.200000          760         1.25
      46.367     0.300000         1136         1.43
      58.047     0.400000         1515         1.67
      72.831     0.500000         1894         2.00
      80.575     0.550000         2083         2.22
      90.431     0.600000         2273         2.50
     104.319     0.650000         2462         2.86
     124.159     0.700000         2651         3.33
     154.111     0.750000         2840         4.00
     174.335     0.775000         2935         4.44
     197.119     0.800000         3029         5.00
     231.295     0.825000         3124         5.71
     276.991     0.850000         3219         6.67
     353.023     0.875000         3313         8.00
     391.935     0.887500         3361         8.89
     427.007     0.900000         3408        10.00
     454.655     0.912500         3455        11.43
     492.287     0.925000         3503        13.33
     540.159     0.937500         3550        16.00
     560.639     0.943750         3575        17.78
     588.799     0.950000         3597        20.00
     612.351     0.956250         3622        22.86
     634.879     0.962500         3646        26.67
     655.871     0.968750         3668        32.00
     662.015     0.971875         3680        35.56
     675.327     0.975000         3692        40.00
     688.127     0.978125         3704        45.71
     696.831     0.981250         3716        53.33
     706.047     0.984375         3727        64.00
     709.631     0.985938         3733        71.11
     720.895     0.987500         3739        80.00
     728.063     0.989062         3746        91.43
     737.791     0.990625         3751       106.67
     753.151     0.992188         3758       128.00
     754.687     0.992969         3760       142.22
     759.295     0.993750         3763       160.00
     770.559     0.994531         3766       182.86
     777.215     0.995313         3769       213.33
     791.551     0.996094         3772       256.00
     794.623     0.996484         3773       284.44
     797.183     0.996875         3775       320.00
     798.207     0.997266         3776       365.71
     802.815     0.997656         3778       426.67
     803.839     0.998047         3779       512.00
     808.959     0.998242         3780       568.89
     810.495     0.998437         3781       640.00
     810.495     0.998633         3781       731.43
     820.223     0.998828         3782       853.33
     820.735     0.999023         3783      1024.00
     820.735     0.999121         3783      1137.78
     822.783     0.999219         3784      1280.00
     822.783     0.999316         3784      1462.86
     822.783     0.999414         3784      1706.67
     828.415     0.999512         3785      2048.00
     828.415     0.999561         3785      2275.56
     828.415     0.999609         3785      2560.00
     828.415     0.999658         3785      2925.71
     828.415     0.999707         3785      3413.33
     829.951     0.999756         3786      4096.00
     829.951     1.000000         3786          inf
#[Mean    =      146.372, StdDeviation   =      170.451]
#[Max     =      829.440, Total count    =         3786]
#[Buckets =           27, SubBuckets     =         2048]
-----------------------------------------------------------------------
  4495 requests in 1.00m, 1.34MB read
Requests/sec:     74.91  
Transfer/sec:     22.83KB
