Running 1m test @ http://10.103.77.142/?loopCount=25&base=6&exp=6
  5 threads and 5 connections

  Thread calibration: mean lat.: 293.618ms, rate sampling interval: 866ms
  Thread calibration: mean lat.: 171.069ms, rate sampling interval: 634ms
  Thread calibration: mean lat.: 102.328ms, rate sampling interval: 326ms
  Thread calibration: mean lat.: 95.666ms, rate sampling interval: 270ms
  Thread calibration: mean lat.: 164.695ms, rate sampling interval: 649ms

-----------------------------------------------------------------------
Test Results @ http://10.103.77.142/?loopCount=25&base=6&exp=6 
  Thread Stats   Avg      Stdev     99%   +/- Stdev
    Latency   330.04ms  213.34ms 836.09ms   71.91%
    Req/Sec     9.62      2.28    15.00     86.73%
  Latency Distribution (HdrHistogram - Recorded Latency)
 50.000%  315.39ms
 75.000%  436.48ms
 90.000%  656.90ms
 99.000%  836.09ms
 99.900%  933.38ms
 99.990%  936.45ms
 99.999%  936.45ms
100.000%  936.45ms

  Detailed Percentile spectrum:
       Value   Percentile   TotalCount 1/(1-Percentile)

      30.143     0.000000            1         1.00
      58.559     0.100000          249         1.11
     133.887     0.200000          499         1.25
     216.447     0.300000          748         1.43
     236.415     0.400000          997         1.67
     315.391     0.500000         1244         2.00
     326.655     0.550000         1369         2.22
     338.431     0.600000         1494         2.50
     350.975     0.650000         1618         2.86
     423.167     0.700000         1747         3.33
     436.479     0.750000         1866         4.00
     449.791     0.775000         1929         4.44
     520.447     0.800000         1992         5.00
     535.551     0.825000         2056         5.71
     574.975     0.850000         2116         6.67
     635.903     0.875000         2177         8.00
     643.583     0.887500         2210         8.89
     656.895     0.900000         2240        10.00
     718.335     0.912500         2272        11.43
     731.135     0.925000         2302        13.33
     738.303     0.937500         2335        16.00
     744.447     0.943750         2350        17.78
     748.031     0.950000         2364        20.00
     754.687     0.956250         2380        22.86
     768.511     0.962500         2396        26.67
     817.663     0.968750         2411        32.00
     821.759     0.971875         2420        35.56
     823.295     0.975000         2426        40.00
     825.855     0.978125         2436        45.71
     827.391     0.981250         2442        53.33
     828.927     0.984375         2450        64.00
     831.487     0.985938         2455        71.11
     833.023     0.987500         2457        80.00
     835.071     0.989062         2461        91.43
     836.607     0.990625         2465       106.67
     845.823     0.992188         2469       128.00
     856.575     0.992969         2471       142.22
     869.375     0.993750         2473       160.00
     919.551     0.994531         2475       182.86
     921.087     0.995313         2477       213.33
     924.671     0.996094         2479       256.00
     925.183     0.996484         2480       284.44
     928.255     0.996875         2482       320.00
     928.255     0.997266         2482       365.71
     928.767     0.997656         2483       426.67
     929.279     0.998047         2485       512.00
     929.279     0.998242         2485       568.89
     929.279     0.998437         2485       640.00
     929.279     0.998633         2485       731.43
     933.375     0.998828         2486       853.33
     933.375     0.999023         2486      1024.00
     933.375     0.999121         2486      1137.78
     933.887     0.999219         2487      1280.00
     933.887     0.999316         2487      1462.86
     933.887     0.999414         2487      1706.67
     933.887     0.999512         2487      2048.00
     933.887     0.999561         2487      2275.56
     936.447     0.999609         2488      2560.00
     936.447     1.000000         2488          inf
#[Mean    =      330.044, StdDeviation   =      213.336]
#[Max     =      935.936, Total count    =         2488]
#[Buckets =           27, SubBuckets     =         2048]
-----------------------------------------------------------------------
  2978 requests in 1.00m, 0.89MB read
Requests/sec:     49.63  
Transfer/sec:     15.14KB
