Running 1m test @ http://10.97.57.202/?loopCount=25&base=6&exp=6
  5 threads and 5 connections

  Thread calibration: mean lat.: 1046.469ms, rate sampling interval: 3639ms
  Thread calibration: mean lat.: 1257.680ms, rate sampling interval: 3631ms
  Thread calibration: mean lat.: 1040.834ms, rate sampling interval: 2863ms
  Thread calibration: mean lat.: 1233.708ms, rate sampling interval: 3583ms
  Thread calibration: mean lat.: 1226.182ms, rate sampling interval: 4001ms

-----------------------------------------------------------------------
Test Results @ http://10.97.57.202/?loopCount=25&base=6&exp=6 
  Thread Stats   Avg      Stdev     99%   +/- Stdev
    Latency     5.77s     2.14s    9.99s    61.47%
    Req/Sec    12.26      0.85    14.00    100.00%
  Latency Distribution (HdrHistogram - Recorded Latency)
 50.000%    5.86s 
 75.000%    7.50s 
 90.000%    8.63s 
 99.000%    9.99s 
 99.900%   10.13s 
 99.990%   10.16s 
 99.999%   10.16s 
100.000%   10.16s 

  Detailed Percentile spectrum:
       Value   Percentile   TotalCount 1/(1-Percentile)

    1556.479     0.000000            1         1.00
    2815.999     0.100000          320         1.11
    3690.495     0.200000          638         1.25
    4427.775     0.300000          958         1.43
    5083.135     0.400000         1276         1.67
    5857.279     0.500000         1598         2.00
    6143.999     0.550000         1755         2.22
    6422.527     0.600000         1914         2.50
    6795.263     0.650000         2074         2.86
    7000.063     0.700000         2232         3.33
    7503.871     0.750000         2392         4.00
    7700.479     0.775000         2470         4.44
    7876.607     0.800000         2551         5.00
    8036.351     0.825000         2630         5.71
    8167.423     0.850000         2710         6.67
    8314.879     0.875000         2789         8.00
    8495.103     0.887500         2831         8.89
    8626.175     0.900000         2870        10.00
    8732.671     0.912500         2912        11.43
    8921.087     0.925000         2949        13.33
    9166.847     0.937500         2990        16.00
    9289.727     0.943750         3008        17.78
    9338.879     0.950000         3033        20.00
    9420.799     0.956250         3048        22.86
    9486.335     0.962500         3068        26.67
    9601.023     0.968750         3089        32.00
    9650.175     0.971875         3098        35.56
    9756.671     0.975000         3110        40.00
    9789.439     0.978125         3119        45.71
    9846.783     0.981250         3128        53.33
    9895.935     0.984375         3138        64.00
    9920.511     0.985938         3143        71.11
    9961.471     0.987500         3150        80.00
    9986.047     0.989062         3153        91.43
   10002.431     0.990625         3158       106.67
   10018.815     0.992188         3163       128.00
   10027.007     0.992969         3168       142.22
   10027.007     0.993750         3168       160.00
   10035.199     0.994531         3170       182.86
   10059.775     0.995313         3176       213.33
   10059.775     0.996094         3176       256.00
   10059.775     0.996484         3176       284.44
   10067.967     0.996875         3178       320.00
   10076.159     0.997266         3179       365.71
   10084.351     0.997656         3180       426.67
   10100.735     0.998047         3181       512.00
   10117.119     0.998242         3183       568.89
   10117.119     0.998437         3183       640.00
   10117.119     0.998633         3183       731.43
   10133.503     0.998828         3185       853.33
   10133.503     0.999023         3185      1024.00
   10133.503     0.999121         3185      1137.78
   10133.503     0.999219         3185      1280.00
   10133.503     0.999316         3185      1462.86
   10158.079     0.999414         3187      1706.67
   10158.079     1.000000         3187          inf
#[Mean    =     5769.429, StdDeviation   =     2135.259]
#[Max     =    10149.888, Total count    =         3187]
#[Buckets =           27, SubBuckets     =         2048]
-----------------------------------------------------------------------
  3788 requests in 1.00m, 1.13MB read
Requests/sec:     63.13  
Transfer/sec:     19.24KB
