Running 1m test @ http://10.109.115.86/?loopCount=25&base=6&exp=6
  1 threads and 1 connections

  Thread calibration: mean lat.: 2831.504ms, rate sampling interval: 10043ms

-----------------------------------------------------------------------
Test Results @ http://10.109.115.86/?loopCount=25&base=6&exp=6 
  Thread Stats   Avg      Stdev     99%   +/- Stdev
    Latency    19.29s     8.35s   34.34s    58.17%
    Req/Sec    10.25      0.43    11.00    100.00%
  Latency Distribution (HdrHistogram - Recorded Latency)
 50.000%   18.97s 
 75.000%   26.10s 
 90.000%   31.15s 
 99.000%   34.34s 
 99.900%   34.50s 
 99.990%   34.57s 
 99.999%   34.57s 
100.000%   34.57s 

  Detailed Percentile spectrum:
       Value   Percentile   TotalCount 1/(1-Percentile)

    5640.191     0.000000            1         1.00
    8077.311     0.100000           53         1.11
   10625.023     0.200000          106         1.25
   13148.159     0.300000          158         1.43
   16228.351     0.400000          211         1.67
   18972.671     0.500000          263         2.00
   20414.463     0.550000          290         2.22
   21921.791     0.600000          316         2.50
   23592.959     0.650000          343         2.86
   24707.071     0.700000          369         3.33
   26099.711     0.750000          395         4.00
   26755.071     0.775000          408         4.44
   27443.199     0.800000          421         5.00
   28409.855     0.825000          434         5.71
   29589.503     0.850000          448         6.67
   30359.551     0.875000          461         8.00
   30818.303     0.887500          467         8.89
   31211.519     0.900000          474        10.00
   31784.959     0.912500          480        11.43
   32309.247     0.925000          487        13.33
   32653.311     0.937500          494        16.00
   32899.071     0.943750          497        17.78
   33161.215     0.950000          500        20.00
   33374.207     0.956250          503        22.86
   33538.047     0.962500          507        26.67
   33685.503     0.968750          510        32.00
   33816.575     0.971875          512        35.56
   33947.647     0.975000          513        40.00
   34078.719     0.978125          516        45.71
   34144.255     0.981250          517        53.33
   34177.023     0.984375          518        64.00
   34209.791     0.985938          519        71.11
   34275.327     0.987500          520        80.00
   34340.863     0.989062          521        91.43
   34406.399     0.990625          522       106.67
   34406.399     0.992188          522       128.00
   34471.935     0.992969          524       142.22
   34471.935     0.993750          524       160.00
   34471.935     0.994531          524       182.86
   34471.935     0.995313          524       213.33
   34471.935     0.996094          524       256.00
   34504.703     0.996484          525       284.44
   34504.703     0.996875          525       320.00
   34504.703     0.997266          525       365.71
   34504.703     0.997656          525       426.67
   34504.703     0.998047          525       512.00
   34570.239     0.998242          526       568.89
   34570.239     1.000000          526          inf
#[Mean    =    19288.940, StdDeviation   =     8345.287]
#[Max     =    34537.472, Total count    =          526]
#[Buckets =           27, SubBuckets     =         2048]
-----------------------------------------------------------------------
  635 requests in 1.00m, 193.71KB read
Requests/sec:     10.58  
Transfer/sec:      3.23KB
