Running 1m test @ http://10.102.255.30/?loopCount=25&base=6&exp=6
  5 threads and 5 connections

  Thread calibration: mean lat.: 174.309ms, rate sampling interval: 622ms
  Thread calibration: mean lat.: 246.743ms, rate sampling interval: 734ms
  Thread calibration: mean lat.: 376.454ms, rate sampling interval: 1418ms
  Thread calibration: mean lat.: 229.454ms, rate sampling interval: 659ms
  Thread calibration: mean lat.: 283.488ms, rate sampling interval: 1085ms

-----------------------------------------------------------------------
Test Results @ http://10.102.255.30/?loopCount=25&base=6&exp=6 
  Thread Stats   Avg      Stdev     99%   +/- Stdev
    Latency   139.17ms  161.35ms 779.26ms   89.34%
    Req/Sec    14.60      1.49    19.00     89.14%
  Latency Distribution (HdrHistogram - Recorded Latency)
 50.000%   74.62ms
 75.000%  152.70ms
 90.000%  316.67ms
 99.000%  779.26ms
 99.900%  881.15ms
 99.990%  905.22ms
 99.999%  905.22ms
100.000%  905.22ms

  Detailed Percentile spectrum:
       Value   Percentile   TotalCount 1/(1-Percentile)

      21.967     0.000000            1         1.00
      40.863     0.100000          385         1.11
      42.079     0.200000          763         1.25
      47.167     0.300000         1134         1.43
      61.471     0.400000         1513         1.67
      74.623     0.500000         1890         2.00
      81.343     0.550000         2079         2.22
      93.183     0.600000         2268         2.50
     108.287     0.650000         2458         2.86
     128.959     0.700000         2646         3.33
     152.703     0.750000         2835         4.00
     171.135     0.775000         2931         4.44
     187.775     0.800000         3025         5.00
     211.583     0.825000         3119         5.71
     240.767     0.850000         3214         6.67
     270.079     0.875000         3309         8.00
     289.023     0.887500         3355         8.89
     316.671     0.900000         3404        10.00
     364.287     0.912500         3450        11.43
     408.319     0.925000         3500        13.33
     462.079     0.937500         3544        16.00
     521.471     0.943750         3568        17.78
     542.719     0.950000         3591        20.00
     573.951     0.956250         3615        22.86
     614.399     0.962500         3639        26.67
     659.455     0.968750         3662        32.00
     678.911     0.971875         3674        35.56
     701.951     0.975000         3686        40.00
     720.895     0.978125         3698        45.71
     742.399     0.981250         3711        53.33
     752.639     0.984375         3721        64.00
     759.295     0.985938         3727        71.11
     769.023     0.987500         3733        80.00
     777.727     0.989062         3739        91.43
     788.991     0.990625         3745       106.67
     804.863     0.992188         3751       128.00
     809.983     0.992969         3755       142.22
     814.079     0.993750         3757       160.00
     826.367     0.994531         3760       182.86
     840.191     0.995313         3763       213.33
     847.871     0.996094         3766       256.00
     850.431     0.996484         3767       284.44
     861.183     0.996875         3769       320.00
     864.255     0.997266         3770       365.71
     867.327     0.997656         3772       426.67
     870.399     0.998047         3773       512.00
     876.543     0.998242         3774       568.89
     878.079     0.998437         3775       640.00
     878.079     0.998633         3775       731.43
     881.151     0.998828         3776       853.33
     882.175     0.999023         3777      1024.00
     882.175     0.999121         3777      1137.78
     892.415     0.999219         3778      1280.00
     892.415     0.999316         3778      1462.86
     892.415     0.999414         3778      1706.67
     896.511     0.999512         3779      2048.00
     896.511     0.999561         3779      2275.56
     896.511     0.999609         3779      2560.00
     896.511     0.999658         3779      2925.71
     896.511     0.999707         3779      3413.33
     905.215     0.999756         3780      4096.00
     905.215     1.000000         3780          inf
#[Mean    =      139.167, StdDeviation   =      161.347]
#[Max     =      904.704, Total count    =         3780]
#[Buckets =           27, SubBuckets     =         2048]
-----------------------------------------------------------------------
  4495 requests in 1.00m, 1.34MB read
Requests/sec:     74.91  
Transfer/sec:     22.83KB
