Running 1m test @ http://10.111.78.179/?loopCount=25&base=6&exp=6
  5 threads and 5 connections

  Thread calibration: mean lat.: 98.052ms, rate sampling interval: 302ms
  Thread calibration: mean lat.: 108.366ms, rate sampling interval: 450ms
  Thread calibration: mean lat.: 108.117ms, rate sampling interval: 451ms
  Thread calibration: mean lat.: 88.058ms, rate sampling interval: 283ms
  Thread calibration: mean lat.: 83.522ms, rate sampling interval: 281ms

-----------------------------------------------------------------------
Test Results @ http://10.111.78.179/?loopCount=25&base=6&exp=6 
  Thread Stats   Avg      Stdev     99%   +/- Stdev
    Latency   133.02ms   81.41ms 418.82ms   58.16%
    Req/Sec     9.51      2.36    14.00     76.05%
  Latency Distribution (HdrHistogram - Recorded Latency)
 50.000%  126.91ms
 75.000%  150.40ms
 90.000%  236.54ms
 99.000%  418.82ms
 99.900%  443.90ms
 99.990%  462.33ms
 99.999%  462.33ms
100.000%  462.33ms

  Detailed Percentile spectrum:
       Value   Percentile   TotalCount 1/(1-Percentile)

      30.031     0.000000            1         1.00
      46.111     0.100000          250         1.11
      50.911     0.200000          501         1.25
      59.327     0.300000          750         1.43
     119.871     0.400000         1004         1.67
     126.911     0.500000         1253         2.00
     130.751     0.550000         1377         2.22
     134.783     0.600000         1500         2.50
     138.879     0.650000         1625         2.86
     144.383     0.700000         1752         3.33
     150.399     0.750000         1876         4.00
     153.343     0.775000         1938         4.44
     216.575     0.800000         2002         5.00
     220.031     0.825000         2067         5.71
     224.767     0.850000         2126         6.67
     229.247     0.875000         2188         8.00
     232.959     0.887500         2219         8.89
     236.543     0.900000         2251        10.00
     241.023     0.912500         2283        11.43
     244.991     0.925000         2314        13.33
     251.007     0.937500         2344        16.00
     259.071     0.943750         2360        17.78
     317.183     0.950000         2375        20.00
     323.327     0.956250         2392        22.86
     326.143     0.962500         2407        26.67
     333.311     0.968750         2422        32.00
     338.431     0.971875         2430        35.56
     341.503     0.975000         2438        40.00
     345.599     0.978125         2446        45.71
     350.719     0.981250         2454        53.33
     357.375     0.984375         2461        64.00
     416.511     0.985938         2467        71.11
     417.023     0.987500         2470        80.00
     418.303     0.989062         2474        91.43
     420.351     0.990625         2477       106.67
     421.887     0.992188         2481       128.00
     424.191     0.992969         2483       142.22
     425.983     0.993750         2485       160.00
     426.751     0.994531         2487       182.86
     428.543     0.995313         2489       213.33
     430.079     0.996094         2491       256.00
     432.383     0.996484         2492       284.44
     432.639     0.996875         2493       320.00
     434.687     0.997266         2494       365.71
     438.015     0.997656         2495       426.67
     439.295     0.998047         2496       512.00
     439.295     0.998242         2496       568.89
     443.647     0.998437         2497       640.00
     443.647     0.998633         2497       731.43
     443.903     0.998828         2498       853.33
     443.903     0.999023         2498      1024.00
     443.903     0.999121         2498      1137.78
     451.583     0.999219         2499      1280.00
     451.583     0.999316         2499      1462.86
     451.583     0.999414         2499      1706.67
     451.583     0.999512         2499      2048.00
     451.583     0.999561         2499      2275.56
     462.335     0.999609         2500      2560.00
     462.335     1.000000         2500          inf
#[Mean    =      133.021, StdDeviation   =       81.410]
#[Max     =      462.080, Total count    =         2500]
#[Buckets =           27, SubBuckets     =         2048]
-----------------------------------------------------------------------
  2995 requests in 1.00m, 0.89MB read
Requests/sec:     49.91  
Transfer/sec:     15.22KB
