Running 1m test @ http://10.104.225.39/?loopCount=25&base=6&exp=6
  1 threads and 1 connections

  Thread calibration: mean lat.: 1783.300ms, rate sampling interval: 5775ms

-----------------------------------------------------------------------
Test Results @ http://10.104.225.39/?loopCount=25&base=6&exp=6 
  Thread Stats   Avg      Stdev     99%   +/- Stdev
    Latency     7.60s     2.69s   12.41s    57.61%
    Req/Sec    19.62      1.32    22.00     87.50%
  Latency Distribution (HdrHistogram - Recorded Latency)
 50.000%    7.73s 
 75.000%    9.70s 
 90.000%   11.60s 
 99.000%   12.41s 
 99.900%   12.45s 
 99.990%   12.45s 
 99.999%   12.45s 
100.000%   12.45s 

  Detailed Percentile spectrum:
       Value   Percentile   TotalCount 1/(1-Percentile)

    2959.359     0.000000            2         1.00
    4300.799     0.100000          103         1.11
    4780.031     0.200000          204         1.25
    5455.871     0.300000          308         1.43
    6590.463     0.400000          406         1.67
    7725.055     0.500000          511         2.00
    8052.735     0.550000          557         2.22
    8228.863     0.600000          608         2.50
    9011.199     0.650000          661         2.86
    9551.871     0.700000          716         3.33
    9699.327     0.750000          761         4.00
    9854.975     0.775000          791         4.44
    9928.703     0.800000          813         5.00
   10534.911     0.825000          836         5.71
   10739.711     0.850000          862         6.67
   11247.615     0.875000          887         8.00
   11526.143     0.887500          900         8.89
   11599.871     0.900000          911        10.00
   11681.791     0.912500          924        11.43
   11902.975     0.925000          938        13.33
   12050.431     0.937500          953        16.00
   12058.623     0.943750          956        17.78
   12083.199     0.950000          966        20.00
   12165.119     0.956250          969        22.86
   12238.847     0.962500          977        26.67
   12279.807     0.968750          989        32.00
   12279.807     0.971875          989        35.56
   12279.807     0.975000          989        40.00
   12304.383     0.978125          993        45.71
   12328.959     0.981250          995        53.33
   12353.535     0.984375          999        64.00
   12353.535     0.985938          999        71.11
   12402.687     0.987500         1001        80.00
   12402.687     0.989062         1001        91.43
   12419.071     0.990625         1010       106.67
   12419.071     0.992188         1010       128.00
   12419.071     0.992969         1010       142.22
   12419.071     0.993750         1010       160.00
   12419.071     0.994531         1010       182.86
   12419.071     0.995313         1010       213.33
   12419.071     0.996094         1010       256.00
   12419.071     0.996484         1010       284.44
   12419.071     0.996875         1010       320.00
   12419.071     0.997266         1010       365.71
   12419.071     0.997656         1010       426.67
   12451.839     0.998047         1012       512.00
   12451.839     1.000000         1012          inf
#[Mean    =     7599.795, StdDeviation   =     2687.153]
#[Max     =    12443.648, Total count    =         1012]
#[Buckets =           27, SubBuckets     =         2048]
-----------------------------------------------------------------------
  1188 requests in 1.00m, 361.98KB read
Requests/sec:     19.80  
Transfer/sec:      6.03KB
