Running 1m test @ http://10.110.211.94/?loopCount=25&base=6&exp=6
  5 threads and 5 connections

  Thread calibration: mean lat.: 195.578ms, rate sampling interval: 1020ms
  Thread calibration: mean lat.: 187.952ms, rate sampling interval: 671ms
  Thread calibration: mean lat.: 100.397ms, rate sampling interval: 346ms
  Thread calibration: mean lat.: 241.234ms, rate sampling interval: 880ms
  Thread calibration: mean lat.: 87.439ms, rate sampling interval: 284ms

-----------------------------------------------------------------------
Test Results @ http://10.110.211.94/?loopCount=25&base=6&exp=6 
  Thread Stats   Avg      Stdev     99%   +/- Stdev
    Latency   800.94ms  522.39ms   2.67s    63.35%
    Req/Sec    14.03      3.33    21.00     86.55%
  Latency Distribution (HdrHistogram - Recorded Latency)
 50.000%  742.40ms
 75.000%    1.17s 
 90.000%    1.44s 
 99.000%    2.67s 
 99.900%    2.87s 
 99.990%    2.89s 
 99.999%    2.89s 
100.000%    2.89s 

  Detailed Percentile spectrum:
       Value   Percentile   TotalCount 1/(1-Percentile)

      37.631     0.000000            1         1.00
     138.495     0.100000          366         1.11
     258.815     0.200000          732         1.25
     513.535     0.300000         1096         1.43
     623.615     0.400000         1463         1.67
     742.399     0.500000         1827         2.00
     802.303     0.550000         2010         2.22
     876.031     0.600000         2193         2.50
     977.407     0.650000         2375         2.86
    1096.703     0.700000         2559         3.33
    1173.503     0.750000         2742         4.00
    1216.511     0.775000         2832         4.44
    1252.351     0.800000         2923         5.00
    1293.311     0.825000         3014         5.71
    1332.223     0.850000         3106         6.67
    1388.543     0.875000         3197         8.00
    1419.263     0.887500         3243         8.89
    1444.863     0.900000         3289        10.00
    1474.559     0.912500         3334        11.43
    1528.831     0.925000         3381        13.33
    1584.127     0.937500         3425        16.00
    1617.919     0.943750         3451        17.78
    1643.519     0.950000         3474        20.00
    1669.119     0.956250         3494        22.86
    1715.199     0.962500         3517        26.67
    1838.079     0.968750         3539        32.00
    1908.735     0.971875         3553        35.56
    1929.215     0.975000         3562        40.00
    1951.743     0.978125         3574        45.71
    1974.271     0.981250         3585        53.33
    2007.039     0.984375         3596        64.00
    2074.623     0.985938         3602        71.11
    2220.031     0.987500         3609        80.00
    2504.703     0.989062         3614        91.43
    2676.735     0.990625         3619       106.67
    2699.263     0.992188         3625       128.00
    2707.455     0.992969         3628       142.22
    2723.839     0.993750         3631       160.00
    2727.935     0.994531         3634       182.86
    2734.079     0.995313         3636       213.33
    2760.703     0.996094         3639       256.00
    2766.847     0.996484         3641       284.44
    2793.471     0.996875         3642       320.00
    2820.095     0.997266         3644       365.71
    2824.191     0.997656         3645       426.67
    2834.431     0.998047         3646       512.00
    2848.767     0.998242         3647       568.89
    2850.815     0.998437         3648       640.00
    2867.199     0.998633         3649       731.43
    2867.199     0.998828         3649       853.33
    2871.295     0.999023         3650      1024.00
    2871.295     0.999121         3650      1137.78
    2875.391     0.999219         3651      1280.00
    2875.391     0.999316         3651      1462.86
    2875.391     0.999414         3651      1706.67
    2883.583     0.999512         3652      2048.00
    2883.583     0.999561         3652      2275.56
    2883.583     0.999609         3652      2560.00
    2883.583     0.999658         3652      2925.71
    2883.583     0.999707         3652      3413.33
    2891.775     0.999756         3653      4096.00
    2891.775     1.000000         3653          inf
#[Mean    =      800.940, StdDeviation   =      522.387]
#[Max     =     2889.728, Total count    =         3653]
#[Buckets =           27, SubBuckets     =         2048]
-----------------------------------------------------------------------
  4383 requests in 1.00m, 1.30MB read
Requests/sec:     73.04  
Transfer/sec:     22.26KB
