Running 1m test @ http://10.107.164.151/?loopCount=25&base=6&exp=6
  5 threads and 5 connections

  Thread calibration: mean lat.: 1647.584ms, rate sampling interval: 5578ms
  Thread calibration: mean lat.: 1349.160ms, rate sampling interval: 4947ms
  Thread calibration: mean lat.: 1779.843ms, rate sampling interval: 5599ms
  Thread calibration: mean lat.: 1646.995ms, rate sampling interval: 6152ms
  Thread calibration: mean lat.: 1972.155ms, rate sampling interval: 6983ms

-----------------------------------------------------------------------
Test Results @ http://10.107.164.151/?loopCount=25&base=6&exp=6 
  Thread Stats   Avg      Stdev     99%   +/- Stdev
    Latency    11.18s     4.78s   20.51s    58.79%
    Req/Sec     9.71      0.74    11.00    100.00%
  Latency Distribution (HdrHistogram - Recorded Latency)
 50.000%   11.07s 
 75.000%   15.09s 
 90.000%   17.60s 
 99.000%   20.51s 
 99.900%   20.87s 
 99.990%   20.97s 
 99.999%   20.97s 
100.000%   20.97s 

  Detailed Percentile spectrum:
       Value   Percentile   TotalCount 1/(1-Percentile)

    2865.151     0.000000            1         1.00
    4763.647     0.100000          255         1.11
    6115.327     0.200000          510         1.25
    7864.319     0.300000          766         1.43
    9543.679     0.400000         1021         1.67
   11067.391     0.500000         1274         2.00
   11935.743     0.550000         1403         2.22
   12771.327     0.600000         1530         2.50
   13656.063     0.650000         1658         2.86
   14368.767     0.700000         1784         3.33
   15089.663     0.750000         1912         4.00
   15441.919     0.775000         1975         4.44
   15794.175     0.800000         2039         5.00
   16228.351     0.825000         2103         5.71
   16605.183     0.850000         2166         6.67
   17121.279     0.875000         2230         8.00
   17334.271     0.887500         2265         8.89
   17612.799     0.900000         2295        10.00
   18038.783     0.912500         2326        11.43
   18530.303     0.925000         2359        13.33
   18857.983     0.937500         2389        16.00
   19054.591     0.943750         2405        17.78
   19152.895     0.950000         2421        20.00
   19365.887     0.956250         2438        22.86
   19513.343     0.962500         2453        26.67
   19628.031     0.968750         2469        32.00
   19677.183     0.971875         2477        35.56
   19808.255     0.975000         2485        40.00
   20004.863     0.978125         2494        45.71
   20070.399     0.981250         2502        53.33
   20217.855     0.984375         2509        64.00
   20299.775     0.985938         2513        71.11
   20348.927     0.987500         2517        80.00
   20512.767     0.989062         2523        91.43
   20545.535     0.990625         2527       106.67
   20578.303     0.992188         2529       128.00
   20594.687     0.992969         2531       142.22
   20643.839     0.993750         2533       160.00
   20660.223     0.994531         2535       182.86
   20692.991     0.995313         2537       213.33
   20774.911     0.996094         2540       256.00
   20774.911     0.996484         2540       284.44
   20791.295     0.996875         2542       320.00
   20791.295     0.997266         2542       365.71
   20824.063     0.997656         2543       426.67
   20856.831     0.998047         2544       512.00
   20856.831     0.998242         2544       568.89
   20873.215     0.998437         2545       640.00
   20873.215     0.998633         2545       731.43
   20922.367     0.998828         2546       853.33
   20922.367     0.999023         2546      1024.00
   20922.367     0.999121         2546      1137.78
   20955.135     0.999219         2547      1280.00
   20955.135     0.999316         2547      1462.86
   20955.135     0.999414         2547      1706.67
   20955.135     0.999512         2547      2048.00
   20955.135     0.999561         2547      2275.56
   20971.519     0.999609         2548      2560.00
   20971.519     1.000000         2548          inf
#[Mean    =    11176.649, StdDeviation   =     4779.578]
#[Max     =    20955.136, Total count    =         2548]
#[Buckets =           27, SubBuckets     =         2048]
-----------------------------------------------------------------------
  3046 requests in 1.00m, 0.91MB read
Requests/sec:     50.76  
Transfer/sec:     15.49KB
