Running 1m test @ http://10.108.10.66/?loopCount=25&base=6&exp=6
  1 threads and 1 connections

  Thread calibration: mean lat.: 3394.528ms, rate sampling interval: 11706ms

-----------------------------------------------------------------------
Test Results @ http://10.108.10.66/?loopCount=25&base=6&exp=6 
  Thread Stats   Avg      Stdev     99%   +/- Stdev
    Latency    22.39s     9.30s   37.75s    57.17%
    Req/Sec     8.25      0.43     9.00    100.00%
  Latency Distribution (HdrHistogram - Recorded Latency)
 50.000%   22.40s 
 75.000%   30.70s 
 90.000%   34.77s 
 99.000%   37.75s 
 99.900%   38.01s 
 99.990%   38.01s 
 99.999%   38.01s 
100.000%   38.01s 

  Detailed Percentile spectrum:
       Value   Percentile   TotalCount 1/(1-Percentile)

    6053.887     0.000000            1         1.00
    9486.335     0.100000           45         1.11
   12894.207     0.200000           91         1.25
   15843.327     0.300000          134         1.43
   19464.191     0.400000          179         1.67
   22396.927     0.500000          223         2.00
   24182.783     0.550000          246         2.22
   25903.103     0.600000          268         2.50
   27328.511     0.650000          290         2.86
   29294.591     0.700000          313         3.33
   30703.615     0.750000          335         4.00
   31571.967     0.775000          346         4.44
   32342.015     0.800000          357         5.00
   32882.687     0.825000          368         5.71
   33521.663     0.850000          380         6.67
   34078.719     0.875000          392         8.00
   34471.935     0.887500          396         8.89
   34832.383     0.900000          402        10.00
   35225.599     0.912500          407        11.43
   35684.351     0.925000          413        13.33
   36044.799     0.937500          419        16.00
   36175.871     0.943750          421        17.78
   36405.247     0.950000          424        20.00
   36634.623     0.956250          427        22.86
   36831.231     0.962500          430        26.67
   37027.839     0.968750          433        32.00
   37060.607     0.971875          434        35.56
   37191.679     0.975000          435        40.00
   37257.215     0.978125          437        45.71
   37322.751     0.981250          438        53.33
   37519.359     0.984375          440        64.00
   37519.359     0.985938          440        71.11
   37683.199     0.987500          441        80.00
   37748.735     0.989062          442        91.43
   37748.735     0.990625          442       106.67
   37814.271     0.992188          443       128.00
   37814.271     0.992969          443       142.22
   37879.807     0.993750          444       160.00
   37879.807     0.994531          444       182.86
   37879.807     0.995313          444       213.33
   37945.343     0.996094          445       256.00
   37945.343     0.996484          445       284.44
   37945.343     0.996875          445       320.00
   37945.343     0.997266          445       365.71
   37945.343     0.997656          445       426.67
   38010.879     0.998047          446       512.00
   38010.879     1.000000          446          inf
#[Mean    =    22393.374, StdDeviation   =     9295.389]
#[Max     =    37978.112, Total count    =          446]
#[Buckets =           27, SubBuckets     =         2048]
-----------------------------------------------------------------------
  548 requests in 1.00m, 167.27KB read
Requests/sec:      9.13  
Transfer/sec:      2.79KB
