Running 1m test @ http://10.100.134.99/?loopCount=25&base=6&exp=6
  5 threads and 5 connections

  Thread calibration: mean lat.: 72.612ms, rate sampling interval: 359ms
  Thread calibration: mean lat.: 77.625ms, rate sampling interval: 362ms
  Thread calibration: mean lat.: 90.377ms, rate sampling interval: 386ms
  Thread calibration: mean lat.: 61.633ms, rate sampling interval: 227ms
  Thread calibration: mean lat.: 64.051ms, rate sampling interval: 244ms

-----------------------------------------------------------------------
Test Results @ http://10.100.134.99/?loopCount=25&base=6&exp=6 
  Thread Stats   Avg      Stdev     99%   +/- Stdev
    Latency    45.25ms   12.79ms 101.76ms   90.64%
    Req/Sec     9.65      1.87    13.00     91.69%
  Latency Distribution (HdrHistogram - Recorded Latency)
 50.000%   42.78ms
 75.000%   44.13ms
 90.000%   50.30ms
 99.000%  101.76ms
 99.900%  179.20ms
 99.990%  185.21ms
 99.999%  185.21ms
100.000%  185.21ms

  Detailed Percentile spectrum:
       Value   Percentile   TotalCount 1/(1-Percentile)

      21.791     0.000000            1         1.00
      39.711     0.100000          254         1.11
      40.863     0.200000          503         1.25
      41.535     0.300000          753         1.43
      42.303     0.400000         1011         1.67
      42.783     0.500000         1255         2.00
      43.039     0.550000         1382         2.22
      43.295     0.600000         1509         2.50
      43.551     0.650000         1629         2.86
      43.839     0.700000         1752         3.33
      44.127     0.750000         1881         4.00
      44.255     0.775000         1939         4.44
      44.447     0.800000         2005         5.00
      44.671     0.825000         2066         5.71
      45.311     0.850000         2125         6.67
      47.039     0.875000         2188         8.00
      48.991     0.887500         2220         8.89
      50.303     0.900000         2251        10.00
      51.711     0.912500         2283        11.43
      54.015     0.925000         2313        13.33
      63.231     0.937500         2344        16.00
      67.263     0.943750         2360        17.78
      68.735     0.950000         2375        20.00
      69.951     0.956250         2394        22.86
      73.919     0.962500         2407        26.67
      79.871     0.968750         2422        32.00
      83.327     0.971875         2430        35.56
      86.655     0.975000         2438        40.00
      90.175     0.978125         2446        45.71
      92.863     0.981250         2454        53.33
      94.463     0.984375         2461        64.00
      97.023     0.985938         2465        71.11
      97.599     0.987500         2469        80.00
      99.839     0.989062         2473        91.43
     102.079     0.990625         2477       106.67
     104.831     0.992188         2481       128.00
     106.367     0.992969         2483       142.22
     108.159     0.993750         2485       160.00
     114.175     0.994531         2487       182.86
     115.199     0.995313         2489       213.33
     120.063     0.996094         2491       256.00
     123.903     0.996484         2492       284.44
     125.887     0.996875         2493       320.00
     133.631     0.997266         2494       365.71
     173.439     0.997656         2495       426.67
     174.079     0.998047         2496       512.00
     174.079     0.998242         2496       568.89
     178.687     0.998437         2497       640.00
     178.687     0.998633         2497       731.43
     179.199     0.998828         2498       853.33
     179.199     0.999023         2498      1024.00
     179.199     0.999121         2498      1137.78
     183.807     0.999219         2499      1280.00
     183.807     0.999316         2499      1462.86
     183.807     0.999414         2499      1706.67
     183.807     0.999512         2499      2048.00
     183.807     0.999561         2499      2275.56
     185.215     0.999609         2500      2560.00
     185.215     1.000000         2500          inf
#[Mean    =       45.253, StdDeviation   =       12.794]
#[Max     =      185.088, Total count    =         2500]
#[Buckets =           27, SubBuckets     =         2048]
-----------------------------------------------------------------------
  2995 requests in 1.00m, 0.89MB read
Requests/sec:     49.91  
Transfer/sec:     15.21KB
