Running 1m test @ http://10.108.208.72/?loopCount=25&base=6&exp=6
  5 threads and 5 connections

  Thread calibration: mean lat.: 916.111ms, rate sampling interval: 2830ms
  Thread calibration: mean lat.: 1058.969ms, rate sampling interval: 3522ms
  Thread calibration: mean lat.: 845.521ms, rate sampling interval: 2752ms
  Thread calibration: mean lat.: 1029.676ms, rate sampling interval: 3518ms
  Thread calibration: mean lat.: 1147.339ms, rate sampling interval: 3287ms

-----------------------------------------------------------------------
Test Results @ http://10.108.208.72/?loopCount=25&base=6&exp=6 
  Thread Stats   Avg      Stdev     99%   +/- Stdev
    Latency     4.92s     1.92s    9.08s    61.49%
    Req/Sec    12.63      0.92    14.00     97.44%
  Latency Distribution (HdrHistogram - Recorded Latency)
 50.000%    4.90s 
 75.000%    6.30s 
 90.000%    7.63s 
 99.000%    9.08s 
 99.900%    9.48s 
 99.990%    9.57s 
 99.999%    9.57s 
100.000%    9.57s 

  Detailed Percentile spectrum:
       Value   Percentile   TotalCount 1/(1-Percentile)

    1544.191     0.000000            1         1.00
    2414.591     0.100000          327         1.11
    2977.791     0.200000          653         1.25
    3581.951     0.300000          984         1.43
    4128.767     0.400000         1307         1.67
    4902.911     0.500000         1633         2.00
    5226.495     0.550000         1797         2.22
    5378.047     0.600000         1963         2.50
    5746.687     0.650000         2125         2.86
    6033.407     0.700000         2289         3.33
    6295.551     0.750000         2450         4.00
    6504.447     0.775000         2532         4.44
    6684.671     0.800000         2612         5.00
    6950.911     0.825000         2693         5.71
    7147.519     0.850000         2775         6.67
    7360.511     0.875000         2857         8.00
    7512.063     0.887500         2897         8.89
    7634.943     0.900000         2939        10.00
    7712.767     0.912500         2981        11.43
    7909.375     0.925000         3020        13.33
    8110.079     0.937500         3060        16.00
    8187.903     0.943750         3081        17.78
    8232.959     0.950000         3101        20.00
    8380.415     0.956250         3122        22.86
    8527.871     0.962500         3142        26.67
    8667.135     0.968750         3163        32.00
    8708.095     0.971875         3174        35.56
    8790.015     0.975000         3183        40.00
    8863.743     0.978125         3194        45.71
    8904.703     0.981250         3203        53.33
    8945.663     0.984375         3213        64.00
    8994.815     0.985938         3219        71.11
    9035.775     0.987500         3224        80.00
    9068.543     0.989062         3230        91.43
    9093.119     0.990625         3234       106.67
    9134.079     0.992188         3239       128.00
    9175.039     0.992969         3242       142.22
    9191.423     0.993750         3244       160.00
    9207.807     0.994531         3247       182.86
    9224.191     0.995313         3249       213.33
    9265.151     0.996094         3252       256.00
    9314.303     0.996484         3253       284.44
    9355.263     0.996875         3254       320.00
    9379.839     0.997266         3256       365.71
    9396.223     0.997656         3257       426.67
    9412.607     0.998047         3258       512.00
    9428.991     0.998242         3259       568.89
    9428.991     0.998437         3259       640.00
    9445.375     0.998633         3260       731.43
    9478.143     0.998828         3261       853.33
    9478.143     0.999023         3261      1024.00
    9502.719     0.999121         3262      1137.78
    9502.719     0.999219         3262      1280.00
    9502.719     0.999316         3262      1462.86
    9527.295     0.999414         3263      1706.67
    9527.295     0.999512         3263      2048.00
    9527.295     0.999561         3263      2275.56
    9527.295     0.999609         3263      2560.00
    9527.295     0.999658         3263      2925.71
    9568.255     0.999707         3264      3413.33
    9568.255     1.000000         3264          inf
#[Mean    =     4918.200, StdDeviation   =     1922.059]
#[Max     =     9560.064, Total count    =         3264]
#[Buckets =           27, SubBuckets     =         2048]
-----------------------------------------------------------------------
  3880 requests in 1.00m, 1.16MB read
Requests/sec:     64.66  
Transfer/sec:     19.71KB
