Running 1m test @ http://10.102.255.30/?loopCount=25&base=6&exp=6
  5 threads and 5 connections

  Thread calibration: mean lat.: 105.095ms, rate sampling interval: 393ms
  Thread calibration: mean lat.: 101.965ms, rate sampling interval: 502ms
  Thread calibration: mean lat.: 73.380ms, rate sampling interval: 232ms
  Thread calibration: mean lat.: 138.021ms, rate sampling interval: 638ms
  Thread calibration: mean lat.: 77.926ms, rate sampling interval: 259ms

-----------------------------------------------------------------------
Test Results @ http://10.102.255.30/?loopCount=25&base=6&exp=6 
  Thread Stats   Avg      Stdev     99%   +/- Stdev
    Latency   109.00ms   86.19ms 399.10ms   85.49%
    Req/Sec    14.43      2.85    21.00     86.92%
  Latency Distribution (HdrHistogram - Recorded Latency)
 50.000%   77.69ms
 75.000%  134.27ms
 90.000%  238.46ms
 99.000%  399.10ms
 99.900%  445.70ms
 99.990%  472.32ms
 99.999%  472.32ms
100.000%  472.32ms

  Detailed Percentile spectrum:
       Value   Percentile   TotalCount 1/(1-Percentile)

      21.663     0.000000            1         1.00
      40.639     0.100000          388         1.11
      41.823     0.200000          752         1.25
      53.215     0.300000         1125         1.43
      64.575     0.400000         1502         1.67
      77.695     0.500000         1875         2.00
      84.799     0.550000         2064         2.22
      94.719     0.600000         2249         2.50
     103.679     0.650000         2437         2.86
     118.783     0.700000         2626         3.33
     134.271     0.750000         2812         4.00
     146.047     0.775000         2906         4.44
     158.719     0.800000         2999         5.00
     171.007     0.825000         3093         5.71
     188.671     0.850000         3186         6.67
     210.559     0.875000         3280         8.00
     228.223     0.887500         3327         8.89
     238.719     0.900000         3375        10.00
     254.335     0.912500         3421        11.43
     267.775     0.925000         3467        13.33
     286.463     0.937500         3514        16.00
     297.983     0.943750         3538        17.78
     311.807     0.950000         3561        20.00
     325.887     0.956250         3585        22.86
     336.895     0.962500         3608        26.67
     352.255     0.968750         3631        32.00
     354.815     0.971875         3643        35.56
     362.751     0.975000         3655        40.00
     369.663     0.978125         3667        45.71
     374.271     0.981250         3678        53.33
     383.487     0.984375         3691        64.00
     385.791     0.985938         3697        71.11
     389.375     0.987500         3702        80.00
     395.519     0.989062         3708        91.43
     402.175     0.990625         3713       106.67
     410.879     0.992188         3719       128.00
     411.135     0.992969         3723       142.22
     415.487     0.993750         3725       160.00
     419.327     0.994531         3728       182.86
     425.983     0.995313         3731       213.33
     428.799     0.996094         3734       256.00
     429.567     0.996484         3735       284.44
     431.103     0.996875         3737       320.00
     436.991     0.997266         3738       365.71
     437.503     0.997656         3740       426.67
     439.295     0.998047         3741       512.00
     441.855     0.998242         3742       568.89
     443.391     0.998437         3743       640.00
     443.391     0.998633         3743       731.43
     445.695     0.998828         3744       853.33
     446.719     0.999023         3745      1024.00
     446.719     0.999121         3745      1137.78
     452.607     0.999219         3746      1280.00
     452.607     0.999316         3746      1462.86
     452.607     0.999414         3746      1706.67
     465.151     0.999512         3747      2048.00
     465.151     0.999561         3747      2275.56
     465.151     0.999609         3747      2560.00
     465.151     0.999658         3747      2925.71
     465.151     0.999707         3747      3413.33
     472.319     0.999756         3748      4096.00
     472.319     1.000000         3748          inf
#[Mean    =      108.998, StdDeviation   =       86.194]
#[Max     =      472.064, Total count    =         3748]
#[Buckets =           27, SubBuckets     =         2048]
-----------------------------------------------------------------------
  4490 requests in 1.00m, 1.34MB read
Requests/sec:     74.83  
Transfer/sec:     22.80KB
