Running 1m test @ http://10.102.207.185/?loopCount=25&base=6&exp=6
  1 threads and 1 connections

  Thread calibration: mean lat.: 3498.610ms, rate sampling interval: 11370ms

-----------------------------------------------------------------------
Test Results @ http://10.102.207.185/?loopCount=25&base=6&exp=6 
  Thread Stats   Avg      Stdev     99%   +/- Stdev
    Latency    20.54s     8.15s   35.62s    62.62%
    Req/Sec     9.75      0.83    11.00    100.00%
  Latency Distribution (HdrHistogram - Recorded Latency)
 50.000%   20.41s 
 75.000%   27.41s 
 90.000%   32.46s 
 99.000%   35.62s 
 99.900%   35.78s 
 99.990%   35.85s 
 99.999%   35.85s 
100.000%   35.85s 

  Detailed Percentile spectrum:
       Value   Percentile   TotalCount 1/(1-Percentile)

    6385.663     0.000000            1         1.00
    9756.671     0.100000           52         1.11
   13336.575     0.200000          103         1.25
   13680.639     0.300000          155         1.43
   17137.663     0.400000          205         1.67
   20414.463     0.500000          256         2.00
   22102.015     0.550000          282         2.22
   23461.887     0.600000          307         2.50
   24707.071     0.650000          333         2.86
   26214.399     0.700000          359         3.33
   27459.583     0.750000          384         4.00
   27983.871     0.775000          397         4.44
   28704.767     0.800000          409         5.00
   29278.207     0.825000          422         5.71
   29933.567     0.850000          436         6.67
   30539.775     0.875000          448         8.00
   31391.743     0.887500          454         8.89
   32456.703     0.900000          460        10.00
   32800.767     0.912500          467        11.43
   33161.215     0.925000          473        13.33
   33587.199     0.937500          480        16.00
   33751.039     0.943750          483        17.78
   33914.879     0.950000          487        20.00
   33980.415     0.956250          489        22.86
   34373.631     0.962500          492        26.67
   34635.775     0.968750          496        32.00
   34701.311     0.971875          497        35.56
   34865.151     0.975000          500        40.00
   34865.151     0.978125          500        45.71
   35061.759     0.981250          502        53.33
   35291.135     0.984375          504        64.00
   35291.135     0.985938          504        71.11
   35454.975     0.987500          505        80.00
   35618.815     0.989062          506        91.43
   35651.583     0.990625          508       106.67
   35651.583     0.992188          508       128.00
   35651.583     0.992969          508       142.22
   35651.583     0.993750          508       160.00
   35717.119     0.994531          509       182.86
   35717.119     0.995313          509       213.33
   35782.655     0.996094          510       256.00
   35782.655     0.996484          510       284.44
   35782.655     0.996875          510       320.00
   35782.655     0.997266          510       365.71
   35782.655     0.997656          510       426.67
   35848.191     0.998047          511       512.00
   35848.191     1.000000          511          inf
#[Mean    =    20535.500, StdDeviation   =     8153.442]
#[Max     =    35815.424, Total count    =          511]
#[Buckets =           27, SubBuckets     =         2048]
-----------------------------------------------------------------------
  602 requests in 1.00m, 183.68KB read
Requests/sec:     10.03  
Transfer/sec:      3.06KB
