Running 1m test @ http://10.109.115.86/?loopCount=25&base=6&exp=6
  5 threads and 5 connections

  Thread calibration: mean lat.: 341.452ms, rate sampling interval: 1086ms
  Thread calibration: mean lat.: 820.841ms, rate sampling interval: 2252ms
  Thread calibration: mean lat.: 456.828ms, rate sampling interval: 1424ms
  Thread calibration: mean lat.: 420.951ms, rate sampling interval: 1203ms
  Thread calibration: mean lat.: 575.367ms, rate sampling interval: 1624ms

-----------------------------------------------------------------------
Test Results @ http://10.109.115.86/?loopCount=25&base=6&exp=6 
  Thread Stats   Avg      Stdev     99%   +/- Stdev
    Latency     4.14s     1.97s    8.42s    59.94%
    Req/Sec     8.23      0.97    11.00     95.40%
  Latency Distribution (HdrHistogram - Recorded Latency)
 50.000%    4.02s 
 75.000%    5.62s 
 90.000%    6.83s 
 99.000%    8.42s 
 99.900%    8.62s 
 99.990%    8.63s 
 99.999%    8.63s 
100.000%    8.63s 

  Detailed Percentile spectrum:
       Value   Percentile   TotalCount 1/(1-Percentile)

     705.023     0.000000            1         1.00
    1616.895     0.100000          217         1.11
    2105.343     0.200000          433         1.25
    2713.599     0.300000          650         1.43
    3327.999     0.400000          867         1.67
    4022.271     0.500000         1084         2.00
    4313.087     0.550000         1191         2.22
    4612.095     0.600000         1299         2.50
    5009.407     0.650000         1412         2.86
    5222.399     0.700000         1516         3.33
    5619.711     0.750000         1625         4.00
    5816.319     0.775000         1679         4.44
    6012.927     0.800000         1732         5.00
    6225.919     0.825000         1787         5.71
    6508.543     0.850000         1844         6.67
    6725.631     0.875000         1896         8.00
    6807.551     0.887500         1926         8.89
    6828.031     0.900000         1951        10.00
    7008.255     0.912500         1976        11.43
    7204.863     0.925000         2003        13.33
    7413.759     0.937500         2031        16.00
    7503.871     0.943750         2045        17.78
    7536.639     0.950000         2056        20.00
    7614.463     0.956250         2075        22.86
    7626.751     0.962500         2083        26.67
    7823.359     0.968750         2098        32.00
    7917.567     0.971875         2104        35.56
    8011.775     0.975000         2110        40.00
    8208.383     0.978125         2117        45.71
    8220.671     0.981250         2126        53.33
    8302.591     0.984375         2131        64.00
    8310.783     0.985938         2134        71.11
    8404.991     0.987500         2137        80.00
    8421.375     0.989062         2143        91.43
    8429.567     0.990625         2145       106.67
    8511.487     0.992188         2148       128.00
    8519.679     0.992969         2151       142.22
    8519.679     0.993750         2151       160.00
    8536.063     0.994531         2154       182.86
    8536.063     0.995313         2154       213.33
    8601.599     0.996094         2156       256.00
    8609.791     0.996484         2158       284.44
    8609.791     0.996875         2158       320.00
    8617.983     0.997266         2162       365.71
    8617.983     0.997656         2162       426.67
    8617.983     0.998047         2162       512.00
    8617.983     0.998242         2162       568.89
    8617.983     0.998437         2162       640.00
    8617.983     0.998633         2162       731.43
    8617.983     0.998828         2162       853.33
    8617.983     0.999023         2162      1024.00
    8626.175     0.999121         2163      1137.78
    8626.175     0.999219         2163      1280.00
    8626.175     0.999316         2163      1462.86
    8626.175     0.999414         2163      1706.67
    8626.175     0.999512         2163      2048.00
    8634.367     0.999561         2164      2275.56
    8634.367     1.000000         2164          inf
#[Mean    =     4137.130, StdDeviation   =     1966.631]
#[Max     =     8626.176, Total count    =         2164]
#[Buckets =           27, SubBuckets     =         2048]
-----------------------------------------------------------------------
  2611 requests in 1.00m, 797.05KB read
Requests/sec:     43.51  
Transfer/sec:     13.28KB
