Running 1m test @ http://10.96.169.80/?loopCount=25&base=6&exp=6
  1 threads and 1 connections

  Thread calibration: mean lat.: 3049.435ms, rate sampling interval: 9232ms

-----------------------------------------------------------------------
Test Results @ http://10.96.169.80/?loopCount=25&base=6&exp=6 
  Thread Stats   Avg      Stdev     99%   +/- Stdev
    Latency    10.18s     3.15s   15.93s    56.28%
    Req/Sec    18.80      0.40    19.00    100.00%
  Latency Distribution (HdrHistogram - Recorded Latency)
 50.000%   10.13s 
 75.000%   12.85s 
 90.000%   14.43s 
 99.000%   15.93s 
 99.900%   16.23s 
 99.990%   16.29s 
 99.999%   16.29s 
100.000%   16.29s 

  Detailed Percentile spectrum:
       Value   Percentile   TotalCount 1/(1-Percentile)

    4628.479     0.000000            1         1.00
    5910.527     0.100000           96         1.11
    6926.335     0.200000          194         1.25
    7962.623     0.300000          287         1.43
    9125.887     0.400000          385         1.67
   10133.503     0.500000          486         2.00
   10854.399     0.550000          530         2.22
   11173.887     0.600000          575         2.50
   11558.911     0.650000          628         2.86
   12066.815     0.700000          670         3.33
   12845.055     0.750000          719         4.00
   13402.111     0.775000          741         4.44
   13623.295     0.800000          771         5.00
   13877.247     0.825000          790         5.71
   13967.359     0.850000          813         6.67
   14139.391     0.875000          837         8.00
   14393.343     0.887500          852         8.89
   14434.303     0.900000          861        10.00
   14589.951     0.912500          874        11.43
   14778.367     0.925000          889        13.33
   14893.055     0.937500          898        16.00
   15106.047     0.943750          903        17.78
   15474.687     0.950000          909        20.00
   15810.559     0.956250          916        22.86
   15859.711     0.962500          923        26.67
   15900.671     0.968750          927        32.00
   15908.863     0.971875          939        35.56
   15908.863     0.975000          939        40.00
   15908.863     0.978125          939        45.71
   15908.863     0.981250          939        53.33
   15925.247     0.984375          946        64.00
   15925.247     0.985938          946        71.11
   15925.247     0.987500          946        80.00
   15925.247     0.989062          946        91.43
   15982.591     0.990625          949       106.67
   15982.591     0.992188          949       128.00
   16031.743     0.992969          950       142.22
   16064.511     0.993750          951       160.00
   16064.511     0.994531          951       182.86
   16072.703     0.995313          952       213.33
   16113.663     0.996094          953       256.00
   16113.663     0.996484          953       284.44
   16162.815     0.996875          954       320.00
   16162.815     0.997266          954       365.71
   16162.815     0.997656          954       426.67
   16228.351     0.998047          955       512.00
   16228.351     0.998242          955       568.89
   16228.351     0.998437          955       640.00
   16228.351     0.998633          955       731.43
   16228.351     0.998828          955       853.33
   16293.887     0.999023          956      1024.00
   16293.887     1.000000          956          inf
#[Mean    =    10183.716, StdDeviation   =     3148.037]
#[Max     =    16285.696, Total count    =          956]
#[Buckets =           27, SubBuckets     =         2048]
-----------------------------------------------------------------------
  1090 requests in 1.00m, 332.16KB read
Requests/sec:     18.17  
Transfer/sec:      5.54KB
