Running 1m test @ http://10.96.169.80/?loopCount=25&base=6&exp=6
  1 threads and 1 connections

  Thread calibration: mean lat.: 2972.854ms, rate sampling interval: 9609ms

-----------------------------------------------------------------------
Test Results @ http://10.96.169.80/?loopCount=25&base=6&exp=6 
  Thread Stats   Avg      Stdev     99%   +/- Stdev
    Latency    16.01s     5.19s   22.76s    57.34%
    Req/Sec    15.60      2.42    19.00    100.00%
  Latency Distribution (HdrHistogram - Recorded Latency)
 50.000%   17.47s 
 75.000%   20.53s 
 90.000%   22.04s 
 99.000%   22.76s 
 99.900%   22.77s 
 99.990%   22.77s 
 99.999%   22.77s 
100.000%   22.77s 

  Detailed Percentile spectrum:
       Value   Percentile   TotalCount 1/(1-Percentile)

    5226.495     0.000000            2         1.00
    7770.111     0.100000           82         1.11
   10682.367     0.200000          163         1.25
   12820.479     0.300000          247         1.43
   15474.687     0.400000          326         1.67
   17465.343     0.500000          408         2.00
   18235.391     0.550000          447         2.22
   18612.223     0.600000          487         2.50
   19120.127     0.650000          529         2.86
   19890.175     0.700000          569         3.33
   20578.303     0.750000          609         4.00
   21086.207     0.775000          629         4.44
   21348.351     0.800000          656         5.00
   21364.735     0.825000          675         5.71
   21430.271     0.850000          696         6.67
   21807.103     0.875000          712         8.00
   21823.487     0.887500          724         8.89
   22036.479     0.900000          731        10.00
   22183.935     0.912500          742        11.43
   22298.623     0.925000          752        13.33
   22380.543     0.937500          761        16.00
   22446.079     0.943750          767        17.78
   22462.463     0.950000          785        20.00
   22462.463     0.956250          785        22.86
   22462.463     0.962500          785        26.67
   22478.847     0.968750          787        32.00
   22560.767     0.971875          794        35.56
   22560.767     0.975000          794        40.00
   22560.767     0.978125          794        45.71
   22609.919     0.981250          796        53.33
   22740.991     0.984375          800        64.00
   22740.991     0.985938          800        71.11
   22757.375     0.987500          804        80.00
   22757.375     0.989062          804        91.43
   22757.375     0.990625          804       106.67
   22773.759     0.992188          811       128.00
   22773.759     1.000000          811          inf
#[Mean    =    16007.064, StdDeviation   =     5189.878]
#[Max     =    22757.376, Total count    =          811]
#[Buckets =           27, SubBuckets     =         2048]
-----------------------------------------------------------------------
  930 requests in 1.00m, 283.46KB read
Requests/sec:     15.50  
Transfer/sec:      4.72KB
