Running 1m test @ http://10.107.164.151/?loopCount=25&base=6&exp=6
  5 threads and 5 connections

  Thread calibration: mean lat.: 1868.772ms, rate sampling interval: 6479ms
  Thread calibration: mean lat.: 1481.641ms, rate sampling interval: 4988ms
  Thread calibration: mean lat.: 1951.043ms, rate sampling interval: 6897ms
  Thread calibration: mean lat.: 1737.786ms, rate sampling interval: 6475ms
  Thread calibration: mean lat.: 2190.774ms, rate sampling interval: 7294ms

-----------------------------------------------------------------------
Test Results @ http://10.107.164.151/?loopCount=25&base=6&exp=6 
  Thread Stats   Avg      Stdev     99%   +/- Stdev
    Latency    10.96s     4.60s   19.46s    59.65%
    Req/Sec    10.05      0.84    13.00     91.89%
  Latency Distribution (HdrHistogram - Recorded Latency)
 50.000%   10.85s 
 75.000%   14.70s 
 90.000%   17.37s 
 99.000%   19.46s 
 99.900%   19.73s 
 99.990%   19.79s 
 99.999%   19.79s 
100.000%   19.79s 

  Detailed Percentile spectrum:
       Value   Percentile   TotalCount 1/(1-Percentile)

    2875.391     0.000000            1         1.00
    4595.711     0.100000          260         1.11
    6238.207     0.200000          520         1.25
    7745.535     0.300000          780         1.43
    9175.039     0.400000         1039         1.67
   10854.399     0.500000         1300         2.00
   11599.871     0.550000         1430         2.22
   12525.567     0.600000         1561         2.50
   13189.119     0.650000         1689         2.86
   13991.935     0.700000         1818         3.33
   14704.639     0.750000         1948         4.00
   15130.623     0.775000         2014         4.44
   15507.455     0.800000         2079         5.00
   15908.863     0.825000         2143         5.71
   16375.807     0.850000         2208         6.67
   16875.519     0.875000         2273         8.00
   17072.127     0.887500         2305         8.89
   17383.423     0.900000         2338        10.00
   17694.719     0.912500         2370        11.43
   18022.399     0.925000         2403        13.33
   18333.695     0.937500         2435        16.00
   18431.999     0.943750         2452        17.78
   18628.607     0.950000         2468        20.00
   18743.295     0.956250         2485        22.86
   18907.135     0.962500         2500        26.67
   19038.207     0.968750         2516        32.00
   19087.359     0.971875         2525        35.56
   19152.895     0.975000         2534        40.00
   19218.431     0.978125         2541        45.71
   19316.735     0.981250         2549        53.33
   19382.271     0.984375         2558        64.00
   19415.039     0.985938         2562        71.11
   19431.423     0.987500         2566        80.00
   19447.807     0.989062         2569        91.43
   19480.575     0.990625         2573       106.67
   19529.727     0.992188         2577       128.00
   19562.495     0.992969         2579       142.22
   19595.263     0.993750         2581       160.00
   19611.647     0.994531         2584       182.86
   19644.415     0.995313         2586       213.33
   19660.799     0.996094         2588       256.00
   19660.799     0.996484         2588       284.44
   19693.567     0.996875         2590       320.00
   19693.567     0.997266         2590       365.71
   19709.951     0.997656         2591       426.67
   19726.335     0.998047         2594       512.00
   19726.335     0.998242         2594       568.89
   19726.335     0.998437         2594       640.00
   19726.335     0.998633         2594       731.43
   19726.335     0.998828         2594       853.33
   19742.719     0.999023         2595      1024.00
   19742.719     0.999121         2595      1137.78
   19742.719     0.999219         2595      1280.00
   19759.103     0.999316         2596      1462.86
   19759.103     0.999414         2596      1706.67
   19759.103     0.999512         2596      2048.00
   19759.103     0.999561         2596      2275.56
   19759.103     0.999609         2596      2560.00
   19791.871     0.999658         2597      2925.71
   19791.871     1.000000         2597          inf
#[Mean    =    10959.107, StdDeviation   =     4596.257]
#[Max     =    19775.488, Total count    =         2597]
#[Buckets =           27, SubBuckets     =         2048]
-----------------------------------------------------------------------
  3085 requests in 1.00m, 0.92MB read
Requests/sec:     51.41  
Transfer/sec:     15.68KB
