Running 1m test @ http://10.108.10.66/?loopCount=25&base=6&exp=6
  5 threads and 5 connections

  Thread calibration: mean lat.: 165.730ms, rate sampling interval: 510ms
  Thread calibration: mean lat.: 154.340ms, rate sampling interval: 479ms
  Thread calibration: mean lat.: 202.346ms, rate sampling interval: 650ms
  Thread calibration: mean lat.: 237.676ms, rate sampling interval: 984ms
  Thread calibration: mean lat.: 253.796ms, rate sampling interval: 979ms

-----------------------------------------------------------------------
Test Results @ http://10.108.10.66/?loopCount=25&base=6&exp=6 
  Thread Stats   Avg      Stdev     99%   +/- Stdev
    Latency   319.62ms  337.27ms   1.23s    81.98%
    Req/Sec     9.58      1.50    13.00     86.28%
  Latency Distribution (HdrHistogram - Recorded Latency)
 50.000%  156.03ms
 75.000%  334.85ms
 90.000%  946.69ms
 99.000%    1.23s 
 99.900%    1.35s 
 99.990%    1.36s 
 99.999%    1.36s 
100.000%    1.36s 

  Detailed Percentile spectrum:
       Value   Percentile   TotalCount 1/(1-Percentile)

      34.879     0.000000            1         1.00
      54.623     0.100000          253         1.11
      61.695     0.200000          504         1.25
     126.079     0.300000          756         1.43
     138.879     0.400000         1012         1.67
     156.031     0.500000         1261         2.00
     204.415     0.550000         1386         2.22
     230.655     0.600000         1515         2.50
     240.255     0.650000         1638         2.86
     258.559     0.700000         1765         3.33
     335.615     0.750000         1890         4.00
     437.503     0.775000         1953         4.44
     632.319     0.800000         2016         5.00
     721.407     0.825000         2079         5.71
     750.591     0.850000         2142         6.67
     844.287     0.875000         2205         8.00
     893.951     0.887500         2236         8.89
     947.711     0.900000         2269        10.00
    1021.951     0.912500         2299        11.43
    1036.799     0.925000         2331        13.33
    1053.695     0.937500         2362        16.00
    1099.775     0.943750         2378        17.78
    1125.375     0.950000         2396        20.00
    1136.639     0.956250         2410        22.86
    1141.759     0.962500         2426        26.67
    1148.927     0.968750         2441        32.00
    1155.071     0.971875         2449        35.56
    1160.191     0.975000         2457        40.00
    1179.647     0.978125         2465        45.71
    1191.935     0.981250         2472        53.33
    1223.679     0.984375         2480        64.00
    1224.703     0.985938         2484        71.11
    1226.751     0.987500         2488        80.00
    1231.871     0.989062         2493        91.43
    1233.919     0.990625         2496       106.67
    1240.063     0.992188         2501       128.00
    1243.135     0.992969         2502       142.22
    1254.399     0.993750         2506       160.00
    1254.399     0.994531         2506       182.86
    1259.519     0.995313         2508       213.33
    1321.983     0.996094         2510       256.00
    1329.151     0.996484         2511       284.44
    1335.295     0.996875         2512       320.00
    1343.487     0.997266         2513       365.71
    1348.607     0.997656         2514       426.67
    1350.655     0.998047         2515       512.00
    1350.655     0.998242         2515       568.89
    1351.679     0.998437         2516       640.00
    1351.679     0.998633         2516       731.43
    1353.727     0.998828         2517       853.33
    1353.727     0.999023         2517      1024.00
    1353.727     0.999121         2517      1137.78
    1355.775     0.999219         2518      1280.00
    1355.775     0.999316         2518      1462.86
    1355.775     0.999414         2518      1706.67
    1355.775     0.999512         2518      2048.00
    1355.775     0.999561         2518      2275.56
    1357.823     0.999609         2519      2560.00
    1357.823     1.000000         2519          inf
#[Mean    =      319.620, StdDeviation   =      337.267]
#[Max     =     1356.800, Total count    =         2519]
#[Buckets =           27, SubBuckets     =         2048]
-----------------------------------------------------------------------
  2993 requests in 1.00m, 0.89MB read
Requests/sec:     49.88  
Transfer/sec:     15.22KB
