Running 1m test @ http://10.110.211.94/?loopCount=25&base=6&exp=6
  1 threads and 1 connections

  Thread calibration: mean lat.: 808.059ms, rate sampling interval: 2908ms

-----------------------------------------------------------------------
Test Results @ http://10.110.211.94/?loopCount=25&base=6&exp=6 
  Thread Stats   Avg      Stdev     99%   +/- Stdev
    Latency     5.37s     2.19s    9.37s    58.71%
    Req/Sec    20.24      0.81    22.00    100.00%
  Latency Distribution (HdrHistogram - Recorded Latency)
 50.000%    5.27s 
 75.000%    7.03s 
 90.000%    8.33s 
 99.000%    9.37s 
 99.900%    9.37s 
 99.990%    9.38s 
 99.999%    9.38s 
100.000%    9.38s 

  Detailed Percentile spectrum:
       Value   Percentile   TotalCount 1/(1-Percentile)

    1475.583     0.000000            1         1.00
    2451.455     0.100000          106         1.11
    3037.183     0.200000          212         1.25
    3839.999     0.300000          317         1.43
    4624.383     0.400000          421         1.67
    5267.455     0.500000          526         2.00
    5713.919     0.550000          587         2.22
    5943.295     0.600000          634         2.50
    6348.799     0.650000          685         2.86
    6778.879     0.700000          743         3.33
    7032.831     0.750000          790         4.00
    7327.743     0.775000          820         4.44
    7647.231     0.800000          844         5.00
    7819.263     0.825000          868         5.71
    7897.087     0.850000          899         6.67
    8290.303     0.875000          924         8.00
    8327.167     0.887500          944         8.89
    8331.263     0.900000          946        10.00
    8683.519     0.912500          969        11.43
    8814.591     0.925000          973        13.33
    8945.663     0.937500          987        16.00
    9011.199     0.943750          996        17.78
    9019.391     0.950000         1000        20.00
    9109.503     0.956250         1008        22.86
    9150.463     0.962500         1012        26.67
    9289.727     0.968750         1019        32.00
    9297.919     0.971875         1030        35.56
    9297.919     0.975000         1030        40.00
    9297.919     0.978125         1030        45.71
    9347.071     0.981250         1037        53.33
    9347.071     0.984375         1037        64.00
    9347.071     0.985938         1037        71.11
    9363.455     0.987500         1039        80.00
    9371.647     0.989062         1050        91.43
    9371.647     0.990625         1050       106.67
    9371.647     0.992188         1050       128.00
    9371.647     0.992969         1050       142.22
    9371.647     0.993750         1050       160.00
    9371.647     0.994531         1050       182.86
    9371.647     0.995313         1050       213.33
    9371.647     0.996094         1050       256.00
    9371.647     0.996484         1050       284.44
    9371.647     0.996875         1050       320.00
    9371.647     0.997266         1050       365.71
    9371.647     0.997656         1050       426.67
    9371.647     0.998047         1050       512.00
    9371.647     0.998242         1050       568.89
    9371.647     0.998437         1050       640.00
    9371.647     0.998633         1050       731.43
    9371.647     0.998828         1050       853.33
    9371.647     0.999023         1050      1024.00
    9379.839     0.999121         1051      1137.78
    9379.839     1.000000         1051          inf
#[Mean    =     5366.708, StdDeviation   =     2192.567]
#[Max     =     9371.648, Total count    =         1051]
#[Buckets =           27, SubBuckets     =         2048]
-----------------------------------------------------------------------
  1265 requests in 1.00m, 385.45KB read
Requests/sec:     21.08  
Transfer/sec:      6.42KB
