Running 1m test @ http://10.108.10.66/?loopCount=25&base=6&exp=6
  5 threads and 5 connections

  Thread calibration: mean lat.: 159.744ms, rate sampling interval: 495ms
  Thread calibration: mean lat.: 165.233ms, rate sampling interval: 563ms
  Thread calibration: mean lat.: 570.603ms, rate sampling interval: 1800ms
  Thread calibration: mean lat.: 184.181ms, rate sampling interval: 767ms
  Thread calibration: mean lat.: 287.425ms, rate sampling interval: 1014ms

-----------------------------------------------------------------------
Test Results @ http://10.108.10.66/?loopCount=25&base=6&exp=6 
  Thread Stats   Avg      Stdev     99%   +/- Stdev
    Latency   171.22ms  108.77ms 452.86ms   66.67%
    Req/Sec     9.52      1.34    12.00     84.50%
  Latency Distribution (HdrHistogram - Recorded Latency)
 50.000%  144.51ms
 75.000%  244.99ms
 90.000%  342.78ms
 99.000%  452.86ms
 99.900%  532.99ms
 99.990%  541.70ms
 99.999%  541.70ms
100.000%  541.70ms

  Detailed Percentile spectrum:
       Value   Percentile   TotalCount 1/(1-Percentile)

      31.759     0.000000            1         1.00
      57.023     0.100000          250         1.11
      64.767     0.200000          500         1.25
      70.271     0.300000          748         1.43
     133.503     0.400000         1002         1.67
     144.511     0.500000         1247         2.00
     154.367     0.550000         1372         2.22
     164.095     0.600000         1496         2.50
     191.231     0.650000         1621         2.86
     233.983     0.700000         1747         3.33
     244.991     0.750000         1870         4.00
     251.135     0.775000         1933         4.44
     258.303     0.800000         1995         5.00
     267.263     0.825000         2057         5.71
     291.071     0.850000         2120         6.67
     332.287     0.875000         2184         8.00
     337.151     0.887500         2214         8.89
     342.783     0.900000         2244        10.00
     348.415     0.912500         2275        11.43
     354.303     0.925000         2307        13.33
     359.167     0.937500         2338        16.00
     361.983     0.943750         2353        17.78
     366.591     0.950000         2370        20.00
     377.599     0.956250         2384        22.86
     403.199     0.962500         2400        26.67
     432.383     0.968750         2417        32.00
     434.175     0.971875         2426        35.56
     435.711     0.975000         2431        40.00
     438.783     0.978125         2439        45.71
     440.319     0.981250         2447        53.33
     443.135     0.984375         2455        64.00
     447.487     0.985938         2458        71.11
     448.767     0.987500         2462        80.00
     452.095     0.989062         2466        91.43
     454.399     0.990625         2470       106.67
     456.959     0.992188         2474       128.00
     458.239     0.992969         2476       142.22
     463.359     0.993750         2478       160.00
     466.431     0.994531         2480       182.86
     481.791     0.995313         2482       213.33
     484.607     0.996094         2484       256.00
     486.655     0.996484         2485       284.44
     489.983     0.996875         2486       320.00
     495.871     0.997266         2487       365.71
     502.271     0.997656         2488       426.67
     529.407     0.998047         2489       512.00
     529.407     0.998242         2489       568.89
     532.991     0.998437         2491       640.00
     532.991     0.998633         2491       731.43
     532.991     0.998828         2491       853.33
     532.991     0.999023         2491      1024.00
     532.991     0.999121         2491      1137.78
     534.015     0.999219         2492      1280.00
     534.015     0.999316         2492      1462.86
     534.015     0.999414         2492      1706.67
     534.015     0.999512         2492      2048.00
     534.015     0.999561         2492      2275.56
     541.695     0.999609         2493      2560.00
     541.695     1.000000         2493          inf
#[Mean    =      171.224, StdDeviation   =      108.766]
#[Max     =      541.184, Total count    =         2493]
#[Buckets =           27, SubBuckets     =         2048]
-----------------------------------------------------------------------
  2986 requests in 1.00m, 0.89MB read
Requests/sec:     49.76  
Transfer/sec:     15.18KB
