Running 1m test @ http://10.106.106.124/?loopCount=25&base=6&exp=6
  1 threads and 1 connections

  Thread calibration: mean lat.: 795.632ms, rate sampling interval: 2945ms

-----------------------------------------------------------------------
Test Results @ http://10.106.106.124/?loopCount=25&base=6&exp=6 
  Thread Stats   Avg      Stdev     99%   +/- Stdev
    Latency     4.86s     2.24s    9.35s    60.08%
    Req/Sec    20.88      1.54    23.00     87.50%
  Latency Distribution (HdrHistogram - Recorded Latency)
 50.000%    4.41s 
 75.000%    6.63s 
 90.000%    8.40s 
 99.000%    9.35s 
 99.900%    9.62s 
 99.990%    9.64s 
 99.999%    9.64s 
100.000%    9.64s 

  Detailed Percentile spectrum:
       Value   Percentile   TotalCount 1/(1-Percentile)

    1682.431     0.000000            1         1.00
    2220.031     0.100000          106         1.11
    2619.391     0.200000          211         1.25
    3233.791     0.300000          320         1.43
    3704.831     0.400000          426         1.67
    4411.391     0.500000          526         2.00
    5206.015     0.550000          583         2.22
    5484.543     0.600000          639         2.50
    5623.807     0.650000          684         2.86
    6201.343     0.700000          737         3.33
    6627.327     0.750000          790         4.00
    6840.319     0.775000          817         4.44
    6942.719     0.800000          842         5.00
    7225.343     0.825000          868         5.71
    7626.751     0.850000          895         6.67
    8093.695     0.875000          922         8.00
    8228.863     0.887500          934         8.89
    8404.991     0.900000          952        10.00
    8421.375     0.912500          960        11.43
    8617.983     0.925000          979        13.33
    8675.327     0.937500          998        16.00
    8675.327     0.943750          998        17.78
    8732.671     0.950000         1003        20.00
    8806.399     0.956250         1006        22.86
    8896.511     0.962500         1014        26.67
    9043.967     0.968750         1020        32.00
    9052.159     0.971875         1025        35.56
    9093.119     0.975000         1026        40.00
    9256.959     0.978125         1030        45.71
    9297.919     0.981250         1037        53.33
    9297.919     0.984375         1037        64.00
    9322.495     0.985938         1039        71.11
    9322.495     0.987500         1039        80.00
    9347.071     0.989062         1042        91.43
    9396.223     0.990625         1044       106.67
    9396.223     0.992188         1044       128.00
    9445.375     0.992969         1045       142.22
    9494.527     0.993750         1046       160.00
    9543.679     0.994531         1047       182.86
    9609.215     0.995313         1048       213.33
    9609.215     0.996094         1048       256.00
    9617.407     0.996484         1051       284.44
    9617.407     0.996875         1051       320.00
    9617.407     0.997266         1051       365.71
    9617.407     0.997656         1051       426.67
    9617.407     0.998047         1051       512.00
    9617.407     0.998242         1051       568.89
    9617.407     0.998437         1051       640.00
    9617.407     0.998633         1051       731.43
    9617.407     0.998828         1051       853.33
    9617.407     0.999023         1051      1024.00
    9641.983     0.999121         1052      1137.78
    9641.983     1.000000         1052          inf
#[Mean    =     4862.739, StdDeviation   =     2235.848]
#[Max     =     9633.792, Total count    =         1052]
#[Buckets =           27, SubBuckets     =         2048]
-----------------------------------------------------------------------
  1259 requests in 1.00m, 383.61KB read
Requests/sec:     20.98  
Transfer/sec:      6.39KB
