Running 1m test @ http://10.109.115.86/?loopCount=25&base=6&exp=6
  1 threads and 1 connections

  Thread calibration: mean lat.: 3487.064ms, rate sampling interval: 12001ms

-----------------------------------------------------------------------
Test Results @ http://10.109.115.86/?loopCount=25&base=6&exp=6 
  Thread Stats   Avg      Stdev     99%   +/- Stdev
    Latency    20.57s     8.53s   34.47s    55.47%
    Req/Sec    10.50      0.50    11.00    100.00%
  Latency Distribution (HdrHistogram - Recorded Latency)
 50.000%   20.55s 
 75.000%   28.18s 
 90.000%   32.41s 
 99.000%   34.47s 
 99.900%   34.64s 
 99.990%   34.70s 
 99.999%   34.70s 
100.000%   34.70s 

  Detailed Percentile spectrum:
       Value   Percentile   TotalCount 1/(1-Percentile)

    6275.071     0.000000            2         1.00
    8568.831     0.100000           54         1.11
   11411.455     0.200000          109         1.25
   14745.599     0.300000          162         1.43
   17776.639     0.400000          216         1.67
   20545.535     0.500000          270         2.00
   22134.783     0.550000          298         2.22
   23658.495     0.600000          324         2.50
   25116.671     0.650000          351         2.86
   26509.311     0.700000          378         3.33
   28229.631     0.750000          405         4.00
   28917.759     0.775000          418         4.44
   29736.959     0.800000          432         5.00
   30359.551     0.825000          445         5.71
   31162.367     0.850000          459         6.67
   31752.191     0.875000          472         8.00
   32145.407     0.887500          479         8.89
   32489.471     0.900000          486        10.00
   32767.999     0.912500          492        11.43
   33112.063     0.925000          499        13.33
   33243.135     0.937500          506        16.00
   33390.591     0.943750          509        17.78
   33521.663     0.950000          513        20.00
   33619.967     0.956250          516        22.86
   33783.807     0.962500          519        26.67
   33947.647     0.968750          523        32.00
   33980.415     0.971875          524        35.56
   34078.719     0.975000          526        40.00
   34144.255     0.978125          528        45.71
   34209.791     0.981250          529        53.33
   34308.095     0.984375          531        64.00
   34373.631     0.985938          532        71.11
   34406.399     0.987500          533        80.00
   34471.935     0.989062          534        91.43
   34471.935     0.990625          534       106.67
   34537.471     0.992188          535       128.00
   34603.007     0.992969          536       142.22
   34603.007     0.993750          536       160.00
   34635.775     0.994531          538       182.86
   34635.775     0.995313          538       213.33
   34635.775     0.996094          538       256.00
   34635.775     0.996484          538       284.44
   34635.775     0.996875          538       320.00
   34635.775     0.997266          538       365.71
   34635.775     0.997656          538       426.67
   34635.775     0.998047          538       512.00
   34701.311     0.998242          539       568.89
   34701.311     1.000000          539          inf
#[Mean    =    20570.549, StdDeviation   =     8528.519]
#[Max     =    34668.544, Total count    =          539]
#[Buckets =           27, SubBuckets     =         2048]
-----------------------------------------------------------------------
  632 requests in 1.00m, 192.81KB read
Requests/sec:     10.53  
Transfer/sec:      3.21KB
