Running 1m test @ http://10.108.10.66/?loopCount=25&base=6&exp=6
  5 threads and 5 connections

  Thread calibration: mean lat.: 1512.184ms, rate sampling interval: 5439ms
  Thread calibration: mean lat.: 1658.705ms, rate sampling interval: 5677ms
  Thread calibration: mean lat.: 1655.451ms, rate sampling interval: 5775ms
  Thread calibration: mean lat.: 1476.437ms, rate sampling interval: 5337ms
  Thread calibration: mean lat.: 1531.806ms, rate sampling interval: 5361ms

-----------------------------------------------------------------------
Test Results @ http://10.108.10.66/?loopCount=25&base=6&exp=6 
  Thread Stats   Avg      Stdev     99%   +/- Stdev
    Latency    11.47s     4.76s   19.51s    57.34%
    Req/Sec     9.58      0.54    10.00     97.67%
  Latency Distribution (HdrHistogram - Recorded Latency)
 50.000%   11.43s 
 75.000%   15.72s 
 90.000%   18.01s 
 99.000%   19.51s 
 99.900%   19.82s 
 99.990%   19.87s 
 99.999%   19.87s 
100.000%   19.87s 

  Detailed Percentile spectrum:
       Value   Percentile   TotalCount 1/(1-Percentile)

    2887.679     0.000000            1         1.00
    4911.103     0.100000          254         1.11
    6610.943     0.200000          505         1.25
    8179.711     0.300000          757         1.43
    9879.551     0.400000         1010         1.67
   11427.839     0.500000         1261         2.00
   12181.503     0.550000         1390         2.22
   13115.391     0.600000         1517         2.50
   14098.431     0.650000         1640         2.86
   14966.783     0.700000         1766         3.33
   15720.447     0.750000         1893         4.00
   16089.087     0.775000         1955         4.44
   16531.455     0.800000         2018         5.00
   16859.135     0.825000         2085         5.71
   17203.199     0.850000         2148         6.67
   17563.647     0.875000         2208         8.00
   17809.407     0.887500         2239         8.89
   18006.015     0.900000         2270        10.00
   18137.087     0.912500         2306        11.43
   18284.543     0.925000         2339        13.33
   18448.383     0.937500         2365        16.00
   18530.303     0.943750         2381        17.78
   18677.759     0.950000         2396        20.00
   18825.215     0.956250         2415        22.86
   18972.671     0.962500         2430        26.67
   19070.975     0.968750         2445        32.00
   19120.127     0.971875         2454        35.56
   19169.279     0.975000         2461        40.00
   19202.047     0.978125         2470        45.71
   19218.431     0.981250         2476        53.33
   19267.583     0.984375         2484        64.00
   19300.351     0.985938         2487        71.11
   19349.503     0.987500         2491        80.00
   19415.039     0.989062         2495        91.43
   19546.111     0.990625         2499       106.67
   19595.263     0.992188         2503       128.00
   19611.647     0.992969         2507       142.22
   19611.647     0.993750         2507       160.00
   19677.183     0.994531         2510       182.86
   19709.951     0.995313         2511       213.33
   19759.103     0.996094         2513       256.00
   19775.487     0.996484         2515       284.44
   19775.487     0.996875         2515       320.00
   19791.871     0.997266         2516       365.71
   19808.255     0.997656         2518       426.67
   19808.255     0.998047         2518       512.00
   19808.255     0.998242         2518       568.89
   19824.639     0.998437         2519       640.00
   19824.639     0.998633         2519       731.43
   19841.023     0.998828         2521       853.33
   19841.023     0.999023         2521      1024.00
   19841.023     0.999121         2521      1137.78
   19841.023     0.999219         2521      1280.00
   19841.023     0.999316         2521      1462.86
   19841.023     0.999414         2521      1706.67
   19841.023     0.999512         2521      2048.00
   19841.023     0.999561         2521      2275.56
   19873.791     0.999609         2522      2560.00
   19873.791     1.000000         2522          inf
#[Mean    =    11467.880, StdDeviation   =     4757.123]
#[Max     =    19857.408, Total count    =         2522]
#[Buckets =           27, SubBuckets     =         2048]
-----------------------------------------------------------------------
  3037 requests in 1.00m, 0.90MB read
Requests/sec:     50.61  
Transfer/sec:     15.44KB
