Running 1m test @ http://10.99.199.129/?loopCount=25&base=6&exp=6
  5 threads and 5 connections

  Thread calibration: mean lat.: 137.109ms, rate sampling interval: 456ms
  Thread calibration: mean lat.: 148.602ms, rate sampling interval: 503ms
  Thread calibration: mean lat.: 107.232ms, rate sampling interval: 346ms
  Thread calibration: mean lat.: 234.315ms, rate sampling interval: 797ms
  Thread calibration: mean lat.: 133.632ms, rate sampling interval: 486ms

-----------------------------------------------------------------------
Test Results @ http://10.99.199.129/?loopCount=25&base=6&exp=6 
  Thread Stats   Avg      Stdev     99%   +/- Stdev
    Latency   109.90ms   80.23ms 410.37ms   84.71%
    Req/Sec    14.52      2.20    20.00     84.11%
  Latency Distribution (HdrHistogram - Recorded Latency)
 50.000%   85.12ms
 75.000%  144.77ms
 90.000%  218.49ms
 99.000%  410.37ms
 99.900%  502.78ms
 99.990%  530.43ms
 99.999%  530.43ms
100.000%  530.43ms

  Detailed Percentile spectrum:
       Value   Percentile   TotalCount 1/(1-Percentile)

      21.535     0.000000            1         1.00
      40.671     0.100000          377         1.11
      42.207     0.200000          752         1.25
      55.423     0.300000         1127         1.43
      68.543     0.400000         1503         1.67
      85.119     0.500000         1880         2.00
      92.735     0.550000         2066         2.22
     100.479     0.600000         2256         2.50
     114.879     0.650000         2441         2.86
     126.783     0.700000         2632         3.33
     144.895     0.750000         2818         4.00
     153.599     0.775000         2912         4.44
     162.687     0.800000         3004         5.00
     175.103     0.825000         3098         5.71
     188.543     0.850000         3192         6.67
     199.807     0.875000         3286         8.00
     208.767     0.887500         3336         8.89
     218.495     0.900000         3381        10.00
     227.839     0.912500         3427        11.43
     240.511     0.925000         3474        13.33
     255.871     0.937500         3521        16.00
     260.607     0.943750         3545        17.78
     269.311     0.950000         3569        20.00
     281.855     0.956250         3592        22.86
     289.791     0.962500         3617        26.67
     303.615     0.968750         3638        32.00
     311.551     0.971875         3651        35.56
     321.279     0.975000         3662        40.00
     330.495     0.978125         3673        45.71
     353.279     0.981250         3685        53.33
     375.039     0.984375         3697        64.00
     386.047     0.985938         3703        71.11
     391.679     0.987500         3710        80.00
     401.151     0.989062         3714        91.43
     415.231     0.990625         3720       106.67
     424.959     0.992188         3726       128.00
     426.751     0.992969         3729       142.22
     429.311     0.993750         3732       160.00
     447.487     0.994531         3735       182.86
     455.167     0.995313         3738       213.33
     474.367     0.996094         3741       256.00
     477.951     0.996484         3742       284.44
     479.999     0.996875         3744       320.00
     484.095     0.997266         3745       365.71
     488.447     0.997656         3747       426.67
     496.127     0.998047         3748       512.00
     498.943     0.998242         3749       568.89
     500.735     0.998437         3750       640.00
     500.735     0.998633         3750       731.43
     502.783     0.998828         3751       853.33
     504.319     0.999023         3752      1024.00
     504.319     0.999121         3752      1137.78
     521.983     0.999219         3753      1280.00
     521.983     0.999316         3753      1462.86
     521.983     0.999414         3753      1706.67
     524.799     0.999512         3754      2048.00
     524.799     0.999561         3754      2275.56
     524.799     0.999609         3754      2560.00
     524.799     0.999658         3754      2925.71
     524.799     0.999707         3754      3413.33
     530.431     0.999756         3755      4096.00
     530.431     1.000000         3755          inf
#[Mean    =      109.903, StdDeviation   =       80.225]
#[Max     =      529.920, Total count    =         3755]
#[Buckets =           27, SubBuckets     =         2048]
-----------------------------------------------------------------------
  4490 requests in 1.00m, 1.34MB read
Requests/sec:     74.83  
Transfer/sec:     22.80KB
