Running 1m test @ http://10.102.207.185/?loopCount=25&base=6&exp=6
  1 threads and 1 connections

  Thread calibration: mean lat.: 3038.957ms, rate sampling interval: 10739ms

-----------------------------------------------------------------------
Test Results @ http://10.102.207.185/?loopCount=25&base=6&exp=6 
  Thread Stats   Avg      Stdev     99%   +/- Stdev
    Latency    21.36s     8.49s   35.16s    59.26%
    Req/Sec     9.75      0.43    10.00    100.00%
  Latency Distribution (HdrHistogram - Recorded Latency)
 50.000%   21.79s 
 75.000%   29.02s 
 90.000%   32.90s 
 99.000%   35.16s 
 99.900%   35.42s 
 99.990%   35.49s 
 99.999%   35.49s 
100.000%   35.49s 

  Detailed Percentile spectrum:
       Value   Percentile   TotalCount 1/(1-Percentile)

    6025.215     0.000000            2         1.00
    9199.615     0.100000           52         1.11
   12754.943     0.200000          103         1.25
   15605.759     0.300000          155         1.43
   18825.215     0.400000          206         1.67
   21790.719     0.500000          257         2.00
   22970.367     0.550000          283         2.22
   24559.615     0.600000          308         2.50
   26034.175     0.650000          334         2.86
   27361.279     0.700000          360         3.33
   29016.063     0.750000          388         4.00
   29360.127     0.775000          399         4.44
   30015.487     0.800000          411         5.00
   30556.159     0.825000          424         5.71
   31391.743     0.850000          437         6.67
   32210.943     0.875000          450         8.00
   32555.007     0.887500          456         8.89
   32899.071     0.900000          462        10.00
   33243.135     0.912500          469        11.43
   33587.199     0.925000          475        13.33
   33849.343     0.937500          482        16.00
   34078.719     0.943750          485        17.78
   34209.791     0.950000          488        20.00
   34340.863     0.956250          491        22.86
   34471.935     0.962500          494        26.67
   34603.007     0.968750          500        32.00
   34603.007     0.971875          500        35.56
   34668.543     0.975000          501        40.00
   34734.079     0.978125          502        45.71
   34930.687     0.981250          504        53.33
   34963.455     0.984375          505        64.00
   35028.991     0.985938          506        71.11
   35094.527     0.987500          507        80.00
   35160.063     0.989062          508        91.43
   35225.599     0.990625          509       106.67
   35225.599     0.992188          509       128.00
   35291.135     0.992969          510       142.22
   35291.135     0.993750          510       160.00
   35356.671     0.994531          511       182.86
   35356.671     0.995313          511       213.33
   35356.671     0.996094          511       256.00
   35422.207     0.996484          512       284.44
   35422.207     0.996875          512       320.00
   35422.207     0.997266          512       365.71
   35422.207     0.997656          512       426.67
   35422.207     0.998047          512       512.00
   35487.743     0.998242          513       568.89
   35487.743     1.000000          513          inf
#[Mean    =    21358.644, StdDeviation   =     8490.736]
#[Max     =    35454.976, Total count    =          513]
#[Buckets =           27, SubBuckets     =         2048]
-----------------------------------------------------------------------
  612 requests in 1.00m, 186.72KB read
Requests/sec:     10.20  
Transfer/sec:      3.11KB
