Running 1m test @ http://10.104.225.39/?loopCount=25&base=6&exp=6
  5 threads and 5 connections

  Thread calibration: mean lat.: 615.670ms, rate sampling interval: 1800ms
  Thread calibration: mean lat.: 273.660ms, rate sampling interval: 889ms
  Thread calibration: mean lat.: 272.974ms, rate sampling interval: 803ms
  Thread calibration: mean lat.: 137.601ms, rate sampling interval: 527ms
  Thread calibration: mean lat.: 385.666ms, rate sampling interval: 1283ms

-----------------------------------------------------------------------
Test Results @ http://10.104.225.39/?loopCount=25&base=6&exp=6 
  Thread Stats   Avg      Stdev     99%   +/- Stdev
    Latency    85.23ms   63.12ms 354.56ms   88.66%
    Req/Sec    14.56      1.24    17.00     90.25%
  Latency Distribution (HdrHistogram - Recorded Latency)
 50.000%   63.81ms
 75.000%  101.31ms
 90.000%  156.29ms
 99.000%  354.56ms
 99.900%  444.93ms
 99.990%  487.17ms
 99.999%  487.17ms
100.000%  487.17ms

  Detailed Percentile spectrum:
       Value   Percentile   TotalCount 1/(1-Percentile)

      21.631     0.000000            1         1.00
      40.415     0.100000          377         1.11
      41.087     0.200000          757         1.25
      44.511     0.300000         1128         1.43
      53.727     0.400000         1502         1.67
      63.807     0.500000         1878         2.00
      69.759     0.550000         2066         2.22
      76.799     0.600000         2256         2.50
      84.031     0.650000         2443         2.86
      92.223     0.700000         2629         3.33
     101.311     0.750000         2818         4.00
     108.671     0.775000         2911         4.44
     115.263     0.800000         3005         5.00
     123.839     0.825000         3098         5.71
     130.303     0.850000         3192         6.67
     142.335     0.875000         3286         8.00
     148.863     0.887500         3333         8.89
     156.287     0.900000         3380        10.00
     167.039     0.912500         3427        11.43
     178.687     0.925000         3474        13.33
     194.815     0.937500         3521        16.00
     202.879     0.943750         3544        17.78
     210.815     0.950000         3568        20.00
     220.671     0.956250         3591        22.86
     233.215     0.962500         3615        26.67
     247.551     0.968750         3638        32.00
     262.399     0.971875         3650        35.56
     273.407     0.975000         3662        40.00
     287.999     0.978125         3673        45.71
     307.711     0.981250         3685        53.33
     322.559     0.984375         3697        64.00
     331.519     0.985938         3703        71.11
     341.759     0.987500         3709        80.00
     345.087     0.989062         3714        91.43
     358.655     0.990625         3720       106.67
     374.527     0.992188         3726       128.00
     378.111     0.992969         3729       142.22
     381.695     0.993750         3732       160.00
     401.407     0.994531         3735       182.86
     403.967     0.995313         3738       213.33
     409.343     0.996094         3741       256.00
     416.511     0.996484         3742       284.44
     423.423     0.996875         3744       320.00
     426.239     0.997266         3745       365.71
     426.751     0.997656         3747       426.67
     427.775     0.998047         3748       512.00
     429.311     0.998242         3749       568.89
     443.903     0.998437         3750       640.00
     443.903     0.998633         3750       731.43
     444.927     0.998828         3751       853.33
     452.607     0.999023         3752      1024.00
     452.607     0.999121         3752      1137.78
     461.567     0.999219         3753      1280.00
     461.567     0.999316         3753      1462.86
     461.567     0.999414         3753      1706.67
     462.335     0.999512         3754      2048.00
     462.335     0.999561         3754      2275.56
     462.335     0.999609         3754      2560.00
     462.335     0.999658         3754      2925.71
     462.335     0.999707         3754      3413.33
     487.167     0.999756         3755      4096.00
     487.167     1.000000         3755          inf
#[Mean    =       85.234, StdDeviation   =       63.123]
#[Max     =      486.912, Total count    =         3755]
#[Buckets =           27, SubBuckets     =         2048]
-----------------------------------------------------------------------
  4493 requests in 1.00m, 1.34MB read
Requests/sec:     74.88  
Transfer/sec:     22.82KB
