Running 1m test @ http://10.107.164.151/?loopCount=25&base=6&exp=6
  1 threads and 1 connections

  Thread calibration: mean lat.: 3047.203ms, rate sampling interval: 10780ms

-----------------------------------------------------------------------
Test Results @ http://10.107.164.151/?loopCount=25&base=6&exp=6 
  Thread Stats   Avg      Stdev     99%   +/- Stdev
    Latency    19.63s     7.99s   32.67s    55.65%
    Req/Sec    11.00      0.00    11.00    100.00%
  Latency Distribution (HdrHistogram - Recorded Latency)
 50.000%   19.68s 
 75.000%   26.76s 
 90.000%   30.87s 
 99.000%   32.67s 
 99.900%   33.01s 
 99.990%   33.01s 
 99.999%   33.01s 
100.000%   33.01s 

  Detailed Percentile spectrum:
       Value   Percentile   TotalCount 1/(1-Percentile)

    6070.271     0.000000            1         1.00
    8568.831     0.100000           58         1.11
   11198.463     0.200000          115         1.25
   14311.423     0.300000          173         1.43
   16588.799     0.400000          230         1.67
   19677.183     0.500000          288         2.00
   21020.671     0.550000          317         2.22
   22216.703     0.600000          345         2.50
   23740.415     0.650000          374         2.86
   25411.583     0.700000          403         3.33
   26820.607     0.750000          432         4.00
   27574.271     0.775000          446         4.44
   28295.167     0.800000          460         5.00
   28884.991     0.825000          475         5.71
   29442.047     0.850000          489         6.67
   30228.479     0.875000          505         8.00
   30474.239     0.887500          511         8.89
   30867.455     0.900000          518        10.00
   31096.831     0.912500          525        11.43
   31424.511     0.925000          532        13.33
   31703.039     0.937500          541        16.00
   31768.575     0.943750          543        17.78
   31997.951     0.950000          547        20.00
   32112.639     0.956250          550        22.86
   32178.175     0.962500          556        26.67
   32260.095     0.968750          559        32.00
   32260.095     0.971875          559        35.56
   32358.399     0.975000          561        40.00
   32407.551     0.978125          563        45.71
   32505.855     0.981250          565        53.33
   32555.007     0.984375          567        64.00
   32555.007     0.985938          567        71.11
   32653.311     0.987500          568        80.00
   32669.695     0.989062          569        91.43
   32718.847     0.990625          570       106.67
   32767.999     0.992188          571       128.00
   32767.999     0.992969          571       142.22
   32833.535     0.993750          572       160.00
   32833.535     0.994531          572       182.86
   32899.071     0.995313          573       213.33
   32899.071     0.996094          573       256.00
   32899.071     0.996484          573       284.44
   33013.759     0.996875          575       320.00
   33013.759     1.000000          575          inf
#[Mean    =    19632.384, StdDeviation   =     7994.845]
#[Max     =    32997.376, Total count    =          575]
#[Buckets =           27, SubBuckets     =         2048]
-----------------------------------------------------------------------
  674 requests in 1.00m, 205.54KB read
Requests/sec:     11.23  
Transfer/sec:      3.43KB
