Running 1m test @ http://10.105.168.171/?loopCount=25&base=6&exp=6
  5 threads and 5 connections

  Thread calibration: mean lat.: 70.515ms, rate sampling interval: 293ms
  Thread calibration: mean lat.: 79.231ms, rate sampling interval: 307ms
  Thread calibration: mean lat.: 63.978ms, rate sampling interval: 249ms
  Thread calibration: mean lat.: 56.910ms, rate sampling interval: 166ms
  Thread calibration: mean lat.: 69.335ms, rate sampling interval: 263ms

-----------------------------------------------------------------------
Test Results @ http://10.105.168.171/?loopCount=25&base=6&exp=6 
  Thread Stats   Avg      Stdev     99%   +/- Stdev
    Latency    74.97ms   52.79ms 302.59ms   85.28%
    Req/Sec     9.74      2.96    18.00     93.35%
  Latency Distribution (HdrHistogram - Recorded Latency)
 50.000%   51.04ms
 75.000%   93.50ms
 90.000%  147.33ms
 99.000%  302.59ms
 99.900%  369.41ms
 99.990%  378.88ms
 99.999%  378.88ms
100.000%  378.88ms

  Detailed Percentile spectrum:
       Value   Percentile   TotalCount 1/(1-Percentile)

      21.359     0.000000            1         1.00
      40.479     0.100000          261         1.11
      40.991     0.200000          507         1.25
      41.535     0.300000          755         1.43
      42.335     0.400000         1004         1.67
      51.039     0.500000         1251         2.00
      59.423     0.550000         1375         2.22
      66.495     0.600000         1500         2.50
      73.855     0.650000         1625         2.86
      77.887     0.700000         1750         3.33
      93.503     0.750000         1875         4.00
     103.871     0.775000         1938         4.44
     106.815     0.800000         2001         5.00
     116.031     0.825000         2063         5.71
     126.527     0.850000         2125         6.67
     142.335     0.875000         2191         8.00
     144.255     0.887500         2220         8.89
     147.327     0.900000         2250        10.00
     149.887     0.912500         2284        11.43
     152.063     0.925000         2313        13.33
     154.879     0.937500         2344        16.00
     158.335     0.943750         2360        17.78
     161.151     0.950000         2375        20.00
     167.423     0.956250         2391        22.86
     176.895     0.962500         2407        26.67
     203.135     0.968750         2422        32.00
     206.335     0.971875         2430        35.56
     222.719     0.975000         2438        40.00
     242.175     0.978125         2446        45.71
     249.727     0.981250         2454        53.33
     253.951     0.984375         2461        64.00
     260.223     0.985938         2465        71.11
     266.239     0.987500         2469        80.00
     281.087     0.989062         2473        91.43
     304.895     0.990625         2477       106.67
     319.999     0.992188         2481       128.00
     327.167     0.992969         2483       142.22
     342.527     0.993750         2485       160.00
     349.439     0.994531         2487       182.86
     353.279     0.995313         2489       213.33
     354.047     0.996094         2491       256.00
     354.303     0.996484         2492       284.44
     354.559     0.996875         2493       320.00
     359.679     0.997266         2494       365.71
     361.983     0.997656         2495       426.67
     364.287     0.998047         2496       512.00
     364.287     0.998242         2496       568.89
     364.543     0.998437         2497       640.00
     364.543     0.998633         2497       731.43
     369.407     0.998828         2498       853.33
     369.407     0.999023         2498      1024.00
     369.407     0.999121         2498      1137.78
     374.527     0.999219         2499      1280.00
     374.527     0.999316         2499      1462.86
     374.527     0.999414         2499      1706.67
     374.527     0.999512         2499      2048.00
     374.527     0.999561         2499      2275.56
     378.879     0.999609         2500      2560.00
     378.879     1.000000         2500          inf
#[Mean    =       74.971, StdDeviation   =       52.792]
#[Max     =      378.624, Total count    =         2500]
#[Buckets =           27, SubBuckets     =         2048]
-----------------------------------------------------------------------
  2995 requests in 1.00m, 0.89MB read
Requests/sec:     49.91  
Transfer/sec:     15.22KB
