Running 1m test @ http://10.97.57.202/?loopCount=25&base=6&exp=6
  1 threads and 1 connections

  Thread calibration: mean lat.: 94.626ms, rate sampling interval: 280ms

-----------------------------------------------------------------------
Test Results @ http://10.97.57.202/?loopCount=25&base=6&exp=6 
  Thread Stats   Avg      Stdev     99%   +/- Stdev
    Latency   134.64ms   62.59ms 264.45ms   63.11%
    Req/Sec    24.87      1.45    28.00     85.39%
  Latency Distribution (HdrHistogram - Recorded Latency)
 50.000%  133.89ms
 75.000%  165.38ms
 90.000%  234.62ms
 99.000%  264.45ms
 99.900%  268.29ms
 99.990%  269.31ms
 99.999%  269.31ms
100.000%  269.31ms

  Detailed Percentile spectrum:
       Value   Percentile   TotalCount 1/(1-Percentile)

      37.631     0.000000            1         1.00
      48.191     0.100000          125         1.11
      71.551     0.200000          250         1.25
      96.767     0.300000          375         1.43
     115.135     0.400000          499         1.67
     133.887     0.500000          625         2.00
     144.383     0.550000          686         2.22
     154.367     0.600000          752         2.50
     156.287     0.650000          815         2.86
     159.231     0.700000          873         3.33
     165.375     0.750000          936         4.00
     169.087     0.775000          968         4.44
     177.919     0.800000         1001         5.00
     191.871     0.825000         1029         5.71
     207.231     0.850000         1060         6.67
     221.951     0.875000         1094         8.00
     226.943     0.887500         1107         8.89
     234.751     0.900000         1123        10.00
     239.871     0.912500         1138        11.43
     246.655     0.925000         1154        13.33
     253.951     0.937500         1171        16.00
     255.359     0.943750         1178        17.78
     256.767     0.950000         1186        20.00
     258.687     0.956250         1194        22.86
     259.711     0.962500         1201        26.67
     261.247     0.968750         1210        32.00
     261.887     0.971875         1212        35.56
     262.655     0.975000         1216        40.00
     263.167     0.978125         1222        45.71
     263.423     0.981250         1226        53.33
     263.679     0.984375         1229        64.00
     263.935     0.985938         1233        71.11
     263.935     0.987500         1233        80.00
     264.191     0.989062         1234        91.43
     264.703     0.990625         1236       106.67
     265.983     0.992188         1238       128.00
     266.239     0.992969         1240       142.22
     266.239     0.993750         1240       160.00
     267.007     0.994531         1242       182.86
     267.007     0.995313         1242       213.33
     267.263     0.996094         1244       256.00
     267.263     0.996484         1244       284.44
     267.263     0.996875         1244       320.00
     267.263     0.997266         1244       365.71
     267.775     0.997656         1245       426.67
     267.775     0.998047         1245       512.00
     267.775     0.998242         1245       568.89
     268.287     0.998437         1246       640.00
     268.287     0.998633         1246       731.43
     268.287     0.998828         1246       853.33
     268.287     0.999023         1246      1024.00
     268.287     0.999121         1246      1137.78
     269.311     0.999219         1247      1280.00
     269.311     1.000000         1247          inf
#[Mean    =      134.639, StdDeviation   =       62.586]
#[Max     =      269.056, Total count    =         1247]
#[Buckets =           27, SubBuckets     =         2048]
-----------------------------------------------------------------------
  1493 requests in 1.00m, 454.90KB read
Requests/sec:     24.88  
Transfer/sec:      7.58KB
