Running 1m test @ http://10.102.255.30/?loopCount=25&base=6&exp=6
  5 threads and 5 connections

  Thread calibration: mean lat.: 304.762ms, rate sampling interval: 894ms
  Thread calibration: mean lat.: 194.972ms, rate sampling interval: 662ms
  Thread calibration: mean lat.: 254.773ms, rate sampling interval: 751ms
  Thread calibration: mean lat.: 187.160ms, rate sampling interval: 685ms
  Thread calibration: mean lat.: 513.847ms, rate sampling interval: 1299ms

-----------------------------------------------------------------------
Test Results @ http://10.102.255.30/?loopCount=25&base=6&exp=6 
  Thread Stats   Avg      Stdev     99%   +/- Stdev
    Latency    80.69ms   62.40ms 330.24ms   88.63%
    Req/Sec    14.56      1.15    17.00     94.44%
  Latency Distribution (HdrHistogram - Recorded Latency)
 50.000%   57.60ms
 75.000%   91.71ms
 90.000%  156.54ms
 99.000%  330.24ms
 99.900%  415.49ms
 99.990%  467.45ms
 99.999%  467.45ms
100.000%  467.45ms

  Detailed Percentile spectrum:
       Value   Percentile   TotalCount 1/(1-Percentile)

      21.455     0.000000            1         1.00
      40.351     0.100000          380         1.11
      41.471     0.200000          752         1.25
      42.687     0.300000         1133         1.43
      48.607     0.400000         1504         1.67
      57.599     0.500000         1881         2.00
      61.887     0.550000         2067         2.22
      66.367     0.600000         2255         2.50
      73.983     0.650000         2446         2.86
      82.047     0.700000         2630         3.33
      91.711     0.750000         2819         4.00
      96.511     0.775000         2911         4.44
     102.975     0.800000         3007         5.00
     113.343     0.825000         3099         5.71
     124.223     0.850000         3193         6.67
     134.271     0.875000         3287         8.00
     143.615     0.887500         3334         8.89
     156.543     0.900000         3381        10.00
     166.911     0.912500         3428        11.43
     182.399     0.925000         3475        13.33
     202.495     0.937500         3522        16.00
     217.215     0.943750         3545        17.78
     226.047     0.950000         3569        20.00
     237.951     0.956250         3592        22.86
     251.135     0.962500         3616        26.67
     262.015     0.968750         3639        32.00
     267.775     0.971875         3651        35.56
     279.039     0.975000         3663        40.00
     289.023     0.978125         3675        45.71
     293.887     0.981250         3687        53.33
     311.807     0.984375         3699        64.00
     313.855     0.985938         3704        71.11
     322.047     0.987500         3710        80.00
     327.679     0.989062         3715        91.43
     335.103     0.990625         3721       106.67
     345.343     0.992188         3727       128.00
     350.207     0.992969         3730       142.22
     359.423     0.993750         3733       160.00
     361.215     0.994531         3736       182.86
     364.543     0.995313         3739       213.33
     369.151     0.996094         3742       256.00
     369.663     0.996484         3743       284.44
     376.063     0.996875         3745       320.00
     391.167     0.997266         3747       365.71
     392.191     0.997656         3748       426.67
     395.519     0.998047         3749       512.00
     397.055     0.998242         3750       568.89
     409.087     0.998437         3751       640.00
     409.087     0.998633         3751       731.43
     415.487     0.998828         3752       853.33
     415.743     0.999023         3753      1024.00
     415.743     0.999121         3753      1137.78
     428.031     0.999219         3754      1280.00
     428.031     0.999316         3754      1462.86
     428.031     0.999414         3754      1706.67
     441.599     0.999512         3755      2048.00
     441.599     0.999561         3755      2275.56
     441.599     0.999609         3755      2560.00
     441.599     0.999658         3755      2925.71
     441.599     0.999707         3755      3413.33
     467.455     0.999756         3756      4096.00
     467.455     1.000000         3756          inf
#[Mean    =       80.690, StdDeviation   =       62.395]
#[Max     =      467.200, Total count    =         3756]
#[Buckets =           27, SubBuckets     =         2048]
-----------------------------------------------------------------------
  4495 requests in 1.00m, 1.34MB read
Requests/sec:     74.91  
Transfer/sec:     22.83KB
