Running 1m test @ http://10.96.158.146/?loopCount=25&base=6&exp=6
  5 threads and 5 connections

  Thread calibration: mean lat.: 1746.972ms, rate sampling interval: 6017ms
  Thread calibration: mean lat.: 1703.411ms, rate sampling interval: 6172ms
  Thread calibration: mean lat.: 1836.791ms, rate sampling interval: 6045ms
  Thread calibration: mean lat.: 1539.606ms, rate sampling interval: 5885ms
  Thread calibration: mean lat.: 1662.872ms, rate sampling interval: 5918ms

-----------------------------------------------------------------------
Test Results @ http://10.96.158.146/?loopCount=25&base=6&exp=6 
  Thread Stats   Avg      Stdev     99%   +/- Stdev
    Latency    11.45s     4.69s   19.79s    57.61%
    Req/Sec     9.62      0.48    10.00    100.00%
  Latency Distribution (HdrHistogram - Recorded Latency)
 50.000%   11.40s 
 75.000%   15.52s 
 90.000%   18.04s 
 99.000%   19.79s 
 99.900%   20.02s 
 99.990%   20.10s 
 99.999%   20.10s 
100.000%   20.10s 

  Detailed Percentile spectrum:
       Value   Percentile   TotalCount 1/(1-Percentile)

    3373.055     0.000000            1         1.00
    5103.615     0.100000          254         1.11
    6524.927     0.200000          508         1.25
    8142.847     0.300000          761         1.43
    9797.631     0.400000         1016         1.67
   11395.071     0.500000         1268         2.00
   12189.695     0.550000         1398         2.22
   13000.703     0.600000         1523         2.50
   13787.135     0.650000         1649         2.86
   14712.831     0.700000         1776         3.33
   15515.647     0.750000         1902         4.00
   15933.439     0.775000         1966         4.44
   16269.311     0.800000         2029         5.00
   16728.063     0.825000         2093         5.71
   17186.815     0.850000         2157         6.67
   17547.263     0.875000         2219         8.00
   17793.023     0.887500         2251         8.89
   18055.167     0.900000         2285        10.00
   18219.007     0.912500         2317        11.43
   18399.231     0.925000         2346        13.33
   18579.455     0.937500         2378        16.00
   18710.527     0.943750         2394        17.78
   18857.983     0.950000         2412        20.00
   18956.287     0.956250         2428        22.86
   19038.207     0.962500         2443        26.67
   19152.895     0.968750         2457        32.00
   19251.199     0.971875         2466        35.56
   19300.351     0.975000         2476        40.00
   19349.503     0.978125         2481        45.71
   19447.807     0.981250         2489        53.33
   19546.111     0.984375         2497        64.00
   19628.031     0.985938         2501        71.11
   19677.183     0.987500         2505        80.00
   19726.335     0.989062         2510        91.43
   19808.255     0.990625         2513       106.67
   19841.023     0.992188         2517       128.00
   19857.407     0.992969         2519       142.22
   19890.175     0.993750         2521       160.00
   19922.943     0.994531         2523       182.86
   19939.327     0.995313         2525       213.33
   19955.711     0.996094         2527       256.00
   19972.095     0.996484         2528       284.44
   19988.479     0.996875         2529       320.00
   20004.863     0.997266         2532       365.71
   20004.863     0.997656         2532       426.67
   20004.863     0.998047         2532       512.00
   20004.863     0.998242         2532       568.89
   20021.247     0.998437         2533       640.00
   20021.247     0.998633         2533       731.43
   20037.631     0.998828         2534       853.33
   20037.631     0.999023         2534      1024.00
   20037.631     0.999121         2534      1137.78
   20070.399     0.999219         2535      1280.00
   20070.399     0.999316         2535      1462.86
   20070.399     0.999414         2535      1706.67
   20070.399     0.999512         2535      2048.00
   20070.399     0.999561         2535      2275.56
   20103.167     0.999609         2536      2560.00
   20103.167     1.000000         2536          inf
#[Mean    =    11453.572, StdDeviation   =     4687.549]
#[Max     =    20086.784, Total count    =         2536]
#[Buckets =           27, SubBuckets     =         2048]
-----------------------------------------------------------------------
  3029 requests in 1.00m, 0.90MB read
Requests/sec:     50.48  
Transfer/sec:     15.40KB
