Running 1m test @ http://10.107.164.151/?loopCount=25&base=6&exp=6
  5 threads and 5 connections

  Thread calibration: mean lat.: 135.183ms, rate sampling interval: 375ms
  Thread calibration: mean lat.: 153.270ms, rate sampling interval: 545ms
  Thread calibration: mean lat.: 291.703ms, rate sampling interval: 916ms
  Thread calibration: mean lat.: 224.020ms, rate sampling interval: 935ms
  Thread calibration: mean lat.: 137.639ms, rate sampling interval: 520ms

-----------------------------------------------------------------------
Test Results @ http://10.107.164.151/?loopCount=25&base=6&exp=6 
  Thread Stats   Avg      Stdev     99%   +/- Stdev
    Latency   342.09ms  266.32ms   1.08s    81.48%
    Req/Sec     9.51      1.62    13.00     93.68%
  Latency Distribution (HdrHistogram - Recorded Latency)
 50.000%  258.69ms
 75.000%  493.57ms
 90.000%  776.70ms
 99.000%    1.08s 
 99.900%    1.20s 
 99.990%    1.27s 
 99.999%    1.27s 
100.000%    1.27s 

  Detailed Percentile spectrum:
       Value   Percentile   TotalCount 1/(1-Percentile)

      21.279     0.000000            1         1.00
      89.087     0.100000          250         1.11
      97.791     0.200000          499         1.25
     169.727     0.300000          749         1.43
     184.447     0.400000         1001         1.67
     258.687     0.500000         1247         2.00
     277.759     0.550000         1373         2.22
     301.567     0.600000         1498         2.50
     381.183     0.650000         1622         2.86
     472.063     0.700000         1747         3.33
     493.567     0.750000         1871         4.00
     555.007     0.775000         1933         4.44
     579.583     0.800000         1996         5.00
     593.919     0.825000         2058         5.71
     678.399     0.850000         2123         6.67
     695.807     0.875000         2183         8.00
     767.999     0.887500         2214         8.89
     776.703     0.900000         2246        10.00
     786.943     0.912500         2276        11.43
     854.527     0.925000         2307        13.33
     872.959     0.937500         2339        16.00
     880.639     0.943750         2354        17.78
     886.783     0.950000         2370        20.00
     893.439     0.956250         2385        22.86
     903.167     0.962500         2401        26.67
     966.143     0.968750         2417        32.00
     969.727     0.971875         2424        35.56
     972.287     0.975000         2432        40.00
     978.943     0.978125         2440        45.71
     992.767     0.981250         2448        53.33
    1001.983     0.984375         2456        64.00
    1059.839     0.985938         2459        71.11
    1065.983     0.987500         2463        80.00
    1075.199     0.989062         2467        91.43
    1079.295     0.990625         2471       106.67
    1089.535     0.992188         2476       128.00
    1093.631     0.992969         2477       142.22
    1102.847     0.993750         2480       160.00
    1104.895     0.994531         2481       182.86
    1118.207     0.995313         2483       213.33
    1162.239     0.996094         2485       256.00
    1168.383     0.996484         2486       284.44
    1175.551     0.996875         2487       320.00
    1176.575     0.997266         2488       365.71
    1189.887     0.997656         2489       426.67
    1190.911     0.998047         2490       512.00
    1190.911     0.998242         2490       568.89
    1193.983     0.998437         2491       640.00
    1193.983     0.998633         2491       731.43
    1195.007     0.998828         2492       853.33
    1195.007     0.999023         2492      1024.00
    1195.007     0.999121         2492      1137.78
    1210.367     0.999219         2493      1280.00
    1210.367     0.999316         2493      1462.86
    1210.367     0.999414         2493      1706.67
    1210.367     0.999512         2493      2048.00
    1210.367     0.999561         2493      2275.56
    1270.783     0.999609         2494      2560.00
    1270.783     1.000000         2494          inf
#[Mean    =      342.094, StdDeviation   =      266.322]
#[Max     =     1269.760, Total count    =         2494]
#[Buckets =           27, SubBuckets     =         2048]
-----------------------------------------------------------------------
  2976 requests in 1.00m, 0.89MB read
Requests/sec:     49.60  
Transfer/sec:     15.13KB
