Running 1m test @ http://10.96.169.80/?loopCount=25&base=6&exp=6
  1 threads and 1 connections

  Thread calibration: mean lat.: 2931.655ms, rate sampling interval: 9797ms

-----------------------------------------------------------------------
Test Results @ http://10.96.169.80/?loopCount=25&base=6&exp=6 
  Thread Stats   Avg      Stdev     99%   +/- Stdev
    Latency    13.71s     4.16s   19.78s    62.09%
    Req/Sec    17.00      1.67    19.00    100.00%
  Latency Distribution (HdrHistogram - Recorded Latency)
 50.000%   14.86s 
 75.000%   17.25s 
 90.000%   18.64s 
 99.000%   19.78s 
 99.900%   19.79s 
 99.990%   19.79s 
 99.999%   19.79s 
100.000%   19.79s 

  Detailed Percentile spectrum:
       Value   Percentile   TotalCount 1/(1-Percentile)

    5021.695     0.000000            1         1.00
    7602.175     0.100000           89         1.11
    8912.895     0.200000          177         1.25
   11223.039     0.300000          274         1.43
   12566.527     0.400000          354         1.67
   14860.287     0.500000          442         2.00
   15343.615     0.550000          485         2.22
   15900.671     0.600000          540         2.50
   16621.567     0.650000          573         2.86
   17022.975     0.700000          620         3.33
   17252.351     0.750000          663         4.00
   17416.191     0.775000          683         4.44
   17563.647     0.800000          705         5.00
   17825.791     0.825000          727         5.71
   17973.247     0.850000          749         6.67
   18350.079     0.875000          771         8.00
   18448.383     0.887500          782         8.89
   18644.991     0.900000          793        10.00
   18939.903     0.912500          807        11.43
   19005.439     0.925000          816        13.33
   19169.279     0.937500          827        16.00
   19316.735     0.943750          832        17.78
   19349.503     0.950000          839        20.00
   19365.887     0.956250          845        22.86
   19382.271     0.962500          853        26.67
   19398.655     0.968750          856        32.00
   19431.423     0.971875          857        35.56
   19546.111     0.975000          860        40.00
   19578.879     0.978125          862        45.71
   19693.567     0.981250          868        53.33
   19693.567     0.984375          868        64.00
   19742.719     0.985938          870        71.11
   19742.719     0.987500          870        80.00
   19775.487     0.989062          874        91.43
   19775.487     0.990625          874       106.67
   19791.871     0.992188          881       128.00
   19791.871     1.000000          881          inf
#[Mean    =    13710.084, StdDeviation   =     4164.996]
#[Max     =    19775.488, Total count    =          881]
#[Buckets =           27, SubBuckets     =         2048]
-----------------------------------------------------------------------
  1005 requests in 1.00m, 306.29KB read
Requests/sec:     16.75  
Transfer/sec:      5.10KB
