Running 1m test @ http://10.100.185.202/?loopCount=25&base=6&exp=6
  5 threads and 5 connections

  Thread calibration: mean lat.: 812.764ms, rate sampling interval: 2682ms
  Thread calibration: mean lat.: 230.593ms, rate sampling interval: 1163ms
  Thread calibration: mean lat.: 625.103ms, rate sampling interval: 1813ms
  Thread calibration: mean lat.: 543.437ms, rate sampling interval: 1910ms
  Thread calibration: mean lat.: 180.154ms, rate sampling interval: 654ms

-----------------------------------------------------------------------
Test Results @ http://10.100.185.202/?loopCount=25&base=6&exp=6 
  Thread Stats   Avg      Stdev     99%   +/- Stdev
    Latency     2.20s     1.38s    6.01s    74.50%
    Req/Sec    13.77      2.08    18.00     84.66%
  Latency Distribution (HdrHistogram - Recorded Latency)
 50.000%    1.91s 
 75.000%    3.07s 
 90.000%    3.74s 
 99.000%    6.01s 
 99.900%    6.16s 
 99.990%    6.23s 
 99.999%    6.23s 
100.000%    6.23s 

  Detailed Percentile spectrum:
       Value   Percentile   TotalCount 1/(1-Percentile)

      29.423     0.000000            1         1.00
     762.367     0.100000          355         1.11
    1003.007     0.200000          707         1.25
    1199.103     0.300000         1063         1.43
    1589.247     0.400000         1414         1.67
    1913.855     0.500000         1767         2.00
    2056.191     0.550000         1944         2.22
    2236.415     0.600000         2121         2.50
    2529.279     0.650000         2302         2.86
    2877.439     0.700000         2474         3.33
    3067.903     0.750000         2654         4.00
    3174.399     0.775000         2740         4.44
    3254.271     0.800000         2828         5.00
    3346.431     0.825000         2918         5.71
    3459.071     0.850000         3004         6.67
    3616.767     0.875000         3095         8.00
    3674.111     0.887500         3139         8.89
    3737.599     0.900000         3182        10.00
    3889.151     0.912500         3225        11.43
    4329.471     0.925000         3269        13.33
    4956.159     0.937500         3314        16.00
    5455.871     0.943750         3336        17.78
    5726.207     0.950000         3358        20.00
    5795.839     0.956250         3381        22.86
    5840.895     0.962500         3404        26.67
    5873.663     0.968750         3424        32.00
    5898.239     0.971875         3438        35.56
    5914.623     0.975000         3448        40.00
    5947.391     0.978125         3459        45.71
    5971.967     0.981250         3468        53.33
    5988.351     0.984375         3484        64.00
    5992.447     0.985938         3486        71.11
    6000.639     0.987500         3491        80.00
    6004.735     0.989062         3496        91.43
    6012.927     0.990625         3503       106.67
    6021.119     0.992188         3508       128.00
    6033.407     0.992969         3512       142.22
    6033.407     0.993750         3512       160.00
    6057.983     0.994531         3515       182.86
    6090.751     0.995313         3518       213.33
    6111.231     0.996094         3521       256.00
    6119.423     0.996484         3522       284.44
    6123.519     0.996875         3523       320.00
    6131.711     0.997266         3525       365.71
    6139.903     0.997656         3526       426.67
    6152.191     0.998047         3528       512.00
    6152.191     0.998242         3528       568.89
    6156.287     0.998437         3529       640.00
    6160.383     0.998633         3530       731.43
    6160.383     0.998828         3530       853.33
    6176.767     0.999023         3531      1024.00
    6176.767     0.999121         3531      1137.78
    6184.959     0.999219         3532      1280.00
    6184.959     0.999316         3532      1462.86
    6184.959     0.999414         3532      1706.67
    6201.343     0.999512         3533      2048.00
    6201.343     0.999561         3533      2275.56
    6201.343     0.999609         3533      2560.00
    6201.343     0.999658         3533      2925.71
    6201.343     0.999707         3533      3413.33
    6230.015     0.999756         3534      4096.00
    6230.015     1.000000         3534          inf
#[Mean    =     2204.669, StdDeviation   =     1378.095]
#[Max     =     6225.920, Total count    =         3534]
#[Buckets =           27, SubBuckets     =         2048]
-----------------------------------------------------------------------
  4223 requests in 1.00m, 1.26MB read
Requests/sec:     70.38  
Transfer/sec:     21.45KB
