Running 1m test @ http://10.96.158.146/?loopCount=25&base=6&exp=6
  5 threads and 5 connections

  Thread calibration: mean lat.: 346.809ms, rate sampling interval: 905ms
  Thread calibration: mean lat.: 405.865ms, rate sampling interval: 1167ms
  Thread calibration: mean lat.: 713.650ms, rate sampling interval: 1770ms
  Thread calibration: mean lat.: 298.169ms, rate sampling interval: 761ms
  Thread calibration: mean lat.: 389.437ms, rate sampling interval: 1151ms

-----------------------------------------------------------------------
Test Results @ http://10.96.158.146/?loopCount=25&base=6&exp=6 
  Thread Stats   Avg      Stdev     99%   +/- Stdev
    Latency   698.08ms  345.95ms   1.35s    62.09%
    Req/Sec     9.48      1.38    13.00     84.12%
  Latency Distribution (HdrHistogram - Recorded Latency)
 50.000%  674.30ms
 75.000%  956.93ms
 90.000%    1.17s 
 99.000%    1.35s 
 99.900%    1.45s 
 99.990%    1.47s 
 99.999%    1.47s 
100.000%    1.47s 

  Detailed Percentile spectrum:
       Value   Percentile   TotalCount 1/(1-Percentile)

      62.815     0.000000            1         1.00
     177.791     0.100000          251         1.11
     366.591     0.200000          499         1.25
     476.671     0.300000          748         1.43
     578.559     0.400000         1000         1.67
     674.303     0.500000         1248         2.00
     765.439     0.550000         1372         2.22
     848.383     0.600000         1496         2.50
     866.815     0.650000         1626         2.86
     881.151     0.700000         1748         3.33
     956.927     0.750000         1873         4.00
     970.751     0.775000         1933         4.44
    1047.551     0.800000         1996         5.00
    1059.839     0.825000         2057         5.71
    1078.271     0.850000         2120         6.67
    1156.095     0.875000         2182         8.00
    1164.287     0.887500         2217         8.89
    1171.455     0.900000         2248        10.00
    1181.695     0.912500         2276        11.43
    1248.255     0.925000         2308        13.33
    1255.423     0.937500         2340        16.00
    1257.471     0.943750         2353        17.78
    1264.639     0.950000         2374        20.00
    1267.711     0.956250         2389        22.86
    1270.783     0.962500         2404        26.67
    1273.855     0.968750         2416        32.00
    1277.951     0.971875         2423        35.56
    1282.047     0.975000         2434        40.00
    1287.167     0.978125         2439        45.71
    1346.559     0.981250         2447        53.33
    1348.607     0.984375         2456        64.00
    1350.655     0.985938         2461        71.11
    1351.679     0.987500         2463        80.00
    1352.703     0.989062         2466        91.43
    1354.751     0.990625         2470       106.67
    1357.823     0.992188         2474       128.00
    1359.871     0.992969         2476       142.22
    1362.943     0.993750         2478       160.00
    1364.991     0.994531         2482       182.86
    1364.991     0.995313         2482       213.33
    1371.135     0.996094         2486       256.00
    1371.135     0.996484         2486       284.44
    1371.135     0.996875         2486       320.00
    1372.159     0.997266         2487       365.71
    1375.231     0.997656         2488       426.67
    1447.935     0.998047         2490       512.00
    1447.935     0.998242         2490       568.89
    1447.935     0.998437         2490       640.00
    1447.935     0.998633         2490       731.43
    1453.055     0.998828         2491       853.33
    1453.055     0.999023         2491      1024.00
    1453.055     0.999121         2491      1137.78
    1464.319     0.999219         2492      1280.00
    1464.319     0.999316         2492      1462.86
    1464.319     0.999414         2492      1706.67
    1464.319     0.999512         2492      2048.00
    1464.319     0.999561         2492      2275.56
    1465.343     0.999609         2493      2560.00
    1465.343     1.000000         2493          inf
#[Mean    =      698.078, StdDeviation   =      345.945]
#[Max     =     1464.320, Total count    =         2493]
#[Buckets =           27, SubBuckets     =         2048]
-----------------------------------------------------------------------
  2965 requests in 1.00m, 0.88MB read
Requests/sec:     49.41  
Transfer/sec:     15.08KB
