Running 1m test @ http://10.111.78.179/?loopCount=25&base=6&exp=6
  5 threads and 5 connections

  Thread calibration: mean lat.: 1136.612ms, rate sampling interval: 3450ms
  Thread calibration: mean lat.: 992.885ms, rate sampling interval: 3094ms
  Thread calibration: mean lat.: 917.995ms, rate sampling interval: 2662ms
  Thread calibration: mean lat.: 1100.901ms, rate sampling interval: 3287ms
  Thread calibration: mean lat.: 886.483ms, rate sampling interval: 3014ms

-----------------------------------------------------------------------
Test Results @ http://10.111.78.179/?loopCount=25&base=6&exp=6 
  Thread Stats   Avg      Stdev     99%   +/- Stdev
    Latency     5.43s     2.20s    9.27s    58.28%
    Req/Sec    12.22      0.65    14.00     97.47%
  Latency Distribution (HdrHistogram - Recorded Latency)
 50.000%    5.41s 
 75.000%    7.38s 
 90.000%    8.44s 
 99.000%    9.27s 
 99.900%    9.80s 
 99.990%    9.84s 
 99.999%    9.84s 
100.000%    9.84s 

  Detailed Percentile spectrum:
       Value   Percentile   TotalCount 1/(1-Percentile)

    1491.967     0.000000            1         1.00
    2347.007     0.100000          319         1.11
    3153.919     0.200000          638         1.25
    3897.343     0.300000          957         1.43
    4726.783     0.400000         1276         1.67
    5414.911     0.500000         1596         2.00
    5795.839     0.550000         1757         2.22
    6180.863     0.600000         1915         2.50
    6635.519     0.650000         2074         2.86
    7004.159     0.700000         2236         3.33
    7376.895     0.750000         2393         4.00
    7532.543     0.775000         2474         4.44
    7671.807     0.800000         2555         5.00
    7864.319     0.825000         2634         5.71
    8040.447     0.850000         2714         6.67
    8278.015     0.875000         2792         8.00
    8339.455     0.887500         2836         8.89
    8437.759     0.900000         2875        10.00
    8511.487     0.912500         2914        11.43
    8593.407     0.925000         2951        13.33
    8716.287     0.937500         2994        16.00
    8773.631     0.943750         3012        17.78
    8822.783     0.950000         3031        20.00
    8888.319     0.956250         3052        22.86
    8921.087     0.962500         3074        26.67
    8945.663     0.968750         3093        32.00
    8962.047     0.971875         3104        35.56
    8978.431     0.975000         3113        40.00
    8994.815     0.978125         3121        45.71
    9019.391     0.981250         3132        53.33
    9084.927     0.984375         3141        64.00
    9150.463     0.985938         3148        71.11
    9175.039     0.987500         3152        80.00
    9248.767     0.989062         3156        91.43
    9289.727     0.990625         3161       106.67
    9379.839     0.992188         3166       128.00
    9404.415     0.992969         3168       142.22
    9445.375     0.993750         3171       160.00
    9519.103     0.994531         3173       182.86
    9576.447     0.995313         3176       213.33
    9609.215     0.996094         3178       256.00
    9633.791     0.996484         3179       284.44
    9682.943     0.996875         3182       320.00
    9682.943     0.997266         3182       365.71
    9699.327     0.997656         3183       426.67
    9707.519     0.998047         3184       512.00
    9723.903     0.998242         3185       568.89
    9756.671     0.998437         3186       640.00
    9756.671     0.998633         3186       731.43
    9797.631     0.998828         3187       853.33
    9797.631     0.999023         3187      1024.00
    9830.399     0.999121         3188      1137.78
    9830.399     0.999219         3188      1280.00
    9830.399     0.999316         3188      1462.86
    9838.591     0.999414         3190      1706.67
    9838.591     1.000000         3190          inf
#[Mean    =     5427.636, StdDeviation   =     2196.410]
#[Max     =     9830.400, Total count    =         3190]
#[Buckets =           27, SubBuckets     =         2048]
-----------------------------------------------------------------------
  3807 requests in 1.00m, 1.13MB read
Requests/sec:     63.44  
Transfer/sec:     19.34KB
