Running 1m test @ http://10.100.134.99/?loopCount=25&base=6&exp=6
  1 threads and 1 connections

  Thread calibration: mean lat.: 2786.502ms, rate sampling interval: 8822ms

-----------------------------------------------------------------------
Test Results @ http://10.100.134.99/?loopCount=25&base=6&exp=6 
  Thread Stats   Avg      Stdev     99%   +/- Stdev
    Latency    11.58s     2.89s   15.47s    59.14%
    Req/Sec    18.60      1.96    20.00     80.00%
  Latency Distribution (HdrHistogram - Recorded Latency)
 50.000%   11.80s 
 75.000%   14.14s 
 90.000%   15.35s 
 99.000%   15.47s 
 99.900%   15.67s 
 99.990%   15.67s 
 99.999%   15.67s 
100.000%   15.67s 

  Detailed Percentile spectrum:
       Value   Percentile   TotalCount 1/(1-Percentile)

    4648.959     0.000000            1         1.00
    7569.407     0.100000           98         1.11
    8519.679     0.200000          204         1.25
   10166.271     0.300000          293         1.43
   11198.463     0.400000          391         1.67
   11804.671     0.500000          499         2.00
   12132.351     0.550000          536         2.22
   12427.263     0.600000          589         2.50
   13410.303     0.650000          640         2.86
   13746.175     0.700000          685         3.33
   14139.391     0.750000          731         4.00
   14417.919     0.775000          755         4.44
   14467.071     0.800000          783         5.00
   14712.831     0.825000          806         5.71
   14901.247     0.850000          832         6.67
   15147.007     0.875000          853         8.00
   15237.119     0.887500          869         8.89
   15351.807     0.900000          878        10.00
   15400.959     0.912500          897        11.43
   15409.151     0.925000          904        13.33
   15417.343     0.937500          915        16.00
   15425.535     0.943750          941        17.78
   15425.535     0.950000          941        20.00
   15425.535     0.956250          941        22.86
   15425.535     0.962500          941        26.67
   15433.727     0.968750          959        32.00
   15433.727     0.971875          959        35.56
   15433.727     0.975000          959        40.00
   15433.727     0.978125          959        45.71
   15433.727     0.981250          959        53.33
   15433.727     0.984375          959        64.00
   15441.919     0.985938          963        71.11
   15441.919     0.987500          963        80.00
   15466.495     0.989062          965        91.43
   15466.495     0.990625          965       106.67
   15491.071     0.992188          967       128.00
   15523.839     0.992969          968       142.22
   15523.839     0.993750          968       160.00
   15564.799     0.994531          969       182.86
   15630.335     0.995313          971       213.33
   15630.335     0.996094          971       256.00
   15630.335     0.996484          971       284.44
   15630.335     0.996875          971       320.00
   15671.295     0.997266          974       365.71
   15671.295     1.000000          974          inf
#[Mean    =    11582.205, StdDeviation   =     2888.378]
#[Max     =    15663.104, Total count    =          974]
#[Buckets =           27, SubBuckets     =         2048]
-----------------------------------------------------------------------
  1108 requests in 1.00m, 337.64KB read
Requests/sec:     18.47  
Transfer/sec:      5.63KB
