Running 1m test @ http://10.102.207.185/?loopCount=25&base=6&exp=6
  5 threads and 5 connections

  Thread calibration: mean lat.: 1909.830ms, rate sampling interval: 6729ms
  Thread calibration: mean lat.: 1703.711ms, rate sampling interval: 5640ms
  Thread calibration: mean lat.: 1555.108ms, rate sampling interval: 5705ms
  Thread calibration: mean lat.: 1628.164ms, rate sampling interval: 5943ms
  Thread calibration: mean lat.: 2044.116ms, rate sampling interval: 6778ms

-----------------------------------------------------------------------
Test Results @ http://10.102.207.185/?loopCount=25&base=6&exp=6 
  Thread Stats   Avg      Stdev     99%   +/- Stdev
    Latency    12.07s     4.81s   20.22s    58.20%
    Req/Sec     9.34      0.57    10.00    100.00%
  Latency Distribution (HdrHistogram - Recorded Latency)
 50.000%   12.03s 
 75.000%   16.13s 
 90.000%   18.68s 
 99.000%   20.22s 
 99.900%   20.53s 
 99.990%   20.59s 
 99.999%   20.59s 
100.000%   20.59s 

  Detailed Percentile spectrum:
       Value   Percentile   TotalCount 1/(1-Percentile)

    3268.607     0.000000            1         1.00
    5222.399     0.100000          250         1.11
    7118.847     0.200000          499         1.25
    8888.319     0.300000          749         1.43
   10559.487     0.400000          998         1.67
   12034.047     0.500000         1248         2.00
   12935.167     0.550000         1374         2.22
   13795.327     0.600000         1497         2.50
   14671.871     0.650000         1622         2.86
   15359.999     0.700000         1748         3.33
   16138.239     0.750000         1872         4.00
   16621.567     0.775000         1934         4.44
   17121.279     0.800000         1997         5.00
   17563.647     0.825000         2061         5.71
   17924.095     0.850000         2122         6.67
   18333.695     0.875000         2185         8.00
   18464.767     0.887500         2215         8.89
   18677.759     0.900000         2247        10.00
   18841.599     0.912500         2278        11.43
   19021.823     0.925000         2308        13.33
   19169.279     0.937500         2340        16.00
   19283.967     0.943750         2355        17.78
   19415.039     0.950000         2371        20.00
   19513.343     0.956250         2386        22.86
   19628.031     0.962500         2402        26.67
   19759.103     0.968750         2419        32.00
   19808.255     0.971875         2426        35.56
   19873.791     0.975000         2435        40.00
   19906.559     0.978125         2441        45.71
   19972.095     0.981250         2449        53.33
   20054.015     0.984375         2458        64.00
   20103.167     0.985938         2462        71.11
   20135.935     0.987500         2464        80.00
   20168.703     0.989062         2468        91.43
   20234.239     0.990625         2472       106.67
   20299.775     0.992188         2477       128.00
   20316.159     0.992969         2478       142.22
   20365.311     0.993750         2481       160.00
   20381.695     0.994531         2483       182.86
   20398.079     0.995313         2485       213.33
   20447.231     0.996094         2486       256.00
   20479.999     0.996484         2487       284.44
   20496.383     0.996875         2489       320.00
   20496.383     0.997266         2489       365.71
   20512.767     0.997656         2491       426.67
   20512.767     0.998047         2491       512.00
   20512.767     0.998242         2491       568.89
   20529.151     0.998437         2493       640.00
   20529.151     0.998633         2493       731.43
   20529.151     0.998828         2493       853.33
   20529.151     0.999023         2493      1024.00
   20529.151     0.999121         2493      1137.78
   20545.535     0.999219         2494      1280.00
   20545.535     0.999316         2494      1462.86
   20545.535     0.999414         2494      1706.67
   20545.535     0.999512         2494      2048.00
   20545.535     0.999561         2494      2275.56
   20594.687     0.999609         2495      2560.00
   20594.687     1.000000         2495          inf
#[Mean    =    12070.669, StdDeviation   =     4813.094]
#[Max     =    20578.304, Total count    =         2495]
#[Buckets =           27, SubBuckets     =         2048]
-----------------------------------------------------------------------
  2983 requests in 1.00m, 0.89MB read
Requests/sec:     49.71  
Transfer/sec:     15.17KB
