Running 1m test @ http://10.108.10.66/?loopCount=25&base=6&exp=6
  1 threads and 1 connections

  Thread calibration: mean lat.: 3231.726ms, rate sampling interval: 11436ms

-----------------------------------------------------------------------
Test Results @ http://10.108.10.66/?loopCount=25&base=6&exp=6 
  Thread Stats   Avg      Stdev     99%   +/- Stdev
    Latency    22.48s     8.96s   37.68s    58.77%
    Req/Sec     8.50      0.50     9.00    100.00%
  Latency Distribution (HdrHistogram - Recorded Latency)
 50.000%   22.56s 
 75.000%   30.03s 
 90.000%   34.90s 
 99.000%   37.68s 
 99.900%   38.04s 
 99.990%   38.04s 
 99.999%   38.04s 
100.000%   38.04s 

  Detailed Percentile spectrum:
       Value   Percentile   TotalCount 1/(1-Percentile)

    6336.511     0.000000            1         1.00
    9650.175     0.100000           46         1.11
   13484.031     0.200000           93         1.25
   16711.679     0.300000          137         1.43
   20070.399     0.400000          183         1.67
   22560.767     0.500000          228         2.00
   23838.719     0.550000          251         2.22
   25214.975     0.600000          274         2.50
   26787.839     0.650000          297         2.86
   28475.391     0.700000          320         3.33
   30031.871     0.750000          342         4.00
   30719.999     0.775000          354         4.44
   31686.655     0.800000          365         5.00
   32587.775     0.825000          377         5.71
   33357.823     0.850000          388         6.67
   34111.487     0.875000          399         8.00
   34603.007     0.887500          405         8.89
   34963.455     0.900000          411        10.00
   35487.743     0.912500          417        11.43
   35815.423     0.925000          422        13.33
   36077.567     0.937500          428        16.00
   36274.175     0.943750          431        17.78
   36438.015     0.950000          434        20.00
   36634.623     0.956250          437        22.86
   36831.231     0.962500          439        26.67
   37027.839     0.968750          442        32.00
   37224.447     0.971875          444        35.56
   37289.983     0.975000          445        40.00
   37421.055     0.978125          447        45.71
   37552.127     0.981250          448        53.33
   37617.663     0.984375          449        64.00
   37683.199     0.985938          451        71.11
   37683.199     0.987500          451        80.00
   37781.503     0.989062          452        91.43
   37781.503     0.990625          452       106.67
   37847.039     0.992188          453       128.00
   37847.039     0.992969          453       142.22
   37912.575     0.993750          454       160.00
   37912.575     0.994531          454       182.86
   37912.575     0.995313          454       213.33
   37978.111     0.996094          455       256.00
   37978.111     0.996484          455       284.44
   37978.111     0.996875          455       320.00
   37978.111     0.997266          455       365.71
   37978.111     0.997656          455       426.67
   38043.647     0.998047          456       512.00
   38043.647     1.000000          456          inf
#[Mean    =    22482.374, StdDeviation   =     8959.568]
#[Max     =    38010.880, Total count    =          456]
#[Buckets =           27, SubBuckets     =         2048]
-----------------------------------------------------------------------
  549 requests in 1.00m, 167.61KB read
Requests/sec:      9.15  
Transfer/sec:      2.79KB
