Running 1m test @ http://10.109.115.86/?loopCount=25&base=6&exp=6
  5 threads and 5 connections

  Thread calibration: mean lat.: 215.093ms, rate sampling interval: 861ms
  Thread calibration: mean lat.: 224.922ms, rate sampling interval: 1167ms
  Thread calibration: mean lat.: 121.708ms, rate sampling interval: 409ms
  Thread calibration: mean lat.: 137.959ms, rate sampling interval: 487ms
  Thread calibration: mean lat.: 143.796ms, rate sampling interval: 572ms

-----------------------------------------------------------------------
Test Results @ http://10.109.115.86/?loopCount=25&base=6&exp=6 
  Thread Stats   Avg      Stdev     99%   +/- Stdev
    Latency   641.87ms  480.44ms   2.11s    78.16%
    Req/Sec     9.44      1.75    14.00     94.89%
  Latency Distribution (HdrHistogram - Recorded Latency)
 50.000%  583.68ms
 75.000%  883.71ms
 90.000%    1.19s 
 99.000%    2.11s 
 99.900%    2.20s 
 99.990%    2.23s 
 99.999%    2.23s 
100.000%    2.23s 

  Detailed Percentile spectrum:
       Value   Percentile   TotalCount 1/(1-Percentile)

      38.143     0.000000            1         1.00
     169.087     0.100000          247         1.11
     192.127     0.200000          494         1.25
     288.511     0.300000          741         1.43
     391.167     0.400000          991         1.67
     583.679     0.500000         1234         2.00
     606.719     0.550000         1358         2.22
     687.103     0.600000         1486         2.50
     769.535     0.650000         1606         2.86
     794.111     0.700000         1728         3.33
     883.711     0.750000         1851         4.00
     904.703     0.775000         1913         4.44
     979.967     0.800000         1975         5.00
    1006.079     0.825000         2037         5.71
    1088.511     0.850000         2099         6.67
    1143.807     0.875000         2160         8.00
    1177.599     0.887500         2194         8.89
    1190.911     0.900000         2223        10.00
    1275.903     0.912500         2253        11.43
    1383.423     0.925000         2283        13.33
    1680.383     0.937500         2314        16.00
    1692.671     0.943750         2330        17.78
    1773.567     0.950000         2346        20.00
    1783.807     0.956250         2361        22.86
    1894.399     0.962500         2376        26.67
    1970.175     0.968750         2391        32.00
    1977.343     0.971875         2399        35.56
    1988.607     0.975000         2407        40.00
    1998.847     0.978125         2415        45.71
    2070.527     0.981250         2422        53.33
    2080.767     0.984375         2431        64.00
    2088.959     0.985938         2434        71.11
    2095.103     0.987500         2438        80.00
    2103.295     0.989062         2442        91.43
    2129.919     0.990625         2445       106.67
    2140.159     0.992188         2449       128.00
    2148.351     0.992969         2451       142.22
    2170.879     0.993750         2454       160.00
    2172.927     0.994531         2456       182.86
    2177.023     0.995313         2457       213.33
    2181.119     0.996094         2459       256.00
    2183.167     0.996484         2460       284.44
    2185.215     0.996875         2461       320.00
    2189.311     0.997266         2463       365.71
    2189.311     0.997656         2463       426.67
    2191.359     0.998047         2464       512.00
    2191.359     0.998242         2464       568.89
    2195.455     0.998437         2466       640.00
    2195.455     0.998633         2466       731.43
    2195.455     0.998828         2466       853.33
    2195.455     0.999023         2466      1024.00
    2195.455     0.999121         2466      1137.78
    2197.503     0.999219         2467      1280.00
    2197.503     0.999316         2467      1462.86
    2197.503     0.999414         2467      1706.67
    2197.503     0.999512         2467      2048.00
    2197.503     0.999561         2467      2275.56
    2226.175     0.999609         2468      2560.00
    2226.175     1.000000         2468          inf
#[Mean    =      641.871, StdDeviation   =      480.438]
#[Max     =     2224.128, Total count    =         2468]
#[Buckets =           27, SubBuckets     =         2048]
-----------------------------------------------------------------------
  2949 requests in 1.00m, 0.88MB read
Requests/sec:     49.14  
Transfer/sec:     14.99KB
