Running 1m test @ http://10.111.175.232/?loopCount=25&base=6&exp=6
  5 threads and 5 connections

  Thread calibration: mean lat.: 94.916ms, rate sampling interval: 400ms
  Thread calibration: mean lat.: 192.382ms, rate sampling interval: 779ms
  Thread calibration: mean lat.: 125.644ms, rate sampling interval: 524ms
  Thread calibration: mean lat.: 85.912ms, rate sampling interval: 354ms
  Thread calibration: mean lat.: 144.754ms, rate sampling interval: 651ms

-----------------------------------------------------------------------
Test Results @ http://10.111.175.232/?loopCount=25&base=6&exp=6 
  Thread Stats   Avg      Stdev     99%   +/- Stdev
    Latency    76.39ms   58.55ms 354.30ms   88.79%
    Req/Sec    14.64      1.55    19.00     89.40%
  Latency Distribution (HdrHistogram - Recorded Latency)
 50.000%   54.97ms
 75.000%   88.51ms
 90.000%  141.05ms
 99.000%  354.30ms
 99.900%  409.34ms
 99.990%  436.48ms
 99.999%  436.48ms
100.000%  436.48ms

  Detailed Percentile spectrum:
       Value   Percentile   TotalCount 1/(1-Percentile)

      21.711     0.000000            1         1.00
      40.319     0.100000          382         1.11
      40.799     0.200000          761         1.25
      41.439     0.300000         1136         1.43
      44.607     0.400000         1499         1.67
      54.975     0.500000         1874         2.00
      60.703     0.550000         2062         2.22
      65.023     0.600000         2250         2.50
      69.567     0.650000         2440         2.86
      77.055     0.700000         2623         3.33
      88.575     0.750000         2811         4.00
      93.887     0.775000         2904         4.44
     100.671     0.800000         2999         5.00
     105.919     0.825000         3092         5.71
     115.455     0.850000         3185         6.67
     127.679     0.875000         3280         8.00
     134.783     0.887500         3327         8.89
     141.055     0.900000         3373        10.00
     151.935     0.912500         3420        11.43
     161.663     0.925000         3466        13.33
     173.311     0.937500         3513        16.00
     181.759     0.943750         3538        17.78
     187.519     0.950000         3560        20.00
     200.191     0.956250         3585        22.86
     207.871     0.962500         3607        26.67
     224.895     0.968750         3630        32.00
     232.703     0.971875         3642        35.56
     257.663     0.975000         3654        40.00
     275.455     0.978125         3666        45.71
     297.471     0.981250         3677        53.33
     325.631     0.984375         3689        64.00
     332.543     0.985938         3695        71.11
     334.847     0.987500         3702        80.00
     350.719     0.989062         3708        91.43
     357.631     0.990625         3712       106.67
     359.679     0.992188         3718       128.00
     360.703     0.992969         3721       142.22
     366.335     0.993750         3724       160.00
     369.151     0.994531         3727       182.86
     376.831     0.995313         3730       213.33
     383.999     0.996094         3733       256.00
     384.511     0.996484         3734       284.44
     387.071     0.996875         3736       320.00
     389.631     0.997266         3737       365.71
     396.287     0.997656         3739       426.67
     397.823     0.998047         3740       512.00
     400.895     0.998242         3741       568.89
     405.247     0.998437         3742       640.00
     405.247     0.998633         3742       731.43
     409.343     0.998828         3743       853.33
     417.535     0.999023         3744      1024.00
     417.535     0.999121         3744      1137.78
     422.143     0.999219         3745      1280.00
     422.143     0.999316         3745      1462.86
     422.143     0.999414         3745      1706.67
     434.943     0.999512         3746      2048.00
     434.943     0.999561         3746      2275.56
     434.943     0.999609         3746      2560.00
     434.943     0.999658         3746      2925.71
     434.943     0.999707         3746      3413.33
     436.479     0.999756         3747      4096.00
     436.479     1.000000         3747          inf
#[Mean    =       76.392, StdDeviation   =       58.546]
#[Max     =      436.224, Total count    =         3747]
#[Buckets =           27, SubBuckets     =         2048]
-----------------------------------------------------------------------
  4492 requests in 1.00m, 1.34MB read
Requests/sec:     74.86  
Transfer/sec:     22.81KB
