Running 1m test @ http://10.99.199.129/?loopCount=25&base=6&exp=6
  1 threads and 1 connections

  Thread calibration: mean lat.: 2464.488ms, rate sampling interval: 7528ms

-----------------------------------------------------------------------
Test Results @ http://10.99.199.129/?loopCount=25&base=6&exp=6 
  Thread Stats   Avg      Stdev     99%   +/- Stdev
    Latency     9.20s     2.79s   13.88s    58.56%
    Req/Sec    19.67      0.94    21.00    100.00%
  Latency Distribution (HdrHistogram - Recorded Latency)
 50.000%    9.38s 
 75.000%   11.53s 
 90.000%   12.97s 
 99.000%   13.88s 
 99.900%   13.95s 
 99.990%   13.98s 
 99.999%   13.98s 
100.000%   13.98s 

  Detailed Percentile spectrum:
       Value   Percentile   TotalCount 1/(1-Percentile)

    3938.303     0.000000            1         1.00
    5394.431     0.100000          104         1.11
    6475.775     0.200000          205         1.25
    7290.879     0.300000          300         1.43
    8171.519     0.400000          403         1.67
    9379.839     0.500000          500         2.00
   10076.159     0.550000          550         2.22
   10330.111     0.600000          601         2.50
   10706.943     0.650000          652         2.86
   11255.807     0.700000          702         3.33
   11526.143     0.750000          754         4.00
   11927.551     0.775000          779         4.44
   12156.927     0.800000          800         5.00
   12296.191     0.825000          825         5.71
   12443.647     0.850000          851         6.67
   12845.055     0.875000          876         8.00
   12910.591     0.887500          889         8.89
   12967.935     0.900000          907        10.00
   12976.127     0.912500          915        11.43
   13025.279     0.925000          925        13.33
   13107.199     0.937500          941        16.00
   13123.583     0.943750          948        17.78
   13139.967     0.950000          951        20.00
   13189.119     0.956250          957        22.86
   13451.263     0.962500          963        26.67
   13672.447     0.968750          968        32.00
   13688.831     0.971875          981        35.56
   13688.831     0.975000          981        40.00
   13688.831     0.978125          981        45.71
   13688.831     0.981250          981        53.33
   13721.599     0.984375          984        64.00
   13746.175     0.985938          985        71.11
   13860.863     0.987500          988        80.00
   13877.247     0.989062          992        91.43
   13877.247     0.990625          992       106.67
   13877.247     0.992188          992       128.00
   13877.247     0.992969          992       142.22
   13910.015     0.993750          994       160.00
   13910.015     0.994531          994       182.86
   13934.591     0.995313          996       213.33
   13934.591     0.996094          996       256.00
   13934.591     0.996484          996       284.44
   13934.591     0.996875          996       320.00
   13942.783     0.997266          997       365.71
   13942.783     0.997656          997       426.67
   13950.975     0.998047          998       512.00
   13950.975     0.998242          998       568.89
   13950.975     0.998437          998       640.00
   13950.975     0.998633          998       731.43
   13950.975     0.998828          998       853.33
   13975.551     0.999023          999      1024.00
   13975.551     1.000000          999          inf
#[Mean    =     9199.031, StdDeviation   =     2792.400]
#[Max     =    13967.360, Total count    =          999]
#[Buckets =           27, SubBuckets     =         2048]
-----------------------------------------------------------------------
  1150 requests in 1.00m, 350.42KB read
Requests/sec:     19.17  
Transfer/sec:      5.84KB
