Running 1m test @ http://10.96.164.126/?loopCount=25&base=6&exp=6
  5 threads and 5 connections

  Thread calibration: mean lat.: 267.217ms, rate sampling interval: 802ms
  Thread calibration: mean lat.: 534.170ms, rate sampling interval: 1379ms
  Thread calibration: mean lat.: 239.431ms, rate sampling interval: 662ms
  Thread calibration: mean lat.: 550.946ms, rate sampling interval: 1534ms
  Thread calibration: mean lat.: 301.492ms, rate sampling interval: 927ms

-----------------------------------------------------------------------
Test Results @ http://10.96.164.126/?loopCount=25&base=6&exp=6 
  Thread Stats   Avg      Stdev     99%   +/- Stdev
    Latency   173.33ms  145.19ms 732.67ms   86.71%
    Req/Sec    14.64      1.63    18.00     86.82%
  Latency Distribution (HdrHistogram - Recorded Latency)
 50.000%  130.82ms
 75.000%  226.30ms
 90.000%  364.03ms
 99.000%  732.67ms
 99.900%  821.25ms
 99.990%  836.61ms
 99.999%  836.61ms
100.000%  836.61ms

  Detailed Percentile spectrum:
       Value   Percentile   TotalCount 1/(1-Percentile)

      21.663     0.000000            1         1.00
      41.503     0.100000          380         1.11
      56.767     0.200000          756         1.25
      75.903     0.300000         1133         1.43
      97.791     0.400000         1511         1.67
     130.815     0.500000         1888         2.00
     150.527     0.550000         2077         2.22
     168.959     0.600000         2266         2.50
     186.367     0.650000         2457         2.86
     205.567     0.700000         2645         3.33
     226.303     0.750000         2832         4.00
     240.383     0.775000         2929         4.44
     254.207     0.800000         3021         5.00
     272.383     0.825000         3117         5.71
     293.887     0.850000         3210         6.67
     325.887     0.875000         3304         8.00
     347.135     0.887500         3352         8.89
     365.311     0.900000         3399        10.00
     387.839     0.912500         3446        11.43
     408.575     0.925000         3493        13.33
     438.527     0.937500         3540        16.00
     456.959     0.943750         3564        17.78
     479.743     0.950000         3588        20.00
     497.151     0.956250         3612        22.86
     513.279     0.962500         3635        26.67
     530.431     0.968750         3658        32.00
     543.743     0.971875         3670        35.56
     575.999     0.975000         3682        40.00
     633.343     0.978125         3695        45.71
     659.967     0.981250         3706        53.33
     675.327     0.984375         3717        64.00
     687.103     0.985938         3723        71.11
     698.879     0.987500         3729        80.00
     721.919     0.989062         3735        91.43
     750.591     0.990625         3741       106.67
     769.535     0.992188         3747       128.00
     774.143     0.992969         3750       142.22
     784.895     0.993750         3753       160.00
     788.991     0.994531         3757       182.86
     794.111     0.995313         3759       213.33
     796.671     0.996094         3762       256.00
     797.183     0.996484         3763       284.44
     799.231     0.996875         3765       320.00
     805.887     0.997266         3766       365.71
     809.471     0.997656         3768       426.67
     809.983     0.998047         3769       512.00
     815.615     0.998242         3770       568.89
     816.127     0.998437         3771       640.00
     816.127     0.998633         3771       731.43
     821.247     0.998828         3772       853.33
     823.295     0.999023         3773      1024.00
     823.295     0.999121         3773      1137.78
     825.855     0.999219         3774      1280.00
     825.855     0.999316         3774      1462.86
     825.855     0.999414         3774      1706.67
     827.391     0.999512         3775      2048.00
     827.391     0.999561         3775      2275.56
     827.391     0.999609         3775      2560.00
     827.391     0.999658         3775      2925.71
     827.391     0.999707         3775      3413.33
     836.607     0.999756         3776      4096.00
     836.607     1.000000         3776          inf
#[Mean    =      173.326, StdDeviation   =      145.188]
#[Max     =      836.096, Total count    =         3776]
#[Buckets =           27, SubBuckets     =         2048]
-----------------------------------------------------------------------
  4495 requests in 1.00m, 1.34MB read
Requests/sec:     74.91  
Transfer/sec:     22.83KB
