Running 1m test @ http://10.110.211.94/?loopCount=25&base=6&exp=6
  1 threads and 1 connections

  Thread calibration: mean lat.: 694.048ms, rate sampling interval: 2646ms

-----------------------------------------------------------------------
Test Results @ http://10.110.211.94/?loopCount=25&base=6&exp=6 
  Thread Stats   Avg      Stdev     99%   +/- Stdev
    Latency     4.82s     2.08s    8.08s    51.24%
    Req/Sec    21.11      1.56    24.00     88.89%
  Latency Distribution (HdrHistogram - Recorded Latency)
 50.000%    4.81s 
 75.000%    7.02s 
 90.000%    7.52s 
 99.000%    8.08s 
 99.900%    8.10s 
 99.990%    8.10s 
 99.999%    8.10s 
100.000%    8.10s 

  Detailed Percentile spectrum:
       Value   Percentile   TotalCount 1/(1-Percentile)

    1484.799     0.000000            1         1.00
    1883.135     0.100000          109         1.11
    2592.767     0.200000          218         1.25
    3500.031     0.300000          326         1.43
    3917.823     0.400000          435         1.67
    4808.703     0.500000          545         2.00
    5103.615     0.550000          597         2.22
    5566.463     0.600000          654         2.50
    5677.055     0.650000          710         2.86
    6410.239     0.700000          760         3.33
    7020.543     0.750000          819         4.00
    7196.671     0.775000          841         4.44
    7307.263     0.800000          871         5.00
    7401.471     0.825000          900         5.71
    7446.527     0.850000          925         6.67
    7495.679     0.875000          958         8.00
    7507.967     0.887500          963         8.89
    7520.255     0.900000          979        10.00
    7602.175     0.912500          991        11.43
    7720.959     0.925000         1004        13.33
    7741.439     0.937500         1027        16.00
    7741.439     0.943750         1027        17.78
    7843.839     0.950000         1031        20.00
    7876.607     0.956250         1040        22.86
    7917.567     0.962500         1051        26.67
    7921.663     0.968750         1053        32.00
    7950.335     0.971875         1055        35.56
    8040.447     0.975000         1062        40.00
    8040.447     0.978125         1062        45.71
    8044.543     0.981250         1066        53.33
    8048.639     0.984375         1069        64.00
    8060.927     0.985938         1071        71.11
    8065.023     0.987500         1072        80.00
    8077.311     0.989062         1075        91.43
    8077.311     0.990625         1075       106.67
    8085.503     0.992188         1077       128.00
    8097.791     0.992969         1078       142.22
    8101.887     0.993750         1085       160.00
    8101.887     1.000000         1085          inf
#[Mean    =     4823.212, StdDeviation   =     2082.823]
#[Max     =     8097.792, Total count    =         1085]
#[Buckets =           27, SubBuckets     =         2048]
-----------------------------------------------------------------------
  1297 requests in 1.00m, 395.18KB read
Requests/sec:     21.61  
Transfer/sec:      6.59KB
