Running 1m test @ http://10.105.168.171/?loopCount=25&base=6&exp=6
  5 threads and 5 connections

  Thread calibration: mean lat.: 82.529ms, rate sampling interval: 271ms
  Thread calibration: mean lat.: 95.422ms, rate sampling interval: 425ms
  Thread calibration: mean lat.: 89.548ms, rate sampling interval: 381ms
  Thread calibration: mean lat.: 106.338ms, rate sampling interval: 450ms
  Thread calibration: mean lat.: 80.085ms, rate sampling interval: 274ms

-----------------------------------------------------------------------
Test Results @ http://10.105.168.171/?loopCount=25&base=6&exp=6 
  Thread Stats   Avg      Stdev     99%   +/- Stdev
    Latency    82.67ms   59.61ms 309.50ms   89.44%
    Req/Sec     9.51      2.28    14.00     87.03%
  Latency Distribution (HdrHistogram - Recorded Latency)
 50.000%   62.81ms
 75.000%  110.78ms
 90.000%  144.38ms
 99.000%  309.50ms
 99.900%  448.26ms
 99.990%  508.42ms
 99.999%  508.42ms
100.000%  508.42ms

  Detailed Percentile spectrum:
       Value   Percentile   TotalCount 1/(1-Percentile)

      21.695     0.000000            1         1.00
      40.511     0.100000          256         1.11
      40.959     0.200000          504         1.25
      41.471     0.300000          759         1.43
      42.751     0.400000         1004         1.67
      62.815     0.500000         1251         2.00
      66.047     0.550000         1376         2.22
      74.175     0.600000         1500         2.50
      93.887     0.650000         1625         2.86
     105.343     0.700000         1751         3.33
     110.783     0.750000         1875         4.00
     113.343     0.775000         1939         4.44
     114.431     0.800000         2002         5.00
     118.719     0.825000         2063         5.71
     122.751     0.850000         2125         6.67
     129.791     0.875000         2188         8.00
     136.831     0.887500         2219         8.89
     144.383     0.900000         2250        10.00
     162.175     0.912500         2282        11.43
     189.567     0.925000         2313        13.33
     204.799     0.937500         2346        16.00
     206.719     0.943750         2360        17.78
     209.535     0.950000         2375        20.00
     212.735     0.956250         2391        22.86
     217.087     0.962500         2407        26.67
     224.767     0.968750         2422        32.00
     231.039     0.971875         2430        35.56
     235.903     0.975000         2438        40.00
     242.303     0.978125         2446        45.71
     264.959     0.981250         2454        53.33
     283.135     0.984375         2461        64.00
     303.359     0.985938         2466        71.11
     304.383     0.987500         2470        80.00
     307.199     0.989062         2473        91.43
     311.295     0.990625         2477       106.67
     314.879     0.992188         2481       128.00
     319.743     0.992969         2483       142.22
     321.535     0.993750         2485       160.00
     325.119     0.994531         2487       182.86
     336.127     0.995313         2489       213.33
     343.295     0.996094         2491       256.00
     352.767     0.996484         2492       284.44
     402.943     0.996875         2493       320.00
     412.671     0.997266         2494       365.71
     419.839     0.997656         2495       426.67
     432.895     0.998047         2496       512.00
     432.895     0.998242         2496       568.89
     444.927     0.998437         2497       640.00
     444.927     0.998633         2497       731.43
     448.255     0.998828         2498       853.33
     448.255     0.999023         2498      1024.00
     448.255     0.999121         2498      1137.78
     507.391     0.999219         2499      1280.00
     507.391     0.999316         2499      1462.86
     507.391     0.999414         2499      1706.67
     507.391     0.999512         2499      2048.00
     507.391     0.999561         2499      2275.56
     508.415     0.999609         2500      2560.00
     508.415     1.000000         2500          inf
#[Mean    =       82.665, StdDeviation   =       59.608]
#[Max     =      508.160, Total count    =         2500]
#[Buckets =           27, SubBuckets     =         2048]
-----------------------------------------------------------------------
  2993 requests in 1.00m, 0.89MB read
Requests/sec:     49.88  
Transfer/sec:     15.21KB
