Running 1m test @ http://10.96.164.126/?loopCount=25&base=6&exp=6
  1 threads and 1 connections

  Thread calibration: mean lat.: 955.356ms, rate sampling interval: 4077ms

-----------------------------------------------------------------------
Test Results @ http://10.96.164.126/?loopCount=25&base=6&exp=6 
  Thread Stats   Avg      Stdev     99%   +/- Stdev
    Latency     7.01s     2.59s   11.83s    61.77%
    Req/Sec    19.75      1.64    22.00     91.67%
  Latency Distribution (HdrHistogram - Recorded Latency)
 50.000%    7.05s 
 75.000%    9.38s 
 90.000%   10.21s 
 99.000%   11.83s 
 99.900%   11.87s 
 99.990%   11.87s 
 99.999%   11.87s 
100.000%   11.87s 

  Detailed Percentile spectrum:
       Value   Percentile   TotalCount 1/(1-Percentile)

    2150.399     0.000000            2         1.00
    3106.815     0.100000          101         1.11
    4460.543     0.200000          202         1.25
    5697.535     0.300000          306         1.43
    6492.159     0.400000          403         1.67
    7049.215     0.500000          505         2.00
    7401.471     0.550000          554         2.22
    7925.759     0.600000          606         2.50
    8134.655     0.650000          655         2.86
    8937.471     0.700000          716         3.33
    9379.839     0.750000          757         4.00
    9469.951     0.775000          782         4.44
    9535.487     0.800000          807         5.00
    9682.943     0.825000          835         5.71
    9707.519     0.850000          856         6.67
   10035.199     0.875000          882         8.00
   10190.847     0.887500          899         8.89
   10207.231     0.900000          908        10.00
   10223.615     0.912500          921        11.43
   10338.303     0.925000          932        13.33
   10625.023     0.937500          946        16.00
   10682.367     0.943750          954        17.78
   10805.247     0.950000          957        20.00
   11018.239     0.956250          963        22.86
   11198.463     0.962500          971        26.67
   11460.607     0.968750          977        32.00
   11550.719     0.971875          980        35.56
   11649.023     0.975000          983        40.00
   11657.215     0.978125          986        45.71
   11747.327     0.981250          990        53.33
   11780.095     0.984375          992        64.00
   11804.671     0.985938          994        71.11
   11821.055     0.987500          996        80.00
   11821.055     0.989062          996        91.43
   11829.247     0.990625          998       106.67
   11837.439     0.992188         1003       128.00
   11837.439     0.992969         1003       142.22
   11837.439     0.993750         1003       160.00
   11837.439     0.994531         1003       182.86
   11837.439     0.995313         1003       213.33
   11862.015     0.996094         1004       256.00
   11862.015     0.996484         1004       284.44
   11862.015     0.996875         1004       320.00
   11870.207     0.997266         1007       365.71
   11870.207     1.000000         1007          inf
#[Mean    =     7008.332, StdDeviation   =     2589.998]
#[Max     =    11862.016, Total count    =         1007]
#[Buckets =           27, SubBuckets     =         2048]
-----------------------------------------------------------------------
  1203 requests in 1.00m, 366.55KB read
Requests/sec:     20.05  
Transfer/sec:      6.11KB
