Running 1m test @ http://10.111.175.232/?loopCount=25&base=6&exp=6
  5 threads and 5 connections

  Thread calibration: mean lat.: 50.012ms, rate sampling interval: 163ms
  Thread calibration: mean lat.: 45.933ms, rate sampling interval: 105ms
  Thread calibration: mean lat.: 46.837ms, rate sampling interval: 135ms
  Thread calibration: mean lat.: 50.757ms, rate sampling interval: 161ms
  Thread calibration: mean lat.: 53.578ms, rate sampling interval: 193ms

-----------------------------------------------------------------------
Test Results @ http://10.111.175.232/?loopCount=25&base=6&exp=6 
  Thread Stats   Avg      Stdev     99%   +/- Stdev
    Latency    43.92ms    8.77ms  81.79ms   85.64%
    Req/Sec     9.60      2.82    19.00     88.60%
  Latency Distribution (HdrHistogram - Recorded Latency)
 50.000%   41.95ms
 75.000%   43.78ms
 90.000%   52.51ms
 99.000%   81.79ms
 99.900%  105.66ms
 99.990%  105.86ms
 99.999%  105.86ms
100.000%  105.86ms

  Detailed Percentile spectrum:
       Value   Percentile   TotalCount 1/(1-Percentile)

      22.431     0.000000            1         1.00
      38.783     0.100000          250         1.11
      40.799     0.200000          500         1.25
      41.279     0.300000          757         1.43
      41.631     0.400000         1012         1.67
      41.951     0.500000         1250         2.00
      42.175     0.550000         1386         2.22
      42.399     0.600000         1511         2.50
      42.655     0.650000         1640         2.86
      42.975     0.700000         1750         3.33
      43.775     0.750000         1875         4.00
      44.959     0.775000         1939         4.44
      45.567     0.800000         2000         5.00
      46.111     0.825000         2064         5.71
      47.039     0.850000         2126         6.67
      49.599     0.875000         2190         8.00
      50.943     0.887500         2219         8.89
      52.511     0.900000         2251        10.00
      53.311     0.912500         2283        11.43
      54.079     0.925000         2313        13.33
      55.999     0.937500         2344        16.00
      57.439     0.943750         2361        17.78
      61.919     0.950000         2375        20.00
      64.511     0.956250         2391        22.86
      67.007     0.962500         2408        26.67
      68.031     0.968750         2422        32.00
      68.543     0.971875         2433        35.56
      68.735     0.975000         2438        40.00
      69.439     0.978125         2446        45.71
      73.279     0.981250         2454        53.33
      74.303     0.984375         2461        64.00
      77.631     0.985938         2465        71.11
      81.151     0.987500         2469        80.00
      81.599     0.989062         2473        91.43
      82.623     0.990625         2477       106.67
      86.399     0.992188         2481       128.00
      88.831     0.992969         2483       142.22
      89.087     0.993750         2485       160.00
      89.407     0.994531         2487       182.86
      89.535     0.995313         2489       213.33
      96.959     0.996094         2491       256.00
      97.023     0.996484         2492       284.44
      97.215     0.996875         2494       320.00
      97.215     0.997266         2494       365.71
      97.727     0.997656         2495       426.67
     104.639     0.998047         2496       512.00
     104.639     0.998242         2496       568.89
     104.767     0.998437         2497       640.00
     104.767     0.998633         2497       731.43
     105.663     0.998828         2498       853.33
     105.663     0.999023         2498      1024.00
     105.663     0.999121         2498      1137.78
     105.855     0.999219         2500      1280.00
     105.855     1.000000         2500          inf
#[Mean    =       43.919, StdDeviation   =        8.774]
#[Max     =      105.792, Total count    =         2500]
#[Buckets =           27, SubBuckets     =         2048]
-----------------------------------------------------------------------
  2995 requests in 1.00m, 0.89MB read
Requests/sec:     49.91  
Transfer/sec:     15.21KB
