Running 1m test @ http://10.106.127.105/?loopCount=25&base=6&exp=6
  1 threads and 1 connections

  Thread calibration: mean lat.: 2240.943ms, rate sampling interval: 7561ms

-----------------------------------------------------------------------
Test Results @ http://10.106.127.105/?loopCount=25&base=6&exp=6 
  Thread Stats   Avg      Stdev     99%   +/- Stdev
    Latency    10.95s     3.27s   15.44s    58.57%
    Req/Sec    18.33      1.89    20.00     83.33%
  Latency Distribution (HdrHistogram - Recorded Latency)
 50.000%   11.17s 
 75.000%   13.77s 
 90.000%   14.97s 
 99.000%   15.44s 
 99.900%   15.47s 
 99.990%   15.48s 
 99.999%   15.48s 
100.000%   15.48s 

  Detailed Percentile spectrum:
       Value   Percentile   TotalCount 1/(1-Percentile)

    3969.023     0.000000            1         1.00
    5779.455     0.100000           97         1.11
    7462.911     0.200000          193         1.25
    9519.103     0.300000          289         1.43
   10248.191     0.400000          387         1.67
   11173.887     0.500000          483         2.00
   11911.167     0.550000          530         2.22
   12525.567     0.600000          583         2.50
   12673.023     0.650000          626         2.86
   13213.695     0.700000          675         3.33
   13770.751     0.750000          723         4.00
   14008.319     0.775000          756         4.44
   14417.919     0.800000          777         5.00
   14442.495     0.825000          795         5.71
   14811.135     0.850000          820         6.67
   14958.591     0.875000          850         8.00
   14966.783     0.887500          855         8.89
   14974.975     0.900000          867        10.00
   14983.167     0.912500          880        11.43
   15212.543     0.925000          902        13.33
   15220.735     0.937500          910        16.00
   15220.735     0.943750          910        17.78
   15245.311     0.950000          916        20.00
   15269.887     0.956250          923        22.86
   15302.655     0.962500          928        26.67
   15310.847     0.968750          937        32.00
   15310.847     0.971875          937        35.56
   15319.039     0.975000          940        40.00
   15335.423     0.978125          942        45.71
   15359.999     0.981250          945        53.33
   15392.767     0.984375          950        64.00
   15392.767     0.985938          950        71.11
   15417.343     0.987500          952        80.00
   15441.919     0.989062          954        91.43
   15441.919     0.990625          954       106.67
   15466.495     0.992188          956       128.00
   15474.687     0.992969          962       142.22
   15474.687     0.993750          962       160.00
   15474.687     0.994531          962       182.86
   15474.687     0.995313          962       213.33
   15474.687     0.996094          962       256.00
   15474.687     0.996484          962       284.44
   15474.687     0.996875          962       320.00
   15474.687     0.997266          962       365.71
   15474.687     0.997656          962       426.67
   15474.687     0.998047          962       512.00
   15474.687     0.998242          962       568.89
   15474.687     0.998437          962       640.00
   15474.687     0.998633          962       731.43
   15474.687     0.998828          962       853.33
   15482.879     0.999023          963      1024.00
   15482.879     1.000000          963          inf
#[Mean    =    10945.913, StdDeviation   =     3273.006]
#[Max     =    15474.688, Total count    =          963]
#[Buckets =           27, SubBuckets     =         2048]
-----------------------------------------------------------------------
  1113 requests in 1.00m, 339.15KB read
Requests/sec:     18.55  
Transfer/sec:      5.65KB
