Running 1m test @ http://10.102.255.30/?loopCount=25&base=6&exp=6
  1 threads and 1 connections

  Thread calibration: mean lat.: 1029.641ms, rate sampling interval: 3497ms

-----------------------------------------------------------------------
Test Results @ http://10.102.255.30/?loopCount=25&base=6&exp=6 
  Thread Stats   Avg      Stdev     99%   +/- Stdev
    Latency     6.93s     2.72s   11.57s    58.59%
    Req/Sec    19.57      1.59    22.00    100.00%
  Latency Distribution (HdrHistogram - Recorded Latency)
 50.000%    7.35s 
 75.000%    9.12s 
 90.000%   10.38s 
 99.000%   11.57s 
 99.900%   11.58s 
 99.990%   11.58s 
 99.999%   11.58s 
100.000%   11.58s 

  Detailed Percentile spectrum:
       Value   Percentile   TotalCount 1/(1-Percentile)

    1889.279     0.000000            2         1.00
    3162.111     0.100000          101         1.11
    3993.599     0.200000          202         1.25
    4878.335     0.300000          307         1.43
    6311.935     0.400000          406         1.67
    7348.223     0.500000          505         2.00
    7897.087     0.550000          557         2.22
    8122.367     0.600000          605         2.50
    8544.255     0.650000          655         2.86
    8912.895     0.700000          709         3.33
    9117.695     0.750000          757         4.00
    9297.919     0.775000          784         4.44
    9486.335     0.800000          809         5.00
    9707.519     0.825000          834         5.71
    9863.167     0.850000          859         6.67
   10076.159     0.875000          887         8.00
   10100.735     0.887500          897         8.89
   10379.263     0.900000          910        10.00
   10592.255     0.912500          919        11.43
   10846.207     0.925000          933        13.33
   10862.591     0.937500          947        16.00
   11001.855     0.943750          952        17.78
   11010.047     0.950000          958        20.00
   11100.159     0.956250          966        22.86
   11239.423     0.962500          970        26.67
   11370.495     0.968750          977        32.00
   11444.223     0.971875          981        35.56
   11452.415     0.975000          983        40.00
   11476.991     0.978125          986        45.71
   11485.183     0.981250          991        53.33
   11526.143     0.984375          995        64.00
   11526.143     0.985938          995        71.11
   11526.143     0.987500          995        80.00
   11567.103     0.989062         1005        91.43
   11567.103     0.990625         1005       106.67
   11567.103     0.992188         1005       128.00
   11567.103     0.992969         1005       142.22
   11567.103     0.993750         1005       160.00
   11567.103     0.994531         1005       182.86
   11567.103     0.995313         1005       213.33
   11567.103     0.996094         1005       256.00
   11567.103     0.996484         1005       284.44
   11567.103     0.996875         1005       320.00
   11567.103     0.997266         1005       365.71
   11567.103     0.997656         1005       426.67
   11575.295     0.998047         1007       512.00
   11575.295     1.000000         1007          inf
#[Mean    =     6927.246, StdDeviation   =     2720.448]
#[Max     =    11567.104, Total count    =         1007]
#[Buckets =           27, SubBuckets     =         2048]
-----------------------------------------------------------------------
  1210 requests in 1.00m, 368.68KB read
Requests/sec:     20.17  
Transfer/sec:      6.14KB
