Running 1m test @ http://10.110.211.94/?loopCount=25&base=6&exp=6
  5 threads and 5 connections

  Thread calibration: mean lat.: 69.972ms, rate sampling interval: 276ms
  Thread calibration: mean lat.: 62.511ms, rate sampling interval: 187ms
  Thread calibration: mean lat.: 69.438ms, rate sampling interval: 267ms
  Thread calibration: mean lat.: 67.928ms, rate sampling interval: 241ms
  Thread calibration: mean lat.: 62.141ms, rate sampling interval: 188ms

-----------------------------------------------------------------------
Test Results @ http://10.110.211.94/?loopCount=25&base=6&exp=6 
  Thread Stats   Avg      Stdev     99%   +/- Stdev
    Latency    88.01ms   68.87ms 362.75ms   89.24%
    Req/Sec     9.52      3.06    16.00     74.53%
  Latency Distribution (HdrHistogram - Recorded Latency)
 50.000%   68.74ms
 75.000%  100.99ms
 90.000%  161.79ms
 99.000%  362.75ms
 99.900%  485.12ms
 99.990%  541.70ms
 99.999%  541.70ms
100.000%  541.70ms

  Detailed Percentile spectrum:
       Value   Percentile   TotalCount 1/(1-Percentile)

      21.919     0.000000            1         1.00
      40.607     0.100000          250         1.11
      41.183     0.200000          509         1.25
      41.919     0.300000          752         1.43
      52.735     0.400000         1001         1.67
      68.735     0.500000         1257         2.00
      70.015     0.550000         1375         2.22
      76.927     0.600000         1500         2.50
      80.447     0.650000         1625         2.86
      88.447     0.700000         1751         3.33
     100.991     0.750000         1875         4.00
     111.999     0.775000         1938         4.44
     134.783     0.800000         2000         5.00
     139.519     0.825000         2063         5.71
     142.463     0.850000         2125         6.67
     149.759     0.875000         2189         8.00
     153.983     0.887500         2219         8.89
     161.791     0.900000         2251        10.00
     175.743     0.912500         2282        11.43
     186.111     0.925000         2313        13.33
     212.351     0.937500         2344        16.00
     236.543     0.943750         2360        17.78
     239.487     0.950000         2375        20.00
     244.351     0.956250         2391        22.86
     250.495     0.962500         2407        26.67
     257.407     0.968750         2422        32.00
     273.919     0.971875         2430        35.56
     289.791     0.975000         2438        40.00
     303.871     0.978125         2446        45.71
     333.823     0.981250         2454        53.33
     340.735     0.984375         2461        64.00
     343.807     0.985938         2465        71.11
     351.231     0.987500         2469        80.00
     359.679     0.989062         2473        91.43
     369.663     0.990625         2477       106.67
     382.463     0.992188         2481       128.00
     390.655     0.992969         2483       142.22
     395.007     0.993750         2485       160.00
     422.143     0.994531         2487       182.86
     434.687     0.995313         2489       213.33
     442.623     0.996094         2491       256.00
     443.391     0.996484         2492       284.44
     444.927     0.996875         2493       320.00
     445.439     0.997266         2494       365.71
     449.023     0.997656         2495       426.67
     451.327     0.998047         2496       512.00
     451.327     0.998242         2496       568.89
     481.535     0.998437         2497       640.00
     481.535     0.998633         2497       731.43
     485.119     0.998828         2498       853.33
     485.119     0.999023         2498      1024.00
     485.119     0.999121         2498      1137.78
     537.087     0.999219         2499      1280.00
     537.087     0.999316         2499      1462.86
     537.087     0.999414         2499      1706.67
     537.087     0.999512         2499      2048.00
     537.087     0.999561         2499      2275.56
     541.695     0.999609         2500      2560.00
     541.695     1.000000         2500          inf
#[Mean    =       88.006, StdDeviation   =       68.871]
#[Max     =      541.184, Total count    =         2500]
#[Buckets =           27, SubBuckets     =         2048]
-----------------------------------------------------------------------
  2995 requests in 1.00m, 0.89MB read
Requests/sec:     49.91  
Transfer/sec:     15.22KB
