Running 1m test @ http://10.107.164.151/?loopCount=25&base=6&exp=6
  5 threads and 5 connections

  Thread calibration: mean lat.: 579.228ms, rate sampling interval: 1760ms
  Thread calibration: mean lat.: 426.016ms, rate sampling interval: 1213ms
  Thread calibration: mean lat.: 195.726ms, rate sampling interval: 730ms
  Thread calibration: mean lat.: 426.344ms, rate sampling interval: 1353ms
  Thread calibration: mean lat.: 128.428ms, rate sampling interval: 384ms

-----------------------------------------------------------------------
Test Results @ http://10.107.164.151/?loopCount=25&base=6&exp=6 
  Thread Stats   Avg      Stdev     99%   +/- Stdev
    Latency   306.42ms  239.05ms 990.72ms   77.55%
    Req/Sec     9.47      1.56    13.00     93.40%
  Latency Distribution (HdrHistogram - Recorded Latency)
 50.000%  212.10ms
 75.000%  404.99ms
 90.000%  688.64ms
 99.000%  990.72ms
 99.900%    1.08s 
 99.990%    1.09s 
 99.999%    1.09s 
100.000%    1.09s 

  Detailed Percentile spectrum:
       Value   Percentile   TotalCount 1/(1-Percentile)

      21.167     0.000000            1         1.00
      84.415     0.100000          250         1.11
      96.319     0.200000          501         1.25
     108.415     0.300000          750         1.43
     186.879     0.400000         1000         1.67
     212.095     0.500000         1252         2.00
     283.647     0.550000         1377         2.22
     295.935     0.600000         1502         2.50
     315.135     0.650000         1626         2.86
     387.327     0.700000         1750         3.33
     405.247     0.750000         1877         4.00
     476.671     0.775000         1938         4.44
     487.679     0.800000         2001         5.00
     571.903     0.825000         2063         5.71
     593.919     0.850000         2127         6.67
     612.863     0.875000         2187         8.00
     680.447     0.887500         2220         8.89
     688.639     0.900000         2250        10.00
     697.343     0.912500         2281        11.43
     712.703     0.925000         2313        13.33
     784.383     0.937500         2344        16.00
     788.479     0.943750         2359        17.78
     797.695     0.950000         2375        20.00
     810.495     0.956250         2391        22.86
     883.711     0.962500         2406        26.67
     894.463     0.968750         2421        32.00
     902.143     0.971875         2429        35.56
     908.287     0.975000         2438        40.00
     910.335     0.978125         2447        45.71
     912.383     0.981250         2453        53.33
     983.039     0.984375         2461        64.00
     985.599     0.985938         2465        71.11
     988.159     0.987500         2468        80.00
     989.695     0.989062         2473        91.43
     991.743     0.990625         2476       106.67
     995.839     0.992188         2480       128.00
     997.887     0.992969         2482       142.22
    1003.007     0.993750         2484       160.00
    1005.567     0.994531         2486       182.86
    1006.079     0.995313         2488       213.33
    1007.615     0.996094         2491       256.00
    1007.615     0.996484         2491       284.44
    1008.639     0.996875         2492       320.00
    1009.151     0.997266         2493       365.71
    1011.711     0.997656         2494       426.67
    1078.271     0.998047         2495       512.00
    1078.271     0.998242         2495       568.89
    1081.343     0.998437         2497       640.00
    1081.343     0.998633         2497       731.43
    1081.343     0.998828         2497       853.33
    1081.343     0.999023         2497      1024.00
    1081.343     0.999121         2497      1137.78
    1082.367     0.999219         2498      1280.00
    1082.367     0.999316         2498      1462.86
    1082.367     0.999414         2498      1706.67
    1082.367     0.999512         2498      2048.00
    1082.367     0.999561         2498      2275.56
    1087.487     0.999609         2499      2560.00
    1087.487     1.000000         2499          inf
#[Mean    =      306.417, StdDeviation   =      239.054]
#[Max     =     1086.464, Total count    =         2499]
#[Buckets =           27, SubBuckets     =         2048]
-----------------------------------------------------------------------
  2984 requests in 1.00m, 0.89MB read
Requests/sec:     49.73  
Transfer/sec:     15.17KB
