Running 1m test @ http://10.106.127.105/?loopCount=25&base=6&exp=6
  5 threads and 5 connections

  Thread calibration: mean lat.: 66.176ms, rate sampling interval: 260ms
  Thread calibration: mean lat.: 57.291ms, rate sampling interval: 170ms
  Thread calibration: mean lat.: 65.663ms, rate sampling interval: 283ms
  Thread calibration: mean lat.: 59.111ms, rate sampling interval: 180ms
  Thread calibration: mean lat.: 54.001ms, rate sampling interval: 169ms

-----------------------------------------------------------------------
Test Results @ http://10.106.127.105/?loopCount=25&base=6&exp=6 
  Thread Stats   Avg      Stdev     99%   +/- Stdev
    Latency    46.77ms   15.17ms  93.18ms   77.96%
    Req/Sec     9.40      2.49    11.00     79.48%
  Latency Distribution (HdrHistogram - Recorded Latency)
 50.000%   41.73ms
 75.000%   44.38ms
 90.000%   68.29ms
 99.000%   93.18ms
 99.900%  162.56ms
 99.990%  164.99ms
 99.999%  164.99ms
100.000%  164.99ms

  Detailed Percentile spectrum:
       Value   Percentile   TotalCount 1/(1-Percentile)

      21.519     0.000000            1         1.00
      38.463     0.100000          250         1.11
      40.575     0.200000          505         1.25
      41.087     0.300000          756         1.43
      41.407     0.400000         1008         1.67
      41.727     0.500000         1261         2.00
      41.887     0.550000         1379         2.22
      42.111     0.600000         1507         2.50
      42.399     0.650000         1636         2.86
      42.815     0.700000         1753         3.33
      44.383     0.750000         1876         4.00
      46.591     0.775000         1938         4.44
      49.343     0.800000         2000         5.00
      60.767     0.825000         2063         5.71
      64.959     0.850000         2129         6.67
      65.983     0.875000         2189         8.00
      66.751     0.887500         2220         8.89
      68.287     0.900000         2250        10.00
      69.247     0.912500         2283        11.43
      70.527     0.925000         2314        13.33
      73.535     0.937500         2344        16.00
      75.519     0.943750         2362        17.78
      76.799     0.950000         2377        20.00
      77.759     0.956250         2391        22.86
      80.895     0.962500         2407        26.67
      83.391     0.968750         2422        32.00
      84.095     0.971875         2430        35.56
      84.799     0.975000         2440        40.00
      85.055     0.978125         2446        45.71
      85.375     0.981250         2454        53.33
      85.951     0.984375         2462        64.00
      86.271     0.985938         2465        71.11
      89.791     0.987500         2469        80.00
      91.263     0.989062         2473        91.43
      94.015     0.990625         2478       106.67
      99.007     0.992188         2481       128.00
      99.839     0.992969         2483       142.22
     101.567     0.993750         2485       160.00
     102.655     0.994531         2487       182.86
     149.631     0.995313         2490       213.33
     150.015     0.996094         2491       256.00
     153.983     0.996484         2492       284.44
     154.623     0.996875         2493       320.00
     156.799     0.997266         2494       365.71
     158.591     0.997656         2496       426.67
     158.591     0.998047         2496       512.00
     158.591     0.998242         2496       568.89
     158.975     0.998437         2497       640.00
     158.975     0.998633         2497       731.43
     162.559     0.998828         2498       853.33
     162.559     0.999023         2498      1024.00
     162.559     0.999121         2498      1137.78
     162.943     0.999219         2499      1280.00
     162.943     0.999316         2499      1462.86
     162.943     0.999414         2499      1706.67
     162.943     0.999512         2499      2048.00
     162.943     0.999561         2499      2275.56
     164.991     0.999609         2500      2560.00
     164.991     1.000000         2500          inf
#[Mean    =       46.767, StdDeviation   =       15.168]
#[Max     =      164.864, Total count    =         2500]
#[Buckets =           27, SubBuckets     =         2048]
-----------------------------------------------------------------------
  2995 requests in 1.00m, 0.89MB read
Requests/sec:     49.91  
Transfer/sec:     15.21KB
