Running 1m test @ http://10.102.62.147/?loopCount=25&base=6&exp=6
  5 threads and 5 connections

  Thread calibration: mean lat.: 211.838ms, rate sampling interval: 849ms
  Thread calibration: mean lat.: 408.101ms, rate sampling interval: 1162ms
  Thread calibration: mean lat.: 540.674ms, rate sampling interval: 1488ms
  Thread calibration: mean lat.: 260.021ms, rate sampling interval: 847ms
  Thread calibration: mean lat.: 298.198ms, rate sampling interval: 1042ms

-----------------------------------------------------------------------
Test Results @ http://10.102.62.147/?loopCount=25&base=6&exp=6 
  Thread Stats   Avg      Stdev     99%   +/- Stdev
    Latency   120.23ms  110.61ms 545.28ms   85.40%
    Req/Sec    14.53      1.15    18.00     89.17%
  Latency Distribution (HdrHistogram - Recorded Latency)
 50.000%   73.21ms
 75.000%  155.90ms
 90.000%  276.48ms
 99.000%  545.28ms
 99.900%  637.44ms
 99.990%  665.09ms
 99.999%  665.09ms
100.000%  665.09ms

  Detailed Percentile spectrum:
       Value   Percentile   TotalCount 1/(1-Percentile)

      21.679     0.000000            1         1.00
      40.703     0.100000          387         1.11
      41.503     0.200000          756         1.25
      46.239     0.300000         1123         1.43
      58.783     0.400000         1496         1.67
      73.215     0.500000         1872         2.00
      80.511     0.550000         2057         2.22
      89.599     0.600000         2244         2.50
     109.247     0.650000         2431         2.86
     130.239     0.700000         2618         3.33
     155.903     0.750000         2805         4.00
     175.871     0.775000         2899         4.44
     189.183     0.800000         2994         5.00
     209.919     0.825000         3085         5.71
     224.639     0.850000         3179         6.67
     247.423     0.875000         3273         8.00
     259.711     0.887500         3319         8.89
     276.479     0.900000         3366        10.00
     289.023     0.912500         3412        11.43
     309.759     0.925000         3459        13.33
     327.167     0.937500         3506        16.00
     343.039     0.943750         3530        17.78
     354.303     0.950000         3553        20.00
     377.087     0.956250         3576        22.86
     391.167     0.962500         3599        26.67
     416.511     0.968750         3623        32.00
     425.983     0.971875         3634        35.56
     438.015     0.975000         3646        40.00
     462.847     0.978125         3658        45.71
     474.367     0.981250         3669        53.33
     503.295     0.984375         3681        64.00
     514.815     0.985938         3687        71.11
     531.455     0.987500         3693        80.00
     541.695     0.989062         3699        91.43
     547.839     0.990625         3704       106.67
     557.567     0.992188         3710       128.00
     564.735     0.992969         3714       142.22
     568.319     0.993750         3716       160.00
     569.855     0.994531         3719       182.86
     580.095     0.995313         3722       213.33
     583.679     0.996094         3725       256.00
     586.751     0.996484         3727       284.44
     588.799     0.996875         3728       320.00
     605.183     0.997266         3729       365.71
     610.815     0.997656         3731       426.67
     614.399     0.998047         3732       512.00
     621.567     0.998242         3733       568.89
     636.927     0.998437         3734       640.00
     636.927     0.998633         3734       731.43
     637.439     0.998828         3735       853.33
     638.975     0.999023         3736      1024.00
     638.975     0.999121         3736      1137.78
     641.023     0.999219         3738      1280.00
     641.023     0.999316         3738      1462.86
     641.023     0.999414         3738      1706.67
     641.023     0.999512         3738      2048.00
     641.023     0.999561         3738      2275.56
     641.023     0.999609         3738      2560.00
     641.023     0.999658         3738      2925.71
     641.023     0.999707         3738      3413.33
     665.087     0.999756         3739      4096.00
     665.087     1.000000         3739          inf
#[Mean    =      120.230, StdDeviation   =      110.607]
#[Max     =      664.576, Total count    =         3739]
#[Buckets =           27, SubBuckets     =         2048]
-----------------------------------------------------------------------
  4473 requests in 1.00m, 1.33MB read
Requests/sec:     74.54  
Transfer/sec:     22.72KB
