Running 1m test @ http://10.96.169.80/?loopCount=25&base=6&exp=6
  1 threads and 1 connections

  Thread calibration: mean lat.: 2803.636ms, rate sampling interval: 9527ms

-----------------------------------------------------------------------
Test Results @ http://10.96.169.80/?loopCount=25&base=6&exp=6 
  Thread Stats   Avg      Stdev     99%   +/- Stdev
    Latency    13.97s     4.53s   20.81s    55.14%
    Req/Sec    16.40      1.50    19.00     80.00%
  Latency Distribution (HdrHistogram - Recorded Latency)
 50.000%   14.10s 
 75.000%   18.27s 
 90.000%   19.64s 
 99.000%   20.81s 
 99.900%   21.10s 
 99.990%   21.10s 
 99.999%   21.10s 
100.000%   21.10s 

  Detailed Percentile spectrum:
       Value   Percentile   TotalCount 1/(1-Percentile)

    5095.423     0.000000            1         1.00
    7675.903     0.100000           85         1.11
    8773.631     0.200000          170         1.25
   11100.159     0.300000          255         1.43
   13049.855     0.400000          345         1.67
   14098.431     0.500000          424         2.00
   14819.327     0.550000          466         2.22
   15777.791     0.600000          510         2.50
   16515.071     0.650000          551         2.86
   17580.031     0.700000          593         3.33
   18268.159     0.750000          636         4.00
   18333.695     0.775000          659         4.44
   18563.071     0.800000          678         5.00
   19103.743     0.825000          701         5.71
   19398.655     0.850000          724         6.67
   19513.343     0.875000          742         8.00
   19546.111     0.887500          752         8.89
   19644.415     0.900000          765        10.00
   19726.335     0.912500          773        11.43
   19922.943     0.925000          787        13.33
   20135.935     0.937500          796        16.00
   20267.007     0.943750          800        17.78
   20365.311     0.950000          805        20.00
   20578.303     0.956250          813        22.86
   20643.839     0.962500          816        26.67
   20725.759     0.968750          827        32.00
   20725.759     0.971875          827        35.56
   20725.759     0.975000          827        40.00
   20742.143     0.978125          833        45.71
   20742.143     0.981250          833        53.33
   20758.527     0.984375          838        64.00
   20758.527     0.985938          838        71.11
   20758.527     0.987500          838        80.00
   20758.527     0.989062          838        91.43
   20856.831     0.990625          840       106.67
   20922.367     0.992188          841       128.00
   20971.519     0.992969          842       142.22
   20971.519     0.993750          842       160.00
   21020.671     0.994531          844       182.86
   21020.671     0.995313          844       213.33
   21020.671     0.996094          844       256.00
   21053.439     0.996484          845       284.44
   21053.439     0.996875          845       320.00
   21053.439     0.997266          845       365.71
   21102.591     0.997656          847       426.67
   21102.591     1.000000          847          inf
#[Mean    =    13967.590, StdDeviation   =     4525.362]
#[Max     =    21086.208, Total count    =          847]
#[Buckets =           27, SubBuckets     =         2048]
-----------------------------------------------------------------------
  971 requests in 1.00m, 295.95KB read
Requests/sec:     16.18  
Transfer/sec:      4.93KB
