Running 1m test @ http://10.96.158.146/?loopCount=25&base=6&exp=6
  1 threads and 1 connections

  Thread calibration: mean lat.: 2796.883ms, rate sampling interval: 10862ms

-----------------------------------------------------------------------
Test Results @ http://10.96.158.146/?loopCount=25&base=6&exp=6 
  Thread Stats   Avg      Stdev     99%   +/- Stdev
    Latency    20.84s     8.29s   33.98s    55.54%
    Req/Sec    10.25      0.43    11.00    100.00%
  Latency Distribution (HdrHistogram - Recorded Latency)
 50.000%   20.53s 
 75.000%   28.48s 
 90.000%   32.41s 
 99.000%   33.98s 
 99.900%   34.44s 
 99.990%   34.50s 
 99.999%   34.50s 
100.000%   34.50s 

  Detailed Percentile spectrum:
       Value   Percentile   TotalCount 1/(1-Percentile)

    6238.207     0.000000            1         1.00
    9461.759     0.100000           55         1.11
   11911.167     0.200000          109         1.25
   15450.111     0.300000          163         1.43
   17891.327     0.400000          217         1.67
   20529.151     0.500000          271         2.00
   22298.623     0.550000          300         2.22
   23724.031     0.600000          328         2.50
   24838.143     0.650000          354         2.86
   26968.063     0.700000          381         3.33
   28475.391     0.750000          407         4.00
   29245.439     0.775000          421         4.44
   30015.487     0.800000          434         5.00
   30556.159     0.825000          451         5.71
   31227.903     0.850000          461         6.67
   32391.167     0.875000          483         8.00
   32391.167     0.887500          483         8.89
   32407.551     0.900000          489        10.00
   32489.471     0.912500          495        11.43
   32620.543     0.925000          502        13.33
   32784.383     0.937500          513        16.00
   32784.383     0.943750          513        17.78
   32817.151     0.950000          515        20.00
   32997.375     0.956250          520        22.86
   33112.063     0.962500          522        26.67
   33341.439     0.968750          526        32.00
   33374.207     0.971875          527        35.56
   33423.359     0.975000          529        40.00
   33521.663     0.978125          531        45.71
   33587.199     0.981250          532        53.33
   33652.735     0.984375          534        64.00
   33751.039     0.985938          535        71.11
   33816.575     0.987500          536        80.00
   33980.415     0.989062          537        91.43
   33980.415     0.990625          537       106.67
   34045.951     0.992188          538       128.00
   34209.791     0.992969          539       142.22
   34209.791     0.993750          539       160.00
   34275.327     0.994531          540       182.86
   34275.327     0.995313          540       213.33
   34275.327     0.996094          540       256.00
   34439.167     0.996484          541       284.44
   34439.167     0.996875          541       320.00
   34439.167     0.997266          541       365.71
   34439.167     0.997656          541       426.67
   34439.167     0.998047          541       512.00
   34504.703     0.998242          542       568.89
   34504.703     1.000000          542          inf
#[Mean    =    20840.002, StdDeviation   =     8291.879]
#[Max     =    34471.936, Total count    =          542]
#[Buckets =           27, SubBuckets     =         2048]
-----------------------------------------------------------------------
  637 requests in 1.00m, 194.34KB read
Requests/sec:     10.62  
Transfer/sec:      3.24KB
