Running 1m test @ http://10.97.57.202/?loopCount=25&base=6&exp=6
  1 threads and 1 connections

  Thread calibration: mean lat.: 65.808ms, rate sampling interval: 173ms

-----------------------------------------------------------------------
Test Results @ http://10.97.57.202/?loopCount=25&base=6&exp=6 
  Thread Stats   Avg      Stdev     99%   +/- Stdev
    Latency   251.31ms   84.37ms 416.26ms   60.85%
    Req/Sec    24.65      2.60    29.00     87.15%
  Latency Distribution (HdrHistogram - Recorded Latency)
 50.000%  242.94ms
 75.000%  318.21ms
 90.000%  370.69ms
 99.000%  416.26ms
 99.900%  421.38ms
 99.990%  421.89ms
 99.999%  421.89ms
100.000%  421.89ms

  Detailed Percentile spectrum:
       Value   Percentile   TotalCount 1/(1-Percentile)

      89.279     0.000000            1         1.00
     122.495     0.100000          125         1.11
     187.007     0.200000          249         1.25
     214.655     0.300000          374         1.43
     230.271     0.400000          500         1.67
     242.943     0.500000          623         2.00
     251.903     0.550000          686         2.22
     258.175     0.600000          747         2.50
     268.799     0.650000          809         2.86
     292.863     0.700000          872         3.33
     318.207     0.750000          933         4.00
     333.055     0.775000          965         4.44
     343.039     0.800000          997         5.00
     347.903     0.825000         1028         5.71
     353.279     0.850000         1058         6.67
     359.423     0.875000         1091         8.00
     364.799     0.887500         1105         8.89
     370.687     0.900000         1121        10.00
     376.831     0.912500         1136        11.43
     380.671     0.925000         1151        13.33
     386.303     0.937500         1167        16.00
     389.375     0.943750         1175        17.78
     392.703     0.950000         1182        20.00
     396.799     0.956250         1192        22.86
     398.335     0.962500         1198        26.67
     403.711     0.968750         1206        32.00
     404.991     0.971875         1210        35.56
     407.295     0.975000         1213        40.00
     408.831     0.978125         1217        45.71
     409.855     0.981250         1221        53.33
     412.415     0.984375         1225        64.00
     415.487     0.985938         1227        71.11
     415.999     0.987500         1231        80.00
     415.999     0.989062         1231        91.43
     416.511     0.990625         1233       106.67
     417.535     0.992188         1235       128.00
     417.791     0.992969         1236       142.22
     418.559     0.993750         1237       160.00
     419.583     0.994531         1238       182.86
     420.095     0.995313         1242       213.33
     420.095     0.996094         1242       256.00
     420.095     0.996484         1242       284.44
     420.095     0.996875         1242       320.00
     420.095     0.997266         1242       365.71
     420.095     0.997656         1242       426.67
     420.095     0.998047         1242       512.00
     420.095     0.998242         1242       568.89
     421.375     0.998437         1243       640.00
     421.375     0.998633         1243       731.43
     421.375     0.998828         1243       853.33
     421.375     0.999023         1243      1024.00
     421.375     0.999121         1243      1137.78
     421.887     0.999219         1244      1280.00
     421.887     1.000000         1244          inf
#[Mean    =      251.314, StdDeviation   =       84.365]
#[Max     =      421.632, Total count    =         1244]
#[Buckets =           27, SubBuckets     =         2048]
-----------------------------------------------------------------------
  1491 requests in 1.00m, 454.29KB read
Requests/sec:     24.85  
Transfer/sec:      7.57KB
