Running 1m test @ http://10.105.168.171/?loopCount=25&base=6&exp=6
  1 threads and 1 connections

  Thread calibration: mean lat.: 700.258ms, rate sampling interval: 2324ms

-----------------------------------------------------------------------
Test Results @ http://10.105.168.171/?loopCount=25&base=6&exp=6 
  Thread Stats   Avg      Stdev     99%   +/- Stdev
    Latency     4.28s     1.76s    7.66s    63.91%
    Req/Sec    21.19      1.05    23.00     95.24%
  Latency Distribution (HdrHistogram - Recorded Latency)
 50.000%    4.26s 
 75.000%    5.78s 
 90.000%    6.71s 
 99.000%    7.66s 
 99.900%    7.67s 
 99.990%    7.67s 
 99.999%    7.67s 
100.000%    7.67s 

  Detailed Percentile spectrum:
       Value   Percentile   TotalCount 1/(1-Percentile)

    1228.799     0.000000            1         1.00
    1853.439     0.100000          109         1.11
    2535.423     0.200000          222         1.25
    2992.127     0.300000          327         1.43
    3686.399     0.400000          437         1.67
    4255.743     0.500000          546         2.00
    4476.927     0.550000          600         2.22
    4558.847     0.600000          654         2.50
    5222.399     0.650000          708         2.86
    5468.159     0.700000          766         3.33
    5775.359     0.750000          817         4.00
    5853.183     0.775000          845         4.44
    5898.239     0.800000          872         5.00
    6000.639     0.825000          903         5.71
    6434.815     0.850000          926         6.67
    6586.367     0.875000          953         8.00
    6672.383     0.887500          970         8.89
    6713.343     0.900000          983        10.00
    6881.279     0.912500          994        11.43
    7057.407     0.925000         1008        13.33
    7217.151     0.937500         1021        16.00
    7368.703     0.943750         1028        17.78
    7393.279     0.950000         1035        20.00
    7405.567     0.956250         1046        22.86
    7421.951     0.962500         1051        26.67
    7475.199     0.968750         1055        32.00
    7532.543     0.971875         1063        35.56
    7532.543     0.975000         1063        40.00
    7577.599     0.978125         1070        45.71
    7577.599     0.981250         1070        53.33
    7581.695     0.984375         1072        64.00
    7610.367     0.985938         1074        71.11
    7639.039     0.987500         1076        80.00
    7663.615     0.989062         1085        91.43
    7663.615     0.990625         1085       106.67
    7663.615     0.992188         1085       128.00
    7663.615     0.992969         1085       142.22
    7663.615     0.993750         1085       160.00
    7663.615     0.994531         1085       182.86
    7663.615     0.995313         1085       213.33
    7663.615     0.996094         1085       256.00
    7667.711     0.996484         1089       284.44
    7667.711     1.000000         1089          inf
#[Mean    =     4280.263, StdDeviation   =     1759.628]
#[Max     =     7663.616, Total count    =         1089]
#[Buckets =           27, SubBuckets     =         2048]
-----------------------------------------------------------------------
  1308 requests in 1.00m, 398.53KB read
Requests/sec:     21.80  
Transfer/sec:      6.64KB
