Running 1m test @ http://10.96.164.126/?loopCount=25&base=6&exp=6
  5 threads and 5 connections

  Thread calibration: mean lat.: 464.782ms, rate sampling interval: 1415ms
  Thread calibration: mean lat.: 511.906ms, rate sampling interval: 1464ms
  Thread calibration: mean lat.: 737.783ms, rate sampling interval: 1776ms
  Thread calibration: mean lat.: 921.946ms, rate sampling interval: 2359ms
  Thread calibration: mean lat.: 512.538ms, rate sampling interval: 1386ms

-----------------------------------------------------------------------
Test Results @ http://10.96.164.126/?loopCount=25&base=6&exp=6 
  Thread Stats   Avg      Stdev     99%   +/- Stdev
    Latency   275.78ms  268.25ms   1.06s    83.81%
    Req/Sec    14.62      1.21    18.00     87.66%
  Latency Distribution (HdrHistogram - Recorded Latency)
 50.000%  153.85ms
 75.000%  427.01ms
 90.000%  708.61ms
 99.000%    1.06s 
 99.900%    1.18s 
 99.990%    1.21s 
 99.999%    1.21s 
100.000%    1.21s 

  Detailed Percentile spectrum:
       Value   Percentile   TotalCount 1/(1-Percentile)

      21.263     0.000000            1         1.00
      41.151     0.100000          378         1.11
      53.375     0.200000          757         1.25
      74.303     0.300000         1134         1.43
     101.631     0.400000         1512         1.67
     153.855     0.500000         1891         2.00
     205.567     0.550000         2080         2.22
     261.631     0.600000         2269         2.50
     311.551     0.650000         2460         2.86
     362.751     0.700000         2649         3.33
     427.775     0.750000         2836         4.00
     454.143     0.775000         2929         4.44
     487.423     0.800000         3024         5.00
     523.775     0.825000         3118         5.71
     567.295     0.850000         3215         6.67
     626.175     0.875000         3307         8.00
     663.551     0.887500         3354         8.89
     708.607     0.900000         3402        10.00
     750.591     0.912500         3449        11.43
     782.335     0.925000         3496        13.33
     810.495     0.937500         3544        16.00
     826.879     0.943750         3567        17.78
     843.263     0.950000         3592        20.00
     876.031     0.956250         3614        22.86
     905.215     0.962500         3638        26.67
     933.375     0.968750         3661        32.00
     953.343     0.971875         3673        35.56
     965.119     0.975000         3685        40.00
     979.455     0.978125         3697        45.71
     994.303     0.981250         3709        53.33
    1011.199     0.984375         3720        64.00
    1023.487     0.985938         3726        71.11
    1043.455     0.987500         3732        80.00
    1054.719     0.989062         3738        91.43
    1078.271     0.990625         3744       106.67
    1086.463     0.992188         3750       128.00
    1103.871     0.992969         3753       142.22
    1112.063     0.993750         3757       160.00
    1115.135     0.994531         3759       182.86
    1127.423     0.995313         3763       213.33
    1131.519     0.996094         3765       256.00
    1142.783     0.996484         3766       284.44
    1146.879     0.996875         3768       320.00
    1149.951     0.997266         3769       365.71
    1154.047     0.997656         3771       426.67
    1172.479     0.998047         3772       512.00
    1173.503     0.998242         3773       568.89
    1174.527     0.998437         3774       640.00
    1174.527     0.998633         3774       731.43
    1178.623     0.998828         3775       853.33
    1185.791     0.999023         3776      1024.00
    1185.791     0.999121         3776      1137.78
    1186.815     0.999219         3777      1280.00
    1186.815     0.999316         3777      1462.86
    1186.815     0.999414         3777      1706.67
    1196.031     0.999512         3778      2048.00
    1196.031     0.999561         3778      2275.56
    1196.031     0.999609         3778      2560.00
    1196.031     0.999658         3778      2925.71
    1196.031     0.999707         3778      3413.33
    1214.463     0.999756         3779      4096.00
    1214.463     1.000000         3779          inf
#[Mean    =      275.779, StdDeviation   =      268.247]
#[Max     =     1213.440, Total count    =         3779]
#[Buckets =           27, SubBuckets     =         2048]
-----------------------------------------------------------------------
  4475 requests in 1.00m, 1.33MB read
Requests/sec:     74.57  
Transfer/sec:     22.73KB
