Running 1m test @ http://10.97.218.196/?loopCount=25&base=6&exp=6
  5 threads and 5 connections

  Thread calibration: mean lat.: 102.081ms, rate sampling interval: 475ms
  Thread calibration: mean lat.: 142.385ms, rate sampling interval: 546ms
  Thread calibration: mean lat.: 97.016ms, rate sampling interval: 352ms
  Thread calibration: mean lat.: 98.781ms, rate sampling interval: 433ms
  Thread calibration: mean lat.: 126.270ms, rate sampling interval: 556ms

-----------------------------------------------------------------------
Test Results @ http://10.97.218.196/?loopCount=25&base=6&exp=6 
  Thread Stats   Avg      Stdev     99%   +/- Stdev
    Latency    88.99ms   63.81ms 294.40ms   80.87%
    Req/Sec     9.50      1.95    14.00     87.62%
  Latency Distribution (HdrHistogram - Recorded Latency)
 50.000%   61.31ms
 75.000%  115.65ms
 90.000%  174.98ms
 99.000%  294.40ms
 99.900%  372.99ms
 99.990%  386.30ms
 99.999%  386.30ms
100.000%  386.30ms

  Detailed Percentile spectrum:
       Value   Percentile   TotalCount 1/(1-Percentile)

      22.943     0.000000            1         1.00
      40.735     0.100000          258         1.11
      41.343     0.200000          507         1.25
      42.335     0.300000          751         1.43
      49.375     0.400000          999         1.67
      61.311     0.500000         1248         2.00
      69.695     0.550000         1372         2.22
      79.167     0.600000         1496         2.50
      88.447     0.650000         1621         2.86
      97.087     0.700000         1747         3.33
     115.647     0.750000         1870         4.00
     120.063     0.775000         1934         4.44
     137.599     0.800000         1996         5.00
     159.999     0.825000         2057         5.71
     164.863     0.850000         2121         6.67
     168.831     0.875000         2184         8.00
     170.239     0.887500         2213         8.89
     174.975     0.900000         2244        10.00
     178.815     0.912500         2276        11.43
     185.855     0.925000         2308        13.33
     194.175     0.937500         2338        16.00
     204.159     0.943750         2353        17.78
     222.847     0.950000         2369        20.00
     236.671     0.956250         2384        22.86
     259.711     0.962500         2401        26.67
     262.911     0.968750         2416        32.00
     264.703     0.971875         2423        35.56
     267.775     0.975000         2431        40.00
     270.591     0.978125         2439        45.71
     276.223     0.981250         2447        53.33
     279.295     0.984375         2455        64.00
     283.135     0.985938         2458        71.11
     285.951     0.987500         2462        80.00
     290.815     0.989062         2466        91.43
     295.935     0.990625         2471       106.67
     313.343     0.992188         2474       128.00
     317.439     0.992969         2476       142.22
     326.655     0.993750         2478       160.00
     358.911     0.994531         2480       182.86
     360.191     0.995313         2482       213.33
     364.799     0.996094         2484       256.00
     367.615     0.996484         2485       284.44
     367.871     0.996875         2487       320.00
     367.871     0.997266         2487       365.71
     369.663     0.997656         2488       426.67
     371.199     0.998047         2489       512.00
     371.199     0.998242         2489       568.89
     371.455     0.998437         2490       640.00
     371.455     0.998633         2490       731.43
     372.991     0.998828         2491       853.33
     372.991     0.999023         2491      1024.00
     372.991     0.999121         2491      1137.78
     373.247     0.999219         2492      1280.00
     373.247     0.999316         2492      1462.86
     373.247     0.999414         2492      1706.67
     373.247     0.999512         2492      2048.00
     373.247     0.999561         2492      2275.56
     386.303     0.999609         2493      2560.00
     386.303     1.000000         2493          inf
#[Mean    =       88.989, StdDeviation   =       63.812]
#[Max     =      386.048, Total count    =         2493]
#[Buckets =           27, SubBuckets     =         2048]
-----------------------------------------------------------------------
  2988 requests in 1.00m, 0.89MB read
Requests/sec:     49.80  
Transfer/sec:     15.18KB
