Running 1m test @ http://10.99.199.129/?loopCount=25&base=6&exp=6
  1 threads and 1 connections

  Thread calibration: mean lat.: 2633.322ms, rate sampling interval: 7925ms

-----------------------------------------------------------------------
Test Results @ http://10.99.199.129/?loopCount=25&base=6&exp=6 
  Thread Stats   Avg      Stdev     99%   +/- Stdev
    Latency    11.89s     3.69s   18.14s    62.27%
    Req/Sec    17.50      1.38    19.00     83.33%
  Latency Distribution (HdrHistogram - Recorded Latency)
 50.000%   11.98s 
 75.000%   15.32s 
 90.000%   16.30s 
 99.000%   18.14s 
 99.900%   18.28s 
 99.990%   18.28s 
 99.999%   18.28s 
100.000%   18.28s 

  Detailed Percentile spectrum:
       Value   Percentile   TotalCount 1/(1-Percentile)

    4620.287     0.000000            1         1.00
    7270.399     0.100000           95         1.11
    8310.783     0.200000          184         1.25
    9306.111     0.300000          273         1.43
   10346.495     0.400000          366         1.67
   11984.895     0.500000          457         2.00
   12804.095     0.550000          500         2.22
   13402.111     0.600000          546         2.50
   14196.735     0.650000          591         2.86
   14737.407     0.700000          638         3.33
   15319.039     0.750000          682         4.00
   15450.111     0.775000          705         4.44
   15589.375     0.800000          735         5.00
   15704.063     0.825000          755         5.71
   15917.055     0.850000          773         6.67
   16121.855     0.875000          796         8.00
   16228.351     0.887500          808         8.89
   16302.079     0.900000          819        10.00
   16703.487     0.912500          830        11.43
   17334.271     0.925000          841        13.33
   17793.023     0.937500          854        16.00
   17842.175     0.943750          861        17.78
   17874.943     0.950000          864        20.00
   17907.711     0.956250          872        22.86
   17924.095     0.962500          880        26.67
   17940.479     0.968750          881        32.00
   17989.631     0.971875          884        35.56
   18038.783     0.975000          888        40.00
   18055.167     0.978125          890        45.71
   18071.551     0.981250          894        53.33
   18120.703     0.984375          895        64.00
   18137.087     0.985938          900        71.11
   18137.087     0.987500          900        80.00
   18137.087     0.989062          900        91.43
   18169.855     0.990625          902       106.67
   18169.855     0.992188          902       128.00
   18186.239     0.992969          904       142.22
   18186.239     0.993750          904       160.00
   18235.391     0.994531          905       182.86
   18235.391     0.995313          905       213.33
   18284.543     0.996094          909       256.00
   18284.543     1.000000          909          inf
#[Mean    =    11889.744, StdDeviation   =     3689.344]
#[Max     =    18268.160, Total count    =          909]
#[Buckets =           27, SubBuckets     =         2048]
-----------------------------------------------------------------------
  1043 requests in 1.00m, 317.85KB read
Requests/sec:     17.38  
Transfer/sec:      5.30KB
