Running 1m test @ http://10.111.78.179/?loopCount=25&base=6&exp=6
  5 threads and 5 connections

  Thread calibration: mean lat.: 1224.625ms, rate sampling interval: 3799ms
  Thread calibration: mean lat.: 1182.689ms, rate sampling interval: 3540ms
  Thread calibration: mean lat.: 1264.982ms, rate sampling interval: 4100ms
  Thread calibration: mean lat.: 1274.574ms, rate sampling interval: 4182ms
  Thread calibration: mean lat.: 1204.093ms, rate sampling interval: 3819ms

-----------------------------------------------------------------------
Test Results @ http://10.111.78.179/?loopCount=25&base=6&exp=6 
  Thread Stats   Avg      Stdev     99%   +/- Stdev
    Latency     6.81s     2.76s   11.55s    58.86%
    Req/Sec    11.68      0.61    13.00     96.83%
  Latency Distribution (HdrHistogram - Recorded Latency)
 50.000%    6.68s 
 75.000%    9.29s 
 90.000%   10.59s 
 99.000%   11.55s 
 99.900%   11.90s 
 99.990%   11.94s 
 99.999%   11.94s 
100.000%   11.94s 

  Detailed Percentile spectrum:
       Value   Percentile   TotalCount 1/(1-Percentile)

    1903.615     0.000000            1         1.00
    2996.223     0.100000          306         1.11
    4083.711     0.200000          610         1.25
    4788.223     0.300000          915         1.43
    5718.015     0.400000         1221         1.67
    6684.671     0.500000         1524         2.00
    7327.743     0.550000         1677         2.22
    7790.591     0.600000         1829         2.50
    8335.359     0.650000         1982         2.86
    8839.167     0.700000         2134         3.33
    9289.727     0.750000         2287         4.00
    9486.335     0.775000         2363         4.44
    9674.751     0.800000         2439         5.00
    9895.935     0.825000         2515         5.71
   10133.503     0.850000         2593         6.67
   10354.687     0.875000         2669         8.00
   10502.143     0.887500         2706         8.89
   10600.447     0.900000         2745        10.00
   10706.943     0.912500         2783        11.43
   10821.631     0.925000         2820        13.33
   10928.127     0.937500         2863        16.00
   10993.663     0.943750         2880        17.78
   11034.623     0.950000         2897        20.00
   11091.967     0.956250         2915        22.86
   11223.039     0.962500         2934        26.67
   11313.151     0.968750         2955        32.00
   11354.111     0.971875         2965        35.56
   11378.687     0.975000         2972        40.00
   11411.455     0.978125         2982        45.71
   11444.223     0.981250         2993        53.33
   11485.183     0.984375         3002        64.00
   11501.567     0.985938         3006        71.11
   11517.951     0.987500         3010        80.00
   11534.335     0.989062         3016        91.43
   11550.719     0.990625         3020       106.67
   11591.679     0.992188         3026       128.00
   11599.871     0.992969         3028       142.22
   11632.639     0.993750         3029       160.00
   11689.983     0.994531         3032       182.86
   11763.711     0.995313         3035       213.33
   11788.287     0.996094         3037       256.00
   11804.671     0.996484         3038       284.44
   11829.247     0.996875         3039       320.00
   11853.823     0.997266         3040       365.71
   11862.015     0.997656         3041       426.67
   11886.591     0.998047         3043       512.00
   11886.591     0.998242         3043       568.89
   11894.783     0.998437         3044       640.00
   11894.783     0.998633         3044       731.43
   11902.975     0.998828         3045       853.33
   11911.167     0.999023         3046      1024.00
   11911.167     0.999121         3046      1137.78
   11911.167     0.999219         3046      1280.00
   11911.167     0.999316         3046      1462.86
   11919.359     0.999414         3047      1706.67
   11919.359     0.999512         3047      2048.00
   11919.359     0.999561         3047      2275.56
   11919.359     0.999609         3047      2560.00
   11919.359     0.999658         3047      2925.71
   11943.935     0.999707         3048      3413.33
   11943.935     1.000000         3048          inf
#[Mean    =     6812.378, StdDeviation   =     2761.252]
#[Max     =    11935.744, Total count    =         3048]
#[Buckets =           27, SubBuckets     =         2048]
-----------------------------------------------------------------------
  3637 requests in 1.00m, 1.08MB read
Requests/sec:     60.61  
Transfer/sec:     18.48KB
