Running 1m test @ http://10.100.134.99/?loopCount=25&base=6&exp=6
  5 threads and 5 connections

  Thread calibration: mean lat.: 81.295ms, rate sampling interval: 335ms
  Thread calibration: mean lat.: 62.740ms, rate sampling interval: 269ms
  Thread calibration: mean lat.: 55.314ms, rate sampling interval: 169ms
  Thread calibration: mean lat.: 58.581ms, rate sampling interval: 198ms
  Thread calibration: mean lat.: 53.909ms, rate sampling interval: 196ms

-----------------------------------------------------------------------
Test Results @ http://10.100.134.99/?loopCount=25&base=6&exp=6 
  Thread Stats   Avg      Stdev     99%   +/- Stdev
    Latency    46.02ms   16.02ms 116.29ms   90.28%
    Req/Sec     9.55      2.18    15.00     85.29%
  Latency Distribution (HdrHistogram - Recorded Latency)
 50.000%   42.21ms
 75.000%   43.78ms
 90.000%   53.82ms
 99.000%  116.29ms
 99.900%  181.50ms
 99.990%  253.44ms
 99.999%  253.44ms
100.000%  253.44ms

  Detailed Percentile spectrum:
       Value   Percentile   TotalCount 1/(1-Percentile)

      21.999     0.000000            1         1.00
      39.455     0.100000          250         1.11
      40.703     0.200000          509         1.25
      41.183     0.300000          757         1.43
      41.727     0.400000         1002         1.67
      42.207     0.500000         1252         2.00
      42.463     0.550000         1384         2.22
      42.719     0.600000         1503         2.50
      43.007     0.650000         1634         2.86
      43.295     0.700000         1750         3.33
      43.775     0.750000         1875         4.00
      44.415     0.775000         1938         4.44
      45.119     0.800000         2002         5.00
      45.759     0.825000         2063         5.71
      47.103     0.850000         2126         6.67
      49.983     0.875000         2188         8.00
      51.711     0.887500         2219         8.89
      53.823     0.900000         2251        10.00
      57.727     0.912500         2282        11.43
      63.199     0.925000         2314        13.33
      67.647     0.937500         2344        16.00
      68.991     0.943750         2360        17.78
      69.375     0.950000         2376        20.00
      76.927     0.956250         2391        22.86
      81.343     0.962500         2408        26.67
      86.463     0.968750         2423        32.00
      90.751     0.971875         2430        35.56
      93.247     0.975000         2438        40.00
      98.175     0.978125         2446        45.71
     110.719     0.981250         2454        53.33
     111.935     0.984375         2461        64.00
     112.511     0.985938         2465        71.11
     112.959     0.987500         2469        80.00
     114.623     0.989062         2473        91.43
     116.799     0.990625         2477       106.67
     135.679     0.992188         2481       128.00
     150.271     0.992969         2483       142.22
     151.039     0.993750         2486       160.00
     152.063     0.994531         2487       182.86
     153.087     0.995313         2489       213.33
     154.623     0.996094         2491       256.00
     157.311     0.996484         2492       284.44
     157.823     0.996875         2493       320.00
     157.951     0.997266         2494       365.71
     158.207     0.997656         2495       426.67
     159.871     0.998047         2496       512.00
     159.871     0.998242         2496       568.89
     166.783     0.998437         2497       640.00
     166.783     0.998633         2497       731.43
     181.503     0.998828         2498       853.33
     181.503     0.999023         2498      1024.00
     181.503     0.999121         2498      1137.78
     195.711     0.999219         2499      1280.00
     195.711     0.999316         2499      1462.86
     195.711     0.999414         2499      1706.67
     195.711     0.999512         2499      2048.00
     195.711     0.999561         2499      2275.56
     253.439     0.999609         2500      2560.00
     253.439     1.000000         2500          inf
#[Mean    =       46.019, StdDeviation   =       16.024]
#[Max     =      253.312, Total count    =         2500]
#[Buckets =           27, SubBuckets     =         2048]
-----------------------------------------------------------------------
  2995 requests in 1.00m, 0.89MB read
Requests/sec:     49.91  
Transfer/sec:     15.21KB
