Running 1m test @ http://10.108.10.66/?loopCount=25&base=6&exp=6
  5 threads and 5 connections

  Thread calibration: mean lat.: 119.268ms, rate sampling interval: 461ms
  Thread calibration: mean lat.: 545.384ms, rate sampling interval: 1859ms
  Thread calibration: mean lat.: 453.676ms, rate sampling interval: 2058ms
  Thread calibration: mean lat.: 93.540ms, rate sampling interval: 323ms
  Thread calibration: mean lat.: 831.818ms, rate sampling interval: 3082ms

-----------------------------------------------------------------------
Test Results @ http://10.108.10.66/?loopCount=25&base=6&exp=6 
  Thread Stats   Avg      Stdev     99%   +/- Stdev
    Latency   898.69ms  804.88ms   2.43s    54.14%
    Req/Sec     9.52      1.78    15.00     88.41%
  Latency Distribution (HdrHistogram - Recorded Latency)
 50.000%  729.60ms
 75.000%    1.76s 
 90.000%    2.03s 
 99.000%    2.43s 
 99.900%    2.54s 
 99.990%    2.55s 
 99.999%    2.55s 
100.000%    2.55s 

  Detailed Percentile spectrum:
       Value   Percentile   TotalCount 1/(1-Percentile)

      24.559     0.000000            1         1.00
      55.871     0.100000          249         1.11
     123.327     0.200000          498         1.25
     142.591     0.300000          747         1.43
     247.551     0.400000          996         1.67
     729.599     0.500000         1244         2.00
     835.583     0.550000         1370         2.22
     949.759     0.600000         1492         2.50
    1264.639     0.650000         1616         2.86
    1634.303     0.700000         1741         3.33
    1759.231     0.750000         1868         4.00
    1838.079     0.775000         1927         4.44
    1857.535     0.800000         1989         5.00
    1928.191     0.825000         2052         5.71
    1941.503     0.850000         2118         6.67
    1958.911     0.875000         2180         8.00
    2001.919     0.887500         2207         8.89
    2033.663     0.900000         2239        10.00
    2042.879     0.912500         2271        11.43
    2055.167     0.925000         2300        13.33
    2125.823     0.937500         2331        16.00
    2142.207     0.943750         2349        17.78
    2152.447     0.950000         2365        20.00
    2228.223     0.956250         2382        22.86
    2240.511     0.962500         2393        26.67
    2277.375     0.968750         2409        32.00
    2324.479     0.971875         2417        35.56
    2334.719     0.975000         2426        40.00
    2340.863     0.978125         2432        45.71
    2353.151     0.981250         2441        53.33
    2361.343     0.984375         2449        64.00
    2373.631     0.985938         2452        71.11
    2383.871     0.987500         2455        80.00
    2428.927     0.989062         2459        91.43
    2437.119     0.990625         2465       106.67
    2439.167     0.992188         2467       128.00
    2443.263     0.992969         2469       142.22
    2445.311     0.993750         2472       160.00
    2449.407     0.994531         2473       182.86
    2459.647     0.995313         2475       213.33
    2523.135     0.996094         2477       256.00
    2525.183     0.996484         2479       284.44
    2525.183     0.996875         2479       320.00
    2527.231     0.997266         2481       365.71
    2527.231     0.997656         2481       426.67
    2529.279     0.998047         2483       512.00
    2529.279     0.998242         2483       568.89
    2529.279     0.998437         2483       640.00
    2529.279     0.998633         2483       731.43
    2537.471     0.998828         2484       853.33
    2537.471     0.999023         2484      1024.00
    2537.471     0.999121         2484      1137.78
    2539.519     0.999219         2485      1280.00
    2539.519     0.999316         2485      1462.86
    2539.519     0.999414         2485      1706.67
    2539.519     0.999512         2485      2048.00
    2539.519     0.999561         2485      2275.56
    2545.663     0.999609         2486      2560.00
    2545.663     1.000000         2486          inf
#[Mean    =      898.693, StdDeviation   =      804.875]
#[Max     =     2543.616, Total count    =         2486]
#[Buckets =           27, SubBuckets     =         2048]
-----------------------------------------------------------------------
  2947 requests in 1.00m, 0.88MB read
Requests/sec:     49.11  
Transfer/sec:     14.98KB
