Running 1m test @ http://10.111.175.232/?loopCount=25&base=6&exp=6
  1 threads and 1 connections

  Thread calibration: mean lat.: 1404.834ms, rate sampling interval: 4192ms

-----------------------------------------------------------------------
Test Results @ http://10.111.175.232/?loopCount=25&base=6&exp=6 
  Thread Stats   Avg      Stdev     99%   +/- Stdev
    Latency     6.55s     2.41s   10.58s    57.43%
    Req/Sec    20.27      0.96    22.00    100.00%
  Latency Distribution (HdrHistogram - Recorded Latency)
 50.000%    6.43s 
 75.000%    8.54s 
 90.000%    9.94s 
 99.000%   10.58s 
 99.900%   10.74s 
 99.990%   10.78s 
 99.999%   10.78s 
100.000%   10.78s 

  Detailed Percentile spectrum:
       Value   Percentile   TotalCount 1/(1-Percentile)

    2496.511     0.000000            1         1.00
    3260.415     0.100000          105         1.11
    4028.415     0.200000          209         1.25
    4632.575     0.300000          313         1.43
    5554.175     0.400000          418         1.67
    6430.719     0.500000          523         2.00
    6995.967     0.550000          581         2.22
    7569.407     0.600000          626         2.50
    7995.391     0.650000          683         2.86
    8142.847     0.700000          733         3.33
    8544.255     0.750000          788         4.00
    8732.671     0.775000          810         4.44
    9117.695     0.800000          838         5.00
    9371.647     0.825000          863         5.71
    9617.407     0.850000          891         6.67
    9732.095     0.875000          913         8.00
    9863.167     0.887500          927         8.89
    9936.895     0.900000          939        10.00
    9977.855     0.912500          952        11.43
   10059.775     0.925000          965        13.33
   10256.383     0.937500          980        16.00
   10313.727     0.943750          985        17.78
   10362.879     0.950000          992        20.00
   10387.455     0.956250          998        22.86
   10395.647     0.962500         1004        26.67
   10485.759     0.968750         1022        32.00
   10485.759     0.971875         1022        35.56
   10485.759     0.975000         1022        40.00
   10485.759     0.978125         1022        45.71
   10493.951     0.981250         1029        53.33
   10493.951     0.984375         1029        64.00
   10493.951     0.985938         1029        71.11
   10510.335     0.987500         1030        80.00
   10567.679     0.989062         1032        91.43
   10575.871     0.990625         1038       106.67
   10575.871     0.992188         1038       128.00
   10575.871     0.992969         1038       142.22
   10575.871     0.993750         1038       160.00
   10575.871     0.994531         1038       182.86
   10633.215     0.995313         1040       213.33
   10633.215     0.996094         1040       256.00
   10633.215     0.996484         1040       284.44
   10633.215     0.996875         1040       320.00
   10682.367     0.997266         1041       365.71
   10682.367     0.997656         1041       426.67
   10682.367     0.998047         1041       512.00
   10739.711     0.998242         1042       568.89
   10739.711     0.998437         1042       640.00
   10739.711     0.998633         1042       731.43
   10739.711     0.998828         1042       853.33
   10739.711     0.999023         1042      1024.00
   10780.671     0.999121         1043      1137.78
   10780.671     1.000000         1043          inf
#[Mean    =     6549.598, StdDeviation   =     2412.343]
#[Max     =    10772.480, Total count    =         1043]
#[Buckets =           27, SubBuckets     =         2048]
-----------------------------------------------------------------------
  1230 requests in 1.00m, 374.77KB read
Requests/sec:     20.50  
Transfer/sec:      6.25KB
