Running 1m test @ http://10.104.199.0/?loopCount=25&base=6&exp=6
  5 threads and 5 connections

  Thread calibration: mean lat.: 155.512ms, rate sampling interval: 678ms
  Thread calibration: mean lat.: 114.466ms, rate sampling interval: 467ms
  Thread calibration: mean lat.: 108.013ms, rate sampling interval: 346ms
  Thread calibration: mean lat.: 125.745ms, rate sampling interval: 437ms
  Thread calibration: mean lat.: 123.144ms, rate sampling interval: 441ms

-----------------------------------------------------------------------
Test Results @ http://10.104.199.0/?loopCount=25&base=6&exp=6 
  Thread Stats   Avg      Stdev     99%   +/- Stdev
    Latency    70.17ms   46.06ms 267.01ms   89.08%
    Req/Sec    14.52      1.95    20.00     86.39%
  Latency Distribution (HdrHistogram - Recorded Latency)
 50.000%   54.46ms
 75.000%   80.64ms
 90.000%  119.17ms
 99.000%  267.01ms
 99.900%  362.24ms
 99.990%  415.49ms
 99.999%  415.49ms
100.000%  415.49ms

  Detailed Percentile spectrum:
       Value   Percentile   TotalCount 1/(1-Percentile)

      21.455     0.000000            1         1.00
      40.255     0.100000          378         1.11
      40.959     0.200000          755         1.25
      41.695     0.300000         1131         1.43
      46.847     0.400000         1502         1.67
      54.463     0.500000         1877         2.00
      59.423     0.550000         2065         2.22
      64.671     0.600000         2253         2.50
      67.967     0.650000         2440         2.86
      72.639     0.700000         2628         3.33
      80.639     0.750000         2816         4.00
      85.247     0.775000         2913         4.44
      89.087     0.800000         3003         5.00
      94.207     0.825000         3098         5.71
     101.055     0.850000         3191         6.67
     108.543     0.875000         3284         8.00
     113.919     0.887500         3332         8.89
     119.167     0.900000         3378        10.00
     126.975     0.912500         3425        11.43
     134.911     0.925000         3472        13.33
     146.815     0.937500         3519        16.00
     152.447     0.943750         3542        17.78
     162.687     0.950000         3566        20.00
     169.215     0.956250         3589        22.86
     177.407     0.962500         3613        26.67
     193.791     0.968750         3636        32.00
     199.807     0.971875         3648        35.56
     208.639     0.975000         3660        40.00
     216.959     0.978125         3671        45.71
     221.823     0.981250         3683        53.33
     236.287     0.984375         3695        64.00
     242.303     0.985938         3701        71.11
     249.087     0.987500         3707        80.00
     264.703     0.989062         3712        91.43
     268.031     0.990625         3718       106.67
     290.815     0.992188         3724       128.00
     299.519     0.992969         3727       142.22
     306.943     0.993750         3730       160.00
     314.367     0.994531         3733       182.86
     317.695     0.995313         3736       213.33
     332.543     0.996094         3740       256.00
     332.543     0.996484         3740       284.44
     333.567     0.996875         3742       320.00
     334.335     0.997266         3743       365.71
     343.295     0.997656         3745       426.67
     349.439     0.998047         3746       512.00
     357.631     0.998242         3747       568.89
     360.447     0.998437         3748       640.00
     360.447     0.998633         3748       731.43
     362.239     0.998828         3749       853.33
     368.895     0.999023         3750      1024.00
     368.895     0.999121         3750      1137.78
     383.999     0.999219         3751      1280.00
     383.999     0.999316         3751      1462.86
     383.999     0.999414         3751      1706.67
     389.375     0.999512         3752      2048.00
     389.375     0.999561         3752      2275.56
     389.375     0.999609         3752      2560.00
     389.375     0.999658         3752      2925.71
     389.375     0.999707         3752      3413.33
     415.487     0.999756         3753      4096.00
     415.487     1.000000         3753          inf
#[Mean    =       70.166, StdDeviation   =       46.062]
#[Max     =      415.232, Total count    =         3753]
#[Buckets =           27, SubBuckets     =         2048]
-----------------------------------------------------------------------
  4495 requests in 1.00m, 1.34MB read
Requests/sec:     74.91  
Transfer/sec:     22.83KB
