Running 1m test @ http://10.102.62.147/?loopCount=25&base=6&exp=6
  5 threads and 5 connections

  Thread calibration: mean lat.: 53.333ms, rate sampling interval: 180ms
  Thread calibration: mean lat.: 53.288ms, rate sampling interval: 217ms
  Thread calibration: mean lat.: 51.459ms, rate sampling interval: 182ms
  Thread calibration: mean lat.: 47.662ms, rate sampling interval: 119ms
  Thread calibration: mean lat.: 50.961ms, rate sampling interval: 133ms

-----------------------------------------------------------------------
Test Results @ http://10.102.62.147/?loopCount=25&base=6&exp=6 
  Thread Stats   Avg      Stdev     99%   +/- Stdev
    Latency    42.61ms    8.59ms  69.12ms   89.00%
    Req/Sec     9.60      2.90    16.00     79.94%
  Latency Distribution (HdrHistogram - Recorded Latency)
 50.000%   41.76ms
 75.000%   42.69ms
 90.000%   46.30ms
 99.000%   69.12ms
 99.900%  132.10ms
 99.990%  139.77ms
 99.999%  139.77ms
100.000%  139.77ms

  Detailed Percentile spectrum:
       Value   Percentile   TotalCount 1/(1-Percentile)

      21.247     0.000000            1         1.00
      38.463     0.100000          253         1.11
      40.703     0.200000          502         1.25
      41.151     0.300000          776         1.43
      41.471     0.400000         1018         1.67
      41.759     0.500000         1254         2.00
      41.919     0.550000         1379         2.22
      42.111     0.600000         1515         2.50
      42.271     0.650000         1643         2.86
      42.463     0.700000         1768         3.33
      42.687     0.750000         1880         4.00
      42.879     0.775000         1940         4.44
      43.071     0.800000         2006         5.00
      43.391     0.825000         2071         5.71
      43.711     0.850000         2126         6.67
      44.543     0.875000         2188         8.00
      45.311     0.887500         2219         8.89
      46.303     0.900000         2250        10.00
      47.903     0.912500         2282        11.43
      49.535     0.925000         2315        13.33
      50.879     0.937500         2344        16.00
      51.743     0.943750         2361        17.78
      52.991     0.950000         2375        20.00
      54.815     0.956250         2391        22.86
      57.951     0.962500         2407        26.67
      62.655     0.968750         2422        32.00
      63.615     0.971875         2430        35.56
      66.111     0.975000         2438        40.00
      66.879     0.978125         2446        45.71
      67.327     0.981250         2455        53.33
      67.839     0.984375         2462        64.00
      68.031     0.985938         2465        71.11
      68.479     0.987500         2469        80.00
      69.055     0.989062         2473        91.43
      69.247     0.990625         2478       106.67
      69.823     0.992188         2481       128.00
      74.303     0.992969         2483       142.22
     109.183     0.993750         2485       160.00
     109.567     0.994531         2487       182.86
     109.695     0.995313         2489       213.33
     109.887     0.996094         2491       256.00
     110.911     0.996484         2492       284.44
     117.247     0.996875         2493       320.00
     117.503     0.997266         2494       365.71
     118.079     0.997656         2495       426.67
     118.911     0.998047         2496       512.00
     118.911     0.998242         2496       568.89
     122.623     0.998437         2497       640.00
     122.623     0.998633         2497       731.43
     132.095     0.998828         2498       853.33
     132.095     0.999023         2498      1024.00
     132.095     0.999121         2498      1137.78
     136.063     0.999219         2499      1280.00
     136.063     0.999316         2499      1462.86
     136.063     0.999414         2499      1706.67
     136.063     0.999512         2499      2048.00
     136.063     0.999561         2499      2275.56
     139.775     0.999609         2500      2560.00
     139.775     1.000000         2500          inf
#[Mean    =       42.613, StdDeviation   =        8.586]
#[Max     =      139.648, Total count    =         2500]
#[Buckets =           27, SubBuckets     =         2048]
-----------------------------------------------------------------------
  2995 requests in 1.00m, 0.89MB read
Requests/sec:     49.91  
Transfer/sec:     15.21KB
