Running 1m test @ http://10.102.207.185/?loopCount=25&base=6&exp=6
  5 threads and 5 connections

  Thread calibration: mean lat.: 1826.728ms, rate sampling interval: 6590ms
  Thread calibration: mean lat.: 1789.230ms, rate sampling interval: 6230ms
  Thread calibration: mean lat.: 1869.133ms, rate sampling interval: 6299ms
  Thread calibration: mean lat.: 1478.652ms, rate sampling interval: 4972ms
  Thread calibration: mean lat.: 1686.133ms, rate sampling interval: 5681ms

-----------------------------------------------------------------------
Test Results @ http://10.102.207.185/?loopCount=25&base=6&exp=6 
  Thread Stats   Avg      Stdev     99%   +/- Stdev
    Latency    11.74s     4.94s   20.37s    58.11%
    Req/Sec     9.40      0.54    11.00     97.50%
  Latency Distribution (HdrHistogram - Recorded Latency)
 50.000%   11.81s 
 75.000%   15.88s 
 90.000%   18.50s 
 99.000%   20.37s 
 99.900%   20.66s 
 99.990%   20.73s 
 99.999%   20.73s 
100.000%   20.73s 

  Detailed Percentile spectrum:
       Value   Percentile   TotalCount 1/(1-Percentile)

    2750.463     0.000000            1         1.00
    4866.047     0.100000          251         1.11
    6606.847     0.200000          499         1.25
    8237.055     0.300000          748         1.43
   10084.351     0.400000          997         1.67
   11812.863     0.500000         1246         2.00
   12713.983     0.550000         1372         2.22
   13467.647     0.600000         1496         2.50
   14401.535     0.650000         1620         2.86
   15130.623     0.700000         1745         3.33
   15884.287     0.750000         1870         4.00
   16392.191     0.775000         1932         4.44
   16826.367     0.800000         1994         5.00
   17334.271     0.825000         2058         5.71
   17743.871     0.850000         2119         6.67
   18104.319     0.875000         2181         8.00
   18300.927     0.887500         2212         8.89
   18497.535     0.900000         2243        10.00
   18710.527     0.912500         2276        11.43
   18841.599     0.925000         2309        13.33
   19070.975     0.937500         2337        16.00
   19202.047     0.943750         2352        17.78
   19365.887     0.950000         2368        20.00
   19480.575     0.956250         2385        22.86
   19546.111     0.962500         2399        26.67
   19759.103     0.968750         2416        32.00
   19841.023     0.971875         2425        35.56
   19906.559     0.975000         2431        40.00
   20004.863     0.978125         2438        45.71
   20103.167     0.981250         2447        53.33
   20201.471     0.984375         2455        64.00
   20234.239     0.985938         2457        71.11
   20299.775     0.987500         2462        80.00
   20365.311     0.989062         2467        91.43
   20414.463     0.990625         2469       106.67
   20447.231     0.992188         2473       128.00
   20463.615     0.992969         2475       142.22
   20496.383     0.993750         2477       160.00
   20529.151     0.994531         2479       182.86
   20545.535     0.995313         2481       213.33
   20578.303     0.996094         2483       256.00
   20611.071     0.996484         2486       284.44
   20611.071     0.996875         2486       320.00
   20611.071     0.997266         2486       365.71
   20627.455     0.997656         2487       426.67
   20643.839     0.998047         2489       512.00
   20643.839     0.998242         2489       568.89
   20643.839     0.998437         2489       640.00
   20643.839     0.998633         2489       731.43
   20660.223     0.998828         2490       853.33
   20660.223     0.999023         2490      1024.00
   20660.223     0.999121         2490      1137.78
   20692.991     0.999219         2491      1280.00
   20692.991     0.999316         2491      1462.86
   20692.991     0.999414         2491      1706.67
   20692.991     0.999512         2491      2048.00
   20692.991     0.999561         2491      2275.56
   20725.759     0.999609         2492      2560.00
   20725.759     1.000000         2492          inf
#[Mean    =    11736.898, StdDeviation   =     4935.919]
#[Max     =    20709.376, Total count    =         2492]
#[Buckets =           27, SubBuckets     =         2048]
-----------------------------------------------------------------------
  2994 requests in 1.00m, 0.89MB read
Requests/sec:     49.90  
Transfer/sec:     15.22KB
