Running 1m test @ http://10.108.208.72/?loopCount=25&base=6&exp=6
  5 threads and 5 connections

  Thread calibration: mean lat.: 959.675ms, rate sampling interval: 3061ms
  Thread calibration: mean lat.: 829.415ms, rate sampling interval: 2820ms
  Thread calibration: mean lat.: 867.349ms, rate sampling interval: 2574ms
  Thread calibration: mean lat.: 940.287ms, rate sampling interval: 2942ms
  Thread calibration: mean lat.: 1127.434ms, rate sampling interval: 3627ms

-----------------------------------------------------------------------
Test Results @ http://10.108.208.72/?loopCount=25&base=6&exp=6 
  Thread Stats   Avg      Stdev     99%   +/- Stdev
    Latency     4.52s     1.87s    8.17s    56.31%
    Req/Sec    12.69      0.75    14.00     98.77%
  Latency Distribution (HdrHistogram - Recorded Latency)
 50.000%    4.46s 
 75.000%    6.13s 
 90.000%    7.05s 
 99.000%    8.17s 
 99.900%    8.42s 
 99.990%    8.46s 
 99.999%    8.46s 
100.000%    8.46s 

  Detailed Percentile spectrum:
       Value   Percentile   TotalCount 1/(1-Percentile)

    1377.279     0.000000            1         1.00
    1991.679     0.100000          330         1.11
    2488.319     0.200000          661         1.25
    3227.647     0.300000          989         1.43
    3801.087     0.400000         1319         1.67
    4460.543     0.500000         1648         2.00
    4780.031     0.550000         1813         2.22
    5107.711     0.600000         1978         2.50
    5492.735     0.650000         2144         2.86
    5824.511     0.700000         2309         3.33
    6131.711     0.750000         2474         4.00
    6283.263     0.775000         2557         4.44
    6467.583     0.800000         2639         5.00
    6598.655     0.825000         2722         5.71
    6811.647     0.850000         2806         6.67
    6930.431     0.875000         2884         8.00
    6979.583     0.887500         2927         8.89
    7045.119     0.900000         2969        10.00
    7122.943     0.912500         3008        11.43
    7262.207     0.925000         3050        13.33
    7356.415     0.937500         3090        16.00
    7417.855     0.943750         3115        17.78
    7487.487     0.950000         3132        20.00
    7540.735     0.956250         3152        22.86
    7585.791     0.962500         3174        26.67
    7671.807     0.968750         3194        32.00
    7737.343     0.971875         3204        35.56
    7802.879     0.975000         3214        40.00
    7843.839     0.978125         3224        45.71
    7950.335     0.981250         3235        53.33
    8085.503     0.984375         3245        64.00
    8114.175     0.985938         3250        71.11
    8130.559     0.987500         3256        80.00
    8151.039     0.989062         3261        91.43
    8175.615     0.990625         3268       106.67
    8204.287     0.992188         3271       128.00
    8212.479     0.992969         3273       142.22
    8220.671     0.993750         3276       160.00
    8224.767     0.994531         3278       182.86
    8253.439     0.995313         3283       213.33
    8273.919     0.996094         3284       256.00
    8286.207     0.996484         3285       284.44
    8294.399     0.996875         3286       320.00
    8323.071     0.997266         3287       365.71
    8359.935     0.997656         3290       426.67
    8359.935     0.998047         3290       512.00
    8384.511     0.998242         3291       568.89
    8384.511     0.998437         3291       640.00
    8421.375     0.998633         3294       731.43
    8421.375     0.998828         3294       853.33
    8421.375     0.999023         3294      1024.00
    8421.375     0.999121         3294      1137.78
    8421.375     0.999219         3294      1280.00
    8421.375     0.999316         3294      1462.86
    8437.759     0.999414         3295      1706.67
    8437.759     0.999512         3295      2048.00
    8437.759     0.999561         3295      2275.56
    8437.759     0.999609         3295      2560.00
    8437.759     0.999658         3295      2925.71
    8462.335     0.999707         3296      3413.33
    8462.335     1.000000         3296          inf
#[Mean    =     4520.994, StdDeviation   =     1874.831]
#[Max     =     8454.144, Total count    =         3296]
#[Buckets =           27, SubBuckets     =         2048]
-----------------------------------------------------------------------
  3924 requests in 1.00m, 1.17MB read
Requests/sec:     65.39  
Transfer/sec:     19.93KB
