Running 1m test @ http://10.104.199.0/?loopCount=25&base=6&exp=6
  1 threads and 1 connections

  Thread calibration: mean lat.: 2118.490ms, rate sampling interval: 6586ms

-----------------------------------------------------------------------
Test Results @ http://10.104.199.0/?loopCount=25&base=6&exp=6 
  Thread Stats   Avg      Stdev     99%   +/- Stdev
    Latency     9.76s     3.44s   15.16s    57.88%
    Req/Sec    18.29      0.88    20.00    100.00%
  Latency Distribution (HdrHistogram - Recorded Latency)
 50.000%    9.40s 
 75.000%   12.86s 
 90.000%   14.71s 
 99.000%   15.16s 
 99.900%   15.25s 
 99.990%   15.31s 
 99.999%   15.31s 
100.000%   15.31s 

  Detailed Percentile spectrum:
       Value   Percentile   TotalCount 1/(1-Percentile)

    3434.495     0.000000            1         1.00
    5165.055     0.100000           96         1.11
    6148.095     0.200000          192         1.25
    7372.799     0.300000          286         1.43
    8232.959     0.400000          384         1.67
    9396.223     0.500000          476         2.00
   10584.063     0.550000          524         2.22
   11018.239     0.600000          572         2.50
   11935.743     0.650000          620         2.86
   12312.575     0.700000          667         3.33
   12861.439     0.750000          714         4.00
   13049.855     0.775000          738         4.44
   13221.887     0.800000          762         5.00
   13484.031     0.825000          787         5.71
   13893.631     0.850000          810         6.67
   14516.223     0.875000          833         8.00
   14680.063     0.887500          846         8.89
   14712.831     0.900000          858        10.00
   14819.327     0.912500          870        11.43
   14901.247     0.925000          882        13.33
   14917.631     0.937500          898        16.00
   14925.823     0.943750          905        17.78
   14925.823     0.950000          905        20.00
   14958.591     0.956250          911        22.86
   14999.551     0.962500          918        26.67
   15081.471     0.968750          926        32.00
   15081.471     0.971875          926        35.56
   15130.623     0.975000          933        40.00
   15130.623     0.978125          933        45.71
   15147.007     0.981250          935        53.33
   15155.199     0.984375          942        64.00
   15155.199     0.985938          942        71.11
   15155.199     0.987500          942        80.00
   15155.199     0.989062          942        91.43
   15163.391     0.990625          948       106.67
   15163.391     0.992188          948       128.00
   15163.391     0.992969          948       142.22
   15163.391     0.993750          948       160.00
   15163.391     0.994531          948       182.86
   15163.391     0.995313          948       213.33
   15220.735     0.996094          950       256.00
   15220.735     0.996484          950       284.44
   15220.735     0.996875          950       320.00
   15220.735     0.997266          950       365.71
   15220.735     0.997656          950       426.67
   15253.503     0.998047          951       512.00
   15253.503     0.998242          951       568.89
   15253.503     0.998437          951       640.00
   15253.503     0.998633          951       731.43
   15253.503     0.998828          951       853.33
   15310.847     0.999023          952      1024.00
   15310.847     1.000000          952          inf
#[Mean    =     9762.579, StdDeviation   =     3443.351]
#[Max     =    15302.656, Total count    =          952]
#[Buckets =           27, SubBuckets     =         2048]
-----------------------------------------------------------------------
  1117 requests in 1.00m, 340.37KB read
Requests/sec:     18.62  
Transfer/sec:      5.67KB
