Running 1m test @ http://10.96.169.80/?loopCount=25&base=6&exp=6
  5 threads and 5 connections

  Thread calibration: mean lat.: 365.109ms, rate sampling interval: 1099ms
  Thread calibration: mean lat.: 463.909ms, rate sampling interval: 1273ms
  Thread calibration: mean lat.: 212.702ms, rate sampling interval: 721ms
  Thread calibration: mean lat.: 125.030ms, rate sampling interval: 415ms
  Thread calibration: mean lat.: 762.030ms, rate sampling interval: 1819ms

-----------------------------------------------------------------------
Test Results @ http://10.96.169.80/?loopCount=25&base=6&exp=6 
  Thread Stats   Avg      Stdev     99%   +/- Stdev
    Latency    90.90ms   71.75ms 372.99ms   88.75%
    Req/Sec    14.49      1.21    18.00     92.67%
  Latency Distribution (HdrHistogram - Recorded Latency)
 50.000%   67.90ms
 75.000%  109.57ms
 90.000%  172.80ms
 99.000%  372.99ms
 99.900%  635.39ms
 99.990%  661.50ms
 99.999%  661.50ms
100.000%  661.50ms

  Detailed Percentile spectrum:
       Value   Percentile   TotalCount 1/(1-Percentile)

      21.759     0.000000            1         1.00
      40.607     0.100000          378         1.11
      41.567     0.200000          760         1.25
      46.399     0.300000         1129         1.43
      56.831     0.400000         1505         1.67
      67.903     0.500000         1883         2.00
      75.391     0.550000         2069         2.22
      81.663     0.600000         2259         2.50
      89.791     0.650000         2445         2.86
      97.151     0.700000         2635         3.33
     109.567     0.750000         2821         4.00
     115.711     0.775000         2915         4.44
     124.095     0.800000         3010         5.00
     132.863     0.825000         3105         5.71
     144.639     0.850000         3198         6.67
     157.183     0.875000         3293         8.00
     162.687     0.887500         3338         8.89
     172.799     0.900000         3385        10.00
     182.015     0.912500         3432        11.43
     192.255     0.925000         3480        13.33
     203.519     0.937500         3526        16.00
     211.967     0.943750         3550        17.78
     218.623     0.950000         3573        20.00
     226.943     0.956250         3597        22.86
     241.791     0.962500         3620        26.67
     255.871     0.968750         3644        32.00
     259.583     0.971875         3656        35.56
     270.079     0.975000         3667        40.00
     281.599     0.978125         3679        45.71
     290.303     0.981250         3691        53.33
     315.135     0.984375         3703        64.00
     324.863     0.985938         3709        71.11
     332.799     0.987500         3715        80.00
     354.559     0.989062         3720        91.43
     396.031     0.990625         3726       106.67
     447.487     0.992188         3732       128.00
     454.143     0.992969         3735       142.22
     479.487     0.993750         3738       160.00
     518.911     0.994531         3741       182.86
     545.791     0.995313         3744       213.33
     555.519     0.996094         3747       256.00
     556.031     0.996484         3748       284.44
     559.615     0.996875         3750       320.00
     574.975     0.997266         3751       365.71
     608.767     0.997656         3753       426.67
     621.567     0.998047         3754       512.00
     625.151     0.998242         3755       568.89
     633.855     0.998437         3756       640.00
     633.855     0.998633         3756       731.43
     635.391     0.998828         3757       853.33
     647.679     0.999023         3758      1024.00
     647.679     0.999121         3758      1137.78
     648.191     0.999219         3759      1280.00
     648.191     0.999316         3759      1462.86
     648.191     0.999414         3759      1706.67
     656.383     0.999512         3760      2048.00
     656.383     0.999561         3760      2275.56
     656.383     0.999609         3760      2560.00
     656.383     0.999658         3760      2925.71
     656.383     0.999707         3760      3413.33
     661.503     0.999756         3761      4096.00
     661.503     1.000000         3761          inf
#[Mean    =       90.899, StdDeviation   =       71.752]
#[Max     =      660.992, Total count    =         3761]
#[Buckets =           27, SubBuckets     =         2048]
-----------------------------------------------------------------------
  4488 requests in 1.00m, 1.34MB read
Requests/sec:     74.79  
Transfer/sec:     22.79KB
