Running 1m test @ http://10.100.185.202/?loopCount=25&base=6&exp=6
  1 threads and 1 connections

  Thread calibration: mean lat.: 399.104ms, rate sampling interval: 1305ms

-----------------------------------------------------------------------
Test Results @ http://10.100.185.202/?loopCount=25&base=6&exp=6 
  Thread Stats   Avg      Stdev     99%   +/- Stdev
    Latency     4.44s     1.92s    7.39s    55.48%
    Req/Sec    21.26      1.97    25.00     86.84%
  Latency Distribution (HdrHistogram - Recorded Latency)
 50.000%    4.56s 
 75.000%    5.92s 
 90.000%    7.06s 
 99.000%    7.39s 
 99.900%    7.50s 
 99.990%    7.50s 
 99.999%    7.50s 
100.000%    7.50s 

  Detailed Percentile spectrum:
       Value   Percentile   TotalCount 1/(1-Percentile)

     893.439     0.000000            1         1.00
    1827.839     0.100000          110         1.11
    2406.399     0.200000          219         1.25
    2971.647     0.300000          331         1.43
    3731.455     0.400000          434         1.67
    4562.943     0.500000          547         2.00
    4911.103     0.550000          598         2.22
    5292.031     0.600000          652         2.50
    5631.999     0.650000          707         2.86
    5758.975     0.700000          763         3.33
    5922.815     0.750000          816         4.00
    6291.455     0.775000          841         4.44
    6418.431     0.800000          873         5.00
    6660.095     0.825000          898         5.71
    6750.207     0.850000          941         6.67
    6868.991     0.875000          954         8.00
    6942.719     0.887500          966         8.89
    7057.407     0.900000          979        10.00
    7098.367     0.912500          999        11.43
    7114.751     0.925000         1009        13.33
    7241.727     0.937500         1018        16.00
    7258.111     0.943750         1026        17.78
    7266.303     0.950000         1034        20.00
    7376.895     0.956250         1040        22.86
    7380.991     0.962500         1050        26.67
    7385.087     0.968750         1058        32.00
    7385.087     0.971875         1058        35.56
    7385.087     0.975000         1058        40.00
    7389.183     0.978125         1066        45.71
    7389.183     0.981250         1066        53.33
    7393.279     0.984375         1076        64.00
    7393.279     0.985938         1076        71.11
    7393.279     0.987500         1076        80.00
    7393.279     0.989062         1076        91.43
    7393.279     0.990625         1076       106.67
    7397.375     0.992188         1077       128.00
    7413.759     0.992969         1079       142.22
    7413.759     0.993750         1079       160.00
    7446.527     0.994531         1081       182.86
    7446.527     0.995313         1081       213.33
    7446.527     0.996094         1081       256.00
    7471.103     0.996484         1083       284.44
    7471.103     0.996875         1083       320.00
    7471.103     0.997266         1083       365.71
    7471.103     0.997656         1083       426.67
    7471.103     0.998047         1083       512.00
    7503.871     0.998242         1085       568.89
    7503.871     1.000000         1085          inf
#[Mean    =     4442.405, StdDeviation   =     1920.153]
#[Max     =     7499.776, Total count    =         1085]
#[Buckets =           27, SubBuckets     =         2048]
-----------------------------------------------------------------------
  1312 requests in 1.00m, 399.76KB read
Requests/sec:     21.87  
Transfer/sec:      6.66KB
