Running 1m test @ http://10.97.218.196/?loopCount=25&base=6&exp=6
  1 threads and 1 connections

  Thread calibration: mean lat.: 773.643ms, rate sampling interval: 2531ms

-----------------------------------------------------------------------
Test Results @ http://10.97.218.196/?loopCount=25&base=6&exp=6 
  Thread Stats   Avg      Stdev     99%   +/- Stdev
    Latency     4.26s     1.68s    7.20s    57.89%
    Req/Sec    21.53      0.99    24.00     94.74%
  Latency Distribution (HdrHistogram - Recorded Latency)
 50.000%    4.03s 
 75.000%    5.79s 
 90.000%    6.56s 
 99.000%    7.20s 
 99.900%    7.28s 
 99.990%    7.28s 
 99.999%    7.28s 
100.000%    7.28s 

  Detailed Percentile spectrum:
       Value   Percentile   TotalCount 1/(1-Percentile)

    1393.663     0.000000            2         1.00
    2121.727     0.100000          112         1.11
    2594.815     0.200000          223         1.25
    2842.623     0.300000          334         1.43
    3559.423     0.400000          441         1.67
    4028.415     0.500000          551         2.00
    4571.135     0.550000          610         2.22
    4603.903     0.600000          662         2.50
    5201.919     0.650000          720         2.86
    5476.351     0.700000          772         3.33
    5787.647     0.750000          827         4.00
    6070.271     0.775000          861         4.44
    6086.655     0.800000          883         5.00
    6250.495     0.825000          910         5.71
    6381.567     0.850000          937         6.67
    6434.815     0.875000          965         8.00
    6529.023     0.887500          979         8.89
    6561.791     0.900000          997        10.00
    6569.983     0.912500         1007        11.43
    6819.839     0.925000         1021        13.33
    6922.239     0.937500         1042        16.00
    6922.239     0.943750         1042        17.78
    7008.255     0.950000         1051        20.00
    7012.351     0.956250         1057        22.86
    7020.543     0.962500         1062        26.67
    7036.927     0.968750         1069        32.00
    7041.023     0.971875         1078        35.56
    7041.023     0.975000         1078        40.00
    7041.023     0.978125         1078        45.71
    7110.655     0.981250         1082        53.33
    7163.903     0.984375         1085        64.00
    7188.479     0.985938         1088        71.11
    7196.671     0.987500         1090        80.00
    7196.671     0.989062         1090        91.43
    7258.111     0.990625         1092       106.67
    7270.399     0.992188         1095       128.00
    7270.399     0.992969         1095       142.22
    7278.591     0.993750         1100       160.00
    7278.591     0.994531         1100       182.86
    7278.591     0.995313         1100       213.33
    7278.591     0.996094         1100       256.00
    7278.591     0.996484         1100       284.44
    7278.591     0.996875         1100       320.00
    7278.591     0.997266         1100       365.71
    7278.591     0.997656         1100       426.67
    7278.591     0.998047         1100       512.00
    7282.687     0.998242         1102       568.89
    7282.687     1.000000         1102          inf
#[Mean    =     4256.305, StdDeviation   =     1684.163]
#[Max     =     7278.592, Total count    =         1102]
#[Buckets =           27, SubBuckets     =         2048]
-----------------------------------------------------------------------
  1318 requests in 1.00m, 401.59KB read
Requests/sec:     21.97  
Transfer/sec:      6.69KB
