Running 1m test @ http://10.104.225.39/?loopCount=25&base=6&exp=6
  1 threads and 1 connections

  Thread calibration: mean lat.: 1962.893ms, rate sampling interval: 7155ms

-----------------------------------------------------------------------
Test Results @ http://10.104.225.39/?loopCount=25&base=6&exp=6 
  Thread Stats   Avg      Stdev     99%   +/- Stdev
    Latency     9.11s     2.77s   13.60s    60.10%
    Req/Sec    19.50      1.38    21.00     83.33%
  Latency Distribution (HdrHistogram - Recorded Latency)
 50.000%    9.49s 
 75.000%   11.35s 
 90.000%   12.56s 
 99.000%   13.60s 
 99.900%   13.66s 
 99.990%   13.67s 
 99.999%   13.67s 
100.000%   13.67s 

  Detailed Percentile spectrum:
       Value   Percentile   TotalCount 1/(1-Percentile)

    3645.439     0.000000            2         1.00
    4599.807     0.100000          100         1.11
    6303.743     0.200000          200         1.25
    7925.759     0.300000          303         1.43
    8445.951     0.400000          402         1.67
    9494.527     0.500000          500         2.00
    9961.471     0.550000          550         2.22
   10190.847     0.600000          600         2.50
   10403.839     0.650000          653         2.86
   10977.279     0.700000          700         3.33
   11345.919     0.750000          752         4.00
   11452.415     0.775000          781         4.44
   11689.983     0.800000          800         5.00
   12140.543     0.825000          825         5.71
   12361.727     0.850000          851         6.67
   12410.879     0.875000          877         8.00
   12484.607     0.887500          888         8.89
   12558.335     0.900000          900        10.00
   12730.367     0.912500          913        11.43
   12787.711     0.925000          927        13.33
   12967.935     0.937500          938        16.00
   13090.815     0.943750          945        17.78
   13189.119     0.950000          950        20.00
   13287.423     0.956250          959        22.86
   13418.495     0.962500          964        26.67
   13484.031     0.968750          970        32.00
   13508.607     0.971875          972        35.56
   13533.183     0.975000          979        40.00
   13533.183     0.978125          979        45.71
   13565.951     0.981250          983        53.33
   13598.719     0.984375          993        64.00
   13598.719     0.985938          993        71.11
   13598.719     0.987500          993        80.00
   13598.719     0.989062          993        91.43
   13598.719     0.990625          993       106.67
   13598.719     0.992188          993       128.00
   13598.719     0.992969          993       142.22
   13606.911     0.993750          995       160.00
   13606.911     0.994531          995       182.86
   13631.487     0.995313          996       213.33
   13656.063     0.996094          997       256.00
   13656.063     0.996484          997       284.44
   13656.063     0.996875          997       320.00
   13664.255     0.997266          999       365.71
   13664.255     0.997656          999       426.67
   13664.255     0.998047          999       512.00
   13664.255     0.998242          999       568.89
   13664.255     0.998437          999       640.00
   13664.255     0.998633          999       731.43
   13664.255     0.998828          999       853.33
   13672.447     0.999023         1000      1024.00
   13672.447     1.000000         1000          inf
#[Mean    =     9107.328, StdDeviation   =     2768.579]
#[Max     =    13664.256, Total count    =         1000]
#[Buckets =           27, SubBuckets     =         2048]
-----------------------------------------------------------------------
  1158 requests in 1.00m, 352.84KB read
Requests/sec:     19.30  
Transfer/sec:      5.88KB
