Running 1m test @ http://10.104.199.0/?loopCount=25&base=6&exp=6
  5 threads and 5 connections

  Thread calibration: mean lat.: 202.649ms, rate sampling interval: 635ms
  Thread calibration: mean lat.: 442.673ms, rate sampling interval: 1466ms
  Thread calibration: mean lat.: 416.511ms, rate sampling interval: 1192ms
  Thread calibration: mean lat.: 625.693ms, rate sampling interval: 1531ms
  Thread calibration: mean lat.: 642.801ms, rate sampling interval: 1631ms

-----------------------------------------------------------------------
Test Results @ http://10.104.199.0/?loopCount=25&base=6&exp=6 
  Thread Stats   Avg      Stdev     99%   +/- Stdev
    Latency   171.24ms  182.41ms 867.84ms   86.85%
    Req/Sec    14.69      1.24    18.00     84.65%
  Latency Distribution (HdrHistogram - Recorded Latency)
 50.000%   98.56ms
 75.000%  198.78ms
 90.000%  447.74ms
 99.000%  867.84ms
 99.900%    1.05s 
 99.990%    1.11s 
 99.999%    1.11s 
100.000%    1.11s 

  Detailed Percentile spectrum:
       Value   Percentile   TotalCount 1/(1-Percentile)

      22.831     0.000000            1         1.00
      40.927     0.100000          379         1.11
      46.047     0.200000          758         1.25
      63.167     0.300000         1134         1.43
      79.679     0.400000         1512         1.67
      98.559     0.500000         1890         2.00
     110.911     0.550000         2079         2.22
     124.159     0.600000         2268         2.50
     146.047     0.650000         2459         2.86
     167.295     0.700000         2646         3.33
     198.783     0.750000         2837         4.00
     221.823     0.775000         2930         4.44
     256.767     0.800000         3024         5.00
     285.951     0.825000         3120         5.71
     317.951     0.850000         3213         6.67
     370.943     0.875000         3308         8.00
     411.391     0.887500         3355         8.89
     447.743     0.900000         3402        10.00
     478.975     0.912500         3451        11.43
     503.039     0.925000         3497        13.33
     536.575     0.937500         3544        16.00
     558.079     0.943750         3568        17.78
     580.607     0.950000         3591        20.00
     599.551     0.956250         3616        22.86
     634.367     0.962500         3639        26.67
     676.863     0.968750         3662        32.00
     696.319     0.971875         3675        35.56
     721.407     0.975000         3686        40.00
     749.567     0.978125         3698        45.71
     777.727     0.981250         3710        53.33
     801.791     0.984375         3721        64.00
     823.295     0.985938         3727        71.11
     847.359     0.987500         3733        80.00
     864.255     0.989062         3739        91.43
     889.855     0.990625         3745       106.67
     906.239     0.992188         3751       128.00
     923.647     0.992969         3754       142.22
     932.863     0.993750         3757       160.00
     936.959     0.994531         3760       182.86
     955.903     0.995313         3763       213.33
     963.583     0.996094         3766       256.00
     967.167     0.996484         3767       284.44
     968.191     0.996875         3769       320.00
     971.775     0.997266         3770       365.71
     983.039     0.997656         3772       426.67
     993.279     0.998047         3773       512.00
     996.351     0.998242         3774       568.89
    1021.951     0.998437         3775       640.00
    1021.951     0.998633         3775       731.43
    1048.575     0.998828         3776       853.33
    1075.199     0.999023         3777      1024.00
    1075.199     0.999121         3777      1137.78
    1080.319     0.999219         3778      1280.00
    1080.319     0.999316         3778      1462.86
    1080.319     0.999414         3778      1706.67
    1084.415     0.999512         3779      2048.00
    1084.415     0.999561         3779      2275.56
    1084.415     0.999609         3779      2560.00
    1084.415     0.999658         3779      2925.71
    1084.415     0.999707         3779      3413.33
    1112.063     0.999756         3780      4096.00
    1112.063     1.000000         3780          inf
#[Mean    =      171.237, StdDeviation   =      182.405]
#[Max     =     1111.040, Total count    =         3780]
#[Buckets =           27, SubBuckets     =         2048]
-----------------------------------------------------------------------
  4495 requests in 1.00m, 1.34MB read
Requests/sec:     74.91  
Transfer/sec:     22.83KB
