Running 1m test @ http://10.110.211.94/?loopCount=25&base=6&exp=6
  5 threads and 5 connections

  Thread calibration: mean lat.: 88.762ms, rate sampling interval: 326ms
  Thread calibration: mean lat.: 86.058ms, rate sampling interval: 304ms
  Thread calibration: mean lat.: 134.847ms, rate sampling interval: 433ms
  Thread calibration: mean lat.: 83.816ms, rate sampling interval: 291ms
  Thread calibration: mean lat.: 140.652ms, rate sampling interval: 508ms

-----------------------------------------------------------------------
Test Results @ http://10.110.211.94/?loopCount=25&base=6&exp=6 
  Thread Stats   Avg      Stdev     99%   +/- Stdev
    Latency     1.38s   844.97ms   3.99s    68.41%
    Req/Sec    13.78      3.84    23.00     84.17%
  Latency Distribution (HdrHistogram - Recorded Latency)
 50.000%    1.34s 
 75.000%    1.85s 
 90.000%    2.54s 
 99.000%    3.99s 
 99.900%    4.12s 
 99.990%    4.18s 
 99.999%    4.18s 
100.000%    4.18s 

  Detailed Percentile spectrum:
       Value   Percentile   TotalCount 1/(1-Percentile)

      28.031     0.000000            1         1.00
     324.351     0.100000          357         1.11
     580.607     0.200000          714         1.25
     807.935     0.300000         1071         1.43
    1106.943     0.400000         1431         1.67
    1339.391     0.500000         1786         2.00
    1418.239     0.550000         1965         2.22
    1515.519     0.600000         2144         2.50
    1665.023     0.650000         2320         2.86
    1763.327     0.700000         2500         3.33
    1849.343     0.750000         2678         4.00
    1892.351     0.775000         2766         4.44
    1944.575     0.800000         2855         5.00
    2025.471     0.825000         2944         5.71
    2107.391     0.850000         3033         6.67
    2396.159     0.875000         3123         8.00
    2473.983     0.887500         3170         8.89
    2539.519     0.900000         3212        10.00
    2592.767     0.912500         3257        11.43
    2672.639     0.925000         3302        13.33
    2760.703     0.937500         3346        16.00
    2789.375     0.943750         3368        17.78
    2828.287     0.950000         3391        20.00
    2904.063     0.956250         3412        22.86
    2988.031     0.962500         3435        26.67
    3149.823     0.968750         3457        32.00
    3401.727     0.971875         3468        35.56
    3555.327     0.975000         3479        40.00
    3860.479     0.978125         3490        45.71
    3940.351     0.981250         3502        53.33
    3962.879     0.984375         3513        64.00
    3971.071     0.985938         3518        71.11
    3983.359     0.987500         3528        80.00
    3985.407     0.989062         3529        91.43
    3999.743     0.990625         3535       106.67
    4024.319     0.992188         3541       128.00
    4026.367     0.992969         3544       142.22
    4028.415     0.993750         3546       160.00
    4046.847     0.994531         3549       182.86
    4052.991     0.995313         3553       213.33
    4061.183     0.996094         3555       256.00
    4073.471     0.996484         3557       284.44
    4073.471     0.996875         3557       320.00
    4085.759     0.997266         3559       365.71
    4091.903     0.997656         3560       426.67
    4095.999     0.998047         3562       512.00
    4095.999     0.998242         3562       568.89
    4120.575     0.998437         3563       640.00
    4122.623     0.998633         3565       731.43
    4122.623     0.998828         3565       853.33
    4122.623     0.999023         3565      1024.00
    4122.623     0.999121         3565      1137.78
    4124.671     0.999219         3566      1280.00
    4124.671     0.999316         3566      1462.86
    4124.671     0.999414         3566      1706.67
    4151.295     0.999512         3567      2048.00
    4151.295     0.999561         3567      2275.56
    4151.295     0.999609         3567      2560.00
    4151.295     0.999658         3567      2925.71
    4151.295     0.999707         3567      3413.33
    4184.063     0.999756         3568      4096.00
    4184.063     1.000000         3568          inf
#[Mean    =     1375.102, StdDeviation   =      844.968]
#[Max     =     4182.016, Total count    =         3568]
#[Buckets =           27, SubBuckets     =         2048]
-----------------------------------------------------------------------
  4302 requests in 1.00m, 1.28MB read
Requests/sec:     71.70  
Transfer/sec:     21.85KB
