Running 1m test @ http://10.103.77.142/?loopCount=25&base=6&exp=6
  1 threads and 1 connections

  Thread calibration: mean lat.: 3326.728ms, rate sampling interval: 11829ms

-----------------------------------------------------------------------
Test Results @ http://10.103.77.142/?loopCount=25&base=6&exp=6 
  Thread Stats   Avg      Stdev     99%   +/- Stdev
    Latency    22.70s     8.42s   36.57s    59.88%
    Req/Sec     9.25      0.83    10.00    100.00%
  Latency Distribution (HdrHistogram - Recorded Latency)
 50.000%   23.25s 
 75.000%   29.97s 
 90.000%   33.88s 
 99.000%   36.57s 
 99.900%   36.73s 
 99.990%   36.77s 
 99.999%   36.77s 
100.000%   36.77s 

  Detailed Percentile spectrum:
       Value   Percentile   TotalCount 1/(1-Percentile)

    6848.511     0.000000            1         1.00
   10567.679     0.100000           51         1.11
   14032.895     0.200000          101         1.25
   17334.271     0.300000          151         1.43
   20627.455     0.400000          202         1.67
   23248.895     0.500000          251         2.00
   24739.839     0.550000          276         2.22
   26083.327     0.600000          301         2.50
   27328.511     0.650000          326         2.86
   28639.231     0.700000          351         3.33
   29966.335     0.750000          379         4.00
   30408.703     0.775000          389         4.44
   30949.375     0.800000          401         5.00
   31916.031     0.825000          414         5.71
   32407.551     0.850000          426         6.67
   33243.135     0.875000          439         8.00
   33587.199     0.887500          445         8.89
   33882.111     0.900000          451        10.00
   34209.791     0.912500          458        11.43
   34635.775     0.925000          464        13.33
   34897.919     0.937500          470        16.00
   35061.759     0.943750          473        17.78
   35192.831     0.950000          476        20.00
   35389.439     0.956250          480        22.86
   35651.583     0.962500          483        26.67
   35880.959     0.968750          486        32.00
   35946.495     0.971875          487        35.56
   36110.335     0.975000          489        40.00
   36274.175     0.978125          491        45.71
   36339.711     0.981250          492        53.33
   36470.783     0.984375          494        64.00
   36470.783     0.985938          494        71.11
   36503.551     0.987500          495        80.00
   36569.087     0.989062          496        91.43
   36601.855     0.990625          497       106.67
   36667.391     0.992188          498       128.00
   36667.391     0.992969          498       142.22
   36667.391     0.993750          498       160.00
   36700.159     0.994531          499       182.86
   36700.159     0.995313          499       213.33
   36732.927     0.996094          500       256.00
   36732.927     0.996484          500       284.44
   36732.927     0.996875          500       320.00
   36732.927     0.997266          500       365.71
   36732.927     0.997656          500       426.67
   36765.695     0.998047          501       512.00
   36765.695     1.000000          501          inf
#[Mean    =    22704.349, StdDeviation   =     8417.292]
#[Max     =    36732.928, Total count    =          501]
#[Buckets =           27, SubBuckets     =         2048]
-----------------------------------------------------------------------
  581 requests in 1.00m, 177.29KB read
Requests/sec:      9.68  
Transfer/sec:      2.95KB
