Running 1m test @ http://10.96.158.146/?loopCount=25&base=6&exp=6
  5 threads and 5 connections

  Thread calibration: mean lat.: 1691.634ms, rate sampling interval: 5906ms
  Thread calibration: mean lat.: 1404.118ms, rate sampling interval: 5402ms
  Thread calibration: mean lat.: 1722.149ms, rate sampling interval: 6279ms
  Thread calibration: mean lat.: 1538.663ms, rate sampling interval: 5754ms
  Thread calibration: mean lat.: 1875.161ms, rate sampling interval: 6283ms

-----------------------------------------------------------------------
Test Results @ http://10.96.158.146/?loopCount=25&base=6&exp=6 
  Thread Stats   Avg      Stdev     99%   +/- Stdev
    Latency    11.22s     4.80s   20.46s    58.76%
    Req/Sec     9.67      0.80    11.00    100.00%
  Latency Distribution (HdrHistogram - Recorded Latency)
 50.000%   11.17s 
 75.000%   15.29s 
 90.000%   17.99s 
 99.000%   20.46s 
 99.900%   20.79s 
 99.990%   20.87s 
 99.999%   20.87s 
100.000%   20.87s 

  Detailed Percentile spectrum:
       Value   Percentile   TotalCount 1/(1-Percentile)

    3096.575     0.000000            1         1.00
    4812.799     0.100000          255         1.11
    6352.895     0.200000          507         1.25
    7802.879     0.300000          761         1.43
    9437.183     0.400000         1016         1.67
   11165.695     0.500000         1268         2.00
   11935.743     0.550000         1394         2.22
   12468.223     0.600000         1523         2.50
   13205.503     0.650000         1648         2.86
   14262.271     0.700000         1774         3.33
   15294.463     0.750000         1902         4.00
   15745.023     0.775000         1964         4.44
   16130.047     0.800000         2029         5.00
   16556.031     0.825000         2092         5.71
   16973.823     0.850000         2156         6.67
   17448.959     0.875000         2220         8.00
   17711.103     0.887500         2249         8.89
   17989.631     0.900000         2281        10.00
   18186.239     0.912500         2313        11.43
   18464.767     0.925000         2344        13.33
   18874.367     0.937500         2377        16.00
   19038.207     0.943750         2392        17.78
   19267.583     0.950000         2410        20.00
   19480.575     0.956250         2426        22.86
   19578.879     0.962500         2441        26.67
   19824.639     0.968750         2456        32.00
   19922.943     0.971875         2464        35.56
   20004.863     0.975000         2471        40.00
   20119.551     0.978125         2480        45.71
   20185.087     0.981250         2487        53.33
   20316.159     0.984375         2495        64.00
   20365.311     0.985938         2500        71.11
   20414.463     0.987500         2505        80.00
   20447.231     0.989062         2508        91.43
   20479.999     0.990625         2512       106.67
   20512.767     0.992188         2517       128.00
   20512.767     0.992969         2517       142.22
   20561.919     0.993750         2519       160.00
   20578.303     0.994531         2521       182.86
   20643.839     0.995313         2523       213.33
   20742.143     0.996094         2525       256.00
   20758.527     0.996484         2528       284.44
   20758.527     0.996875         2528       320.00
   20758.527     0.997266         2528       365.71
   20774.911     0.997656         2530       426.67
   20774.911     0.998047         2530       512.00
   20774.911     0.998242         2530       568.89
   20791.295     0.998437         2531       640.00
   20791.295     0.998633         2531       731.43
   20840.447     0.998828         2532       853.33
   20840.447     0.999023         2532      1024.00
   20840.447     0.999121         2532      1137.78
   20873.215     0.999219         2534      1280.00
   20873.215     1.000000         2534          inf
#[Mean    =    11217.883, StdDeviation   =     4801.117]
#[Max     =    20856.832, Total count    =         2534]
#[Buckets =           27, SubBuckets     =         2048]
-----------------------------------------------------------------------
  3039 requests in 1.00m, 0.91MB read
Requests/sec:     50.65  
Transfer/sec:     15.45KB
