Running 1m test @ http://10.101.163.15/?loopCount=25&base=6&exp=6
  1 threads and 1 connections

  Thread calibration: mean lat.: 433.137ms, rate sampling interval: 1625ms

-----------------------------------------------------------------------
Test Results @ http://10.101.163.15/?loopCount=25&base=6&exp=6 
  Thread Stats   Avg      Stdev     99%   +/- Stdev
    Latency     4.17s     2.08s    8.07s    63.18%
    Req/Sec    20.83      1.93    24.00     90.00%
  Latency Distribution (HdrHistogram - Recorded Latency)
 50.000%    3.80s 
 75.000%    6.04s 
 90.000%    7.35s 
 99.000%    8.07s 
 99.900%    8.09s 
 99.990%    8.09s 
 99.999%    8.09s 
100.000%    8.09s 

  Detailed Percentile spectrum:
       Value   Percentile   TotalCount 1/(1-Percentile)

     872.959     0.000000            2         1.00
    1543.167     0.100000          108         1.11
    2342.911     0.200000          215         1.25
    2727.935     0.300000          322         1.43
    3102.719     0.400000          429         1.67
    3803.135     0.500000          537         2.00
    4222.975     0.550000          597         2.22
    4628.479     0.600000          647         2.50
    4816.895     0.650000          701         2.86
    5365.759     0.700000          749         3.33
    6037.503     0.750000          803         4.00
    6221.823     0.775000          830         4.44
    6377.471     0.800000          857         5.00
    6496.255     0.825000          883         5.71
    6606.847     0.850000          913         6.67
    6930.431     0.875000          937         8.00
    7249.919     0.887500          950         8.89
    7352.319     0.900000          963        10.00
    7737.343     0.912500          977        11.43
    7798.783     0.925000          990        13.33
    7880.703     0.937500         1004        16.00
    7884.799     0.943750         1015        17.78
    7888.895     0.950000         1018        20.00
    7929.855     0.956250         1025        22.86
    7962.623     0.962500         1031        26.67
    7966.719     0.968750         1037        32.00
    7974.911     0.971875         1043        35.56
    7995.391     0.975000         1044        40.00
    8036.351     0.978125         1048        45.71
    8056.831     0.981250         1052        53.33
    8060.927     0.984375         1055        64.00
    8060.927     0.985938         1055        71.11
    8073.215     0.987500         1060        80.00
    8073.215     0.989062         1060        91.43
    8073.215     0.990625         1060       106.67
    8089.599     0.992188         1068       128.00
    8089.599     0.992969         1068       142.22
    8089.599     0.993750         1068       160.00
    8089.599     0.994531         1068       182.86
    8089.599     0.995313         1068       213.33
    8089.599     0.996094         1068       256.00
    8089.599     0.996484         1068       284.44
    8089.599     0.996875         1068       320.00
    8089.599     0.997266         1068       365.71
    8089.599     0.997656         1068       426.67
    8089.599     0.998047         1068       512.00
    8093.695     0.998242         1070       568.89
    8093.695     1.000000         1070          inf
#[Mean    =     4173.743, StdDeviation   =     2077.571]
#[Max     =     8089.600, Total count    =         1070]
#[Buckets =           27, SubBuckets     =         2048]
-----------------------------------------------------------------------
  1297 requests in 1.00m, 395.19KB read
Requests/sec:     21.61  
Transfer/sec:      6.59KB
