Running 1m test @ http://10.111.175.232/?loopCount=25&base=6&exp=6
  5 threads and 5 connections

  Thread calibration: mean lat.: 140.772ms, rate sampling interval: 468ms
  Thread calibration: mean lat.: 340.361ms, rate sampling interval: 871ms
  Thread calibration: mean lat.: 500.916ms, rate sampling interval: 1323ms
  Thread calibration: mean lat.: 461.543ms, rate sampling interval: 1282ms
  Thread calibration: mean lat.: 337.366ms, rate sampling interval: 1129ms

-----------------------------------------------------------------------
Test Results @ http://10.111.175.232/?loopCount=25&base=6&exp=6 
  Thread Stats   Avg      Stdev     99%   +/- Stdev
    Latency   144.73ms  140.58ms 593.92ms   84.11%
    Req/Sec    14.41      1.64    19.00     95.39%
  Latency Distribution (HdrHistogram - Recorded Latency)
 50.000%   76.80ms
 75.000%  206.34ms
 90.000%  375.30ms
 99.000%  593.92ms
 99.900%  669.18ms
 99.990%  682.49ms
 99.999%  682.49ms
100.000%  682.49ms

  Detailed Percentile spectrum:
       Value   Percentile   TotalCount 1/(1-Percentile)

      21.599     0.000000            1         1.00
      40.575     0.100000          386         1.11
      41.247     0.200000          763         1.25
      45.663     0.300000         1128         1.43
      61.119     0.400000         1504         1.67
      76.799     0.500000         1879         2.00
      90.047     0.550000         2068         2.22
     103.423     0.600000         2255         2.50
     128.383     0.650000         2443         2.86
     163.967     0.700000         2630         3.33
     206.335     0.750000         2818         4.00
     226.303     0.775000         2912         4.44
     244.991     0.800000         3006         5.00
     268.287     0.825000         3102         5.71
     295.167     0.850000         3194         6.67
     336.895     0.875000         3288         8.00
     359.935     0.887500         3336         8.89
     375.807     0.900000         3382        10.00
     392.703     0.912500         3431        11.43
     412.415     0.925000         3476        13.33
     432.895     0.937500         3523        16.00
     443.135     0.943750         3548        17.78
     458.239     0.950000         3570        20.00
     470.527     0.956250         3593        22.86
     493.823     0.962500         3617        26.67
     509.439     0.968750         3640        32.00
     515.839     0.971875         3653        35.56
     522.751     0.975000         3664        40.00
     535.039     0.978125         3676        45.71
     543.231     0.981250         3687        53.33
     560.127     0.984375         3699        64.00
     568.319     0.985938         3705        71.11
     582.655     0.987500         3711        80.00
     591.359     0.989062         3717        91.43
     604.671     0.990625         3722       106.67
     612.351     0.992188         3728       128.00
     624.639     0.992969         3731       142.22
     631.807     0.993750         3734       160.00
     635.903     0.994531         3738       182.86
     636.927     0.995313         3740       213.33
     643.071     0.996094         3743       256.00
     644.607     0.996484         3744       284.44
     650.751     0.996875         3747       320.00
     650.751     0.997266         3747       365.71
     654.847     0.997656         3749       426.67
     656.895     0.998047         3750       512.00
     668.159     0.998242         3751       568.89
     668.671     0.998437         3752       640.00
     668.671     0.998633         3752       731.43
     669.183     0.998828         3753       853.33
     670.719     0.999023         3754      1024.00
     670.719     0.999121         3754      1137.78
     675.839     0.999219         3755      1280.00
     675.839     0.999316         3755      1462.86
     675.839     0.999414         3755      1706.67
     681.983     0.999512         3756      2048.00
     681.983     0.999561         3756      2275.56
     681.983     0.999609         3756      2560.00
     681.983     0.999658         3756      2925.71
     681.983     0.999707         3756      3413.33
     682.495     0.999756         3757      4096.00
     682.495     1.000000         3757          inf
#[Mean    =      144.730, StdDeviation   =      140.583]
#[Max     =      681.984, Total count    =         3757]
#[Buckets =           27, SubBuckets     =         2048]
-----------------------------------------------------------------------
  4485 requests in 1.00m, 1.33MB read
Requests/sec:     74.74  
Transfer/sec:     22.78KB
