Running 1m test @ http://10.104.199.0/?loopCount=25&base=6&exp=6
  5 threads and 5 connections

  Thread calibration: mean lat.: 68.774ms, rate sampling interval: 248ms
  Thread calibration: mean lat.: 63.694ms, rate sampling interval: 229ms
  Thread calibration: mean lat.: 60.650ms, rate sampling interval: 236ms
  Thread calibration: mean lat.: 58.012ms, rate sampling interval: 214ms
  Thread calibration: mean lat.: 53.487ms, rate sampling interval: 208ms

-----------------------------------------------------------------------
Test Results @ http://10.104.199.0/?loopCount=25&base=6&exp=6 
  Thread Stats   Avg      Stdev     99%   +/- Stdev
    Latency    46.90ms   19.74ms 126.72ms   89.80%
    Req/Sec     9.58      2.21    14.00     85.40%
  Latency Distribution (HdrHistogram - Recorded Latency)
 50.000%   41.53ms
 75.000%   42.81ms
 90.000%   53.98ms
 99.000%  126.72ms
 99.900%  177.66ms
 99.990%  268.03ms
 99.999%  268.03ms
100.000%  268.03ms

  Detailed Percentile spectrum:
       Value   Percentile   TotalCount 1/(1-Percentile)

      21.663     0.000000            1         1.00
      38.783     0.100000          251         1.11
      40.703     0.200000          512         1.25
      41.023     0.300000          765         1.43
      41.279     0.400000         1024         1.67
      41.535     0.500000         1265         2.00
      41.695     0.550000         1386         2.22
      41.887     0.600000         1509         2.50
      42.079     0.650000         1625         2.86
      42.367     0.700000         1756         3.33
      42.815     0.750000         1880         4.00
      43.263     0.775000         1938         4.44
      44.671     0.800000         2001         5.00
      45.311     0.825000         2063         5.71
      46.335     0.850000         2125         6.67
      48.607     0.875000         2188         8.00
      50.943     0.887500         2219         8.89
      53.983     0.900000         2250        10.00
      63.775     0.912500         2283        11.43
      68.863     0.925000         2313        13.33
      81.471     0.937500         2344        16.00
      92.031     0.943750         2360        17.78
      98.303     0.950000         2375        20.00
     109.439     0.956250         2391        22.86
     110.911     0.962500         2407        26.67
     112.447     0.968750         2422        32.00
     113.471     0.971875         2430        35.56
     115.199     0.975000         2438        40.00
     116.479     0.978125         2446        45.71
     118.015     0.981250         2454        53.33
     119.359     0.984375         2461        64.00
     120.255     0.985938         2465        71.11
     121.791     0.987500         2469        80.00
     124.415     0.989062         2473        91.43
     127.935     0.990625         2477       106.67
     129.407     0.992188         2481       128.00
     134.655     0.992969         2483       142.22
     135.935     0.993750         2485       160.00
     136.447     0.994531         2487       182.86
     150.399     0.995313         2489       213.33
     166.911     0.996094         2491       256.00
     167.807     0.996484         2492       284.44
     169.855     0.996875         2494       320.00
     169.855     0.997266         2494       365.71
     173.439     0.997656         2495       426.67
     174.463     0.998047         2496       512.00
     174.463     0.998242         2496       568.89
     175.999     0.998437         2497       640.00
     175.999     0.998633         2497       731.43
     177.663     0.998828         2498       853.33
     177.663     0.999023         2498      1024.00
     177.663     0.999121         2498      1137.78
     209.535     0.999219         2499      1280.00
     209.535     0.999316         2499      1462.86
     209.535     0.999414         2499      1706.67
     209.535     0.999512         2499      2048.00
     209.535     0.999561         2499      2275.56
     268.031     0.999609         2500      2560.00
     268.031     1.000000         2500          inf
#[Mean    =       46.898, StdDeviation   =       19.738]
#[Max     =      267.776, Total count    =         2500]
#[Buckets =           27, SubBuckets     =         2048]
-----------------------------------------------------------------------
  2995 requests in 1.00m, 0.89MB read
Requests/sec:     49.91  
Transfer/sec:     15.21KB
