Running 1m test @ http://10.103.77.142/?loopCount=25&base=6&exp=6
  5 threads and 5 connections

  Thread calibration: mean lat.: 1819.317ms, rate sampling interval: 6549ms
  Thread calibration: mean lat.: 1593.648ms, rate sampling interval: 5586ms
  Thread calibration: mean lat.: 1914.975ms, rate sampling interval: 6619ms
  Thread calibration: mean lat.: 1810.382ms, rate sampling interval: 5939ms
  Thread calibration: mean lat.: 1608.576ms, rate sampling interval: 6045ms

-----------------------------------------------------------------------
Test Results @ http://10.103.77.142/?loopCount=25&base=6&exp=6 
  Thread Stats   Avg      Stdev     99%   +/- Stdev
    Latency    11.77s     4.81s   20.17s    57.70%
    Req/Sec     9.58      0.63    11.00    100.00%
  Latency Distribution (HdrHistogram - Recorded Latency)
 50.000%   11.79s 
 75.000%   16.03s 
 90.000%   18.42s 
 99.000%   20.17s 
 99.900%   20.50s 
 99.990%   20.59s 
 99.999%   20.59s 
100.000%   20.59s 

  Detailed Percentile spectrum:
       Value   Percentile   TotalCount 1/(1-Percentile)

    3201.023     0.000000            1         1.00
    5050.367     0.100000          252         1.11
    6758.399     0.200000          504         1.25
    8577.023     0.300000          756         1.43
   10174.463     0.400000         1007         1.67
   11788.287     0.500000         1257         2.00
   12558.335     0.550000         1384         2.22
   13287.423     0.600000         1508         2.50
   14098.431     0.650000         1634         2.86
   15081.471     0.700000         1760         3.33
   16031.743     0.750000         1886         4.00
   16416.767     0.775000         1948         4.44
   16736.255     0.800000         2013         5.00
   17203.199     0.825000         2075         5.71
   17629.183     0.850000         2137         6.67
   18006.015     0.875000         2201         8.00
   18219.007     0.887500         2232         8.89
   18415.615     0.900000         2262        10.00
   18595.839     0.912500         2294        11.43
   18808.831     0.925000         2326        13.33
   19005.439     0.937500         2359        16.00
   19070.975     0.943750         2373        17.78
   19152.895     0.950000         2388        20.00
   19333.119     0.956250         2405        22.86
   19529.727     0.962500         2419        26.67
   19693.567     0.968750         2436        32.00
   19726.335     0.971875         2443        35.56
   19791.871     0.975000         2451        40.00
   19857.407     0.978125         2459        45.71
   19939.327     0.981250         2467        53.33
   20004.863     0.984375         2474        64.00
   20054.015     0.985938         2479        71.11
   20103.167     0.987500         2482        80.00
   20152.319     0.989062         2487        91.43
   20168.703     0.990625         2490       106.67
   20234.239     0.992188         2495       128.00
   20250.623     0.992969         2497       142.22
   20332.543     0.993750         2500       160.00
   20332.543     0.994531         2500       182.86
   20365.311     0.995313         2503       213.33
   20381.695     0.996094         2504       256.00
   20398.079     0.996484         2505       284.44
   20430.847     0.996875         2507       320.00
   20430.847     0.997266         2507       365.71
   20463.615     0.997656         2508       426.67
   20496.383     0.998047         2510       512.00
   20496.383     0.998242         2510       568.89
   20496.383     0.998437         2510       640.00
   20496.383     0.998633         2510       731.43
   20529.151     0.998828         2511       853.33
   20529.151     0.999023         2511      1024.00
   20529.151     0.999121         2511      1137.78
   20561.919     0.999219         2512      1280.00
   20561.919     0.999316         2512      1462.86
   20561.919     0.999414         2512      1706.67
   20561.919     0.999512         2512      2048.00
   20561.919     0.999561         2512      2275.56
   20594.687     0.999609         2513      2560.00
   20594.687     1.000000         2513          inf
#[Mean    =    11769.367, StdDeviation   =     4813.366]
#[Max     =    20578.304, Total count    =         2513]
#[Buckets =           27, SubBuckets     =         2048]
-----------------------------------------------------------------------
  3003 requests in 1.00m, 0.89MB read
Requests/sec:     50.05  
Transfer/sec:     15.27KB
