Running 1m test @ http://10.106.127.105/?loopCount=25&base=6&exp=6
  1 threads and 1 connections

  Thread calibration: mean lat.: 3249.277ms, rate sampling interval: 9478ms

-----------------------------------------------------------------------
Test Results @ http://10.106.127.105/?loopCount=25&base=6&exp=6 
  Thread Stats   Avg      Stdev     99%   +/- Stdev
    Latency    12.55s     3.73s   18.61s    57.94%
    Req/Sec    18.00      1.41    20.00    100.00%
  Latency Distribution (HdrHistogram - Recorded Latency)
 50.000%   13.14s 
 75.000%   15.36s 
 90.000%   17.50s 
 99.000%   18.61s 
 99.900%   18.64s 
 99.990%   18.64s 
 99.999%   18.64s 
100.000%   18.64s 

  Detailed Percentile spectrum:
       Value   Percentile   TotalCount 1/(1-Percentile)

    5189.631     0.000000            2         1.00
    7131.135     0.100000           93         1.11
    8339.455     0.200000          183         1.25
   10444.799     0.300000          281         1.43
   12361.727     0.400000          374         1.67
   13139.967     0.500000          458         2.00
   13492.223     0.550000          511         2.22
   13860.863     0.600000          548         2.50
   14458.879     0.650000          595         2.86
   15024.127     0.700000          641         3.33
   15359.999     0.750000          686         4.00
   15499.263     0.775000          708         4.44
   16105.471     0.800000          731         5.00
   16670.719     0.825000          755         5.71
   16809.983     0.850000          786         6.67
   17203.199     0.875000          799         8.00
   17498.111     0.887500          825         8.89
   17498.111     0.900000          825        10.00
   17514.495     0.912500          840        11.43
   17530.879     0.925000          846        13.33
   17612.799     0.937500          860        16.00
   17645.567     0.943750          865        17.78
   17809.407     0.950000          869        20.00
   17989.631     0.956250          874        22.86
   18038.783     0.962500          880        26.67
   18137.087     0.968750          885        32.00
   18300.927     0.971875          888        35.56
   18431.999     0.975000          891        40.00
   18464.767     0.978125          895        45.71
   18513.919     0.981250          896        53.33
   18530.303     0.984375          900        64.00
   18546.687     0.985938          901        71.11
   18563.071     0.987500          902        80.00
   18612.223     0.989062          909        91.43
   18612.223     0.990625          909       106.67
   18612.223     0.992188          909       128.00
   18612.223     0.992969          909       142.22
   18612.223     0.993750          909       160.00
   18612.223     0.994531          909       182.86
   18612.223     0.995313          909       213.33
   18628.607     0.996094          911       256.00
   18628.607     0.996484          911       284.44
   18628.607     0.996875          911       320.00
   18628.607     0.997266          911       365.71
   18628.607     0.997656          911       426.67
   18644.991     0.998047          913       512.00
   18644.991     1.000000          913          inf
#[Mean    =    12548.038, StdDeviation   =     3728.241]
#[Max     =    18628.608, Total count    =          913]
#[Buckets =           27, SubBuckets     =         2048]
-----------------------------------------------------------------------
  1034 requests in 1.00m, 315.12KB read
Requests/sec:     17.23  
Transfer/sec:      5.25KB
