Running 1m test @ http://10.102.244.59/?loopCount=25&base=6&exp=6
  5 threads and 5 connections

  Thread calibration: mean lat.: 144.314ms, rate sampling interval: 456ms
  Thread calibration: mean lat.: 230.416ms, rate sampling interval: 942ms
  Thread calibration: mean lat.: 448.113ms, rate sampling interval: 1329ms
  Thread calibration: mean lat.: 104.289ms, rate sampling interval: 344ms
  Thread calibration: mean lat.: 155.375ms, rate sampling interval: 700ms

-----------------------------------------------------------------------
Test Results @ http://10.102.244.59/?loopCount=25&base=6&exp=6 
  Thread Stats   Avg      Stdev     99%   +/- Stdev
    Latency    66.87ms   39.00ms 206.34ms   86.40%
    Req/Sec    14.54      1.55    18.00     93.49%
  Latency Distribution (HdrHistogram - Recorded Latency)
 50.000%   53.22ms
 75.000%   81.41ms
 90.000%  114.43ms
 99.000%  206.34ms
 99.900%  371.71ms
 99.990%  410.11ms
 99.999%  410.11ms
100.000%  410.11ms

  Detailed Percentile spectrum:
       Value   Percentile   TotalCount 1/(1-Percentile)

      21.519     0.000000            1         1.00
      40.031     0.100000          380         1.11
      40.767     0.200000          783         1.25
      41.343     0.300000         1138         1.43
      44.959     0.400000         1503         1.67
      53.215     0.500000         1879         2.00
      58.623     0.550000         2068         2.22
      61.759     0.600000         2255         2.50
      66.239     0.650000         2444         2.86
      72.575     0.700000         2630         3.33
      81.407     0.750000         2817         4.00
      84.799     0.775000         2911         4.44
      87.295     0.800000         3005         5.00
      92.927     0.825000         3099         5.71
      97.343     0.850000         3196         6.67
     104.447     0.875000         3287         8.00
     110.399     0.887500         3334         8.89
     114.495     0.900000         3381        10.00
     119.039     0.912500         3428        11.43
     125.823     0.925000         3475        13.33
     131.967     0.937500         3522        16.00
     136.959     0.943750         3545        17.78
     141.183     0.950000         3569        20.00
     148.095     0.956250         3593        22.86
     152.319     0.962500         3616        26.67
     159.871     0.968750         3639        32.00
     165.247     0.971875         3651        35.56
     171.007     0.975000         3663        40.00
     177.535     0.978125         3674        45.71
     183.167     0.981250         3686        53.33
     191.487     0.984375         3698        64.00
     194.943     0.985938         3704        71.11
     198.783     0.987500         3710        80.00
     204.543     0.989062         3715        91.43
     212.991     0.990625         3721       106.67
     222.335     0.992188         3727       128.00
     225.663     0.992969         3730       142.22
     230.527     0.993750         3733       160.00
     238.079     0.994531         3736       182.86
     251.391     0.995313         3739       213.33
     260.351     0.996094         3742       256.00
     265.471     0.996484         3743       284.44
     287.743     0.996875         3745       320.00
     305.919     0.997266         3746       365.71
     336.383     0.997656         3748       426.67
     346.623     0.998047         3749       512.00
     359.679     0.998242         3750       568.89
     361.983     0.998437         3751       640.00
     361.983     0.998633         3751       731.43
     371.711     0.998828         3752       853.33
     372.223     0.999023         3753      1024.00
     372.223     0.999121         3753      1137.78
     376.575     0.999219         3754      1280.00
     376.575     0.999316         3754      1462.86
     376.575     0.999414         3754      1706.67
     397.823     0.999512         3755      2048.00
     397.823     0.999561         3755      2275.56
     397.823     0.999609         3755      2560.00
     397.823     0.999658         3755      2925.71
     397.823     0.999707         3755      3413.33
     410.111     0.999756         3756      4096.00
     410.111     1.000000         3756          inf
#[Mean    =       66.872, StdDeviation   =       38.999]
#[Max     =      409.856, Total count    =         3756]
#[Buckets =           27, SubBuckets     =         2048]
-----------------------------------------------------------------------
  4489 requests in 1.00m, 1.34MB read
Requests/sec:     74.81  
Transfer/sec:     22.80KB
