Running 1m test @ http://10.105.168.171/?loopCount=25&base=6&exp=6
  5 threads and 5 connections

  Thread calibration: mean lat.: 1040.363ms, rate sampling interval: 2861ms
  Thread calibration: mean lat.: 892.448ms, rate sampling interval: 2686ms
  Thread calibration: mean lat.: 784.180ms, rate sampling interval: 2355ms
  Thread calibration: mean lat.: 458.602ms, rate sampling interval: 1463ms
  Thread calibration: mean lat.: 656.755ms, rate sampling interval: 2121ms

-----------------------------------------------------------------------
Test Results @ http://10.105.168.171/?loopCount=25&base=6&exp=6 
  Thread Stats   Avg      Stdev     99%   +/- Stdev
    Latency     3.33s     1.30s    6.12s    62.13%
    Req/Sec    13.32      1.38    16.00     94.69%
  Latency Distribution (HdrHistogram - Recorded Latency)
 50.000%    3.33s 
 75.000%    4.37s 
 90.000%    4.99s 
 99.000%    6.12s 
 99.900%    6.30s 
 99.990%    6.32s 
 99.999%    6.32s 
100.000%    6.32s 

  Detailed Percentile spectrum:
       Value   Percentile   TotalCount 1/(1-Percentile)

     724.991     0.000000            1         1.00
    1546.239     0.100000          346         1.11
    1994.751     0.200000          690         1.25
    2381.823     0.300000         1035         1.43
    2881.535     0.400000         1380         1.67
    3330.047     0.500000         1726         2.00
    3690.495     0.550000         1898         2.22
    3856.383     0.600000         2071         2.50
    4057.087     0.650000         2242         2.86
    4235.263     0.700000         2419         3.33
    4374.527     0.750000         2587         4.00
    4440.063     0.775000         2675         4.44
    4530.175     0.800000         2762         5.00
    4628.479     0.825000         2849         5.71
    4763.647     0.850000         2935         6.67
    4919.295     0.875000         3019         8.00
    4960.255     0.887500         3061         8.89
    4988.927     0.900000         3108        10.00
    5033.983     0.912500         3151        11.43
    5099.519     0.925000         3192        13.33
    5275.647     0.937500         3235        16.00
    5365.759     0.943750         3257        17.78
    5419.007     0.950000         3277        20.00
    5517.311     0.956250         3299        22.86
    5554.175     0.962500         3320        26.67
    5603.327     0.968750         3344        32.00
    5631.999     0.971875         3352        35.56
    5668.863     0.975000         3363        40.00
    5693.439     0.978125         3375        45.71
    5726.207     0.981250         3385        53.33
    5763.071     0.984375         3396        64.00
    5775.359     0.985938         3401        71.11
    5804.031     0.987500         3406        80.00
    6090.751     0.989062         3412        91.43
    6135.807     0.990625         3417       106.67
    6164.479     0.992188         3423       128.00
    6180.863     0.992969         3425       142.22
    6213.631     0.993750         3428       160.00
    6230.015     0.994531         3431       182.86
    6238.207     0.995313         3433       213.33
    6254.591     0.996094         3438       256.00
    6254.591     0.996484         3438       284.44
    6258.687     0.996875         3439       320.00
    6266.879     0.997266         3442       365.71
    6266.879     0.997656         3442       426.67
    6270.975     0.998047         3443       512.00
    6270.975     0.998242         3443       568.89
    6283.263     0.998437         3444       640.00
    6291.455     0.998633         3445       731.43
    6291.455     0.998828         3445       853.33
    6295.551     0.999023         3446      1024.00
    6295.551     0.999121         3446      1137.78
    6299.647     0.999219         3447      1280.00
    6299.647     0.999316         3447      1462.86
    6299.647     0.999414         3447      1706.67
    6320.127     0.999512         3449      2048.00
    6320.127     1.000000         3449          inf
#[Mean    =     3327.130, StdDeviation   =     1303.478]
#[Max     =     6316.032, Total count    =         3449]
#[Buckets =           27, SubBuckets     =         2048]
-----------------------------------------------------------------------
  4111 requests in 1.00m, 1.22MB read
Requests/sec:     68.51  
Transfer/sec:     20.88KB
