Running 1m test @ http://10.108.10.66/?loopCount=25&base=6&exp=6
  5 threads and 5 connections

  Thread calibration: mean lat.: 2168.311ms, rate sampling interval: 7299ms
  Thread calibration: mean lat.: 1332.244ms, rate sampling interval: 4337ms
  Thread calibration: mean lat.: 2291.787ms, rate sampling interval: 8007ms
  Thread calibration: mean lat.: 1138.496ms, rate sampling interval: 4390ms
  Thread calibration: mean lat.: 1978.317ms, rate sampling interval: 6606ms

-----------------------------------------------------------------------
Test Results @ http://10.108.10.66/?loopCount=25&base=6&exp=6 
  Thread Stats   Avg      Stdev     99%   +/- Stdev
    Latency    11.38s     5.15s   22.63s    62.31%
    Req/Sec     9.83      1.17    13.00     92.68%
  Latency Distribution (HdrHistogram - Recorded Latency)
 50.000%   10.94s 
 75.000%   14.86s 
 90.000%   19.15s 
 99.000%   22.63s 
 99.900%   23.46s 
 99.990%   23.51s 
 99.999%   23.51s 
100.000%   23.51s 

  Detailed Percentile spectrum:
       Value   Percentile   TotalCount 1/(1-Percentile)

    2486.271     0.000000            1         1.00
    4800.511     0.100000          255         1.11
    6225.919     0.200000          507         1.25
    8019.967     0.300000          760         1.43
    9396.223     0.400000         1015         1.67
   10936.319     0.500000         1267         2.00
   11911.167     0.550000         1394         2.22
   12574.719     0.600000         1520         2.50
   13426.687     0.650000         1647         2.86
   14155.775     0.700000         1772         3.33
   14868.479     0.750000         1900         4.00
   15572.991     0.775000         1962         4.44
   16179.199     0.800000         2025         5.00
   16572.415     0.825000         2089         5.71
   17334.271     0.850000         2153         6.67
   18300.927     0.875000         2216         8.00
   18726.911     0.887500         2249         8.89
   19152.895     0.900000         2278        10.00
   19431.423     0.912500         2310        11.43
   19857.407     0.925000         2342        13.33
   20201.471     0.937500         2373        16.00
   20479.999     0.943750         2390        17.78
   20742.143     0.950000         2405        20.00
   20873.215     0.956250         2421        22.86
   21086.207     0.962500         2437        26.67
   21266.431     0.968750         2452        32.00
   21446.655     0.971875         2460        35.56
   21544.959     0.975000         2468        40.00
   21643.263     0.978125         2476        45.71
   21757.951     0.981250         2484        53.33
   22118.399     0.984375         2492        64.00
   22167.551     0.985938         2496        71.11
   22331.391     0.987500         2501        80.00
   22560.767     0.989062         2504        91.43
   22757.375     0.990625         2509       106.67
   22970.367     0.992188         2512       128.00
   23052.287     0.992969         2514       142.22
   23216.127     0.993750         2516       160.00
   23298.047     0.994531         2518       182.86
   23330.815     0.995313         2522       213.33
   23330.815     0.996094         2522       256.00
   23347.199     0.996484         2524       284.44
   23347.199     0.996875         2524       320.00
   23363.583     0.997266         2525       365.71
   23429.119     0.997656         2527       426.67
   23429.119     0.998047         2527       512.00
   23429.119     0.998242         2527       568.89
   23461.887     0.998437         2528       640.00
   23461.887     0.998633         2528       731.43
   23478.271     0.998828         2530       853.33
   23478.271     0.999023         2530      1024.00
   23478.271     0.999121         2530      1137.78
   23478.271     0.999219         2530      1280.00
   23478.271     0.999316         2530      1462.86
   23478.271     0.999414         2530      1706.67
   23478.271     0.999512         2530      2048.00
   23478.271     0.999561         2530      2275.56
   23511.039     0.999609         2531      2560.00
   23511.039     1.000000         2531          inf
#[Mean    =    11378.917, StdDeviation   =     5150.115]
#[Max     =    23494.656, Total count    =         2531]
#[Buckets =           27, SubBuckets     =         2048]
-----------------------------------------------------------------------
  3018 requests in 1.00m, 0.90MB read
Requests/sec:     50.30  
Transfer/sec:     15.34KB
