Running 1m test @ http://10.108.10.66/?loopCount=25&base=6&exp=6
  1 threads and 1 connections

  Thread calibration: mean lat.: 2554.077ms, rate sampling interval: 7196ms

-----------------------------------------------------------------------
Test Results @ http://10.108.10.66/?loopCount=25&base=6&exp=6 
  Thread Stats   Avg      Stdev     99%   +/- Stdev
    Latency    17.77s     7.98s   33.82s    55.95%
    Req/Sec    10.00      1.53    13.00     83.33%
  Latency Distribution (HdrHistogram - Recorded Latency)
 50.000%   18.45s 
 75.000%   23.95s 
 90.000%   29.25s 
 99.000%   33.82s 
 99.900%   33.91s 
 99.990%   33.91s 
 99.999%   33.91s 
100.000%   33.91s 

  Detailed Percentile spectrum:
       Value   Percentile   TotalCount 1/(1-Percentile)

    4411.391     0.000000            2         1.00
    7159.807     0.100000           53         1.11
    9011.199     0.200000          103         1.25
   12484.607     0.300000          154         1.43
   15884.287     0.400000          206         1.67
   18448.383     0.500000          257         2.00
   18710.527     0.550000          296         2.22
   19234.815     0.600000          323         2.50
   20070.399     0.650000          334         2.86
   21954.559     0.700000          360         3.33
   23953.407     0.750000          385         4.00
   25100.287     0.775000          399         4.44
   25903.103     0.800000          411         5.00
   26689.535     0.825000          424         5.71
   27541.503     0.850000          437         6.67
   28278.783     0.875000          449         8.00
   28786.687     0.887500          456         8.89
   29245.439     0.900000          462        10.00
   29605.887     0.912500          469        11.43
   30031.871     0.925000          475        13.33
   30867.455     0.937500          481        16.00
   31424.511     0.943750          485        17.78
   31604.735     0.950000          488        20.00
   31817.727     0.956250          491        22.86
   32096.255     0.962500          494        26.67
   32260.095     0.968750          497        32.00
   32571.391     0.971875          499        35.56
   32882.687     0.975000          501        40.00
   33046.527     0.978125          502        45.71
   33259.519     0.981250          504        53.33
   33521.663     0.984375          505        64.00
   33587.199     0.985938          506        71.11
   33685.503     0.987500          507        80.00
   33816.575     0.989062          508        91.43
   33882.111     0.990625          510       106.67
   33882.111     0.992188          510       128.00
   33882.111     0.992969          510       142.22
   33882.111     0.993750          510       160.00
   33914.879     0.994531          513       182.86
   33914.879     1.000000          513          inf
#[Mean    =    17774.708, StdDeviation   =     7978.003]
#[Max     =    33882.112, Total count    =          513]
#[Buckets =           27, SubBuckets     =         2048]
-----------------------------------------------------------------------
  652 requests in 1.00m, 198.90KB read
Requests/sec:     10.87  
Transfer/sec:      3.31KB
