Running 1m test @ http://10.103.77.142/?loopCount=25&base=6&exp=6
  5 threads and 5 connections

  Thread calibration: mean lat.: 2286.203ms, rate sampling interval: 7401ms
  Thread calibration: mean lat.: 1462.178ms, rate sampling interval: 5054ms
  Thread calibration: mean lat.: 1852.561ms, rate sampling interval: 6639ms
  Thread calibration: mean lat.: 1403.970ms, rate sampling interval: 5042ms
  Thread calibration: mean lat.: 1430.943ms, rate sampling interval: 5566ms

-----------------------------------------------------------------------
Test Results @ http://10.103.77.142/?loopCount=25&base=6&exp=6 
  Thread Stats   Avg      Stdev     99%   +/- Stdev
    Latency    11.64s     4.91s   21.54s    59.48%
    Req/Sec     9.59      0.63    11.00    100.00%
  Latency Distribution (HdrHistogram - Recorded Latency)
 50.000%   11.65s 
 75.000%   15.66s 
 90.000%   18.07s 
 99.000%   21.54s 
 99.900%   22.17s 
 99.990%   22.18s 
 99.999%   22.18s 
100.000%   22.18s 

  Detailed Percentile spectrum:
       Value   Percentile   TotalCount 1/(1-Percentile)

    2867.199     0.000000            1         1.00
    4866.047     0.100000          250         1.11
    6561.791     0.200000          501         1.25
    8323.071     0.300000          751         1.43
    9854.975     0.400000         1000         1.67
   11649.023     0.500000         1250         2.00
   12607.487     0.550000         1375         2.22
   13426.687     0.600000         1500         2.50
   14204.927     0.650000         1627         2.86
   14974.975     0.700000         1750         3.33
   15663.103     0.750000         1875         4.00
   16039.935     0.775000         1939         4.44
   16474.111     0.800000         2000         5.00
   16875.519     0.825000         2066         5.71
   17252.351     0.850000         2127         6.67
   17612.799     0.875000         2188         8.00
   17891.327     0.887500         2219         8.89
   18071.551     0.900000         2251        10.00
   18235.391     0.912500         2284        11.43
   18382.847     0.925000         2313        13.33
   18841.599     0.937500         2344        16.00
   19152.895     0.943750         2360        17.78
   19431.423     0.950000         2375        20.00
   19677.183     0.956250         2391        22.86
   20037.631     0.962500         2408        26.67
   20430.847     0.968750         2422        32.00
   20512.767     0.971875         2430        35.56
   20709.375     0.975000         2438        40.00
   20938.751     0.978125         2446        45.71
   21102.591     0.981250         2454        53.33
   21299.199     0.984375         2462        64.00
   21348.351     0.985938         2465        71.11
   21397.503     0.987500         2469        80.00
   21528.575     0.989062         2473        91.43
   21561.343     0.990625         2477       106.67
   21676.031     0.992188         2482       128.00
   21757.951     0.992969         2483       142.22
   21774.335     0.993750         2485       160.00
   21839.871     0.994531         2488       182.86
   21938.175     0.995313         2489       213.33
   22020.095     0.996094         2491       256.00
   22036.479     0.996484         2492       284.44
   22102.015     0.996875         2494       320.00
   22102.015     0.997266         2494       365.71
   22134.783     0.997656         2495       426.67
   22151.167     0.998047         2497       512.00
   22151.167     0.998242         2497       568.89
   22151.167     0.998437         2497       640.00
   22151.167     0.998633         2497       731.43
   22167.551     0.998828         2499       853.33
   22167.551     0.999023         2499      1024.00
   22167.551     0.999121         2499      1137.78
   22167.551     0.999219         2499      1280.00
   22167.551     0.999316         2499      1462.86
   22167.551     0.999414         2499      1706.67
   22167.551     0.999512         2499      2048.00
   22167.551     0.999561         2499      2275.56
   22183.935     0.999609         2500      2560.00
   22183.935     1.000000         2500          inf
#[Mean    =    11644.334, StdDeviation   =     4912.249]
#[Max     =    22167.552, Total count    =         2500]
#[Buckets =           27, SubBuckets     =         2048]
-----------------------------------------------------------------------
  2998 requests in 1.00m, 0.89MB read
Requests/sec:     49.96  
Transfer/sec:     15.24KB
