Running 1m test @ http://10.104.199.0/?loopCount=25&base=6&exp=6
  5 threads and 5 connections

  Thread calibration: mean lat.: 162.812ms, rate sampling interval: 520ms
  Thread calibration: mean lat.: 161.910ms, rate sampling interval: 601ms
  Thread calibration: mean lat.: 78.098ms, rate sampling interval: 257ms
  Thread calibration: mean lat.: 150.628ms, rate sampling interval: 506ms
  Thread calibration: mean lat.: 218.152ms, rate sampling interval: 786ms

-----------------------------------------------------------------------
Test Results @ http://10.104.199.0/?loopCount=25&base=6&exp=6 
  Thread Stats   Avg      Stdev     99%   +/- Stdev
    Latency    78.54ms   56.58ms 293.38ms   88.55%
    Req/Sec    14.46      2.07    19.00     80.71%
  Latency Distribution (HdrHistogram - Recorded Latency)
 50.000%   61.25ms
 75.000%   93.69ms
 90.000%  141.95ms
 99.000%  293.38ms
 99.900%  501.50ms
 99.990%  523.52ms
 99.999%  523.52ms
100.000%  523.52ms

  Detailed Percentile spectrum:
       Value   Percentile   TotalCount 1/(1-Percentile)

      21.167     0.000000            1         1.00
      40.223     0.100000          378         1.11
      41.119     0.200000          752         1.25
      42.847     0.300000         1132         1.43
      51.519     0.400000         1504         1.67
      61.247     0.500000         1879         2.00
      65.087     0.550000         2067         2.22
      70.015     0.600000         2258         2.50
      77.567     0.650000         2445         2.86
      84.543     0.700000         2631         3.33
      93.695     0.750000         2821         4.00
      97.727     0.775000         2912         4.44
     103.615     0.800000         3007         5.00
     112.127     0.825000         3100         5.71
     121.471     0.850000         3195         6.67
     129.087     0.875000         3288         8.00
     135.423     0.887500         3335         8.89
     141.951     0.900000         3382        10.00
     148.351     0.912500         3430        11.43
     156.543     0.925000         3476        13.33
     166.271     0.937500         3523        16.00
     172.031     0.943750         3546        17.78
     181.119     0.950000         3570        20.00
     188.287     0.956250         3593        22.86
     196.991     0.962500         3617        26.67
     207.359     0.968750         3640        32.00
     215.551     0.971875         3652        35.56
     225.535     0.975000         3664        40.00
     229.119     0.978125         3675        45.71
     238.591     0.981250         3687        53.33
     254.591     0.984375         3699        64.00
     261.887     0.985938         3705        71.11
     275.967     0.987500         3711        80.00
     288.767     0.989062         3716        91.43
     295.423     0.990625         3722       106.67
     326.655     0.992188         3728       128.00
     368.127     0.992969         3731       142.22
     392.703     0.993750         3734       160.00
     415.231     0.994531         3737       182.86
     442.111     0.995313         3740       213.33
     461.567     0.996094         3743       256.00
     468.735     0.996484         3744       284.44
     473.599     0.996875         3746       320.00
     477.183     0.997266         3747       365.71
     492.799     0.997656         3749       426.67
     496.383     0.998047         3750       512.00
     496.895     0.998242         3751       568.89
     499.967     0.998437         3752       640.00
     499.967     0.998633         3752       731.43
     501.503     0.998828         3753       853.33
     501.759     0.999023         3754      1024.00
     501.759     0.999121         3754      1137.78
     509.951     0.999219         3755      1280.00
     509.951     0.999316         3755      1462.86
     509.951     0.999414         3755      1706.67
     523.263     0.999512         3756      2048.00
     523.263     0.999561         3756      2275.56
     523.263     0.999609         3756      2560.00
     523.263     0.999658         3756      2925.71
     523.263     0.999707         3756      3413.33
     523.519     0.999756         3757      4096.00
     523.519     1.000000         3757          inf
#[Mean    =       78.539, StdDeviation   =       56.576]
#[Max     =      523.264, Total count    =         3757]
#[Buckets =           27, SubBuckets     =         2048]
-----------------------------------------------------------------------
  4495 requests in 1.00m, 1.34MB read
Requests/sec:     74.91  
Transfer/sec:     22.83KB
