Running 1m test @ http://10.105.168.171/?loopCount=25&base=6&exp=6
  5 threads and 5 connections

  Thread calibration: mean lat.: 198.364ms, rate sampling interval: 703ms
  Thread calibration: mean lat.: 269.570ms, rate sampling interval: 951ms
  Thread calibration: mean lat.: 303.566ms, rate sampling interval: 815ms
  Thread calibration: mean lat.: 242.188ms, rate sampling interval: 879ms
  Thread calibration: mean lat.: 119.196ms, rate sampling interval: 400ms

-----------------------------------------------------------------------
Test Results @ http://10.105.168.171/?loopCount=25&base=6&exp=6 
  Thread Stats   Avg      Stdev     99%   +/- Stdev
    Latency   779.73ms  550.80ms   2.36s    72.05%
    Req/Sec    14.23      2.23    20.00     86.26%
  Latency Distribution (HdrHistogram - Recorded Latency)
 50.000%  612.86ms
 75.000%    1.11s 
 90.000%    1.64s 
 99.000%    2.36s 
 99.900%    2.40s 
 99.990%    2.45s 
 99.999%    2.45s 
100.000%    2.45s 

  Detailed Percentile spectrum:
       Value   Percentile   TotalCount 1/(1-Percentile)

      31.215     0.000000            1         1.00
     217.087     0.100000          372         1.11
     326.911     0.200000          740         1.25
     393.215     0.300000         1110         1.43
     469.247     0.400000         1480         1.67
     612.863     0.500000         1848         2.00
     702.975     0.550000         2033         2.22
     784.895     0.600000         2219         2.50
     850.943     0.650000         2404         2.86
     968.191     0.700000         2588         3.33
    1114.111     0.750000         2773         4.00
    1187.839     0.775000         2866         4.44
    1260.543     0.800000         2959         5.00
    1321.983     0.825000         3050         5.71
    1411.071     0.850000         3142         6.67
    1576.959     0.875000         3234         8.00
    1606.655     0.887500         3281         8.89
    1644.543     0.900000         3327        10.00
    1680.383     0.912500         3375        11.43
    1728.511     0.925000         3420        13.33
    1766.399     0.937500         3465        16.00
    1789.951     0.943750         3489        17.78
    1811.455     0.950000         3512        20.00
    1853.439     0.956250         3536        22.86
    1903.615     0.962500         3558        26.67
    2129.919     0.968750         3581        32.00
    2205.695     0.971875         3594        35.56
    2236.415     0.975000         3604        40.00
    2254.847     0.978125         3616        45.71
    2275.327     0.981250         3627        53.33
    2293.759     0.984375         3639        64.00
    2308.095     0.985938         3645        71.11
    2320.383     0.987500         3650        80.00
    2355.199     0.989062         3656        91.43
    2363.391     0.990625         3664       106.67
    2369.535     0.992188         3670       128.00
    2371.583     0.992969         3671       142.22
    2373.631     0.993750         3673       160.00
    2379.775     0.994531         3679       182.86
    2379.775     0.995313         3679       213.33
    2385.919     0.996094         3682       256.00
    2387.967     0.996484         3685       284.44
    2387.967     0.996875         3685       320.00
    2390.015     0.997266         3687       365.71
    2392.063     0.997656         3689       426.67
    2392.063     0.998047         3689       512.00
    2394.111     0.998242         3690       568.89
    2398.207     0.998437         3691       640.00
    2398.207     0.998633         3691       731.43
    2402.303     0.998828         3692       853.33
    2420.735     0.999023         3693      1024.00
    2420.735     0.999121         3693      1137.78
    2424.831     0.999219         3694      1280.00
    2424.831     0.999316         3694      1462.86
    2424.831     0.999414         3694      1706.67
    2426.879     0.999512         3695      2048.00
    2426.879     0.999561         3695      2275.56
    2426.879     0.999609         3695      2560.00
    2426.879     0.999658         3695      2925.71
    2426.879     0.999707         3695      3413.33
    2453.503     0.999756         3696      4096.00
    2453.503     1.000000         3696          inf
#[Mean    =      779.730, StdDeviation   =      550.801]
#[Max     =     2451.456, Total count    =         3696]
#[Buckets =           27, SubBuckets     =         2048]
-----------------------------------------------------------------------
  4419 requests in 1.00m, 1.32MB read
Requests/sec:     73.65  
Transfer/sec:     22.45KB
