Running 1m test @ http://10.106.106.124/?loopCount=25&base=6&exp=6
  5 threads and 5 connections

  Thread calibration: mean lat.: 70.548ms, rate sampling interval: 240ms
  Thread calibration: mean lat.: 66.289ms, rate sampling interval: 211ms
  Thread calibration: mean lat.: 70.362ms, rate sampling interval: 218ms
  Thread calibration: mean lat.: 71.738ms, rate sampling interval: 215ms
  Thread calibration: mean lat.: 77.656ms, rate sampling interval: 263ms

-----------------------------------------------------------------------
Test Results @ http://10.106.106.124/?loopCount=25&base=6&exp=6 
  Thread Stats   Avg      Stdev     99%   +/- Stdev
    Latency    85.06ms   58.16ms 292.86ms   84.06%
    Req/Sec     9.57      3.10    18.00     78.26%
  Latency Distribution (HdrHistogram - Recorded Latency)
 50.000%   77.44ms
 75.000%  104.19ms
 90.000%  176.13ms
 99.000%  292.86ms
 99.900%  398.08ms
 99.990%  408.32ms
 99.999%  408.32ms
100.000%  408.32ms

  Detailed Percentile spectrum:
       Value   Percentile   TotalCount 1/(1-Percentile)

      21.567     0.000000            1         1.00
      40.479     0.100000          272         1.11
      40.863     0.200000          503         1.25
      41.311     0.300000          754         1.43
      42.015     0.400000         1007         1.67
      77.439     0.500000         1249         2.00
      85.311     0.550000         1375         2.22
      88.767     0.600000         1501         2.50
      90.815     0.650000         1624         2.86
      96.831     0.700000         1748         3.33
     104.191     0.750000         1873         4.00
     106.687     0.775000         1939         4.44
     112.703     0.800000         1999         5.00
     118.783     0.825000         2061         5.71
     128.703     0.850000         2123         6.67
     170.111     0.875000         2186         8.00
     172.927     0.887500         2218         8.89
     176.639     0.900000         2248        10.00
     178.303     0.912500         2280        11.43
     181.631     0.925000         2310        13.33
     186.879     0.937500         2342        16.00
     188.287     0.943750         2357        17.78
     192.511     0.950000         2373        20.00
     195.967     0.956250         2389        22.86
     202.751     0.962500         2406        26.67
     210.815     0.968750         2419        32.00
     219.007     0.971875         2427        35.56
     221.951     0.975000         2435        40.00
     244.351     0.978125         2443        45.71
     272.127     0.981250         2452        53.33
     274.687     0.984375         2458        64.00
     277.759     0.985938         2462        71.11
     281.343     0.987500         2466        80.00
     289.791     0.989062         2470        91.43
     296.191     0.990625         2474       106.67
     303.871     0.992188         2478       128.00
     319.999     0.992969         2480       142.22
     322.047     0.993750         2482       160.00
     326.143     0.994531         2484       182.86
     372.991     0.995313         2486       213.33
     376.575     0.996094         2488       256.00
     378.879     0.996484         2489       284.44
     380.159     0.996875         2490       320.00
     382.463     0.997266         2491       365.71
     385.279     0.997656         2492       426.67
     393.727     0.998047         2493       512.00
     393.727     0.998242         2493       568.89
     397.567     0.998437         2494       640.00
     397.567     0.998633         2494       731.43
     398.079     0.998828         2495       853.33
     398.079     0.999023         2495      1024.00
     398.079     0.999121         2495      1137.78
     406.015     0.999219         2496      1280.00
     406.015     0.999316         2496      1462.86
     406.015     0.999414         2496      1706.67
     406.015     0.999512         2496      2048.00
     406.015     0.999561         2496      2275.56
     408.319     0.999609         2497      2560.00
     408.319     1.000000         2497          inf
#[Mean    =       85.058, StdDeviation   =       58.156]
#[Max     =      408.064, Total count    =         2497]
#[Buckets =           27, SubBuckets     =         2048]
-----------------------------------------------------------------------
  2992 requests in 1.00m, 0.89MB read
Requests/sec:     49.86  
Transfer/sec:     15.20KB
