Running 1m test @ http://10.110.211.94/?loopCount=25&base=6&exp=6
  1 threads and 1 connections

  Thread calibration: mean lat.: 871.371ms, rate sampling interval: 3102ms

-----------------------------------------------------------------------
Test Results @ http://10.110.211.94/?loopCount=25&base=6&exp=6 
  Thread Stats   Avg      Stdev     99%   +/- Stdev
    Latency     5.45s     2.08s    9.35s    57.06%
    Req/Sec    20.62      1.17    23.00     93.75%
  Latency Distribution (HdrHistogram - Recorded Latency)
 50.000%    5.54s 
 75.000%    6.85s 
 90.000%    8.43s 
 99.000%    9.35s 
 99.900%    9.39s 
 99.990%    9.39s 
 99.999%    9.39s 
100.000%    9.39s 

  Detailed Percentile spectrum:
       Value   Percentile   TotalCount 1/(1-Percentile)

    1869.823     0.000000            2         1.00
    2471.935     0.100000          107         1.11
    3186.687     0.200000          213         1.25
    4173.823     0.300000          319         1.43
    4956.159     0.400000          429         1.67
    5537.791     0.500000          536         2.00
    5791.743     0.550000          585         2.22
    6012.927     0.600000          640         2.50
    6311.935     0.650000          701         2.86
    6520.831     0.700000          747         3.33
    6848.511     0.750000          797         4.00
    7274.495     0.775000          824         4.44
    7565.311     0.800000          851         5.00
    7847.935     0.825000          879         5.71
    7962.623     0.850000          905         6.67
    8118.271     0.875000          930         8.00
    8282.111     0.887500          943         8.89
    8429.567     0.900000          959        10.00
    8445.951     0.912500          972        11.43
    8495.103     0.925000          983        13.33
    8921.087     0.937500         1001        16.00
    8929.279     0.943750         1003        17.78
    9019.391     0.950000         1010        20.00
    9068.543     0.956250         1017        22.86
    9199.615     0.962500         1026        26.67
    9215.999     0.968750         1031        32.00
    9224.191     0.971875         1039        35.56
    9224.191     0.975000         1039        40.00
    9224.191     0.978125         1039        45.71
    9232.383     0.981250         1047        53.33
    9232.383     0.984375         1047        64.00
    9289.727     0.985938         1050        71.11
    9289.727     0.987500         1050        80.00
    9347.071     0.989062         1052        91.43
    9388.031     0.990625         1062       106.67
    9388.031     1.000000         1062          inf
#[Mean    =     5452.662, StdDeviation   =     2081.268]
#[Max     =     9379.840, Total count    =         1062]
#[Buckets =           27, SubBuckets     =         2048]
-----------------------------------------------------------------------
  1265 requests in 1.00m, 385.44KB read
Requests/sec:     21.08  
Transfer/sec:      6.42KB
