Running 1m test @ http://10.99.199.129/?loopCount=25&base=6&exp=6
  1 threads and 1 connections

  Thread calibration: mean lat.: 2418.176ms, rate sampling interval: 7692ms

-----------------------------------------------------------------------
Test Results @ http://10.99.199.129/?loopCount=25&base=6&exp=6 
  Thread Stats   Avg      Stdev     99%   +/- Stdev
    Latency    11.96s     4.40s   19.78s    58.84%
    Req/Sec    16.67      0.75    18.00    100.00%
  Latency Distribution (HdrHistogram - Recorded Latency)
 50.000%   11.49s 
 75.000%   15.76s 
 90.000%   18.14s 
 99.000%   19.78s 
 99.900%   20.07s 
 99.990%   20.12s 
 99.999%   20.12s 
100.000%   20.12s 

  Detailed Percentile spectrum:
       Value   Percentile   TotalCount 1/(1-Percentile)

    4489.215     0.000000            1         1.00
    5894.143     0.100000           86         1.11
    7184.383     0.200000          173         1.25
    9158.655     0.300000          260         1.43
   10248.191     0.400000          350         1.67
   11493.375     0.500000          430         2.00
   12050.431     0.550000          477         2.22
   13115.391     0.600000          518         2.50
   14245.887     0.650000          559         2.86
   15269.887     0.700000          604         3.33
   15761.407     0.750000          645         4.00
   15933.439     0.775000          667         4.44
   16465.919     0.800000          689         5.00
   16719.871     0.825000          710         5.71
   17252.351     0.850000          731         6.67
   17727.487     0.875000          754         8.00
   17989.631     0.887500          764         8.89
   18137.087     0.900000          775        10.00
   18530.303     0.912500          785        11.43
   18743.295     0.925000          799        13.33
   18857.983     0.937500          807        16.00
   19038.207     0.943750          812        17.78
   19120.127     0.950000          817        20.00
   19251.199     0.956250          823        22.86
   19365.887     0.962500          829        26.67
   19529.727     0.968750          834        32.00
   19578.879     0.971875          836        35.56
   19628.031     0.975000          847        40.00
   19628.031     0.978125          847        45.71
   19628.031     0.981250          847        53.33
   19628.031     0.984375          847        64.00
   19677.183     0.985938          848        71.11
   19726.335     0.987500          850        80.00
   19775.487     0.989062          851        91.43
   19824.639     0.990625          852       106.67
   19922.943     0.992188          854       128.00
   19922.943     0.992969          854       142.22
   19988.479     0.993750          856       160.00
   19988.479     0.994531          856       182.86
   19988.479     0.995313          856       213.33
   20021.247     0.996094          857       256.00
   20021.247     0.996484          857       284.44
   20070.399     0.996875          859       320.00
   20070.399     0.997266          859       365.71
   20070.399     0.997656          859       426.67
   20070.399     0.998047          859       512.00
   20070.399     0.998242          859       568.89
   20070.399     0.998437          859       640.00
   20070.399     0.998633          859       731.43
   20070.399     0.998828          859       853.33
   20119.551     0.999023          860      1024.00
   20119.551     1.000000          860          inf
#[Mean    =    11959.825, StdDeviation   =     4399.641]
#[Max     =    20103.168, Total count    =          860]
#[Buckets =           27, SubBuckets     =         2048]
-----------------------------------------------------------------------
  997 requests in 1.00m, 303.84KB read
Requests/sec:     16.61  
Transfer/sec:      5.06KB
