Running 1m test @ http://10.110.188.59/?loopCount=25&base=6&exp=6
  5 threads and 5 connections

  Thread calibration: mean lat.: 66.862ms, rate sampling interval: 255ms
  Thread calibration: mean lat.: 49.704ms, rate sampling interval: 130ms
  Thread calibration: mean lat.: 51.116ms, rate sampling interval: 151ms
  Thread calibration: mean lat.: 57.773ms, rate sampling interval: 241ms
  Thread calibration: mean lat.: 66.713ms, rate sampling interval: 254ms

-----------------------------------------------------------------------
Test Results @ http://10.110.188.59/?loopCount=25&base=6&exp=6 
  Thread Stats   Avg      Stdev     99%   +/- Stdev
    Latency    42.52ms    7.18ms  69.06ms   92.40%
    Req/Sec     9.42      2.98    15.00     91.01%
  Latency Distribution (HdrHistogram - Recorded Latency)
 50.000%   41.66ms
 75.000%   42.53ms
 90.000%   43.39ms
 99.000%   69.06ms
 99.900%  125.38ms
 99.990%  128.51ms
 99.999%  128.51ms
100.000%  128.51ms

  Detailed Percentile spectrum:
       Value   Percentile   TotalCount 1/(1-Percentile)

      21.823     0.000000            1         1.00
      39.327     0.100000          252         1.11
      40.735     0.200000          517         1.25
      41.023     0.300000          771         1.43
      41.343     0.400000         1014         1.67
      41.663     0.500000         1272         2.00
      41.823     0.550000         1382         2.22
      41.983     0.600000         1514         2.50
      42.175     0.650000         1633         2.86
      42.335     0.700000         1754         3.33
      42.527     0.750000         1880         4.00
      42.623     0.775000         1947         4.44
      42.719     0.800000         2000         5.00
      42.847     0.825000         2078         5.71
      42.975     0.850000         2134         6.67
      43.103     0.875000         2191         8.00
      43.199     0.887500         2220         8.89
      43.391     0.900000         2254        10.00
      43.551     0.912500         2283        11.43
      43.999     0.925000         2313        13.33
      45.151     0.937500         2344        16.00
      49.151     0.943750         2360        17.78
      52.863     0.950000         2375        20.00
      54.335     0.956250         2391        22.86
      57.887     0.962500         2407        26.67
      58.783     0.968750         2423        32.00
      60.287     0.971875         2430        35.56
      61.183     0.975000         2438        40.00
      61.791     0.978125         2446        45.71
      62.687     0.981250         2454        53.33
      66.111     0.984375         2461        64.00
      66.815     0.985938         2465        71.11
      67.263     0.987500         2470        80.00
      68.863     0.989062         2473        91.43
      69.631     0.990625         2477       106.67
      72.063     0.992188         2481       128.00
      72.639     0.992969         2483       142.22
      75.519     0.993750         2486       160.00
      76.351     0.994531         2487       182.86
      77.375     0.995313         2489       213.33
     116.799     0.996094         2491       256.00
     117.631     0.996484         2493       284.44
     117.631     0.996875         2493       320.00
     117.951     0.997266         2494       365.71
     118.079     0.997656         2495       426.67
     118.783     0.998047         2496       512.00
     118.783     0.998242         2496       568.89
     120.831     0.998437         2497       640.00
     120.831     0.998633         2497       731.43
     125.375     0.998828         2498       853.33
     125.375     0.999023         2498      1024.00
     125.375     0.999121         2498      1137.78
     126.719     0.999219         2499      1280.00
     126.719     0.999316         2499      1462.86
     126.719     0.999414         2499      1706.67
     126.719     0.999512         2499      2048.00
     126.719     0.999561         2499      2275.56
     128.511     0.999609         2500      2560.00
     128.511     1.000000         2500          inf
#[Mean    =       42.515, StdDeviation   =        7.179]
#[Max     =      128.448, Total count    =         2500]
#[Buckets =           27, SubBuckets     =         2048]
-----------------------------------------------------------------------
  2995 requests in 1.00m, 0.89MB read
Requests/sec:     49.91  
Transfer/sec:     15.21KB
