Running 1m test @ http://10.110.188.59/?loopCount=25&base=6&exp=6
  5 threads and 5 connections

  Thread calibration: mean lat.: 365.152ms, rate sampling interval: 1272ms
  Thread calibration: mean lat.: 678.965ms, rate sampling interval: 1797ms
  Thread calibration: mean lat.: 233.350ms, rate sampling interval: 718ms
  Thread calibration: mean lat.: 309.935ms, rate sampling interval: 871ms
  Thread calibration: mean lat.: 766.589ms, rate sampling interval: 2189ms

-----------------------------------------------------------------------
Test Results @ http://10.110.188.59/?loopCount=25&base=6&exp=6 
  Thread Stats   Avg      Stdev     99%   +/- Stdev
    Latency    83.64ms   75.20ms 416.51ms   90.45%
    Req/Sec    14.52      1.12    18.00     94.39%
  Latency Distribution (HdrHistogram - Recorded Latency)
 50.000%   55.87ms
 75.000%   90.43ms
 90.000%  154.37ms
 99.000%  416.51ms
 99.900%  549.89ms
 99.990%  587.26ms
 99.999%  587.26ms
100.000%  587.26ms

  Detailed Percentile spectrum:
       Value   Percentile   TotalCount 1/(1-Percentile)

      21.503     0.000000            1         1.00
      40.319     0.100000          381         1.11
      40.927     0.200000          772         1.25
      41.567     0.300000         1131         1.43
      48.575     0.400000         1508         1.67
      55.871     0.500000         1886         2.00
      60.799     0.550000         2075         2.22
      67.391     0.600000         2262         2.50
      74.559     0.650000         2453         2.86
      82.303     0.700000         2640         3.33
      90.431     0.750000         2829         4.00
      97.471     0.775000         2922         4.44
     105.983     0.800000         3016         5.00
     116.863     0.825000         3111         5.71
     126.079     0.850000         3207         6.67
     139.903     0.875000         3300         8.00
     148.351     0.887500         3346         8.89
     154.367     0.900000         3393        10.00
     168.319     0.912500         3441        11.43
     181.375     0.925000         3488        13.33
     204.031     0.937500         3535        16.00
     213.887     0.943750         3558        17.78
     231.039     0.950000         3582        20.00
     248.063     0.956250         3606        22.86
     268.031     0.962500         3629        26.67
     299.775     0.968750         3653        32.00
     325.375     0.971875         3664        35.56
     351.999     0.975000         3676        40.00
     371.711     0.978125         3688        45.71
     383.743     0.981250         3700        53.33
     397.055     0.984375         3712        64.00
     404.735     0.985938         3717        71.11
     407.039     0.987500         3723        80.00
     414.463     0.989062         3729        91.43
     419.583     0.990625         3735       106.67
     431.615     0.992188         3741       128.00
     440.575     0.992969         3744       142.22
     449.023     0.993750         3747       160.00
     462.847     0.994531         3750       182.86
     479.999     0.995313         3753       213.33
     485.375     0.996094         3756       256.00
     496.639     0.996484         3757       284.44
     505.599     0.996875         3759       320.00
     522.239     0.997266         3760       365.71
     535.551     0.997656         3762       426.67
     547.839     0.998047         3763       512.00
     548.351     0.998242         3764       568.89
     548.863     0.998437         3765       640.00
     548.863     0.998633         3765       731.43
     549.887     0.998828         3766       853.33
     554.495     0.999023         3767      1024.00
     554.495     0.999121         3767      1137.78
     561.151     0.999219         3768      1280.00
     561.151     0.999316         3768      1462.86
     561.151     0.999414         3768      1706.67
     576.511     0.999512         3769      2048.00
     576.511     0.999561         3769      2275.56
     576.511     0.999609         3769      2560.00
     576.511     0.999658         3769      2925.71
     576.511     0.999707         3769      3413.33
     587.263     0.999756         3770      4096.00
     587.263     1.000000         3770          inf
#[Mean    =       83.645, StdDeviation   =       75.199]
#[Max     =      586.752, Total count    =         3770]
#[Buckets =           27, SubBuckets     =         2048]
-----------------------------------------------------------------------
  4495 requests in 1.00m, 1.34MB read
Requests/sec:     74.91  
Transfer/sec:     22.83KB
