Running 1m test @ http://10.108.10.66/?loopCount=25&base=6&exp=6
  1 threads and 1 connections

  Thread calibration: mean lat.: 2859.194ms, rate sampling interval: 10747ms

-----------------------------------------------------------------------
Test Results @ http://10.108.10.66/?loopCount=25&base=6&exp=6 
  Thread Stats   Avg      Stdev     99%   +/- Stdev
    Latency    21.63s     8.46s   35.98s    57.20%
    Req/Sec     9.50      1.12    11.00    100.00%
  Latency Distribution (HdrHistogram - Recorded Latency)
 50.000%   22.15s 
 75.000%   28.30s 
 90.000%   33.05s 
 99.000%   35.98s 
 99.900%   36.37s 
 99.990%   36.37s 
 99.999%   36.37s 
100.000%   36.37s 

  Detailed Percentile spectrum:
       Value   Percentile   TotalCount 1/(1-Percentile)

    6172.671     0.000000            1         1.00
    9682.943     0.100000           50         1.11
   13049.855     0.200000          100         1.25
   15499.263     0.300000          148         1.43
   19988.479     0.400000          198         1.67
   22151.167     0.500000          247         2.00
   23478.271     0.550000          272         2.22
   24346.623     0.600000          296         2.50
   25886.719     0.650000          321         2.86
   27181.055     0.700000          346         3.33
   28295.167     0.750000          370         4.00
   29392.895     0.775000          383         4.44
   30490.623     0.800000          396         5.00
   31113.215     0.825000          407         5.71
   32014.335     0.850000          421         6.67
   32423.935     0.875000          432         8.00
   32817.151     0.887500          438         8.89
   33046.527     0.900000          444        10.00
   33292.287     0.912500          450        11.43
   33685.503     0.925000          457        13.33
   34078.719     0.937500          463        16.00
   34275.327     0.943750          466        17.78
   34537.471     0.950000          470        20.00
   34668.543     0.956250          472        22.86
   34996.223     0.962500          475        26.67
   35389.439     0.968750          478        32.00
   35618.815     0.971875          480        35.56
   35684.351     0.975000          481        40.00
   35815.423     0.978125          483        45.71
   35880.959     0.981250          484        53.33
   35913.727     0.984375          486        64.00
   35946.495     0.985938          487        71.11
   35946.495     0.987500          487        80.00
   35979.263     0.989062          488        91.43
   36044.799     0.990625          489       106.67
   36110.335     0.992188          490       128.00
   36110.335     0.992969          490       142.22
   36110.335     0.993750          490       160.00
   36274.175     0.994531          491       182.86
   36274.175     0.995313          491       213.33
   36306.943     0.996094          492       256.00
   36306.943     0.996484          492       284.44
   36306.943     0.996875          492       320.00
   36306.943     0.997266          492       365.71
   36306.943     0.997656          492       426.67
   36372.479     0.998047          493       512.00
   36372.479     1.000000          493          inf
#[Mean    =    21633.730, StdDeviation   =     8459.079]
#[Max     =    36339.712, Total count    =          493]
#[Buckets =           27, SubBuckets     =         2048]
-----------------------------------------------------------------------
  590 requests in 1.00m, 180.02KB read
Requests/sec:      9.83  
Transfer/sec:      3.00KB
