Running 1m test @ http://10.110.211.94/?loopCount=25&base=6&exp=6
  1 threads and 1 connections

  Thread calibration: mean lat.: 222.996ms, rate sampling interval: 924ms

-----------------------------------------------------------------------
Test Results @ http://10.110.211.94/?loopCount=25&base=6&exp=6 
  Thread Stats   Avg      Stdev     99%   +/- Stdev
    Latency     3.19s     1.39s    5.60s    64.38%
    Req/Sec    21.74      1.76    24.00     98.15%
  Latency Distribution (HdrHistogram - Recorded Latency)
 50.000%    3.17s 
 75.000%    4.30s 
 90.000%    5.06s 
 99.000%    5.60s 
 99.900%    5.71s 
 99.990%    5.71s 
 99.999%    5.71s 
100.000%    5.71s 

  Detailed Percentile spectrum:
       Value   Percentile   TotalCount 1/(1-Percentile)

     634.879     0.000000            1         1.00
    1085.439     0.100000          113         1.11
    1945.599     0.200000          225         1.25
    2361.343     0.300000          341         1.43
    2848.767     0.400000          451         1.67
    3172.351     0.500000          562         2.00
    3508.223     0.550000          618         2.22
    3731.455     0.600000          684         2.50
    3913.727     0.650000          730         2.86
    4171.775     0.700000          789         3.33
    4296.703     0.750000          843         4.00
    4509.695     0.775000          872         4.44
    4521.983     0.800000          906         5.00
    4677.631     0.825000          928         5.71
    4878.335     0.850000          956         6.67
    4907.007     0.875000          983         8.00
    4947.967     0.887500          999         8.89
    5062.655     0.900000         1011        10.00
    5103.615     0.912500         1026        11.43
    5152.767     0.925000         1039        13.33
    5296.127     0.937500         1056        16.00
    5324.799     0.943750         1060        17.78
    5353.471     0.950000         1068        20.00
    5361.663     0.956250         1074        22.86
    5447.679     0.962500         1082        26.67
    5468.159     0.968750         1096        32.00
    5468.159     0.971875         1096        35.56
    5468.159     0.975000         1096        40.00
    5472.255     0.978125         1099        45.71
    5517.311     0.981250         1102        53.33
    5550.079     0.984375         1107        64.00
    5558.271     0.985938         1108        71.11
    5562.367     0.987500         1109        80.00
    5586.943     0.989062         1111        91.43
    5603.327     0.990625         1113       106.67
    5640.191     0.992188         1115       128.00
    5660.671     0.992969         1117       142.22
    5660.671     0.993750         1117       160.00
    5660.671     0.994531         1117       182.86
    5685.247     0.995313         1119       213.33
    5685.247     0.996094         1119       256.00
    5709.823     0.996484         1123       284.44
    5709.823     1.000000         1123          inf
#[Mean    =     3189.090, StdDeviation   =     1392.598]
#[Max     =     5705.728, Total count    =         1123]
#[Buckets =           27, SubBuckets     =         2048]
-----------------------------------------------------------------------
  1357 requests in 1.00m, 413.47KB read
Requests/sec:     22.61  
Transfer/sec:      6.89KB
