Running 1m test @ http://10.102.255.30/?loopCount=25&base=6&exp=6
  5 threads and 5 connections

  Thread calibration: mean lat.: 47.216ms, rate sampling interval: 101ms
  Thread calibration: mean lat.: 46.721ms, rate sampling interval: 113ms
  Thread calibration: mean lat.: 44.126ms, rate sampling interval: 93ms
  Thread calibration: mean lat.: 46.876ms, rate sampling interval: 108ms
  Thread calibration: mean lat.: 43.735ms, rate sampling interval: 98ms

-----------------------------------------------------------------------
Test Results @ http://10.102.255.30/?loopCount=25&base=6&exp=6 
  Thread Stats   Avg      Stdev     99%   +/- Stdev
    Latency    43.41ms    8.55ms  69.44ms   85.24%
    Req/Sec     9.52      2.79    19.00     90.91%
  Latency Distribution (HdrHistogram - Recorded Latency)
 50.000%   41.63ms
 75.000%   42.81ms
 90.000%   51.29ms
 99.000%   69.44ms
 99.900%  112.77ms
 99.990%  116.10ms
 99.999%  116.10ms
100.000%  116.10ms

  Detailed Percentile spectrum:
       Value   Percentile   TotalCount 1/(1-Percentile)

      21.887     0.000000            2         1.00
      38.463     0.100000          254         1.11
      40.671     0.200000          502         1.25
      41.023     0.300000          768         1.43
      41.343     0.400000         1024         1.67
      41.631     0.500000         1269         2.00
      41.791     0.550000         1379         2.22
      41.951     0.600000         1507         2.50
      42.143     0.650000         1635         2.86
      42.399     0.700000         1752         3.33
      42.815     0.750000         1879         4.00
      43.167     0.775000         1941         4.44
      44.031     0.800000         2000         5.00
      47.967     0.825000         2063         5.71
      49.023     0.850000         2126         6.67
      49.663     0.875000         2188         8.00
      50.175     0.887500         2221         8.89
      51.295     0.900000         2250        10.00
      52.863     0.912500         2283        11.43
      55.455     0.925000         2313        13.33
      57.439     0.937500         2344        16.00
      58.047     0.943750         2360        17.78
      58.879     0.950000         2376        20.00
      61.375     0.956250         2391        22.86
      65.311     0.962500         2407        26.67
      66.303     0.968750         2422        32.00
      66.879     0.971875         2433        35.56
      67.199     0.975000         2439        40.00
      67.583     0.978125         2446        45.71
      68.159     0.981250         2454        53.33
      68.415     0.984375         2461        64.00
      68.607     0.985938         2466        71.11
      68.863     0.987500         2469        80.00
      69.311     0.989062         2474        91.43
      70.143     0.990625         2477       106.67
      72.383     0.992188         2481       128.00
      73.599     0.992969         2483       142.22
      73.919     0.993750         2485       160.00
      77.695     0.994531         2487       182.86
      83.071     0.995313         2489       213.33
     106.239     0.996094         2491       256.00
     106.303     0.996484         2492       284.44
     109.183     0.996875         2493       320.00
     109.695     0.997266         2494       365.71
     110.335     0.997656         2495       426.67
     110.463     0.998047         2496       512.00
     110.463     0.998242         2496       568.89
     111.423     0.998437         2497       640.00
     111.423     0.998633         2497       731.43
     112.767     0.998828         2498       853.33
     112.767     0.999023         2498      1024.00
     112.767     0.999121         2498      1137.78
     113.663     0.999219         2499      1280.00
     113.663     0.999316         2499      1462.86
     113.663     0.999414         2499      1706.67
     113.663     0.999512         2499      2048.00
     113.663     0.999561         2499      2275.56
     116.095     0.999609         2500      2560.00
     116.095     1.000000         2500          inf
#[Mean    =       43.414, StdDeviation   =        8.548]
#[Max     =      116.032, Total count    =         2500]
#[Buckets =           27, SubBuckets     =         2048]
-----------------------------------------------------------------------
  2995 requests in 1.00m, 0.89MB read
Requests/sec:     49.91  
Transfer/sec:     15.21KB
