Running 1m test @ http://10.100.134.99/?loopCount=25&base=6&exp=6
  1 threads and 1 connections

  Thread calibration: mean lat.: 2261.949ms, rate sampling interval: 6758ms

-----------------------------------------------------------------------
Test Results @ http://10.100.134.99/?loopCount=25&base=6&exp=6 
  Thread Stats   Avg      Stdev     99%   +/- Stdev
    Latency    10.26s     3.54s   15.43s    58.68%
    Req/Sec    18.43      1.18    20.00    100.00%
  Latency Distribution (HdrHistogram - Recorded Latency)
 50.000%   10.99s 
 75.000%   13.26s 
 90.000%   14.50s 
 99.000%   15.43s 
 99.900%   15.46s 
 99.990%   15.52s 
 99.999%   15.52s 
100.000%   15.52s 

  Detailed Percentile spectrum:
       Value   Percentile   TotalCount 1/(1-Percentile)

    3596.287     0.000000            1         1.00
    4870.143     0.100000           99         1.11
    6344.703     0.200000          191         1.25
    8003.583     0.300000          286         1.43
    9551.871     0.400000          381         1.67
   10993.663     0.500000          477         2.00
   11476.991     0.550000          524         2.22
   12050.431     0.600000          572         2.50
   12427.263     0.650000          624         2.86
   12902.399     0.700000          666         3.33
   13287.423     0.750000          715         4.00
   13541.375     0.775000          739         4.44
   13672.447     0.800000          763         5.00
   13950.975     0.825000          785         5.71
   13983.743     0.850000          810         6.67
   14229.503     0.875000          834         8.00
   14450.687     0.887500          845         8.89
   14499.839     0.900000          861        10.00
   14745.599     0.912500          868        11.43
   14958.591     0.925000          880        13.33
   15032.319     0.937500          894        16.00
   15065.087     0.943750          898        17.78
   15147.007     0.950000          908        20.00
   15155.199     0.956250          911        22.86
   15204.351     0.962500          916        26.67
   15269.887     0.968750          923        32.00
   15302.655     0.971875          935        35.56
   15302.655     0.975000          935        40.00
   15302.655     0.978125          935        45.71
   15302.655     0.981250          935        53.33
   15351.807     0.984375          937        64.00
   15409.151     0.985938          939        71.11
   15433.727     0.987500          941        80.00
   15433.727     0.989062          941        91.43
   15441.919     0.990625          946       106.67
   15441.919     0.992188          946       128.00
   15441.919     0.992969          946       142.22
   15441.919     0.993750          946       160.00
   15441.919     0.994531          946       182.86
   15458.303     0.995313          950       213.33
   15458.303     0.996094          950       256.00
   15458.303     0.996484          950       284.44
   15458.303     0.996875          950       320.00
   15458.303     0.997266          950       365.71
   15458.303     0.997656          950       426.67
   15458.303     0.998047          950       512.00
   15458.303     0.998242          950       568.89
   15458.303     0.998437          950       640.00
   15458.303     0.998633          950       731.43
   15458.303     0.998828          950       853.33
   15515.647     0.999023          951      1024.00
   15515.647     1.000000          951          inf
#[Mean    =    10257.286, StdDeviation   =     3535.764]
#[Max     =    15507.456, Total count    =          951]
#[Buckets =           27, SubBuckets     =         2048]
-----------------------------------------------------------------------
  1112 requests in 1.00m, 338.85KB read
Requests/sec:     18.53  
Transfer/sec:      5.65KB
