Running 1m test @ http://10.111.175.232/?loopCount=25&base=6&exp=6
  5 threads and 5 connections

  Thread calibration: mean lat.: 51.922ms, rate sampling interval: 175ms
  Thread calibration: mean lat.: 49.480ms, rate sampling interval: 156ms
  Thread calibration: mean lat.: 53.575ms, rate sampling interval: 177ms
  Thread calibration: mean lat.: 47.206ms, rate sampling interval: 121ms
  Thread calibration: mean lat.: 51.307ms, rate sampling interval: 165ms

-----------------------------------------------------------------------
Test Results @ http://10.111.175.232/?loopCount=25&base=6&exp=6 
  Thread Stats   Avg      Stdev     99%   +/- Stdev
    Latency    46.35ms   15.98ms  99.39ms   83.64%
    Req/Sec     9.63      3.13    17.00     83.26%
  Latency Distribution (HdrHistogram - Recorded Latency)
 50.000%   41.66ms
 75.000%   42.85ms
 90.000%   80.38ms
 99.000%   99.39ms
 99.900%  128.51ms
 99.990%  147.84ms
 99.999%  147.84ms
100.000%  147.84ms

  Detailed Percentile spectrum:
       Value   Percentile   TotalCount 1/(1-Percentile)

      21.487     0.000000            1         1.00
      38.143     0.100000          251         1.11
      40.575     0.200000          503         1.25
      40.959     0.300000          768         1.43
      41.279     0.400000         1002         1.67
      41.663     0.500000         1274         2.00
      41.855     0.550000         1392         2.22
      42.047     0.600000         1500         2.50
      42.303     0.650000         1638         2.86
      42.495     0.700000         1752         3.33
      42.847     0.750000         1883         4.00
      43.071     0.775000         1948         4.44
      43.391     0.800000         2000         5.00
      44.255     0.825000         2064         5.71
      49.535     0.850000         2125         6.67
      61.119     0.875000         2188         8.00
      77.951     0.887500         2219         8.89
      80.383     0.900000         2250        10.00
      81.215     0.912500         2283        11.43
      81.599     0.925000         2317        13.33
      82.175     0.937500         2345        16.00
      82.879     0.943750         2360        17.78
      84.927     0.950000         2375        20.00
      86.655     0.956250         2391        22.86
      89.151     0.962500         2407        26.67
      90.815     0.968750         2422        32.00
      91.583     0.971875         2430        35.56
      92.991     0.975000         2438        40.00
      94.207     0.978125         2446        45.71
      95.743     0.981250         2454        53.33
      96.895     0.984375         2461        64.00
      97.791     0.985938         2465        71.11
      98.239     0.987500         2469        80.00
      99.263     0.989062         2474        91.43
      99.583     0.990625         2477       106.67
     101.439     0.992188         2481       128.00
     102.143     0.992969         2483       142.22
     104.703     0.993750         2485       160.00
     105.279     0.994531         2487       182.86
     107.071     0.995313         2489       213.33
     108.223     0.996094         2491       256.00
     108.735     0.996484         2492       284.44
     115.519     0.996875         2493       320.00
     122.367     0.997266         2494       365.71
     123.583     0.997656         2495       426.67
     125.183     0.998047         2496       512.00
     125.183     0.998242         2496       568.89
     126.399     0.998437         2497       640.00
     126.399     0.998633         2497       731.43
     128.511     0.998828         2498       853.33
     128.511     0.999023         2498      1024.00
     128.511     0.999121         2498      1137.78
     135.679     0.999219         2499      1280.00
     135.679     0.999316         2499      1462.86
     135.679     0.999414         2499      1706.67
     135.679     0.999512         2499      2048.00
     135.679     0.999561         2499      2275.56
     147.839     0.999609         2500      2560.00
     147.839     1.000000         2500          inf
#[Mean    =       46.353, StdDeviation   =       15.982]
#[Max     =      147.712, Total count    =         2500]
#[Buckets =           27, SubBuckets     =         2048]
-----------------------------------------------------------------------
  2995 requests in 1.00m, 0.89MB read
Requests/sec:     49.91  
Transfer/sec:     15.21KB
