Running 1m test @ http://10.106.106.124/?loopCount=25&base=6&exp=6
  5 threads and 5 connections

  Thread calibration: mean lat.: 377.303ms, rate sampling interval: 1458ms
  Thread calibration: mean lat.: 186.225ms, rate sampling interval: 559ms
  Thread calibration: mean lat.: 354.008ms, rate sampling interval: 1081ms
  Thread calibration: mean lat.: 591.753ms, rate sampling interval: 1638ms
  Thread calibration: mean lat.: 379.715ms, rate sampling interval: 1281ms

-----------------------------------------------------------------------
Test Results @ http://10.106.106.124/?loopCount=25&base=6&exp=6 
  Thread Stats   Avg      Stdev     99%   +/- Stdev
    Latency     1.60s     1.02s    4.24s    67.00%
    Req/Sec    13.89      2.39    19.00     87.39%
  Latency Distribution (HdrHistogram - Recorded Latency)
 50.000%    1.45s 
 75.000%    2.25s 
 90.000%    2.80s 
 99.000%    4.24s 
 99.900%    4.30s 
 99.990%    4.32s 
 99.999%    4.32s 
100.000%    4.32s 

  Detailed Percentile spectrum:
       Value   Percentile   TotalCount 1/(1-Percentile)

      39.711     0.000000            1         1.00
     382.975     0.100000          360         1.11
     622.079     0.200000          720         1.25
     943.615     0.300000         1080         1.43
    1163.263     0.400000         1441         1.67
    1449.983     0.500000         1802         2.00
    1548.287     0.550000         1981         2.22
    1715.199     0.600000         2160         2.50
    2009.087     0.650000         2340         2.86
    2166.783     0.700000         2520         3.33
    2246.655     0.750000         2700         4.00
    2320.383     0.775000         2791         4.44
    2379.775     0.800000         2881         5.00
    2482.175     0.825000         2970         5.71
    2600.959     0.850000         3060         6.67
    2670.591     0.875000         3151         8.00
    2748.415     0.887500         3196         8.89
    2803.711     0.900000         3241        10.00
    2893.823     0.912500         3285        11.43
    3053.567     0.925000         3330        13.33
    3835.903     0.937500         3378        16.00
    3883.007     0.943750         3398        17.78
    3938.303     0.950000         3424        20.00
    3969.023     0.956250         3444        22.86
    4009.983     0.962500         3465        26.67
    4048.895     0.968750         3488        32.00
    4083.711     0.971875         3499        35.56
    4104.191     0.975000         3512        40.00
    4126.719     0.978125         3522        45.71
    4163.583     0.981250         3533        53.33
    4202.495     0.984375         3545        64.00
    4206.591     0.985938         3550        71.11
    4218.879     0.987500         3556        80.00
    4231.167     0.989062         3562        91.43
    4239.359     0.990625         3567       106.67
    4243.455     0.992188         3572       128.00
    4251.647     0.992969         3575       142.22
    4255.743     0.993750         3578       160.00
    4263.935     0.994531         3582       182.86
    4268.031     0.995313         3585       213.33
    4272.127     0.996094         3590       256.00
    4272.127     0.996484         3590       284.44
    4272.127     0.996875         3590       320.00
    4276.223     0.997266         3592       365.71
    4276.223     0.997656         3592       426.67
    4280.319     0.998047         3594       512.00
    4280.319     0.998242         3594       568.89
    4288.511     0.998437         3595       640.00
    4296.703     0.998633         3597       731.43
    4296.703     0.998828         3597       853.33
    4296.703     0.999023         3597      1024.00
    4296.703     0.999121         3597      1137.78
    4300.799     0.999219         3599      1280.00
    4300.799     0.999316         3599      1462.86
    4300.799     0.999414         3599      1706.67
    4300.799     0.999512         3599      2048.00
    4300.799     0.999561         3599      2275.56
    4300.799     0.999609         3599      2560.00
    4300.799     0.999658         3599      2925.71
    4300.799     0.999707         3599      3413.33
    4317.183     0.999756         3600      4096.00
    4317.183     1.000000         3600          inf
#[Mean    =     1597.349, StdDeviation   =     1020.008]
#[Max     =     4313.088, Total count    =         3600]
#[Buckets =           27, SubBuckets     =         2048]
-----------------------------------------------------------------------
  4312 requests in 1.00m, 1.28MB read
Requests/sec:     71.86  
Transfer/sec:     21.91KB
