Running 1m test @ http://10.104.225.39/?loopCount=25&base=6&exp=6
  5 threads and 5 connections

  Thread calibration: mean lat.: 265.431ms, rate sampling interval: 878ms
  Thread calibration: mean lat.: 109.217ms, rate sampling interval: 485ms
  Thread calibration: mean lat.: 118.684ms, rate sampling interval: 474ms
  Thread calibration: mean lat.: 197.160ms, rate sampling interval: 784ms
  Thread calibration: mean lat.: 185.398ms, rate sampling interval: 677ms

-----------------------------------------------------------------------
Test Results @ http://10.104.225.39/?loopCount=25&base=6&exp=6 
  Thread Stats   Avg      Stdev     99%   +/- Stdev
    Latency    84.56ms   52.12ms 268.03ms   84.47%
    Req/Sec    14.40      1.67    18.00     92.00%
  Latency Distribution (HdrHistogram - Recorded Latency)
 50.000%   68.99ms
 75.000%  106.43ms
 90.000%  156.03ms
 99.000%  268.03ms
 99.900%  362.24ms
 99.990%  408.83ms
 99.999%  408.83ms
100.000%  408.83ms

  Detailed Percentile spectrum:
       Value   Percentile   TotalCount 1/(1-Percentile)

      21.759     0.000000            1         1.00
      40.543     0.100000          376         1.11
      41.535     0.200000          754         1.25
      47.135     0.300000         1123         1.43
      57.727     0.400000         1497         1.67
      68.991     0.500000         1871         2.00
      74.623     0.550000         2059         2.22
      81.727     0.600000         2246         2.50
      89.471     0.650000         2438         2.86
      96.255     0.700000         2620         3.33
     106.431     0.750000         2811         4.00
     110.847     0.775000         2901         4.44
     117.439     0.800000         2994         5.00
     124.031     0.825000         3088         5.71
     130.687     0.850000         3183         6.67
     141.951     0.875000         3275         8.00
     149.119     0.887500         3324         8.89
     156.031     0.900000         3370        10.00
     162.815     0.912500         3416        11.43
     169.727     0.925000         3462        13.33
     179.839     0.937500         3509        16.00
     185.087     0.943750         3532        17.78
     191.359     0.950000         3555        20.00
     198.527     0.956250         3579        22.86
     207.615     0.962500         3602        26.67
     216.959     0.968750         3626        32.00
     221.567     0.971875         3637        35.56
     224.383     0.975000         3649        40.00
     234.495     0.978125         3661        45.71
     241.535     0.981250         3672        53.33
     245.887     0.984375         3684        64.00
     252.031     0.985938         3690        71.11
     255.615     0.987500         3696        80.00
     262.655     0.989062         3702        91.43
     269.567     0.990625         3707       106.67
     278.527     0.992188         3713       128.00
     287.487     0.992969         3716       142.22
     291.583     0.993750         3719       160.00
     294.399     0.994531         3722       182.86
     297.983     0.995313         3725       213.33
     306.431     0.996094         3728       256.00
     306.943     0.996484         3729       284.44
     318.975     0.996875         3731       320.00
     319.231     0.997266         3732       365.71
     319.999     0.997656         3735       426.67
     319.999     0.998047         3735       512.00
     332.799     0.998242         3736       568.89
     339.455     0.998437         3737       640.00
     339.455     0.998633         3737       731.43
     362.239     0.998828         3738       853.33
     377.855     0.999023         3739      1024.00
     377.855     0.999121         3739      1137.78
     384.767     0.999219         3740      1280.00
     384.767     0.999316         3740      1462.86
     384.767     0.999414         3740      1706.67
     389.119     0.999512         3741      2048.00
     389.119     0.999561         3741      2275.56
     389.119     0.999609         3741      2560.00
     389.119     0.999658         3741      2925.71
     389.119     0.999707         3741      3413.33
     408.831     0.999756         3742      4096.00
     408.831     1.000000         3742          inf
#[Mean    =       84.560, StdDeviation   =       52.117]
#[Max     =      408.576, Total count    =         3742]
#[Buckets =           27, SubBuckets     =         2048]
-----------------------------------------------------------------------
  4487 requests in 1.00m, 1.34MB read
Requests/sec:     74.78  
Transfer/sec:     22.79KB
